layer at (0,0) size 800x600
  RenderView at (0,0) size 800x600
layer at (0,0) size 800x600
  RenderBlock {HTML} at (0,0) size 800x600
    RenderBody {BODY} at (8,8) size 784x584 [bgcolor=#CCCCCC]
      RenderBlock {P} at (0,0) size 784x17
        RenderText {#text} at (0,0) size 452x17
          text run at (0,0) width 452: "The style declarations which apply to the text below are:"
      RenderBlock {PRE} at (0,33) size 784x68
        RenderText {#text} at (0,0) size 176x68
          text run at (0,0) width 160: ".one {color: green;}"
          text run at (160,0) width 0: " "
          text run at (0,17) width 128: ".1 {color: red;}"
          text run at (128,17) width 0: " "
          text run at (0,34) width 152: ".a1 {color: green;}"
          text run at (152,34) width 0: " "
          text run at (0,51) width 176: "P.two {color: purple;}"
          text run at (176,51) width 0: " "
      RenderBlock {HR} at (0,114) size 784x2 [border: (1px inset #000000)]
      RenderBlock {P} at (0,132) size 784x17 [color=#008000]
        RenderText {#text} at (0,0) size 250x17
          text run at (0,0) width 250: "This sentence should be green."
      RenderBlock {P} at (0,165) size 784x17
        RenderText {#text} at (0,0) size 705x17
          text run at (0,0) width 705: "This sentence should be black, not red-- class selectors cannot begin with digits in CSS1."
      RenderBlock {P} at (0,198) size 784x17 [color=#008000]
        RenderText {#text} at (0,0) size 250x17
          text run at (0,0) width 250: "This sentence should be green."
      RenderBlock {P} at (0,231) size 784x17 [color=#800080]
        RenderText {#text} at (0,0) size 254x17
          text run at (0,0) width 254: "This sentence should be purple."
      RenderBlock {PRE} at (0,264) size 784x17
        RenderText {#text} at (0,0) size 280x17
          text run at (0,0) width 280: "This sentence should NOT be purple."
          text run at (280,0) width 0: " "
      RenderBlock {UL} at (0,297) size 784x17
        RenderListItem {LI} at (40,0) size 744x17
          RenderListMarker at (-16,0) size 6x17: bullet
          RenderText {#text} at (0,0) size 294x17
            text run at (0,0) width 294: "This sentence should NOT be purple."
      RenderTable {TABLE} at (0,330) size 728x233 [border: (1px outset #808080)]
        RenderTableSection {TBODY} at (1,1) size 726x231
          RenderTableRow {TR} at (0,0) size 726x25
            RenderTableCell {TD} at (0,0) size 726x25 [bgcolor=#C0C0C0] [border: (1px inset #808080)] [r=0 c=0 rs=1 cs=2]
              RenderInline {STRONG} at (0,0) size 200x17
                RenderText {#text} at (4,4) size 200x17
                  text run at (4,4) width 200: "TABLE Testing Section"
          RenderTableRow {TR} at (0,25) size 726x206
            RenderTableCell {TD} at (0,115) size 13x25 [bgcolor=#C0C0C0] [border: (1px inset #808080)] [r=1 c=0 rs=1 cs=1]
              RenderText {#text} at (4,4) size 5x17
                text run at (4,4) width 5: " "
            RenderTableCell {TD} at (13,25) size 713x206 [border: (1px inset #808080)] [r=1 c=1 rs=1 cs=1]
              RenderBlock {P} at (4,4) size 705x17 [color=#008000]
                RenderText {#text} at (0,0) size 250x17
                  text run at (0,0) width 250: "This sentence should be green."
              RenderBlock {P} at (4,37) size 705x17
                RenderText {#text} at (0,0) size 705x17
                  text run at (0,0) width 705: "This sentence should be black, not red-- class selectors cannot begin with digits in CSS1."
              RenderBlock {P} at (4,70) size 705x17 [color=#008000]
                RenderText {#text} at (0,0) size 250x17
                  text run at (0,0) width 250: "This sentence should be green."
              RenderBlock {P} at (4,103) size 705x17 [color=#800080]
                RenderText {#text} at (0,0) size 254x17
                  text run at (0,0) width 254: "This sentence should be purple."
              RenderBlock {PRE} at (4,136) size 705x17
                RenderText {#text} at (0,0) size 280x17
                  text run at (0,0) width 280: "This sentence should NOT be purple."
                  text run at (280,0) width 0: " "
              RenderBlock {UL} at (4,169) size 705x17
                RenderListItem {LI} at (40,0) size 665x17
                  RenderListMarker at (-16,0) size 6x17: bullet
                  RenderText {#text} at (0,0) size 294x17
                    text run at (0,0) width 294: "This sentence should NOT be purple."
