layer at (0,0) size 800x600
  RenderView at (0,0) size 800x600
layer at (0,0) size 800x341
  RenderBlock {HTML} at (0,0) size 800x341
    RenderBody {BODY} at (0,21) size 800x320
      RenderBlock {H1} at (0,0) size 800x99
        RenderText {#text} at (0,0) size 769x99
          text run at (0,0) width 221: "Test for DRT"
          text run at (0,33) width 769: "pauseAnimationAtTimeOnElementWithId()"
          text run at (0,66) width 60: "API"
layer at (150,141) size 200x200
  RenderBlock (relative positioned) {DIV} at (0,120) size 200x200 [bgcolor=#FF0000]
