layer at (0,0) size 800x600
  RenderView at (0,0) size 800x600
layer at (0,0) size 800x600
  RenderBlock {HTML} at (0,0) size 800x600
    RenderBody {BODY} at (8,8) size 784x584 [bgcolor=#FFFFFF]
      RenderTable {TABLE} at (0,0) size 49x152
        RenderTableSection {TBODY} at (0,0) size 49x152
          RenderTableRow {TR} at (0,2) size 49x23
            RenderTableCell {TD} at (2,2) size 45x23 [r=0 c=0 rs=1 cs=1]
              RenderText {#text} at (1,2) size 43x19
                text run at (1,2) width 43: "Row 0"
          RenderTableRow {TR} at (0,27) size 49x23
            RenderTableCell {TD} at (2,27) size 45x23 [r=1 c=0 rs=1 cs=1]
              RenderText {#text} at (1,2) size 43x19
                text run at (1,2) width 43: "Row 1"
          RenderTableRow {TR} at (0,52) size 49x23
            RenderTableCell {TD} at (2,52) size 45x23 [r=2 c=0 rs=1 cs=1]
              RenderText {#text} at (1,2) size 43x19
                text run at (1,2) width 43: "Row 2"
          RenderTableRow {TR} at (0,77) size 49x23
            RenderTableCell {TD} at (2,77) size 45x23 [r=3 c=0 rs=1 cs=1]
              RenderText {#text} at (1,2) size 43x19
                text run at (1,2) width 43: "Row 3"
          RenderTableRow {TR} at (0,102) size 49x23
            RenderTableCell {TD} at (2,102) size 45x23 [r=4 c=0 rs=1 cs=1]
              RenderText {#text} at (1,2) size 43x19
                text run at (1,2) width 43: "Row 4"
          RenderTableRow {TR} at (0,127) size 49x23
            RenderTableCell {TD} at (2,127) size 45x23 [r=5 c=0 rs=1 cs=1]
              RenderText {#text} at (1,2) size 43x19
                text run at (1,2) width 43: "Row 5"
      RenderBlock (anonymous) at (0,152) size 784x37
        RenderTextControl {INPUT} at (2,2) size 40x31 [bgcolor=#FFFFFF] [border: (2px inset #000000)]
        RenderText {#text} at (46,8) size 4x19
          text run at (46,8) width 4: " "
        RenderTextControl {INPUT} at (52,2) size 40x31 [bgcolor=#FFFFFF] [border: (2px inset #000000)]
        RenderText {#text} at (96,8) size 4x19
          text run at (96,8) width 4: " "
        RenderButton {INPUT} at (102,2) size 32x31 [bgcolor=#C0C0C0] [border: (2px outset #C0C0C0)]
          RenderBlock (anonymous) at (8,5) size 16x21
            RenderText at (0,1) size 16x19
              text run at (0,1) width 16: "go"
        RenderText {#text} at (0,0) size 0x0
layer at (13,167) size 34x21
  RenderBlock {DIV} at (3,5) size 34x21
    RenderText {#text} at (1,1) size 8x19
      text run at (1,1) width 8: "2"
layer at (63,167) size 34x21
  RenderBlock {DIV} at (3,5) size 34x21
    RenderText {#text} at (1,1) size 8x19
      text run at (1,1) width 8: "4"
