layer at (0,0) size 800x911
  RenderView at (0,0) size 800x600
layer at (0,0) size 800x911
  RenderBlock {HTML} at (0,0) size 800x911
    RenderBody {BODY} at (8,8) size 784x895
      RenderBlock (anonymous) at (0,0) size 784x21
        RenderText {#text} at (0,1) size 4x19
          text run at (0,1) width 4: " "
      RenderTable {TABLE} at (0,21) size 784x811 [bgcolor=#FFFFCC] [border: (1px outset #808080)]
        RenderTableSection {TBODY} at (1,1) size 782x809
          RenderTableRow {TR} at (0,2) size 782x25
            RenderTableCell {TD} at (2,2) size 628x25 [border: (1px inset #808080)] [r=0 c=0 rs=1 cs=1]
              RenderText {#text} at (2,3) size 53x19
                text run at (2,3) width 53: "Cell one"
            RenderTableCell {TD} at (632,2) size 73x25 [border: (1px inset #808080)] [r=0 c=1 rs=1 cs=1]
              RenderText {#text} at (2,3) size 34x19
                text run at (2,3) width 34: "Cell2"
            RenderTableCell {TD} at (707,2) size 73x25 [border: (1px inset #808080)] [r=0 c=2 rs=1 cs=1]
              RenderText {#text} at (2,3) size 38x19
                text run at (2,3) width 38: "Cell 3"
          RenderTableRow {TR} at (0,29) size 782x25
            RenderTableCell {TD} at (2,29) size 628x25 [border: (1px inset #808080)] [r=1 c=0 rs=1 cs=1]
              RenderText {#text} at (2,3) size 38x19
                text run at (2,3) width 38: "Cell 4"
            RenderTableCell {TD} at (632,29) size 73x25 [border: (1px inset #808080)] [r=1 c=1 rs=1 cs=1]
              RenderText {#text} at (2,3) size 38x19
                text run at (2,3) width 38: "Cell 5"
            RenderTableCell {TD} at (707,29) size 73x25 [border: (1px inset #808080)] [r=1 c=2 rs=1 cs=1]
              RenderText {#text} at (2,3) size 38x19
                text run at (2,3) width 38: "Cell 6"
          RenderTableRow {TR} at (0,56) size 782x751
            RenderTableCell {TD} at (2,56) size 628x751 [border: (1px inset #808080)] [r=2 c=0 rs=1 cs=1]
              RenderTable {TABLE} at (2,2) size 624x726 [bgcolor=#DDDDDD] [border: (1px outset #808080)]
                RenderTableSection {TBODY} at (1,1) size 622x724
                  RenderTableRow {TR} at (0,2) size 622x25
                    RenderTableCell {TD} at (2,2) size 21x25 [border: (1px inset #808080)] [r=0 c=0 rs=1 cs=1]
                      RenderText {#text} at (2,3) size 8x19
                        text run at (2,3) width 8: "1"
                    RenderTableCell {TD} at (25,2) size 571x25 [border: (1px inset #808080)] [r=0 c=1 rs=1 cs=1]
                      RenderText {#text} at (2,3) size 8x19
                        text run at (2,3) width 8: "2"
                    RenderTableCell {TD} at (598,2) size 22x25 [border: (1px inset #808080)] [r=0 c=2 rs=1 cs=1]
                      RenderText {#text} at (2,3) size 8x19
                        text run at (2,3) width 8: "3"
                  RenderTableRow {TR} at (0,29) size 622x666
                    RenderTableCell {TD} at (2,349) size 21x25 [border: (1px inset #808080)] [r=1 c=0 rs=1 cs=1]
                      RenderText {#text} at (2,3) size 8x19
                        text run at (2,3) width 8: "4"
                    RenderTableCell {TD} at (25,29) size 571x666 [border: (1px inset #808080)] [r=1 c=1 rs=1 cs=1]
                      RenderTable {TABLE} at (2,2) size 567x641 [bgcolor=#66FFFF] [border: (1px outset #808080)]
                        RenderTableSection {TBODY} at (1,1) size 565x639
                          RenderTableRow {TR} at (0,2) size 565x581
                            RenderTableCell {TD} at (2,280) size 21x25 [border: (1px inset #808080)] [r=0 c=0 rs=1 cs=1]
                              RenderText {#text} at (2,3) size 8x19
                                text run at (2,3) width 8: "1"
                            RenderTableCell {TD} at (25,2) size 514x581 [border: (1px inset #808080)] [r=0 c=1 rs=1 cs=1]
                              RenderTable {TABLE} at (2,2) size 510x556 [bgcolor=#FF0000] [border: (1px outset #808080)]
                                RenderTableSection {TBODY} at (1,1) size 508x554
                                  RenderTableRow {TR} at (0,2) size 508x25
                                    RenderTableCell {TD} at (2,2) size 22x25 [border: (1px inset #808080)] [r=0 c=0 rs=1 cs=1]
                                      RenderText {#text} at (2,3) size 8x19
                                        text run at (2,3) width 8: "1"
                                    RenderTableCell {TD} at (26,2) size 23x25 [border: (1px inset #808080)] [r=0 c=1 rs=1 cs=1]
                                      RenderText {#text} at (2,3) size 8x19
                                        text run at (2,3) width 8: "2"
                                    RenderTableCell {TD} at (51,2) size 406x25 [border: (1px inset #808080)] [r=0 c=2 rs=1 cs=1]
                                      RenderText {#text} at (2,3) size 8x19
                                        text run at (2,3) width 8: "3"
                                    RenderTableCell {TD} at (459,2) size 22x25 [border: (1px inset #808080)] [r=0 c=3 rs=1 cs=1]
                                      RenderText {#text} at (2,3) size 8x19
                                        text run at (2,3) width 8: "4"
                                    RenderTableCell {TD} at (483,2) size 23x25 [border: (1px inset #808080)] [r=0 c=4 rs=1 cs=1]
                                      RenderText {#text} at (2,3) size 8x19
                                        text run at (2,3) width 8: "5"
                                  RenderTableRow {TR} at (0,29) size 508x442
                                    RenderTableCell {TD} at (2,237) size 22x25 [border: (1px inset #808080)] [r=1 c=0 rs=1 cs=1]
                                      RenderText {#text} at (2,3) size 8x19
                                        text run at (2,3) width 8: "6"
                                    RenderTableCell {TD} at (26,237) size 23x25 [border: (1px inset #808080)] [r=1 c=1 rs=1 cs=1]
                                      RenderText {#text} at (2,3) size 8x19
                                        text run at (2,3) width 8: "7"
                                    RenderTableCell {TD} at (51,29) size 406x442 [border: (1px inset #808080)] [r=1 c=2 rs=1 cs=1]
                                      RenderTable {TABLE} at (2,2) size 402x417 [bgcolor=#66FF99] [border: (1px outset #808080)]
                                        RenderTableSection {TBODY} at (1,1) size 400x415
                                          RenderTableRow {TR} at (0,2) size 400x25
                                            RenderTableCell {TD} at (2,2) size 24x25 [border: (1px inset #808080)] [r=0 c=0 rs=1 cs=1]
                                              RenderText {#text} at (2,3) size 7x19
                                                text run at (2,3) width 7: "a"
                                            RenderTableCell {TD} at (28,2) size 25x25 [border: (1px inset #808080)] [r=0 c=1 rs=1 cs=1]
                                              RenderText {#text} at (2,3) size 9x19
                                                text run at (2,3) width 9: "b"
                                            RenderTableCell {TD} at (55,2) size 292x25 [border: (1px inset #808080)] [r=0 c=2 rs=1 cs=1]
                                              RenderText {#text} at (2,3) size 7x19
                                                text run at (2,3) width 7: "c"
                                            RenderTableCell {TD} at (349,2) size 23x25 [border: (1px inset #808080)] [r=0 c=3 rs=1 cs=1]
                                              RenderText {#text} at (2,3) size 8x19
                                                text run at (2,3) width 8: "d"
                                            RenderTableCell {TD} at (374,2) size 24x25 [border: (1px inset #808080)] [r=0 c=4 rs=1 cs=1]
                                              RenderText {#text} at (2,3) size 7x19
                                                text run at (2,3) width 7: "e"
                                          RenderTableRow {TR} at (0,29) size 400x25
                                            RenderTableCell {TD} at (2,29) size 24x25 [border: (1px inset #808080)] [r=1 c=0 rs=1 cs=1]
                                              RenderText {#text} at (2,3) size 5x19
                                                text run at (2,3) width 5: "f"
                                            RenderTableCell {TD} at (28,29) size 25x25 [border: (1px inset #808080)] [r=1 c=1 rs=1 cs=1]
                                              RenderText {#text} at (2,3) size 8x19
                                                text run at (2,3) width 8: "g"
                                            RenderTableCell {TD} at (55,29) size 292x25 [border: (1px inset #808080)] [r=1 c=2 rs=1 cs=1]
                                              RenderText {#text} at (2,3) size 8x19
                                                text run at (2,3) width 8: "h"
                                            RenderTableCell {TD} at (349,29) size 23x25 [border: (1px inset #808080)] [r=1 c=3 rs=1 cs=1]
                                              RenderText {#text} at (2,3) size 4x19
                                                text run at (2,3) width 4: "i"
                                            RenderTableCell {TD} at (374,29) size 24x25 [border: (1px inset #808080)] [r=1 c=4 rs=1 cs=1]
                                              RenderText {#text} at (2,3) size 6x19
                                                text run at (2,3) width 6: "j"
                                          RenderTableRow {TR} at (0,56) size 400x303
                                            RenderTableCell {TD} at (2,195) size 24x25 [border: (1px inset #808080)] [r=2 c=0 rs=1 cs=1]
                                              RenderText {#text} at (2,3) size 8x19
                                                text run at (2,3) width 8: "k"
                                            RenderTableCell {TD} at (28,195) size 25x25 [border: (1px inset #808080)] [r=2 c=1 rs=1 cs=1]
                                              RenderText {#text} at (2,3) size 4x19
                                                text run at (2,3) width 4: "l"
                                            RenderTableCell {TD} at (55,56) size 292x303 [border: (1px inset #808080)] [r=2 c=2 rs=1 cs=1]
                                              RenderTable {TABLE} at (2,2) size 288x278 [bgcolor=#FF99FF] [border: (1px outset #808080)]
                                                RenderTableSection {TBODY} at (1,1) size 286x276
                                                  RenderTableRow {TR} at (0,2) size 286x25
                                                    RenderTableCell {TD} at (2,2) size 26x25 [border: (1px inset #808080)] [r=0 c=0 rs=1 cs=1]
                                                      RenderText {#text} at (2,3) size 7x19
                                                        text run at (2,3) width 7: "a"
                                                    RenderTableCell {TD} at (30,2) size 26x25 [border: (1px inset #808080)] [r=0 c=1 rs=1 cs=1]
                                                      RenderText {#text} at (2,3) size 9x19
                                                        text run at (2,3) width 9: "b"
                                                    RenderTableCell {TD} at (58,2) size 172x25 [border: (1px inset #808080)] [r=0 c=2 rs=1 cs=1]
                                                      RenderText {#text} at (2,3) size 7x19
                                                        text run at (2,3) width 7: "c"
                                                    RenderTableCell {TD} at (232,2) size 25x25 [border: (1px inset #808080)] [r=0 c=3 rs=1 cs=1]
                                                      RenderText {#text} at (2,3) size 8x19
                                                        text run at (2,3) width 8: "d"
                                                    RenderTableCell {TD} at (259,2) size 25x25 [border: (1px inset #808080)] [r=0 c=4 rs=1 cs=1]
                                                      RenderText {#text} at (2,3) size 7x19
                                                        text run at (2,3) width 7: "e"
                                                  RenderTableRow {TR} at (0,29) size 286x25
                                                    RenderTableCell {TD} at (2,29) size 26x25 [border: (1px inset #808080)] [r=1 c=0 rs=1 cs=1]
                                                      RenderText {#text} at (2,3) size 5x19
                                                        text run at (2,3) width 5: "f"
                                                    RenderTableCell {TD} at (30,29) size 26x25 [border: (1px inset #808080)] [r=1 c=1 rs=1 cs=1]
                                                      RenderText {#text} at (2,3) size 8x19
                                                        text run at (2,3) width 8: "g"
                                                    RenderTableCell {TD} at (58,29) size 172x25 [border: (1px inset #808080)] [r=1 c=2 rs=1 cs=1]
                                                      RenderText {#text} at (2,3) size 8x19
                                                        text run at (2,3) width 8: "h"
                                                    RenderTableCell {TD} at (232,29) size 25x25 [border: (1px inset #808080)] [r=1 c=3 rs=1 cs=1]
                                                      RenderText {#text} at (2,3) size 4x19
                                                        text run at (2,3) width 4: "i"
                                                    RenderTableCell {TD} at (259,29) size 25x25 [border: (1px inset #808080)] [r=1 c=4 rs=1 cs=1]
                                                      RenderText {#text} at (2,3) size 6x19
                                                        text run at (2,3) width 6: "j"
                                                  RenderTableRow {TR} at (0,56) size 286x164
                                                    RenderTableCell {TD} at (2,125) size 26x25 [border: (1px inset #808080)] [r=2 c=0 rs=1 cs=1]
                                                      RenderText {#text} at (2,3) size 8x19
                                                        text run at (2,3) width 8: "k"
                                                    RenderTableCell {TD} at (30,125) size 26x25 [border: (1px inset #808080)] [r=2 c=1 rs=1 cs=1]
                                                      RenderText {#text} at (2,3) size 4x19
                                                        text run at (2,3) width 4: "l"
                                                    RenderTableCell {TD} at (58,56) size 172x164 [border: (1px inset #808080)] [r=2 c=2 rs=1 cs=1]
                                                      RenderTable {TABLE} at (2,2) size 168x139 [bgcolor=#FF9900] [border: (1px outset #808080)]
                                                        RenderTableSection {TBODY} at (1,1) size 166x137
                                                          RenderTableRow {TR} at (0,2) size 166x25
                                                            RenderTableCell {TD} at (2,2) size 30x25 [border: (1px inset #808080)] [r=0 c=0 rs=1 cs=1]
                                                              RenderText {#text} at (2,3) size 7x19
                                                                text run at (2,3) width 7: "a"
                                                            RenderTableCell {TD} at (34,2) size 30x25 [border: (1px inset #808080)] [r=0 c=1 rs=1 cs=1]
                                                              RenderText {#text} at (2,3) size 9x19
                                                                text run at (2,3) width 9: "b"
                                                            RenderTableCell {TD} at (66,2) size 37x25 [border: (1px inset #808080)] [r=0 c=2 rs=1 cs=1]
                                                              RenderText {#text} at (2,3) size 7x19
                                                                text run at (2,3) width 7: "c"
                                                            RenderTableCell {TD} at (105,2) size 28x25 [border: (1px inset #808080)] [r=0 c=3 rs=1 cs=1]
                                                              RenderText {#text} at (2,3) size 8x19
                                                                text run at (2,3) width 8: "d"
                                                            RenderTableCell {TD} at (135,2) size 29x25 [border: (1px inset #808080)] [r=0 c=4 rs=1 cs=1]
                                                              RenderText {#text} at (2,3) size 7x19
                                                                text run at (2,3) width 7: "e"
                                                          RenderTableRow {TR} at (0,29) size 166x25
                                                            RenderTableCell {TD} at (2,29) size 30x25 [border: (1px inset #808080)] [r=1 c=0 rs=1 cs=1]
                                                              RenderText {#text} at (2,3) size 5x19
                                                                text run at (2,3) width 5: "f"
                                                            RenderTableCell {TD} at (34,29) size 30x25 [border: (1px inset #808080)] [r=1 c=1 rs=1 cs=1]
                                                              RenderText {#text} at (2,3) size 8x19
                                                                text run at (2,3) width 8: "g"
                                                            RenderTableCell {TD} at (66,29) size 37x25 [border: (1px inset #808080)] [r=1 c=2 rs=1 cs=1]
                                                              RenderText {#text} at (2,3) size 8x19
                                                                text run at (2,3) width 8: "h"
                                                            RenderTableCell {TD} at (105,29) size 28x25 [border: (1px inset #808080)] [r=1 c=3 rs=1 cs=1]
                                                              RenderText {#text} at (2,3) size 4x19
                                                                text run at (2,3) width 4: "i"
                                                            RenderTableCell {TD} at (135,29) size 29x25 [border: (1px inset #808080)] [r=1 c=4 rs=1 cs=1]
                                                              RenderText {#text} at (2,3) size 6x19
                                                                text run at (2,3) width 6: "j"
                                                          RenderTableRow {TR} at (0,56) size 166x25
                                                            RenderTableCell {TD} at (2,56) size 30x25 [border: (1px inset #808080)] [r=2 c=0 rs=1 cs=1]
                                                              RenderText {#text} at (2,3) size 8x19
                                                                text run at (2,3) width 8: "k"
                                                            RenderTableCell {TD} at (34,56) size 30x25 [border: (1px inset #808080)] [r=2 c=1 rs=1 cs=1]
                                                              RenderText {#text} at (2,3) size 4x19
                                                                text run at (2,3) width 4: "l"
                                                            RenderTableCell {TD} at (66,56) size 37x25 [border: (1px inset #808080)] [r=2 c=2 rs=1 cs=1]
                                                              RenderText {#text} at (2,3) size 12x19
                                                                text run at (2,3) width 12: "m"
                                                            RenderTableCell {TD} at (105,56) size 28x25 [border: (1px inset #808080)] [r=2 c=3 rs=1 cs=1]
                                                              RenderText {#text} at (2,3) size 8x19
                                                                text run at (2,3) width 8: "n"
                                                            RenderTableCell {TD} at (135,56) size 29x25 [border: (1px inset #808080)] [r=2 c=4 rs=1 cs=1]
                                                              RenderText {#text} at (2,3) size 8x19
                                                                text run at (2,3) width 8: "o"
                                                          RenderTableRow {TR} at (0,83) size 166x25
                                                            RenderTableCell {TD} at (2,83) size 30x25 [border: (1px inset #808080)] [r=3 c=0 rs=1 cs=1]
                                                              RenderText {#text} at (2,3) size 9x19
                                                                text run at (2,3) width 9: "p"
                                                            RenderTableCell {TD} at (34,83) size 30x25 [border: (1px inset #808080)] [r=3 c=1 rs=1 cs=1]
                                                              RenderText {#text} at (2,3) size 8x19
                                                                text run at (2,3) width 8: "q"
                                                            RenderTableCell {TD} at (66,83) size 37x25 [border: (1px inset #808080)] [r=3 c=2 rs=1 cs=1]
                                                              RenderText {#text} at (2,3) size 5x19
                                                                text run at (2,3) width 5: "r"
                                                            RenderTableCell {TD} at (105,83) size 28x25 [border: (1px inset #808080)] [r=3 c=3 rs=1 cs=1]
                                                              RenderText {#text} at (2,3) size 6x19
                                                                text run at (2,3) width 6: "s"
                                                            RenderTableCell {TD} at (135,83) size 29x25 [border: (1px inset #808080)] [r=3 c=4 rs=1 cs=1]
                                                              RenderText {#text} at (2,3) size 4x19
                                                                text run at (2,3) width 4: "t"
                                                          RenderTableRow {TR} at (0,110) size 166x25
                                                            RenderTableCell {TD} at (2,110) size 30x25 [border: (1px inset #808080)] [r=4 c=0 rs=1 cs=1]
                                                              RenderText {#text} at (2,3) size 8x19
                                                                text run at (2,3) width 8: "u"
                                                            RenderTableCell {TD} at (34,110) size 30x25 [border: (1px inset #808080)] [r=4 c=1 rs=1 cs=1]
                                                              RenderText {#text} at (2,3) size 8x19
                                                                text run at (2,3) width 8: "v"
                                                            RenderTableCell {TD} at (66,110) size 37x25 [border: (1px inset #808080)] [r=4 c=2 rs=1 cs=1]
                                                              RenderText {#text} at (2,3) size 12x19
                                                                text run at (2,3) width 12: "w"
                                                            RenderTableCell {TD} at (105,110) size 28x25 [border: (1px inset #808080)] [r=4 c=3 rs=1 cs=1]
                                                              RenderText {#text} at (2,3) size 8x19
                                                                text run at (2,3) width 8: "x"
                                                            RenderTableCell {TD} at (135,110) size 29x25 [border: (1px inset #808080)] [r=4 c=4 rs=1 cs=1]
                                                              RenderText {#text} at (2,3) size 8x19
                                                                text run at (2,3) width 8: "y"
                                                      RenderBlock (anonymous) at (2,141) size 168x21
                                                        RenderText {#text} at (0,1) size 4x19
                                                          text run at (0,1) width 4: " "
                                                    RenderTableCell {TD} at (232,125) size 25x25 [border: (1px inset #808080)] [r=2 c=3 rs=1 cs=1]
                                                      RenderText {#text} at (2,3) size 8x19
                                                        text run at (2,3) width 8: "n"
                                                    RenderTableCell {TD} at (259,125) size 25x25 [border: (1px inset #808080)] [r=2 c=4 rs=1 cs=1]
                                                      RenderText {#text} at (2,3) size 8x19
                                                        text run at (2,3) width 8: "o"
                                                  RenderTableRow {TR} at (0,222) size 286x25
                                                    RenderTableCell {TD} at (2,222) size 26x25 [border: (1px inset #808080)] [r=3 c=0 rs=1 cs=1]
                                                      RenderText {#text} at (2,3) size 9x19
                                                        text run at (2,3) width 9: "p"
                                                    RenderTableCell {TD} at (30,222) size 26x25 [border: (1px inset #808080)] [r=3 c=1 rs=1 cs=1]
                                                      RenderText {#text} at (2,3) size 8x19
                                                        text run at (2,3) width 8: "q"
                                                    RenderTableCell {TD} at (58,222) size 172x25 [border: (1px inset #808080)] [r=3 c=2 rs=1 cs=1]
                                                      RenderText {#text} at (2,3) size 5x19
                                                        text run at (2,3) width 5: "r"
                                                    RenderTableCell {TD} at (232,222) size 25x25 [border: (1px inset #808080)] [r=3 c=3 rs=1 cs=1]
                                                      RenderText {#text} at (2,3) size 6x19
                                                        text run at (2,3) width 6: "s"
                                                    RenderTableCell {TD} at (259,222) size 25x25 [border: (1px inset #808080)] [r=3 c=4 rs=1 cs=1]
                                                      RenderText {#text} at (2,3) size 4x19
                                                        text run at (2,3) width 4: "t"
                                                  RenderTableRow {TR} at (0,249) size 286x25
                                                    RenderTableCell {TD} at (2,249) size 26x25 [border: (1px inset #808080)] [r=4 c=0 rs=1 cs=1]
                                                      RenderText {#text} at (2,3) size 8x19
                                                        text run at (2,3) width 8: "u"
                                                    RenderTableCell {TD} at (30,249) size 26x25 [border: (1px inset #808080)] [r=4 c=1 rs=1 cs=1]
                                                      RenderText {#text} at (2,3) size 8x19
                                                        text run at (2,3) width 8: "v"
                                                    RenderTableCell {TD} at (58,249) size 172x25 [border: (1px inset #808080)] [r=4 c=2 rs=1 cs=1]
                                                      RenderText {#text} at (2,3) size 12x19
                                                        text run at (2,3) width 12: "w"
                                                    RenderTableCell {TD} at (232,249) size 25x25 [border: (1px inset #808080)] [r=4 c=3 rs=1 cs=1]
                                                      RenderText {#text} at (2,3) size 8x19
                                                        text run at (2,3) width 8: "x"
                                                    RenderTableCell {TD} at (259,249) size 25x25 [border: (1px inset #808080)] [r=4 c=4 rs=1 cs=1]
                                                      RenderText {#text} at (2,3) size 8x19
                                                        text run at (2,3) width 8: "y"
                                              RenderBlock (anonymous) at (2,280) size 288x21
                                                RenderText {#text} at (0,1) size 4x19
                                                  text run at (0,1) width 4: " "
                                            RenderTableCell {TD} at (349,195) size 23x25 [border: (1px inset #808080)] [r=2 c=3 rs=1 cs=1]
                                              RenderText {#text} at (2,3) size 8x19
                                                text run at (2,3) width 8: "n"
                                            RenderTableCell {TD} at (374,195) size 24x25 [border: (1px inset #808080)] [r=2 c=4 rs=1 cs=1]
                                              RenderText {#text} at (2,3) size 8x19
                                                text run at (2,3) width 8: "o"
                                          RenderTableRow {TR} at (0,361) size 400x25
                                            RenderTableCell {TD} at (2,361) size 24x25 [border: (1px inset #808080)] [r=3 c=0 rs=1 cs=1]
                                              RenderText {#text} at (2,3) size 9x19
                                                text run at (2,3) width 9: "p"
                                            RenderTableCell {TD} at (28,361) size 25x25 [border: (1px inset #808080)] [r=3 c=1 rs=1 cs=1]
                                              RenderText {#text} at (2,3) size 8x19
                                                text run at (2,3) width 8: "q"
                                            RenderTableCell {TD} at (55,361) size 292x25 [border: (1px inset #808080)] [r=3 c=2 rs=1 cs=1]
                                              RenderText {#text} at (2,3) size 5x19
                                                text run at (2,3) width 5: "r"
                                            RenderTableCell {TD} at (349,361) size 23x25 [border: (1px inset #808080)] [r=3 c=3 rs=1 cs=1]
                                              RenderText {#text} at (2,3) size 6x19
                                                text run at (2,3) width 6: "s"
                                            RenderTableCell {TD} at (374,361) size 24x25 [border: (1px inset #808080)] [r=3 c=4 rs=1 cs=1]
                                              RenderText {#text} at (2,3) size 4x19
                                                text run at (2,3) width 4: "t"
                                          RenderTableRow {TR} at (0,388) size 400x25
                                            RenderTableCell {TD} at (2,388) size 24x25 [border: (1px inset #808080)] [r=4 c=0 rs=1 cs=1]
                                              RenderText {#text} at (2,3) size 8x19
                                                text run at (2,3) width 8: "u"
                                            RenderTableCell {TD} at (28,388) size 25x25 [border: (1px inset #808080)] [r=4 c=1 rs=1 cs=1]
                                              RenderText {#text} at (2,3) size 8x19
                                                text run at (2,3) width 8: "v"
                                            RenderTableCell {TD} at (55,388) size 292x25 [border: (1px inset #808080)] [r=4 c=2 rs=1 cs=1]
                                              RenderText {#text} at (2,3) size 12x19
                                                text run at (2,3) width 12: "w"
                                            RenderTableCell {TD} at (349,388) size 23x25 [border: (1px inset #808080)] [r=4 c=3 rs=1 cs=1]
                                              RenderText {#text} at (2,3) size 8x19
                                                text run at (2,3) width 8: "x"
                                            RenderTableCell {TD} at (374,388) size 24x25 [border: (1px inset #808080)] [r=4 c=4 rs=1 cs=1]
                                              RenderText {#text} at (2,3) size 8x19
                                                text run at (2,3) width 8: "y"
                                      RenderBlock (anonymous) at (2,419) size 402x21
                                        RenderText {#text} at (0,1) size 4x19
                                          text run at (0,1) width 4: " "
                                    RenderTableCell {TD} at (459,237) size 22x25 [border: (1px inset #808080)] [r=1 c=3 rs=1 cs=1]
                                      RenderText {#text} at (2,3) size 8x19
                                        text run at (2,3) width 8: "9"
                                    RenderTableCell {TD} at (483,237) size 23x25 [border: (1px inset #808080)] [r=1 c=4 rs=1 cs=1]
                                      RenderText {#text} at (2,3) size 8x19
                                        text run at (2,3) width 8: "0"
                                  RenderTableRow {TR} at (0,473) size 508x25
                                    RenderTableCell {TD} at (2,473) size 22x25 [border: (1px inset #808080)] [r=2 c=0 rs=1 cs=1]
                                      RenderText {#text} at (2,3) size 7x19
                                        text run at (2,3) width 7: "a"
                                    RenderTableCell {TD} at (26,473) size 23x25 [border: (1px inset #808080)] [r=2 c=1 rs=1 cs=1]
                                      RenderText {#text} at (2,3) size 9x19
                                        text run at (2,3) width 9: "b"
                                    RenderTableCell {TD} at (51,473) size 406x25 [border: (1px inset #808080)] [r=2 c=2 rs=1 cs=1]
                                      RenderText {#text} at (2,3) size 7x19
                                        text run at (2,3) width 7: "c"
                                    RenderTableCell {TD} at (459,473) size 22x25 [border: (1px inset #808080)] [r=2 c=3 rs=1 cs=1]
                                      RenderText {#text} at (2,3) size 8x19
                                        text run at (2,3) width 8: "d"
                                    RenderTableCell {TD} at (483,473) size 23x25 [border: (1px inset #808080)] [r=2 c=4 rs=1 cs=1]
                                      RenderText {#text} at (2,3) size 7x19
                                        text run at (2,3) width 7: "e"
                                  RenderTableRow {TR} at (0,500) size 508x25
                                    RenderTableCell {TD} at (2,500) size 22x25 [border: (1px inset #808080)] [r=3 c=0 rs=1 cs=1]
                                      RenderText {#text} at (2,3) size 5x19
                                        text run at (2,3) width 5: "f"
                                    RenderTableCell {TD} at (26,500) size 23x25 [border: (1px inset #808080)] [r=3 c=1 rs=1 cs=1]
                                      RenderText {#text} at (2,3) size 8x19
                                        text run at (2,3) width 8: "g"
                                    RenderTableCell {TD} at (51,500) size 406x25 [border: (1px inset #808080)] [r=3 c=2 rs=1 cs=1]
                                      RenderText {#text} at (2,3) size 8x19
                                        text run at (2,3) width 8: "h"
                                    RenderTableCell {TD} at (459,500) size 22x25 [border: (1px inset #808080)] [r=3 c=3 rs=1 cs=1]
                                      RenderText {#text} at (2,3) size 4x19
                                        text run at (2,3) width 4: "i"
                                    RenderTableCell {TD} at (483,500) size 23x25 [border: (1px inset #808080)] [r=3 c=4 rs=1 cs=1]
                                      RenderText {#text} at (2,3) size 6x19
                                        text run at (2,3) width 6: "j"
                                  RenderTableRow {TR} at (0,527) size 508x25
                                    RenderTableCell {TD} at (2,527) size 22x25 [border: (1px inset #808080)] [r=4 c=0 rs=1 cs=1]
                                      RenderText {#text} at (2,3) size 8x19
                                        text run at (2,3) width 8: "k"
                                    RenderTableCell {TD} at (26,527) size 23x25 [border: (1px inset #808080)] [r=4 c=1 rs=1 cs=1]
                                      RenderText {#text} at (2,3) size 4x19
                                        text run at (2,3) width 4: "l"
                                    RenderTableCell {TD} at (51,527) size 406x25 [border: (1px inset #808080)] [r=4 c=2 rs=1 cs=1]
                                      RenderText {#text} at (2,3) size 12x19
                                        text run at (2,3) width 12: "m"
                                    RenderTableCell {TD} at (459,527) size 22x25 [border: (1px inset #808080)] [r=4 c=3 rs=1 cs=1]
                                      RenderText {#text} at (2,3) size 8x19
                                        text run at (2,3) width 8: "n"
                                    RenderTableCell {TD} at (483,527) size 23x25 [border: (1px inset #808080)] [r=4 c=4 rs=1 cs=1]
                                      RenderText {#text} at (2,3) size 8x19
                                        text run at (2,3) width 8: "o"
                              RenderBlock (anonymous) at (2,558) size 510x21
                                RenderText {#text} at (0,1) size 4x19
                                  text run at (0,1) width 4: " "
                            RenderTableCell {TD} at (541,280) size 22x25 [border: (1px inset #808080)] [r=0 c=2 rs=1 cs=1]
                              RenderText {#text} at (2,3) size 8x19
                                text run at (2,3) width 8: "3"
                          RenderTableRow {TR} at (0,585) size 565x25
                            RenderTableCell {TD} at (2,585) size 21x25 [border: (1px inset #808080)] [r=1 c=0 rs=1 cs=1]
                              RenderText {#text} at (2,3) size 8x19
                                text run at (2,3) width 8: "4"
                            RenderTableCell {TD} at (25,585) size 514x25 [border: (1px inset #808080)] [r=1 c=1 rs=1 cs=1]
                              RenderText {#text} at (2,3) size 8x19
                                text run at (2,3) width 8: "5"
                            RenderTableCell {TD} at (541,585) size 22x25 [border: (1px inset #808080)] [r=1 c=2 rs=1 cs=1]
                              RenderText {#text} at (2,3) size 8x19
                                text run at (2,3) width 8: "6"
                          RenderTableRow {TR} at (0,612) size 565x25
                            RenderTableCell {TD} at (2,612) size 21x25 [border: (1px inset #808080)] [r=2 c=0 rs=1 cs=1]
                              RenderText {#text} at (2,3) size 8x19
                                text run at (2,3) width 8: "7"
                            RenderTableCell {TD} at (25,612) size 514x25 [border: (1px inset #808080)] [r=2 c=1 rs=1 cs=1]
                              RenderText {#text} at (2,3) size 8x19
                                text run at (2,3) width 8: "8"
                            RenderTableCell {TD} at (541,612) size 22x25 [border: (1px inset #808080)] [r=2 c=2 rs=1 cs=1]
                              RenderText {#text} at (2,3) size 8x19
                                text run at (2,3) width 8: "9"
                      RenderBlock (anonymous) at (2,643) size 567x21
                        RenderText {#text} at (0,1) size 4x19
                          text run at (0,1) width 4: " "
                    RenderTableCell {TD} at (598,349) size 22x25 [border: (1px inset #808080)] [r=1 c=2 rs=1 cs=1]
                      RenderText {#text} at (2,3) size 8x19
                        text run at (2,3) width 8: "6"
                  RenderTableRow {TR} at (0,697) size 622x25
                    RenderTableCell {TD} at (2,697) size 21x25 [border: (1px inset #808080)] [r=2 c=0 rs=1 cs=1]
                      RenderText {#text} at (2,3) size 8x19
                        text run at (2,3) width 8: "7"
                    RenderTableCell {TD} at (25,697) size 571x25 [border: (1px inset #808080)] [r=2 c=1 rs=1 cs=1]
                      RenderText {#text} at (2,3) size 8x19
                        text run at (2,3) width 8: "8"
                    RenderTableCell {TD} at (598,697) size 22x25 [border: (1px inset #808080)] [r=2 c=2 rs=1 cs=1]
                      RenderText {#text} at (2,3) size 8x19
                        text run at (2,3) width 8: "9"
              RenderBlock (anonymous) at (2,728) size 624x21
                RenderText {#text} at (0,1) size 4x19
                  text run at (0,1) width 4: " "
            RenderTableCell {TD} at (632,419) size 73x25 [border: (1px inset #808080)] [r=2 c=1 rs=1 cs=1]
              RenderText {#text} at (2,3) size 8x19
                text run at (2,3) width 8: "8"
            RenderTableCell {TD} at (707,419) size 73x25 [border: (1px inset #808080)] [r=2 c=2 rs=1 cs=1]
              RenderText {#text} at (2,3) size 8x19
                text run at (2,3) width 8: "9"
      RenderBlock (anonymous) at (0,832) size 784x42
        RenderText {#text} at (0,1) size 8x19
          text run at (0,1) width 8: "  "
        RenderBR {BR} at (8,16) size 0x0
        RenderText {#text} at (0,22) size 280x19
          text run at (0,22) width 280: "the following text should display on one line"
      RenderTable {TABLE} at (0,874) size 207x21
        RenderTableSection {TBODY} at (0,0) size 207x21
          RenderTableRow {TR} at (0,0) size 207x21
            RenderTableCell {TD} at (0,0) size 207x21 [bgcolor=#B70000] [r=0 c=0 rs=1 cs=1]
              RenderTable {TABLE} at (0,0) size 207x21
                RenderTableSection {TBODY} at (0,0) size 207x21
                  RenderTableRow {TR} at (0,0) size 207x21
                    RenderTableCell {TD} at (0,0) size 13x16 [r=0 c=0 rs=1 cs=1]
                      RenderImage {IMG} at (0,0) size 13x16
                    RenderTableCell {TD} at (13,0) size 190x21 [r=0 c=1 rs=1 cs=1]
                      RenderText {#text} at (0,1) size 162x19
                        text run at (0,1) width 162: "AlphaLinux Distributions"
                    RenderTableCell {TD} at (203,0) size 4x4 [r=0 c=2 rs=1 cs=1]
                      RenderImage {IMG} at (0,0) size 4x4
