layer at (0,0) size 800x1498
  RenderView at (0,0) size 800x600
layer at (0,0) size 800x1498
  RenderBlock {HTML} at (0,0) size 800x1498
    RenderBody {BODY} at (8,8) size 784x1482
      RenderBlock {H1} at (0,0) size 784x41
        RenderText {#text} at (0,2) size 390x36
          text run at (0,2) width 390: "Example 6: Table Stress Test"
      RenderBlock {PRE} at (0,62) size 784x15 [color=#FF0000]
        RenderText {#text} at (0,0) size 272x15
          text run at (0,0) width 272: "Resize document for maximum effect"
      RenderBlock (anonymous) at (0,90) size 784x21
        RenderBR {BR} at (0,1) size 0x19
      RenderBlock {H2} at (0,130) size 784x32
        RenderText {#text} at (0,2) size 501x28
          text run at (0,2) width 501: "Auto-width tables with spans nested 8 levels deep"
      RenderTable {TABLE} at (0,181) size 784x407 [bgcolor=#FF0000] [border: (1px outset #808080)]
        RenderTableSection {TBODY} at (1,1) size 782x405
          RenderTableRow {TR} at (0,2) size 782x25
            RenderTableCell {TD} at (2,2) size 30x25 [border: (1px inset #808080)] [r=0 c=0 rs=1 cs=1]
              RenderText {#text} at (2,3) size 26x19
                text run at (2,3) width 26: "Cell"
            RenderTableCell {TD} at (34,2) size 746x374 [border: (1px inset #808080)] [r=0 c=1 rs=2 cs=2]
              RenderTable {TABLE} at (2,2) size 742x370 [bgcolor=#ADD8E6] [border: (1px outset #808080)]
                RenderTableSection {TBODY} at (1,1) size 740x368
                  RenderTableRow {TR} at (0,2) size 740x25
                    RenderTableCell {TD} at (2,2) size 30x25 [border: (1px inset #808080)] [r=0 c=0 rs=1 cs=1]
                      RenderText {#text} at (2,3) size 26x19
                        text run at (2,3) width 26: "Cell"
                    RenderTableCell {TD} at (34,2) size 704x337 [border: (1px inset #808080)] [r=0 c=1 rs=2 cs=2]
                      RenderTable {TABLE} at (2,2) size 700x333 [bgcolor=#90EE90] [border: (1px outset #808080)]
                        RenderTableSection {TBODY} at (1,1) size 698x331
                          RenderTableRow {TR} at (0,2) size 698x25
                            RenderTableCell {TD} at (2,2) size 30x25 [border: (1px inset #808080)] [r=0 c=0 rs=1 cs=1]
                              RenderText {#text} at (2,3) size 26x19
                                text run at (2,3) width 26: "Cell"
                            RenderTableCell {TD} at (34,2) size 662x300 [border: (1px inset #808080)] [r=0 c=1 rs=2 cs=2]
                              RenderTable {TABLE} at (2,2) size 658x296 [border: (1px outset #808080)]
                                RenderTableSection {TBODY} at (1,1) size 656x294
                                  RenderTableRow {TR} at (0,2) size 656x25
                                    RenderTableCell {TD} at (2,2) size 30x25 [border: (1px inset #808080)] [r=0 c=0 rs=1 cs=1]
                                      RenderText {#text} at (2,3) size 26x19
                                        text run at (2,3) width 26: "Cell"
                                    RenderTableCell {TD} at (34,2) size 620x263 [border: (1px inset #808080)] [r=0 c=1 rs=2 cs=2]
                                      RenderTable {TABLE} at (2,2) size 616x259 [bgcolor=#FFA500] [border: (1px outset #808080)]
                                        RenderTableSection {TBODY} at (1,1) size 614x257
                                          RenderTableRow {TR} at (0,2) size 614x25
                                            RenderTableCell {TD} at (2,2) size 30x25 [border: (1px inset #808080)] [r=0 c=0 rs=1 cs=1]
                                              RenderText {#text} at (2,3) size 26x19
                                                text run at (2,3) width 26: "Cell"
                                            RenderTableCell {TD} at (34,2) size 578x226 [border: (1px inset #808080)] [r=0 c=1 rs=2 cs=2]
                                              RenderTable {TABLE} at (2,2) size 574x222 [bgcolor=#FF0000] [border: (1px outset #808080)]
                                                RenderTableSection {TBODY} at (1,1) size 572x220
                                                  RenderTableRow {TR} at (0,2) size 572x25
                                                    RenderTableCell {TD} at (2,2) size 30x25 [border: (1px inset #808080)] [r=0 c=0 rs=1 cs=1]
                                                      RenderText {#text} at (2,3) size 26x19
                                                        text run at (2,3) width 26: "Cell"
                                                    RenderTableCell {TD} at (34,2) size 536x168 [border: (1px inset #808080)] [r=0 c=1 rs=2 cs=2]
                                                      RenderTable {TABLE} at (2,2) size 532x164 [bgcolor=#ADD8E6] [border: (1px outset #808080)]
                                                        RenderTableSection {TBODY} at (1,1) size 530x162
                                                          RenderTableRow {TR} at (0,2) size 530x25
                                                            RenderTableCell {TD} at (2,2) size 30x25 [border: (1px inset #808080)] [r=0 c=0 rs=1 cs=1]
                                                              RenderText {#text} at (2,3) size 26x19
                                                                text run at (2,3) width 26: "Cell"
                                                            RenderTableCell {TD} at (34,2) size 494x110 [border: (1px inset #808080)] [r=0 c=1 rs=2 cs=2]
                                                              RenderTable {TABLE} at (2,2) size 490x106 [bgcolor=#90EE90] [border: (1px outset #808080)]
                                                                RenderTableSection {TBODY} at (1,1) size 488x104
                                                                  RenderTableRow {TR} at (0,2) size 488x25
                                                                    RenderTableCell {TD} at (2,2) size 30x25 [border: (1px inset #808080)] [r=0 c=0 rs=1 cs=1]
                                                                      RenderText {#text} at (2,3) size 26x19
                                                                        text run at (2,3) width 26: "Cell"
                                                                    RenderTableCell {TD} at (34,5) size 452x46 [border: (1px inset #808080)] [r=0 c=1 rs=2 cs=2]
                                                                      RenderText {#text} at (2,3) size 441x40
                                                                        text run at (2,3) width 394: "Cell, and stuff to test out table cell layout. This should be long "
                                                                        text run at (396,3) width 47: "enough"
                                                                        text run at (2,24) width 67: "for testing."
                                                                  RenderTableRow {TR} at (0,29) size 488x25
                                                                    RenderTableCell {TD} at (2,29) size 30x25 [border: (1px inset #808080)] [r=1 c=0 rs=1 cs=1]
                                                                      RenderText {#text} at (2,3) size 26x19
                                                                        text run at (2,3) width 26: "Cell"
                                                                  RenderTableRow {TR} at (0,56) size 488x46
                                                                    RenderTableCell {TD} at (2,66) size 30x25 [border: (1px inset #808080)] [r=2 c=0 rs=1 cs=1]
                                                                      RenderText {#text} at (2,3) size 26x19
                                                                        text run at (2,3) width 26: "Cell"
                                                                    RenderTableCell {TD} at (34,56) size 420x46 [border: (1px inset #808080)] [r=2 c=1 rs=1 cs=1]
                                                                      RenderText {#text} at (2,3) size 390x40
                                                                        text run at (2,3) width 390: "Cell, and stuff to test out table cell layout. This should be long"
                                                                        text run at (2,24) width 118: "enough for testing."
                                                                    RenderTableCell {TD} at (456,66) size 30x25 [border: (1px inset #808080)] [r=2 c=2 rs=1 cs=1]
                                                                      RenderText {#text} at (2,3) size 26x19
                                                                        text run at (2,3) width 26: "Cell"
                                                          RenderTableRow {TR} at (0,29) size 530x83
                                                            RenderTableCell {TD} at (2,58) size 30x25 [border: (1px inset #808080)] [r=1 c=0 rs=1 cs=1]
                                                              RenderText {#text} at (2,3) size 26x19
                                                                text run at (2,3) width 26: "Cell"
                                                          RenderTableRow {TR} at (0,114) size 530x46
                                                            RenderTableCell {TD} at (2,124) size 30x25 [border: (1px inset #808080)] [r=2 c=0 rs=1 cs=1]
                                                              RenderText {#text} at (2,3) size 26x19
                                                                text run at (2,3) width 26: "Cell"
                                                            RenderTableCell {TD} at (34,114) size 462x46 [border: (1px inset #808080)] [r=2 c=1 rs=1 cs=1]
                                                              RenderText {#text} at (2,3) size 441x40
                                                                text run at (2,3) width 394: "Cell, and stuff to test out table cell layout. This should be long "
                                                                text run at (396,3) width 47: "enough"
                                                                text run at (2,24) width 67: "for testing."
                                                            RenderTableCell {TD} at (498,124) size 30x25 [border: (1px inset #808080)] [r=2 c=2 rs=1 cs=1]
                                                              RenderText {#text} at (2,3) size 26x19
                                                                text run at (2,3) width 26: "Cell"
                                                  RenderTableRow {TR} at (0,29) size 572x141
                                                    RenderTableCell {TD} at (2,87) size 30x25 [border: (1px inset #808080)] [r=1 c=0 rs=1 cs=1]
                                                      RenderText {#text} at (2,3) size 26x19
                                                        text run at (2,3) width 26: "Cell"
                                                  RenderTableRow {TR} at (0,172) size 572x46
                                                    RenderTableCell {TD} at (2,182) size 30x25 [border: (1px inset #808080)] [r=2 c=0 rs=1 cs=1]
                                                      RenderText {#text} at (2,3) size 26x19
                                                        text run at (2,3) width 26: "Cell"
                                                    RenderTableCell {TD} at (34,172) size 504x46 [border: (1px inset #808080)] [r=2 c=1 rs=1 cs=1]
                                                      RenderText {#text} at (2,3) size 463x40
                                                        text run at (2,3) width 394: "Cell, and stuff to test out table cell layout. This should be long "
                                                        text run at (396,3) width 69: "enough for"
                                                        text run at (2,24) width 45: "testing."
                                                    RenderTableCell {TD} at (540,182) size 30x25 [border: (1px inset #808080)] [r=2 c=2 rs=1 cs=1]
                                                      RenderText {#text} at (2,3) size 26x19
                                                        text run at (2,3) width 26: "Cell"
                                          RenderTableRow {TR} at (0,29) size 614x199
                                            RenderTableCell {TD} at (2,116) size 30x25 [border: (1px inset #808080)] [r=1 c=0 rs=1 cs=1]
                                              RenderText {#text} at (2,3) size 26x19
                                                text run at (2,3) width 26: "Cell"
                                          RenderTableRow {TR} at (0,230) size 614x25
                                            RenderTableCell {TD} at (2,230) size 30x25 [border: (1px inset #808080)] [r=2 c=0 rs=1 cs=1]
                                              RenderText {#text} at (2,3) size 26x19
                                                text run at (2,3) width 26: "Cell"
                                            RenderTableCell {TD} at (34,230) size 544x25 [border: (1px inset #808080)] [r=2 c=1 rs=1 cs=1]
                                              RenderText {#text} at (2,3) size 512x19
                                                text run at (2,3) width 394: "Cell, and stuff to test out table cell layout. This should be long "
                                                text run at (396,3) width 118: "enough for testing."
                                            RenderTableCell {TD} at (580,230) size 32x25 [border: (1px inset #808080)] [r=2 c=2 rs=1 cs=1]
                                              RenderText {#text} at (2,3) size 26x19
                                                text run at (2,3) width 26: "Cell"
                                  RenderTableRow {TR} at (0,29) size 656x236
                                    RenderTableCell {TD} at (2,134) size 30x25 [border: (1px inset #808080)] [r=1 c=0 rs=1 cs=1]
                                      RenderText {#text} at (2,3) size 26x19
                                        text run at (2,3) width 26: "Cell"
                                  RenderTableRow {TR} at (0,267) size 656x25
                                    RenderTableCell {TD} at (2,267) size 30x25 [border: (1px inset #808080)] [r=2 c=0 rs=1 cs=1]
                                      RenderText {#text} at (2,3) size 26x19
                                        text run at (2,3) width 26: "Cell"
                                    RenderTableCell {TD} at (34,267) size 583x25 [border: (1px inset #808080)] [r=2 c=1 rs=1 cs=1]
                                      RenderText {#text} at (2,3) size 512x19
                                        text run at (2,3) width 394: "Cell, and stuff to test out table cell layout. This should be long "
                                        text run at (396,3) width 118: "enough for testing."
                                    RenderTableCell {TD} at (619,267) size 35x25 [border: (1px inset #808080)] [r=2 c=2 rs=1 cs=1]
                                      RenderText {#text} at (2,3) size 26x19
                                        text run at (2,3) width 26: "Cell"
                          RenderTableRow {TR} at (0,29) size 698x273
                            RenderTableCell {TD} at (2,153) size 30x25 [border: (1px inset #808080)] [r=1 c=0 rs=1 cs=1]
                              RenderText {#text} at (2,3) size 26x19
                                text run at (2,3) width 26: "Cell"
                          RenderTableRow {TR} at (0,304) size 698x25
                            RenderTableCell {TD} at (2,304) size 30x25 [border: (1px inset #808080)] [r=2 c=0 rs=1 cs=1]
                              RenderText {#text} at (2,3) size 26x19
                                text run at (2,3) width 26: "Cell"
                            RenderTableCell {TD} at (34,304) size 623x25 [border: (1px inset #808080)] [r=2 c=1 rs=1 cs=1]
                              RenderText {#text} at (2,3) size 512x19
                                text run at (2,3) width 394: "Cell, and stuff to test out table cell layout. This should be long "
                                text run at (396,3) width 118: "enough for testing."
                            RenderTableCell {TD} at (659,304) size 37x25 [border: (1px inset #808080)] [r=2 c=2 rs=1 cs=1]
                              RenderText {#text} at (2,3) size 26x19
                                text run at (2,3) width 26: "Cell"
                  RenderTableRow {TR} at (0,29) size 740x310
                    RenderTableCell {TD} at (2,171) size 30x25 [border: (1px inset #808080)] [r=1 c=0 rs=1 cs=1]
                      RenderText {#text} at (2,3) size 26x19
                        text run at (2,3) width 26: "Cell"
                  RenderTableRow {TR} at (0,341) size 740x25
                    RenderTableCell {TD} at (2,341) size 30x25 [border: (1px inset #808080)] [r=2 c=0 rs=1 cs=1]
                      RenderText {#text} at (2,3) size 26x19
                        text run at (2,3) width 26: "Cell"
                    RenderTableCell {TD} at (34,341) size 663x25 [border: (1px inset #808080)] [r=2 c=1 rs=1 cs=1]
                      RenderText {#text} at (2,3) size 512x19
                        text run at (2,3) width 394: "Cell, and stuff to test out table cell layout. This should be long "
                        text run at (396,3) width 118: "enough for testing."
                    RenderTableCell {TD} at (699,341) size 39x25 [border: (1px inset #808080)] [r=2 c=2 rs=1 cs=1]
                      RenderText {#text} at (2,3) size 26x19
                        text run at (2,3) width 26: "Cell"
          RenderTableRow {TR} at (0,29) size 782x347
            RenderTableCell {TD} at (2,190) size 30x25 [border: (1px inset #808080)] [r=1 c=0 rs=1 cs=1]
              RenderText {#text} at (2,3) size 26x19
                text run at (2,3) width 26: "Cell"
          RenderTableRow {TR} at (0,378) size 782x25
            RenderTableCell {TD} at (2,378) size 30x25 [border: (1px inset #808080)] [r=2 c=0 rs=1 cs=1]
              RenderText {#text} at (2,3) size 26x19
                text run at (2,3) width 26: "Cell"
            RenderTableCell {TD} at (34,378) size 702x25 [border: (1px inset #808080)] [r=2 c=1 rs=1 cs=1]
              RenderText {#text} at (2,3) size 512x19
                text run at (2,3) width 394: "Cell, and stuff to test out table cell layout. This should be long "
                text run at (396,3) width 118: "enough for testing."
            RenderTableCell {TD} at (738,378) size 42x25 [border: (1px inset #808080)] [r=2 c=2 rs=1 cs=1]
              RenderText {#text} at (2,3) size 26x19
                text run at (2,3) width 26: "Cell"
      RenderBlock (anonymous) at (0,588) size 784x21
        RenderBR {BR} at (0,1) size 0x19
      RenderBlock {H2} at (0,628) size 784x32
        RenderText {#text} at (0,2) size 396x28
          text run at (0,2) width 396: "100% width tables nested 6 levels deep"
      RenderTable {TABLE} at (0,679) size 784x803 [bgcolor=#FFFF00] [border: (1px outset #808080)]
        RenderTableSection {TBODY} at (1,1) size 782x801
          RenderTableRow {TR} at (0,2) size 782x25
            RenderTableCell {TD} at (2,2) size 625x25 [border: (1px inset #808080)] [r=0 c=0 rs=1 cs=1]
              RenderText {#text} at (2,3) size 53x19
                text run at (2,3) width 53: "Cell one"
            RenderTableCell {TD} at (629,2) size 74x25 [border: (1px inset #808080)] [r=0 c=1 rs=1 cs=1]
              RenderText {#text} at (2,3) size 34x19
                text run at (2,3) width 34: "Cell2"
            RenderTableCell {TD} at (705,2) size 75x25 [border: (1px inset #808080)] [r=0 c=2 rs=1 cs=1]
              RenderText {#text} at (2,3) size 38x19
                text run at (2,3) width 38: "Cell 3"
          RenderTableRow {TR} at (0,29) size 782x25
            RenderTableCell {TD} at (2,29) size 625x25 [border: (1px inset #808080)] [r=1 c=0 rs=1 cs=1]
              RenderText {#text} at (2,3) size 38x19
                text run at (2,3) width 38: "Cell 4"
            RenderTableCell {TD} at (629,29) size 74x25 [border: (1px inset #808080)] [r=1 c=1 rs=1 cs=1]
              RenderText {#text} at (2,3) size 38x19
                text run at (2,3) width 38: "Cell 5"
            RenderTableCell {TD} at (705,29) size 75x25 [border: (1px inset #808080)] [r=1 c=2 rs=1 cs=1]
              RenderText {#text} at (2,3) size 38x19
                text run at (2,3) width 38: "Cell 6"
          RenderTableRow {TR} at (0,56) size 782x743
            RenderTableCell {TD} at (2,56) size 625x743 [border: (1px inset #808080)] [r=2 c=0 rs=1 cs=1]
              RenderTable {TABLE} at (2,2) size 621x718 [bgcolor=#D3D3D3]
                RenderTableSection {TBODY} at (0,0) size 621x718
                  RenderTableRow {TR} at (0,2) size 621x23
                    RenderTableCell {TD} at (2,2) size 17x23 [r=0 c=0 rs=1 cs=1]
                      RenderText {#text} at (1,2) size 8x19
                        text run at (1,2) width 8: "1"
                    RenderTableCell {TD} at (21,2) size 578x23 [r=0 c=1 rs=1 cs=1]
                      RenderText {#text} at (1,2) size 8x19
                        text run at (1,2) width 8: "2"
                    RenderTableCell {TD} at (601,2) size 18x23 [r=0 c=2 rs=1 cs=1]
                      RenderText {#text} at (1,2) size 8x19
                        text run at (1,2) width 8: "3"
                  RenderTableRow {TR} at (0,27) size 621x664
                    RenderTableCell {TD} at (2,347) size 17x23 [r=1 c=0 rs=1 cs=1]
                      RenderText {#text} at (1,2) size 8x19
                        text run at (1,2) width 8: "4"
                    RenderTableCell {TD} at (21,27) size 578x664 [r=1 c=1 rs=1 cs=1]
                      RenderTable {TABLE} at (1,1) size 576x641 [bgcolor=#ADD8E6] [border: (1px outset #808080)]
                        RenderTableSection {TBODY} at (1,1) size 574x639
                          RenderTableRow {TR} at (0,2) size 574x581
                            RenderTableCell {TD} at (2,280) size 21x25 [border: (1px inset #808080)] [r=0 c=0 rs=1 cs=1]
                              RenderText {#text} at (2,3) size 8x19
                                text run at (2,3) width 8: "1"
                            RenderTableCell {TD} at (25,2) size 523x581 [border: (1px inset #808080)] [r=0 c=1 rs=1 cs=1]
                              RenderTable {TABLE} at (2,2) size 519x556 [bgcolor=#FF0000] [border: (1px outset #808080)]
                                RenderTableSection {TBODY} at (1,1) size 517x554
                                  RenderTableRow {TR} at (0,2) size 517x25
                                    RenderTableCell {TD} at (2,2) size 22x25 [border: (1px inset #808080)] [r=0 c=0 rs=1 cs=1]
                                      RenderText {#text} at (2,3) size 8x19
                                        text run at (2,3) width 8: "1"
                                    RenderTableCell {TD} at (26,2) size 24x25 [border: (1px inset #808080)] [r=0 c=1 rs=1 cs=1]
                                      RenderText {#text} at (2,3) size 8x19
                                        text run at (2,3) width 8: "2"
                                    RenderTableCell {TD} at (52,2) size 413x25 [border: (1px inset #808080)] [r=0 c=2 rs=1 cs=1]
                                      RenderText {#text} at (2,3) size 8x19
                                        text run at (2,3) width 8: "3"
                                    RenderTableCell {TD} at (467,2) size 23x25 [border: (1px inset #808080)] [r=0 c=3 rs=1 cs=1]
                                      RenderText {#text} at (2,3) size 8x19
                                        text run at (2,3) width 8: "4"
                                    RenderTableCell {TD} at (492,2) size 23x25 [border: (1px inset #808080)] [r=0 c=4 rs=1 cs=1]
                                      RenderText {#text} at (2,3) size 8x19
                                        text run at (2,3) width 8: "5"
                                  RenderTableRow {TR} at (0,29) size 517x442
                                    RenderTableCell {TD} at (2,237) size 22x25 [border: (1px inset #808080)] [r=1 c=0 rs=1 cs=1]
                                      RenderText {#text} at (2,3) size 8x19
                                        text run at (2,3) width 8: "6"
                                    RenderTableCell {TD} at (26,237) size 24x25 [border: (1px inset #808080)] [r=1 c=1 rs=1 cs=1]
                                      RenderText {#text} at (2,3) size 8x19
                                        text run at (2,3) width 8: "7"
                                    RenderTableCell {TD} at (52,29) size 413x442 [border: (1px inset #808080)] [r=1 c=2 rs=1 cs=1]
                                      RenderTable {TABLE} at (2,2) size 409x417 [bgcolor=#008000] [border: (1px outset #808080)]
                                        RenderTableSection {TBODY} at (1,1) size 407x415
                                          RenderTableRow {TR} at (0,2) size 407x25
                                            RenderTableCell {TD} at (2,2) size 25x25 [border: (1px inset #808080)] [r=0 c=0 rs=1 cs=1]
                                              RenderText {#text} at (2,3) size 7x19
                                                text run at (2,3) width 7: "a"
                                            RenderTableCell {TD} at (29,2) size 25x25 [border: (1px inset #808080)] [r=0 c=1 rs=1 cs=1]
                                              RenderText {#text} at (2,3) size 9x19
                                                text run at (2,3) width 9: "b"
                                            RenderTableCell {TD} at (56,2) size 297x25 [border: (1px inset #808080)] [r=0 c=2 rs=1 cs=1]
                                              RenderText {#text} at (2,3) size 7x19
                                                text run at (2,3) width 7: "c"
                                            RenderTableCell {TD} at (355,2) size 24x25 [border: (1px inset #808080)] [r=0 c=3 rs=1 cs=1]
                                              RenderText {#text} at (2,3) size 8x19
                                                text run at (2,3) width 8: "d"
                                            RenderTableCell {TD} at (381,2) size 24x25 [border: (1px inset #808080)] [r=0 c=4 rs=1 cs=1]
                                              RenderText {#text} at (2,3) size 7x19
                                                text run at (2,3) width 7: "e"
                                          RenderTableRow {TR} at (0,29) size 407x25
                                            RenderTableCell {TD} at (2,29) size 25x25 [border: (1px inset #808080)] [r=1 c=0 rs=1 cs=1]
                                              RenderText {#text} at (2,3) size 5x19
                                                text run at (2,3) width 5: "f"
                                            RenderTableCell {TD} at (29,29) size 25x25 [border: (1px inset #808080)] [r=1 c=1 rs=1 cs=1]
                                              RenderText {#text} at (2,3) size 8x19
                                                text run at (2,3) width 8: "g"
                                            RenderTableCell {TD} at (56,29) size 297x25 [border: (1px inset #808080)] [r=1 c=2 rs=1 cs=1]
                                              RenderText {#text} at (2,3) size 8x19
                                                text run at (2,3) width 8: "h"
                                            RenderTableCell {TD} at (355,29) size 24x25 [border: (1px inset #808080)] [r=1 c=3 rs=1 cs=1]
                                              RenderText {#text} at (2,3) size 4x19
                                                text run at (2,3) width 4: "i"
                                            RenderTableCell {TD} at (381,29) size 24x25 [border: (1px inset #808080)] [r=1 c=4 rs=1 cs=1]
                                              RenderText {#text} at (2,3) size 6x19
                                                text run at (2,3) width 6: "j"
                                          RenderTableRow {TR} at (0,56) size 407x303
                                            RenderTableCell {TD} at (2,195) size 25x25 [border: (1px inset #808080)] [r=2 c=0 rs=1 cs=1]
                                              RenderText {#text} at (2,3) size 8x19
                                                text run at (2,3) width 8: "k"
                                            RenderTableCell {TD} at (29,195) size 25x25 [border: (1px inset #808080)] [r=2 c=1 rs=1 cs=1]
                                              RenderText {#text} at (2,3) size 4x19
                                                text run at (2,3) width 4: "l"
                                            RenderTableCell {TD} at (56,56) size 297x303 [border: (1px inset #808080)] [r=2 c=2 rs=1 cs=1]
                                              RenderTable {TABLE} at (2,2) size 293x278 [bgcolor=#800080] [border: (1px outset #808080)]
                                                RenderTableSection {TBODY} at (1,1) size 291x276
                                                  RenderTableRow {TR} at (0,2) size 291x25
                                                    RenderTableCell {TD} at (2,2) size 27x25 [border: (1px inset #808080)] [r=0 c=0 rs=1 cs=1]
                                                      RenderText {#text} at (2,3) size 7x19
                                                        text run at (2,3) width 7: "a"
                                                    RenderTableCell {TD} at (31,2) size 27x25 [border: (1px inset #808080)] [r=0 c=1 rs=1 cs=1]
                                                      RenderText {#text} at (2,3) size 9x19
                                                        text run at (2,3) width 9: "b"
                                                    RenderTableCell {TD} at (60,2) size 175x25 [border: (1px inset #808080)] [r=0 c=2 rs=1 cs=1]
                                                      RenderText {#text} at (2,3) size 7x19
                                                        text run at (2,3) width 7: "c"
                                                    RenderTableCell {TD} at (237,2) size 25x25 [border: (1px inset #808080)] [r=0 c=3 rs=1 cs=1]
                                                      RenderText {#text} at (2,3) size 8x19
                                                        text run at (2,3) width 8: "d"
                                                    RenderTableCell {TD} at (264,2) size 25x25 [border: (1px inset #808080)] [r=0 c=4 rs=1 cs=1]
                                                      RenderText {#text} at (2,3) size 7x19
                                                        text run at (2,3) width 7: "e"
                                                  RenderTableRow {TR} at (0,29) size 291x25
                                                    RenderTableCell {TD} at (2,29) size 27x25 [border: (1px inset #808080)] [r=1 c=0 rs=1 cs=1]
                                                      RenderText {#text} at (2,3) size 5x19
                                                        text run at (2,3) width 5: "f"
                                                    RenderTableCell {TD} at (31,29) size 27x25 [border: (1px inset #808080)] [r=1 c=1 rs=1 cs=1]
                                                      RenderText {#text} at (2,3) size 8x19
                                                        text run at (2,3) width 8: "g"
                                                    RenderTableCell {TD} at (60,29) size 175x25 [border: (1px inset #808080)] [r=1 c=2 rs=1 cs=1]
                                                      RenderText {#text} at (2,3) size 8x19
                                                        text run at (2,3) width 8: "h"
                                                    RenderTableCell {TD} at (237,29) size 25x25 [border: (1px inset #808080)] [r=1 c=3 rs=1 cs=1]
                                                      RenderText {#text} at (2,3) size 4x19
                                                        text run at (2,3) width 4: "i"
                                                    RenderTableCell {TD} at (264,29) size 25x25 [border: (1px inset #808080)] [r=1 c=4 rs=1 cs=1]
                                                      RenderText {#text} at (2,3) size 6x19
                                                        text run at (2,3) width 6: "j"
                                                  RenderTableRow {TR} at (0,56) size 291x164
                                                    RenderTableCell {TD} at (2,125) size 27x25 [border: (1px inset #808080)] [r=2 c=0 rs=1 cs=1]
                                                      RenderText {#text} at (2,3) size 8x19
                                                        text run at (2,3) width 8: "k"
                                                    RenderTableCell {TD} at (31,125) size 27x25 [border: (1px inset #808080)] [r=2 c=1 rs=1 cs=1]
                                                      RenderText {#text} at (2,3) size 4x19
                                                        text run at (2,3) width 4: "l"
                                                    RenderTableCell {TD} at (60,56) size 175x164 [border: (1px inset #808080)] [r=2 c=2 rs=1 cs=1]
                                                      RenderTable {TABLE} at (2,2) size 171x139 [bgcolor=#FFA500] [border: (1px outset #808080)]
                                                        RenderTableSection {TBODY} at (1,1) size 169x137
                                                          RenderTableRow {TR} at (0,2) size 169x25
                                                            RenderTableCell {TD} at (2,2) size 30x25 [border: (1px inset #808080)] [r=0 c=0 rs=1 cs=1]
                                                              RenderText {#text} at (2,3) size 7x19
                                                                text run at (2,3) width 7: "a"
                                                            RenderTableCell {TD} at (34,2) size 31x25 [border: (1px inset #808080)] [r=0 c=1 rs=1 cs=1]
                                                              RenderText {#text} at (2,3) size 9x19
                                                                text run at (2,3) width 9: "b"
                                                            RenderTableCell {TD} at (67,2) size 38x25 [border: (1px inset #808080)] [r=0 c=2 rs=1 cs=1]
                                                              RenderText {#text} at (2,3) size 7x19
                                                                text run at (2,3) width 7: "c"
                                                            RenderTableCell {TD} at (107,2) size 29x25 [border: (1px inset #808080)] [r=0 c=3 rs=1 cs=1]
                                                              RenderText {#text} at (2,3) size 8x19
                                                                text run at (2,3) width 8: "d"
                                                            RenderTableCell {TD} at (138,2) size 29x25 [border: (1px inset #808080)] [r=0 c=4 rs=1 cs=1]
                                                              RenderText {#text} at (2,3) size 7x19
                                                                text run at (2,3) width 7: "e"
                                                          RenderTableRow {TR} at (0,29) size 169x25
                                                            RenderTableCell {TD} at (2,29) size 30x25 [border: (1px inset #808080)] [r=1 c=0 rs=1 cs=1]
                                                              RenderText {#text} at (2,3) size 5x19
                                                                text run at (2,3) width 5: "f"
                                                            RenderTableCell {TD} at (34,29) size 31x25 [border: (1px inset #808080)] [r=1 c=1 rs=1 cs=1]
                                                              RenderText {#text} at (2,3) size 8x19
                                                                text run at (2,3) width 8: "g"
                                                            RenderTableCell {TD} at (67,29) size 38x25 [border: (1px inset #808080)] [r=1 c=2 rs=1 cs=1]
                                                              RenderText {#text} at (2,3) size 8x19
                                                                text run at (2,3) width 8: "h"
                                                            RenderTableCell {TD} at (107,29) size 29x25 [border: (1px inset #808080)] [r=1 c=3 rs=1 cs=1]
                                                              RenderText {#text} at (2,3) size 4x19
                                                                text run at (2,3) width 4: "i"
                                                            RenderTableCell {TD} at (138,29) size 29x25 [border: (1px inset #808080)] [r=1 c=4 rs=1 cs=1]
                                                              RenderText {#text} at (2,3) size 6x19
                                                                text run at (2,3) width 6: "j"
                                                          RenderTableRow {TR} at (0,56) size 169x25
                                                            RenderTableCell {TD} at (2,56) size 30x25 [border: (1px inset #808080)] [r=2 c=0 rs=1 cs=1]
                                                              RenderText {#text} at (2,3) size 8x19
                                                                text run at (2,3) width 8: "k"
                                                            RenderTableCell {TD} at (34,56) size 31x25 [border: (1px inset #808080)] [r=2 c=1 rs=1 cs=1]
                                                              RenderText {#text} at (2,3) size 4x19
                                                                text run at (2,3) width 4: "l"
                                                            RenderTableCell {TD} at (67,56) size 38x25 [border: (1px inset #808080)] [r=2 c=2 rs=1 cs=1]
                                                              RenderText {#text} at (2,3) size 12x19
                                                                text run at (2,3) width 12: "m"
                                                            RenderTableCell {TD} at (107,56) size 29x25 [border: (1px inset #808080)] [r=2 c=3 rs=1 cs=1]
                                                              RenderText {#text} at (2,3) size 8x19
                                                                text run at (2,3) width 8: "n"
                                                            RenderTableCell {TD} at (138,56) size 29x25 [border: (1px inset #808080)] [r=2 c=4 rs=1 cs=1]
                                                              RenderText {#text} at (2,3) size 8x19
                                                                text run at (2,3) width 8: "o"
                                                          RenderTableRow {TR} at (0,83) size 169x25
                                                            RenderTableCell {TD} at (2,83) size 30x25 [border: (1px inset #808080)] [r=3 c=0 rs=1 cs=1]
                                                              RenderText {#text} at (2,3) size 9x19
                                                                text run at (2,3) width 9: "p"
                                                            RenderTableCell {TD} at (34,83) size 31x25 [border: (1px inset #808080)] [r=3 c=1 rs=1 cs=1]
                                                              RenderText {#text} at (2,3) size 8x19
                                                                text run at (2,3) width 8: "q"
                                                            RenderTableCell {TD} at (67,83) size 38x25 [border: (1px inset #808080)] [r=3 c=2 rs=1 cs=1]
                                                              RenderText {#text} at (2,3) size 5x19
                                                                text run at (2,3) width 5: "r"
                                                            RenderTableCell {TD} at (107,83) size 29x25 [border: (1px inset #808080)] [r=3 c=3 rs=1 cs=1]
                                                              RenderText {#text} at (2,3) size 6x19
                                                                text run at (2,3) width 6: "s"
                                                            RenderTableCell {TD} at (138,83) size 29x25 [border: (1px inset #808080)] [r=3 c=4 rs=1 cs=1]
                                                              RenderText {#text} at (2,3) size 4x19
                                                                text run at (2,3) width 4: "t"
                                                          RenderTableRow {TR} at (0,110) size 169x25
                                                            RenderTableCell {TD} at (2,110) size 30x25 [border: (1px inset #808080)] [r=4 c=0 rs=1 cs=1]
                                                              RenderText {#text} at (2,3) size 8x19
                                                                text run at (2,3) width 8: "u"
                                                            RenderTableCell {TD} at (34,110) size 31x25 [border: (1px inset #808080)] [r=4 c=1 rs=1 cs=1]
                                                              RenderText {#text} at (2,3) size 8x19
                                                                text run at (2,3) width 8: "v"
                                                            RenderTableCell {TD} at (67,110) size 38x25 [border: (1px inset #808080)] [r=4 c=2 rs=1 cs=1]
                                                              RenderText {#text} at (2,3) size 12x19
                                                                text run at (2,3) width 12: "w"
                                                            RenderTableCell {TD} at (107,110) size 29x25 [border: (1px inset #808080)] [r=4 c=3 rs=1 cs=1]
                                                              RenderText {#text} at (2,3) size 8x19
                                                                text run at (2,3) width 8: "x"
                                                            RenderTableCell {TD} at (138,110) size 29x25 [border: (1px inset #808080)] [r=4 c=4 rs=1 cs=1]
                                                              RenderText {#text} at (2,3) size 8x19
                                                                text run at (2,3) width 8: "y"
                                                      RenderBlock (anonymous) at (2,141) size 171x21
                                                        RenderText {#text} at (0,1) size 4x19
                                                          text run at (0,1) width 4: " "
                                                    RenderTableCell {TD} at (237,125) size 25x25 [border: (1px inset #808080)] [r=2 c=3 rs=1 cs=1]
                                                      RenderText {#text} at (2,3) size 8x19
                                                        text run at (2,3) width 8: "n"
                                                    RenderTableCell {TD} at (264,125) size 25x25 [border: (1px inset #808080)] [r=2 c=4 rs=1 cs=1]
                                                      RenderText {#text} at (2,3) size 8x19
                                                        text run at (2,3) width 8: "o"
                                                  RenderTableRow {TR} at (0,222) size 291x25
                                                    RenderTableCell {TD} at (2,222) size 27x25 [border: (1px inset #808080)] [r=3 c=0 rs=1 cs=1]
                                                      RenderText {#text} at (2,3) size 9x19
                                                        text run at (2,3) width 9: "p"
                                                    RenderTableCell {TD} at (31,222) size 27x25 [border: (1px inset #808080)] [r=3 c=1 rs=1 cs=1]
                                                      RenderText {#text} at (2,3) size 8x19
                                                        text run at (2,3) width 8: "q"
                                                    RenderTableCell {TD} at (60,222) size 175x25 [border: (1px inset #808080)] [r=3 c=2 rs=1 cs=1]
                                                      RenderText {#text} at (2,3) size 5x19
                                                        text run at (2,3) width 5: "r"
                                                    RenderTableCell {TD} at (237,222) size 25x25 [border: (1px inset #808080)] [r=3 c=3 rs=1 cs=1]
                                                      RenderText {#text} at (2,3) size 6x19
                                                        text run at (2,3) width 6: "s"
                                                    RenderTableCell {TD} at (264,222) size 25x25 [border: (1px inset #808080)] [r=3 c=4 rs=1 cs=1]
                                                      RenderText {#text} at (2,3) size 4x19
                                                        text run at (2,3) width 4: "t"
                                                  RenderTableRow {TR} at (0,249) size 291x25
                                                    RenderTableCell {TD} at (2,249) size 27x25 [border: (1px inset #808080)] [r=4 c=0 rs=1 cs=1]
                                                      RenderText {#text} at (2,3) size 8x19
                                                        text run at (2,3) width 8: "u"
                                                    RenderTableCell {TD} at (31,249) size 27x25 [border: (1px inset #808080)] [r=4 c=1 rs=1 cs=1]
                                                      RenderText {#text} at (2,3) size 8x19
                                                        text run at (2,3) width 8: "v"
                                                    RenderTableCell {TD} at (60,249) size 175x25 [border: (1px inset #808080)] [r=4 c=2 rs=1 cs=1]
                                                      RenderText {#text} at (2,3) size 12x19
                                                        text run at (2,3) width 12: "w"
                                                    RenderTableCell {TD} at (237,249) size 25x25 [border: (1px inset #808080)] [r=4 c=3 rs=1 cs=1]
                                                      RenderText {#text} at (2,3) size 8x19
                                                        text run at (2,3) width 8: "x"
                                                    RenderTableCell {TD} at (264,249) size 25x25 [border: (1px inset #808080)] [r=4 c=4 rs=1 cs=1]
                                                      RenderText {#text} at (2,3) size 8x19
                                                        text run at (2,3) width 8: "y"
                                              RenderBlock (anonymous) at (2,280) size 293x21
                                                RenderText {#text} at (0,1) size 4x19
                                                  text run at (0,1) width 4: " "
                                            RenderTableCell {TD} at (355,195) size 24x25 [border: (1px inset #808080)] [r=2 c=3 rs=1 cs=1]
                                              RenderText {#text} at (2,3) size 8x19
                                                text run at (2,3) width 8: "n"
                                            RenderTableCell {TD} at (381,195) size 24x25 [border: (1px inset #808080)] [r=2 c=4 rs=1 cs=1]
                                              RenderText {#text} at (2,3) size 8x19
                                                text run at (2,3) width 8: "o"
                                          RenderTableRow {TR} at (0,361) size 407x25
                                            RenderTableCell {TD} at (2,361) size 25x25 [border: (1px inset #808080)] [r=3 c=0 rs=1 cs=1]
                                              RenderText {#text} at (2,3) size 9x19
                                                text run at (2,3) width 9: "p"
                                            RenderTableCell {TD} at (29,361) size 25x25 [border: (1px inset #808080)] [r=3 c=1 rs=1 cs=1]
                                              RenderText {#text} at (2,3) size 8x19
                                                text run at (2,3) width 8: "q"
                                            RenderTableCell {TD} at (56,361) size 297x25 [border: (1px inset #808080)] [r=3 c=2 rs=1 cs=1]
                                              RenderText {#text} at (2,3) size 5x19
                                                text run at (2,3) width 5: "r"
                                            RenderTableCell {TD} at (355,361) size 24x25 [border: (1px inset #808080)] [r=3 c=3 rs=1 cs=1]
                                              RenderText {#text} at (2,3) size 6x19
                                                text run at (2,3) width 6: "s"
                                            RenderTableCell {TD} at (381,361) size 24x25 [border: (1px inset #808080)] [r=3 c=4 rs=1 cs=1]
                                              RenderText {#text} at (2,3) size 4x19
                                                text run at (2,3) width 4: "t"
                                          RenderTableRow {TR} at (0,388) size 407x25
                                            RenderTableCell {TD} at (2,388) size 25x25 [border: (1px inset #808080)] [r=4 c=0 rs=1 cs=1]
                                              RenderText {#text} at (2,3) size 8x19
                                                text run at (2,3) width 8: "u"
                                            RenderTableCell {TD} at (29,388) size 25x25 [border: (1px inset #808080)] [r=4 c=1 rs=1 cs=1]
                                              RenderText {#text} at (2,3) size 8x19
                                                text run at (2,3) width 8: "v"
                                            RenderTableCell {TD} at (56,388) size 297x25 [border: (1px inset #808080)] [r=4 c=2 rs=1 cs=1]
                                              RenderText {#text} at (2,3) size 12x19
                                                text run at (2,3) width 12: "w"
                                            RenderTableCell {TD} at (355,388) size 24x25 [border: (1px inset #808080)] [r=4 c=3 rs=1 cs=1]
                                              RenderText {#text} at (2,3) size 8x19
                                                text run at (2,3) width 8: "x"
                                            RenderTableCell {TD} at (381,388) size 24x25 [border: (1px inset #808080)] [r=4 c=4 rs=1 cs=1]
                                              RenderText {#text} at (2,3) size 8x19
                                                text run at (2,3) width 8: "y"
                                      RenderBlock (anonymous) at (2,419) size 409x21
                                        RenderText {#text} at (0,1) size 4x19
                                          text run at (0,1) width 4: " "
                                    RenderTableCell {TD} at (467,237) size 23x25 [border: (1px inset #808080)] [r=1 c=3 rs=1 cs=1]
                                      RenderText {#text} at (2,3) size 8x19
                                        text run at (2,3) width 8: "9"
                                    RenderTableCell {TD} at (492,237) size 23x25 [border: (1px inset #808080)] [r=1 c=4 rs=1 cs=1]
                                      RenderText {#text} at (2,3) size 8x19
                                        text run at (2,3) width 8: "0"
                                  RenderTableRow {TR} at (0,473) size 517x25
                                    RenderTableCell {TD} at (2,473) size 22x25 [border: (1px inset #808080)] [r=2 c=0 rs=1 cs=1]
                                      RenderText {#text} at (2,3) size 7x19
                                        text run at (2,3) width 7: "a"
                                    RenderTableCell {TD} at (26,473) size 24x25 [border: (1px inset #808080)] [r=2 c=1 rs=1 cs=1]
                                      RenderText {#text} at (2,3) size 9x19
                                        text run at (2,3) width 9: "b"
                                    RenderTableCell {TD} at (52,473) size 413x25 [border: (1px inset #808080)] [r=2 c=2 rs=1 cs=1]
                                      RenderText {#text} at (2,3) size 7x19
                                        text run at (2,3) width 7: "c"
                                    RenderTableCell {TD} at (467,473) size 23x25 [border: (1px inset #808080)] [r=2 c=3 rs=1 cs=1]
                                      RenderText {#text} at (2,3) size 8x19
                                        text run at (2,3) width 8: "d"
                                    RenderTableCell {TD} at (492,473) size 23x25 [border: (1px inset #808080)] [r=2 c=4 rs=1 cs=1]
                                      RenderText {#text} at (2,3) size 7x19
                                        text run at (2,3) width 7: "e"
                                  RenderTableRow {TR} at (0,500) size 517x25
                                    RenderTableCell {TD} at (2,500) size 22x25 [border: (1px inset #808080)] [r=3 c=0 rs=1 cs=1]
                                      RenderText {#text} at (2,3) size 5x19
                                        text run at (2,3) width 5: "f"
                                    RenderTableCell {TD} at (26,500) size 24x25 [border: (1px inset #808080)] [r=3 c=1 rs=1 cs=1]
                                      RenderText {#text} at (2,3) size 8x19
                                        text run at (2,3) width 8: "g"
                                    RenderTableCell {TD} at (52,500) size 413x25 [border: (1px inset #808080)] [r=3 c=2 rs=1 cs=1]
                                      RenderText {#text} at (2,3) size 8x19
                                        text run at (2,3) width 8: "h"
                                    RenderTableCell {TD} at (467,500) size 23x25 [border: (1px inset #808080)] [r=3 c=3 rs=1 cs=1]
                                      RenderText {#text} at (2,3) size 4x19
                                        text run at (2,3) width 4: "i"
                                    RenderTableCell {TD} at (492,500) size 23x25 [border: (1px inset #808080)] [r=3 c=4 rs=1 cs=1]
                                      RenderText {#text} at (2,3) size 6x19
                                        text run at (2,3) width 6: "j"
                                  RenderTableRow {TR} at (0,527) size 517x25
                                    RenderTableCell {TD} at (2,527) size 22x25 [border: (1px inset #808080)] [r=4 c=0 rs=1 cs=1]
                                      RenderText {#text} at (2,3) size 8x19
                                        text run at (2,3) width 8: "k"
                                    RenderTableCell {TD} at (26,527) size 24x25 [border: (1px inset #808080)] [r=4 c=1 rs=1 cs=1]
                                      RenderText {#text} at (2,3) size 4x19
                                        text run at (2,3) width 4: "l"
                                    RenderTableCell {TD} at (52,527) size 413x25 [border: (1px inset #808080)] [r=4 c=2 rs=1 cs=1]
                                      RenderText {#text} at (2,3) size 12x19
                                        text run at (2,3) width 12: "m"
                                    RenderTableCell {TD} at (467,527) size 23x25 [border: (1px inset #808080)] [r=4 c=3 rs=1 cs=1]
                                      RenderText {#text} at (2,3) size 8x19
                                        text run at (2,3) width 8: "n"
                                    RenderTableCell {TD} at (492,527) size 23x25 [border: (1px inset #808080)] [r=4 c=4 rs=1 cs=1]
                                      RenderText {#text} at (2,3) size 8x19
                                        text run at (2,3) width 8: "o"
                              RenderBlock (anonymous) at (2,558) size 519x21
                                RenderText {#text} at (0,1) size 4x19
                                  text run at (0,1) width 4: " "
                            RenderTableCell {TD} at (550,280) size 22x25 [border: (1px inset #808080)] [r=0 c=2 rs=1 cs=1]
                              RenderText {#text} at (2,3) size 8x19
                                text run at (2,3) width 8: "3"
                          RenderTableRow {TR} at (0,585) size 574x25
                            RenderTableCell {TD} at (2,585) size 21x25 [border: (1px inset #808080)] [r=1 c=0 rs=1 cs=1]
                              RenderText {#text} at (2,3) size 8x19
                                text run at (2,3) width 8: "4"
                            RenderTableCell {TD} at (25,585) size 523x25 [border: (1px inset #808080)] [r=1 c=1 rs=1 cs=1]
                              RenderText {#text} at (2,3) size 8x19
                                text run at (2,3) width 8: "5"
                            RenderTableCell {TD} at (550,585) size 22x25 [border: (1px inset #808080)] [r=1 c=2 rs=1 cs=1]
                              RenderText {#text} at (2,3) size 8x19
                                text run at (2,3) width 8: "6"
                          RenderTableRow {TR} at (0,612) size 574x25
                            RenderTableCell {TD} at (2,612) size 21x25 [border: (1px inset #808080)] [r=2 c=0 rs=1 cs=1]
                              RenderText {#text} at (2,3) size 8x19
                                text run at (2,3) width 8: "7"
                            RenderTableCell {TD} at (25,612) size 523x25 [border: (1px inset #808080)] [r=2 c=1 rs=1 cs=1]
                              RenderText {#text} at (2,3) size 8x19
                                text run at (2,3) width 8: "8"
                            RenderTableCell {TD} at (550,612) size 22x25 [border: (1px inset #808080)] [r=2 c=2 rs=1 cs=1]
                              RenderText {#text} at (2,3) size 8x19
                                text run at (2,3) width 8: "9"
                      RenderBlock (anonymous) at (1,642) size 576x21
                        RenderText {#text} at (0,1) size 4x19
                          text run at (0,1) width 4: " "
                    RenderTableCell {TD} at (601,347) size 18x23 [r=1 c=2 rs=1 cs=1]
                      RenderText {#text} at (1,2) size 8x19
                        text run at (1,2) width 8: "6"
                  RenderTableRow {TR} at (0,693) size 621x23
                    RenderTableCell {TD} at (2,693) size 17x23 [r=2 c=0 rs=1 cs=1]
                      RenderText {#text} at (1,2) size 8x19
                        text run at (1,2) width 8: "7"
                    RenderTableCell {TD} at (21,693) size 578x23 [r=2 c=1 rs=1 cs=1]
                      RenderText {#text} at (1,2) size 8x19
                        text run at (1,2) width 8: "8"
                    RenderTableCell {TD} at (601,693) size 18x23 [r=2 c=2 rs=1 cs=1]
                      RenderText {#text} at (1,2) size 8x19
                        text run at (1,2) width 8: "9"
              RenderBlock (anonymous) at (2,720) size 621x21
                RenderText {#text} at (0,1) size 4x19
                  text run at (0,1) width 4: " "
            RenderTableCell {TD} at (629,415) size 74x25 [border: (1px inset #808080)] [r=2 c=1 rs=1 cs=1]
              RenderText {#text} at (2,3) size 8x19
                text run at (2,3) width 8: "8"
            RenderTableCell {TD} at (705,415) size 75x25 [border: (1px inset #808080)] [r=2 c=2 rs=1 cs=1]
              RenderText {#text} at (2,3) size 8x19
                text run at (2,3) width 8: "9"
