layer at (0,0) size 800x946
  RenderView at (0,0) size 800x600
layer at (0,0) size 800x946
  RenderBlock {HTML} at (0,0) size 800x946
    RenderBody {BODY} at (8,8) size 784x922 [bgcolor=#FFFFFF]
      RenderBlock {H1} at (0,0) size 784x41
        RenderText {#text} at (0,2) size 331x36
          text run at (0,2) width 331: "Example 3: Basic Tables"
      RenderBlock {H2} at (0,62) size 784x32
        RenderText {#text} at (0,2) size 361x28
          text run at (0,2) width 361: "Simple table, 75% width, border=1"
      RenderTable {TABLE} at (0,113) size 588x110 [border: (1px outset #808080)]
        RenderTableSection {TBODY} at (1,1) size 586x108
          RenderTableRow {TR} at (0,2) size 586x25
            RenderTableCell {TD} at (2,2) size 204x25 [bgcolor=#0000FF] [border: (1px inset #808080)] [r=0 c=0 rs=1 cs=1]
              RenderText {#text} at (2,3) size 43x19
                text run at (2,3) width 43: "cell bg"
            RenderTableCell {TD} at (208,2) size 172x25 [border: (1px inset #808080)] [r=0 c=1 rs=1 cs=1]
              RenderText {#text} at (2,3) size 29x19
                text run at (2,3) width 29: "Two"
            RenderTableCell {TD} at (382,2) size 202x25 [border: (1px inset #808080)] [r=0 c=2 rs=1 cs=1]
              RenderText {#text} at (2,3) size 37x19
                text run at (2,3) width 37: "Three"
          RenderTableRow {TR} at (0,29) size 586x25
            RenderTableCell {TD} at (2,29) size 204x25 [border: (1px inset #808080)] [r=1 c=0 rs=1 cs=1]
              RenderText {#text} at (2,3) size 20x19
                text run at (2,3) width 20: "left"
            RenderTableCell {TD} at (208,29) size 172x25 [border: (1px inset #808080)] [r=1 c=1 rs=1 cs=1]
              RenderText {#text} at (67,3) size 38x19
                text run at (67,3) width 38: "center"
            RenderTableCell {TD} at (382,29) size 202x25 [border: (1px inset #808080)] [r=1 c=2 rs=1 cs=1]
              RenderText {#text} at (171,3) size 29x19
                text run at (171,3) width 29: "right"
          RenderTableRow {TR} at (0,56) size 586x50 [bgcolor=#FFFF00]
            RenderTableCell {TD} at (2,68) size 204x25 [border: (1px inset #808080)] [r=2 c=0 rs=1 cs=1]
              RenderText {#text} at (2,3) size 46x19
                text run at (2,3) width 46: "row bg"
            RenderTableCell {TD} at (208,56) size 172x25 [border: (1px inset #808080)] [r=2 c=1 rs=1 cs=1]
              RenderText {#text} at (2,3) size 20x19
                text run at (2,3) width 20: "top"
            RenderTableCell {TD} at (382,81) size 202x25 [border: (1px inset #808080)] [r=2 c=2 rs=1 cs=1]
              RenderText {#text} at (2,3) size 45x19
                text run at (2,3) width 45: "bottom"
      RenderBlock {H2} at (0,242) size 784x32
        RenderText {#text} at (0,2) size 390x28
          text run at (0,2) width 390: "Row Span, auto width table, border=5"
      RenderTable {TABLE} at (0,293) size 268x282 [border: (5px outset #808080)]
        RenderTableSection {TBODY} at (5,5) size 258x272
          RenderTableRow {TR} at (0,2) size 258x25
            RenderTableCell {TD} at (2,15) size 186x25 [border: (1px inset #808080)] [r=0 c=0 rs=2 cs=1]
              RenderText {#text} at (2,3) size 182x19
                text run at (2,3) width 182: "c0r[0-1] Data 1 span=2 rows"
            RenderTableCell {TD} at (190,2) size 32x25 [border: (1px inset #808080)] [r=0 c=1 rs=1 cs=1]
              RenderText {#text} at (2,3) size 28x19
                text run at (2,3) width 28: "c0r0"
            RenderTableCell {TD} at (224,2) size 32x25 [border: (1px inset #808080)] [r=0 c=2 rs=1 cs=1]
              RenderText {#text} at (2,3) size 28x19
                text run at (2,3) width 28: "c1r0"
          RenderTableRow {TR} at (0,29) size 258x25
            RenderTableCell {TD} at (190,29) size 32x25 [border: (1px inset #808080)] [r=1 c=1 rs=1 cs=1]
              RenderText {#text} at (2,3) size 28x19
                text run at (2,3) width 28: "c0r1"
            RenderTableCell {TD} at (224,29) size 32x25 [border: (1px inset #808080)] [r=1 c=2 rs=1 cs=1]
              RenderText {#text} at (2,3) size 28x19
                text run at (2,3) width 28: "c1r1"
          RenderTableRow {TR} at (0,56) size 258x25
            RenderTableCell {TD} at (2,110) size 186x25 [border: (1px inset #808080)] [r=2 c=0 rs=5 cs=1]
              RenderText {#text} at (2,3) size 182x19
                text run at (2,3) width 182: "c0r[2-6],Data 2 span=5 rows"
            RenderTableCell {TD} at (190,56) size 32x25 [border: (1px inset #808080)] [r=2 c=1 rs=1 cs=1]
              RenderText {#text} at (2,3) size 28x19
                text run at (2,3) width 28: "c0r2"
            RenderTableCell {TD} at (224,56) size 32x25 [border: (1px inset #808080)] [r=2 c=2 rs=1 cs=1]
              RenderText {#text} at (2,3) size 28x19
                text run at (2,3) width 28: "c1r2"
          RenderTableRow {TR} at (0,83) size 258x25
            RenderTableCell {TD} at (190,83) size 32x25 [border: (1px inset #808080)] [r=3 c=1 rs=1 cs=1]
              RenderText {#text} at (2,3) size 28x19
                text run at (2,3) width 28: "c0r3"
            RenderTableCell {TD} at (224,83) size 32x25 [border: (1px inset #808080)] [r=3 c=2 rs=1 cs=1]
              RenderText {#text} at (2,3) size 28x19
                text run at (2,3) width 28: "c1r3"
          RenderTableRow {TR} at (0,110) size 258x25
            RenderTableCell {TD} at (190,110) size 32x25 [border: (1px inset #808080)] [r=4 c=1 rs=1 cs=1]
              RenderText {#text} at (2,3) size 28x19
                text run at (2,3) width 28: "c0r4"
            RenderTableCell {TD} at (224,110) size 32x25 [border: (1px inset #808080)] [r=4 c=2 rs=1 cs=1]
              RenderText {#text} at (2,3) size 28x19
                text run at (2,3) width 28: "c1r4"
          RenderTableRow {TR} at (0,137) size 258x25
            RenderTableCell {TD} at (190,137) size 32x25 [border: (1px inset #808080)] [r=5 c=1 rs=1 cs=1]
              RenderText {#text} at (2,3) size 28x19
                text run at (2,3) width 28: "c0r5"
            RenderTableCell {TD} at (224,137) size 32x25 [border: (1px inset #808080)] [r=5 c=2 rs=1 cs=1]
              RenderText {#text} at (2,3) size 28x19
                text run at (2,3) width 28: "c1r5"
          RenderTableRow {TR} at (0,164) size 258x25
            RenderTableCell {TD} at (190,164) size 32x25 [border: (1px inset #808080)] [r=6 c=1 rs=1 cs=1]
              RenderText {#text} at (2,3) size 28x19
                text run at (2,3) width 28: "c0r6"
            RenderTableCell {TD} at (224,164) size 32x25 [border: (1px inset #808080)] [r=6 c=2 rs=1 cs=1]
              RenderText {#text} at (2,3) size 28x19
                text run at (2,3) width 28: "c1r6"
          RenderTableRow {TR} at (0,191) size 258x25
            RenderTableCell {TD} at (2,218) size 186x25 [border: (1px inset #808080)] [r=7 c=0 rs=3 cs=1]
              RenderText {#text} at (2,3) size 136x19
                text run at (2,3) width 136: "c0r[7-9] span=3 rows"
            RenderTableCell {TD} at (190,191) size 32x25 [border: (1px inset #808080)] [r=7 c=1 rs=1 cs=1]
              RenderText {#text} at (2,3) size 28x19
                text run at (2,3) width 28: "c0r7"
            RenderTableCell {TD} at (224,191) size 32x25 [border: (1px inset #808080)] [r=7 c=2 rs=1 cs=1]
              RenderText {#text} at (2,3) size 28x19
                text run at (2,3) width 28: "c1r7"
          RenderTableRow {TR} at (0,218) size 258x25
            RenderTableCell {TD} at (190,218) size 32x25 [border: (1px inset #808080)] [r=8 c=1 rs=1 cs=1]
              RenderText {#text} at (2,3) size 28x19
                text run at (2,3) width 28: "c0r8"
            RenderTableCell {TD} at (224,218) size 32x25 [border: (1px inset #808080)] [r=8 c=2 rs=1 cs=1]
              RenderText {#text} at (2,3) size 28x19
                text run at (2,3) width 28: "c1r8"
          RenderTableRow {TR} at (0,245) size 258x25
            RenderTableCell {TD} at (190,245) size 32x25 [border: (1px inset #808080)] [r=9 c=1 rs=1 cs=1]
              RenderText {#text} at (2,3) size 28x19
                text run at (2,3) width 28: "c0r9"
            RenderTableCell {TD} at (224,245) size 32x25 [border: (1px inset #808080)] [r=9 c=2 rs=1 cs=1]
              RenderText {#text} at (2,3) size 28x19
                text run at (2,3) width 28: "c1r9"
      RenderBlock {H2} at (0,594) size 784x32
        RenderText {#text} at (0,2) size 265x28
          text run at (0,2) width 265: "Col Span auto width table"
      RenderTable {TABLE} at (0,645) size 698x85 [border: (1px outset #808080)]
        RenderTableSection {TBODY} at (1,1) size 696x83
          RenderTableRow {TR} at (0,2) size 696x25
            RenderTableCell {TD} at (2,2) size 279x25 [border: (1px inset #808080)] [r=0 c=0 rs=1 cs=8]
              RenderText {#text} at (2,3) size 105x19
                text run at (2,3) width 105: "r0c[0-7], span=8"
            RenderTableCell {TD} at (283,2) size 411x25 [border: (1px inset #808080)] [r=0 c=8 rs=1 cs=10]
              RenderText {#text} at (2,3) size 162x19
                text run at (2,3) width 162: "r0col[8-17], span=10 cols"
          RenderTableRow {TR} at (0,29) size 696x25
            RenderTableCell {TD} at (2,29) size 109x25 [border: (1px inset #808080)] [r=1 c=0 rs=1 cs=3]
              RenderText {#text} at (2,3) size 105x19
                text run at (2,3) width 105: "r1c[0-2], span=3"
            RenderTableCell {TD} at (113,29) size 168x25 [border: (1px inset #808080)] [r=1 c=3 rs=1 cs=5]
              RenderText {#text} at (2,3) size 105x19
                text run at (2,3) width 105: "r1c[3-7], span=5"
            RenderTableCell {TD} at (283,29) size 284x25 [border: (1px inset #808080)] [r=1 c=8 rs=1 cs=7]
              RenderText {#text} at (2,3) size 113x19
                text run at (2,3) width 113: "r1c[8-14], span=7"
            RenderTableCell {TD} at (569,29) size 125x25 [border: (1px inset #808080)] [r=1 c=15 rs=1 cs=3]
              RenderText {#text} at (2,3) size 121x19
                text run at (2,3) width 121: "r1c[15-17], span=3"
          RenderTableRow {TR} at (0,56) size 696x25
            RenderTableCell {TD} at (2,56) size 35x25 [border: (1px inset #808080)] [r=2 c=0 rs=1 cs=1]
              RenderText {#text} at (2,3) size 28x19
                text run at (2,3) width 28: "r2c0"
            RenderTableCell {TD} at (39,56) size 35x25 [border: (1px inset #808080)] [r=2 c=1 rs=1 cs=1]
              RenderText {#text} at (2,3) size 28x19
                text run at (2,3) width 28: "r2c1"
            RenderTableCell {TD} at (76,56) size 35x25 [border: (1px inset #808080)] [r=2 c=2 rs=1 cs=1]
              RenderText {#text} at (2,3) size 28x19
                text run at (2,3) width 28: "r2c3"
            RenderTableCell {TD} at (113,56) size 32x25 [border: (1px inset #808080)] [r=2 c=3 rs=1 cs=1]
              RenderText {#text} at (2,3) size 28x19
                text run at (2,3) width 28: "r2c4"
            RenderTableCell {TD} at (147,56) size 32x25 [border: (1px inset #808080)] [r=2 c=4 rs=1 cs=1]
              RenderText {#text} at (2,3) size 28x19
                text run at (2,3) width 28: "r2c5"
            RenderTableCell {TD} at (181,56) size 32x25 [border: (1px inset #808080)] [r=2 c=5 rs=1 cs=1]
              RenderText {#text} at (2,3) size 28x19
                text run at (2,3) width 28: "r2c6"
            RenderTableCell {TD} at (215,56) size 32x25 [border: (1px inset #808080)] [r=2 c=6 rs=1 cs=1]
              RenderText {#text} at (2,3) size 28x19
                text run at (2,3) width 28: "r2c7"
            RenderTableCell {TD} at (249,56) size 32x25 [border: (1px inset #808080)] [r=2 c=7 rs=1 cs=1]
              RenderText {#text} at (2,3) size 28x19
                text run at (2,3) width 28: "r2c8"
            RenderTableCell {TD} at (283,56) size 32x25 [border: (1px inset #808080)] [r=2 c=8 rs=1 cs=1]
              RenderText {#text} at (2,3) size 28x19
                text run at (2,3) width 28: "r2c9"
            RenderTableCell {TD} at (317,56) size 40x25 [border: (1px inset #808080)] [r=2 c=9 rs=1 cs=1]
              RenderText {#text} at (2,3) size 36x19
                text run at (2,3) width 36: "r2c10"
            RenderTableCell {TD} at (359,56) size 40x25 [border: (1px inset #808080)] [r=2 c=10 rs=1 cs=1]
              RenderText {#text} at (2,3) size 36x19
                text run at (2,3) width 36: "r2c11"
            RenderTableCell {TD} at (401,56) size 40x25 [border: (1px inset #808080)] [r=2 c=11 rs=1 cs=1]
              RenderText {#text} at (2,3) size 36x19
                text run at (2,3) width 36: "r2c12"
            RenderTableCell {TD} at (443,56) size 40x25 [border: (1px inset #808080)] [r=2 c=12 rs=1 cs=1]
              RenderText {#text} at (2,3) size 36x19
                text run at (2,3) width 36: "r2c13"
            RenderTableCell {TD} at (485,56) size 40x25 [border: (1px inset #808080)] [r=2 c=13 rs=1 cs=1]
              RenderText {#text} at (2,3) size 36x19
                text run at (2,3) width 36: "r2c14"
            RenderTableCell {TD} at (527,56) size 40x25 [border: (1px inset #808080)] [r=2 c=14 rs=1 cs=1]
              RenderText {#text} at (2,3) size 36x19
                text run at (2,3) width 36: "r2c15"
            RenderTableCell {TD} at (569,56) size 40x25 [border: (1px inset #808080)] [r=2 c=15 rs=1 cs=1]
              RenderText {#text} at (2,3) size 36x19
                text run at (2,3) width 36: "r2c16"
            RenderTableCell {TD} at (611,56) size 40x25 [border: (1px inset #808080)] [r=2 c=16 rs=1 cs=1]
              RenderText {#text} at (2,3) size 36x19
                text run at (2,3) width 36: "r2c17"
            RenderTableCell {TD} at (653,56) size 41x25 [border: (1px inset #808080)] [r=2 c=17 rs=1 cs=1]
              RenderText {#text} at (2,3) size 36x19
                text run at (2,3) width 36: "r2c18"
      RenderBlock {H2} at (0,749) size 784x32
        RenderText {#text} at (0,2) size 189x28
          text run at (0,2) width 189: "Row and Col Span"
      RenderTable {TABLE} at (0,800) size 152x85 [border: (1px outset #808080)]
        RenderTableSection {TBODY} at (1,1) size 150x83
          RenderTableRow {TR} at (0,2) size 150x25
            RenderTableCell {TD} at (2,15) size 78x25 [border: (1px inset #808080)] [r=0 c=0 rs=2 cs=2]
              RenderText {#text} at (2,3) size 74x19
                text run at (2,3) width 74: "r[0-2]c[0-1]"
            RenderTableCell {TD} at (82,2) size 32x25 [border: (1px inset #808080)] [r=0 c=2 rs=1 cs=1]
              RenderText {#text} at (2,3) size 28x19
                text run at (2,3) width 28: "r0c2"
            RenderTableCell {TD} at (116,2) size 32x25 [border: (1px inset #808080)] [r=0 c=3 rs=1 cs=1]
              RenderText {#text} at (2,3) size 28x19
                text run at (2,3) width 28: "r0c3"
          RenderTableRow {TR} at (0,29) size 150x25
            RenderTableCell {TD} at (82,29) size 32x25 [border: (1px inset #808080)] [r=1 c=2 rs=1 cs=1]
              RenderText {#text} at (2,3) size 28x19
                text run at (2,3) width 28: "r1c2"
            RenderTableCell {TD} at (116,29) size 32x25 [border: (1px inset #808080)] [r=1 c=3 rs=1 cs=1]
              RenderText {#text} at (2,3) size 28x19
                text run at (2,3) width 28: "r1c3"
          RenderTableRow {TR} at (0,56) size 150x25
            RenderTableCell {TD} at (2,56) size 38x25 [border: (1px inset #808080)] [r=2 c=0 rs=1 cs=1]
              RenderText {#text} at (2,3) size 28x19
                text run at (2,3) width 28: "r2c0"
            RenderTableCell {TD} at (42,56) size 38x25 [border: (1px inset #808080)] [r=2 c=1 rs=1 cs=1]
              RenderText {#text} at (2,3) size 28x19
                text run at (2,3) width 28: "r2c1"
            RenderTableCell {TD} at (82,56) size 32x25 [border: (1px inset #808080)] [r=2 c=2 rs=1 cs=1]
              RenderText {#text} at (2,3) size 28x19
                text run at (2,3) width 28: "r2c2"
            RenderTableCell {TD} at (116,56) size 32x25 [border: (1px inset #808080)] [r=2 c=3 rs=1 cs=1]
              RenderText {#text} at (2,3) size 28x19
                text run at (2,3) width 28: "r2c3"
      RenderBlock {P} at (0,901) size 784x21
        RenderText {#text} at (0,1) size 4x19
          text run at (0,1) width 4: " "
