layer at (0,0) size 800x1314
  RenderView at (0,0) size 800x600
layer at (0,0) size 800x1314
  RenderBlock {HTML} at (0,0) size 800x1314
    RenderBody {BODY} at (8,8) size 784x1290 [bgcolor=#FFDEAD]
      RenderBlock (anonymous) at (0,0) size 784x18
        RenderText {#text} at (0,1) size 596x16
          text run at (0,1) width 596: "If there is missing vertical space between tables and/or tables and other content, it is bug 6997. "
        RenderBR {BR} at (596,13) size 0x0
      RenderBlock {H1} at (0,39) size 784x74
        RenderInline {FONT} at (0,0) size 467x69 [color=#FF0000]
          RenderText {#text} at (0,2) size 292x32
            text run at (0,2) width 292: "Acceptance Test Case"
          RenderBR {BR} at (292,24) size 0x0
          RenderText {#text} at (0,39) size 467x32
            text run at (0,39) width 467: "Web Browser: Web View (HTML)"
      RenderBlock {P} at (0,134) size 784x28
        RenderInline {FONT} at (0,0) size 216x24 [color=#FF0000]
          RenderInline {B} at (0,0) size 216x24
            RenderText {#text} at (0,2) size 216x24
              text run at (0,2) width 216: "Table: <TR> ALIGN"
        RenderText {#text} at (0,0) size 0x0
      RenderBlock {HR} at (0,178) size 784x2 [border: (1px inset #000000)]
      RenderBlock (anonymous) at (0,188) size 784x75
        RenderText {#text} at (0,1) size 270x16
          text run at (0,1) width 270: "This acceptance test case tests the optional "
        RenderInline {B} at (0,0) size 41x16
          RenderText {#text} at (270,2) size 41x16
            text run at (270,2) width 41: "<TR>"
        RenderText {#text} at (311,1) size 27x16
          text run at (311,1) width 27: " tag "
        RenderInline {B} at (0,0) size 53x16
          RenderText {#text} at (338,2) size 53x16
            text run at (338,2) width 53: "ALIGN"
        RenderText {#text} at (391,1) size 764x53
          text run at (391,1) width 179: " attribute which controls the "
          text run at (570,1) width 188: "horizontal alignment of all the"
          text run at (0,20) width 470: "cells in a row. This cause the contents of each cell in the row to be aligned "
          text run at (470,20) width 294: "either LEFT|CENTER|RIGHT with respect to"
          text run at (0,38) width 357: "the current left and right margins of the display window. "
          text run at (357,38) width 29: "The "
        RenderInline {B} at (0,0) size 50x16
          RenderText {#text} at (386,39) size 50x16
            text run at (386,39) width 50: "Header"
        RenderText {#text} at (436,38) size 177x16
          text run at (436,38) width 177: " cells by default are aligned "
        RenderInline {B} at (0,0) size 69x16
          RenderText {#text} at (613,39) size 69x16
            text run at (613,39) width 69: "CENTER"
        RenderText {#text} at (682,38) size 66x16
          text run at (682,38) width 66: " while the "
        RenderInline {B} at (0,0) size 33x16
          RenderText {#text} at (748,39) size 33x16
            text run at (748,39) width 33: "Data"
        RenderText {#text} at (0,57) size 172x16
          text run at (0,57) width 172: "cells by default are aligned "
        RenderInline {B} at (0,0) size 43x16
          RenderText {#text} at (172,58) size 43x16
            text run at (172,58) width 43: "LEFT"
        RenderText {#text} at (215,57) size 4x16
          text run at (215,57) width 4: "."
      RenderBlock {P} at (0,279) size 784x18
        RenderInline {B} at (0,0) size 118x16
          RenderText {#text} at (0,1) size 118x16
            text run at (0,1) width 118: "Test Instructions:"
        RenderText {#text} at (0,0) size 0x0
      RenderBlock {OL} at (0,313) size 784x213
        RenderListItem {LI} at (40,0) size 744x18
          RenderListMarker at (-20,1) size 16x16: "1"
          RenderText {#text} at (0,1) size 497x16
            text run at (0,1) width 497: "Verify that the sample text displays as stated in each of the following test cases:"
        RenderBlock {P} at (40,34) size 744x70
          RenderTable {TABLE} at (0,0) size 716x70 [bgcolor=#F08080]
            RenderTableSection {TBODY} at (0,0) size 716x70
              RenderTableRow {TR} at (0,2) size 716x32
                RenderTableCell {TD} at (2,2) size 95x32 [r=0 c=0 rs=1 cs=1]
                  RenderInline {A} at (0,0) size 81x16 [color=#0000EE]
                    RenderText {#text} at (7,8) size 81x16
                      text run at (7,8) width 81: "Test Case #1"
                RenderTableCell {TD} at (99,2) size 615x32 [r=0 c=1 rs=1 cs=1]
                  RenderInline {FONT} at (0,0) size 601x16 [color=#0000FF]
                    RenderInline {B} at (0,0) size 601x16
                      RenderText {#text} at (7,8) size 601x16
                        text run at (7,8) width 601: "Table displaying Header \"CENTER \"& Data \"LEFT\" default horizontal row alignment"
              RenderTableRow {TR} at (0,36) size 716x32
                RenderTableCell {TD} at (2,36) size 95x32 [r=1 c=0 rs=1 cs=1]
                  RenderInline {A} at (0,0) size 81x16 [color=#0000EE]
                    RenderText {#text} at (7,8) size 81x16
                      text run at (7,8) width 81: "Test Case #2"
                RenderTableCell {TD} at (99,36) size 615x32 [r=1 c=1 rs=1 cs=1]
                  RenderInline {FONT} at (0,0) size 595x16 [color=#0000FF]
                    RenderInline {B} at (0,0) size 595x16
                      RenderText {#text} at (7,8) size 595x16
                        text run at (7,8) width 595: "Tables displaying Header & Data \"LEFT|CENTER|RIGHT\" horizontal row alignment"
        RenderBlock {P} at (40,120) size 744x0
        RenderListItem {LI} at (40,120) size 744x19
          RenderListMarker at (-20,1) size 16x16: "2"
          RenderText {#text} at (0,1) size 282x16
            text run at (0,1) width 282: "Verify that the table is maintained when you "
          RenderInline {B} at (0,0) size 129x16
            RenderText {#text} at (282,2) size 129x16
              text run at (282,2) width 129: "minimize/maximize"
          RenderText {#text} at (411,1) size 71x16
            text run at (411,1) width 71: " the screen."
        RenderListItem {LI} at (40,139) size 744x19
          RenderListMarker at (-20,1) size 16x16: "3"
          RenderText {#text} at (0,1) size 282x16
            text run at (0,1) width 282: "Verify that the table is maintained when you "
          RenderInline {B} at (0,0) size 122x16
            RenderText {#text} at (282,2) size 122x16
              text run at (282,2) width 122: "re-size left & right"
          RenderText {#text} at (404,1) size 71x16
            text run at (404,1) width 71: " the screen."
        RenderListItem {LI} at (40,158) size 744x19
          RenderListMarker at (-20,1) size 16x16: "4"
          RenderText {#text} at (0,1) size 282x16
            text run at (0,1) width 282: "Verify that the table is maintained when you "
          RenderInline {B} at (0,0) size 138x16
            RenderText {#text} at (282,2) size 138x16
              text run at (282,2) width 138: "re-size top & bottom"
          RenderText {#text} at (420,1) size 71x16
            text run at (420,1) width 71: " the screen."
        RenderListItem {LI} at (40,177) size 744x18
          RenderListMarker at (-20,1) size 16x16: "5"
          RenderText {#text} at (0,1) size 407x16
            text run at (0,1) width 407: "Verify re-draw takes place correctly after maximizing the screen."
        RenderListItem {LI} at (40,195) size 744x18
          RenderListMarker at (-20,1) size 16x16: "6"
          RenderText {#text} at (0,1) size 130x16
            text run at (0,1) width 130: "Verify reload works."
      RenderBlock {HR} at (0,542) size 784x2 [border: (1px inset #000000)]
      RenderBlock {P} at (0,560) size 784x61
        RenderTable {TABLE} at (0,0) size 784x61 [bgcolor=#F08080] [border: (1px outset #808080)]
          RenderTableSection {TBODY} at (1,1) size 782x59
            RenderTableRow {TR} at (0,2) size 782x55
              RenderTableCell {TH} at (2,2) size 778x55 [border: (1px inset #808080)] [r=0 c=0 rs=1 cs=1]
                RenderInline {A} at (0,0) size 0x0
                RenderText {#text} at (22,12) size 94x16
                  text run at (22,12) width 94: "Test Case #1: "
                RenderInline {FONT} at (0,0) size 601x16 [color=#0000FF]
                  RenderText {#text} at (116,12) size 601x16
                    text run at (116,12) width 601: "Table displaying Header \"CENTER \"& Data \"LEFT\" default horizontal row alignment"
                RenderText {#text} at (717,12) size 4x16
                  text run at (717,12) width 4: " "
                RenderInline {FONT} at (0,0) size 400x29
                  RenderInline {I} at (0,0) size 400x29
                    RenderText {#text} at (721,14) size 400x29
                      text run at (721,14) width 34: "(using"
                      text run at (355,30) width 67: "&ltTR> tag)"
                RenderText {#text} at (0,0) size 0x0
      RenderBlock {P} at (0,637) size 784x70
        RenderTable {TABLE} at (0,0) size 352x70 [bgcolor=#FFE4C4] [border: (1px outset #808080)]
          RenderBlock {CAPTION} at (0,0) size 350x18
            RenderText {#text} at (63,1) size 224x16
              text run at (63,1) width 224: "Default Horizontal Row Alignment"
          RenderTableSection {TBODY} at (1,19) size 350x50
            RenderTableRow {TR} at (0,2) size 350x22
              RenderTableCell {TH} at (2,2) size 114x22 [border: (1px inset #808080)] [r=0 c=0 rs=1 cs=1]
                RenderText {#text} at (19,3) size 76x16
                  text run at (19,3) width 76: "row head 1"
              RenderTableCell {TH} at (118,2) size 114x22 [border: (1px inset #808080)] [r=0 c=1 rs=1 cs=1]
                RenderText {#text} at (19,3) size 76x16
                  text run at (19,3) width 76: "row head 2"
              RenderTableCell {TH} at (234,2) size 114x22 [border: (1px inset #808080)] [r=0 c=2 rs=1 cs=1]
                RenderText {#text} at (19,3) size 76x16
                  text run at (19,3) width 76: "row head 3"
            RenderTableRow {TR} at (0,26) size 350x22
              RenderTableCell {TD} at (2,26) size 114x22 [border: (1px inset #808080)] [r=1 c=0 rs=1 cs=1]
                RenderText {#text} at (2,3) size 67x16
                  text run at (2,3) width 67: "row data 1"
              RenderTableCell {TD} at (118,26) size 114x22 [border: (1px inset #808080)] [r=1 c=1 rs=1 cs=1]
                RenderText {#text} at (2,3) size 67x16
                  text run at (2,3) width 67: "row data 2"
              RenderTableCell {TD} at (234,26) size 114x22 [border: (1px inset #808080)] [r=1 c=2 rs=1 cs=1]
                RenderText {#text} at (2,3) size 67x16
                  text run at (2,3) width 67: "row data 3"
      RenderBlock {HR} at (0,723) size 784x2 [border: (1px inset #000000)]
      RenderBlock {P} at (0,741) size 784x61
        RenderTable {TABLE} at (0,0) size 784x61 [bgcolor=#F08080] [border: (1px outset #808080)]
          RenderTableSection {TBODY} at (1,1) size 782x59
            RenderTableRow {TR} at (0,2) size 782x55
              RenderTableCell {TH} at (2,2) size 778x55 [border: (1px inset #808080)] [r=0 c=0 rs=1 cs=1]
                RenderInline {A} at (0,0) size 0x0
                RenderText {#text} at (25,12) size 94x16
                  text run at (25,12) width 94: "Test Case #2: "
                RenderInline {FONT} at (0,0) size 595x16 [color=#0000FF]
                  RenderText {#text} at (119,12) size 595x16
                    text run at (119,12) width 595: "Tables displaying Header & Data \"LEFT|CENTER|RIGHT\" horizontal row alignment"
                RenderText {#text} at (714,12) size 4x16
                  text run at (714,12) width 4: " "
                RenderInline {FONT} at (0,0) size 489x29
                  RenderInline {I} at (0,0) size 489x29
                    RenderText {#text} at (718,14) size 489x29
                      text run at (718,14) width 34: "(using"
                      text run at (263,30) width 251: "&ltTR ALIGN=LEFT|CENTER|RIGHT> tag)"
                RenderText {#text} at (0,0) size 0x0
      RenderBlock {P} at (0,818) size 784x146
        RenderTable {TABLE} at (0,0) size 352x146 [bgcolor=#FFE4C4] [border: (1px outset #808080)]
          RenderBlock {CAPTION} at (0,0) size 350x18
            RenderText {#text} at (64,1) size 221x16
              text run at (64,1) width 221: "Horizontal Row Alignment=LEFT"
          RenderTableSection {TBODY} at (1,19) size 350x126
            RenderTableRow {TR} at (0,2) size 350x22
              RenderTableCell {TH} at (2,2) size 114x22 [border: (1px inset #808080)] [r=0 c=0 rs=1 cs=1]
                RenderText {#text} at (2,3) size 76x16
                  text run at (2,3) width 76: "row head 1"
              RenderTableCell {TH} at (118,2) size 114x22 [border: (1px inset #808080)] [r=0 c=1 rs=1 cs=1]
                RenderText {#text} at (2,3) size 76x16
                  text run at (2,3) width 76: "row head 2"
              RenderTableCell {TH} at (234,2) size 114x22 [border: (1px inset #808080)] [r=0 c=2 rs=1 cs=1]
                RenderText {#text} at (2,3) size 76x16
                  text run at (2,3) width 76: "row head 3"
            RenderTableRow {TR} at (0,26) size 350x22
              RenderTableCell {TD} at (2,26) size 114x22 [border: (1px inset #808080)] [r=1 c=0 rs=1 cs=1]
                RenderText {#text} at (2,3) size 67x16
                  text run at (2,3) width 67: "row data 1"
              RenderTableCell {TD} at (118,26) size 114x22 [border: (1px inset #808080)] [r=1 c=1 rs=1 cs=1]
                RenderText {#text} at (2,3) size 67x16
                  text run at (2,3) width 67: "row data 2"
              RenderTableCell {TD} at (234,26) size 114x22 [border: (1px inset #808080)] [r=1 c=2 rs=1 cs=1]
                RenderText {#text} at (2,3) size 67x16
                  text run at (2,3) width 67: "row data 3"
            RenderTableRow {TR} at (0,50) size 350x74 [bgcolor=#FFD700]
              RenderTableCell {TD} at (2,50) size 346x74 [border: (1px inset #808080)] [r=2 c=0 rs=1 cs=3]
                RenderBlock (anonymous) at (2,2) size 342x54
                  RenderInline {B} at (0,0) size 337x52
                    RenderInline {FONT} at (0,0) size 337x52 [color=#FF0000]
                      RenderText {#text} at (0,1) size 135x16
                        text run at (0,1) width 135: "Note: The attribute "
                      RenderInline {FONT} at (0,0) size 105x16 [color=#0000FF]
                        RenderText {#text} at (135,1) size 105x16
                          text run at (135,1) width 105: "ALIGN=LEFT"
                      RenderText {#text} at (240,1) size 337x52
                        text run at (240,1) width 97: " has no special"
                        text run at (0,19) width 337: "effect on the row data since it simply reiterates the"
                        text run at (0,37) width 227: "default horizontal row alignment!"
                RenderBlock (anonymous) at (2,56) size 342x0 [color=#FF0000]
                RenderBlock (anonymous) at (2,56) size 342x0
                  RenderInline {B} at (0,0) size 0x0
                    RenderInline {FONT} at (0,0) size 0x0 [color=#FF0000]
                RenderBlock (anonymous) at (2,56) size 342x0
                RenderBlock (anonymous) at (2,56) size 342x0
                  RenderInline {B} at (0,0) size 0x0
                RenderBlock {P} at (2,72) size 342x0
      RenderBlock {P} at (0,980) size 784x146
        RenderTable {TABLE} at (0,0) size 352x146 [bgcolor=#FFE4C4] [border: (1px outset #808080)]
          RenderBlock {CAPTION} at (0,0) size 350x18
            RenderText {#text} at (52,1) size 246x16
              text run at (52,1) width 246: "Horizontal Row Alignment=CENTER"
          RenderTableSection {TBODY} at (1,19) size 350x126
            RenderTableRow {TR} at (0,2) size 350x22
              RenderTableCell {TH} at (2,2) size 113x22 [border: (1px inset #808080)] [r=0 c=0 rs=1 cs=1]
                RenderText {#text} at (18,3) size 76x16
                  text run at (18,3) width 76: "row head 1"
              RenderTableCell {TH} at (117,2) size 114x22 [border: (1px inset #808080)] [r=0 c=1 rs=1 cs=1]
                RenderText {#text} at (19,3) size 76x16
                  text run at (19,3) width 76: "row head 2"
              RenderTableCell {TH} at (233,2) size 115x22 [border: (1px inset #808080)] [r=0 c=2 rs=1 cs=1]
                RenderText {#text} at (19,3) size 76x16
                  text run at (19,3) width 76: "row head 3"
            RenderTableRow {TR} at (0,26) size 350x22
              RenderTableCell {TD} at (2,26) size 113x22 [border: (1px inset #808080)] [r=1 c=0 rs=1 cs=1]
                RenderText {#text} at (23,3) size 67x16
                  text run at (23,3) width 67: "row data 1"
              RenderTableCell {TD} at (117,26) size 114x22 [border: (1px inset #808080)] [r=1 c=1 rs=1 cs=1]
                RenderText {#text} at (23,3) size 67x16
                  text run at (23,3) width 67: "row data 2"
              RenderTableCell {TD} at (233,26) size 115x22 [border: (1px inset #808080)] [r=1 c=2 rs=1 cs=1]
                RenderText {#text} at (24,3) size 67x16
                  text run at (24,3) width 67: "row data 3"
            RenderTableRow {TR} at (0,50) size 350x74 [bgcolor=#FFD700]
              RenderTableCell {TD} at (2,50) size 346x74 [border: (1px inset #808080)] [r=2 c=0 rs=1 cs=3]
                RenderBlock (anonymous) at (2,2) size 342x54
                  RenderInline {B} at (0,0) size 319x52
                    RenderInline {FONT} at (0,0) size 319x52 [color=#FF0000]
                      RenderText {#text} at (0,1) size 135x16
                        text run at (0,1) width 135: "Note: The attribute "
                      RenderInline {FONT} at (0,0) size 131x16 [color=#0000FF]
                        RenderText {#text} at (135,1) size 131x16
                          text run at (135,1) width 131: "ALIGN=CENTER"
                      RenderText {#text} at (266,1) size 319x52
                        text run at (266,1) width 48: " has no"
                        text run at (0,19) width 297: "special effect on the row head since it simply"
                        text run at (0,37) width 319: "reiterates the default horizontal row alignment!"
                RenderBlock (anonymous) at (2,56) size 342x0 [color=#FF0000]
                RenderBlock (anonymous) at (2,56) size 342x0
                  RenderInline {B} at (0,0) size 0x0
                    RenderInline {FONT} at (0,0) size 0x0 [color=#FF0000]
                RenderBlock (anonymous) at (2,56) size 342x0
                RenderBlock (anonymous) at (2,56) size 342x0
                  RenderInline {B} at (0,0) size 0x0
                RenderBlock {P} at (2,72) size 342x0
      RenderBlock {P} at (0,1142) size 784x70
        RenderTable {TABLE} at (0,0) size 352x70 [bgcolor=#FFE4C4] [border: (1px outset #808080)]
          RenderBlock {CAPTION} at (0,0) size 350x18
            RenderText {#text} at (59,1) size 232x16
              text run at (59,1) width 232: "Horizontal Row Alignment=RIGHT"
          RenderTableSection {TBODY} at (1,19) size 350x50
            RenderTableRow {TR} at (0,2) size 350x22
              RenderTableCell {TH} at (2,2) size 114x22 [border: (1px inset #808080)] [r=0 c=0 rs=1 cs=1]
                RenderText {#text} at (36,3) size 76x16
                  text run at (36,3) width 76: "row head 1"
              RenderTableCell {TH} at (118,2) size 114x22 [border: (1px inset #808080)] [r=0 c=1 rs=1 cs=1]
                RenderText {#text} at (36,3) size 76x16
                  text run at (36,3) width 76: "row head 2"
              RenderTableCell {TH} at (234,2) size 114x22 [border: (1px inset #808080)] [r=0 c=2 rs=1 cs=1]
                RenderText {#text} at (36,3) size 76x16
                  text run at (36,3) width 76: "row head 3"
            RenderTableRow {TR} at (0,26) size 350x22
              RenderTableCell {TD} at (2,26) size 114x22 [border: (1px inset #808080)] [r=1 c=0 rs=1 cs=1]
                RenderText {#text} at (45,3) size 67x16
                  text run at (45,3) width 67: "row data 1"
              RenderTableCell {TD} at (118,26) size 114x22 [border: (1px inset #808080)] [r=1 c=1 rs=1 cs=1]
                RenderText {#text} at (45,3) size 67x16
                  text run at (45,3) width 67: "row data 2"
              RenderTableCell {TD} at (234,26) size 114x22 [border: (1px inset #808080)] [r=1 c=2 rs=1 cs=1]
                RenderText {#text} at (45,3) size 67x16
                  text run at (45,3) width 67: "row data 3"
      RenderBlock {P} at (0,1228) size 784x0
      RenderBlock {HR} at (0,1228) size 784x2 [border: (1px inset #000000)]
      RenderBlock (anonymous) at (0,1238) size 784x18
        RenderImage {IMG} at (0,0) size 13x13
        RenderText {#text} at (13,1) size 122x16
          text run at (13,1) width 122: " Created 9/9/96 by "
        RenderInline {A} at (0,0) size 82x16 [color=#0000EE]
          RenderText {#text} at (135,1) size 82x16
            text run at (135,1) width 82: "Ronald Greti"
        RenderBR {BR} at (217,13) size 0x0
      RenderBlock {P} at (0,1272) size 784x18
        RenderBR {BR} at (0,1) size 0x16
      RenderBlock {P} at (0,1306) size 784x0
