layer at (0,0) size 800x2781
  RenderView at (0,0) size 800x600
layer at (0,0) size 800x2781
  RenderBlock {HTML} at (0,0) size 800x2781
    RenderBody {BODY} at (8,8) size 784x2757
      RenderBlock {H1} at (0,0) size 784x41
        RenderText {#text} at (0,2) size 432x36
          text run at (0,2) width 432: "Example 4: Some simple tables."
      RenderTable {TABLE} at (0,62) size 467x112 [border: (1px outset #808080)]
        RenderTableSection {TBODY} at (1,1) size 465x110
          RenderTableRow {TR} at (0,2) size 465x25
            RenderTableCell {TH} at (2,2) size 67x25 [border: (1px inset #808080)] [r=0 c=0 rs=1 cs=1]
              RenderText {#text} at (12,3) size 43x19
                text run at (12,3) width 43: "Color "
            RenderTableCell {TH} at (71,2) size 392x25 [border: (1px inset #808080)] [r=0 c=1 rs=1 cs=1]
              RenderText {#text} at (164,3) size 64x19
                text run at (164,3) width 64: "Meaning "
          RenderTableRow {TR} at (0,29) size 465x25
            RenderTableCell {TD} at (2,29) size 67x25 [bgcolor=#90EE90] [border: (1px inset #808080)] [r=1 c=0 rs=1 cs=1]
              RenderText {#text} at (2,3) size 63x19
                text run at (2,3) width 63: "lightgreen"
            RenderTableCell {TD} at (71,29) size 392x25 [border: (1px inset #808080)] [r=1 c=1 rs=1 cs=1]
              RenderText {#text} at (2,3) size 296x19
                text run at (2,3) width 296: "Light green is used on cells that have a colspan"
          RenderTableRow {TR} at (0,56) size 465x25
            RenderTableCell {TD} at (2,56) size 67x25 [bgcolor=#F0E68C] [border: (1px inset #808080)] [r=2 c=0 rs=1 cs=1]
              RenderText {#text} at (2,3) size 35x19
                text run at (2,3) width 35: "khaki"
            RenderTableCell {TD} at (71,56) size 392x25 [border: (1px inset #808080)] [r=2 c=1 rs=1 cs=1]
              RenderText {#text} at (2,3) size 268x19
                text run at (2,3) width 268: "Khaki is used on cells that have a rowspan"
          RenderTableRow {TR} at (0,83) size 465x25
            RenderTableCell {TD} at (2,83) size 67x25 [bgcolor=#D3D3D3] [border: (1px inset #808080)] [r=3 c=0 rs=1 cs=1]
              RenderText {#text} at (2,3) size 56x19
                text run at (2,3) width 56: "lightgrey"
            RenderTableCell {TD} at (71,83) size 392x25 [border: (1px inset #808080)] [r=3 c=1 rs=1 cs=1]
              RenderText {#text} at (2,3) size 299x19
                text run at (2,3) width 299: "Light grey is used on cells that have a rowspan "
              RenderInline {B} at (0,0) size 26x19
                RenderText {#text} at (301,3) size 26x19
                  text run at (301,3) width 26: "and"
              RenderText {#text} at (327,3) size 63x19
                text run at (327,3) width 63: " a colspan"
      RenderBlock (anonymous) at (0,174) size 784x42
        RenderBR {BR} at (0,1) size 0x19
        RenderText {#text} at (0,22) size 4x19
          text run at (0,22) width 4: " "
      RenderTable {TABLE} at (0,216) size 784x148 [border: (1px outset #808080)]
        RenderBlock {CAPTION} at (0,0) size 782x21
          RenderText {#text} at (137,1) size 508x19
            text run at (137,1) width 508: "Table 1 has this caption at the top.  It is defined to be 100% of it's parent's width."
        RenderTableSection {TBODY} at (1,22) size 782x125
          RenderTableRow {TR} at (0,2) size 782x46
            RenderTableCell {TD} at (2,12) size 404x25 [bgcolor=#90EE90] [border: (1px inset #808080)] [r=0 c=0 rs=1 cs=2]
              RenderText {#text} at (2,3) size 26x19
                text run at (2,3) width 26: "Cell"
            RenderTableCell {TD} at (408,2) size 372x46 [border: (1px inset #808080)] [r=0 c=2 rs=1 cs=1]
              RenderText {#text} at (2,3) size 332x40
                text run at (2,3) width 332: "Stuff to test out table cell layout. This should be long"
                text run at (2,24) width 51: "enough."
          RenderTableRow {TR} at (0,50) size 782x25
            RenderTableCell {TD} at (2,50) size 30x25 [border: (1px inset #808080)] [r=1 c=0 rs=1 cs=1]
              RenderText {#text} at (2,3) size 26x19
                text run at (2,3) width 26: "Cell"
            RenderTableCell {TD} at (34,50) size 746x25 [bgcolor=#90EE90] [border: (1px inset #808080)] [r=1 c=1 rs=1 cs=2]
              RenderText {#text} at (2,3) size 388x19
                text run at (2,3) width 388: "Stuff to test out table cell layout. This should be long enough."
          RenderTableRow {TR} at (0,77) size 782x46
            RenderTableCell {TD} at (2,87) size 30x25 [border: (1px inset #808080)] [r=2 c=0 rs=1 cs=1]
              RenderText {#text} at (2,3) size 26x19
                text run at (2,3) width 26: "Cell"
            RenderTableCell {TD} at (34,77) size 372x46 [border: (1px inset #808080)] [r=2 c=1 rs=1 cs=1]
              RenderText {#text} at (2,3) size 332x40
                text run at (2,3) width 332: "Stuff to test out table cell layout. This should be long"
                text run at (2,24) width 51: "enough."
            RenderTableCell {TD} at (408,87) size 372x25 [border: (1px inset #808080)] [r=2 c=2 rs=1 cs=1]
              RenderText {#text} at (2,3) size 26x19
                text run at (2,3) width 26: "Cell"
      RenderBlock (anonymous) at (0,364) size 784x42
        RenderBR {BR} at (0,1) size 0x19
        RenderText {#text} at (0,22) size 4x19
          text run at (0,22) width 4: " "
      RenderTable {TABLE} at (0,406) size 495x106 [border: (1px outset #808080)]
        RenderBlock {CAPTION} at (0,0) size 493x21
          RenderText {#text} at (85,1) size 322x19
            text run at (85,1) width 322: "Table 2 has auto-width (no width param specified.)"
        RenderTableSection {TBODY} at (1,22) size 493x83
          RenderTableRow {TR} at (0,2) size 493x25
            RenderTableCell {TD} at (2,2) size 30x25 [border: (1px inset #808080)] [r=0 c=0 rs=1 cs=1]
              RenderText {#text} at (2,3) size 26x19
                text run at (2,3) width 26: "Cell"
            RenderTableCell {TD} at (34,15) size 457x25 [bgcolor=#D3D3D3] [border: (1px inset #808080)] [r=0 c=1 rs=2 cs=2]
              RenderText {#text} at (2,3) size 388x19
                text run at (2,3) width 388: "Stuff to test out table cell layout. This should be long enough."
          RenderTableRow {TR} at (0,29) size 493x25
            RenderTableCell {TD} at (2,29) size 30x25 [border: (1px inset #808080)] [r=1 c=0 rs=1 cs=1]
              RenderText {#text} at (2,3) size 26x19
                text run at (2,3) width 26: "Cell"
          RenderTableRow {TR} at (0,56) size 493x25
            RenderTableCell {TD} at (2,56) size 30x25 [border: (1px inset #808080)] [r=2 c=0 rs=1 cs=1]
              RenderText {#text} at (2,3) size 26x19
                text run at (2,3) width 26: "Cell"
            RenderTableCell {TD} at (34,56) size 392x25 [border: (1px inset #808080)] [r=2 c=1 rs=1 cs=1]
              RenderText {#text} at (2,3) size 388x19
                text run at (2,3) width 388: "Stuff to test out table cell layout. This should be long enough."
            RenderTableCell {TD} at (428,56) size 63x25 [border: (1px inset #808080)] [r=2 c=2 rs=1 cs=1]
              RenderText {#text} at (2,3) size 59x19
                text run at (2,3) width 59: "more text"
      RenderBlock (anonymous) at (0,512) size 784x21
        RenderText {#text} at (0,1) size 4x19
          text run at (0,1) width 4: " "
      RenderTable {TABLE} at (0,533) size 495x106 [border: (1px outset #808080)]
        RenderBlock {CAPTION} at (0,0) size 493x21
          RenderText {#text} at (50,1) size 392x19
            text run at (50,1) width 392: "Table 3 is the same as Table 2, but with equal column widths. "
        RenderTableSection {TBODY} at (1,22) size 493x83
          RenderTableRow {TR} at (0,2) size 493x25
            RenderTableCell {TD} at (2,2) size 30x25 [border: (1px inset #808080)] [r=0 c=0 rs=1 cs=1]
              RenderText {#text} at (2,3) size 26x19
                text run at (2,3) width 26: "Cell"
            RenderTableCell {TD} at (34,15) size 457x25 [bgcolor=#D3D3D3] [border: (1px inset #808080)] [r=0 c=1 rs=2 cs=2]
              RenderText {#text} at (2,3) size 388x19
                text run at (2,3) width 388: "Stuff to test out table cell layout. This should be long enough."
          RenderTableRow {TR} at (0,29) size 493x25
            RenderTableCell {TD} at (2,29) size 30x25 [border: (1px inset #808080)] [r=1 c=0 rs=1 cs=1]
              RenderText {#text} at (2,3) size 26x19
                text run at (2,3) width 26: "Cell"
          RenderTableRow {TR} at (0,56) size 493x25
            RenderTableCell {TD} at (2,56) size 30x25 [border: (1px inset #808080)] [r=2 c=0 rs=1 cs=1]
              RenderText {#text} at (2,3) size 26x19
                text run at (2,3) width 26: "Cell"
            RenderTableCell {TD} at (34,56) size 392x25 [border: (1px inset #808080)] [r=2 c=1 rs=1 cs=1]
              RenderText {#text} at (2,3) size 388x19
                text run at (2,3) width 388: "Stuff to test out table cell layout. This should be long enough."
            RenderTableCell {TD} at (428,56) size 63x25 [border: (1px inset #808080)] [r=2 c=2 rs=1 cs=1]
              RenderText {#text} at (2,3) size 59x19
                text run at (2,3) width 59: "more text"
      RenderBlock (anonymous) at (0,639) size 784x42
        RenderBR {BR} at (0,1) size 0x19
        RenderText {#text} at (0,22) size 4x19
          text run at (0,22) width 4: " "
      RenderTable {TABLE} at (0,681) size 252x198 [border: (1px none #808080)]
        RenderBlock {CAPTION} at (0,135) size 250x63
          RenderText {#text} at (10,1) size 239x61
            text run at (10,1) width 229: "Table 4 has this bottom caption. The"
            text run at (5,22) width 239: "table has specified column widths and"
            text run at (65,43) width 119: "collapsing borders."
        RenderTableCol {COLGROUP} at (0,0) size 0x0
          RenderTableCol {COL} at (0,0) size 0x0 [border: (2px dashed #0000FF) none (2px solid #000000)]
          RenderTableCol {COL} at (0,0) size 0x0 [border: (1px solid #FF0000) none]
          RenderTableCol {COL} at (0,0) size 0x0 [border: (2px solid #000000) none]
        RenderTableSection {THEAD} at (1,1) size 250x29 [border: none (6px solid #000000) none]
          RenderTableRow {TR} at (0,0) size 250x29 [border: (2px solid #000000)]
            RenderTableCell {TH} at (0,0) size 90x29 [border: (1px none #000000) none (3px none #000000)] [r=0 c=0 rs=1 cs=1]
              RenderText {#text} at (23,4) size 44x19
                text run at (23,4) width 44: "Player"
            RenderTableCell {TH} at (90,0) size 80x29 [border: (1px none #000000) none (3px none #000000)] [r=0 c=1 rs=1 cs=1]
              RenderText {#text} at (10,4) size 59x19
                text run at (10,4) width 59: "Ranking"
            RenderTableCell {TH} at (170,0) size 80x29 [border: (1px none #000000)] [r=0 c=2 rs=1 cs=1]
              RenderText {#text} at (14,4) size 50x19
                text run at (14,4) width 50: "Record"
        RenderTableSection {TBODY} at (1,30) size 250x104
          RenderTableRow {TR} at (0,0) size 250x29 [border: (2px solid #000000)]
            RenderTableCell {TD} at (0,0) size 90x29 [border: (3px none #000000)] [r=0 c=0 rs=1 cs=1]
              RenderText {#text} at (3,6) size 74x19
                text run at (3,6) width 74: "Steve Clark"
            RenderTableCell {TD} at (90,0) size 80x29 [border: (3px none #000000)] [r=0 c=1 rs=1 cs=1]
              RenderText {#text} at (36,6) size 8x19
                text run at (36,6) width 8: "1"
            RenderTableCell {TD} at (170,0) size 80x29 [border: (3px none #000000)] [r=0 c=2 rs=1 cs=1]
              RenderText {#text} at (25,6) size 29x19
                text run at (25,6) width 29: "77-0"
          RenderTableRow {TR} at (0,29) size 250x27 [border: (2px solid #000000)]
            RenderTableCell {TD} at (0,29) size 90x27 [border: (1px none #000000)] [r=1 c=0 rs=1 cs=1]
              RenderText {#text} at (3,4) size 73x19
                text run at (3,4) width 73: "Cliff Swain"
            RenderTableCell {TD} at (90,29) size 80x27 [border: (1px none #000000)] [r=1 c=1 rs=1 cs=1]
              RenderText {#text} at (36,4) size 8x19
                text run at (36,4) width 8: "2"
            RenderTableCell {TD} at (170,29) size 80x27 [border: (1px none #000000)] [r=1 c=2 rs=1 cs=1]
              RenderText {#text} at (21,4) size 37x19
                text run at (21,4) width 37: "67-10"
          RenderTableRow {TR} at (0,56) size 250x48 [border: (2px solid #000000)]
            RenderTableCell {TD} at (0,56) size 90x48 [border: (1px none #000000)] [r=2 c=0 rs=1 cs=1]
              RenderText {#text} at (3,4) size 43x40
                text run at (3,4) width 38: "Marty"
                text run at (3,25) width 43: "Hogan"
            RenderTableCell {TD} at (90,66) size 80x27 [border: (1px none #000000)] [r=2 c=1 rs=1 cs=1]
              RenderText {#text} at (36,4) size 8x19
                text run at (36,4) width 8: "3"
            RenderTableCell {TD} at (170,66) size 80x27 [border: (1px none #000000)] [r=2 c=2 rs=1 cs=1]
              RenderText {#text} at (21,4) size 37x19
                text run at (21,4) width 37: "57-15"
      RenderBlock (anonymous) at (0,879) size 784x21
        RenderBR {BR} at (0,1) size 0x19
      RenderTable {TABLE} at (0,900) size 194x465
        RenderBlock {CAPTION} at (0,444) size 194x21
          RenderText {#text} at (5,1) size 184x19
            text run at (5,1) width 184: "Table 5 has a scrolling tbody."
        RenderTableSection {THEAD} at (0,0) size 194x21
          RenderTableRow {TR} at (0,2) size 194x17
            RenderTableCell {TD} at (2,2) size 94x17 [r=0 c=0 rs=1 cs=2]
              RenderText {#text} at (1,2) size 47x13
                text run at (1,2) width 47: "HEADER"
        RenderTableSection {TBODY} at (0,21) size 194x402 [border: (1px solid #000000)]
          RenderTableRow {TR} at (0,2) size 194x23
            RenderTableCell {TD} at (2,2) size 46x23 [r=0 c=0 rs=1 cs=1]
              RenderText {#text} at (1,2) size 43x19
                text run at (1,2) width 43: "cell-00"
            RenderTableCell {TD} at (50,2) size 46x23 [r=0 c=1 rs=1 cs=1]
              RenderText {#text} at (1,2) size 43x19
                text run at (1,2) width 43: "cell-01"
            RenderTableCell {TD} at (98,2) size 46x23 [r=0 c=2 rs=1 cs=1]
              RenderText {#text} at (1,2) size 43x19
                text run at (1,2) width 43: "cell-02"
            RenderTableCell {TD} at (146,2) size 46x23 [r=0 c=3 rs=1 cs=1]
              RenderText {#text} at (1,2) size 43x19
                text run at (1,2) width 43: "cell-03"
          RenderTableRow {TR} at (0,27) size 194x23
            RenderTableCell {TD} at (2,27) size 46x23 [r=1 c=0 rs=1 cs=1]
              RenderText {#text} at (1,2) size 43x19
                text run at (1,2) width 43: "cell-10"
            RenderTableCell {TD} at (50,27) size 46x23 [r=1 c=1 rs=1 cs=1]
              RenderText {#text} at (1,2) size 43x19
                text run at (1,2) width 43: "cell-11"
            RenderTableCell {TD} at (98,27) size 46x23 [r=1 c=2 rs=1 cs=1]
              RenderText {#text} at (1,2) size 43x19
                text run at (1,2) width 43: "cell-12"
            RenderTableCell {TD} at (146,27) size 46x23 [r=1 c=3 rs=1 cs=1]
              RenderText {#text} at (1,2) size 43x19
                text run at (1,2) width 43: "cell-13"
          RenderTableRow {TR} at (0,52) size 194x23
            RenderTableCell {TD} at (2,52) size 46x23 [r=2 c=0 rs=1 cs=1]
              RenderText {#text} at (1,2) size 43x19
                text run at (1,2) width 43: "cell-20"
            RenderTableCell {TD} at (50,52) size 46x23 [r=2 c=1 rs=1 cs=1]
              RenderText {#text} at (1,2) size 43x19
                text run at (1,2) width 43: "cell-21"
            RenderTableCell {TD} at (98,52) size 46x23 [r=2 c=2 rs=1 cs=1]
              RenderText {#text} at (1,2) size 43x19
                text run at (1,2) width 43: "cell-22"
            RenderTableCell {TD} at (146,52) size 46x23 [r=2 c=3 rs=1 cs=1]
              RenderText {#text} at (1,2) size 43x19
                text run at (1,2) width 43: "cell-23"
          RenderTableRow {TR} at (0,77) size 194x23
            RenderTableCell {TD} at (2,77) size 46x23 [r=3 c=0 rs=1 cs=1]
              RenderText {#text} at (1,2) size 43x19
                text run at (1,2) width 43: "cell-30"
            RenderTableCell {TD} at (50,77) size 46x23 [r=3 c=1 rs=1 cs=1]
              RenderText {#text} at (1,2) size 43x19
                text run at (1,2) width 43: "cell-31"
            RenderTableCell {TD} at (98,77) size 46x23 [r=3 c=2 rs=1 cs=1]
              RenderText {#text} at (1,2) size 43x19
                text run at (1,2) width 43: "cell-32"
            RenderTableCell {TD} at (146,77) size 46x23 [r=3 c=3 rs=1 cs=1]
              RenderText {#text} at (1,2) size 43x19
                text run at (1,2) width 43: "cell-33"
          RenderTableRow {TR} at (0,102) size 194x23
            RenderTableCell {TD} at (2,102) size 46x23 [r=4 c=0 rs=1 cs=1]
              RenderText {#text} at (1,2) size 43x19
                text run at (1,2) width 43: "cell-40"
            RenderTableCell {TD} at (50,102) size 46x23 [r=4 c=1 rs=1 cs=1]
              RenderText {#text} at (1,2) size 43x19
                text run at (1,2) width 43: "cell-41"
            RenderTableCell {TD} at (98,102) size 46x23 [r=4 c=2 rs=1 cs=1]
              RenderText {#text} at (1,2) size 43x19
                text run at (1,2) width 43: "cell-42"
            RenderTableCell {TD} at (146,102) size 46x23 [r=4 c=3 rs=1 cs=1]
              RenderText {#text} at (1,2) size 43x19
                text run at (1,2) width 43: "cell-43"
          RenderTableRow {TR} at (0,127) size 194x23
            RenderTableCell {TD} at (2,127) size 46x23 [r=5 c=0 rs=1 cs=1]
              RenderText {#text} at (1,2) size 43x19
                text run at (1,2) width 43: "cell-50"
            RenderTableCell {TD} at (50,127) size 46x23 [r=5 c=1 rs=1 cs=1]
              RenderText {#text} at (1,2) size 43x19
                text run at (1,2) width 43: "cell-51"
            RenderTableCell {TD} at (98,127) size 46x23 [r=5 c=2 rs=1 cs=1]
              RenderText {#text} at (1,2) size 43x19
                text run at (1,2) width 43: "cell-52"
            RenderTableCell {TD} at (146,127) size 46x23 [r=5 c=3 rs=1 cs=1]
              RenderText {#text} at (1,2) size 43x19
                text run at (1,2) width 43: "cell-53"
          RenderTableRow {TR} at (0,152) size 194x23
            RenderTableCell {TD} at (2,152) size 46x23 [r=6 c=0 rs=1 cs=1]
              RenderText {#text} at (1,2) size 43x19
                text run at (1,2) width 43: "cell-60"
            RenderTableCell {TD} at (50,152) size 46x23 [r=6 c=1 rs=1 cs=1]
              RenderText {#text} at (1,2) size 43x19
                text run at (1,2) width 43: "cell-61"
            RenderTableCell {TD} at (98,152) size 46x23 [r=6 c=2 rs=1 cs=1]
              RenderText {#text} at (1,2) size 43x19
                text run at (1,2) width 43: "cell-62"
            RenderTableCell {TD} at (146,152) size 46x23 [r=6 c=3 rs=1 cs=1]
              RenderText {#text} at (1,2) size 43x19
                text run at (1,2) width 43: "cell-63"
          RenderTableRow {TR} at (0,177) size 194x23
            RenderTableCell {TD} at (2,177) size 46x23 [r=7 c=0 rs=1 cs=1]
              RenderText {#text} at (1,2) size 43x19
                text run at (1,2) width 43: "cell-70"
            RenderTableCell {TD} at (50,177) size 46x23 [r=7 c=1 rs=1 cs=1]
              RenderText {#text} at (1,2) size 43x19
                text run at (1,2) width 43: "cell-71"
            RenderTableCell {TD} at (98,177) size 46x23 [r=7 c=2 rs=1 cs=1]
              RenderText {#text} at (1,2) size 43x19
                text run at (1,2) width 43: "cell-72"
            RenderTableCell {TD} at (146,177) size 46x23 [r=7 c=3 rs=1 cs=1]
              RenderText {#text} at (1,2) size 43x19
                text run at (1,2) width 43: "cell-73"
          RenderTableRow {TR} at (0,202) size 194x23
            RenderTableCell {TD} at (2,202) size 46x23 [r=8 c=0 rs=1 cs=1]
              RenderText {#text} at (1,2) size 43x19
                text run at (1,2) width 43: "cell-80"
            RenderTableCell {TD} at (50,202) size 46x23 [r=8 c=1 rs=1 cs=1]
              RenderText {#text} at (1,2) size 43x19
                text run at (1,2) width 43: "cell-81"
            RenderTableCell {TD} at (98,202) size 46x23 [r=8 c=2 rs=1 cs=1]
              RenderText {#text} at (1,2) size 43x19
                text run at (1,2) width 43: "cell-82"
            RenderTableCell {TD} at (146,202) size 46x23 [r=8 c=3 rs=1 cs=1]
              RenderText {#text} at (1,2) size 43x19
                text run at (1,2) width 43: "cell-83"
          RenderTableRow {TR} at (0,227) size 194x23
            RenderTableCell {TD} at (2,227) size 46x23 [r=9 c=0 rs=1 cs=1]
              RenderText {#text} at (1,2) size 43x19
                text run at (1,2) width 43: "cell-90"
            RenderTableCell {TD} at (50,227) size 46x23 [r=9 c=1 rs=1 cs=1]
              RenderText {#text} at (1,2) size 43x19
                text run at (1,2) width 43: "cell-91"
            RenderTableCell {TD} at (98,227) size 46x23 [r=9 c=2 rs=1 cs=1]
              RenderText {#text} at (1,2) size 43x19
                text run at (1,2) width 43: "cell-92"
            RenderTableCell {TD} at (146,227) size 46x23 [r=9 c=3 rs=1 cs=1]
              RenderText {#text} at (1,2) size 43x19
                text run at (1,2) width 43: "cell-93"
          RenderTableRow {TR} at (0,252) size 194x23
            RenderTableCell {TD} at (2,252) size 46x23 [r=10 c=0 rs=1 cs=1]
              RenderText {#text} at (1,2) size 42x19
                text run at (1,2) width 42: "cell-a0"
            RenderTableCell {TD} at (50,252) size 46x23 [r=10 c=1 rs=1 cs=1]
              RenderText {#text} at (1,2) size 42x19
                text run at (1,2) width 42: "cell-a1"
            RenderTableCell {TD} at (98,252) size 46x23 [r=10 c=2 rs=1 cs=1]
              RenderText {#text} at (1,2) size 42x19
                text run at (1,2) width 42: "cell-a2"
            RenderTableCell {TD} at (146,252) size 46x23 [r=10 c=3 rs=1 cs=1]
              RenderText {#text} at (1,2) size 42x19
                text run at (1,2) width 42: "cell-a3"
          RenderTableRow {TR} at (0,277) size 194x23
            RenderTableCell {TD} at (2,277) size 46x23 [r=11 c=0 rs=1 cs=1]
              RenderText {#text} at (1,2) size 44x19
                text run at (1,2) width 44: "cell-b0"
            RenderTableCell {TD} at (50,277) size 46x23 [r=11 c=1 rs=1 cs=1]
              RenderText {#text} at (1,2) size 44x19
                text run at (1,2) width 44: "cell-b1"
            RenderTableCell {TD} at (98,277) size 46x23 [r=11 c=2 rs=1 cs=1]
              RenderText {#text} at (1,2) size 44x19
                text run at (1,2) width 44: "cell-b2"
            RenderTableCell {TD} at (146,277) size 46x23 [r=11 c=3 rs=1 cs=1]
              RenderText {#text} at (1,2) size 44x19
                text run at (1,2) width 44: "cell-b3"
          RenderTableRow {TR} at (0,302) size 194x23
            RenderTableCell {TD} at (2,302) size 46x23 [r=12 c=0 rs=1 cs=1]
              RenderText {#text} at (1,2) size 42x19
                text run at (1,2) width 42: "cell-c0"
            RenderTableCell {TD} at (50,302) size 46x23 [r=12 c=1 rs=1 cs=1]
              RenderText {#text} at (1,2) size 42x19
                text run at (1,2) width 42: "cell-c1"
            RenderTableCell {TD} at (98,302) size 46x23 [r=12 c=2 rs=1 cs=1]
              RenderText {#text} at (1,2) size 42x19
                text run at (1,2) width 42: "cell-c2"
            RenderTableCell {TD} at (146,302) size 46x23 [r=12 c=3 rs=1 cs=1]
              RenderText {#text} at (1,2) size 42x19
                text run at (1,2) width 42: "cell-c3"
          RenderTableRow {TR} at (0,327) size 194x23
            RenderTableCell {TD} at (2,327) size 46x23 [r=13 c=0 rs=1 cs=1]
              RenderText {#text} at (1,2) size 43x19
                text run at (1,2) width 43: "cell-d0"
            RenderTableCell {TD} at (50,327) size 46x23 [r=13 c=1 rs=1 cs=1]
              RenderText {#text} at (1,2) size 43x19
                text run at (1,2) width 43: "cell-d1"
            RenderTableCell {TD} at (98,327) size 46x23 [r=13 c=2 rs=1 cs=1]
              RenderText {#text} at (1,2) size 43x19
                text run at (1,2) width 43: "cell-d2"
            RenderTableCell {TD} at (146,327) size 46x23 [r=13 c=3 rs=1 cs=1]
              RenderText {#text} at (1,2) size 43x19
                text run at (1,2) width 43: "cell-d3"
          RenderTableRow {TR} at (0,352) size 194x23
            RenderTableCell {TD} at (2,352) size 46x23 [r=14 c=0 rs=1 cs=1]
              RenderText {#text} at (1,2) size 42x19
                text run at (1,2) width 42: "cell-e0"
            RenderTableCell {TD} at (50,352) size 46x23 [r=14 c=1 rs=1 cs=1]
              RenderText {#text} at (1,2) size 42x19
                text run at (1,2) width 42: "cell-e1"
            RenderTableCell {TD} at (98,352) size 46x23 [r=14 c=2 rs=1 cs=1]
              RenderText {#text} at (1,2) size 42x19
                text run at (1,2) width 42: "cell-e2"
            RenderTableCell {TD} at (146,352) size 46x23 [r=14 c=3 rs=1 cs=1]
              RenderText {#text} at (1,2) size 42x19
                text run at (1,2) width 42: "cell-e3"
          RenderTableRow {TR} at (0,377) size 194x23
            RenderTableCell {TD} at (2,377) size 46x23 [r=15 c=0 rs=1 cs=1]
              RenderText {#text} at (1,2) size 40x19
                text run at (1,2) width 40: "cell-f0"
            RenderTableCell {TD} at (50,377) size 46x23 [r=15 c=1 rs=1 cs=1]
              RenderText {#text} at (1,2) size 40x19
                text run at (1,2) width 40: "cell-f1"
            RenderTableCell {TD} at (98,377) size 46x23 [r=15 c=2 rs=1 cs=1]
              RenderText {#text} at (1,2) size 40x19
                text run at (1,2) width 40: "cell-f2"
            RenderTableCell {TD} at (146,377) size 46x23 [r=15 c=3 rs=1 cs=1]
              RenderText {#text} at (1,2) size 40x19
                text run at (1,2) width 40: "cell-f3"
        RenderTableSection {TFOOT} at (0,423) size 194x21
          RenderTableRow {TR} at (0,2) size 194x17
            RenderTableCell {TD} at (2,2) size 94x17 [r=0 c=0 rs=1 cs=2]
              RenderText {#text} at (1,2) size 47x13
                text run at (1,2) width 47: "FOOTER"
        RenderBlock {CAPTION} at (0,0) size 0x0
          RenderText {#text} at (0,0) size 0x0
      RenderBlock (anonymous) at (0,1365) size 784x42
        RenderBR {BR} at (0,1) size 0x19
        RenderText {#text} at (0,22) size 614x19
          text run at (0,22) width 614: "This is a table formed from a list with display of table-row and list items with display of table-cell."
      RenderTable at (0,1407) size 204x21
        RenderTableSection (anonymous) at (0,0) size 204x21
          RenderTableRow {UL} at (0,0) size 204x21 [bgcolor=#FFA500]
            RenderTableCell {LI} at (0,0) size 34x21 [r=0 c=0 rs=1 cs=1]
              RenderText {#text} at (0,1) size 34x19
                text run at (0,1) width 34: "ONE"
            RenderTableCell {LI} at (34,0) size 37x21 [r=0 c=1 rs=1 cs=1]
              RenderText {#text} at (0,1) size 37x19
                text run at (0,1) width 37: "TWO"
            RenderTableCell {LI} at (71,0) size 53x21 [r=0 c=2 rs=1 cs=1]
              RenderText {#text} at (0,1) size 53x19
                text run at (0,1) width 53: "THREE"
            RenderTableCell {LI} at (124,0) size 44x21 [r=0 c=3 rs=1 cs=1]
              RenderText {#text} at (0,1) size 44x19
                text run at (0,1) width 44: "FOUR"
            RenderTableCell {LI} at (168,0) size 36x21 [r=0 c=4 rs=1 cs=1]
              RenderText {#text} at (0,1) size 36x19
                text run at (0,1) width 36: "FIVE"
      RenderBlock (anonymous) at (0,1428) size 784x42
        RenderBR {BR} at (0,1) size 0x19
        RenderText {#text} at (0,22) size 660x19
          text run at (0,22) width 660: "This is a table formed from a list with display of table-row-group and list items with display of table-cell. "
        RenderBR {BR} at (0,0) size 0x0
      RenderTable at (0,1470) size 230x21
        RenderTableSection {UL} at (0,0) size 230x21
          RenderTableRow (anonymous) at (0,0) size 230x21
            RenderTableCell {LI} at (0,0) size 34x21 [bgcolor=#FFA500] [r=0 c=0 rs=1 cs=1]
              RenderText {#text} at (0,1) size 34x19
                text run at (0,1) width 34: "ONE"
            RenderTableCell {LI} at (34,0) size 37x21 [bgcolor=#FFA500] [r=0 c=1 rs=1 cs=1]
              RenderText {#text} at (0,1) size 37x19
                text run at (0,1) width 37: "TWO"
            RenderTableCell {LI} at (71,0) size 53x21 [bgcolor=#FFA500] [r=0 c=2 rs=1 cs=1]
              RenderText {#text} at (0,1) size 53x19
                text run at (0,1) width 53: "THREE"
            RenderTableCell {LI} at (124,0) size 44x21 [bgcolor=#FFA500] [r=0 c=3 rs=1 cs=1]
              RenderText {#text} at (0,1) size 44x19
                text run at (0,1) width 44: "FOUR"
            RenderTableCell {LI} at (168,0) size 36x21 [bgcolor=#FFA500] [r=0 c=4 rs=1 cs=1]
              RenderText {#text} at (0,1) size 36x19
                text run at (0,1) width 36: "FIVE"
            RenderTableCell {LI} at (204,0) size 26x21 [bgcolor=#FFA500] [r=0 c=5 rs=1 cs=1]
              RenderText {#text} at (0,1) size 26x19
                text run at (0,1) width 26: "SIX"
      RenderBlock (anonymous) at (0,1491) size 784x42
        RenderBR {BR} at (0,1) size 0x19
        RenderText {#text} at (0,22) size 407x19
          text run at (0,22) width 407: "This is like the previous table plus the list's overflow property set"
      RenderTable at (0,1533) size 230x21
        RenderTableSection {UL} at (0,0) size 230x21
          RenderTableRow (anonymous) at (0,0) size 230x21
            RenderTableCell {LI} at (0,0) size 34x21 [bgcolor=#FFA500] [r=0 c=0 rs=1 cs=1]
              RenderText {#text} at (0,1) size 34x19
                text run at (0,1) width 34: "ONE"
            RenderTableCell {LI} at (34,0) size 37x21 [bgcolor=#FFA500] [r=0 c=1 rs=1 cs=1]
              RenderText {#text} at (0,1) size 37x19
                text run at (0,1) width 37: "TWO"
            RenderTableCell {LI} at (71,0) size 53x21 [bgcolor=#FFA500] [r=0 c=2 rs=1 cs=1]
              RenderText {#text} at (0,1) size 53x19
                text run at (0,1) width 53: "THREE"
            RenderTableCell {LI} at (124,0) size 44x21 [bgcolor=#FFA500] [r=0 c=3 rs=1 cs=1]
              RenderText {#text} at (0,1) size 44x19
                text run at (0,1) width 44: "FOUR"
            RenderTableCell {LI} at (168,0) size 36x21 [bgcolor=#FFA500] [r=0 c=4 rs=1 cs=1]
              RenderText {#text} at (0,1) size 36x19
                text run at (0,1) width 36: "FIVE"
            RenderTableCell {LI} at (204,0) size 26x21 [bgcolor=#FFA500] [r=0 c=5 rs=1 cs=1]
              RenderText {#text} at (0,1) size 26x19
                text run at (0,1) width 26: "SIX"
      RenderBlock (anonymous) at (0,1554) size 784x21
        RenderBR {BR} at (0,1) size 0x19
      RenderBlock {P} at (0,1591) size 784x254
        RenderBlock (anonymous) at (0,0) size 784x21
          RenderText {#text} at (0,1) size 430x19
            text run at (0,1) width 430: "The following table will have its rows and columns in red collapsed "
          RenderBR {BR} at (0,0) size 0x0
        RenderTable {TABLE} at (0,21) size 138x106 [bgcolor=#FFA500] [border: (1px outset #808080)]
          RenderBlock {CAPTION} at (0,0) size 136x21
            RenderInline {B} at (0,0) size 43x19
              RenderText {#text} at (46,1) size 43x19
                text run at (46,1) width 43: "before"
          RenderTableCol {COLGROUP} at (0,0) size 0x0
            RenderTableCol {COL} at (0,0) size 0x0
            RenderTableCol {COL} at (0,0) size 0x0
            RenderTableCol {COL} at (0,0) size 0x0
          RenderTableSection {TBODY} at (1,22) size 136x83
            RenderTableRow {TR} at (0,2) size 136x25
              RenderTableCell {TD} at (2,2) size 31x25 [border: (1px inset #808080)] [r=0 c=0 rs=1 cs=1]
                RenderText {#text} at (2,3) size 27x19
                  text run at (2,3) width 27: "C11"
              RenderTableCell {TD} at (35,2) size 31x25 [bgcolor=#FF0000] [border: (1px inset #808080)] [r=0 c=1 rs=1 cs=1]
                RenderText {#text} at (2,3) size 27x19
                  text run at (2,3) width 27: "C12"
              RenderTableCell {TD} at (68,2) size 66x25 [border: (1px inset #808080)] [r=0 c=2 rs=1 cs=1]
                RenderText {#text} at (2,3) size 62x19
                  text run at (2,3) width 62: "C13 large"
            RenderTableRow {TR} at (0,29) size 136x25 [bgcolor=#FF0000]
              RenderTableCell {TD} at (2,29) size 31x25 [border: (1px inset #808080)] [r=1 c=0 rs=1 cs=1]
                RenderText {#text} at (2,3) size 27x19
                  text run at (2,3) width 27: "C21"
              RenderTableCell {TD} at (35,29) size 31x25 [border: (1px inset #808080)] [r=1 c=1 rs=1 cs=1]
                RenderText {#text} at (2,3) size 27x19
                  text run at (2,3) width 27: "C22"
              RenderTableCell {TD} at (68,29) size 66x25 [border: (1px inset #808080)] [r=1 c=2 rs=1 cs=1]
                RenderText {#text} at (2,3) size 27x19
                  text run at (2,3) width 27: "C23"
            RenderTableRow {TR} at (0,56) size 136x25
              RenderTableCell {TD} at (2,56) size 31x25 [border: (1px inset #808080)] [r=2 c=0 rs=1 cs=1]
                RenderText {#text} at (2,3) size 27x19
                  text run at (2,3) width 27: "C31"
              RenderTableCell {TD} at (35,56) size 31x25 [bgcolor=#FF0000] [border: (1px inset #808080)] [r=2 c=1 rs=1 cs=1]
                RenderText {#text} at (2,3) size 27x19
                  text run at (2,3) width 27: "C32"
              RenderTableCell {TD} at (68,56) size 66x25 [border: (1px inset #808080)] [r=2 c=2 rs=1 cs=1]
                RenderText {#text} at (2,3) size 27x19
                  text run at (2,3) width 27: "C33"
        RenderBlock (anonymous) at (0,127) size 784x21
          RenderBR {BR} at (0,1) size 0x19
        RenderTable {TABLE} at (0,148) size 138x106 [bgcolor=#FFA500] [border: (1px outset #808080)]
          RenderBlock {CAPTION} at (0,0) size 136x21
            RenderInline {B} at (0,0) size 32x19
              RenderText {#text} at (52,1) size 32x19
                text run at (52,1) width 32: "after"
          RenderTableCol {COLGROUP} at (0,0) size 0x0
            RenderTableCol {COL} at (0,0) size 0x0
            RenderTableCol {COL} at (0,0) size 0x0
            RenderTableCol {COL} at (0,0) size 0x0
          RenderTableSection {TBODY} at (1,22) size 136x83
            RenderTableRow {TR} at (0,2) size 136x25
              RenderTableCell {TD} at (2,2) size 31x25 [border: (1px inset #808080)] [r=0 c=0 rs=1 cs=1]
                RenderText {#text} at (2,3) size 27x19
                  text run at (2,3) width 27: "C11"
              RenderTableCell {TD} at (35,2) size 31x25 [border: (1px inset #808080)] [r=0 c=1 rs=1 cs=1]
                RenderText {#text} at (2,3) size 27x19
                  text run at (2,3) width 27: "C12"
              RenderTableCell {TD} at (68,2) size 66x25 [border: (1px inset #808080)] [r=0 c=2 rs=1 cs=1]
                RenderText {#text} at (2,3) size 62x19
                  text run at (2,3) width 62: "C13 large"
            RenderTableRow {TR} at (0,29) size 136x25
              RenderTableCell {TD} at (2,29) size 31x25 [border: (1px inset #808080)] [r=1 c=0 rs=1 cs=1]
                RenderText {#text} at (2,3) size 27x19
                  text run at (2,3) width 27: "C21"
              RenderTableCell {TD} at (35,29) size 31x25 [border: (1px inset #808080)] [r=1 c=1 rs=1 cs=1]
                RenderText {#text} at (2,3) size 27x19
                  text run at (2,3) width 27: "C22"
              RenderTableCell {TD} at (68,29) size 66x25 [border: (1px inset #808080)] [r=1 c=2 rs=1 cs=1]
                RenderText {#text} at (2,3) size 27x19
                  text run at (2,3) width 27: "C23"
            RenderTableRow {TR} at (0,56) size 136x25
              RenderTableCell {TD} at (2,56) size 31x25 [border: (1px inset #808080)] [r=2 c=0 rs=1 cs=1]
                RenderText {#text} at (2,3) size 27x19
                  text run at (2,3) width 27: "C31"
              RenderTableCell {TD} at (35,56) size 31x25 [border: (1px inset #808080)] [r=2 c=1 rs=1 cs=1]
                RenderText {#text} at (2,3) size 27x19
                  text run at (2,3) width 27: "C32"
              RenderTableCell {TD} at (68,56) size 66x25 [border: (1px inset #808080)] [r=2 c=2 rs=1 cs=1]
                RenderText {#text} at (2,3) size 27x19
                  text run at (2,3) width 27: "C33"
      RenderBlock {P} at (0,1861) size 784x267
        RenderBlock (anonymous) at (0,0) size 784x21
          RenderText {#text} at (0,1) size 747x19
            text run at (0,1) width 747: "The following table will have its 2nd row and 2nd col collapsed. A window resize may be necessary to see it properly. "
          RenderBR {BR} at (747,16) size 0x0
        RenderTable {TABLE} at (0,21) size 188x123 [bgcolor=#FFA500] [border: (1px outset #808080)]
          RenderBlock {CAPTION} at (0,0) size 186x21
            RenderInline {B} at (0,0) size 43x19
              RenderText {#text} at (71,1) size 43x19
                text run at (71,1) width 43: "before"
          RenderTableCol {COLGROUP} at (0,0) size 0x0
            RenderTableCol {COL} at (0,0) size 0x0
            RenderTableCol {COL} at (0,0) size 0x0
            RenderTableCol {COL} at (0,0) size 0x0
            RenderTableCol {COL} at (0,0) size 0x0
          RenderTableSection {TBODY} at (1,22) size 186x100
            RenderTableRow {TR} at (0,0) size 186x25
              RenderTableCell {TD} at (0,0) size 31x25 [border: (1px inset #808080)] [r=0 c=0 rs=1 cs=1]
                RenderText {#text} at (2,3) size 27x19
                  text run at (2,3) width 27: "C11"
              RenderTableCell {TD} at (31,0) size 62x25 [border: (1px inset #808080)] [r=0 c=1 rs=1 cs=1]
                RenderText {#text} at (2,3) size 27x19
                  text run at (2,3) width 27: "C12"
              RenderTableCell {TD} at (93,0) size 62x25 [border: (1px inset #808080)] [r=0 c=2 rs=1 cs=1]
                RenderText {#text} at (2,3) size 27x19
                  text run at (2,3) width 27: "C13"
              RenderTableCell {TD} at (155,0) size 31x25 [border: (1px inset #808080)] [r=0 c=3 rs=1 cs=1]
                RenderText {#text} at (2,3) size 27x19
                  text run at (2,3) width 27: "C14"
            RenderTableRow {TR} at (0,25) size 186x25
              RenderTableCell {TD} at (0,25) size 31x25 [border: (1px inset #808080)] [r=1 c=0 rs=1 cs=1]
                RenderText {#text} at (2,3) size 27x19
                  text run at (2,3) width 27: "C21"
              RenderTableCell {TD} at (31,37) size 124x25 [border: (1px inset #808080)] [r=1 c=1 rs=2 cs=2]
                RenderText {#text} at (2,3) size 120x19
                  text run at (2,3) width 120: "C12 C13 C22 C23"
              RenderTableCell {TD} at (155,25) size 31x25 [border: (1px inset #808080)] [r=1 c=3 rs=1 cs=1]
                RenderText {#text} at (2,3) size 27x19
                  text run at (2,3) width 27: "C14"
            RenderTableRow {TR} at (0,50) size 186x25
              RenderTableCell {TD} at (0,50) size 31x25 [border: (1px inset #808080)] [r=2 c=0 rs=1 cs=1]
                RenderText {#text} at (2,3) size 27x19
                  text run at (2,3) width 27: "C31"
              RenderTableCell {TD} at (155,50) size 31x25 [border: (1px inset #808080)] [r=2 c=3 rs=1 cs=1]
                RenderText {#text} at (2,3) size 27x19
                  text run at (2,3) width 27: "C34"
            RenderTableRow {TR} at (0,75) size 186x25
              RenderTableCell {TD} at (0,75) size 31x25 [border: (1px inset #808080)] [r=3 c=0 rs=1 cs=1]
                RenderText {#text} at (2,3) size 27x19
                  text run at (2,3) width 27: "C41"
              RenderTableCell {TD} at (31,75) size 62x25 [border: (1px inset #808080)] [r=3 c=1 rs=1 cs=1]
                RenderText {#text} at (2,3) size 27x19
                  text run at (2,3) width 27: "C42"
              RenderTableCell {TD} at (93,75) size 62x25 [border: (1px inset #808080)] [r=3 c=2 rs=1 cs=1]
                RenderText {#text} at (2,3) size 27x19
                  text run at (2,3) width 27: "C43"
              RenderTableCell {TD} at (155,75) size 31x25 [border: (1px inset #808080)] [r=3 c=3 rs=1 cs=1]
                RenderText {#text} at (2,3) size 27x19
                  text run at (2,3) width 27: "C44"
        RenderTable {TABLE} at (0,144) size 188x123 [bgcolor=#FFA500] [border: (1px outset #808080)]
          RenderBlock {CAPTION} at (0,0) size 186x21
            RenderInline {B} at (0,0) size 32x19
              RenderText {#text} at (77,1) size 32x19
                text run at (77,1) width 32: "after"
          RenderTableCol {COLGROUP} at (0,0) size 0x0
            RenderTableCol {COL} at (0,0) size 0x0
            RenderTableCol {COL} at (0,0) size 0x0
            RenderTableCol {COL} at (0,0) size 0x0
            RenderTableCol {COL} at (0,0) size 0x0
          RenderTableSection {TBODY} at (1,22) size 186x100
            RenderTableRow {TR} at (0,0) size 186x25
              RenderTableCell {TD} at (0,0) size 31x25 [border: (1px inset #808080)] [r=0 c=0 rs=1 cs=1]
                RenderText {#text} at (2,3) size 27x19
                  text run at (2,3) width 27: "C11"
              RenderTableCell {TD} at (31,0) size 62x25 [border: (1px inset #808080)] [r=0 c=1 rs=1 cs=1]
                RenderText {#text} at (2,3) size 27x19
                  text run at (2,3) width 27: "C12"
              RenderTableCell {TD} at (93,0) size 62x25 [border: (1px inset #808080)] [r=0 c=2 rs=1 cs=1]
                RenderText {#text} at (2,3) size 27x19
                  text run at (2,3) width 27: "C13"
              RenderTableCell {TD} at (155,0) size 31x25 [border: (1px inset #808080)] [r=0 c=3 rs=1 cs=1]
                RenderText {#text} at (2,3) size 27x19
                  text run at (2,3) width 27: "C14"
            RenderTableRow {TR} at (0,25) size 186x25
              RenderTableCell {TD} at (0,25) size 31x25 [border: (1px inset #808080)] [r=1 c=0 rs=1 cs=1]
                RenderText {#text} at (2,3) size 27x19
                  text run at (2,3) width 27: "C21"
              RenderTableCell {TD} at (31,37) size 124x25 [border: (1px inset #808080)] [r=1 c=1 rs=2 cs=2]
                RenderText {#text} at (2,3) size 120x19
                  text run at (2,3) width 120: "C12 C13 C22 C23"
              RenderTableCell {TD} at (155,25) size 31x25 [border: (1px inset #808080)] [r=1 c=3 rs=1 cs=1]
                RenderText {#text} at (2,3) size 27x19
                  text run at (2,3) width 27: "C14"
            RenderTableRow {TR} at (0,50) size 186x25
              RenderTableCell {TD} at (0,50) size 31x25 [border: (1px inset #808080)] [r=2 c=0 rs=1 cs=1]
                RenderText {#text} at (2,3) size 27x19
                  text run at (2,3) width 27: "C31"
              RenderTableCell {TD} at (155,50) size 31x25 [border: (1px inset #808080)] [r=2 c=3 rs=1 cs=1]
                RenderText {#text} at (2,3) size 27x19
                  text run at (2,3) width 27: "C34"
            RenderTableRow {TR} at (0,75) size 186x25
              RenderTableCell {TD} at (0,75) size 31x25 [border: (1px inset #808080)] [r=3 c=0 rs=1 cs=1]
                RenderText {#text} at (2,3) size 27x19
                  text run at (2,3) width 27: "C41"
              RenderTableCell {TD} at (31,75) size 62x25 [border: (1px inset #808080)] [r=3 c=1 rs=1 cs=1]
                RenderText {#text} at (2,3) size 27x19
                  text run at (2,3) width 27: "C42"
              RenderTableCell {TD} at (93,75) size 62x25 [border: (1px inset #808080)] [r=3 c=2 rs=1 cs=1]
                RenderText {#text} at (2,3) size 27x19
                  text run at (2,3) width 27: "C43"
              RenderTableCell {TD} at (155,75) size 31x25 [border: (1px inset #808080)] [r=3 c=3 rs=1 cs=1]
                RenderText {#text} at (2,3) size 27x19
                  text run at (2,3) width 27: "C44"
      RenderBlock {P} at (0,2144) size 784x309
        RenderBlock (anonymous) at (0,0) size 784x21
          RenderText {#text} at (0,1) size 459x19
            text run at (0,1) width 459: "The following table will have its 1st row group collapsed (rows 1 and 2) "
          RenderBR {BR} at (459,16) size 0x0
        RenderTable {TABLE} at (0,21) size 126x123 [bgcolor=#FFA500] [border: (1px outset #808080)]
          RenderBlock {CAPTION} at (0,0) size 124x21
            RenderInline {B} at (0,0) size 43x19
              RenderText {#text} at (40,1) size 43x19
                text run at (40,1) width 43: "before"
          RenderTableSection {TBODY} at (1,22) size 124x50 [bgcolor=#FF0000]
            RenderTableRow {TR} at (0,0) size 124x25
              RenderTableCell {TD} at (0,0) size 31x25 [border: (1px inset #808080)] [r=0 c=0 rs=1 cs=1]
                RenderText {#text} at (2,3) size 27x19
                  text run at (2,3) width 27: "C11"
              RenderTableCell {TD} at (31,0) size 31x25 [border: (1px inset #808080)] [r=0 c=1 rs=1 cs=1]
                RenderText {#text} at (2,3) size 27x19
                  text run at (2,3) width 27: "C12"
              RenderTableCell {TD} at (62,0) size 31x25 [border: (1px inset #808080)] [r=0 c=2 rs=1 cs=1]
                RenderText {#text} at (2,3) size 27x19
                  text run at (2,3) width 27: "C13"
              RenderTableCell {TD} at (93,0) size 31x25 [border: (1px inset #808080)] [r=0 c=3 rs=1 cs=1]
                RenderText {#text} at (2,3) size 27x19
                  text run at (2,3) width 27: "C14"
            RenderTableRow {TR} at (0,25) size 124x25
              RenderTableCell {TD} at (0,25) size 31x25 [border: (1px inset #808080)] [r=1 c=0 rs=1 cs=1]
                RenderText {#text} at (2,3) size 27x19
                  text run at (2,3) width 27: "C21"
              RenderTableCell {TD} at (31,25) size 31x25 [border: (1px inset #808080)] [r=1 c=1 rs=1 cs=1]
                RenderText {#text} at (2,3) size 27x19
                  text run at (2,3) width 27: "C22"
              RenderTableCell {TD} at (62,25) size 31x25 [border: (1px inset #808080)] [r=1 c=2 rs=1 cs=1]
                RenderText {#text} at (2,3) size 27x19
                  text run at (2,3) width 27: "C23"
              RenderTableCell {TD} at (93,25) size 31x25 [border: (1px inset #808080)] [r=1 c=3 rs=1 cs=1]
                RenderText {#text} at (2,3) size 27x19
                  text run at (2,3) width 27: "C24"
          RenderTableSection {TBODY} at (1,72) size 124x50
            RenderTableRow {TR} at (0,0) size 124x25
              RenderTableCell {TD} at (0,0) size 31x25 [border: (1px inset #808080)] [r=0 c=0 rs=1 cs=1]
                RenderText {#text} at (2,3) size 27x19
                  text run at (2,3) width 27: "C31"
              RenderTableCell {TD} at (31,0) size 31x25 [border: (1px inset #808080)] [r=0 c=1 rs=1 cs=1]
                RenderText {#text} at (2,3) size 27x19
                  text run at (2,3) width 27: "C32"
              RenderTableCell {TD} at (62,0) size 31x25 [border: (1px inset #808080)] [r=0 c=2 rs=1 cs=1]
                RenderText {#text} at (2,3) size 27x19
                  text run at (2,3) width 27: "C33"
              RenderTableCell {TD} at (93,0) size 31x25 [border: (1px inset #808080)] [r=0 c=3 rs=1 cs=1]
                RenderText {#text} at (2,3) size 27x19
                  text run at (2,3) width 27: "C34"
            RenderTableRow {TR} at (0,25) size 124x25
              RenderTableCell {TD} at (0,25) size 31x25 [border: (1px inset #808080)] [r=1 c=0 rs=1 cs=1]
                RenderText {#text} at (2,3) size 27x19
                  text run at (2,3) width 27: "C41"
              RenderTableCell {TD} at (31,25) size 31x25 [border: (1px inset #808080)] [r=1 c=1 rs=1 cs=1]
                RenderText {#text} at (2,3) size 27x19
                  text run at (2,3) width 27: "C42"
              RenderTableCell {TD} at (62,25) size 31x25 [border: (1px inset #808080)] [r=1 c=2 rs=1 cs=1]
                RenderText {#text} at (2,3) size 27x19
                  text run at (2,3) width 27: "C43"
              RenderTableCell {TD} at (93,25) size 31x25 [border: (1px inset #808080)] [r=1 c=3 rs=1 cs=1]
                RenderText {#text} at (2,3) size 27x19
                  text run at (2,3) width 27: "C44"
        RenderBlock (anonymous) at (0,144) size 784x21
          RenderBR {BR} at (0,1) size 0x19
        RenderTable {TABLE} at (0,165) size 126x123 [bgcolor=#FFA500] [border: (1px outset #808080)]
          RenderBlock {CAPTION} at (0,0) size 124x21
            RenderInline {B} at (0,0) size 32x19
              RenderText {#text} at (46,1) size 32x19
                text run at (46,1) width 32: "after"
          RenderTableSection {TBODY} at (1,22) size 124x50
            RenderTableRow {TR} at (0,0) size 124x25
              RenderTableCell {TD} at (0,0) size 31x25 [border: (1px inset #808080)] [r=0 c=0 rs=1 cs=1]
                RenderText {#text} at (2,3) size 27x19
                  text run at (2,3) width 27: "C11"
              RenderTableCell {TD} at (31,0) size 31x25 [border: (1px inset #808080)] [r=0 c=1 rs=1 cs=1]
                RenderText {#text} at (2,3) size 27x19
                  text run at (2,3) width 27: "C12"
              RenderTableCell {TD} at (62,0) size 31x25 [border: (1px inset #808080)] [r=0 c=2 rs=1 cs=1]
                RenderText {#text} at (2,3) size 27x19
                  text run at (2,3) width 27: "C13"
              RenderTableCell {TD} at (93,0) size 31x25 [border: (1px inset #808080)] [r=0 c=3 rs=1 cs=1]
                RenderText {#text} at (2,3) size 27x19
                  text run at (2,3) width 27: "C14"
            RenderTableRow {TR} at (0,25) size 124x25
              RenderTableCell {TD} at (0,25) size 31x25 [border: (1px inset #808080)] [r=1 c=0 rs=1 cs=1]
                RenderText {#text} at (2,3) size 27x19
                  text run at (2,3) width 27: "C21"
              RenderTableCell {TD} at (31,25) size 31x25 [border: (1px inset #808080)] [r=1 c=1 rs=1 cs=1]
                RenderText {#text} at (2,3) size 27x19
                  text run at (2,3) width 27: "C22"
              RenderTableCell {TD} at (62,25) size 31x25 [border: (1px inset #808080)] [r=1 c=2 rs=1 cs=1]
                RenderText {#text} at (2,3) size 27x19
                  text run at (2,3) width 27: "C23"
              RenderTableCell {TD} at (93,25) size 31x25 [border: (1px inset #808080)] [r=1 c=3 rs=1 cs=1]
                RenderText {#text} at (2,3) size 27x19
                  text run at (2,3) width 27: "C24"
          RenderTableSection {TBODY} at (1,72) size 124x50
            RenderTableRow {TR} at (0,0) size 124x25
              RenderTableCell {TD} at (0,0) size 31x25 [border: (1px inset #808080)] [r=0 c=0 rs=1 cs=1]
                RenderText {#text} at (2,3) size 27x19
                  text run at (2,3) width 27: "C31"
              RenderTableCell {TD} at (31,0) size 31x25 [border: (1px inset #808080)] [r=0 c=1 rs=1 cs=1]
                RenderText {#text} at (2,3) size 27x19
                  text run at (2,3) width 27: "C32"
              RenderTableCell {TD} at (62,0) size 31x25 [border: (1px inset #808080)] [r=0 c=2 rs=1 cs=1]
                RenderText {#text} at (2,3) size 27x19
                  text run at (2,3) width 27: "C33"
              RenderTableCell {TD} at (93,0) size 31x25 [border: (1px inset #808080)] [r=0 c=3 rs=1 cs=1]
                RenderText {#text} at (2,3) size 27x19
                  text run at (2,3) width 27: "C34"
            RenderTableRow {TR} at (0,25) size 124x25
              RenderTableCell {TD} at (0,25) size 31x25 [border: (1px inset #808080)] [r=1 c=0 rs=1 cs=1]
                RenderText {#text} at (2,3) size 27x19
                  text run at (2,3) width 27: "C41"
              RenderTableCell {TD} at (31,25) size 31x25 [border: (1px inset #808080)] [r=1 c=1 rs=1 cs=1]
                RenderText {#text} at (2,3) size 27x19
                  text run at (2,3) width 27: "C42"
              RenderTableCell {TD} at (62,25) size 31x25 [border: (1px inset #808080)] [r=1 c=2 rs=1 cs=1]
                RenderText {#text} at (2,3) size 27x19
                  text run at (2,3) width 27: "C43"
              RenderTableCell {TD} at (93,25) size 31x25 [border: (1px inset #808080)] [r=1 c=3 rs=1 cs=1]
                RenderText {#text} at (2,3) size 27x19
                  text run at (2,3) width 27: "C44"
        RenderBlock (anonymous) at (0,288) size 784x21
          RenderBR {BR} at (0,1) size 0x19
      RenderBlock {P} at (0,2469) size 784x288
        RenderBlock (anonymous) at (0,0) size 784x42
          RenderText {#text} at (0,1) size 778x40
            text run at (0,1) width 554: "The following table is similar to a previous table except that the direction is right-to-left. "
            text run at (554,1) width 224: "It will have its 2nd row and 2nd col"
            text run at (0,22) width 404: "collapsed. A window resize may be necessary to see it properly. "
          RenderBR {BR} at (404,37) size 0x0
        RenderTable {TABLE} at (0,42) size 188x123 [bgcolor=#FFA500] [border: (1px outset #808080)]
          RenderBlock {CAPTION} at (0,0) size 186x21
            RenderInline {B} at (0,0) size 43x19
              RenderText {#text} at (71,1) size 43x19
                text run at (71,1) width 43: "before"
          RenderTableCol {COLGROUP} at (0,0) size 0x0
            RenderTableCol {COL} at (0,0) size 0x0
            RenderTableCol {COL} at (0,0) size 0x0
            RenderTableCol {COL} at (0,0) size 0x0
            RenderTableCol {COL} at (0,0) size 0x0
          RenderTableSection {TBODY} at (1,22) size 186x100
            RenderTableRow {TR} at (0,0) size 186x25
              RenderTableCell {TD} at (155,0) size 31x25 [border: (1px inset #808080)] [r=0 c=0 rs=1 cs=1]
                RenderText {#text} at (2,3) size 27x19
                  text run at (2,3) width 27: "C11"
              RenderTableCell {TD} at (93,0) size 62x25 [border: (1px inset #808080)] [r=0 c=1 rs=1 cs=1]
                RenderText {#text} at (33,3) size 27x19
                  text run at (33,3) width 27: "C12"
              RenderTableCell {TD} at (31,0) size 62x25 [border: (1px inset #808080)] [r=0 c=2 rs=1 cs=1]
                RenderText {#text} at (33,3) size 27x19
                  text run at (33,3) width 27: "C13"
              RenderTableCell {TD} at (0,0) size 31x25 [border: (1px inset #808080)] [r=0 c=3 rs=1 cs=1]
                RenderText {#text} at (2,3) size 27x19
                  text run at (2,3) width 27: "C14"
            RenderTableRow {TR} at (0,25) size 186x25
              RenderTableCell {TD} at (155,25) size 31x25 [border: (1px inset #808080)] [r=1 c=0 rs=1 cs=1]
                RenderText {#text} at (2,3) size 27x19
                  text run at (2,3) width 27: "C21"
              RenderTableCell {TD} at (31,37) size 124x25 [border: (1px inset #808080)] [r=1 c=1 rs=2 cs=2]
                RenderText {#text} at (2,3) size 120x19
                  text run at (2,3) width 120: "C12 C13 C22 C23"
              RenderTableCell {TD} at (0,25) size 31x25 [border: (1px inset #808080)] [r=1 c=3 rs=1 cs=1]
                RenderText {#text} at (2,3) size 27x19
                  text run at (2,3) width 27: "C14"
            RenderTableRow {TR} at (0,50) size 186x25
              RenderTableCell {TD} at (155,50) size 31x25 [border: (1px inset #808080)] [r=2 c=0 rs=1 cs=1]
                RenderText {#text} at (2,3) size 27x19
                  text run at (2,3) width 27: "C31"
              RenderTableCell {TD} at (0,50) size 31x25 [border: (1px inset #808080)] [r=2 c=3 rs=1 cs=1]
                RenderText {#text} at (2,3) size 27x19
                  text run at (2,3) width 27: "C34"
            RenderTableRow {TR} at (0,75) size 186x25
              RenderTableCell {TD} at (155,75) size 31x25 [border: (1px inset #808080)] [r=3 c=0 rs=1 cs=1]
                RenderText {#text} at (2,3) size 27x19
                  text run at (2,3) width 27: "C41"
              RenderTableCell {TD} at (93,75) size 62x25 [border: (1px inset #808080)] [r=3 c=1 rs=1 cs=1]
                RenderText {#text} at (33,3) size 27x19
                  text run at (33,3) width 27: "C42"
              RenderTableCell {TD} at (31,75) size 62x25 [border: (1px inset #808080)] [r=3 c=2 rs=1 cs=1]
                RenderText {#text} at (33,3) size 27x19
                  text run at (33,3) width 27: "C43"
              RenderTableCell {TD} at (0,75) size 31x25 [border: (1px inset #808080)] [r=3 c=3 rs=1 cs=1]
                RenderText {#text} at (2,3) size 27x19
                  text run at (2,3) width 27: "C44"
        RenderTable {TABLE} at (0,165) size 188x123 [bgcolor=#FFA500] [border: (1px outset #808080)]
          RenderBlock {CAPTION} at (0,0) size 186x21
            RenderInline {B} at (0,0) size 32x19
              RenderText {#text} at (77,1) size 32x19
                text run at (77,1) width 32: "after"
          RenderTableCol {COLGROUP} at (0,0) size 0x0
            RenderTableCol {COL} at (0,0) size 0x0
            RenderTableCol {COL} at (0,0) size 0x0
            RenderTableCol {COL} at (0,0) size 0x0
            RenderTableCol {COL} at (0,0) size 0x0
          RenderTableSection {TBODY} at (1,22) size 186x100
            RenderTableRow {TR} at (0,0) size 186x25
              RenderTableCell {TD} at (155,0) size 31x25 [border: (1px inset #808080)] [r=0 c=0 rs=1 cs=1]
                RenderText {#text} at (2,3) size 27x19
                  text run at (2,3) width 27: "C11"
              RenderTableCell {TD} at (93,0) size 62x25 [border: (1px inset #808080)] [r=0 c=1 rs=1 cs=1]
                RenderText {#text} at (33,3) size 27x19
                  text run at (33,3) width 27: "C12"
              RenderTableCell {TD} at (31,0) size 62x25 [border: (1px inset #808080)] [r=0 c=2 rs=1 cs=1]
                RenderText {#text} at (33,3) size 27x19
                  text run at (33,3) width 27: "C13"
              RenderTableCell {TD} at (0,0) size 31x25 [border: (1px inset #808080)] [r=0 c=3 rs=1 cs=1]
                RenderText {#text} at (2,3) size 27x19
                  text run at (2,3) width 27: "C14"
            RenderTableRow {TR} at (0,25) size 186x25
              RenderTableCell {TD} at (155,25) size 31x25 [border: (1px inset #808080)] [r=1 c=0 rs=1 cs=1]
                RenderText {#text} at (2,3) size 27x19
                  text run at (2,3) width 27: "C21"
              RenderTableCell {TD} at (31,37) size 124x25 [border: (1px inset #808080)] [r=1 c=1 rs=2 cs=2]
                RenderText {#text} at (2,3) size 120x19
                  text run at (2,3) width 120: "C12 C13 C22 C23"
              RenderTableCell {TD} at (0,25) size 31x25 [border: (1px inset #808080)] [r=1 c=3 rs=1 cs=1]
                RenderText {#text} at (2,3) size 27x19
                  text run at (2,3) width 27: "C14"
            RenderTableRow {TR} at (0,50) size 186x25
              RenderTableCell {TD} at (155,50) size 31x25 [border: (1px inset #808080)] [r=2 c=0 rs=1 cs=1]
                RenderText {#text} at (2,3) size 27x19
                  text run at (2,3) width 27: "C31"
              RenderTableCell {TD} at (0,50) size 31x25 [border: (1px inset #808080)] [r=2 c=3 rs=1 cs=1]
                RenderText {#text} at (2,3) size 27x19
                  text run at (2,3) width 27: "C34"
            RenderTableRow {TR} at (0,75) size 186x25
              RenderTableCell {TD} at (155,75) size 31x25 [border: (1px inset #808080)] [r=3 c=0 rs=1 cs=1]
                RenderText {#text} at (2,3) size 27x19
                  text run at (2,3) width 27: "C41"
              RenderTableCell {TD} at (93,75) size 62x25 [border: (1px inset #808080)] [r=3 c=1 rs=1 cs=1]
                RenderText {#text} at (33,3) size 27x19
                  text run at (33,3) width 27: "C42"
              RenderTableCell {TD} at (31,75) size 62x25 [border: (1px inset #808080)] [r=3 c=2 rs=1 cs=1]
                RenderText {#text} at (33,3) size 27x19
                  text run at (33,3) width 27: "C43"
              RenderTableCell {TD} at (0,75) size 31x25 [border: (1px inset #808080)] [r=3 c=3 rs=1 cs=1]
                RenderText {#text} at (2,3) size 27x19
                  text run at (2,3) width 27: "C44"
