layer at (0,0) size 800x600
  RenderView at (0,0) size 800x600
layer at (0,0) size 800x119
  RenderBlock {HTML} at (0,0) size 800x119
    RenderBody {BODY} at (8,16) size 784x87
      RenderBlock {P} at (0,0) size 784x17
        RenderText {#text} at (0,0) size 363x17
          text run at (0,0) width 363: "The following paragraphs should be identical:"
      RenderBlock {P} at (0,33) size 784x19
        RenderText {#text} at (0,0) size 315x19
          text run at (0,0) width 315: "This should be in a normal weight font."
      RenderBlock {P} at (0,68) size 784x19
        RenderText {#text} at (0,0) size 315x19
          text run at (0,0) width 315: "This should be in a normal weight font."
