layer at (0,0) size 800x600
  RenderView at (0,0) size 800x600
layer at (0,0) size 800x82
  RenderBlock {HTML} at (0,0) size 800x82
    RenderBody {BODY} at (8,16) size 784x50
      RenderBlock {DIV} at (0,0) size 784x17
        RenderBlock {P} at (0,0) size 784x17 [color=#008000]
          RenderText {#text} at (0,0) size 205x17
            text run at (0,0) width 205: "This line should be green."
      RenderBlock {UL} at (0,33) size 784x17 [color=#008000]
        RenderListItem {LI} at (40,0) size 744x17
          RenderListMarker at (-16,0) size 6x17: bullet
          RenderInline {SPAN} at (0,0) size 0x0 [color=#FF0000]
            RenderText {#text} at (0,0) size 0x0
          RenderText {#text} at (0,0) size 205x17
            text run at (0,0) width 205: "This line should be green."
