layer at (0,0) size 800x600
  RenderView at (0,0) size 800x600
layer at (0,0) size 800x49
  RenderBlock {HTML} at (0,0) size 800x49
    RenderBody {BODY} at (8,16) size 784x17
      RenderBlock {P} at (0,0) size 784x17
        RenderInline {A} at (0,0) size 204x17 [color=#FF0000]
          RenderText {#text} at (0,0) size 204x17
            text run at (0,0) width 204: "This link should be green."
        RenderText {#text} at (204,0) size 281x17
          text run at (204,0) width 281: " (do not hover over it or activate it)"
