layer at (0,0) size 800x600
  RenderView at (0,0) size 800x600
layer at (0,0) size 800x320
  RenderBlock {HTML} at (0,0) size 800x320
    RenderBody {BODY} at (8,16) size 784x288 [color=#0000FF]
      RenderBlock {P} at (0,0) size 784x34
        RenderText {#text} at (0,0) size 716x34
          text run at (0,0) width 452: "There should be a solid line to the left of the text below, "
          text run at (452,0) width 264: "having three segments each of a"
          text run at (0,17) width 230: "different colour as indicated."
      RenderBlock {UL} at (0,50) size 784x238
        RenderListItem {LI} at (40,0) size 744x68 [border: (3px solid #FFA500)]
          RenderBlock (anonymous) at (3,0) size 741x17
            RenderListMarker at (-19,0) size 6x17: bullet
            RenderText {#text} at (0,0) size 137x17
              text run at (0,0) width 137: "Orange orange..."
          RenderBlock {UL} at (3,17) size 741x51
            RenderListItem {LI} at (40,0) size 701x17
              RenderListMarker at (-16,0) size 6x17: white bullet
              RenderText {#text} at (0,0) size 149x17
                text run at (0,0) width 149: "...orange orange..."
            RenderListItem {LI} at (40,17) size 701x17
              RenderListMarker at (-16,0) size 6x17: white bullet
              RenderText {#text} at (0,0) size 149x17
                text run at (0,0) width 149: "...orange orange..."
            RenderListItem {LI} at (40,34) size 701x17
              RenderListMarker at (-16,0) size 6x17: white bullet
              RenderText {#text} at (0,0) size 139x17
                text run at (0,0) width 139: "...orange orange."
        RenderListItem {LI} at (40,68) size 744x17 [border: (3px solid #00FF00)]
          RenderListMarker at (-16,0) size 6x17: bullet
          RenderText {#text} at (3,0) size 44x17
            text run at (3,0) width 44: "Lime."
        RenderListItem {LI} at (40,85) size 744x153 [border: (3px solid #FFFF00)]
          RenderListMarker at (-16,0) size 6x17: bullet
          RenderText {#text} at (3,0) size 711x153
            text run at (3,0) width 386: "Yellow yellow yellow yellow yellow yellow yellow "
            text run at (389,0) width 325: "yellow yellow yellow yellow yellow yellow"
            text run at (3,17) width 165: "yellow yellow yellow "
            text run at (168,17) width 495: "yellow yellow yellow yellow yellow yellow yellow yellow yellow "
            text run at (663,17) width 50: "yellow"
            text run at (3,34) width 440: "yellow yellow yellow yellow yellow yellow yellow yellow "
            text run at (443,34) width 270: "yellow yellow yellow yellow yellow"
            text run at (3,51) width 220: "yellow yellow yellow yellow "
            text run at (223,51) width 490: "yellow yellow yellow yellow yellow yellow yellow yellow yellow"
            text run at (3,68) width 495: "yellow yellow yellow yellow yellow yellow yellow yellow yellow "
            text run at (498,68) width 215: "yellow yellow yellow yellow"
            text run at (3,85) width 275: "yellow yellow yellow yellow yellow "
            text run at (278,85) width 435: "yellow yellow yellow yellow yellow yellow yellow yellow"
            text run at (3,102) width 55: "yellow "
            text run at (58,102) width 495: "yellow yellow yellow yellow yellow yellow yellow yellow yellow "
            text run at (553,102) width 160: "yellow yellow yellow"
            text run at (3,119) width 330: "yellow yellow yellow yellow yellow yellow "
            text run at (333,119) width 380: "yellow yellow yellow yellow yellow yellow yellow"
            text run at (3,136) width 54: "yellow."
