layer at (0,0) size 800x600
  RenderView at (0,0) size 800x600
layer at (0,0) size 800x229
  RenderBlock {HTML} at (0,0) size 800x229
    RenderBody {BODY} at (8,16) size 784x197 [color=#0000FF]
      RenderBlock {P} at (0,0) size 784x33
        RenderText {#text} at (0,12) size 610x17
          text run at (0,12) width 610: "There should be a solid blue line to the left of every occurance of the word \""
        RenderInline {SPAN} at (0,0) size 124x33 [border: (2px solid #0000FF)]
          RenderText {#text} at (612,0) size 122x33
            text run at (612,0) width 122: "\x{21E6}THERE"
        RenderText {#text} at (734,12) size 12x17
          text run at (734,12) width 12: "\"."
      RenderTable {TABLE} at (0,49) size 266x115
        RenderTableSection {TBODY} at (0,0) size 266x115
          RenderTableRow {TR} at (0,2) size 266x35
            RenderTableCell {TD} at (2,2) size 262x35 [border: none (2px solid #0000FF)] [r=0 c=0 rs=1 cs=2]
              RenderText {#text} at (3,1) size 122x33
                text run at (3,1) width 122: "\x{21E6}THERE"
          RenderTableRow {TR} at (0,39) size 266x74
            RenderTableCell {TD} at (2,58) size 126x35 [border: none (2px solid #0000FF)] [r=1 c=0 rs=1 cs=1]
              RenderText {#text} at (3,1) size 122x33
                text run at (3,1) width 122: "\x{21E6}THERE"
            RenderTableCell {TD} at (130,39) size 134x74 [border: none (2px solid #0000FF)] [r=1 c=1 rs=1 cs=1]
              RenderBlock (anonymous) at (3,1) size 130x33
                RenderText {#text} at (0,0) size 122x33
                  text run at (0,0) width 122: "\x{21E6}THERE"
              RenderTable {TABLE} at (3,34) size 130x39
                RenderTableSection {TBODY} at (0,0) size 130x39
                  RenderTableRow {TR} at (0,2) size 130x35
                    RenderTableCell {TD} at (2,2) size 126x35 [border: none (2px solid #0000FF)] [r=0 c=0 rs=1 cs=1]
                      RenderText {#text} at (3,1) size 122x33
                        text run at (3,1) width 122: "\x{21E6}THERE"
      RenderBlock {P} at (0,180) size 784x17
        RenderText {#text} at (0,0) size 427x17
          text run at (0,0) width 427: "There should be 3 short lines and 2 long lines in total."
