layer at (0,0) size 800x600
  RenderView at (0,0) size 800x600
layer at (0,0) size 800x252
  RenderBlock {HTML} at (0,0) size 800x252
    RenderBody {BODY} at (8,16) size 784x220
      RenderBlock {P} at (20,0) size 764x102 [color=#0000FF] [border: (10px double #0000FF)]
        RenderText {#text} at (10,0) size 438x17
          text run at (10,0) width 438: "\x{21E6} This paragraph should have two blue lines on its left. "
        RenderInline {SPAN} at (0,0) size 739x102 [color=#C0C0C0]
          RenderText {#text} at (448,0) size 739x102
            text run at (448,0) width 301: "dummy text dummy text dummy text"
            text run at (10,17) width 270: "dummy text dummy text dummy "
            text run at (280,17) width 439: "text dummy text dummy text dummy text dummy text"
            text run at (10,34) width 168: "dummy text dummy "
            text run at (178,34) width 541: "text dummy text dummy text dummy text dummy text dummy text"
            text run at (10,51) width 66: "dummy "
            text run at (76,51) width 612: "text dummy text dummy text dummy text dummy text dummy text dummy "
            text run at (688,51) width 31: "text"
            text run at (10,68) width 576: "dummy text dummy text dummy text dummy text dummy text dummy "
            text run at (586,68) width 133: "text dummy text"
            text run at (10,85) width 301: "dummy text dummy text dummy text"
        RenderText {#text} at (0,0) size 0x0
      RenderBlock {P} at (20,118) size 764x102 [color=#0000FF] [border: (1px solid #0000FF)]
        RenderText {#text} at (1,0) size 446x17
          text run at (1,0) width 446: "\x{21E6} This paragraph should have a thin blue line on its left. "
        RenderInline {SPAN} at (0,0) size 747x102 [color=#C0C0C0]
          RenderText {#text} at (447,0) size 747x102
            text run at (447,0) width 301: "dummy text dummy text dummy text"
            text run at (1,17) width 270: "dummy text dummy text dummy "
            text run at (271,17) width 439: "text dummy text dummy text dummy text dummy text"
            text run at (1,34) width 168: "dummy text dummy "
            text run at (169,34) width 541: "text dummy text dummy text dummy text dummy text dummy text"
            text run at (1,51) width 66: "dummy "
            text run at (67,51) width 612: "text dummy text dummy text dummy text dummy text dummy text dummy "
            text run at (679,51) width 31: "text"
            text run at (1,68) width 576: "dummy text dummy text dummy text dummy text dummy text dummy "
            text run at (577,68) width 133: "text dummy text"
            text run at (1,85) width 301: "dummy text dummy text dummy text"
        RenderText {#text} at (0,0) size 0x0
