layer at (0,0) size 800x600
  RenderView at (0,0) size 800x600
layer at (0,0) size 800x354
  RenderBlock {HTML} at (0,0) size 800x354
    RenderBody {BODY} at (8,8) size 784x338
      RenderBlock {DIV} at (0,0) size 784x17
        RenderText {#text} at (0,0) size 440x17
          text run at (0,0) width 440: "The blue bits of text should be decorated as described."
      RenderBlock {P} at (0,33) size 784x272 [color=#C0C0C0]
        RenderText {#text} at (0,0) size 775x68
          text run at (0,0) width 612: "dummy text dummy text dummy text dummy text dummy text dummy text "
          text run at (612,0) width 163: "dummy text dummy"
          text run at (0,17) width 444: "text dummy text dummy text dummy text dummy text "
          text run at (444,17) width 301: "dummy text dummy text dummy text"
          text run at (0,34) width 306: "dummy text dummy text dummy text "
          text run at (306,34) width 469: "dummy text dummy text dummy text dummy text dummy"
          text run at (0,51) width 138: "text dummy text "
        RenderInline {SPAN} at (0,0) size 778x34 [color=#0000FF] [border: (10px double #0000FF) none]
          RenderInline {SPAN} at (0,0) size 745x34 [color=#C0C0C0]
            RenderText {#text} at (138,51) size 745x34
              text run at (138,51) width 408: "dummy text dummy text dummy text dummy text "
              text run at (546,51) width 199: "dummy text dummy text"
              text run at (0,68) width 408: "dummy text dummy text dummy text dummy text "
              text run at (408,68) width 199: "dummy text dummy text"
          RenderText {#text} at (607,68) size 161x17
            text run at (607,68) width 161: " two blue lines here:"
        RenderText {#text} at (0,85) size 775x102
          text run at (0,85) width 66: "dummy "
          text run at (66,85) width 612: "text dummy text dummy text dummy text dummy text dummy text dummy "
          text run at (678,85) width 97: "text dummy"
          text run at (0,102) width 510: "text dummy text dummy text dummy text dummy text dummy "
          text run at (510,102) width 235: "text dummy text dummy text"
          text run at (0,119) width 372: "dummy text dummy text dummy text dummy "
          text run at (372,119) width 403: "text dummy text dummy text dummy text dummy"
          text run at (0,136) width 204: "text dummy text dummy "
          text run at (204,136) width 541: "text dummy text dummy text dummy text dummy text dummy text"
          text run at (0,153) width 66: "dummy "
          text run at (66,153) width 612: "text dummy text dummy text dummy text dummy text dummy text dummy "
          text run at (678,153) width 97: "text dummy"
          text run at (0,170) width 240: "text dummy text dummy text "
        RenderInline {SPAN} at (0,0) size 190x17 [color=#0000FF] [border: (1px solid #0000FF) none]
          RenderText {#text} at (240,170) size 189x17
            text run at (240,170) width 70: "one thin "
            text run at (310,170) width 119: "blue line here: "
        RenderText {#text} at (430,170) size 775x102
          text run at (430,170) width 301: "dummy text dummy text dummy text"
          text run at (0,187) width 102: "dummy text "
          text run at (102,187) width 612: "dummy text dummy text dummy text dummy text dummy text dummy text "
          text run at (714,187) width 61: "dummy"
          text run at (0,204) width 546: "text dummy text dummy text dummy text dummy text dummy text "
          text run at (546,204) width 199: "dummy text dummy text"
          text run at (0,221) width 408: "dummy text dummy text dummy text dummy text "
          text run at (408,221) width 367: "dummy text dummy text dummy text dummy"
          text run at (0,238) width 240: "text dummy text dummy text "
          text run at (240,238) width 505: "dummy text dummy text dummy text dummy text dummy text"
          text run at (0,255) width 102: "dummy text "
          text run at (102,255) width 505: "dummy text dummy text dummy text dummy text dummy text"
      RenderBlock {DIV} at (0,321) size 784x17
        RenderText {#text} at (0,0) size 522x17
          text run at (0,0) width 522: "(All the lines of text in the block above should be equally spaced.)"
