layer at (0,0) size 800x600
  RenderView at (0,0) size 800x600
layer at (0,0) size 800x561
  RenderBlock {HTML} at (0,0) size 800x561
    RenderBody {BODY} at (8,16) size 784x529
      RenderBlock {P} at (0,0) size 784x51 [color=#000080]
        RenderText {#text} at (0,0) size 783x51
          text run at (0,0) width 515: "The big coloured boxes should be level with the top of the small "
          text run at (515,0) width 268: "coloured boxes of the same color"
          text run at (0,17) width 270: "(unless there is not enough room "
          text run at (270,17) width 489: "for the big box to fit on the small box's line, in which case the"
          text run at (0,34) width 506: "big box should be level with the bottom of the respective small "
          text run at (506,34) width 40: "box)."
      RenderBlock {DIV} at (16,67) size 752x462 [color=#C0C0C0] [border: (5px solid #800080)]
        RenderText {#text} at (21,21) size 594x19
          text run at (21,21) width 594: "dummy text dummy text dummy text dummy text dummy text dummy text "
        RenderInline {SPAN} at (0,0) size 14x25 [color=#FFFFFF] [bgcolor=#008080] [border: (3px solid #00FFFF)]
          RenderText {#text} at (618,21) size 8x19
            text run at (618,21) width 8: "\x{21E6}"
        RenderText {#text} at (629,21) size 5x19
          text run at (629,21) width 5: " "
        RenderImage {IMG} at (21,41) size 112x112 [color=#FF0000]
        RenderText {#text} at (634,21) size 595x39
          text run at (634,21) width 94: "dummy text"
          text run at (133,41) width 495: "dummy text dummy text dummy text dummy text dummy text "
        RenderInline {SPAN} at (0,0) size 14x25 [color=#FFFFFF] [bgcolor=#800080] [border: (3px solid #FF00FF)]
          RenderText {#text} at (631,41) size 8x19
            text run at (631,41) width 8: "\x{21E8}"
        RenderText {#text} at (642,41) size 5x19
          text run at (642,41) width 5: " "
        RenderImage {IMG} at (619,61) size 112x112 [color=#FF0000]
        RenderText {#text} at (647,41) size 688x399
          text run at (647,41) width 59: "dummy"
          text run at (133,61) width 426: "text dummy text dummy text dummy text dummy text"
          text run at (133,81) width 99: "dummy text "
          text run at (232,81) width 356: "dummy text dummy text dummy text dummy"
          text run at (133,101) width 233: "text dummy text dummy text "
          text run at (366,101) width 193: "dummy text dummy text"
          text run at (133,121) width 396: "dummy text dummy text dummy text dummy text "
          text run at (529,121) width 59: "dummy"
          text run at (133,141) width 426: "text dummy text dummy text dummy text dummy text"
          text run at (21,161) width 99: "dummy text "
          text run at (120,161) width 490: "dummy text dummy text dummy text dummy text dummy text"
          text run at (21,181) width 99: "dummy text "
          text run at (120,181) width 589: "dummy text dummy text dummy text dummy text dummy text dummy text"
          text run at (21,201) width 594: "dummy text dummy text dummy text dummy text dummy text dummy text "
          text run at (615,201) width 94: "dummy text"
          text run at (21,221) width 495: "dummy text dummy text dummy text dummy text dummy text "
          text run at (516,221) width 193: "dummy text dummy text"
          text run at (21,241) width 396: "dummy text dummy text dummy text dummy text "
          text run at (417,241) width 292: "dummy text dummy text dummy text"
          text run at (21,261) width 297: "dummy text dummy text dummy text "
          text run at (318,261) width 391: "dummy text dummy text dummy text dummy text"
          text run at (21,281) width 198: "dummy text dummy text "
          text run at (219,281) width 490: "dummy text dummy text dummy text dummy text dummy text"
          text run at (21,301) width 99: "dummy text "
          text run at (120,301) width 589: "dummy text dummy text dummy text dummy text dummy text dummy text"
          text run at (21,321) width 594: "dummy text dummy text dummy text dummy text dummy text dummy text "
          text run at (615,321) width 94: "dummy text"
          text run at (21,341) width 495: "dummy text dummy text dummy text dummy text dummy text "
          text run at (516,341) width 193: "dummy text dummy text"
          text run at (21,361) width 396: "dummy text dummy text dummy text dummy text "
          text run at (417,361) width 292: "dummy text dummy text dummy text"
          text run at (21,381) width 297: "dummy text dummy text dummy text "
          text run at (318,381) width 391: "dummy text dummy text dummy text dummy text"
          text run at (21,401) width 198: "dummy text dummy text "
          text run at (219,401) width 490: "dummy text dummy text dummy text dummy text dummy text"
          text run at (21,421) width 94: "dummy text"
