layer at (0,0) size 800x837
  RenderView at (0,0) size 800x600
layer at (0,0) size 800x837
  RenderBlock {HTML} at (0,0) size 800x837
    RenderBody {BODY} at (8,32) size 784x773
      RenderBlock {P} at (32,0) size 720x99 [color=#000080]
        RenderText {#text} at (0,0) size 701x99
          text run at (0,0) width 680: "\x{21E9} The following blue box should be exactly"
          text run at (0,33) width 231: "half the width "
          text run at (231,33) width 470: "of the viewport, on the left of"
          text run at (0,66) width 321: "the 50% ruler mark."
      RenderBlock (floating) {DIV} at (0,131) size 392x357 [color=#FFFFFF] [bgcolor=#0000FF]
        RenderText {#text} at (0,0) size 392x357
          text run at (0,0) width 392: "ignore this float text ignore this float text ignore"
          text run at (0,17) width 82: "this float "
          text run at (82,17) width 310: "text ignore this float text ignore this"
          text run at (0,34) width 178: "float text ignore this "
          text run at (178,34) width 214: "float text ignore this float"
          text run at (0,51) width 279: "text ignore this float text ignore "
          text run at (279,51) width 113: "this float text"
          text run at (0,68) width 341: "ignore this float text ignore this float text "
          text run at (341,68) width 51: "ignore"
          text run at (0,85) width 392: "this float text ignore this float text ignore this"
          text run at (0,102) width 44: "float "
          text run at (44,102) width 348: "text ignore this float text ignore this float"
          text run at (0,119) width 135: "text ignore this "
          text run at (135,119) width 257: "float text ignore this float text"
          text run at (0,136) width 227: "ignore this float text ignore "
          text run at (227,136) width 165: "this float text ignore"
          text run at (0,153) width 304: "this float text ignore this float text "
          text run at (304,153) width 88: "ignore this"
          text run at (0,170) width 392: "float text ignore this float text ignore this float"
          text run at (0,187) width 392: "text ignore this float text ignore this float text"
          text run at (0,204) width 91: "ignore this "
          text run at (91,204) width 301: "float text ignore this float text ignore"
          text run at (0,221) width 182: "this float text ignore "
          text run at (182,221) width 210: "this float text ignore this"
          text run at (0,238) width 261: "float text ignore this float text "
          text run at (261,238) width 131: "ignore this float"
          text run at (0,255) width 361: "text ignore this float text ignore this float "
          text run at (361,255) width 31: "text"
          text run at (0,272) width 392: "ignore this float text ignore this float text ignore"
          text run at (0,289) width 37: "this "
          text run at (37,289) width 355: "float text ignore this float text ignore this"
          text run at (0,306) width 142: "float text ignore "
          text run at (142,306) width 250: "this float text ignore this float"
          text run at (0,323) width 220: "text ignore this float text "
          text run at (220,323) width 172: "ignore this float text"
          text run at (0,340) width 291: "ignore this float text ignore this float"
      RenderBlock {DIV} at (0,131) size 784x544 [color=#C0C0C0]
        RenderText {#text} at (392,0) size 784x544
          text run at (392,0) width 392: "this is some dummy text this is some dummy"
          text run at (392,17) width 239: "text this is some dummy "
          text run at (631,17) width 153: "text this is some"
          text run at (392,34) width 392: "dummy text this is some dummy text this is"
          text run at (392,51) width 50: "some "
          text run at (442,51) width 342: "dummy text this is some dummy text this"
          text run at (392,68) width 239: "is some dummy text this is "
          text run at (631,68) width 153: "some dummy text"
          text run at (392,85) width 392: "this is some dummy text this is some dummy"
          text run at (392,102) width 43: "text "
          text run at (435,102) width 349: "this is some dummy text this is some"
          text run at (392,119) width 300: "dummy text this is some dummy "
          text run at (692,119) width 92: "text this is"
          text run at (392,136) width 392: "some dummy text this is some dummy text this"
          text run at (392,153) width 73: "is some "
          text run at (465,153) width 319: "dummy text this is some dummy text"
          text run at (392,170) width 278: "this is some dummy text this is "
          text run at (670,170) width 114: "some dummy"
          text run at (392,187) width 392: "text this is some dummy text this is some"
          text run at (392,204) width 113: "dummy text "
          text run at (505,204) width 279: "this is some dummy text this is"
          text run at (392,221) width 326: "some dummy text this is some dummy "
          text run at (718,221) width 66: "text this"
          text run at (392,238) width 392: "is some dummy text this is some dummy text"
          text run at (392,255) width 110: "this is some "
          text run at (502,255) width 282: "dummy text this is some dummy"
          text run at (392,272) width 348: "text this is some dummy text this is "
          text run at (740,272) width 44: "some"
          text run at (392,289) width 392: "dummy text this is some dummy text this is"
          text run at (392,306) width 155: "some dummy text "
          text run at (547,306) width 237: "this is some dummy text this"
          text run at (392,323) width 361: "is some dummy text this is some dummy "
          text run at (753,323) width 31: "text"
          text run at (392,340) width 392: "this is some dummy text this is some dummy"
          text run at (0,357) width 146: "text this is some "
          text run at (146,357) width 594: "dummy text this is some dummy text this is some dummy text this is "
          text run at (740,357) width 44: "some"
          text run at (0,374) width 526: "dummy text this is some dummy text this is some dummy text "
          text run at (526,374) width 258: "this is some dummy text this is"
          text run at (0,391) width 316: "some dummy text this is some dummy "
          text run at (316,391) width 468: "text this is some dummy text this is some dummy text this"
          text run at (0,408) width 68: "is some "
          text run at (68,408) width 568: "dummy text this is some dummy text this is some dummy text this is "
          text run at (636,408) width 148: "some dummy text"
          text run at (0,425) width 413: "this is some dummy text this is some dummy text "
          text run at (413,425) width 371: "this is some dummy text this is some dummy"
          text run at (0,442) width 215: "text this is some dummy "
          text run at (215,442) width 569: "text this is some dummy text this is some dummy text this is some"
          text run at (0,459) width 580: "dummy text this is some dummy text this is some dummy text this is "
          text run at (580,459) width 204: "some dummy text this is"
          text run at (0,476) width 352: "some dummy text this is some dummy text "
          text run at (352,476) width 432: "this is some dummy text this is some dummy text this"
          text run at (0,493) width 135: "is some dummy "
          text run at (135,493) width 551: "text this is some dummy text this is some dummy text this is some "
          text run at (686,493) width 98: "dummy text"
          text run at (0,510) width 466: "this is some dummy text this is some dummy text this is "
          text run at (466,510) width 318: "some dummy text this is some dummy"
          text run at (0,527) width 31: "text"
      RenderBlock {P} at (32,707) size 720x66 [color=#000080]
        RenderText {#text} at (17,0) size 703x66
          text run at (17,0) width 703: "The above gray text should flow around the"
          text run at (547,33) width 157: "blue box. "
          text run at (704,33) width 16: "\x{21E7}"
