layer at (0,0) size 800x600
  RenderView at (0,0) size 800x600
layer at (0,0) size 800x183
  RenderBlock {HTML} at (0,0) size 800x183
    RenderBody {BODY} at (8,16) size 784x151
      RenderBlock {P} at (0,0) size 784x17 [color=#000080]
        RenderText {#text} at (0,0) size 756x17
          text run at (0,0) width 473: "In the following test, the teal blocks must be just inside the "
          text run at (473,0) width 283: "top and sides of the blue rectangle."
      RenderBlock {DIV} at (0,33) size 784x118
        RenderBlock {DIV} at (16,0) size 752x118 [color=#0000FF] [bgcolor=#000080] [border: (8px solid #0000FF) none (8px solid #0000FF)]
          RenderBlock (floating) {P} at (8,8) size 176x118 [color=#00FFFF] [bgcolor=#008080] [border: (4px solid #00FFFF)]
            RenderText {#text} at (8,8) size 136x102
              text run at (8,8) width 122: "Teal block. Teal"
              text run at (8,25) width 136: "block. Teal block."
              text run at (8,42) width 122: "Teal block. Teal"
              text run at (8,59) width 136: "block. Teal block."
              text run at (8,76) width 122: "Teal block. Teal"
              text run at (8,93) width 47: "block."
          RenderBlock (floating) {P} at (568,8) size 176x118 [color=#00FFFF] [bgcolor=#008080] [border: (4px solid #00FFFF)]
            RenderText {#text} at (8,8) size 136x102
              text run at (8,8) width 122: "Teal block. Teal"
              text run at (8,25) width 136: "block. Teal block."
              text run at (8,42) width 122: "Teal block. Teal"
              text run at (8,59) width 136: "block. Teal block."
              text run at (8,76) width 122: "Teal block. Teal"
              text run at (8,93) width 47: "block."
          RenderText {#text} at (184,8) size 373x102
            text run at (184,8) width 373: "Blue rectangle. Blue rectangle. Blue rectangle."
            text run at (184,25) width 373: "Blue rectangle. Blue rectangle. Blue rectangle."
            text run at (184,42) width 252: "Blue rectangle. Blue rectangle. "
            text run at (436,42) width 121: "Blue rectangle."
            text run at (184,59) width 373: "Blue rectangle. Blue rectangle. Blue rectangle."
            text run at (184,76) width 373: "Blue rectangle. Blue rectangle. Blue rectangle."
            text run at (184,93) width 121: "Blue rectangle."
