layer at (0,0) size 800x709
  RenderView at (0,0) size 800x600
layer at (0,0) size 800x709
  RenderBlock {HTML} at (0,0) size 800x709
    RenderBody {BODY} at (8,16) size 784x685
      RenderBlock {P} at (0,0) size 784x17
        RenderText {#text} at (0,0) size 531x17
          text run at (0,0) width 480: "The blue text should not go past the 50% mark on the ruler "
          text run at (480,0) width 51: "below."
      RenderBlock {DIV} at (0,33) size 392x612 [color=#0000FF]
        RenderText {#text} at (0,0) size 387x612
          text run at (0,0) width 382: "a bit of dummy text a bit of dummy text a bit of"
          text run at (0,17) width 117: "dummy text a "
          text run at (117,17) width 270: "bit of dummy text a bit of dummy"
          text run at (0,34) width 260: "text a bit of dummy text a bit of "
          text run at (260,34) width 112: "dummy text a"
          text run at (0,51) width 367: "bit of dummy text a bit of dummy text a bit of"
          text run at (0,68) width 66: "dummy "
          text run at (66,68) width 321: "text a bit of dummy text a bit of dummy"
          text run at (0,85) width 214: "text a bit of dummy text a "
          text run at (214,85) width 158: "bit of dummy text a"
          text run at (0,102) width 367: "bit of dummy text a bit of dummy text a bit of"
          text run at (0,119) width 387: "dummy text a bit of dummy text a bit of dummy"
          text run at (0,136) width 163: "text a bit of dummy "
          text run at (163,136) width 209: "text a bit of dummy text a"
          text run at (0,153) width 326: "bit of dummy text a bit of dummy text a "
          text run at (326,153) width 41: "bit of"
          text run at (0,170) width 387: "dummy text a bit of dummy text a bit of dummy"
          text run at (0,187) width 97: "text a bit of "
          text run at (97,187) width 275: "dummy text a bit of dummy text a"
          text run at (0,204) width 275: "bit of dummy text a bit of dummy "
          text run at (275,204) width 92: "text a bit of"
          text run at (0,221) width 387: "dummy text a bit of dummy text a bit of dummy"
          text run at (0,238) width 51: "text a "
          text run at (51,238) width 321: "bit of dummy text a bit of dummy text a"
          text run at (0,255) width 209: "bit of dummy text a bit of "
          text run at (209,255) width 158: "dummy text a bit of"
          text run at (0,272) width 387: "dummy text a bit of dummy text a bit of dummy"
          text run at (0,289) width 372: "text a bit of dummy text a bit of dummy text a"
          text run at (0,306) width 163: "bit of dummy text a "
          text run at (163,306) width 204: "bit of dummy text a bit of"
          text run at (0,323) width 326: "dummy text a bit of dummy text a bit of "
          text run at (326,323) width 61: "dummy"
          text run at (0,340) width 372: "text a bit of dummy text a bit of dummy text a"
          text run at (0,357) width 112: "bit of dummy "
          text run at (112,357) width 255: "text a bit of dummy text a bit of"
          text run at (0,374) width 280: "dummy text a bit of dummy text a "
          text run at (280,374) width 107: "bit of dummy"
          text run at (0,391) width 372: "text a bit of dummy text a bit of dummy text a"
          text run at (0,408) width 46: "bit of "
          text run at (46,408) width 321: "dummy text a bit of dummy text a bit of"
          text run at (0,425) width 229: "dummy text a bit of dummy "
          text run at (229,425) width 158: "text a bit of dummy"
          text run at (0,442) width 372: "text a bit of dummy text a bit of dummy text a"
          text run at (0,459) width 367: "bit of dummy text a bit of dummy text a bit of"
          text run at (0,476) width 163: "dummy text a bit of "
          text run at (163,476) width 224: "dummy text a bit of dummy"
          text run at (0,493) width 326: "text a bit of dummy text a bit of dummy "
          text run at (326,493) width 46: "text a"
          text run at (0,510) width 367: "bit of dummy text a bit of dummy text a bit of"
          text run at (0,527) width 117: "dummy text a "
          text run at (117,527) width 270: "bit of dummy text a bit of dummy"
          text run at (0,544) width 260: "text a bit of dummy text a bit of "
          text run at (260,544) width 112: "dummy text a"
          text run at (0,561) width 367: "bit of dummy text a bit of dummy text a bit of"
          text run at (0,578) width 66: "dummy "
          text run at (66,578) width 321: "text a bit of dummy text a bit of dummy"
          text run at (0,595) width 163: "text a bit of dummy "
          text run at (163,595) width 31: "text"
