layer at (0,0) size 800x600
  RenderView at (0,0) size 800x600
layer at (0,0) size 800x493
  RenderBlock {HTML} at (0,0) size 800x493
    RenderBody {BODY} at (8,16) size 784x469
      RenderBlock {P} at (0,0) size 784x17
        RenderText {#text} at (0,0) size 588x17
          text run at (0,0) width 588: "The square below should be exactly 50% wide on the ruler at the bottom."
      RenderBlock {DIV} at (0,33) size 784x396
        RenderImage {IMG} at (0,0) size 392x392
