layer at (0,0) size 800x600
  RenderView at (0,0) size 800x600
layer at (0,0) size 800x91
  RenderBlock {HTML} at (0,0) size 800x91
    RenderBody {BODY} at (8,16) size 784x67
      RenderBlock {P} at (0,0) size 784x17
        RenderText {#text} at (0,0) size 362x17
          text run at (0,0) width 362: "The following two lines should look the same:"
      RenderBlock {DIV} at (0,33) size 784x17
        RenderInline {SPAN} at (0,0) size 5x17
          RenderInline (generated) at (0,0) size 5x17
            RenderCounter at (0,0) size 5x17
              text run at (0,0) width 5: "I"
        RenderText {#text} at (5,0) size 5x17
          text run at (5,0) width 5: " "
        RenderInline {SPAN} at (0,0) size 10x17
          RenderInline (generated) at (0,0) size 10x17
            RenderCounter at (10,0) size 10x17
              text run at (10,0) width 10: "II"
        RenderText {#text} at (20,0) size 5x17
          text run at (20,0) width 5: " "
        RenderInline {SPAN} at (0,0) size 15x17
          RenderInline (generated) at (0,0) size 15x17
            RenderCounter at (25,0) size 15x17
              text run at (25,0) width 15: "III"
        RenderText {#text} at (40,0) size 5x17
          text run at (40,0) width 5: " "
        RenderInline {SPAN} at (0,0) size 16x17
          RenderInline (generated) at (0,0) size 16x17
            RenderCounter at (45,0) size 16x17
              text run at (45,0) width 16: "IV"
        RenderText {#text} at (61,0) size 5x17
          text run at (61,0) width 5: " "
        RenderInline {SPAN} at (0,0) size 11x17
          RenderInline (generated) at (0,0) size 11x17
            RenderCounter at (66,0) size 11x17
              text run at (66,0) width 11: "V"
        RenderText {#text} at (77,0) size 5x17
          text run at (77,0) width 5: " "
        RenderInline {SPAN} at (0,0) size 16x17
          RenderInline (generated) at (0,0) size 16x17
            RenderCounter at (82,0) size 16x17
              text run at (82,0) width 16: "VI"
        RenderText {#text} at (98,0) size 5x17
          text run at (98,0) width 5: " "
        RenderInline {SPAN} at (0,0) size 21x17
          RenderInline (generated) at (0,0) size 21x17
            RenderCounter at (103,0) size 21x17
              text run at (103,0) width 21: "VII"
        RenderText {#text} at (124,0) size 5x17
          text run at (124,0) width 5: " "
        RenderInline {SPAN} at (0,0) size 26x17
          RenderInline (generated) at (0,0) size 26x17
            RenderCounter at (129,0) size 26x17
              text run at (129,0) width 26: "VIII"
        RenderText {#text} at (155,0) size 5x17
          text run at (155,0) width 5: " "
        RenderInline {SPAN} at (0,0) size 16x17
          RenderInline (generated) at (0,0) size 16x17
            RenderCounter at (160,0) size 16x17
              text run at (160,0) width 16: "IX"
        RenderText {#text} at (176,0) size 5x17
          text run at (176,0) width 5: " "
        RenderInline {SPAN} at (0,0) size 11x17
          RenderInline (generated) at (0,0) size 11x17
            RenderCounter at (181,0) size 11x17
              text run at (181,0) width 11: "X"
        RenderText {#text} at (192,0) size 5x17
          text run at (192,0) width 5: " "
        RenderInline {SPAN} at (0,0) size 16x17
          RenderInline (generated) at (0,0) size 16x17
            RenderCounter at (197,0) size 16x17
              text run at (197,0) width 16: "XI"
        RenderText {#text} at (213,0) size 5x17
          text run at (213,0) width 5: " "
        RenderInline {SPAN} at (0,0) size 21x17
          RenderInline (generated) at (0,0) size 21x17
            RenderCounter at (218,0) size 21x17
              text run at (218,0) width 21: "XII"
        RenderText {#text} at (239,0) size 5x17
          text run at (239,0) width 5: " "
        RenderInline {SPAN} at (0,0) size 36x17
          RenderInline (generated) at (0,0) size 36x17
            RenderCounter at (244,0) size 36x17
              text run at (244,0) width 36: "XLIX"
        RenderText {#text} at (280,0) size 5x17
          text run at (280,0) width 5: " "
        RenderInline {SPAN} at (0,0) size 9x17
          RenderInline (generated) at (0,0) size 9x17
            RenderCounter at (285,0) size 9x17
              text run at (285,0) width 9: "L"
        RenderText {#text} at (294,0) size 5x17
          text run at (294,0) width 5: " "
        RenderInline {SPAN} at (0,0) size 91x17
          RenderInline (generated) at (0,0) size 91x17
            RenderCounter at (299,0) size 91x17
              text run at (299,0) width 91: "CCCLXXXIX"
        RenderText {#text} at (390,0) size 5x17
          text run at (390,0) width 5: " "
        RenderInline {SPAN} at (0,0) size 54x17
          RenderInline (generated) at (0,0) size 54x17
            RenderCounter at (395,0) size 54x17
              text run at (395,0) width 54: "CCCXC"
        RenderText {#text} at (449,0) size 5x17
          text run at (449,0) width 5: " "
        RenderInline {SPAN} at (0,0) size 123x17
          RenderInline (generated) at (0,0) size 123x17
            RenderCounter at (454,0) size 123x17
              text run at (454,0) width 123: "MMMCDLXXXIX"
        RenderText {#text} at (577,0) size 5x17
          text run at (577,0) width 5: " "
        RenderInline {SPAN} at (0,0) size 86x17
          RenderInline (generated) at (0,0) size 86x17
            RenderCounter at (582,0) size 86x17
              text run at (582,0) width 86: "MMMCDXC"
        RenderText {#text} at (668,0) size 5x17
          text run at (668,0) width 5: " "
        RenderInline {SPAN} at (0,0) size 91x17
          RenderInline (generated) at (0,0) size 91x17
            RenderCounter at (673,0) size 91x17
              text run at (673,0) width 91: "MMMCDXCI"
        RenderText {#text} at (0,0) size 0x0
      RenderBlock {DIV} at (0,50) size 784x17
        RenderText {#text} at (0,0) size 764x17
          text run at (0,0) width 10: "I "
          text run at (10,0) width 15: "II "
          text run at (25,0) width 20: "III "
          text run at (45,0) width 21: "IV "
          text run at (66,0) width 16: "V "
          text run at (82,0) width 21: "VI "
          text run at (103,0) width 26: "VII "
          text run at (129,0) width 31: "VIII "
          text run at (160,0) width 21: "IX "
          text run at (181,0) width 16: "X "
          text run at (197,0) width 21: "XI "
          text run at (218,0) width 26: "XII "
          text run at (244,0) width 41: "XLIX "
          text run at (285,0) width 14: "L "
          text run at (299,0) width 96: "CCCLXXXIX "
          text run at (395,0) width 59: "CCCXC "
          text run at (454,0) width 128: "MMMCDLXXXIX "
          text run at (582,0) width 91: "MMMCDXC "
          text run at (673,0) width 91: "MMMCDXCI"
