layer at (0,0) size 800x600
  RenderView at (0,0) size 800x600
layer at (0,0) size 800x218
  RenderBlock {HTML} at (0,0) size 800x218
    RenderBody {BODY} at (8,16) size 784x194
      RenderBlock {P} at (0,0) size 784x34
        RenderText {#text} at (0,0) size 778x34
          text run at (0,0) width 778: "There should be a stripy pattern of yellow and aqua below (each vertical stripe should be straight"
          text run at (0,17) width 122: "and unbroken)."
      RenderBlock {DIV} at (48,50) size 288x24 [color=#00FFFF] [bgcolor=#FFFF00]
        RenderText {#text} at (0,0) size 264x25
          text run at (0,0) width 264: "x  x  xx xx"
      RenderBlock {DIV} at (48,74) size 288x24 [color=#00FFFF] [bgcolor=#FFFF00]
        RenderText {#text} at (0,0) size 264x25
          text run at (0,0) width 264: "x  x  xx xx"
      RenderBlock {DIV} at (48,98) size 288x24 [color=#00FFFF] [bgcolor=#FFFF00]
        RenderText {#text} at (0,0) size 264x25
          text run at (0,0) width 264: "x  x  xx xx"
      RenderBlock {DIV} at (48,122) size 288x24 [color=#00FFFF] [bgcolor=#FFFF00]
        RenderText {#text} at (0,0) size 144x25
          text run at (0,0) width 144: "x x "
        RenderInline {SPAN} at (0,0) size 120x25
          RenderText {#text} at (144,0) size 120x25
            text run at (144,0) width 120: "xx xx"
        RenderText {#text} at (0,0) size 0x0
      RenderBlock {DIV} at (48,146) size 288x24 [color=#00FFFF] [bgcolor=#FFFF00]
        RenderText {#text} at (0,0) size 264x25
          text run at (0,0) width 264: "x  x  xx xx"
      RenderBlock {DIV} at (48,170) size 288x24 [color=#00FFFF] [bgcolor=#FFFF00]
        RenderText {#text} at (0,0) size 144x25
          text run at (0,0) width 144: "x   x   xx  xx"
