layer at (0,0) size 800x600
  RenderView at (0,0) size 800x600
layer at (0,0) size 800x227
  RenderBlock {HTML} at (0,0) size 800x227
    RenderBody {BODY} at (8,16) size 784x203
      RenderBlock {P} at (0,0) size 784x17
        RenderText {#text} at (0,0) size 407x17
          text run at (0,0) width 407: "There should be no red borders on the table below"
      RenderTable {TABLE} at (0,33) size 147x170 [border: (2px none #808080)]
        RenderTableSection {TBODY} at (2,2) size 142x165
          RenderTableRow {TR} at (0,0) size 142x55
            RenderTableCell {TD} at (0,15) size 43x24 [border: (3px solid #00FF00)] [r=0 c=0 rs=1 cs=1]
              RenderText {#text} at (4,4) size 36x17
                text run at (4,4) width 36: "solid"
            RenderTableCell {TD} at (43,16) size 56x22 [border: (3px solid #00FF00) none (3px solid #00FF00)] [r=0 c=1 rs=1 cs=1]
              RenderText {#text} at (4,4) size 36x17
                text run at (4,4) width 36: "solid"
            RenderTableCell {TD} at (99,15) size 43x24 [border: (3px solid #00FF00)] [r=0 c=2 rs=1 cs=1]
              RenderText {#text} at (4,4) size 36x17
                text run at (4,4) width 36: "solid"
          RenderTableRow {TR} at (0,55) size 142x55
            RenderTableCell {TD} at (0,70) size 43x24 [border: (3px solid #00FF00) none (2px solid #00FF00)] [r=1 c=0 rs=1 cs=1]
              RenderText {#text} at (4,4) size 36x17
                text run at (4,4) width 36: "solid"
            RenderTableCell {TD} at (43,73) size 56x19 [r=1 c=1 rs=1 cs=1]
              RenderText {#text} at (1,1) size 54x17
                text run at (1,1) width 54: "hidden"
            RenderTableCell {TD} at (99,70) size 43x24 [border: (3px solid #00FF00) none] [r=1 c=2 rs=1 cs=1]
              RenderText {#text} at (1,4) size 36x17
                text run at (1,4) width 36: "solid"
          RenderTableRow {TR} at (0,110) size 142x55
            RenderTableCell {TD} at (0,125) size 43x24 [border: (3px solid #00FF00)] [r=2 c=0 rs=1 cs=1]
              RenderText {#text} at (4,4) size 36x17
                text run at (4,4) width 36: "solid"
            RenderTableCell {TD} at (43,127) size 56x21 [border: none (2px solid #00FF00)] [r=2 c=1 rs=1 cs=1]
              RenderText {#text} at (4,1) size 36x17
                text run at (4,1) width 36: "solid"
            RenderTableCell {TD} at (99,125) size 43x24 [border: (3px solid #00FF00)] [r=2 c=2 rs=1 cs=1]
              RenderText {#text} at (4,4) size 36x17
                text run at (4,4) width 36: "solid"
