layer at (0,0) size 800x600
  RenderView at (0,0) size 800x600
layer at (0,0) size 800x50
  RenderBlock {HTML} at (0,0) size 800x50
    RenderBody {BODY} at (8,8) size 784x34
      RenderBlock {DIV} at (0,0) size 784x17
        RenderText {#text} at (0,0) size 632x17
          text run at (0,0) width 127: "Hover this text, "
          text run at (127,0) width 214: "then wait till it disappears. "
          text run at (341,0) width 291: "At that point there should be no red."
      RenderBlock {DIV} at (0,17) size 784x17 [color=#FF0000]
        RenderText {#text} at (0,0) size 207x17
          text run at (0,0) width 207: "This should end up green."
