layer at (0,0) size 800x600
  RenderView at (0,0) size 800x600
layer at (0,0) size 800x454
  RenderBlock {HTML} at (0,0) size 800x454
    RenderBody {BODY} at (8,16) size 784x422 [color=#0000FF]
      RenderBlock {P} at (0,0) size 784x119
        RenderText {#text} at (0,0) size 36x17
          text run at (0,0) width 36: "The "
        RenderInline {STRONG} at (0,0) size 76x17
          RenderText {#text} at (36,0) size 76x17
            text run at (36,0) width 76: "first line"
        RenderText {#text} at (112,0) size 385x17
          text run at (112,0) width 263: " of this paragraph, and only that "
          text run at (375,0) width 122: "one, should be "
        RenderInline {STRONG} at (0,0) size 52x17
          RenderText {#text} at (497,0) size 52x17
            text run at (497,0) width 52: "green"
        RenderText {#text} at (549,0) size 770x119
          text run at (549,0) width 221: ". If this precise combination"
          text run at (0,17) width 542: "does not occur, then the user agent has failed this test. Remember "
          text run at (542,17) width 196: "that in order to ensure a"
          text run at (0,34) width 310: "complete test, the paragraph must be "
          text run at (310,34) width 439: "displayed on more than one line. Dummy text. Dummy"
          text run at (0,51) width 109: "text. Dummy "
          text run at (109,51) width 586: "text. Dummy text. Dummy text. Dummy text. Dummy text. Dummy text. "
          text run at (695,51) width 63: "Dummy"
          text run at (0,68) width 545: "text. Dummy text. Dummy text. Dummy text. Dummy text. Dummy "
          text run at (545,68) width 213: "text. Dummy text. Dummy"
          text run at (0,85) width 368: "text. Dummy text. Dummy text. Dummy text. "
          text run at (368,85) width 390: "Dummy text. Dummy text. Dummy text. Dummy"
          text run at (0,102) width 218: "text. Dummy text. Dummy "
          text run at (218,102) width 363: "text. Dummy text. Dummy text. Dummy text."
      RenderBlock {P} at (0,135) size 784x152
        RenderText {#text} at (0,0) size 71x33
          text run at (0,0) width 71: "The "
        RenderInline {STRONG} at (0,0) size 153x33
          RenderText {#text} at (71,0) size 153x33
            text run at (71,0) width 153: "first line"
        RenderText {#text} at (224,0) size 744x50
          text run at (224,0) width 520: " of this paragraph, and only that"
          text run at (0,33) width 137: "one, should be a "
        RenderInline {STRONG} at (0,0) size 54x17
          RenderText {#text} at (137,33) size 54x17
            text run at (137,33) width 54: "larger"
        RenderText {#text} at (191,33) size 159x17
          text run at (191,33) width 159: " font size as well as "
        RenderInline {STRONG} at (0,0) size 52x17
          RenderText {#text} at (350,33) size 52x17
            text run at (350,33) width 52: "green"
        RenderText {#text} at (402,33) size 760x119
          text run at (402,33) width 350: ". If this precise combination does not occur,"
          text run at (0,50) width 539: "then the user agent has failed this test. Remember that in order to "
          text run at (539,50) width 221: "ensure a complete test, the"
          text run at (0,67) width 312: "paragraph must be displayed on more "
          text run at (312,67) width 436: "than one line. Dummy text. Dummy text. Dummy text."
          text run at (0,84) width 109: "Dummy text. "
          text run at (109,84) width 613: "Dummy text. Dummy text. Dummy text. Dummy text. Dummy text. Dummy "
          text run at (722,84) width 36: "text."
          text run at (0,101) width 545: "Dummy text. Dummy text. Dummy text. Dummy text. Dummy text. "
          text run at (545,101) width 213: "Dummy text. Dummy text."
          text run at (0,118) width 395: "Dummy text. Dummy text. Dummy text. Dummy "
          text run at (395,118) width 363: "text. Dummy text. Dummy text. Dummy text."
          text run at (0,135) width 218: "Dummy text. Dummy text. "
          text run at (218,135) width 213: "Dummy text. Dummy text."
      RenderBlock {P} at (0,303) size 784x119
        RenderText {#text} at (0,0) size 36x17
          text run at (0,0) width 36: "The "
        RenderInline {STRONG} at (0,0) size 76x17
          RenderText {#text} at (36,0) size 76x17
            text run at (36,0) width 76: "first line"
        RenderText {#text} at (112,0) size 484x17
          text run at (112,0) width 263: " of this paragraph, and only that "
          text run at (375,0) width 221: "one, should be displayed in "
        RenderInline {STRONG} at (0,0) size 96x17
          RenderText {#text} at (596,0) size 96x17
            text run at (596,0) width 96: "small-caps"
        RenderText {#text} at (692,0) size 757x34
          text run at (692,0) width 65: " style as"
          text run at (0,17) width 59: "well as "
        RenderInline {STRONG} at (0,0) size 52x17
          RenderText {#text} at (59,17) size 52x17
            text run at (59,17) width 52: "green"
        RenderText {#text} at (111,17) size 769x102
          text run at (111,17) width 240: ". Thus, if the first line is not in "
          text run at (351,17) width 418: "small-caps style, or if the entire paragraph turns out"
          text run at (0,34) width 19: "in "
          text run at (19,34) width 522: "small-caps, then the user agent has failed this test. Dummy text. "
          text run at (541,34) width 213: "Dummy text. Dummy text."
          text run at (0,51) width 395: "Dummy text. Dummy text. Dummy text. Dummy "
          text run at (395,51) width 363: "text. Dummy text. Dummy text. Dummy text."
          text run at (0,68) width 218: "Dummy text. Dummy text. "
          text run at (218,68) width 540: "Dummy text. Dummy text. Dummy text. Dummy text. Dummy text."
          text run at (0,85) width 68: "Dummy "
          text run at (68,85) width 586: "text. Dummy text. Dummy text. Dummy text. Dummy text. Dummy text. "
          text run at (654,85) width 104: "Dummy text."
          text run at (0,102) width 431: "Dummy text. Dummy text. Dummy text. Dummy text."
