layer at (0,0) size 800x600
  RenderView at (0,0) size 800x600
layer at (0,0) size 800x337
  RenderBlock {HTML} at (0,0) size 800x337
    RenderBody {BODY} at (8,8) size 784x321
      RenderBlock {DIV} at (0,0) size 784x17
        RenderText {#text} at (0,0) size 440x17
          text run at (0,0) width 440: "The blue bits of text should be decorated as described."
      RenderBlock {P} at (0,33) size 784x255 [color=#C0C0C0]
        RenderText {#text} at (0,0) size 775x68
          text run at (0,0) width 612: "dummy text dummy text dummy text dummy text dummy text dummy text "
          text run at (612,0) width 163: "dummy text dummy"
          text run at (0,17) width 444: "text dummy text dummy text dummy text dummy text "
          text run at (444,17) width 301: "dummy text dummy text dummy text"
          text run at (0,34) width 306: "dummy text dummy text dummy text "
          text run at (306,34) width 469: "dummy text dummy text dummy text dummy text dummy"
          text run at (0,51) width 138: "text dummy text "
        RenderInline {SPAN} at (0,0) size 322x37 [color=#0000FF] [border: (10px double #0000FF)]
          RenderText {#text} at (148,51) size 302x17
            text run at (148,51) width 302: "two blue lines all around this blue text"
        RenderText {#text} at (460,51) size 775x102
          text run at (460,51) width 5: " "
          text run at (465,51) width 301: "dummy text dummy text dummy text"
          text run at (0,68) width 306: "dummy text dummy text dummy text "
          text run at (306,68) width 469: "dummy text dummy text dummy text dummy text dummy"
          text run at (0,85) width 138: "text dummy text "
          text run at (138,85) width 607: "dummy text dummy text dummy text dummy text dummy text dummy text"
          text run at (0,102) width 612: "dummy text dummy text dummy text dummy text dummy text dummy text "
          text run at (612,102) width 163: "dummy text dummy"
          text run at (0,119) width 444: "text dummy text dummy text dummy text dummy text "
          text run at (444,119) width 301: "dummy text dummy text dummy text"
          text run at (0,136) width 306: "dummy text dummy text dummy text "
          text run at (306,136) width 408: "dummy text dummy text dummy text dummy text "
        RenderInline {SPAN} at (0,0) size 784x36 [color=#0000FF] [border: (1px solid #0000FF)]
          RenderText {#text} at (715,136) size 784x34
            text run at (715,136) width 35: "one "
            text run at (750,136) width 34: "blue"
            text run at (0,153) width 221: "line all around this blue text"
        RenderText {#text} at (222,153) size 775x102
          text run at (222,153) width 209: " dummy text dummy text "
          text run at (431,153) width 301: "dummy text dummy text dummy text"
          text run at (0,170) width 306: "dummy text dummy text dummy text "
          text run at (306,170) width 469: "dummy text dummy text dummy text dummy text dummy"
          text run at (0,187) width 138: "text dummy text "
          text run at (138,187) width 607: "dummy text dummy text dummy text dummy text dummy text dummy text"
          text run at (0,204) width 612: "dummy text dummy text dummy text dummy text dummy text dummy text "
          text run at (612,204) width 163: "dummy text dummy"
          text run at (0,221) width 444: "text dummy text dummy text dummy text dummy text "
          text run at (444,221) width 301: "dummy text dummy text dummy text"
          text run at (0,238) width 306: "dummy text dummy text dummy text "
          text run at (306,238) width 97: "dummy text"
      RenderBlock {DIV} at (0,304) size 784x17
        RenderText {#text} at (0,0) size 522x17
          text run at (0,0) width 522: "(All the lines of text in the block above should be equally spaced.)"
