layer at (0,0) size 800x600
  RenderView at (0,0) size 800x600
layer at (0,0) size 800x279
  RenderBlock {HTML} at (0,0) size 800x279
    RenderBody {BODY} at (8,16) size 784x247 [color=#0000FF]
      RenderBlock {P} at (0,0) size 784x34
        RenderText {#text} at (0,0) size 629x17
          text run at (0,0) width 629: "There should be a solid blue line directly under every occurrence of the word \""
        RenderInline {SPAN} at (0,0) size 56x19 [border: (2px solid #0000FF) none]
          RenderText {#text} at (629,0) size 56x17
            text run at (629,0) width 56: "HERE \x{21E9}"
        RenderText {#text} at (685,0) size 776x34
          text run at (685,0) width 91: "\". (So there"
          text run at (0,17) width 286: "should be 8 blue lines on this page.)"
      RenderTable {TABLE} at (0,50) size 128x73
        RenderTableSection {TBODY} at (0,0) size 128x73
          RenderTableRow {TR} at (0,2) size 128x21
            RenderTableCell {TD} at (2,2) size 124x21 [border: none (2px solid #0000FF) none] [r=0 c=0 rs=1 cs=2]
              RenderText {#text} at (34,1) size 56x17
                text run at (34,1) width 56: "HERE \x{21E9}"
          RenderTableRow {TR} at (0,25) size 128x46
            RenderTableCell {TD} at (2,37) size 58x21 [border: none (2px solid #0000FF) none] [r=1 c=0 rs=1 cs=1]
              RenderText {#text} at (1,1) size 56x17
                text run at (1,1) width 56: "HERE \x{21E9}"
            RenderTableCell {TD} at (62,25) size 64x46 [border: none (2px solid #0000FF) none] [r=1 c=1 rs=1 cs=1]
              RenderTable {TABLE} at (1,1) size 62x25
                RenderTableSection {TBODY} at (0,0) size 62x25
                  RenderTableRow {TR} at (0,2) size 62x21
                    RenderTableCell {TD} at (2,2) size 58x21 [border: none (2px solid #0000FF) none] [r=0 c=0 rs=1 cs=1]
                      RenderText {#text} at (1,1) size 56x17
                        text run at (1,1) width 56: "HERE \x{21E9}"
              RenderBlock (anonymous) at (1,26) size 62x17
                RenderText {#text} at (3,0) size 56x17
                  text run at (3,0) width 56: "HERE \x{21E9}"
      RenderBlock {UL} at (0,139) size 784x108
        RenderListItem {LI} at (40,0) size 744x70 [border: (2px solid #0000FF) none]
          RenderBlock {UL} at (0,0) size 744x51
            RenderListItem {LI} at (40,0) size 704x17
              RenderListMarker at (-56,0) size 6x17: bullet
              RenderListMarker at (-16,0) size 6x17: white bullet
              RenderText {#text} at (0,0) size 97x17
                text run at (0,0) width 97: "dummy text"
            RenderListItem {LI} at (40,17) size 704x17
              RenderListMarker at (-16,0) size 6x17: white bullet
              RenderText {#text} at (0,0) size 97x17
                text run at (0,0) width 97: "dummy text"
            RenderListItem {LI} at (40,34) size 704x17
              RenderListMarker at (-16,0) size 6x17: white bullet
              RenderText {#text} at (0,0) size 97x17
                text run at (0,0) width 97: "dummy text"
          RenderBlock (anonymous) at (0,51) size 744x17
            RenderText {#text} at (0,0) size 56x17
              text run at (0,0) width 56: "HERE \x{21E9}"
        RenderListItem {LI} at (40,70) size 744x19 [border: (2px solid #0000FF) none]
          RenderListMarker at (-16,0) size 6x17: bullet
          RenderText {#text} at (0,0) size 56x17
            text run at (0,0) width 56: "HERE \x{21E9}"
        RenderListItem {LI} at (40,89) size 744x19 [border: (2px solid #0000FF) none]
          RenderListMarker at (-16,0) size 6x17: bullet
          RenderText {#text} at (0,0) size 56x17
            text run at (0,0) width 56: "HERE \x{21E9}"
