layer at (0,0) size 800x600
  RenderView at (0,0) size 800x600
layer at (0,0) size 800x541
  RenderBlock {HTML} at (0,0) size 800x541
    RenderBody {BODY} at (8,16) size 784x509
      RenderBlock {P} at (0,0) size 784x51 [color=#000080]
        RenderText {#text} at (0,0) size 783x51
          text run at (0,0) width 515: "The big coloured boxes should be level with the top of the small "
          text run at (515,0) width 268: "coloured boxes of the same color"
          text run at (0,17) width 270: "(unless there is not enough room "
          text run at (270,17) width 502: "for the big box to fit on the small box's line after the small box,"
          text run at (0,34) width 525: "in which case the big box should be as high as possible below the "
          text run at (525,34) width 87: "small box)."
      RenderBlock {DIV} at (16,67) size 752x442 [color=#C0C0C0] [border: (5px solid #800080)]
        RenderText {#text} at (171,21) size 396x19
          text run at (171,21) width 396: "dummy text dummy text dummy text dummy text "
        RenderInline {SPAN} at (0,0) size 19x25 [color=#FFFFFF] [bgcolor=#008080] [border: (3px solid #00FFFF)]
          RenderText {#text} at (570,21) size 13x19
            text run at (570,21) width 13: "A"
        RenderText {#text} at (586,21) size 5x19
          text run at (586,21) width 5: " "
        RenderBlock (floating) {P} at (21,21) size 150x58 [color=#FFFFFF] [bgcolor=#008080] [border: (3px solid #00FFFF)]
          RenderText {#text} at (19,19) size 49x19
            text run at (19,19) width 49: "AAAA"
        RenderText {#text} at (0,0) size 0x0
        RenderInline {SPAN} at (0,0) size 18x25 [color=#FFFFFF] [bgcolor=#800080] [border: (3px solid #FF00FF)]
          RenderText {#text} at (594,21) size 12x19
            text run at (594,21) width 12: "B"
        RenderText {#text} at (609,21) size 5x19
          text run at (609,21) width 5: " "
        RenderBlock (floating) {P} at (581,41) size 150x58 [color=#FFFFFF] [bgcolor=#800080] [border: (3px solid #FF00FF)]
          RenderText {#text} at (19,19) size 48x19
            text run at (19,19) width 48: "BBBB"
        RenderText {#text} at (614,21) size 688x399
          text run at (614,21) width 94: "dummy text"
          text run at (171,41) width 391: "dummy text dummy text dummy text dummy text"
          text run at (171,61) width 99: "dummy text "
          text run at (270,61) width 292: "dummy text dummy text dummy text"
          text run at (21,81) width 297: "dummy text dummy text dummy text "
          text run at (318,81) width 257: "dummy text dummy text dummy"
          text run at (21,101) width 332: "text dummy text dummy text dummy text "
          text run at (353,101) width 356: "dummy text dummy text dummy text dummy"
          text run at (21,121) width 233: "text dummy text dummy text "
          text run at (254,121) width 455: "dummy text dummy text dummy text dummy text dummy"
          text run at (21,141) width 134: "text dummy text "
          text run at (155,141) width 554: "dummy text dummy text dummy text dummy text dummy text dummy"
          text run at (21,161) width 35: "text "
          text run at (56,161) width 594: "dummy text dummy text dummy text dummy text dummy text dummy text "
          text run at (650,161) width 59: "dummy"
          text run at (21,181) width 530: "text dummy text dummy text dummy text dummy text dummy text "
          text run at (551,181) width 158: "dummy text dummy"
          text run at (21,201) width 431: "text dummy text dummy text dummy text dummy text "
          text run at (452,201) width 257: "dummy text dummy text dummy"
          text run at (21,221) width 332: "text dummy text dummy text dummy text "
          text run at (353,221) width 356: "dummy text dummy text dummy text dummy"
          text run at (21,241) width 233: "text dummy text dummy text "
          text run at (254,241) width 455: "dummy text dummy text dummy text dummy text dummy"
          text run at (21,261) width 134: "text dummy text "
          text run at (155,261) width 554: "dummy text dummy text dummy text dummy text dummy text dummy"
          text run at (21,281) width 35: "text "
          text run at (56,281) width 594: "dummy text dummy text dummy text dummy text dummy text dummy text "
          text run at (650,281) width 59: "dummy"
          text run at (21,301) width 530: "text dummy text dummy text dummy text dummy text dummy text "
          text run at (551,301) width 158: "dummy text dummy"
          text run at (21,321) width 431: "text dummy text dummy text dummy text dummy text "
          text run at (452,321) width 257: "dummy text dummy text dummy"
          text run at (21,341) width 332: "text dummy text dummy text dummy text "
          text run at (353,341) width 356: "dummy text dummy text dummy text dummy"
          text run at (21,361) width 233: "text dummy text dummy text "
          text run at (254,361) width 455: "dummy text dummy text dummy text dummy text dummy"
          text run at (21,381) width 134: "text dummy text "
          text run at (155,381) width 554: "dummy text dummy text dummy text dummy text dummy text dummy"
          text run at (21,401) width 30: "text"
