layer at (0,0) size 800x600
  RenderView at (0,0) size 800x600
layer at (0,0) size 800x168
  RenderBlock {HTML} at (0,0) size 800x168
    RenderBody {BODY} at (8,16) size 784x136
      RenderBlock {P} at (0,0) size 784x17 [color=#000080]
        RenderText {#text} at (0,0) size 276x17
          text run at (0,0) width 276: "There should be no red anywhere."
      RenderBlock {P} at (0,33) size 784x19 [color=#000080]
        RenderText {#text} at (0,2) size 488x17
          text run at (0,2) width 488: "There should be two identical squares at the end of this line: "
        RenderImage {IMG} at (488,0) size 15x15
        RenderText {#text} at (503,2) size 5x17
          text run at (503,2) width 5: " "
        RenderInline {SPAN} at (0,0) size 15x15 [color=#0000FF] [bgcolor=#FF0000]
          RenderText {#text} at (508,0) size 15x15
            text run at (508,0) width 15: "X"
        RenderText {#text} at (0,0) size 0x0
      RenderBlock {P} at (0,68) size 784x68 [color=#000080]
        RenderText {#text} at (0,51) size 488x17
          text run at (0,51) width 488: "There should be two identical squares at the end of this line: "
        RenderImage {IMG} at (488,0) size 64x64
        RenderText {#text} at (552,51) size 5x17
          text run at (552,51) width 5: " "
        RenderInline {SPAN} at (0,0) size 64x65 [color=#0000FF] [bgcolor=#FF0000]
          RenderText {#text} at (557,0) size 64x65
            text run at (557,0) width 64: "X"
        RenderText {#text} at (0,0) size 0x0
