layer at (0,0) size 800x600
  RenderView at (0,0) size 800x600
layer at (0,0) size 800x91
  RenderBlock {HTML} at (0,0) size 800x91
    RenderBody {BODY} at (8,16) size 784x67
      RenderBlock {P} at (0,0) size 784x17
        RenderText {#text} at (0,0) size 362x17
          text run at (0,0) width 362: "The following two lines should look the same:"
      RenderBlock {DIV} at (0,33) size 784x17
        RenderInline {SPAN} at (0,0) size 20x17
          RenderInline (generated) at (0,0) size 20x17
            RenderCounter at (0,0) size 20x17
              text run at (0,0) width 20: "01"
        RenderText {#text} at (20,0) size 5x17
          text run at (20,0) width 5: " "
        RenderInline {SPAN} at (0,0) size 20x17
          RenderInline (generated) at (0,0) size 20x17
            RenderCounter at (25,0) size 20x17
              text run at (25,0) width 20: "02"
        RenderText {#text} at (45,0) size 5x17
          text run at (45,0) width 5: " "
        RenderInline {SPAN} at (0,0) size 20x17
          RenderInline (generated) at (0,0) size 20x17
            RenderCounter at (50,0) size 20x17
              text run at (50,0) width 20: "03"
        RenderText {#text} at (70,0) size 5x17
          text run at (70,0) width 5: " "
        RenderInline {SPAN} at (0,0) size 20x17
          RenderInline (generated) at (0,0) size 20x17
            RenderCounter at (75,0) size 20x17
              text run at (75,0) width 20: "04"
        RenderText {#text} at (95,0) size 5x17
          text run at (95,0) width 5: " "
        RenderInline {SPAN} at (0,0) size 20x17
          RenderInline (generated) at (0,0) size 20x17
            RenderCounter at (100,0) size 20x17
              text run at (100,0) width 20: "05"
        RenderText {#text} at (120,0) size 5x17
          text run at (120,0) width 5: " "
        RenderInline {SPAN} at (0,0) size 20x17
          RenderInline (generated) at (0,0) size 20x17
            RenderCounter at (125,0) size 20x17
              text run at (125,0) width 20: "06"
        RenderText {#text} at (145,0) size 5x17
          text run at (145,0) width 5: " "
        RenderInline {SPAN} at (0,0) size 20x17
          RenderInline (generated) at (0,0) size 20x17
            RenderCounter at (150,0) size 20x17
              text run at (150,0) width 20: "07"
        RenderText {#text} at (170,0) size 5x17
          text run at (170,0) width 5: " "
        RenderInline {SPAN} at (0,0) size 20x17
          RenderInline (generated) at (0,0) size 20x17
            RenderCounter at (175,0) size 20x17
              text run at (175,0) width 20: "08"
        RenderText {#text} at (195,0) size 5x17
          text run at (195,0) width 5: " "
        RenderInline {SPAN} at (0,0) size 20x17
          RenderInline (generated) at (0,0) size 20x17
            RenderCounter at (200,0) size 20x17
              text run at (200,0) width 20: "09"
        RenderText {#text} at (220,0) size 5x17
          text run at (220,0) width 5: " "
        RenderInline {SPAN} at (0,0) size 20x17
          RenderInline (generated) at (0,0) size 20x17
            RenderCounter at (225,0) size 20x17
              text run at (225,0) width 20: "10"
        RenderText {#text} at (245,0) size 5x17
          text run at (245,0) width 5: " "
        RenderInline {SPAN} at (0,0) size 20x17
          RenderInline (generated) at (0,0) size 20x17
            RenderCounter at (250,0) size 20x17
              text run at (250,0) width 20: "11"
        RenderText {#text} at (270,0) size 5x17
          text run at (270,0) width 5: " "
        RenderInline {SPAN} at (0,0) size 20x17
          RenderInline (generated) at (0,0) size 20x17
            RenderCounter at (275,0) size 20x17
              text run at (275,0) width 20: "12"
        RenderText {#text} at (295,0) size 5x17
          text run at (295,0) width 5: " "
        RenderInline {SPAN} at (0,0) size 20x17
          RenderInline (generated) at (0,0) size 20x17
            RenderCounter at (300,0) size 20x17
              text run at (300,0) width 20: "99"
        RenderText {#text} at (320,0) size 5x17
          text run at (320,0) width 5: " "
        RenderInline {SPAN} at (0,0) size 30x17
          RenderInline (generated) at (0,0) size 30x17
            RenderCounter at (325,0) size 30x17
              text run at (325,0) width 30: "100"
        RenderText {#text} at (355,0) size 5x17
          text run at (355,0) width 5: " "
        RenderInline {SPAN} at (0,0) size 30x17
          RenderInline (generated) at (0,0) size 30x17
            RenderCounter at (360,0) size 30x17
              text run at (360,0) width 30: "101"
        RenderText {#text} at (0,0) size 0x0
      RenderBlock {DIV} at (0,50) size 784x17
        RenderText {#text} at (0,0) size 390x17
          text run at (0,0) width 25: "01 "
          text run at (25,0) width 25: "02 "
          text run at (50,0) width 25: "03 "
          text run at (75,0) width 25: "04 "
          text run at (100,0) width 25: "05 "
          text run at (125,0) width 25: "06 "
          text run at (150,0) width 25: "07 "
          text run at (175,0) width 25: "08 "
          text run at (200,0) width 25: "09 "
          text run at (225,0) width 25: "10 "
          text run at (250,0) width 25: "11 "
          text run at (275,0) width 25: "12 "
          text run at (300,0) width 25: "99 "
          text run at (325,0) width 35: "100 "
          text run at (360,0) width 30: "101"
