layer at (0,0) size 800x600
  RenderView at (0,0) size 800x600
layer at (0,0) size 800x195
  RenderBlock {HTML} at (0,0) size 800x195
    RenderBody {BODY} at (8,16) size 784x163 [color=#000080]
      RenderBlock {P} at (0,0) size 784x17
        RenderText {#text} at (0,0) size 294x17
          text run at (0,0) width 294: "Each bullet should look as described."
      RenderBlock {UL} at (0,33) size 784x63
        RenderListItem {LI} at (40,0) size 744x21
          RenderListMarker at (-24,0) size 17x17
          RenderText {#text} at (0,4) size 111x17
            text run at (0,4) width 111: "purple square"
        RenderListItem {LI} at (40,21) size 744x21
          RenderListMarker at (-24,0) size 17x17
          RenderText {#text} at (0,4) size 111x17
            text run at (0,4) width 111: "purple square"
        RenderListItem {LI} at (40,42) size 744x21
          RenderListMarker at (-24,0) size 17x17
          RenderText {#text} at (0,4) size 111x17
            text run at (0,4) width 111: "purple square"
      RenderBlock {UL} at (0,112) size 784x51
        RenderListItem {LI} at (40,0) size 744x17
          RenderListMarker at (-16,0) size 6x17: bullet
          RenderText {#text} at (0,0) size 31x17
            text run at (0,0) width 31: "disc"
        RenderListItem {LI} at (40,17) size 744x17
          RenderListMarker at (-16,0) size 6x17: bullet
          RenderText {#text} at (0,0) size 31x17
            text run at (0,0) width 31: "disc"
        RenderListItem {LI} at (40,34) size 744x17
          RenderListMarker at (-16,0) size 6x17: bullet
          RenderText {#text} at (0,0) size 31x17
            text run at (0,0) width 31: "disc"
