layer at (0,0) size 800x600
  RenderView at (0,0) size 800x600
layer at (0,0) size 800x91
  RenderBlock {HTML} at (0,0) size 800x91
    RenderBody {BODY} at (8,16) size 784x67
      RenderBlock {P} at (0,0) size 784x17
        RenderText {#text} at (0,0) size 362x17
          text run at (0,0) width 362: "The following two lines should look the same:"
      RenderBlock {DIV} at (0,33) size 784x17
        RenderInline {SPAN} at (0,0) size 41x17
          RenderInline (generated) at (0,0) size 41x17
            RenderCounter at (0,0) size 25x17
              text run at (0,0) width 25: "1.1"
            RenderText at (25,0) size 16x17
              text run at (25,0) width 16: " - "
        RenderInline {SPAN} at (0,0) size 36x17
          RenderInline (generated) at (0,0) size 36x17
            RenderCounter at (41,0) size 20x17
              text run at (41,0) width 20: "12"
            RenderText at (61,0) size 16x17
              text run at (61,0) width 16: " - "
        RenderInline {SPAN} at (0,0) size 116x17
          RenderInline (generated) at (0,0) size 116x17
            RenderCounter at (77,0) size 25x17
              text run at (77,0) width 25: "1.3"
            RenderText at (102,0) size 29x17
              text run at (102,0) width 17: "-- "
              text run at (119,0) width 12: "--"
            RenderCounter at (131,0) size 62x17
              text run at (131,0) width 62: "1-------3"
      RenderBlock {DIV} at (0,50) size 784x17
        RenderText {#text} at (0,0) size 193x17
          text run at (0,0) width 119: "1.1 - 12 - 1.3-- "
          text run at (119,0) width 74: "--1-------3"
