layer at (0,0) size 800x600
  RenderView at (0,0) size 800x600
layer at (0,0) size 800x115
  RenderBlock {HTML} at (0,0) size 800x115
    RenderBody {BODY} at (8,16) size 784x83
      RenderBlock {P} at (0,0) size 784x17 [bgcolor=#00FF00]
        RenderText {#text} at (0,0) size 205x17
          text run at (0,0) width 205: "This line should be green."
      RenderBlock {P} at (0,33) size 784x17 [bgcolor=#00FF00]
        RenderText {#text} at (0,0) size 71x17
          text run at (0,0) width 71: "This line "
        RenderInline {SPAN} at (0,0) size 129x17
          RenderText {#text} at (71,0) size 129x17
            text run at (71,0) width 129: "should be green"
        RenderText {#text} at (200,0) size 36x17
          text run at (200,0) width 36: " too."
      RenderBlock {P} at (0,66) size 784x17 [bgcolor=#AAFFAA]
        RenderText {#text} at (0,0) size 244x17
          text run at (0,0) width 244: "This line should be pale green."
