layer at (0,0) size 800x600
  RenderView at (0,0) size 800x600
layer at (0,0) size 800x385
  RenderBlock {HTML} at (0,0) size 800x385
    RenderBody {BODY} at (8,16) size 784x353
      RenderBlock {P} at (0,0) size 784x17 [color=#000080]
        RenderText {#text} at (0,0) size 288x17
          text run at (0,0) width 288: "This sentence should be underlined."
      RenderBlock {P} at (0,33) size 784x17 [color=#000080]
        RenderText {#text} at (0,0) size 277x17
          text run at (0,0) width 277: "This sentence should be overlined."
      RenderBlock {P} at (0,66) size 784x17 [color=#000080]
        RenderText {#text} at (0,0) size 297x17
          text run at (0,0) width 297: "This sentence should be stricken out."
      RenderBlock {P} at (0,99) size 784x17 [color=#000080]
        RenderText {#text} at (0,0) size 461x17
          text run at (0,0) width 461: "This sentence should be blinking (if the UA supports that)."
      RenderBlock {P} at (0,132) size 784x17 [color=#000080]
        RenderText {#text} at (0,0) size 291x17
          text run at (0,0) width 291: "The sentence should be underlined. "
        RenderInline {B} at (0,0) size 319x17
          RenderText {#text} at (291,0) size 319x17
            text run at (291,0) width 319: "This sentence should be underlined"
        RenderText {#text} at (610,0) size 5x17
          text run at (610,0) width 5: "."
      RenderBlock {P} at (0,165) size 784x17 [color=#000080]
        RenderText {#text} at (0,0) size 402x17
          text run at (0,0) width 402: "This sentence should be underlined and overlined."
      RenderBlock {P} at (0,198) size 784x17 [color=#000080]
        RenderText {#text} at (0,0) size 480x17
          text run at (0,0) width 480: "This sentence should be underlined, overlined, and stricken."
      RenderBlock {DIV} at (0,231) size 784x0 [color=#FF0000]
      RenderBlock {P} at (0,231) size 784x17 [color=#000080]
        RenderText {#text} at (0,0) size 366x17
          text run at (0,0) width 366: "There should be no red at the end of this line."
        RenderInline {STRONG} at (0,0) size 6x17 [color=#FF0000]
          RenderText {#text} at (366,0) size 6x17
            text run at (366,0) width 6: " "
        RenderText {#text} at (372,0) size 5x17
          text run at (372,0) width 5: " "
      RenderBlock {P} at (0,264) size 784x19 [color=#000080]
        RenderText {#text} at (0,2) size 366x17
          text run at (0,2) width 366: "There should be no red at the end of this line."
        RenderImage {IMG} at (366,0) size 15x15 [color=#FF0000]
        RenderText {#text} at (381,2) size 5x17
          text run at (381,2) width 5: " "
      RenderBlock {P} at (0,299) size 784x21 [color=#000080]
        RenderText {#text} at (0,4) size 260x17
          text run at (0,4) width 260: "This sentence and all its images "
        RenderImage {IMG} at (260,0) size 17x17 [color=#FF0000]
        RenderText {#text} at (277,4) size 5x17
          text run at (277,4) width 5: " "
        RenderImage {IMG} at (282,0) size 17x17 [color=#FF0000]
        RenderText {#text} at (299,4) size 177x17
          text run at (299,4) width 5: " "
          text run at (304,4) width 172: "should be underlined."
      RenderBlock {P} at (0,336) size 784x17 [color=#000080]
        RenderText {#text} at (0,0) size 429x17
          text run at (0,0) width 429: "There should be a long blue underline between here: "
        RenderInline {SPAN} at (0,0) size 152x17 [color=#FFFFFF]
          RenderText {#text} at (429,0) size 152x17
            text run at (429,0) width 152: "FAIL FAIL FAIL FAIL "
        RenderText {#text} at (581,0) size 82x17
          text run at (581,0) width 82: ":and here."
