layer at (0,0) size 800x600
  RenderView at (0,0) size 800x600
layer at (0,0) size 800x338
  RenderBlock {HTML} at (0,0) size 800x338
    RenderBody {BODY} at (8,16) size 784x314
      RenderBlock {P} at (0,0) size 784x34
        RenderText {#text} at (0,0) size 778x34
          text run at (0,0) width 778: "There should be a stripy pattern of yellow and aqua below (each vertical stripe should be straight"
          text run at (0,17) width 122: "and unbroken)."
      RenderBlock {DIV} at (0,50) size 432x24 [color=#00FFFF] [bgcolor=#FFFF00]
        RenderText {#text} at (0,0) size 384x25
          text run at (0,0) width 384: "x  xx  xxx  xxxx"
      RenderBlock {DIV} at (0,74) size 432x24 [color=#00FFFF] [bgcolor=#FFFF00]
        RenderText {#text} at (0,0) size 384x25
          text run at (0,0) width 384: "x  xx  xxx  xxxx"
      RenderBlock {DIV} at (0,98) size 432x24 [color=#00FFFF] [bgcolor=#FFFF00]
        RenderText {#text} at (0,0) size 384x25
          text run at (0,0) width 384: "x  xx  xxx  xxxx"
      RenderBlock {DIV} at (0,122) size 432x24 [color=#00FFFF] [bgcolor=#FFFF00]
        RenderText {#text} at (0,0) size 384x25
          text run at (0,0) width 384: "x xx xxx xxxx"
      RenderBlock {DIV} at (0,146) size 432x24 [color=#00FFFF] [bgcolor=#FFFF00]
        RenderText {#text} at (0,0) size 384x25
          text run at (0,0) width 384: "x xx xxx xxxx"
      RenderBlock {DIV} at (0,170) size 432x24 [color=#00FFFF] [bgcolor=#FFFF00]
        RenderText {#text} at (0,0) size 384x25
          text run at (0,0) width 384: "x xx xxx xxxx"
      RenderBlock {DIV} at (0,194) size 432x24 [color=#00FFFF] [bgcolor=#FFFF00]
        RenderText {#text} at (0,0) size 384x25
          text run at (0,0) width 384: "x xx xxx xxxx"
      RenderBlock {DIV} at (0,218) size 432x24 [color=#00FFFF] [bgcolor=#FFFF00]
        RenderText {#text} at (0,0) size 384x25
          text run at (0,0) width 384: "x xx xxx xxxx"
      RenderBlock {DIV} at (0,242) size 432x24 [color=#00FFFF] [bgcolor=#FFFF00]
        RenderText {#text} at (0,0) size 384x25
          text run at (0,0) width 384: "x xx xxx xxxx"
      RenderBlock {DIV} at (0,266) size 432x24 [color=#00FFFF] [bgcolor=#FFFF00]
        RenderText {#text} at (0,0) size 405x25
          text run at (0,0) width 405: "x xx xxx xxxx"
      RenderBlock {DIV} at (0,290) size 432x24 [color=#00FFFF] [bgcolor=#FFFF00]
        RenderText {#text} at (0,0) size 384x25
          text run at (0,0) width 384: "x xx xxx xxxx"
