layer at (0,0) size 800x600
  RenderView at (0,0) size 800x600
layer at (0,0) size 800x237
  RenderBlock {HTML} at (0,0) size 800x237
    RenderBody {BODY} at (8,16) size 784x213
      RenderBlock {P} at (0,0) size 784x17
        RenderText {#text} at (0,0) size 407x17
          text run at (0,0) width 407: "There should be no red borders on the table below"
      RenderTable {TABLE} at (0,33) size 199x180 [border: (2px none #808080)]
        RenderTableSection {TBODY} at (2,2) size 194x175
          RenderTableRow {TR} at (0,0) size 194x58
            RenderTableCell {TD} at (0,17) size 66x24 [border: (3px groove #00FF00)] [r=0 c=0 rs=1 cs=1]
              RenderText {#text} at (4,4) size 56x17
                text run at (4,4) width 56: "groove"
            RenderTableCell {TD} at (66,15) size 63x27 [border: (3px groove #00FF00) (5px groove #FF0000) (3px groove #00FF00)] [r=0 c=1 rs=1 cs=1]
              RenderText {#text} at (4,4) size 56x17
                text run at (4,4) width 56: "groove"
            RenderTableCell {TD} at (129,17) size 65x24 [border: (3px groove #00FF00)] [r=0 c=2 rs=1 cs=1]
              RenderText {#text} at (4,4) size 56x17
                text run at (4,4) width 56: "groove"
          RenderTableRow {TR} at (0,58) size 194x60
            RenderTableCell {TD} at (0,76) size 66x24 [border: (3px groove #00FF00) (5px groove #FF0000) (2px groove #00FF00)] [r=1 c=0 rs=1 cs=1]
              RenderText {#text} at (4,4) size 56x17
                text run at (4,4) width 56: "groove"
            RenderTableCell {TD} at (66,73) size 63x29 [border: (5px outset #00FF00)] [r=1 c=1 rs=1 cs=1]
              RenderText {#text} at (6,6) size 50x17
                text run at (6,6) width 50: "outset"
            RenderTableCell {TD} at (129,76) size 65x24 [border: (3px groove #00FF00) (5px groove #FF0000)] [r=1 c=2 rs=1 cs=1]
              RenderText {#text} at (6,4) size 56x17
                text run at (6,4) width 56: "groove"
          RenderTableRow {TR} at (0,118) size 194x57
            RenderTableCell {TD} at (0,134) size 66x24 [border: (3px groove #00FF00)] [r=2 c=0 rs=1 cs=1]
              RenderText {#text} at (4,4) size 56x17
                text run at (4,4) width 56: "groove"
            RenderTableCell {TD} at (66,133) size 63x26 [border: (5px groove #FF0000) (2px groove #00FF00)] [r=2 c=1 rs=1 cs=1]
              RenderText {#text} at (4,6) size 56x17
                text run at (4,6) width 56: "groove"
            RenderTableCell {TD} at (129,134) size 65x24 [border: (3px groove #00FF00)] [r=2 c=2 rs=1 cs=1]
              RenderText {#text} at (4,4) size 56x17
                text run at (4,4) width 56: "groove"
