layer at (0,0) size 880x1301
  RenderView at (0,0) size 800x600
layer at (0,0) size 880x1301
  RenderBlock {HTML} at (0,0) size 800x1301
    RenderBody {BODY} at (8,8) size 784x1285 [bgcolor=#CCCCCC]
      RenderBlock {P} at (0,0) size 784x21
        RenderText {#text} at (0,1) size 356x19
          text run at (0,1) width 356: "The style declarations which apply to the text below are:"
      RenderBlock {PRE} at (0,37) size 784x30
        RenderText {#text} at (0,0) size 872x30
          text run at (0,0) width 872: "BODY {background-image: url(../resources/bg.gif); background-repeat: repeat-x; background-attachment: fixed;}"
          text run at (872,0) width 0: " "
          text run at (0,15) width 0: " "
      RenderBlock {HR} at (0,80) size 784x2 [border: (1px inset #000000)]
      RenderBlock {P} at (0,98) size 784x105
        RenderText {#text} at (0,1) size 780x103
          text run at (0,1) width 763: "This document should have a green grid-pattern line across the top of the page (or at least a tiled background) which does"
          text run at (0,22) width 202: "NOT scroll with the document. "
          text run at (202,22) width 575: "It should, instead, appear to be a fixed pattern past which the content scrolls, even when the"
          text run at (0,43) width 172: "end of the page is reached. "
          text run at (172,43) width 608: "In addition, the default Test Suite background should NOT appear, as it's been overridden by the"
          text run at (0,64) width 131: "styles shown above. "
          text run at (131,64) width 644: "I'll have to add a lot of extra text to the page in order to make all this something we can actually check."
          text run at (0,85) width 226: "Don't worry, I'll think of something."
      RenderBlock {P} at (0,219) size 784x21
        RenderText {#text} at (0,1) size 507x19
          text run at (0,1) width 417: "In fact, why not the relevant section from the CSS1 specification? "
          text run at (417,1) width 90: "A capital idea."
      RenderBlock {HR} at (0,256) size 784x2 [border: (1px inset #000000)]
      RenderBlock {HR} at (0,266) size 784x2 [border: (1px inset #000000)]
      RenderBlock {H4} at (0,289) size 784x21
        RenderInline {A} at (0,0) size 220x19
          RenderText {#text} at (0,1) size 220x19
            text run at (0,1) width 220: "5.3.5    'background-attachment'"
        RenderText {#text} at (0,0) size 0x0
      RenderBlock {P} at (0,331) size 784x105
        RenderInline {EM} at (0,0) size 41x19
          RenderText {#text} at (0,1) size 41x19
            text run at (0,1) width 41: "Value:"
        RenderText {#text} at (41,1) size 81x19
          text run at (41,1) width 81: " scroll | fixed"
        RenderBR {BR} at (122,16) size 0x0
        RenderInline {EM} at (0,0) size 43x19
          RenderText {#text} at (0,22) size 43x19
            text run at (0,22) width 43: "Initial:"
        RenderText {#text} at (43,22) size 38x19
          text run at (43,22) width 38: " scroll"
        RenderBR {BR} at (81,37) size 0x0
        RenderInline {EM} at (0,0) size 69x19
          RenderText {#text} at (0,43) size 69x19
            text run at (0,43) width 69: "Applies to:"
        RenderText {#text} at (69,43) size 78x19
          text run at (69,43) width 78: " all elements"
        RenderBR {BR} at (147,58) size 0x0
        RenderInline {EM} at (0,0) size 63x19
          RenderText {#text} at (0,64) size 63x19
            text run at (0,64) width 63: "Inherited:"
        RenderText {#text} at (63,64) size 20x19
          text run at (63,64) width 20: " no"
        RenderBR {BR} at (83,79) size 0x0
        RenderInline {EM} at (0,0) size 122x19
          RenderText {#text} at (0,85) size 122x19
            text run at (0,85) width 122: "Percentage values:"
        RenderText {#text} at (122,85) size 33x19
          text run at (122,85) width 33: " N/A"
        RenderBR {BR} at (155,100) size 0x0
      RenderBlock {P} at (0,452) size 784x42
        RenderText {#text} at (0,1) size 782x40
          text run at (0,1) width 782: "If a background image is specified, the value of 'background-attachment' determines if it is fixed with regard to the canvas or"
          text run at (0,22) width 213: "if it scrolls along with the content."
      RenderBlock {PRE} at (0,510) size 784x75
        RenderText {#text} at (0,0) size 296x75
          text run at (0,0) width 72: "  BODY { "
          text run at (72,0) width 0: " "
          text run at (0,15) width 296: "    background: red url(pendant.gif);"
          text run at (296,15) width 0: " "
          text run at (0,30) width 256: "    background-repeat: repeat-y;"
          text run at (256,30) width 0: " "
          text run at (0,45) width 264: "    background-attachment: fixed;"
          text run at (264,45) width 0: " "
          text run at (0,60) width 24: "  }"
          text run at (24,60) width 0: " "
      RenderBlock {P} at (0,601) size 784x63
        RenderInline {EM} at (0,0) size 72x19
          RenderText {#text} at (0,1) size 72x19
            text run at (0,1) width 72: "CSS1 core:"
        RenderText {#text} at (72,1) size 767x61
          text run at (72,1) width 670: " UAs may treat 'fixed' as 'scroll'. However, it is recommended they interpret 'fixed' correctly, at least on the"
          text run at (0,22) width 767: "HTML and BODY elements, since there is no way for an author to provide an image only for those browsers that support"
          text run at (0,43) width 42: "'fixed'."
      RenderTable {TABLE} at (0,680) size 784x605 [border: (1px outset #808080)]
        RenderTableSection {TBODY} at (1,1) size 782x603
          RenderTableRow {TR} at (0,0) size 782x29
            RenderTableCell {TD} at (0,0) size 782x29 [bgcolor=#C0C0C0] [border: (1px inset #808080)] [r=0 c=0 rs=1 cs=2]
              RenderInline {STRONG} at (0,0) size 161x19
                RenderText {#text} at (4,5) size 161x19
                  text run at (4,5) width 161: "TABLE Testing Section"
          RenderTableRow {TR} at (0,29) size 782x574
            RenderTableCell {TD} at (0,301) size 12x29 [bgcolor=#C0C0C0] [border: (1px inset #808080)] [r=1 c=0 rs=1 cs=1]
              RenderText {#text} at (4,5) size 4x19
                text run at (4,5) width 4: " "
            RenderTableCell {TD} at (12,29) size 770x574 [border: (1px inset #808080)] [r=1 c=1 rs=1 cs=1]
              RenderBlock {P} at (4,4) size 762x105
                RenderText {#text} at (0,1) size 747x103
                  text run at (0,1) width 730: "This document should have a green grid-pattern line across the top of the page (or at least a tiled background) which"
                  text run at (0,22) width 234: "does NOT scroll with the document. "
                  text run at (234,22) width 513: "It should, instead, appear to be a fixed pattern past which the content scrolls, even"
                  text run at (0,43) width 234: "when the end of the page is reached. "
                  text run at (234,43) width 493: "In addition, the default Test Suite background should NOT appear, as it's been"
                  text run at (0,64) width 246: "overridden by the styles shown above. "
                  text run at (246,64) width 497: "I'll have to add a lot of extra text to the page in order to make all this something"
                  text run at (0,85) width 147: "we can actually check. "
                  text run at (147,85) width 226: "Don't worry, I'll think of something."
              RenderBlock {P} at (4,125) size 762x21
                RenderText {#text} at (0,1) size 507x19
                  text run at (0,1) width 417: "In fact, why not the relevant section from the CSS1 specification? "
                  text run at (417,1) width 90: "A capital idea."
              RenderBlock {HR} at (4,162) size 762x2 [border: (1px inset #000000)]
              RenderBlock {HR} at (4,172) size 762x2 [border: (1px inset #000000)]
              RenderBlock {H4} at (4,195) size 762x21
                RenderInline {A} at (0,0) size 220x19
                  RenderText {#text} at (0,1) size 220x19
                    text run at (0,1) width 220: "5.3.5    'background-attachment'"
                RenderText {#text} at (0,0) size 0x0
              RenderBlock {P} at (4,237) size 762x105
                RenderInline {EM} at (0,0) size 41x19
                  RenderText {#text} at (0,1) size 41x19
                    text run at (0,1) width 41: "Value:"
                RenderText {#text} at (41,1) size 81x19
                  text run at (41,1) width 81: " scroll | fixed"
                RenderBR {BR} at (122,16) size 0x0
                RenderInline {EM} at (0,0) size 43x19
                  RenderText {#text} at (0,22) size 43x19
                    text run at (0,22) width 43: "Initial:"
                RenderText {#text} at (43,22) size 38x19
                  text run at (43,22) width 38: " scroll"
                RenderBR {BR} at (81,37) size 0x0
                RenderInline {EM} at (0,0) size 69x19
                  RenderText {#text} at (0,43) size 69x19
                    text run at (0,43) width 69: "Applies to:"
                RenderText {#text} at (69,43) size 78x19
                  text run at (69,43) width 78: " all elements"
                RenderBR {BR} at (147,58) size 0x0
                RenderInline {EM} at (0,0) size 63x19
                  RenderText {#text} at (0,64) size 63x19
                    text run at (0,64) width 63: "Inherited:"
                RenderText {#text} at (63,64) size 20x19
                  text run at (63,64) width 20: " no"
                RenderBR {BR} at (83,79) size 0x0
                RenderInline {EM} at (0,0) size 122x19
                  RenderText {#text} at (0,85) size 122x19
                    text run at (0,85) width 122: "Percentage values:"
                RenderText {#text} at (122,85) size 33x19
                  text run at (122,85) width 33: " N/A"
                RenderBR {BR} at (155,100) size 0x0
              RenderBlock {P} at (4,358) size 762x42
                RenderText {#text} at (0,1) size 718x40
                  text run at (0,1) width 718: "If a background image is specified, the value of 'background-attachment' determines if it is fixed with regard to the"
                  text run at (0,22) width 277: "canvas or if it scrolls along with the content."
              RenderBlock {PRE} at (4,416) size 762x75
                RenderText {#text} at (0,0) size 296x75
                  text run at (0,0) width 72: "  BODY { "
                  text run at (72,0) width 0: " "
                  text run at (0,15) width 296: "    background: red url(pendant.gif);"
                  text run at (296,15) width 0: " "
                  text run at (0,30) width 256: "    background-repeat: repeat-y;"
                  text run at (256,30) width 0: " "
                  text run at (0,45) width 264: "    background-attachment: fixed;"
                  text run at (264,45) width 0: " "
                  text run at (0,60) width 24: "  }"
                  text run at (24,60) width 0: " "
              RenderBlock {P} at (4,507) size 762x63
                RenderInline {EM} at (0,0) size 72x19
                  RenderText {#text} at (0,1) size 72x19
                    text run at (0,1) width 72: "CSS1 core:"
                RenderText {#text} at (72,1) size 742x61
                  text run at (72,1) width 670: " UAs may treat 'fixed' as 'scroll'. However, it is recommended they interpret 'fixed' correctly, at least on the"
                  text run at (0,22) width 716: "HTML and BODY elements, since there is no way for an author to provide an image only for those browsers that"
                  text run at (0,43) width 93: "support 'fixed'."
