layer at (0,0) size 800x796
  RenderView at (0,0) size 800x600
layer at (0,0) size 800x796
  RenderBlock {HTML} at (0,0) size 800x796
    RenderBody {BODY} at (8,8) size 784x780
      RenderBlock (anonymous) at (0,0) size 784x17
        RenderText {#text} at (0,0) size 5x17
          text run at (0,0) width 5: " "
      RenderTable {TABLE} at (0,17) size 784x695 [bgcolor=#FFFFCC] [border: (1px outset #808080)]
        RenderTableSection {TBODY} at (1,1) size 782x693
          RenderTableRow {TR} at (0,2) size 782x21
            RenderTableCell {TD} at (2,2) size 624x21 [border: (1px inset #808080)] [r=0 c=0 rs=1 cs=1]
              RenderText {#text} at (2,2) size 64x17
                text run at (2,2) width 64: "Cell one"
            RenderTableCell {TD} at (628,2) size 75x21 [border: (1px inset #808080)] [r=0 c=1 rs=1 cs=1]
              RenderText {#text} at (2,2) size 39x17
                text run at (2,2) width 39: "Cell2"
            RenderTableCell {TD} at (705,2) size 75x21 [border: (1px inset #808080)] [r=0 c=2 rs=1 cs=1]
              RenderText {#text} at (2,2) size 44x17
                text run at (2,2) width 44: "Cell 3"
          RenderTableRow {TR} at (0,25) size 782x21
            RenderTableCell {TD} at (2,25) size 624x21 [border: (1px inset #808080)] [r=1 c=0 rs=1 cs=1]
              RenderText {#text} at (2,2) size 44x17
                text run at (2,2) width 44: "Cell 4"
            RenderTableCell {TD} at (628,25) size 75x21 [border: (1px inset #808080)] [r=1 c=1 rs=1 cs=1]
              RenderText {#text} at (2,2) size 44x17
                text run at (2,2) width 44: "Cell 5"
            RenderTableCell {TD} at (705,25) size 75x21 [border: (1px inset #808080)] [r=1 c=2 rs=1 cs=1]
              RenderText {#text} at (2,2) size 44x17
                text run at (2,2) width 44: "Cell 6"
          RenderTableRow {TR} at (0,48) size 782x643
            RenderTableCell {TD} at (2,48) size 624x643 [border: (1px inset #808080)] [r=2 c=0 rs=1 cs=1]
              RenderTable {TABLE} at (2,2) size 620x622 [bgcolor=#DDDDDD] [border: (1px outset #808080)]
                RenderTableSection {TBODY} at (1,1) size 618x620
                  RenderTableRow {TR} at (0,2) size 618x21
                    RenderTableCell {TD} at (2,2) size 22x21 [border: (1px inset #808080)] [r=0 c=0 rs=1 cs=1]
                      RenderText {#text} at (2,2) size 10x17
                        text run at (2,2) width 10: "1"
                    RenderTableCell {TD} at (26,2) size 565x21 [border: (1px inset #808080)] [r=0 c=1 rs=1 cs=1]
                      RenderText {#text} at (2,2) size 10x17
                        text run at (2,2) width 10: "2"
                    RenderTableCell {TD} at (593,2) size 23x21 [border: (1px inset #808080)] [r=0 c=2 rs=1 cs=1]
                      RenderText {#text} at (2,2) size 10x17
                        text run at (2,2) width 10: "3"
                  RenderTableRow {TR} at (0,25) size 618x570
                    RenderTableCell {TD} at (2,299) size 22x21 [border: (1px inset #808080)] [r=1 c=0 rs=1 cs=1]
                      RenderText {#text} at (2,2) size 10x17
                        text run at (2,2) width 10: "4"
                    RenderTableCell {TD} at (26,25) size 565x570 [border: (1px inset #808080)] [r=1 c=1 rs=1 cs=1]
                      RenderTable {TABLE} at (2,2) size 561x549 [bgcolor=#66FFFF] [border: (1px outset #808080)]
                        RenderTableSection {TBODY} at (1,1) size 559x547
                          RenderTableRow {TR} at (0,2) size 559x497
                            RenderTableCell {TD} at (2,240) size 22x21 [border: (1px inset #808080)] [r=0 c=0 rs=1 cs=1]
                              RenderText {#text} at (2,2) size 10x17
                                text run at (2,2) width 10: "1"
                            RenderTableCell {TD} at (26,2) size 506x497 [border: (1px inset #808080)] [r=0 c=1 rs=1 cs=1]
                              RenderTable {TABLE} at (2,2) size 502x476 [bgcolor=#FF0000] [border: (1px outset #808080)]
                                RenderTableSection {TBODY} at (1,1) size 500x474
                                  RenderTableRow {TR} at (0,2) size 500x21
                                    RenderTableCell {TD} at (2,2) size 22x21 [border: (1px inset #808080)] [r=0 c=0 rs=1 cs=1]
                                      RenderText {#text} at (2,2) size 10x17
                                        text run at (2,2) width 10: "1"
                                    RenderTableCell {TD} at (26,2) size 22x21 [border: (1px inset #808080)] [r=0 c=1 rs=1 cs=1]
                                      RenderText {#text} at (2,2) size 10x17
                                        text run at (2,2) width 10: "2"
                                    RenderTableCell {TD} at (50,2) size 397x21 [border: (1px inset #808080)] [r=0 c=2 rs=1 cs=1]
                                      RenderText {#text} at (2,2) size 10x17
                                        text run at (2,2) width 10: "3"
                                    RenderTableCell {TD} at (449,2) size 23x21 [border: (1px inset #808080)] [r=0 c=3 rs=1 cs=1]
                                      RenderText {#text} at (2,2) size 10x17
                                        text run at (2,2) width 10: "4"
                                    RenderTableCell {TD} at (474,2) size 24x21 [border: (1px inset #808080)] [r=0 c=4 rs=1 cs=1]
                                      RenderText {#text} at (2,2) size 10x17
                                        text run at (2,2) width 10: "5"
                                  RenderTableRow {TR} at (0,25) size 500x378
                                    RenderTableCell {TD} at (2,203) size 22x21 [border: (1px inset #808080)] [r=1 c=0 rs=1 cs=1]
                                      RenderText {#text} at (2,2) size 10x17
                                        text run at (2,2) width 10: "6"
                                    RenderTableCell {TD} at (26,203) size 22x21 [border: (1px inset #808080)] [r=1 c=1 rs=1 cs=1]
                                      RenderText {#text} at (2,2) size 10x17
                                        text run at (2,2) width 10: "7"
                                    RenderTableCell {TD} at (50,25) size 397x378 [border: (1px inset #808080)] [r=1 c=2 rs=1 cs=1]
                                      RenderTable {TABLE} at (2,2) size 393x357 [bgcolor=#66FF99] [border: (1px outset #808080)]
                                        RenderTableSection {TBODY} at (1,1) size 391x355
                                          RenderTableRow {TR} at (0,2) size 391x21
                                            RenderTableCell {TD} at (2,2) size 23x21 [border: (1px inset #808080)] [r=0 c=0 rs=1 cs=1]
                                              RenderText {#text} at (2,2) size 10x17
                                                text run at (2,2) width 10: "a"
                                            RenderTableCell {TD} at (27,2) size 23x21 [border: (1px inset #808080)] [r=0 c=1 rs=1 cs=1]
                                              RenderText {#text} at (2,2) size 10x17
                                                text run at (2,2) width 10: "b"
                                            RenderTableCell {TD} at (52,2) size 285x21 [border: (1px inset #808080)] [r=0 c=2 rs=1 cs=1]
                                              RenderText {#text} at (2,2) size 9x17
                                                text run at (2,2) width 9: "c"
                                            RenderTableCell {TD} at (339,2) size 24x21 [border: (1px inset #808080)] [r=0 c=3 rs=1 cs=1]
                                              RenderText {#text} at (2,2) size 10x17
                                                text run at (2,2) width 10: "d"
                                            RenderTableCell {TD} at (365,2) size 24x21 [border: (1px inset #808080)] [r=0 c=4 rs=1 cs=1]
                                              RenderText {#text} at (2,2) size 10x17
                                                text run at (2,2) width 10: "e"
                                          RenderTableRow {TR} at (0,25) size 391x21
                                            RenderTableCell {TD} at (2,25) size 23x21 [border: (1px inset #808080)] [r=1 c=0 rs=1 cs=1]
                                              RenderText {#text} at (2,2) size 6x17
                                                text run at (2,2) width 6: "f"
                                            RenderTableCell {TD} at (27,25) size 23x21 [border: (1px inset #808080)] [r=1 c=1 rs=1 cs=1]
                                              RenderText {#text} at (2,2) size 10x17
                                                text run at (2,2) width 10: "g"
                                            RenderTableCell {TD} at (52,25) size 285x21 [border: (1px inset #808080)] [r=1 c=2 rs=1 cs=1]
                                              RenderText {#text} at (2,2) size 10x17
                                                text run at (2,2) width 10: "h"
                                            RenderTableCell {TD} at (339,25) size 24x21 [border: (1px inset #808080)] [r=1 c=3 rs=1 cs=1]
                                              RenderText {#text} at (2,2) size 4x17
                                                text run at (2,2) width 4: "i"
                                            RenderTableCell {TD} at (365,25) size 24x21 [border: (1px inset #808080)] [r=1 c=4 rs=1 cs=1]
                                              RenderText {#text} at (2,2) size 5x17
                                                text run at (2,2) width 5: "j"
                                          RenderTableRow {TR} at (0,48) size 391x259
                                            RenderTableCell {TD} at (2,167) size 23x21 [border: (1px inset #808080)] [r=2 c=0 rs=1 cs=1]
                                              RenderText {#text} at (2,2) size 9x17
                                                text run at (2,2) width 9: "k"
                                            RenderTableCell {TD} at (27,167) size 23x21 [border: (1px inset #808080)] [r=2 c=1 rs=1 cs=1]
                                              RenderText {#text} at (2,2) size 4x17
                                                text run at (2,2) width 4: "l"
                                            RenderTableCell {TD} at (52,48) size 285x259 [border: (1px inset #808080)] [r=2 c=2 rs=1 cs=1]
                                              RenderTable {TABLE} at (2,2) size 281x238 [bgcolor=#FF99FF] [border: (1px outset #808080)]
                                                RenderTableSection {TBODY} at (1,1) size 279x236
                                                  RenderTableRow {TR} at (0,2) size 279x21
                                                    RenderTableCell {TD} at (2,2) size 24x21 [border: (1px inset #808080)] [r=0 c=0 rs=1 cs=1]
                                                      RenderText {#text} at (2,2) size 10x17
                                                        text run at (2,2) width 10: "a"
                                                    RenderTableCell {TD} at (28,2) size 25x21 [border: (1px inset #808080)] [r=0 c=1 rs=1 cs=1]
                                                      RenderText {#text} at (2,2) size 10x17
                                                        text run at (2,2) width 10: "b"
                                                    RenderTableCell {TD} at (55,2) size 167x21 [border: (1px inset #808080)] [r=0 c=2 rs=1 cs=1]
                                                      RenderText {#text} at (2,2) size 9x17
                                                        text run at (2,2) width 9: "c"
                                                    RenderTableCell {TD} at (224,2) size 25x21 [border: (1px inset #808080)] [r=0 c=3 rs=1 cs=1]
                                                      RenderText {#text} at (2,2) size 10x17
                                                        text run at (2,2) width 10: "d"
                                                    RenderTableCell {TD} at (251,2) size 26x21 [border: (1px inset #808080)] [r=0 c=4 rs=1 cs=1]
                                                      RenderText {#text} at (2,2) size 10x17
                                                        text run at (2,2) width 10: "e"
                                                  RenderTableRow {TR} at (0,25) size 279x21
                                                    RenderTableCell {TD} at (2,25) size 24x21 [border: (1px inset #808080)] [r=1 c=0 rs=1 cs=1]
                                                      RenderText {#text} at (2,2) size 6x17
                                                        text run at (2,2) width 6: "f"
                                                    RenderTableCell {TD} at (28,25) size 25x21 [border: (1px inset #808080)] [r=1 c=1 rs=1 cs=1]
                                                      RenderText {#text} at (2,2) size 10x17
                                                        text run at (2,2) width 10: "g"
                                                    RenderTableCell {TD} at (55,25) size 167x21 [border: (1px inset #808080)] [r=1 c=2 rs=1 cs=1]
                                                      RenderText {#text} at (2,2) size 10x17
                                                        text run at (2,2) width 10: "h"
                                                    RenderTableCell {TD} at (224,25) size 25x21 [border: (1px inset #808080)] [r=1 c=3 rs=1 cs=1]
                                                      RenderText {#text} at (2,2) size 4x17
                                                        text run at (2,2) width 4: "i"
                                                    RenderTableCell {TD} at (251,25) size 26x21 [border: (1px inset #808080)] [r=1 c=4 rs=1 cs=1]
                                                      RenderText {#text} at (2,2) size 5x17
                                                        text run at (2,2) width 5: "j"
                                                  RenderTableRow {TR} at (0,48) size 279x140
                                                    RenderTableCell {TD} at (2,107) size 24x21 [border: (1px inset #808080)] [r=2 c=0 rs=1 cs=1]
                                                      RenderText {#text} at (2,2) size 9x17
                                                        text run at (2,2) width 9: "k"
                                                    RenderTableCell {TD} at (28,107) size 25x21 [border: (1px inset #808080)] [r=2 c=1 rs=1 cs=1]
                                                      RenderText {#text} at (2,2) size 4x17
                                                        text run at (2,2) width 4: "l"
                                                    RenderTableCell {TD} at (55,48) size 167x140 [border: (1px inset #808080)] [r=2 c=2 rs=1 cs=1]
                                                      RenderTable {TABLE} at (2,2) size 163x119 [bgcolor=#FF9900] [border: (1px outset #808080)]
                                                        RenderTableSection {TBODY} at (1,1) size 161x117
                                                          RenderTableRow {TR} at (0,2) size 161x21
                                                            RenderTableCell {TD} at (2,2) size 27x21 [border: (1px inset #808080)] [r=0 c=0 rs=1 cs=1]
                                                              RenderText {#text} at (2,2) size 10x17
                                                                text run at (2,2) width 10: "a"
                                                            RenderTableCell {TD} at (31,2) size 27x21 [border: (1px inset #808080)] [r=0 c=1 rs=1 cs=1]
                                                              RenderText {#text} at (2,2) size 10x17
                                                                text run at (2,2) width 10: "b"
                                                            RenderTableCell {TD} at (60,2) size 39x21 [border: (1px inset #808080)] [r=0 c=2 rs=1 cs=1]
                                                              RenderText {#text} at (2,2) size 9x17
                                                                text run at (2,2) width 9: "c"
                                                            RenderTableCell {TD} at (101,2) size 28x21 [border: (1px inset #808080)] [r=0 c=3 rs=1 cs=1]
                                                              RenderText {#text} at (2,2) size 10x17
                                                                text run at (2,2) width 10: "d"
                                                            RenderTableCell {TD} at (131,2) size 28x21 [border: (1px inset #808080)] [r=0 c=4 rs=1 cs=1]
                                                              RenderText {#text} at (2,2) size 10x17
                                                                text run at (2,2) width 10: "e"
                                                          RenderTableRow {TR} at (0,25) size 161x21
                                                            RenderTableCell {TD} at (2,25) size 27x21 [border: (1px inset #808080)] [r=1 c=0 rs=1 cs=1]
                                                              RenderText {#text} at (2,2) size 6x17
                                                                text run at (2,2) width 6: "f"
                                                            RenderTableCell {TD} at (31,25) size 27x21 [border: (1px inset #808080)] [r=1 c=1 rs=1 cs=1]
                                                              RenderText {#text} at (2,2) size 10x17
                                                                text run at (2,2) width 10: "g"
                                                            RenderTableCell {TD} at (60,25) size 39x21 [border: (1px inset #808080)] [r=1 c=2 rs=1 cs=1]
                                                              RenderText {#text} at (2,2) size 10x17
                                                                text run at (2,2) width 10: "h"
                                                            RenderTableCell {TD} at (101,25) size 28x21 [border: (1px inset #808080)] [r=1 c=3 rs=1 cs=1]
                                                              RenderText {#text} at (2,2) size 4x17
                                                                text run at (2,2) width 4: "i"
                                                            RenderTableCell {TD} at (131,25) size 28x21 [border: (1px inset #808080)] [r=1 c=4 rs=1 cs=1]
                                                              RenderText {#text} at (2,2) size 5x17
                                                                text run at (2,2) width 5: "j"
                                                          RenderTableRow {TR} at (0,48) size 161x21
                                                            RenderTableCell {TD} at (2,48) size 27x21 [border: (1px inset #808080)] [r=2 c=0 rs=1 cs=1]
                                                              RenderText {#text} at (2,2) size 9x17
                                                                text run at (2,2) width 9: "k"
                                                            RenderTableCell {TD} at (31,48) size 27x21 [border: (1px inset #808080)] [r=2 c=1 rs=1 cs=1]
                                                              RenderText {#text} at (2,2) size 4x17
                                                                text run at (2,2) width 4: "l"
                                                            RenderTableCell {TD} at (60,48) size 39x21 [border: (1px inset #808080)] [r=2 c=2 rs=1 cs=1]
                                                              RenderText {#text} at (2,2) size 16x17
                                                                text run at (2,2) width 16: "m"
                                                            RenderTableCell {TD} at (101,48) size 28x21 [border: (1px inset #808080)] [r=2 c=3 rs=1 cs=1]
                                                              RenderText {#text} at (2,2) size 10x17
                                                                text run at (2,2) width 10: "n"
                                                            RenderTableCell {TD} at (131,48) size 28x21 [border: (1px inset #808080)] [r=2 c=4 rs=1 cs=1]
                                                              RenderText {#text} at (2,2) size 10x17
                                                                text run at (2,2) width 10: "o"
                                                          RenderTableRow {TR} at (0,71) size 161x21
                                                            RenderTableCell {TD} at (2,71) size 27x21 [border: (1px inset #808080)] [r=3 c=0 rs=1 cs=1]
                                                              RenderText {#text} at (2,2) size 10x17
                                                                text run at (2,2) width 10: "p"
                                                            RenderTableCell {TD} at (31,71) size 27x21 [border: (1px inset #808080)] [r=3 c=1 rs=1 cs=1]
                                                              RenderText {#text} at (2,2) size 10x17
                                                                text run at (2,2) width 10: "q"
                                                            RenderTableCell {TD} at (60,71) size 39x21 [border: (1px inset #808080)] [r=3 c=2 rs=1 cs=1]
                                                              RenderText {#text} at (2,2) size 7x17
                                                                text run at (2,2) width 7: "r"
                                                            RenderTableCell {TD} at (101,71) size 28x21 [border: (1px inset #808080)] [r=3 c=3 rs=1 cs=1]
                                                              RenderText {#text} at (2,2) size 8x17
                                                                text run at (2,2) width 8: "s"
                                                            RenderTableCell {TD} at (131,71) size 28x21 [border: (1px inset #808080)] [r=3 c=4 rs=1 cs=1]
                                                              RenderText {#text} at (2,2) size 6x17
                                                                text run at (2,2) width 6: "t"
                                                          RenderTableRow {TR} at (0,94) size 161x21
                                                            RenderTableCell {TD} at (2,94) size 27x21 [border: (1px inset #808080)] [r=4 c=0 rs=1 cs=1]
                                                              RenderText {#text} at (2,2) size 10x17
                                                                text run at (2,2) width 10: "u"
                                                            RenderTableCell {TD} at (31,94) size 27x21 [border: (1px inset #808080)] [r=4 c=1 rs=1 cs=1]
                                                              RenderText {#text} at (2,2) size 9x17
                                                                text run at (2,2) width 9: "v"
                                                            RenderTableCell {TD} at (60,94) size 39x21 [border: (1px inset #808080)] [r=4 c=2 rs=1 cs=1]
                                                              RenderText {#text} at (2,2) size 13x17
                                                                text run at (2,2) width 13: "w"
                                                            RenderTableCell {TD} at (101,94) size 28x21 [border: (1px inset #808080)] [r=4 c=3 rs=1 cs=1]
                                                              RenderText {#text} at (2,2) size 9x17
                                                                text run at (2,2) width 9: "x"
                                                            RenderTableCell {TD} at (131,94) size 28x21 [border: (1px inset #808080)] [r=4 c=4 rs=1 cs=1]
                                                              RenderText {#text} at (2,2) size 9x17
                                                                text run at (2,2) width 9: "y"
                                                      RenderBlock (anonymous) at (2,121) size 163x17
                                                        RenderText {#text} at (0,0) size 5x17
                                                          text run at (0,0) width 5: " "
                                                    RenderTableCell {TD} at (224,107) size 25x21 [border: (1px inset #808080)] [r=2 c=3 rs=1 cs=1]
                                                      RenderText {#text} at (2,2) size 10x17
                                                        text run at (2,2) width 10: "n"
                                                    RenderTableCell {TD} at (251,107) size 26x21 [border: (1px inset #808080)] [r=2 c=4 rs=1 cs=1]
                                                      RenderText {#text} at (2,2) size 10x17
                                                        text run at (2,2) width 10: "o"
                                                  RenderTableRow {TR} at (0,190) size 279x21
                                                    RenderTableCell {TD} at (2,190) size 24x21 [border: (1px inset #808080)] [r=3 c=0 rs=1 cs=1]
                                                      RenderText {#text} at (2,2) size 10x17
                                                        text run at (2,2) width 10: "p"
                                                    RenderTableCell {TD} at (28,190) size 25x21 [border: (1px inset #808080)] [r=3 c=1 rs=1 cs=1]
                                                      RenderText {#text} at (2,2) size 10x17
                                                        text run at (2,2) width 10: "q"
                                                    RenderTableCell {TD} at (55,190) size 167x21 [border: (1px inset #808080)] [r=3 c=2 rs=1 cs=1]
                                                      RenderText {#text} at (2,2) size 7x17
                                                        text run at (2,2) width 7: "r"
                                                    RenderTableCell {TD} at (224,190) size 25x21 [border: (1px inset #808080)] [r=3 c=3 rs=1 cs=1]
                                                      RenderText {#text} at (2,2) size 8x17
                                                        text run at (2,2) width 8: "s"
                                                    RenderTableCell {TD} at (251,190) size 26x21 [border: (1px inset #808080)] [r=3 c=4 rs=1 cs=1]
                                                      RenderText {#text} at (2,2) size 6x17
                                                        text run at (2,2) width 6: "t"
                                                  RenderTableRow {TR} at (0,213) size 279x21
                                                    RenderTableCell {TD} at (2,213) size 24x21 [border: (1px inset #808080)] [r=4 c=0 rs=1 cs=1]
                                                      RenderText {#text} at (2,2) size 10x17
                                                        text run at (2,2) width 10: "u"
                                                    RenderTableCell {TD} at (28,213) size 25x21 [border: (1px inset #808080)] [r=4 c=1 rs=1 cs=1]
                                                      RenderText {#text} at (2,2) size 9x17
                                                        text run at (2,2) width 9: "v"
                                                    RenderTableCell {TD} at (55,213) size 167x21 [border: (1px inset #808080)] [r=4 c=2 rs=1 cs=1]
                                                      RenderText {#text} at (2,2) size 13x17
                                                        text run at (2,2) width 13: "w"
                                                    RenderTableCell {TD} at (224,213) size 25x21 [border: (1px inset #808080)] [r=4 c=3 rs=1 cs=1]
                                                      RenderText {#text} at (2,2) size 9x17
                                                        text run at (2,2) width 9: "x"
                                                    RenderTableCell {TD} at (251,213) size 26x21 [border: (1px inset #808080)] [r=4 c=4 rs=1 cs=1]
                                                      RenderText {#text} at (2,2) size 9x17
                                                        text run at (2,2) width 9: "y"
                                              RenderBlock (anonymous) at (2,240) size 281x17
                                                RenderText {#text} at (0,0) size 5x17
                                                  text run at (0,0) width 5: " "
                                            RenderTableCell {TD} at (339,167) size 24x21 [border: (1px inset #808080)] [r=2 c=3 rs=1 cs=1]
                                              RenderText {#text} at (2,2) size 10x17
                                                text run at (2,2) width 10: "n"
                                            RenderTableCell {TD} at (365,167) size 24x21 [border: (1px inset #808080)] [r=2 c=4 rs=1 cs=1]
                                              RenderText {#text} at (2,2) size 10x17
                                                text run at (2,2) width 10: "o"
                                          RenderTableRow {TR} at (0,309) size 391x21
                                            RenderTableCell {TD} at (2,309) size 23x21 [border: (1px inset #808080)] [r=3 c=0 rs=1 cs=1]
                                              RenderText {#text} at (2,2) size 10x17
                                                text run at (2,2) width 10: "p"
                                            RenderTableCell {TD} at (27,309) size 23x21 [border: (1px inset #808080)] [r=3 c=1 rs=1 cs=1]
                                              RenderText {#text} at (2,2) size 10x17
                                                text run at (2,2) width 10: "q"
                                            RenderTableCell {TD} at (52,309) size 285x21 [border: (1px inset #808080)] [r=3 c=2 rs=1 cs=1]
                                              RenderText {#text} at (2,2) size 7x17
                                                text run at (2,2) width 7: "r"
                                            RenderTableCell {TD} at (339,309) size 24x21 [border: (1px inset #808080)] [r=3 c=3 rs=1 cs=1]
                                              RenderText {#text} at (2,2) size 8x17
                                                text run at (2,2) width 8: "s"
                                            RenderTableCell {TD} at (365,309) size 24x21 [border: (1px inset #808080)] [r=3 c=4 rs=1 cs=1]
                                              RenderText {#text} at (2,2) size 6x17
                                                text run at (2,2) width 6: "t"
                                          RenderTableRow {TR} at (0,332) size 391x21
                                            RenderTableCell {TD} at (2,332) size 23x21 [border: (1px inset #808080)] [r=4 c=0 rs=1 cs=1]
                                              RenderText {#text} at (2,2) size 10x17
                                                text run at (2,2) width 10: "u"
                                            RenderTableCell {TD} at (27,332) size 23x21 [border: (1px inset #808080)] [r=4 c=1 rs=1 cs=1]
                                              RenderText {#text} at (2,2) size 9x17
                                                text run at (2,2) width 9: "v"
                                            RenderTableCell {TD} at (52,332) size 285x21 [border: (1px inset #808080)] [r=4 c=2 rs=1 cs=1]
                                              RenderText {#text} at (2,2) size 13x17
                                                text run at (2,2) width 13: "w"
                                            RenderTableCell {TD} at (339,332) size 24x21 [border: (1px inset #808080)] [r=4 c=3 rs=1 cs=1]
                                              RenderText {#text} at (2,2) size 9x17
                                                text run at (2,2) width 9: "x"
                                            RenderTableCell {TD} at (365,332) size 24x21 [border: (1px inset #808080)] [r=4 c=4 rs=1 cs=1]
                                              RenderText {#text} at (2,2) size 9x17
                                                text run at (2,2) width 9: "y"
                                      RenderBlock (anonymous) at (2,359) size 393x17
                                        RenderText {#text} at (0,0) size 5x17
                                          text run at (0,0) width 5: " "
                                    RenderTableCell {TD} at (449,203) size 23x21 [border: (1px inset #808080)] [r=1 c=3 rs=1 cs=1]
                                      RenderText {#text} at (2,2) size 10x17
                                        text run at (2,2) width 10: "9"
                                    RenderTableCell {TD} at (474,203) size 24x21 [border: (1px inset #808080)] [r=1 c=4 rs=1 cs=1]
                                      RenderText {#text} at (2,2) size 10x17
                                        text run at (2,2) width 10: "0"
                                  RenderTableRow {TR} at (0,405) size 500x21
                                    RenderTableCell {TD} at (2,405) size 22x21 [border: (1px inset #808080)] [r=2 c=0 rs=1 cs=1]
                                      RenderText {#text} at (2,2) size 10x17
                                        text run at (2,2) width 10: "a"
                                    RenderTableCell {TD} at (26,405) size 22x21 [border: (1px inset #808080)] [r=2 c=1 rs=1 cs=1]
                                      RenderText {#text} at (2,2) size 10x17
                                        text run at (2,2) width 10: "b"
                                    RenderTableCell {TD} at (50,405) size 397x21 [border: (1px inset #808080)] [r=2 c=2 rs=1 cs=1]
                                      RenderText {#text} at (2,2) size 9x17
                                        text run at (2,2) width 9: "c"
                                    RenderTableCell {TD} at (449,405) size 23x21 [border: (1px inset #808080)] [r=2 c=3 rs=1 cs=1]
                                      RenderText {#text} at (2,2) size 10x17
                                        text run at (2,2) width 10: "d"
                                    RenderTableCell {TD} at (474,405) size 24x21 [border: (1px inset #808080)] [r=2 c=4 rs=1 cs=1]
                                      RenderText {#text} at (2,2) size 10x17
                                        text run at (2,2) width 10: "e"
                                  RenderTableRow {TR} at (0,428) size 500x21
                                    RenderTableCell {TD} at (2,428) size 22x21 [border: (1px inset #808080)] [r=3 c=0 rs=1 cs=1]
                                      RenderText {#text} at (2,2) size 6x17
                                        text run at (2,2) width 6: "f"
                                    RenderTableCell {TD} at (26,428) size 22x21 [border: (1px inset #808080)] [r=3 c=1 rs=1 cs=1]
                                      RenderText {#text} at (2,2) size 10x17
                                        text run at (2,2) width 10: "g"
                                    RenderTableCell {TD} at (50,428) size 397x21 [border: (1px inset #808080)] [r=3 c=2 rs=1 cs=1]
                                      RenderText {#text} at (2,2) size 10x17
                                        text run at (2,2) width 10: "h"
                                    RenderTableCell {TD} at (449,428) size 23x21 [border: (1px inset #808080)] [r=3 c=3 rs=1 cs=1]
                                      RenderText {#text} at (2,2) size 4x17
                                        text run at (2,2) width 4: "i"
                                    RenderTableCell {TD} at (474,428) size 24x21 [border: (1px inset #808080)] [r=3 c=4 rs=1 cs=1]
                                      RenderText {#text} at (2,2) size 5x17
                                        text run at (2,2) width 5: "j"
                                  RenderTableRow {TR} at (0,451) size 500x21
                                    RenderTableCell {TD} at (2,451) size 22x21 [border: (1px inset #808080)] [r=4 c=0 rs=1 cs=1]
                                      RenderText {#text} at (2,2) size 9x17
                                        text run at (2,2) width 9: "k"
                                    RenderTableCell {TD} at (26,451) size 22x21 [border: (1px inset #808080)] [r=4 c=1 rs=1 cs=1]
                                      RenderText {#text} at (2,2) size 4x17
                                        text run at (2,2) width 4: "l"
                                    RenderTableCell {TD} at (50,451) size 397x21 [border: (1px inset #808080)] [r=4 c=2 rs=1 cs=1]
                                      RenderText {#text} at (2,2) size 16x17
                                        text run at (2,2) width 16: "m"
                                    RenderTableCell {TD} at (449,451) size 23x21 [border: (1px inset #808080)] [r=4 c=3 rs=1 cs=1]
                                      RenderText {#text} at (2,2) size 10x17
                                        text run at (2,2) width 10: "n"
                                    RenderTableCell {TD} at (474,451) size 24x21 [border: (1px inset #808080)] [r=4 c=4 rs=1 cs=1]
                                      RenderText {#text} at (2,2) size 10x17
                                        text run at (2,2) width 10: "o"
                              RenderBlock (anonymous) at (2,478) size 502x17
                                RenderText {#text} at (0,0) size 5x17
                                  text run at (0,0) width 5: " "
                            RenderTableCell {TD} at (534,240) size 23x21 [border: (1px inset #808080)] [r=0 c=2 rs=1 cs=1]
                              RenderText {#text} at (2,2) size 10x17
                                text run at (2,2) width 10: "3"
                          RenderTableRow {TR} at (0,501) size 559x21
                            RenderTableCell {TD} at (2,501) size 22x21 [border: (1px inset #808080)] [r=1 c=0 rs=1 cs=1]
                              RenderText {#text} at (2,2) size 10x17
                                text run at (2,2) width 10: "4"
                            RenderTableCell {TD} at (26,501) size 506x21 [border: (1px inset #808080)] [r=1 c=1 rs=1 cs=1]
                              RenderText {#text} at (2,2) size 10x17
                                text run at (2,2) width 10: "5"
                            RenderTableCell {TD} at (534,501) size 23x21 [border: (1px inset #808080)] [r=1 c=2 rs=1 cs=1]
                              RenderText {#text} at (2,2) size 10x17
                                text run at (2,2) width 10: "6"
                          RenderTableRow {TR} at (0,524) size 559x21
                            RenderTableCell {TD} at (2,524) size 22x21 [border: (1px inset #808080)] [r=2 c=0 rs=1 cs=1]
                              RenderText {#text} at (2,2) size 10x17
                                text run at (2,2) width 10: "7"
                            RenderTableCell {TD} at (26,524) size 506x21 [border: (1px inset #808080)] [r=2 c=1 rs=1 cs=1]
                              RenderText {#text} at (2,2) size 10x17
                                text run at (2,2) width 10: "8"
                            RenderTableCell {TD} at (534,524) size 23x21 [border: (1px inset #808080)] [r=2 c=2 rs=1 cs=1]
                              RenderText {#text} at (2,2) size 10x17
                                text run at (2,2) width 10: "9"
                      RenderBlock (anonymous) at (2,551) size 561x17
                        RenderText {#text} at (0,0) size 5x17
                          text run at (0,0) width 5: " "
                    RenderTableCell {TD} at (593,299) size 23x21 [border: (1px inset #808080)] [r=1 c=2 rs=1 cs=1]
                      RenderText {#text} at (2,2) size 10x17
                        text run at (2,2) width 10: "6"
                  RenderTableRow {TR} at (0,597) size 618x21
                    RenderTableCell {TD} at (2,597) size 22x21 [border: (1px inset #808080)] [r=2 c=0 rs=1 cs=1]
                      RenderText {#text} at (2,2) size 10x17
                        text run at (2,2) width 10: "7"
                    RenderTableCell {TD} at (26,597) size 565x21 [border: (1px inset #808080)] [r=2 c=1 rs=1 cs=1]
                      RenderText {#text} at (2,2) size 10x17
                        text run at (2,2) width 10: "8"
                    RenderTableCell {TD} at (593,597) size 23x21 [border: (1px inset #808080)] [r=2 c=2 rs=1 cs=1]
                      RenderText {#text} at (2,2) size 10x17
                        text run at (2,2) width 10: "9"
              RenderBlock (anonymous) at (2,624) size 620x17
                RenderText {#text} at (0,0) size 5x17
                  text run at (0,0) width 5: " "
            RenderTableCell {TD} at (628,359) size 75x21 [border: (1px inset #808080)] [r=2 c=1 rs=1 cs=1]
              RenderText {#text} at (2,2) size 10x17
                text run at (2,2) width 10: "8"
            RenderTableCell {TD} at (705,359) size 75x21 [border: (1px inset #808080)] [r=2 c=2 rs=1 cs=1]
              RenderText {#text} at (2,2) size 10x17
                text run at (2,2) width 10: "9"
      RenderBlock (anonymous) at (0,712) size 784x34
        RenderText {#text} at (0,0) size 10x17
          text run at (0,0) width 10: "  "
        RenderBR {BR} at (10,13) size 0x0
        RenderText {#text} at (0,17) size 348x17
          text run at (0,17) width 348: "the following text should display on one line"
      RenderTable {TABLE} at (0,746) size 207x34
        RenderTableSection {TBODY} at (0,0) size 207x34
          RenderTableRow {TR} at (0,0) size 207x34
            RenderTableCell {TD} at (0,0) size 207x34 [bgcolor=#B70000] [r=0 c=0 rs=1 cs=1]
              RenderTable {TABLE} at (0,0) size 207x34
                RenderTableSection {TBODY} at (0,0) size 207x34
                  RenderTableRow {TR} at (0,0) size 207x34
                    RenderTableCell {TD} at (0,0) size 13x16 [r=0 c=0 rs=1 cs=1]
                      RenderImage {IMG} at (0,0) size 13x16
                    RenderTableCell {TD} at (13,0) size 190x34 [r=0 c=1 rs=1 cs=1]
                      RenderText {#text} at (0,0) size 99x34
                        text run at (0,0) width 87: "AlphaLinux"
                        text run at (0,17) width 99: "Distributions"
                    RenderTableCell {TD} at (203,0) size 4x4 [r=0 c=2 rs=1 cs=1]
                      RenderImage {IMG} at (0,0) size 4x4
