layer at (0,0) size 858x851
  RenderView at (0,0) size 800x600
layer at (0,0) size 858x851
  RenderBlock {HTML} at (0,0) size 800x851
    RenderBody {BODY} at (8,8) size 784x827 [bgcolor=#FFFFFF]
      RenderBlock {H1} at (0,0) size 784x33
        RenderText {#text} at (0,0) size 432x33
          text run at (0,0) width 432: "Example 3: Basic Tables"
      RenderBlock {H2} at (0,54) size 784x25
        RenderText {#text} at (0,0) size 469x25
          text run at (0,0) width 469: "Simple table, 75% width, border=1"
      RenderTable {TABLE} at (0,98) size 588x102 [border: (1px outset #808080)]
        RenderTableSection {TBODY} at (1,1) size 586x100
          RenderTableRow {TR} at (0,2) size 586x21
            RenderTableCell {TD} at (2,2) size 192x21 [bgcolor=#0000FF] [border: (1px inset #808080)] [r=0 c=0 rs=1 cs=1]
              RenderText {#text} at (2,2) size 52x17
                text run at (2,2) width 52: "cell bg"
            RenderTableCell {TD} at (196,2) size 183x21 [border: (1px inset #808080)] [r=0 c=1 rs=1 cs=1]
              RenderText {#text} at (2,2) size 32x17
                text run at (2,2) width 32: "Two"
            RenderTableCell {TD} at (381,2) size 203x21 [border: (1px inset #808080)] [r=0 c=2 rs=1 cs=1]
              RenderText {#text} at (2,2) size 48x17
                text run at (2,2) width 48: "Three"
          RenderTableRow {TR} at (0,25) size 586x21
            RenderTableCell {TD} at (2,25) size 192x21 [border: (1px inset #808080)] [r=1 c=0 rs=1 cs=1]
              RenderText {#text} at (2,2) size 26x17
                text run at (2,2) width 26: "left"
            RenderTableCell {TD} at (196,25) size 183x21 [border: (1px inset #808080)] [r=1 c=1 rs=1 cs=1]
              RenderText {#text} at (65,2) size 52x17
                text run at (65,2) width 52: "center"
            RenderTableCell {TD} at (381,25) size 203x21 [border: (1px inset #808080)] [r=1 c=2 rs=1 cs=1]
              RenderText {#text} at (164,2) size 37x17
                text run at (164,2) width 37: "right"
          RenderTableRow {TR} at (0,48) size 586x50 [bgcolor=#FFFF00]
            RenderTableCell {TD} at (2,62) size 192x21 [border: (1px inset #808080)] [r=2 c=0 rs=1 cs=1]
              RenderText {#text} at (2,2) size 55x17
                text run at (2,2) width 55: "row bg"
            RenderTableCell {TD} at (196,48) size 183x21 [border: (1px inset #808080)] [r=2 c=1 rs=1 cs=1]
              RenderText {#text} at (2,2) size 26x17
                text run at (2,2) width 26: "top"
            RenderTableCell {TD} at (381,77) size 203x21 [border: (1px inset #808080)] [r=2 c=2 rs=1 cs=1]
              RenderText {#text} at (2,2) size 58x17
                text run at (2,2) width 58: "bottom"
      RenderBlock {H2} at (0,219) size 784x25
        RenderText {#text} at (0,0) size 511x25
          text run at (0,0) width 511: "Row Span, auto width table, border=5"
      RenderTable {TABLE} at (0,263) size 333x242 [border: (5px outset #808080)]
        RenderTableSection {TBODY} at (5,5) size 323x232
          RenderTableRow {TR} at (0,2) size 323x21
            RenderTableCell {TD} at (2,13) size 235x21 [border: (1px inset #808080)] [r=0 c=0 rs=2 cs=1]
              RenderText {#text} at (2,2) size 231x17
                text run at (2,2) width 231: "c0r[0-1] Data 1 span=2 rows"
            RenderTableCell {TD} at (239,2) size 40x21 [border: (1px inset #808080)] [r=0 c=1 rs=1 cs=1]
              RenderText {#text} at (2,2) size 36x17
                text run at (2,2) width 36: "c0r0"
            RenderTableCell {TD} at (281,2) size 40x21 [border: (1px inset #808080)] [r=0 c=2 rs=1 cs=1]
              RenderText {#text} at (2,2) size 36x17
                text run at (2,2) width 36: "c1r0"
          RenderTableRow {TR} at (0,25) size 323x21
            RenderTableCell {TD} at (239,25) size 40x21 [border: (1px inset #808080)] [r=1 c=1 rs=1 cs=1]
              RenderText {#text} at (2,2) size 36x17
                text run at (2,2) width 36: "c0r1"
            RenderTableCell {TD} at (281,25) size 40x21 [border: (1px inset #808080)] [r=1 c=2 rs=1 cs=1]
              RenderText {#text} at (2,2) size 36x17
                text run at (2,2) width 36: "c1r1"
          RenderTableRow {TR} at (0,48) size 323x21
            RenderTableCell {TD} at (2,94) size 235x21 [border: (1px inset #808080)] [r=2 c=0 rs=5 cs=1]
              RenderText {#text} at (2,2) size 231x17
                text run at (2,2) width 231: "c0r[2-6],Data 2 span=5 rows"
            RenderTableCell {TD} at (239,48) size 40x21 [border: (1px inset #808080)] [r=2 c=1 rs=1 cs=1]
              RenderText {#text} at (2,2) size 36x17
                text run at (2,2) width 36: "c0r2"
            RenderTableCell {TD} at (281,48) size 40x21 [border: (1px inset #808080)] [r=2 c=2 rs=1 cs=1]
              RenderText {#text} at (2,2) size 36x17
                text run at (2,2) width 36: "c1r2"
          RenderTableRow {TR} at (0,71) size 323x21
            RenderTableCell {TD} at (239,71) size 40x21 [border: (1px inset #808080)] [r=3 c=1 rs=1 cs=1]
              RenderText {#text} at (2,2) size 36x17
                text run at (2,2) width 36: "c0r3"
            RenderTableCell {TD} at (281,71) size 40x21 [border: (1px inset #808080)] [r=3 c=2 rs=1 cs=1]
              RenderText {#text} at (2,2) size 36x17
                text run at (2,2) width 36: "c1r3"
          RenderTableRow {TR} at (0,94) size 323x21
            RenderTableCell {TD} at (239,94) size 40x21 [border: (1px inset #808080)] [r=4 c=1 rs=1 cs=1]
              RenderText {#text} at (2,2) size 36x17
                text run at (2,2) width 36: "c0r4"
            RenderTableCell {TD} at (281,94) size 40x21 [border: (1px inset #808080)] [r=4 c=2 rs=1 cs=1]
              RenderText {#text} at (2,2) size 36x17
                text run at (2,2) width 36: "c1r4"
          RenderTableRow {TR} at (0,117) size 323x21
            RenderTableCell {TD} at (239,117) size 40x21 [border: (1px inset #808080)] [r=5 c=1 rs=1 cs=1]
              RenderText {#text} at (2,2) size 36x17
                text run at (2,2) width 36: "c0r5"
            RenderTableCell {TD} at (281,117) size 40x21 [border: (1px inset #808080)] [r=5 c=2 rs=1 cs=1]
              RenderText {#text} at (2,2) size 36x17
                text run at (2,2) width 36: "c1r5"
          RenderTableRow {TR} at (0,140) size 323x21
            RenderTableCell {TD} at (239,140) size 40x21 [border: (1px inset #808080)] [r=6 c=1 rs=1 cs=1]
              RenderText {#text} at (2,2) size 36x17
                text run at (2,2) width 36: "c0r6"
            RenderTableCell {TD} at (281,140) size 40x21 [border: (1px inset #808080)] [r=6 c=2 rs=1 cs=1]
              RenderText {#text} at (2,2) size 36x17
                text run at (2,2) width 36: "c1r6"
          RenderTableRow {TR} at (0,163) size 323x21
            RenderTableCell {TD} at (2,186) size 235x21 [border: (1px inset #808080)] [r=7 c=0 rs=3 cs=1]
              RenderText {#text} at (2,2) size 173x17
                text run at (2,2) width 173: "c0r[7-9] span=3 rows"
            RenderTableCell {TD} at (239,163) size 40x21 [border: (1px inset #808080)] [r=7 c=1 rs=1 cs=1]
              RenderText {#text} at (2,2) size 36x17
                text run at (2,2) width 36: "c0r7"
            RenderTableCell {TD} at (281,163) size 40x21 [border: (1px inset #808080)] [r=7 c=2 rs=1 cs=1]
              RenderText {#text} at (2,2) size 36x17
                text run at (2,2) width 36: "c1r7"
          RenderTableRow {TR} at (0,186) size 323x21
            RenderTableCell {TD} at (239,186) size 40x21 [border: (1px inset #808080)] [r=8 c=1 rs=1 cs=1]
              RenderText {#text} at (2,2) size 36x17
                text run at (2,2) width 36: "c0r8"
            RenderTableCell {TD} at (281,186) size 40x21 [border: (1px inset #808080)] [r=8 c=2 rs=1 cs=1]
              RenderText {#text} at (2,2) size 36x17
                text run at (2,2) width 36: "c1r8"
          RenderTableRow {TR} at (0,209) size 323x21
            RenderTableCell {TD} at (239,209) size 40x21 [border: (1px inset #808080)] [r=9 c=1 rs=1 cs=1]
              RenderText {#text} at (2,2) size 36x17
                text run at (2,2) width 36: "c0r9"
            RenderTableCell {TD} at (281,209) size 40x21 [border: (1px inset #808080)] [r=9 c=2 rs=1 cs=1]
              RenderText {#text} at (2,2) size 36x17
                text run at (2,2) width 36: "c1r9"
      RenderBlock {H2} at (0,524) size 784x25
        RenderText {#text} at (0,0) size 344x25
          text run at (0,0) width 344: "Col Span auto width table"
      RenderTable {TABLE} at (0,568) size 850x90 [border: (1px outset #808080)]
        RenderTableSection {TBODY} at (1,1) size 848x88
          RenderTableRow {TR} at (0,2) size 848x21
            RenderTableCell {TD} at (2,2) size 334x21 [border: (1px inset #808080)] [r=0 c=0 rs=1 cs=8]
              RenderText {#text} at (2,2) size 135x17
                text run at (2,2) width 135: "r0c[0-7], span=8"
            RenderTableCell {TD} at (338,2) size 508x21 [border: (1px inset #808080)] [r=0 c=8 rs=1 cs=10]
              RenderText {#text} at (2,2) size 205x17
                text run at (2,2) width 205: "r0col[8-17], span=10 cols"
          RenderTableRow {TR} at (0,25) size 848x38
            RenderTableCell {TD} at (2,25) size 124x38 [border: (1px inset #808080)] [r=1 c=0 rs=1 cs=3]
              RenderText {#text} at (2,2) size 69x34
                text run at (2,2) width 69: "r1c[0-2],"
                text run at (2,19) width 61: "span=3"
            RenderTableCell {TD} at (128,33) size 208x21 [border: (1px inset #808080)] [r=1 c=3 rs=1 cs=5]
              RenderText {#text} at (2,2) size 135x17
                text run at (2,2) width 135: "r1c[3-7], span=5"
            RenderTableCell {TD} at (338,33) size 352x21 [border: (1px inset #808080)] [r=1 c=8 rs=1 cs=7]
              RenderText {#text} at (2,2) size 145x17
                text run at (2,2) width 145: "r1c[8-14], span=7"
            RenderTableCell {TD} at (692,25) size 154x38 [border: (1px inset #808080)] [r=1 c=15 rs=1 cs=3]
              RenderText {#text} at (2,2) size 89x34
                text run at (2,2) width 89: "r1c[15-17],"
                text run at (2,19) width 61: "span=3"
          RenderTableRow {TR} at (0,65) size 848x21
            RenderTableCell {TD} at (2,65) size 40x21 [border: (1px inset #808080)] [r=2 c=0 rs=1 cs=1]
              RenderText {#text} at (2,2) size 36x17
                text run at (2,2) width 36: "r2c0"
            RenderTableCell {TD} at (44,65) size 40x21 [border: (1px inset #808080)] [r=2 c=1 rs=1 cs=1]
              RenderText {#text} at (2,2) size 36x17
                text run at (2,2) width 36: "r2c1"
            RenderTableCell {TD} at (86,65) size 40x21 [border: (1px inset #808080)] [r=2 c=2 rs=1 cs=1]
              RenderText {#text} at (2,2) size 36x17
                text run at (2,2) width 36: "r2c3"
            RenderTableCell {TD} at (128,65) size 40x21 [border: (1px inset #808080)] [r=2 c=3 rs=1 cs=1]
              RenderText {#text} at (2,2) size 36x17
                text run at (2,2) width 36: "r2c4"
            RenderTableCell {TD} at (170,65) size 40x21 [border: (1px inset #808080)] [r=2 c=4 rs=1 cs=1]
              RenderText {#text} at (2,2) size 36x17
                text run at (2,2) width 36: "r2c5"
            RenderTableCell {TD} at (212,65) size 40x21 [border: (1px inset #808080)] [r=2 c=5 rs=1 cs=1]
              RenderText {#text} at (2,2) size 36x17
                text run at (2,2) width 36: "r2c6"
            RenderTableCell {TD} at (254,65) size 40x21 [border: (1px inset #808080)] [r=2 c=6 rs=1 cs=1]
              RenderText {#text} at (2,2) size 36x17
                text run at (2,2) width 36: "r2c7"
            RenderTableCell {TD} at (296,65) size 40x21 [border: (1px inset #808080)] [r=2 c=7 rs=1 cs=1]
              RenderText {#text} at (2,2) size 36x17
                text run at (2,2) width 36: "r2c8"
            RenderTableCell {TD} at (338,65) size 40x21 [border: (1px inset #808080)] [r=2 c=8 rs=1 cs=1]
              RenderText {#text} at (2,2) size 36x17
                text run at (2,2) width 36: "r2c9"
            RenderTableCell {TD} at (380,65) size 50x21 [border: (1px inset #808080)] [r=2 c=9 rs=1 cs=1]
              RenderText {#text} at (2,2) size 46x17
                text run at (2,2) width 46: "r2c10"
            RenderTableCell {TD} at (432,65) size 50x21 [border: (1px inset #808080)] [r=2 c=10 rs=1 cs=1]
              RenderText {#text} at (2,2) size 46x17
                text run at (2,2) width 46: "r2c11"
            RenderTableCell {TD} at (484,65) size 50x21 [border: (1px inset #808080)] [r=2 c=11 rs=1 cs=1]
              RenderText {#text} at (2,2) size 46x17
                text run at (2,2) width 46: "r2c12"
            RenderTableCell {TD} at (536,65) size 50x21 [border: (1px inset #808080)] [r=2 c=12 rs=1 cs=1]
              RenderText {#text} at (2,2) size 46x17
                text run at (2,2) width 46: "r2c13"
            RenderTableCell {TD} at (588,65) size 50x21 [border: (1px inset #808080)] [r=2 c=13 rs=1 cs=1]
              RenderText {#text} at (2,2) size 46x17
                text run at (2,2) width 46: "r2c14"
            RenderTableCell {TD} at (640,65) size 50x21 [border: (1px inset #808080)] [r=2 c=14 rs=1 cs=1]
              RenderText {#text} at (2,2) size 46x17
                text run at (2,2) width 46: "r2c15"
            RenderTableCell {TD} at (692,65) size 50x21 [border: (1px inset #808080)] [r=2 c=15 rs=1 cs=1]
              RenderText {#text} at (2,2) size 46x17
                text run at (2,2) width 46: "r2c16"
            RenderTableCell {TD} at (744,65) size 50x21 [border: (1px inset #808080)] [r=2 c=16 rs=1 cs=1]
              RenderText {#text} at (2,2) size 46x17
                text run at (2,2) width 46: "r2c17"
            RenderTableCell {TD} at (796,65) size 50x21 [border: (1px inset #808080)] [r=2 c=17 rs=1 cs=1]
              RenderText {#text} at (2,2) size 46x17
                text run at (2,2) width 46: "r2c18"
      RenderBlock {H2} at (0,677) size 784x25
        RenderText {#text} at (0,0) size 239x25
          text run at (0,0) width 239: "Row and Col Span"
      RenderTable {TABLE} at (0,721) size 186x73 [border: (1px outset #808080)]
        RenderTableSection {TBODY} at (1,1) size 184x71
          RenderTableRow {TR} at (0,2) size 184x21
            RenderTableCell {TD} at (2,13) size 96x21 [border: (1px inset #808080)] [r=0 c=0 rs=2 cs=2]
              RenderText {#text} at (2,2) size 92x17
                text run at (2,2) width 92: "r[0-2]c[0-1]"
            RenderTableCell {TD} at (100,2) size 40x21 [border: (1px inset #808080)] [r=0 c=2 rs=1 cs=1]
              RenderText {#text} at (2,2) size 36x17
                text run at (2,2) width 36: "r0c2"
            RenderTableCell {TD} at (142,2) size 40x21 [border: (1px inset #808080)] [r=0 c=3 rs=1 cs=1]
              RenderText {#text} at (2,2) size 36x17
                text run at (2,2) width 36: "r0c3"
          RenderTableRow {TR} at (0,25) size 184x21
            RenderTableCell {TD} at (100,25) size 40x21 [border: (1px inset #808080)] [r=1 c=2 rs=1 cs=1]
              RenderText {#text} at (2,2) size 36x17
                text run at (2,2) width 36: "r1c2"
            RenderTableCell {TD} at (142,25) size 40x21 [border: (1px inset #808080)] [r=1 c=3 rs=1 cs=1]
              RenderText {#text} at (2,2) size 36x17
                text run at (2,2) width 36: "r1c3"
          RenderTableRow {TR} at (0,48) size 184x21
            RenderTableCell {TD} at (2,48) size 47x21 [border: (1px inset #808080)] [r=2 c=0 rs=1 cs=1]
              RenderText {#text} at (2,2) size 36x17
                text run at (2,2) width 36: "r2c0"
            RenderTableCell {TD} at (51,48) size 47x21 [border: (1px inset #808080)] [r=2 c=1 rs=1 cs=1]
              RenderText {#text} at (2,2) size 36x17
                text run at (2,2) width 36: "r2c1"
            RenderTableCell {TD} at (100,48) size 40x21 [border: (1px inset #808080)] [r=2 c=2 rs=1 cs=1]
              RenderText {#text} at (2,2) size 36x17
                text run at (2,2) width 36: "r2c2"
            RenderTableCell {TD} at (142,48) size 40x21 [border: (1px inset #808080)] [r=2 c=3 rs=1 cs=1]
              RenderText {#text} at (2,2) size 36x17
                text run at (2,2) width 36: "r2c3"
      RenderBlock {P} at (0,810) size 784x17
        RenderText {#text} at (0,0) size 5x17
          text run at (0,0) width 5: " "
