layer at (0,0) size 800x1353
  RenderView at (0,0) size 800x600
layer at (0,0) size 800x1353
  RenderBlock {HTML} at (0,0) size 800x1353
    RenderBody {BODY} at (8,8) size 784x1337
      RenderBlock {H1} at (0,0) size 784x33
        RenderText {#text} at (0,0) size 517x33
          text run at (0,0) width 517: "Example 6: Table Stress Test"
      RenderBlock {PRE} at (0,54) size 784x17 [color=#FF0000]
        RenderText {#text} at (0,0) size 272x17
          text run at (0,0) width 272: "Resize document for maximum effect"
      RenderBlock (anonymous) at (0,84) size 784x17
        RenderBR {BR} at (0,0) size 0x17
      RenderBlock {H2} at (0,120) size 784x25
        RenderText {#text} at (0,0) size 674x25
          text run at (0,0) width 674: "Auto-width tables with spans nested 8 levels deep"
      RenderTable {TABLE} at (0,164) size 784x406 [bgcolor=#FF0000] [border: (1px outset #808080)]
        RenderTableSection {TBODY} at (1,1) size 782x404
          RenderTableRow {TR} at (0,2) size 782x21
            RenderTableCell {TD} at (2,2) size 33x21 [border: (1px inset #808080)] [r=0 c=0 rs=1 cs=1]
              RenderText {#text} at (2,2) size 29x17
                text run at (2,2) width 29: "Cell"
            RenderTableCell {TD} at (37,2) size 743x377 [border: (1px inset #808080)] [r=0 c=1 rs=2 cs=2]
              RenderTable {TABLE} at (2,2) size 739x373 [bgcolor=#ADD8E6] [border: (1px outset #808080)]
                RenderTableSection {TBODY} at (1,1) size 737x371
                  RenderTableRow {TR} at (0,2) size 737x21
                    RenderTableCell {TD} at (2,2) size 33x21 [border: (1px inset #808080)] [r=0 c=0 rs=1 cs=1]
                      RenderText {#text} at (2,2) size 29x17
                        text run at (2,2) width 29: "Cell"
                    RenderTableCell {TD} at (37,2) size 698x344 [border: (1px inset #808080)] [r=0 c=1 rs=2 cs=2]
                      RenderTable {TABLE} at (2,2) size 694x340 [bgcolor=#90EE90] [border: (1px outset #808080)]
                        RenderTableSection {TBODY} at (1,1) size 692x338
                          RenderTableRow {TR} at (0,2) size 692x21
                            RenderTableCell {TD} at (2,2) size 33x21 [border: (1px inset #808080)] [r=0 c=0 rs=1 cs=1]
                              RenderText {#text} at (2,2) size 29x17
                                text run at (2,2) width 29: "Cell"
                            RenderTableCell {TD} at (37,2) size 653x294 [border: (1px inset #808080)] [r=0 c=1 rs=2 cs=2]
                              RenderTable {TABLE} at (2,2) size 649x290 [border: (1px outset #808080)]
                                RenderTableSection {TBODY} at (1,1) size 647x288
                                  RenderTableRow {TR} at (0,2) size 647x21
                                    RenderTableCell {TD} at (2,2) size 33x21 [border: (1px inset #808080)] [r=0 c=0 rs=1 cs=1]
                                      RenderText {#text} at (2,2) size 29x17
                                        text run at (2,2) width 29: "Cell"
                                    RenderTableCell {TD} at (37,2) size 608x244 [border: (1px inset #808080)] [r=0 c=1 rs=2 cs=2]
                                      RenderTable {TABLE} at (2,2) size 604x240 [bgcolor=#FFA500] [border: (1px outset #808080)]
                                        RenderTableSection {TBODY} at (1,1) size 602x238
                                          RenderTableRow {TR} at (0,2) size 602x21
                                            RenderTableCell {TD} at (2,2) size 33x21 [border: (1px inset #808080)] [r=0 c=0 rs=1 cs=1]
                                              RenderText {#text} at (2,2) size 29x17
                                                text run at (2,2) width 29: "Cell"
                                            RenderTableCell {TD} at (37,2) size 563x194 [border: (1px inset #808080)] [r=0 c=1 rs=2 cs=2]
                                              RenderTable {TABLE} at (2,2) size 559x190 [bgcolor=#FF0000] [border: (1px outset #808080)]
                                                RenderTableSection {TBODY} at (1,1) size 557x188
                                                  RenderTableRow {TR} at (0,2) size 557x21
                                                    RenderTableCell {TD} at (2,2) size 33x21 [border: (1px inset #808080)] [r=0 c=0 rs=1 cs=1]
                                                      RenderText {#text} at (2,2) size 29x17
                                                        text run at (2,2) width 29: "Cell"
                                                    RenderTableCell {TD} at (37,2) size 518x144 [border: (1px inset #808080)] [r=0 c=1 rs=2 cs=2]
                                                      RenderTable {TABLE} at (2,2) size 514x140 [bgcolor=#ADD8E6] [border: (1px outset #808080)]
                                                        RenderTableSection {TBODY} at (1,1) size 512x138
                                                          RenderTableRow {TR} at (0,2) size 512x21
                                                            RenderTableCell {TD} at (2,2) size 33x21 [border: (1px inset #808080)] [r=0 c=0 rs=1 cs=1]
                                                              RenderText {#text} at (2,2) size 29x17
                                                                text run at (2,2) width 29: "Cell"
                                                            RenderTableCell {TD} at (37,2) size 473x94 [border: (1px inset #808080)] [r=0 c=1 rs=2 cs=2]
                                                              RenderTable {TABLE} at (2,2) size 469x90 [bgcolor=#90EE90] [border: (1px outset #808080)]
                                                                RenderTableSection {TBODY} at (1,1) size 467x88
                                                                  RenderTableRow {TR} at (0,2) size 467x21
                                                                    RenderTableCell {TD} at (2,2) size 33x21 [border: (1px inset #808080)] [r=0 c=0 rs=1 cs=1]
                                                                      RenderText {#text} at (2,2) size 29x17
                                                                        text run at (2,2) width 29: "Cell"
                                                                    RenderTableCell {TD} at (37,5) size 428x38 [border: (1px inset #808080)] [r=0 c=1 rs=2 cs=2]
                                                                      RenderText {#text} at (2,2) size 370x34
                                                                        text run at (2,2) width 370: "Cell, and stuff to test out table cell layout. This"
                                                                        text run at (2,19) width 121: "should be long "
                                                                        text run at (123,19) width 152: "enough for testing."
                                                                  RenderTableRow {TR} at (0,25) size 467x21
                                                                    RenderTableCell {TD} at (2,25) size 33x21 [border: (1px inset #808080)] [r=1 c=0 rs=1 cs=1]
                                                                      RenderText {#text} at (2,2) size 29x17
                                                                        text run at (2,2) width 29: "Cell"
                                                                  RenderTableRow {TR} at (0,48) size 467x38
                                                                    RenderTableCell {TD} at (2,56) size 33x21 [border: (1px inset #808080)] [r=2 c=0 rs=1 cs=1]
                                                                      RenderText {#text} at (2,2) size 29x17
                                                                        text run at (2,2) width 29: "Cell"
                                                                    RenderTableCell {TD} at (37,48) size 393x38 [border: (1px inset #808080)] [r=2 c=1 rs=1 cs=1]
                                                                      RenderText {#text} at (2,2) size 370x34
                                                                        text run at (2,2) width 370: "Cell, and stuff to test out table cell layout. This"
                                                                        text run at (2,19) width 121: "should be long "
                                                                        text run at (123,19) width 152: "enough for testing."
                                                                    RenderTableCell {TD} at (432,56) size 33x21 [border: (1px inset #808080)] [r=2 c=2 rs=1 cs=1]
                                                                      RenderText {#text} at (2,2) size 29x17
                                                                        text run at (2,2) width 29: "Cell"
                                                          RenderTableRow {TR} at (0,25) size 512x71
                                                            RenderTableCell {TD} at (2,50) size 33x21 [border: (1px inset #808080)] [r=1 c=0 rs=1 cs=1]
                                                              RenderText {#text} at (2,2) size 29x17
                                                                text run at (2,2) width 29: "Cell"
                                                          RenderTableRow {TR} at (0,98) size 512x38
                                                            RenderTableCell {TD} at (2,106) size 33x21 [border: (1px inset #808080)] [r=2 c=0 rs=1 cs=1]
                                                              RenderText {#text} at (2,2) size 29x17
                                                                text run at (2,2) width 29: "Cell"
                                                            RenderTableCell {TD} at (37,98) size 438x38 [border: (1px inset #808080)] [r=2 c=1 rs=1 cs=1]
                                                              RenderText {#text} at (2,2) size 427x34
                                                                text run at (2,2) width 427: "Cell, and stuff to test out table cell layout. This should"
                                                                text run at (2,19) width 64: "be long "
                                                                text run at (66,19) width 152: "enough for testing."
                                                            RenderTableCell {TD} at (477,106) size 33x21 [border: (1px inset #808080)] [r=2 c=2 rs=1 cs=1]
                                                              RenderText {#text} at (2,2) size 29x17
                                                                text run at (2,2) width 29: "Cell"
                                                  RenderTableRow {TR} at (0,25) size 557x121
                                                    RenderTableCell {TD} at (2,75) size 33x21 [border: (1px inset #808080)] [r=1 c=0 rs=1 cs=1]
                                                      RenderText {#text} at (2,2) size 29x17
                                                        text run at (2,2) width 29: "Cell"
                                                  RenderTableRow {TR} at (0,148) size 557x38
                                                    RenderTableCell {TD} at (2,156) size 33x21 [border: (1px inset #808080)] [r=2 c=0 rs=1 cs=1]
                                                      RenderText {#text} at (2,2) size 29x17
                                                        text run at (2,2) width 29: "Cell"
                                                    RenderTableCell {TD} at (37,148) size 483x38 [border: (1px inset #808080)] [r=2 c=1 rs=1 cs=1]
                                                      RenderText {#text} at (2,2) size 452x34
                                                        text run at (2,2) width 452: "Cell, and stuff to test out table cell layout. This should be"
                                                        text run at (2,19) width 39: "long "
                                                        text run at (41,19) width 152: "enough for testing."
                                                    RenderTableCell {TD} at (522,156) size 33x21 [border: (1px inset #808080)] [r=2 c=2 rs=1 cs=1]
                                                      RenderText {#text} at (2,2) size 29x17
                                                        text run at (2,2) width 29: "Cell"
                                          RenderTableRow {TR} at (0,25) size 602x171
                                            RenderTableCell {TD} at (2,100) size 33x21 [border: (1px inset #808080)] [r=1 c=0 rs=1 cs=1]
                                              RenderText {#text} at (2,2) size 29x17
                                                text run at (2,2) width 29: "Cell"
                                          RenderTableRow {TR} at (0,198) size 602x38
                                            RenderTableCell {TD} at (2,206) size 33x21 [border: (1px inset #808080)] [r=2 c=0 rs=1 cs=1]
                                              RenderText {#text} at (2,2) size 29x17
                                                text run at (2,2) width 29: "Cell"
                                            RenderTableCell {TD} at (37,198) size 528x38 [border: (1px inset #808080)] [r=2 c=1 rs=1 cs=1]
                                              RenderText {#text} at (2,2) size 491x34
                                                text run at (2,2) width 491: "Cell, and stuff to test out table cell layout. This should be long"
                                                text run at (2,19) width 152: "enough for testing."
                                            RenderTableCell {TD} at (567,206) size 33x21 [border: (1px inset #808080)] [r=2 c=2 rs=1 cs=1]
                                              RenderText {#text} at (2,2) size 29x17
                                                text run at (2,2) width 29: "Cell"
                                  RenderTableRow {TR} at (0,25) size 647x221
                                    RenderTableCell {TD} at (2,125) size 33x21 [border: (1px inset #808080)] [r=1 c=0 rs=1 cs=1]
                                      RenderText {#text} at (2,2) size 29x17
                                        text run at (2,2) width 29: "Cell"
                                  RenderTableRow {TR} at (0,248) size 647x38
                                    RenderTableCell {TD} at (2,256) size 33x21 [border: (1px inset #808080)] [r=2 c=0 rs=1 cs=1]
                                      RenderText {#text} at (2,2) size 29x17
                                        text run at (2,2) width 29: "Cell"
                                    RenderTableCell {TD} at (37,248) size 573x38 [border: (1px inset #808080)] [r=2 c=1 rs=1 cs=1]
                                      RenderText {#text} at (2,2) size 556x34
                                        text run at (2,2) width 496: "Cell, and stuff to test out table cell layout. This should be long "
                                        text run at (498,2) width 60: "enough"
                                        text run at (2,19) width 87: "for testing."
                                    RenderTableCell {TD} at (612,256) size 33x21 [border: (1px inset #808080)] [r=2 c=2 rs=1 cs=1]
                                      RenderText {#text} at (2,2) size 29x17
                                        text run at (2,2) width 29: "Cell"
                          RenderTableRow {TR} at (0,25) size 692x271
                            RenderTableCell {TD} at (2,150) size 33x21 [border: (1px inset #808080)] [r=1 c=0 rs=1 cs=1]
                              RenderText {#text} at (2,2) size 29x17
                                text run at (2,2) width 29: "Cell"
                          RenderTableRow {TR} at (0,298) size 692x38
                            RenderTableCell {TD} at (2,306) size 33x21 [border: (1px inset #808080)] [r=2 c=0 rs=1 cs=1]
                              RenderText {#text} at (2,2) size 29x17
                                text run at (2,2) width 29: "Cell"
                            RenderTableCell {TD} at (37,298) size 618x38 [border: (1px inset #808080)] [r=2 c=1 rs=1 cs=1]
                              RenderText {#text} at (2,2) size 584x34
                                text run at (2,2) width 496: "Cell, and stuff to test out table cell layout. This should be long "
                                text run at (498,2) width 88: "enough for"
                                text run at (2,19) width 59: "testing."
                            RenderTableCell {TD} at (657,306) size 33x21 [border: (1px inset #808080)] [r=2 c=2 rs=1 cs=1]
                              RenderText {#text} at (2,2) size 29x17
                                text run at (2,2) width 29: "Cell"
                  RenderTableRow {TR} at (0,25) size 737x321
                    RenderTableCell {TD} at (2,175) size 33x21 [border: (1px inset #808080)] [r=1 c=0 rs=1 cs=1]
                      RenderText {#text} at (2,2) size 29x17
                        text run at (2,2) width 29: "Cell"
                  RenderTableRow {TR} at (0,348) size 737x21
                    RenderTableCell {TD} at (2,348) size 33x21 [border: (1px inset #808080)] [r=2 c=0 rs=1 cs=1]
                      RenderText {#text} at (2,2) size 29x17
                        text run at (2,2) width 29: "Cell"
                    RenderTableCell {TD} at (37,348) size 662x21 [border: (1px inset #808080)] [r=2 c=1 rs=1 cs=1]
                      RenderText {#text} at (2,2) size 648x17
                        text run at (2,2) width 496: "Cell, and stuff to test out table cell layout. This should be long "
                        text run at (498,2) width 152: "enough for testing."
                    RenderTableCell {TD} at (701,348) size 34x21 [border: (1px inset #808080)] [r=2 c=2 rs=1 cs=1]
                      RenderText {#text} at (2,2) size 29x17
                        text run at (2,2) width 29: "Cell"
          RenderTableRow {TR} at (0,25) size 782x354
            RenderTableCell {TD} at (2,191) size 33x21 [border: (1px inset #808080)] [r=1 c=0 rs=1 cs=1]
              RenderText {#text} at (2,2) size 29x17
                text run at (2,2) width 29: "Cell"
          RenderTableRow {TR} at (0,381) size 782x21
            RenderTableCell {TD} at (2,381) size 33x21 [border: (1px inset #808080)] [r=2 c=0 rs=1 cs=1]
              RenderText {#text} at (2,2) size 29x17
                text run at (2,2) width 29: "Cell"
            RenderTableCell {TD} at (37,381) size 704x21 [border: (1px inset #808080)] [r=2 c=1 rs=1 cs=1]
              RenderText {#text} at (2,2) size 648x17
                text run at (2,2) width 496: "Cell, and stuff to test out table cell layout. This should be long "
                text run at (498,2) width 152: "enough for testing."
            RenderTableCell {TD} at (743,381) size 37x21 [border: (1px inset #808080)] [r=2 c=2 rs=1 cs=1]
              RenderText {#text} at (2,2) size 29x17
                text run at (2,2) width 29: "Cell"
      RenderBlock (anonymous) at (0,570) size 784x17
        RenderBR {BR} at (0,0) size 0x17
      RenderBlock {H2} at (0,606) size 784x25
        RenderText {#text} at (0,0) size 532x25
          text run at (0,0) width 532: "100% width tables nested 6 levels deep"
      RenderTable {TABLE} at (0,650) size 784x687 [bgcolor=#FFFF00] [border: (1px outset #808080)]
        RenderTableSection {TBODY} at (1,1) size 782x685
          RenderTableRow {TR} at (0,2) size 782x21
            RenderTableCell {TD} at (2,2) size 621x21 [border: (1px inset #808080)] [r=0 c=0 rs=1 cs=1]
              RenderText {#text} at (2,2) size 64x17
                text run at (2,2) width 64: "Cell one"
            RenderTableCell {TD} at (625,2) size 76x21 [border: (1px inset #808080)] [r=0 c=1 rs=1 cs=1]
              RenderText {#text} at (2,2) size 39x17
                text run at (2,2) width 39: "Cell2"
            RenderTableCell {TD} at (703,2) size 77x21 [border: (1px inset #808080)] [r=0 c=2 rs=1 cs=1]
              RenderText {#text} at (2,2) size 44x17
                text run at (2,2) width 44: "Cell 3"
          RenderTableRow {TR} at (0,25) size 782x21
            RenderTableCell {TD} at (2,25) size 621x21 [border: (1px inset #808080)] [r=1 c=0 rs=1 cs=1]
              RenderText {#text} at (2,2) size 44x17
                text run at (2,2) width 44: "Cell 4"
            RenderTableCell {TD} at (625,25) size 76x21 [border: (1px inset #808080)] [r=1 c=1 rs=1 cs=1]
              RenderText {#text} at (2,2) size 44x17
                text run at (2,2) width 44: "Cell 5"
            RenderTableCell {TD} at (703,25) size 77x21 [border: (1px inset #808080)] [r=1 c=2 rs=1 cs=1]
              RenderText {#text} at (2,2) size 44x17
                text run at (2,2) width 44: "Cell 6"
          RenderTableRow {TR} at (0,48) size 782x635
            RenderTableCell {TD} at (2,48) size 621x635 [border: (1px inset #808080)] [r=2 c=0 rs=1 cs=1]
              RenderTable {TABLE} at (2,2) size 617x614 [bgcolor=#D3D3D3]
                RenderTableSection {TBODY} at (0,0) size 617x614
                  RenderTableRow {TR} at (0,2) size 617x19
                    RenderTableCell {TD} at (2,2) size 19x19 [r=0 c=0 rs=1 cs=1]
                      RenderText {#text} at (1,1) size 10x17
                        text run at (1,1) width 10: "1"
                    RenderTableCell {TD} at (23,2) size 570x19 [r=0 c=1 rs=1 cs=1]
                      RenderText {#text} at (1,1) size 10x17
                        text run at (1,1) width 10: "2"
                    RenderTableCell {TD} at (595,2) size 20x19 [r=0 c=2 rs=1 cs=1]
                      RenderText {#text} at (1,1) size 10x17
                        text run at (1,1) width 10: "3"
                  RenderTableRow {TR} at (0,23) size 617x568
                    RenderTableCell {TD} at (2,297) size 19x19 [r=1 c=0 rs=1 cs=1]
                      RenderText {#text} at (1,1) size 10x17
                        text run at (1,1) width 10: "4"
                    RenderTableCell {TD} at (23,23) size 570x568 [r=1 c=1 rs=1 cs=1]
                      RenderTable {TABLE} at (1,1) size 568x549 [bgcolor=#ADD8E6] [border: (1px outset #808080)]
                        RenderTableSection {TBODY} at (1,1) size 566x547
                          RenderTableRow {TR} at (0,2) size 566x497
                            RenderTableCell {TD} at (2,240) size 22x21 [border: (1px inset #808080)] [r=0 c=0 rs=1 cs=1]
                              RenderText {#text} at (2,2) size 10x17
                                text run at (2,2) width 10: "1"
                            RenderTableCell {TD} at (26,2) size 513x497 [border: (1px inset #808080)] [r=0 c=1 rs=1 cs=1]
                              RenderTable {TABLE} at (2,2) size 509x476 [bgcolor=#FF0000] [border: (1px outset #808080)]
                                RenderTableSection {TBODY} at (1,1) size 507x474
                                  RenderTableRow {TR} at (0,2) size 507x21
                                    RenderTableCell {TD} at (2,2) size 23x21 [border: (1px inset #808080)] [r=0 c=0 rs=1 cs=1]
                                      RenderText {#text} at (2,2) size 10x17
                                        text run at (2,2) width 10: "1"
                                    RenderTableCell {TD} at (27,2) size 23x21 [border: (1px inset #808080)] [r=0 c=1 rs=1 cs=1]
                                      RenderText {#text} at (2,2) size 10x17
                                        text run at (2,2) width 10: "2"
                                    RenderTableCell {TD} at (52,2) size 402x21 [border: (1px inset #808080)] [r=0 c=2 rs=1 cs=1]
                                      RenderText {#text} at (2,2) size 10x17
                                        text run at (2,2) width 10: "3"
                                    RenderTableCell {TD} at (456,2) size 23x21 [border: (1px inset #808080)] [r=0 c=3 rs=1 cs=1]
                                      RenderText {#text} at (2,2) size 10x17
                                        text run at (2,2) width 10: "4"
                                    RenderTableCell {TD} at (481,2) size 24x21 [border: (1px inset #808080)] [r=0 c=4 rs=1 cs=1]
                                      RenderText {#text} at (2,2) size 10x17
                                        text run at (2,2) width 10: "5"
                                  RenderTableRow {TR} at (0,25) size 507x378
                                    RenderTableCell {TD} at (2,203) size 23x21 [border: (1px inset #808080)] [r=1 c=0 rs=1 cs=1]
                                      RenderText {#text} at (2,2) size 10x17
                                        text run at (2,2) width 10: "6"
                                    RenderTableCell {TD} at (27,203) size 23x21 [border: (1px inset #808080)] [r=1 c=1 rs=1 cs=1]
                                      RenderText {#text} at (2,2) size 10x17
                                        text run at (2,2) width 10: "7"
                                    RenderTableCell {TD} at (52,25) size 402x378 [border: (1px inset #808080)] [r=1 c=2 rs=1 cs=1]
                                      RenderTable {TABLE} at (2,2) size 398x357 [bgcolor=#008000] [border: (1px outset #808080)]
                                        RenderTableSection {TBODY} at (1,1) size 396x355
                                          RenderTableRow {TR} at (0,2) size 396x21
                                            RenderTableCell {TD} at (2,2) size 24x21 [border: (1px inset #808080)] [r=0 c=0 rs=1 cs=1]
                                              RenderText {#text} at (2,2) size 10x17
                                                text run at (2,2) width 10: "a"
                                            RenderTableCell {TD} at (28,2) size 24x21 [border: (1px inset #808080)] [r=0 c=1 rs=1 cs=1]
                                              RenderText {#text} at (2,2) size 10x17
                                                text run at (2,2) width 10: "b"
                                            RenderTableCell {TD} at (54,2) size 288x21 [border: (1px inset #808080)] [r=0 c=2 rs=1 cs=1]
                                              RenderText {#text} at (2,2) size 9x17
                                                text run at (2,2) width 9: "c"
                                            RenderTableCell {TD} at (344,2) size 24x21 [border: (1px inset #808080)] [r=0 c=3 rs=1 cs=1]
                                              RenderText {#text} at (2,2) size 10x17
                                                text run at (2,2) width 10: "d"
                                            RenderTableCell {TD} at (370,2) size 24x21 [border: (1px inset #808080)] [r=0 c=4 rs=1 cs=1]
                                              RenderText {#text} at (2,2) size 10x17
                                                text run at (2,2) width 10: "e"
                                          RenderTableRow {TR} at (0,25) size 396x21
                                            RenderTableCell {TD} at (2,25) size 24x21 [border: (1px inset #808080)] [r=1 c=0 rs=1 cs=1]
                                              RenderText {#text} at (2,2) size 6x17
                                                text run at (2,2) width 6: "f"
                                            RenderTableCell {TD} at (28,25) size 24x21 [border: (1px inset #808080)] [r=1 c=1 rs=1 cs=1]
                                              RenderText {#text} at (2,2) size 10x17
                                                text run at (2,2) width 10: "g"
                                            RenderTableCell {TD} at (54,25) size 288x21 [border: (1px inset #808080)] [r=1 c=2 rs=1 cs=1]
                                              RenderText {#text} at (2,2) size 10x17
                                                text run at (2,2) width 10: "h"
                                            RenderTableCell {TD} at (344,25) size 24x21 [border: (1px inset #808080)] [r=1 c=3 rs=1 cs=1]
                                              RenderText {#text} at (2,2) size 4x17
                                                text run at (2,2) width 4: "i"
                                            RenderTableCell {TD} at (370,25) size 24x21 [border: (1px inset #808080)] [r=1 c=4 rs=1 cs=1]
                                              RenderText {#text} at (2,2) size 5x17
                                                text run at (2,2) width 5: "j"
                                          RenderTableRow {TR} at (0,48) size 396x259
                                            RenderTableCell {TD} at (2,167) size 24x21 [border: (1px inset #808080)] [r=2 c=0 rs=1 cs=1]
                                              RenderText {#text} at (2,2) size 9x17
                                                text run at (2,2) width 9: "k"
                                            RenderTableCell {TD} at (28,167) size 24x21 [border: (1px inset #808080)] [r=2 c=1 rs=1 cs=1]
                                              RenderText {#text} at (2,2) size 4x17
                                                text run at (2,2) width 4: "l"
                                            RenderTableCell {TD} at (54,48) size 288x259 [border: (1px inset #808080)] [r=2 c=2 rs=1 cs=1]
                                              RenderTable {TABLE} at (2,2) size 284x238 [bgcolor=#800080] [border: (1px outset #808080)]
                                                RenderTableSection {TBODY} at (1,1) size 282x236
                                                  RenderTableRow {TR} at (0,2) size 282x21
                                                    RenderTableCell {TD} at (2,2) size 25x21 [border: (1px inset #808080)] [r=0 c=0 rs=1 cs=1]
                                                      RenderText {#text} at (2,2) size 10x17
                                                        text run at (2,2) width 10: "a"
                                                    RenderTableCell {TD} at (29,2) size 25x21 [border: (1px inset #808080)] [r=0 c=1 rs=1 cs=1]
                                                      RenderText {#text} at (2,2) size 10x17
                                                        text run at (2,2) width 10: "b"
                                                    RenderTableCell {TD} at (56,2) size 169x21 [border: (1px inset #808080)] [r=0 c=2 rs=1 cs=1]
                                                      RenderText {#text} at (2,2) size 9x17
                                                        text run at (2,2) width 9: "c"
                                                    RenderTableCell {TD} at (227,2) size 25x21 [border: (1px inset #808080)] [r=0 c=3 rs=1 cs=1]
                                                      RenderText {#text} at (2,2) size 10x17
                                                        text run at (2,2) width 10: "d"
                                                    RenderTableCell {TD} at (254,2) size 26x21 [border: (1px inset #808080)] [r=0 c=4 rs=1 cs=1]
                                                      RenderText {#text} at (2,2) size 10x17
                                                        text run at (2,2) width 10: "e"
                                                  RenderTableRow {TR} at (0,25) size 282x21
                                                    RenderTableCell {TD} at (2,25) size 25x21 [border: (1px inset #808080)] [r=1 c=0 rs=1 cs=1]
                                                      RenderText {#text} at (2,2) size 6x17
                                                        text run at (2,2) width 6: "f"
                                                    RenderTableCell {TD} at (29,25) size 25x21 [border: (1px inset #808080)] [r=1 c=1 rs=1 cs=1]
                                                      RenderText {#text} at (2,2) size 10x17
                                                        text run at (2,2) width 10: "g"
                                                    RenderTableCell {TD} at (56,25) size 169x21 [border: (1px inset #808080)] [r=1 c=2 rs=1 cs=1]
                                                      RenderText {#text} at (2,2) size 10x17
                                                        text run at (2,2) width 10: "h"
                                                    RenderTableCell {TD} at (227,25) size 25x21 [border: (1px inset #808080)] [r=1 c=3 rs=1 cs=1]
                                                      RenderText {#text} at (2,2) size 4x17
                                                        text run at (2,2) width 4: "i"
                                                    RenderTableCell {TD} at (254,25) size 26x21 [border: (1px inset #808080)] [r=1 c=4 rs=1 cs=1]
                                                      RenderText {#text} at (2,2) size 5x17
                                                        text run at (2,2) width 5: "j"
                                                  RenderTableRow {TR} at (0,48) size 282x140
                                                    RenderTableCell {TD} at (2,107) size 25x21 [border: (1px inset #808080)] [r=2 c=0 rs=1 cs=1]
                                                      RenderText {#text} at (2,2) size 9x17
                                                        text run at (2,2) width 9: "k"
                                                    RenderTableCell {TD} at (29,107) size 25x21 [border: (1px inset #808080)] [r=2 c=1 rs=1 cs=1]
                                                      RenderText {#text} at (2,2) size 4x17
                                                        text run at (2,2) width 4: "l"
                                                    RenderTableCell {TD} at (56,48) size 169x140 [border: (1px inset #808080)] [r=2 c=2 rs=1 cs=1]
                                                      RenderTable {TABLE} at (2,2) size 165x119 [bgcolor=#FFA500] [border: (1px outset #808080)]
                                                        RenderTableSection {TBODY} at (1,1) size 163x117
                                                          RenderTableRow {TR} at (0,2) size 163x21
                                                            RenderTableCell {TD} at (2,2) size 27x21 [border: (1px inset #808080)] [r=0 c=0 rs=1 cs=1]
                                                              RenderText {#text} at (2,2) size 10x17
                                                                text run at (2,2) width 10: "a"
                                                            RenderTableCell {TD} at (31,2) size 28x21 [border: (1px inset #808080)] [r=0 c=1 rs=1 cs=1]
                                                              RenderText {#text} at (2,2) size 10x17
                                                                text run at (2,2) width 10: "b"
                                                            RenderTableCell {TD} at (61,2) size 40x21 [border: (1px inset #808080)] [r=0 c=2 rs=1 cs=1]
                                                              RenderText {#text} at (2,2) size 9x17
                                                                text run at (2,2) width 9: "c"
                                                            RenderTableCell {TD} at (103,2) size 28x21 [border: (1px inset #808080)] [r=0 c=3 rs=1 cs=1]
                                                              RenderText {#text} at (2,2) size 10x17
                                                                text run at (2,2) width 10: "d"
                                                            RenderTableCell {TD} at (133,2) size 28x21 [border: (1px inset #808080)] [r=0 c=4 rs=1 cs=1]
                                                              RenderText {#text} at (2,2) size 10x17
                                                                text run at (2,2) width 10: "e"
                                                          RenderTableRow {TR} at (0,25) size 163x21
                                                            RenderTableCell {TD} at (2,25) size 27x21 [border: (1px inset #808080)] [r=1 c=0 rs=1 cs=1]
                                                              RenderText {#text} at (2,2) size 6x17
                                                                text run at (2,2) width 6: "f"
                                                            RenderTableCell {TD} at (31,25) size 28x21 [border: (1px inset #808080)] [r=1 c=1 rs=1 cs=1]
                                                              RenderText {#text} at (2,2) size 10x17
                                                                text run at (2,2) width 10: "g"
                                                            RenderTableCell {TD} at (61,25) size 40x21 [border: (1px inset #808080)] [r=1 c=2 rs=1 cs=1]
                                                              RenderText {#text} at (2,2) size 10x17
                                                                text run at (2,2) width 10: "h"
                                                            RenderTableCell {TD} at (103,25) size 28x21 [border: (1px inset #808080)] [r=1 c=3 rs=1 cs=1]
                                                              RenderText {#text} at (2,2) size 4x17
                                                                text run at (2,2) width 4: "i"
                                                            RenderTableCell {TD} at (133,25) size 28x21 [border: (1px inset #808080)] [r=1 c=4 rs=1 cs=1]
                                                              RenderText {#text} at (2,2) size 5x17
                                                                text run at (2,2) width 5: "j"
                                                          RenderTableRow {TR} at (0,48) size 163x21
                                                            RenderTableCell {TD} at (2,48) size 27x21 [border: (1px inset #808080)] [r=2 c=0 rs=1 cs=1]
                                                              RenderText {#text} at (2,2) size 9x17
                                                                text run at (2,2) width 9: "k"
                                                            RenderTableCell {TD} at (31,48) size 28x21 [border: (1px inset #808080)] [r=2 c=1 rs=1 cs=1]
                                                              RenderText {#text} at (2,2) size 4x17
                                                                text run at (2,2) width 4: "l"
                                                            RenderTableCell {TD} at (61,48) size 40x21 [border: (1px inset #808080)] [r=2 c=2 rs=1 cs=1]
                                                              RenderText {#text} at (2,2) size 16x17
                                                                text run at (2,2) width 16: "m"
                                                            RenderTableCell {TD} at (103,48) size 28x21 [border: (1px inset #808080)] [r=2 c=3 rs=1 cs=1]
                                                              RenderText {#text} at (2,2) size 10x17
                                                                text run at (2,2) width 10: "n"
                                                            RenderTableCell {TD} at (133,48) size 28x21 [border: (1px inset #808080)] [r=2 c=4 rs=1 cs=1]
                                                              RenderText {#text} at (2,2) size 10x17
                                                                text run at (2,2) width 10: "o"
                                                          RenderTableRow {TR} at (0,71) size 163x21
                                                            RenderTableCell {TD} at (2,71) size 27x21 [border: (1px inset #808080)] [r=3 c=0 rs=1 cs=1]
                                                              RenderText {#text} at (2,2) size 10x17
                                                                text run at (2,2) width 10: "p"
                                                            RenderTableCell {TD} at (31,71) size 28x21 [border: (1px inset #808080)] [r=3 c=1 rs=1 cs=1]
                                                              RenderText {#text} at (2,2) size 10x17
                                                                text run at (2,2) width 10: "q"
                                                            RenderTableCell {TD} at (61,71) size 40x21 [border: (1px inset #808080)] [r=3 c=2 rs=1 cs=1]
                                                              RenderText {#text} at (2,2) size 7x17
                                                                text run at (2,2) width 7: "r"
                                                            RenderTableCell {TD} at (103,71) size 28x21 [border: (1px inset #808080)] [r=3 c=3 rs=1 cs=1]
                                                              RenderText {#text} at (2,2) size 8x17
                                                                text run at (2,2) width 8: "s"
                                                            RenderTableCell {TD} at (133,71) size 28x21 [border: (1px inset #808080)] [r=3 c=4 rs=1 cs=1]
                                                              RenderText {#text} at (2,2) size 6x17
                                                                text run at (2,2) width 6: "t"
                                                          RenderTableRow {TR} at (0,94) size 163x21
                                                            RenderTableCell {TD} at (2,94) size 27x21 [border: (1px inset #808080)] [r=4 c=0 rs=1 cs=1]
                                                              RenderText {#text} at (2,2) size 10x17
                                                                text run at (2,2) width 10: "u"
                                                            RenderTableCell {TD} at (31,94) size 28x21 [border: (1px inset #808080)] [r=4 c=1 rs=1 cs=1]
                                                              RenderText {#text} at (2,2) size 9x17
                                                                text run at (2,2) width 9: "v"
                                                            RenderTableCell {TD} at (61,94) size 40x21 [border: (1px inset #808080)] [r=4 c=2 rs=1 cs=1]
                                                              RenderText {#text} at (2,2) size 13x17
                                                                text run at (2,2) width 13: "w"
                                                            RenderTableCell {TD} at (103,94) size 28x21 [border: (1px inset #808080)] [r=4 c=3 rs=1 cs=1]
                                                              RenderText {#text} at (2,2) size 9x17
                                                                text run at (2,2) width 9: "x"
                                                            RenderTableCell {TD} at (133,94) size 28x21 [border: (1px inset #808080)] [r=4 c=4 rs=1 cs=1]
                                                              RenderText {#text} at (2,2) size 9x17
                                                                text run at (2,2) width 9: "y"
                                                      RenderBlock (anonymous) at (2,121) size 165x17
                                                        RenderText {#text} at (0,0) size 5x17
                                                          text run at (0,0) width 5: " "
                                                    RenderTableCell {TD} at (227,107) size 25x21 [border: (1px inset #808080)] [r=2 c=3 rs=1 cs=1]
                                                      RenderText {#text} at (2,2) size 10x17
                                                        text run at (2,2) width 10: "n"
                                                    RenderTableCell {TD} at (254,107) size 26x21 [border: (1px inset #808080)] [r=2 c=4 rs=1 cs=1]
                                                      RenderText {#text} at (2,2) size 10x17
                                                        text run at (2,2) width 10: "o"
                                                  RenderTableRow {TR} at (0,190) size 282x21
                                                    RenderTableCell {TD} at (2,190) size 25x21 [border: (1px inset #808080)] [r=3 c=0 rs=1 cs=1]
                                                      RenderText {#text} at (2,2) size 10x17
                                                        text run at (2,2) width 10: "p"
                                                    RenderTableCell {TD} at (29,190) size 25x21 [border: (1px inset #808080)] [r=3 c=1 rs=1 cs=1]
                                                      RenderText {#text} at (2,2) size 10x17
                                                        text run at (2,2) width 10: "q"
                                                    RenderTableCell {TD} at (56,190) size 169x21 [border: (1px inset #808080)] [r=3 c=2 rs=1 cs=1]
                                                      RenderText {#text} at (2,2) size 7x17
                                                        text run at (2,2) width 7: "r"
                                                    RenderTableCell {TD} at (227,190) size 25x21 [border: (1px inset #808080)] [r=3 c=3 rs=1 cs=1]
                                                      RenderText {#text} at (2,2) size 8x17
                                                        text run at (2,2) width 8: "s"
                                                    RenderTableCell {TD} at (254,190) size 26x21 [border: (1px inset #808080)] [r=3 c=4 rs=1 cs=1]
                                                      RenderText {#text} at (2,2) size 6x17
                                                        text run at (2,2) width 6: "t"
                                                  RenderTableRow {TR} at (0,213) size 282x21
                                                    RenderTableCell {TD} at (2,213) size 25x21 [border: (1px inset #808080)] [r=4 c=0 rs=1 cs=1]
                                                      RenderText {#text} at (2,2) size 10x17
                                                        text run at (2,2) width 10: "u"
                                                    RenderTableCell {TD} at (29,213) size 25x21 [border: (1px inset #808080)] [r=4 c=1 rs=1 cs=1]
                                                      RenderText {#text} at (2,2) size 9x17
                                                        text run at (2,2) width 9: "v"
                                                    RenderTableCell {TD} at (56,213) size 169x21 [border: (1px inset #808080)] [r=4 c=2 rs=1 cs=1]
                                                      RenderText {#text} at (2,2) size 13x17
                                                        text run at (2,2) width 13: "w"
                                                    RenderTableCell {TD} at (227,213) size 25x21 [border: (1px inset #808080)] [r=4 c=3 rs=1 cs=1]
                                                      RenderText {#text} at (2,2) size 9x17
                                                        text run at (2,2) width 9: "x"
                                                    RenderTableCell {TD} at (254,213) size 26x21 [border: (1px inset #808080)] [r=4 c=4 rs=1 cs=1]
                                                      RenderText {#text} at (2,2) size 9x17
                                                        text run at (2,2) width 9: "y"
                                              RenderBlock (anonymous) at (2,240) size 284x17
                                                RenderText {#text} at (0,0) size 5x17
                                                  text run at (0,0) width 5: " "
                                            RenderTableCell {TD} at (344,167) size 24x21 [border: (1px inset #808080)] [r=2 c=3 rs=1 cs=1]
                                              RenderText {#text} at (2,2) size 10x17
                                                text run at (2,2) width 10: "n"
                                            RenderTableCell {TD} at (370,167) size 24x21 [border: (1px inset #808080)] [r=2 c=4 rs=1 cs=1]
                                              RenderText {#text} at (2,2) size 10x17
                                                text run at (2,2) width 10: "o"
                                          RenderTableRow {TR} at (0,309) size 396x21
                                            RenderTableCell {TD} at (2,309) size 24x21 [border: (1px inset #808080)] [r=3 c=0 rs=1 cs=1]
                                              RenderText {#text} at (2,2) size 10x17
                                                text run at (2,2) width 10: "p"
                                            RenderTableCell {TD} at (28,309) size 24x21 [border: (1px inset #808080)] [r=3 c=1 rs=1 cs=1]
                                              RenderText {#text} at (2,2) size 10x17
                                                text run at (2,2) width 10: "q"
                                            RenderTableCell {TD} at (54,309) size 288x21 [border: (1px inset #808080)] [r=3 c=2 rs=1 cs=1]
                                              RenderText {#text} at (2,2) size 7x17
                                                text run at (2,2) width 7: "r"
                                            RenderTableCell {TD} at (344,309) size 24x21 [border: (1px inset #808080)] [r=3 c=3 rs=1 cs=1]
                                              RenderText {#text} at (2,2) size 8x17
                                                text run at (2,2) width 8: "s"
                                            RenderTableCell {TD} at (370,309) size 24x21 [border: (1px inset #808080)] [r=3 c=4 rs=1 cs=1]
                                              RenderText {#text} at (2,2) size 6x17
                                                text run at (2,2) width 6: "t"
                                          RenderTableRow {TR} at (0,332) size 396x21
                                            RenderTableCell {TD} at (2,332) size 24x21 [border: (1px inset #808080)] [r=4 c=0 rs=1 cs=1]
                                              RenderText {#text} at (2,2) size 10x17
                                                text run at (2,2) width 10: "u"
                                            RenderTableCell {TD} at (28,332) size 24x21 [border: (1px inset #808080)] [r=4 c=1 rs=1 cs=1]
                                              RenderText {#text} at (2,2) size 9x17
                                                text run at (2,2) width 9: "v"
                                            RenderTableCell {TD} at (54,332) size 288x21 [border: (1px inset #808080)] [r=4 c=2 rs=1 cs=1]
                                              RenderText {#text} at (2,2) size 13x17
                                                text run at (2,2) width 13: "w"
                                            RenderTableCell {TD} at (344,332) size 24x21 [border: (1px inset #808080)] [r=4 c=3 rs=1 cs=1]
                                              RenderText {#text} at (2,2) size 9x17
                                                text run at (2,2) width 9: "x"
                                            RenderTableCell {TD} at (370,332) size 24x21 [border: (1px inset #808080)] [r=4 c=4 rs=1 cs=1]
                                              RenderText {#text} at (2,2) size 9x17
                                                text run at (2,2) width 9: "y"
                                      RenderBlock (anonymous) at (2,359) size 398x17
                                        RenderText {#text} at (0,0) size 5x17
                                          text run at (0,0) width 5: " "
                                    RenderTableCell {TD} at (456,203) size 23x21 [border: (1px inset #808080)] [r=1 c=3 rs=1 cs=1]
                                      RenderText {#text} at (2,2) size 10x17
                                        text run at (2,2) width 10: "9"
                                    RenderTableCell {TD} at (481,203) size 24x21 [border: (1px inset #808080)] [r=1 c=4 rs=1 cs=1]
                                      RenderText {#text} at (2,2) size 10x17
                                        text run at (2,2) width 10: "0"
                                  RenderTableRow {TR} at (0,405) size 507x21
                                    RenderTableCell {TD} at (2,405) size 23x21 [border: (1px inset #808080)] [r=2 c=0 rs=1 cs=1]
                                      RenderText {#text} at (2,2) size 10x17
                                        text run at (2,2) width 10: "a"
                                    RenderTableCell {TD} at (27,405) size 23x21 [border: (1px inset #808080)] [r=2 c=1 rs=1 cs=1]
                                      RenderText {#text} at (2,2) size 10x17
                                        text run at (2,2) width 10: "b"
                                    RenderTableCell {TD} at (52,405) size 402x21 [border: (1px inset #808080)] [r=2 c=2 rs=1 cs=1]
                                      RenderText {#text} at (2,2) size 9x17
                                        text run at (2,2) width 9: "c"
                                    RenderTableCell {TD} at (456,405) size 23x21 [border: (1px inset #808080)] [r=2 c=3 rs=1 cs=1]
                                      RenderText {#text} at (2,2) size 10x17
                                        text run at (2,2) width 10: "d"
                                    RenderTableCell {TD} at (481,405) size 24x21 [border: (1px inset #808080)] [r=2 c=4 rs=1 cs=1]
                                      RenderText {#text} at (2,2) size 10x17
                                        text run at (2,2) width 10: "e"
                                  RenderTableRow {TR} at (0,428) size 507x21
                                    RenderTableCell {TD} at (2,428) size 23x21 [border: (1px inset #808080)] [r=3 c=0 rs=1 cs=1]
                                      RenderText {#text} at (2,2) size 6x17
                                        text run at (2,2) width 6: "f"
                                    RenderTableCell {TD} at (27,428) size 23x21 [border: (1px inset #808080)] [r=3 c=1 rs=1 cs=1]
                                      RenderText {#text} at (2,2) size 10x17
                                        text run at (2,2) width 10: "g"
                                    RenderTableCell {TD} at (52,428) size 402x21 [border: (1px inset #808080)] [r=3 c=2 rs=1 cs=1]
                                      RenderText {#text} at (2,2) size 10x17
                                        text run at (2,2) width 10: "h"
                                    RenderTableCell {TD} at (456,428) size 23x21 [border: (1px inset #808080)] [r=3 c=3 rs=1 cs=1]
                                      RenderText {#text} at (2,2) size 4x17
                                        text run at (2,2) width 4: "i"
                                    RenderTableCell {TD} at (481,428) size 24x21 [border: (1px inset #808080)] [r=3 c=4 rs=1 cs=1]
                                      RenderText {#text} at (2,2) size 5x17
                                        text run at (2,2) width 5: "j"
                                  RenderTableRow {TR} at (0,451) size 507x21
                                    RenderTableCell {TD} at (2,451) size 23x21 [border: (1px inset #808080)] [r=4 c=0 rs=1 cs=1]
                                      RenderText {#text} at (2,2) size 9x17
                                        text run at (2,2) width 9: "k"
                                    RenderTableCell {TD} at (27,451) size 23x21 [border: (1px inset #808080)] [r=4 c=1 rs=1 cs=1]
                                      RenderText {#text} at (2,2) size 4x17
                                        text run at (2,2) width 4: "l"
                                    RenderTableCell {TD} at (52,451) size 402x21 [border: (1px inset #808080)] [r=4 c=2 rs=1 cs=1]
                                      RenderText {#text} at (2,2) size 16x17
                                        text run at (2,2) width 16: "m"
                                    RenderTableCell {TD} at (456,451) size 23x21 [border: (1px inset #808080)] [r=4 c=3 rs=1 cs=1]
                                      RenderText {#text} at (2,2) size 10x17
                                        text run at (2,2) width 10: "n"
                                    RenderTableCell {TD} at (481,451) size 24x21 [border: (1px inset #808080)] [r=4 c=4 rs=1 cs=1]
                                      RenderText {#text} at (2,2) size 10x17
                                        text run at (2,2) width 10: "o"
                              RenderBlock (anonymous) at (2,478) size 509x17
                                RenderText {#text} at (0,0) size 5x17
                                  text run at (0,0) width 5: " "
                            RenderTableCell {TD} at (541,240) size 23x21 [border: (1px inset #808080)] [r=0 c=2 rs=1 cs=1]
                              RenderText {#text} at (2,2) size 10x17
                                text run at (2,2) width 10: "3"
                          RenderTableRow {TR} at (0,501) size 566x21
                            RenderTableCell {TD} at (2,501) size 22x21 [border: (1px inset #808080)] [r=1 c=0 rs=1 cs=1]
                              RenderText {#text} at (2,2) size 10x17
                                text run at (2,2) width 10: "4"
                            RenderTableCell {TD} at (26,501) size 513x21 [border: (1px inset #808080)] [r=1 c=1 rs=1 cs=1]
                              RenderText {#text} at (2,2) size 10x17
                                text run at (2,2) width 10: "5"
                            RenderTableCell {TD} at (541,501) size 23x21 [border: (1px inset #808080)] [r=1 c=2 rs=1 cs=1]
                              RenderText {#text} at (2,2) size 10x17
                                text run at (2,2) width 10: "6"
                          RenderTableRow {TR} at (0,524) size 566x21
                            RenderTableCell {TD} at (2,524) size 22x21 [border: (1px inset #808080)] [r=2 c=0 rs=1 cs=1]
                              RenderText {#text} at (2,2) size 10x17
                                text run at (2,2) width 10: "7"
                            RenderTableCell {TD} at (26,524) size 513x21 [border: (1px inset #808080)] [r=2 c=1 rs=1 cs=1]
                              RenderText {#text} at (2,2) size 10x17
                                text run at (2,2) width 10: "8"
                            RenderTableCell {TD} at (541,524) size 23x21 [border: (1px inset #808080)] [r=2 c=2 rs=1 cs=1]
                              RenderText {#text} at (2,2) size 10x17
                                text run at (2,2) width 10: "9"
                      RenderBlock (anonymous) at (1,550) size 568x17
                        RenderText {#text} at (0,0) size 5x17
                          text run at (0,0) width 5: " "
                    RenderTableCell {TD} at (595,297) size 20x19 [r=1 c=2 rs=1 cs=1]
                      RenderText {#text} at (1,1) size 10x17
                        text run at (1,1) width 10: "6"
                  RenderTableRow {TR} at (0,593) size 617x19
                    RenderTableCell {TD} at (2,593) size 19x19 [r=2 c=0 rs=1 cs=1]
                      RenderText {#text} at (1,1) size 10x17
                        text run at (1,1) width 10: "7"
                    RenderTableCell {TD} at (23,593) size 570x19 [r=2 c=1 rs=1 cs=1]
                      RenderText {#text} at (1,1) size 10x17
                        text run at (1,1) width 10: "8"
                    RenderTableCell {TD} at (595,593) size 20x19 [r=2 c=2 rs=1 cs=1]
                      RenderText {#text} at (1,1) size 10x17
                        text run at (1,1) width 10: "9"
              RenderBlock (anonymous) at (2,616) size 617x17
                RenderText {#text} at (0,0) size 5x17
                  text run at (0,0) width 5: " "
            RenderTableCell {TD} at (625,355) size 76x21 [border: (1px inset #808080)] [r=2 c=1 rs=1 cs=1]
              RenderText {#text} at (2,2) size 10x17
                text run at (2,2) width 10: "8"
            RenderTableCell {TD} at (703,355) size 77x21 [border: (1px inset #808080)] [r=2 c=2 rs=1 cs=1]
              RenderText {#text} at (2,2) size 10x17
                text run at (2,2) width 10: "9"
