layer at (0,0) size 800x2676
  RenderView at (0,0) size 800x600
layer at (0,0) size 800x2676
  RenderBlock {HTML} at (0,0) size 800x2676
    RenderBody {BODY} at (8,8) size 784x2652 [bgcolor=#FFDEAD]
      RenderBlock {H1} at (0,0) size 784x66
        RenderInline {FONT} at (0,0) size 582x66 [color=#FF0000]
          RenderText {#text} at (0,0) size 391x33
            text run at (0,0) width 391: "Acceptance Test Case"
          RenderBR {BR} at (391,25) size 0x0
          RenderText {#text} at (0,33) size 582x33
            text run at (0,33) width 582: "Web Browser: Web View (HTML)"
      RenderBlock {P} at (0,87) size 784x25
        RenderInline {FONT} at (0,0) size 421x25 [color=#FF0000]
          RenderInline {B} at (0,0) size 421x25
            RenderText {#text} at (0,0) size 421x25
              text run at (0,0) width 421: "Table: <TH> & <TD> ROWSPAN"
        RenderText {#text} at (0,0) size 0x0
      RenderBlock {HR} at (0,128) size 784x2 [border: (1px inset #000000)]
      RenderBlock (anonymous) at (0,138) size 784x68
        RenderText {#text} at (0,0) size 356x17
          text run at (0,0) width 356: "This acceptance test case tests the optional "
        RenderInline {B} at (0,0) size 50x17
          RenderText {#text} at (356,0) size 50x17
            text run at (356,0) width 50: "<TH>"
        RenderText {#text} at (406,0) size 22x17
          text run at (406,0) width 22: " & "
        RenderInline {B} at (0,0) size 50x17
          RenderText {#text} at (428,0) size 50x17
            text run at (428,0) width 50: "<TD>"
        RenderText {#text} at (478,0) size 36x17
          text run at (478,0) width 36: " tag "
        RenderInline {B} at (0,0) size 92x17
          RenderText {#text} at (514,0) size 92x17
            text run at (514,0) width 92: "ROWSPAN"
        RenderText {#text} at (606,0) size 784x51
          text run at (606,0) width 135: " attribute which, "
          text run at (741,0) width 43: "when"
          text run at (0,17) width 761: "placed in a table header or data tag, specifies how many rows the table header or data cell will"
          text run at (0,34) width 83: "span. The "
        RenderInline {B} at (0,0) size 92x17
          RenderText {#text} at (83,34) size 92x17
            text run at (83,34) width 92: "ROWSPAN"
        RenderText {#text} at (175,34) size 739x34
          text run at (175,34) width 564: " attribute is set to an integer value equal the number of rows the table"
          text run at (0,51) width 208: "header or data cell spans."
      RenderBlock {P} at (0,222) size 784x17
        RenderInline {B} at (0,0) size 159x17
          RenderText {#text} at (0,0) size 159x17
            text run at (0,0) width 159: "Test Instructions:"
        RenderText {#text} at (0,0) size 0x0
      RenderBlock {OL} at (0,255) size 784x235
        RenderListItem {LI} at (40,0) size 744x17
          RenderListMarker at (-24,0) size 20x17: "1"
          RenderText {#text} at (0,0) size 640x17
            text run at (0,0) width 640: "Verify that the sample text displays as stated in each of the following test cases:"
        RenderBlock {P} at (40,33) size 744x101
          RenderTable {TABLE} at (0,0) size 696x101 [bgcolor=#F08080]
            RenderTableSection {TBODY} at (0,0) size 696x101
              RenderTableRow {TR} at (0,2) size 696x31
                RenderTableCell {TD} at (2,2) size 119x31 [r=0 c=0 rs=1 cs=1]
                  RenderInline {A} at (0,0) size 105x17 [color=#0000EE]
                    RenderText {#text} at (7,7) size 105x17
                      text run at (7,7) width 105: "Test Case #1"
                RenderTableCell {TD} at (123,2) size 571x31 [r=0 c=1 rs=1 cs=1]
                  RenderInline {FONT} at (0,0) size 422x17 [color=#0000FF]
                    RenderInline {B} at (0,0) size 422x17
                      RenderText {#text} at (7,7) size 422x17
                        text run at (7,7) width 422: "table with header cells spanning multiple rows"
              RenderTableRow {TR} at (0,35) size 696x31
                RenderTableCell {TD} at (2,35) size 119x31 [r=1 c=0 rs=1 cs=1]
                  RenderInline {A} at (0,0) size 105x17 [color=#0000EE]
                    RenderText {#text} at (7,7) size 105x17
                      text run at (7,7) width 105: "Test Case #2"
                RenderTableCell {TD} at (123,35) size 571x31 [r=1 c=1 rs=1 cs=1]
                  RenderInline {FONT} at (0,0) size 400x17 [color=#0000FF]
                    RenderInline {B} at (0,0) size 400x17
                      RenderText {#text} at (7,7) size 400x17
                        text run at (7,7) width 400: "table with data cells spanning multiple rows"
              RenderTableRow {TR} at (0,68) size 696x31
                RenderTableCell {TD} at (2,68) size 119x31 [r=2 c=0 rs=1 cs=1]
                  RenderInline {A} at (0,0) size 105x17 [color=#0000EE]
                    RenderText {#text} at (7,7) size 105x17
                      text run at (7,7) width 105: "Test Case #3"
                RenderTableCell {TD} at (123,68) size 571x31 [r=2 c=1 rs=1 cs=1]
                  RenderInline {FONT} at (0,0) size 557x17 [color=#0000FF]
                    RenderInline {B} at (0,0) size 557x17
                      RenderText {#text} at (7,7) size 557x17
                        text run at (7,7) width 557: "table with nested header & data cells spanning multiple rows"
        RenderBlock {P} at (40,150) size 744x0
        RenderListItem {LI} at (40,150) size 744x17
          RenderListMarker at (-24,0) size 20x17: "2"
          RenderText {#text} at (0,0) size 358x17
            text run at (0,0) width 358: "Verify that the table is maintained when you "
          RenderInline {B} at (0,0) size 171x17
            RenderText {#text} at (358,0) size 171x17
              text run at (358,0) width 171: "minimize/maximize"
          RenderText {#text} at (529,0) size 95x17
            text run at (529,0) width 95: " the screen."
        RenderListItem {LI} at (40,167) size 744x17
          RenderListMarker at (-24,0) size 20x17: "3"
          RenderText {#text} at (0,0) size 358x17
            text run at (0,0) width 358: "Verify that the table is maintained when you "
          RenderInline {B} at (0,0) size 167x17
            RenderText {#text} at (358,0) size 167x17
              text run at (358,0) width 167: "re-size left & right"
          RenderText {#text} at (525,0) size 95x17
            text run at (525,0) width 95: " the screen."
        RenderListItem {LI} at (40,184) size 744x17
          RenderListMarker at (-24,0) size 20x17: "4"
          RenderText {#text} at (0,0) size 358x17
            text run at (0,0) width 358: "Verify that the table is maintained when you "
          RenderInline {B} at (0,0) size 189x17
            RenderText {#text} at (358,0) size 189x17
              text run at (358,0) width 189: "re-size top & bottom"
          RenderText {#text} at (547,0) size 95x17
            text run at (547,0) width 95: " the screen."
        RenderListItem {LI} at (40,201) size 744x17
          RenderListMarker at (-24,0) size 20x17: "5"
          RenderText {#text} at (0,0) size 521x17
            text run at (0,0) width 521: "Verify re-draw takes place correctly after maximizing the screen."
        RenderListItem {LI} at (40,218) size 744x17
          RenderListMarker at (-24,0) size 20x17: "6"
          RenderText {#text} at (0,0) size 159x17
            text run at (0,0) width 159: "Verify reload works."
      RenderBlock {HR} at (0,506) size 784x2 [border: (1px inset #000000)]
      RenderBlock {P} at (0,524) size 784x59
        RenderTable {TABLE} at (0,0) size 666x59 [bgcolor=#F08080] [border: (1px outset #808080)]
          RenderTableSection {TBODY} at (1,1) size 664x57
            RenderTableRow {TR} at (0,2) size 664x53
              RenderTableCell {TH} at (2,2) size 660x53 [border: (1px inset #808080)] [r=0 c=0 rs=1 cs=1]
                RenderInline {A} at (0,0) size 0x0
                RenderText {#text} at (11,11) size 131x17
                  text run at (11,11) width 131: "Test Case #1: "
                RenderInline {FONT} at (0,0) size 422x17 [color=#0000FF]
                  RenderText {#text} at (142,11) size 422x17
                    text run at (142,11) width 422: "table with header cells spanning multiple rows"
                RenderText {#text} at (564,11) size 6x17
                  text run at (564,11) width 6: " "
                RenderInline {FONT} at (0,0) size 605x28
                  RenderInline {I} at (0,0) size 605x28
                    RenderText {#text} at (570,14) size 605x28
                      text run at (570,14) width 46: "(using"
                      text run at (11,28) width 279: "&ltTH ROWSPAN=integer value> tag)"
                RenderText {#text} at (0,0) size 0x0
      RenderBlock {P} at (0,599) size 784x147
        RenderBlock (anonymous) at (0,0) size 784x17
          RenderBR {BR} at (0,0) size 0x17
        RenderTable {TABLE} at (0,17) size 705x130 [bgcolor=#FFD700] [border: (1px outset #808080)]
          RenderTableSection {TBODY} at (1,1) size 703x128
            RenderTableRow {TR} at (0,2) size 703x124
              RenderTableCell {TD} at (2,2) size 699x124 [border: (1px inset #808080)] [r=0 c=0 rs=1 cs=1]
                RenderInline {FONT} at (0,0) size 677x102 [color=#FF0000]
                  RenderInline {B} at (0,0) size 677x102
                    RenderText {#text} at (11,11) size 490x17
                      text run at (11,11) width 490: "In the following sample table you should see that the "
                    RenderInline {FONT} at (0,0) size 92x17 [color=#0000FF]
                      RenderText {#text} at (501,11) size 92x17
                        text run at (501,11) width 92: "ROWSPAN"
                    RenderText {#text} at (593,11) size 669x34
                      text run at (593,11) width 6: " "
                      text run at (599,11) width 81: "attribute"
                      text run at (11,28) width 524: "applies an integer value equal to the number of rows the "
                    RenderInline {FONT} at (0,0) size 72x17 [color=#0000FF]
                      RenderText {#text} at (535,28) size 72x17
                        text run at (535,28) width 72: "HEADER"
                    RenderText {#text} at (607,28) size 677x85
                      text run at (607,28) width 57: " cell is"
                      text run at (11,45) width 123: "to span. This "
                      text run at (134,45) width 532: "tells the browser to make the table header cell occupy the"
                      text run at (11,62) width 623: "same vertical space as the integer number of cells specified in rows "
                      text run at (634,62) width 54: "above"
                      text run at (11,79) width 672: "or below it. The browser flows the contents of the spanning cell to occupy"
                      text run at (11,96) width 236: "the entire spanned space."
                RenderInline {B} at (0,0) size 0x0
      RenderBlock {P} at (0,762) size 784x34
        RenderBR {BR} at (0,0) size 0x17
        RenderBR {BR} at (0,17) size 0x17
      RenderBlock {UL} at (0,812) size 784x421
        RenderTable {TABLE} at (40,0) size 483x421 [border: (1px outset #808080)]
          RenderBlock {CAPTION} at (0,0) size 481x17
            RenderText {#text} at (65,0) size 48x17
              text run at (65,0) width 48: "Table "
            RenderInline {B} at (0,0) size 114x17
              RenderText {#text} at (113,0) size 114x17
                text run at (113,0) width 114: "Header Cells"
            RenderText {#text} at (227,0) size 189x17
              text run at (227,0) width 189: " spanning multiple rows"
          RenderTableSection {TBODY} at (1,18) size 481x402
            RenderTableRow {TR} at (0,2) size 481x38
              RenderTableCell {TH} at (2,13) size 111x55 [bgcolor=#FFE4C4] [border: (1px inset #808080)] [r=0 c=0 rs=2 cs=1]
                RenderText {#text} at (14,2) size 82x17
                  text run at (14,2) width 82: "Header 1"
                RenderBR {BR} at (96,15) size 0x0
                RenderText {#text} at (22,19) size 67x34
                  text run at (22,19) width 67: "span=2"
                  text run at (33,36) width 44: "rows"
              RenderTableCell {TD} at (115,2) size 38x38 [bgcolor=#EE82EE] [border: (1px inset #808080)] [r=0 c=1 rs=1 cs=1]
                RenderText {#text} at (2,2) size 23x34
                  text run at (2,2) width 23: "col"
                  text run at (2,19) width 10: "1"
              RenderTableCell {TD} at (155,2) size 38x38 [bgcolor=#EE82EE] [border: (1px inset #808080)] [r=0 c=2 rs=1 cs=1]
                RenderText {#text} at (2,2) size 23x34
                  text run at (2,2) width 23: "col"
                  text run at (2,19) width 10: "2"
              RenderTableCell {TD} at (195,2) size 38x38 [bgcolor=#EE82EE] [border: (1px inset #808080)] [r=0 c=3 rs=1 cs=1]
                RenderText {#text} at (2,2) size 23x34
                  text run at (2,2) width 23: "col"
                  text run at (2,19) width 10: "3"
              RenderTableCell {TD} at (235,2) size 39x38 [bgcolor=#EE82EE] [border: (1px inset #808080)] [r=0 c=4 rs=1 cs=1]
                RenderText {#text} at (2,2) size 23x34
                  text run at (2,2) width 23: "col"
                  text run at (2,19) width 10: "4"
              RenderTableCell {TD} at (276,2) size 39x38 [bgcolor=#EE82EE] [border: (1px inset #808080)] [r=0 c=5 rs=1 cs=1]
                RenderText {#text} at (2,2) size 23x34
                  text run at (2,2) width 23: "col"
                  text run at (2,19) width 10: "5"
              RenderTableCell {TD} at (317,2) size 39x38 [bgcolor=#EE82EE] [border: (1px inset #808080)] [r=0 c=6 rs=1 cs=1]
                RenderText {#text} at (2,2) size 23x34
                  text run at (2,2) width 23: "col"
                  text run at (2,19) width 10: "6"
              RenderTableCell {TD} at (358,2) size 39x38 [bgcolor=#EE82EE] [border: (1px inset #808080)] [r=0 c=7 rs=1 cs=1]
                RenderText {#text} at (2,2) size 23x34
                  text run at (2,2) width 23: "col"
                  text run at (2,19) width 10: "7"
              RenderTableCell {TD} at (399,2) size 39x38 [bgcolor=#EE82EE] [border: (1px inset #808080)] [r=0 c=8 rs=1 cs=1]
                RenderText {#text} at (2,2) size 23x34
                  text run at (2,2) width 23: "col"
                  text run at (2,19) width 10: "8"
              RenderTableCell {TD} at (440,2) size 39x38 [bgcolor=#EE82EE] [border: (1px inset #808080)] [r=0 c=9 rs=1 cs=1]
                RenderText {#text} at (2,2) size 23x34
                  text run at (2,2) width 23: "col"
                  text run at (2,19) width 10: "9"
            RenderTableRow {TR} at (0,42) size 481x38
              RenderTableCell {TD} at (115,42) size 38x38 [bgcolor=#EE82EE] [border: (1px inset #808080)] [r=1 c=1 rs=1 cs=1]
                RenderText {#text} at (2,2) size 23x34
                  text run at (2,2) width 23: "col"
                  text run at (2,19) width 10: "1"
              RenderTableCell {TD} at (155,42) size 38x38 [bgcolor=#EE82EE] [border: (1px inset #808080)] [r=1 c=2 rs=1 cs=1]
                RenderText {#text} at (2,2) size 23x34
                  text run at (2,2) width 23: "col"
                  text run at (2,19) width 10: "2"
              RenderTableCell {TD} at (195,42) size 38x38 [bgcolor=#EE82EE] [border: (1px inset #808080)] [r=1 c=3 rs=1 cs=1]
                RenderText {#text} at (2,2) size 23x34
                  text run at (2,2) width 23: "col"
                  text run at (2,19) width 10: "3"
              RenderTableCell {TD} at (235,42) size 39x38 [bgcolor=#EE82EE] [border: (1px inset #808080)] [r=1 c=4 rs=1 cs=1]
                RenderText {#text} at (2,2) size 23x34
                  text run at (2,2) width 23: "col"
                  text run at (2,19) width 10: "4"
              RenderTableCell {TD} at (276,42) size 39x38 [bgcolor=#EE82EE] [border: (1px inset #808080)] [r=1 c=5 rs=1 cs=1]
                RenderText {#text} at (2,2) size 23x34
                  text run at (2,2) width 23: "col"
                  text run at (2,19) width 10: "5"
              RenderTableCell {TD} at (317,42) size 39x38 [bgcolor=#EE82EE] [border: (1px inset #808080)] [r=1 c=6 rs=1 cs=1]
                RenderText {#text} at (2,2) size 23x34
                  text run at (2,2) width 23: "col"
                  text run at (2,19) width 10: "6"
              RenderTableCell {TD} at (358,42) size 39x38 [bgcolor=#EE82EE] [border: (1px inset #808080)] [r=1 c=7 rs=1 cs=1]
                RenderText {#text} at (2,2) size 23x34
                  text run at (2,2) width 23: "col"
                  text run at (2,19) width 10: "7"
              RenderTableCell {TD} at (399,42) size 39x38 [bgcolor=#EE82EE] [border: (1px inset #808080)] [r=1 c=8 rs=1 cs=1]
                RenderText {#text} at (2,2) size 23x34
                  text run at (2,2) width 23: "col"
                  text run at (2,19) width 10: "8"
              RenderTableCell {TD} at (440,42) size 39x38 [bgcolor=#EE82EE] [border: (1px inset #808080)] [r=1 c=9 rs=1 cs=1]
                RenderText {#text} at (2,2) size 23x34
                  text run at (2,2) width 23: "col"
                  text run at (2,19) width 10: "9"
            RenderTableRow {TR} at (0,82) size 481x38
              RenderTableCell {TH} at (2,153) size 111x55 [bgcolor=#FFE4C4] [border: (1px inset #808080)] [r=2 c=0 rs=5 cs=1]
                RenderText {#text} at (14,2) size 82x17
                  text run at (14,2) width 82: "Header 2"
                RenderBR {BR} at (96,15) size 0x0
                RenderText {#text} at (22,19) size 67x34
                  text run at (22,19) width 67: "span=5"
                  text run at (33,36) width 44: "rows"
              RenderTableCell {TD} at (115,82) size 38x38 [bgcolor=#90EE90] [border: (1px inset #808080)] [r=2 c=1 rs=1 cs=1]
                RenderText {#text} at (2,2) size 23x34
                  text run at (2,2) width 23: "col"
                  text run at (2,19) width 10: "1"
              RenderTableCell {TD} at (155,82) size 38x38 [bgcolor=#90EE90] [border: (1px inset #808080)] [r=2 c=2 rs=1 cs=1]
                RenderText {#text} at (2,2) size 23x34
                  text run at (2,2) width 23: "col"
                  text run at (2,19) width 10: "2"
              RenderTableCell {TD} at (195,82) size 38x38 [bgcolor=#90EE90] [border: (1px inset #808080)] [r=2 c=3 rs=1 cs=1]
                RenderText {#text} at (2,2) size 23x34
                  text run at (2,2) width 23: "col"
                  text run at (2,19) width 10: "3"
              RenderTableCell {TD} at (235,82) size 39x38 [bgcolor=#90EE90] [border: (1px inset #808080)] [r=2 c=4 rs=1 cs=1]
                RenderText {#text} at (2,2) size 23x34
                  text run at (2,2) width 23: "col"
                  text run at (2,19) width 10: "4"
              RenderTableCell {TD} at (276,82) size 39x38 [bgcolor=#90EE90] [border: (1px inset #808080)] [r=2 c=5 rs=1 cs=1]
                RenderText {#text} at (2,2) size 23x34
                  text run at (2,2) width 23: "col"
                  text run at (2,19) width 10: "5"
              RenderTableCell {TD} at (317,82) size 39x38 [bgcolor=#90EE90] [border: (1px inset #808080)] [r=2 c=6 rs=1 cs=1]
                RenderText {#text} at (2,2) size 23x34
                  text run at (2,2) width 23: "col"
                  text run at (2,19) width 10: "6"
              RenderTableCell {TD} at (358,82) size 39x38 [bgcolor=#90EE90] [border: (1px inset #808080)] [r=2 c=7 rs=1 cs=1]
                RenderText {#text} at (2,2) size 23x34
                  text run at (2,2) width 23: "col"
                  text run at (2,19) width 10: "7"
              RenderTableCell {TD} at (399,82) size 39x38 [bgcolor=#90EE90] [border: (1px inset #808080)] [r=2 c=8 rs=1 cs=1]
                RenderText {#text} at (2,2) size 23x34
                  text run at (2,2) width 23: "col"
                  text run at (2,19) width 10: "8"
              RenderTableCell {TD} at (440,82) size 39x38 [bgcolor=#90EE90] [border: (1px inset #808080)] [r=2 c=9 rs=1 cs=1]
                RenderText {#text} at (2,2) size 23x34
                  text run at (2,2) width 23: "col"
                  text run at (2,19) width 10: "9"
            RenderTableRow {TR} at (0,122) size 481x38
              RenderTableCell {TD} at (115,122) size 38x38 [bgcolor=#90EE90] [border: (1px inset #808080)] [r=3 c=1 rs=1 cs=1]
                RenderText {#text} at (2,2) size 23x34
                  text run at (2,2) width 23: "col"
                  text run at (2,19) width 10: "1"
              RenderTableCell {TD} at (155,122) size 38x38 [bgcolor=#90EE90] [border: (1px inset #808080)] [r=3 c=2 rs=1 cs=1]
                RenderText {#text} at (2,2) size 23x34
                  text run at (2,2) width 23: "col"
                  text run at (2,19) width 10: "2"
              RenderTableCell {TD} at (195,122) size 38x38 [bgcolor=#90EE90] [border: (1px inset #808080)] [r=3 c=3 rs=1 cs=1]
                RenderText {#text} at (2,2) size 23x34
                  text run at (2,2) width 23: "col"
                  text run at (2,19) width 10: "3"
              RenderTableCell {TD} at (235,122) size 39x38 [bgcolor=#90EE90] [border: (1px inset #808080)] [r=3 c=4 rs=1 cs=1]
                RenderText {#text} at (2,2) size 23x34
                  text run at (2,2) width 23: "col"
                  text run at (2,19) width 10: "4"
              RenderTableCell {TD} at (276,122) size 39x38 [bgcolor=#90EE90] [border: (1px inset #808080)] [r=3 c=5 rs=1 cs=1]
                RenderText {#text} at (2,2) size 23x34
                  text run at (2,2) width 23: "col"
                  text run at (2,19) width 10: "5"
              RenderTableCell {TD} at (317,122) size 39x38 [bgcolor=#90EE90] [border: (1px inset #808080)] [r=3 c=6 rs=1 cs=1]
                RenderText {#text} at (2,2) size 23x34
                  text run at (2,2) width 23: "col"
                  text run at (2,19) width 10: "6"
              RenderTableCell {TD} at (358,122) size 39x38 [bgcolor=#90EE90] [border: (1px inset #808080)] [r=3 c=7 rs=1 cs=1]
                RenderText {#text} at (2,2) size 23x34
                  text run at (2,2) width 23: "col"
                  text run at (2,19) width 10: "7"
              RenderTableCell {TD} at (399,122) size 39x38 [bgcolor=#90EE90] [border: (1px inset #808080)] [r=3 c=8 rs=1 cs=1]
                RenderText {#text} at (2,2) size 23x34
                  text run at (2,2) width 23: "col"
                  text run at (2,19) width 10: "8"
              RenderTableCell {TD} at (440,122) size 39x38 [bgcolor=#90EE90] [border: (1px inset #808080)] [r=3 c=9 rs=1 cs=1]
                RenderText {#text} at (2,2) size 23x34
                  text run at (2,2) width 23: "col"
                  text run at (2,19) width 10: "9"
            RenderTableRow {TR} at (0,162) size 481x38 [bgcolor=#FFE4C4]
              RenderTableCell {TD} at (115,162) size 38x38 [bgcolor=#90EE90] [border: (1px inset #808080)] [r=4 c=1 rs=1 cs=1]
                RenderText {#text} at (2,2) size 23x34
                  text run at (2,2) width 23: "col"
                  text run at (2,19) width 10: "1"
              RenderTableCell {TD} at (155,162) size 38x38 [bgcolor=#90EE90] [border: (1px inset #808080)] [r=4 c=2 rs=1 cs=1]
                RenderText {#text} at (2,2) size 23x34
                  text run at (2,2) width 23: "col"
                  text run at (2,19) width 10: "2"
              RenderTableCell {TD} at (195,162) size 38x38 [bgcolor=#90EE90] [border: (1px inset #808080)] [r=4 c=3 rs=1 cs=1]
                RenderText {#text} at (2,2) size 23x34
                  text run at (2,2) width 23: "col"
                  text run at (2,19) width 10: "3"
              RenderTableCell {TD} at (235,162) size 39x38 [bgcolor=#90EE90] [border: (1px inset #808080)] [r=4 c=4 rs=1 cs=1]
                RenderText {#text} at (2,2) size 23x34
                  text run at (2,2) width 23: "col"
                  text run at (2,19) width 10: "4"
              RenderTableCell {TD} at (276,162) size 39x38 [bgcolor=#90EE90] [border: (1px inset #808080)] [r=4 c=5 rs=1 cs=1]
                RenderText {#text} at (2,2) size 23x34
                  text run at (2,2) width 23: "col"
                  text run at (2,19) width 10: "5"
              RenderTableCell {TD} at (317,162) size 39x38 [bgcolor=#90EE90] [border: (1px inset #808080)] [r=4 c=6 rs=1 cs=1]
                RenderText {#text} at (2,2) size 23x34
                  text run at (2,2) width 23: "col"
                  text run at (2,19) width 10: "6"
              RenderTableCell {TD} at (358,162) size 39x38 [bgcolor=#90EE90] [border: (1px inset #808080)] [r=4 c=7 rs=1 cs=1]
                RenderText {#text} at (2,2) size 23x34
                  text run at (2,2) width 23: "col"
                  text run at (2,19) width 10: "7"
              RenderTableCell {TD} at (399,162) size 39x38 [bgcolor=#90EE90] [border: (1px inset #808080)] [r=4 c=8 rs=1 cs=1]
                RenderText {#text} at (2,2) size 23x34
                  text run at (2,2) width 23: "col"
                  text run at (2,19) width 10: "8"
              RenderTableCell {TD} at (440,162) size 39x38 [bgcolor=#90EE90] [border: (1px inset #808080)] [r=4 c=9 rs=1 cs=1]
                RenderText {#text} at (2,2) size 23x34
                  text run at (2,2) width 23: "col"
                  text run at (2,19) width 10: "9"
            RenderTableRow {TR} at (0,202) size 481x38
              RenderTableCell {TD} at (115,202) size 38x38 [bgcolor=#90EE90] [border: (1px inset #808080)] [r=5 c=1 rs=1 cs=1]
                RenderText {#text} at (2,2) size 23x34
                  text run at (2,2) width 23: "col"
                  text run at (2,19) width 10: "1"
              RenderTableCell {TD} at (155,202) size 38x38 [bgcolor=#90EE90] [border: (1px inset #808080)] [r=5 c=2 rs=1 cs=1]
                RenderText {#text} at (2,2) size 23x34
                  text run at (2,2) width 23: "col"
                  text run at (2,19) width 10: "2"
              RenderTableCell {TD} at (195,202) size 38x38 [bgcolor=#90EE90] [border: (1px inset #808080)] [r=5 c=3 rs=1 cs=1]
                RenderText {#text} at (2,2) size 23x34
                  text run at (2,2) width 23: "col"
                  text run at (2,19) width 10: "3"
              RenderTableCell {TD} at (235,202) size 39x38 [bgcolor=#90EE90] [border: (1px inset #808080)] [r=5 c=4 rs=1 cs=1]
                RenderText {#text} at (2,2) size 23x34
                  text run at (2,2) width 23: "col"
                  text run at (2,19) width 10: "4"
              RenderTableCell {TD} at (276,202) size 39x38 [bgcolor=#90EE90] [border: (1px inset #808080)] [r=5 c=5 rs=1 cs=1]
                RenderText {#text} at (2,2) size 23x34
                  text run at (2,2) width 23: "col"
                  text run at (2,19) width 10: "5"
              RenderTableCell {TD} at (317,202) size 39x38 [bgcolor=#90EE90] [border: (1px inset #808080)] [r=5 c=6 rs=1 cs=1]
                RenderText {#text} at (2,2) size 23x34
                  text run at (2,2) width 23: "col"
                  text run at (2,19) width 10: "6"
              RenderTableCell {TD} at (358,202) size 39x38 [bgcolor=#90EE90] [border: (1px inset #808080)] [r=5 c=7 rs=1 cs=1]
                RenderText {#text} at (2,2) size 23x34
                  text run at (2,2) width 23: "col"
                  text run at (2,19) width 10: "7"
              RenderTableCell {TD} at (399,202) size 39x38 [bgcolor=#90EE90] [border: (1px inset #808080)] [r=5 c=8 rs=1 cs=1]
                RenderText {#text} at (2,2) size 23x34
                  text run at (2,2) width 23: "col"
                  text run at (2,19) width 10: "8"
              RenderTableCell {TD} at (440,202) size 39x38 [bgcolor=#90EE90] [border: (1px inset #808080)] [r=5 c=9 rs=1 cs=1]
                RenderText {#text} at (2,2) size 23x34
                  text run at (2,2) width 23: "col"
                  text run at (2,19) width 10: "9"
            RenderTableRow {TR} at (0,242) size 481x38
              RenderTableCell {TD} at (115,242) size 38x38 [bgcolor=#90EE90] [border: (1px inset #808080)] [r=6 c=1 rs=1 cs=1]
                RenderText {#text} at (2,2) size 23x34
                  text run at (2,2) width 23: "col"
                  text run at (2,19) width 10: "1"
              RenderTableCell {TD} at (155,242) size 38x38 [bgcolor=#90EE90] [border: (1px inset #808080)] [r=6 c=2 rs=1 cs=1]
                RenderText {#text} at (2,2) size 23x34
                  text run at (2,2) width 23: "col"
                  text run at (2,19) width 10: "2"
              RenderTableCell {TD} at (195,242) size 38x38 [bgcolor=#90EE90] [border: (1px inset #808080)] [r=6 c=3 rs=1 cs=1]
                RenderText {#text} at (2,2) size 23x34
                  text run at (2,2) width 23: "col"
                  text run at (2,19) width 10: "3"
              RenderTableCell {TD} at (235,242) size 39x38 [bgcolor=#90EE90] [border: (1px inset #808080)] [r=6 c=4 rs=1 cs=1]
                RenderText {#text} at (2,2) size 23x34
                  text run at (2,2) width 23: "col"
                  text run at (2,19) width 10: "4"
              RenderTableCell {TD} at (276,242) size 39x38 [bgcolor=#90EE90] [border: (1px inset #808080)] [r=6 c=5 rs=1 cs=1]
                RenderText {#text} at (2,2) size 23x34
                  text run at (2,2) width 23: "col"
                  text run at (2,19) width 10: "5"
              RenderTableCell {TD} at (317,242) size 39x38 [bgcolor=#90EE90] [border: (1px inset #808080)] [r=6 c=6 rs=1 cs=1]
                RenderText {#text} at (2,2) size 23x34
                  text run at (2,2) width 23: "col"
                  text run at (2,19) width 10: "6"
              RenderTableCell {TD} at (358,242) size 39x38 [bgcolor=#90EE90] [border: (1px inset #808080)] [r=6 c=7 rs=1 cs=1]
                RenderText {#text} at (2,2) size 23x34
                  text run at (2,2) width 23: "col"
                  text run at (2,19) width 10: "7"
              RenderTableCell {TD} at (399,242) size 39x38 [bgcolor=#90EE90] [border: (1px inset #808080)] [r=6 c=8 rs=1 cs=1]
                RenderText {#text} at (2,2) size 23x34
                  text run at (2,2) width 23: "col"
                  text run at (2,19) width 10: "8"
              RenderTableCell {TD} at (440,242) size 39x38 [bgcolor=#90EE90] [border: (1px inset #808080)] [r=6 c=9 rs=1 cs=1]
                RenderText {#text} at (2,2) size 23x34
                  text run at (2,2) width 23: "col"
                  text run at (2,19) width 10: "9"
            RenderTableRow {TR} at (0,282) size 481x38
              RenderTableCell {TH} at (2,313) size 111x55 [bgcolor=#FFE4C4] [border: (1px inset #808080)] [r=7 c=0 rs=3 cs=1]
                RenderText {#text} at (14,2) size 82x17
                  text run at (14,2) width 82: "Header 3"
                RenderBR {BR} at (96,15) size 0x0
                RenderText {#text} at (22,19) size 67x34
                  text run at (22,19) width 67: "span=3"
                  text run at (33,36) width 44: "rows"
              RenderTableCell {TD} at (115,282) size 38x38 [bgcolor=#ADD8E6] [border: (1px inset #808080)] [r=7 c=1 rs=1 cs=1]
                RenderText {#text} at (2,2) size 23x34
                  text run at (2,2) width 23: "col"
                  text run at (2,19) width 10: "1"
              RenderTableCell {TD} at (155,282) size 38x38 [bgcolor=#ADD8E6] [border: (1px inset #808080)] [r=7 c=2 rs=1 cs=1]
                RenderText {#text} at (2,2) size 23x34
                  text run at (2,2) width 23: "col"
                  text run at (2,19) width 10: "2"
              RenderTableCell {TD} at (195,282) size 38x38 [bgcolor=#ADD8E6] [border: (1px inset #808080)] [r=7 c=3 rs=1 cs=1]
                RenderText {#text} at (2,2) size 23x34
                  text run at (2,2) width 23: "col"
                  text run at (2,19) width 10: "3"
              RenderTableCell {TD} at (235,282) size 39x38 [bgcolor=#ADD8E6] [border: (1px inset #808080)] [r=7 c=4 rs=1 cs=1]
                RenderText {#text} at (2,2) size 23x34
                  text run at (2,2) width 23: "col"
                  text run at (2,19) width 10: "4"
              RenderTableCell {TD} at (276,282) size 39x38 [bgcolor=#ADD8E6] [border: (1px inset #808080)] [r=7 c=5 rs=1 cs=1]
                RenderText {#text} at (2,2) size 23x34
                  text run at (2,2) width 23: "col"
                  text run at (2,19) width 10: "5"
              RenderTableCell {TD} at (317,282) size 39x38 [bgcolor=#ADD8E6] [border: (1px inset #808080)] [r=7 c=6 rs=1 cs=1]
                RenderText {#text} at (2,2) size 23x34
                  text run at (2,2) width 23: "col"
                  text run at (2,19) width 10: "6"
              RenderTableCell {TD} at (358,282) size 39x38 [bgcolor=#ADD8E6] [border: (1px inset #808080)] [r=7 c=7 rs=1 cs=1]
                RenderText {#text} at (2,2) size 23x34
                  text run at (2,2) width 23: "col"
                  text run at (2,19) width 10: "7"
              RenderTableCell {TD} at (399,282) size 39x38 [bgcolor=#ADD8E6] [border: (1px inset #808080)] [r=7 c=8 rs=1 cs=1]
                RenderText {#text} at (2,2) size 23x34
                  text run at (2,2) width 23: "col"
                  text run at (2,19) width 10: "8"
              RenderTableCell {TD} at (440,282) size 39x38 [bgcolor=#ADD8E6] [border: (1px inset #808080)] [r=7 c=9 rs=1 cs=1]
                RenderText {#text} at (2,2) size 23x34
                  text run at (2,2) width 23: "col"
                  text run at (2,19) width 10: "9"
            RenderTableRow {TR} at (0,322) size 481x38
              RenderTableCell {TD} at (115,322) size 38x38 [bgcolor=#ADD8E6] [border: (1px inset #808080)] [r=8 c=1 rs=1 cs=1]
                RenderText {#text} at (2,2) size 23x34
                  text run at (2,2) width 23: "col"
                  text run at (2,19) width 10: "1"
              RenderTableCell {TD} at (155,322) size 38x38 [bgcolor=#ADD8E6] [border: (1px inset #808080)] [r=8 c=2 rs=1 cs=1]
                RenderText {#text} at (2,2) size 23x34
                  text run at (2,2) width 23: "col"
                  text run at (2,19) width 10: "2"
              RenderTableCell {TD} at (195,322) size 38x38 [bgcolor=#ADD8E6] [border: (1px inset #808080)] [r=8 c=3 rs=1 cs=1]
                RenderText {#text} at (2,2) size 23x34
                  text run at (2,2) width 23: "col"
                  text run at (2,19) width 10: "3"
              RenderTableCell {TD} at (235,322) size 39x38 [bgcolor=#ADD8E6] [border: (1px inset #808080)] [r=8 c=4 rs=1 cs=1]
                RenderText {#text} at (2,2) size 23x34
                  text run at (2,2) width 23: "col"
                  text run at (2,19) width 10: "4"
              RenderTableCell {TD} at (276,322) size 39x38 [bgcolor=#ADD8E6] [border: (1px inset #808080)] [r=8 c=5 rs=1 cs=1]
                RenderText {#text} at (2,2) size 23x34
                  text run at (2,2) width 23: "col"
                  text run at (2,19) width 10: "5"
              RenderTableCell {TD} at (317,322) size 39x38 [bgcolor=#ADD8E6] [border: (1px inset #808080)] [r=8 c=6 rs=1 cs=1]
                RenderText {#text} at (2,2) size 23x34
                  text run at (2,2) width 23: "col"
                  text run at (2,19) width 10: "6"
              RenderTableCell {TD} at (358,322) size 39x38 [bgcolor=#ADD8E6] [border: (1px inset #808080)] [r=8 c=7 rs=1 cs=1]
                RenderText {#text} at (2,2) size 23x34
                  text run at (2,2) width 23: "col"
                  text run at (2,19) width 10: "7"
              RenderTableCell {TD} at (399,322) size 39x38 [bgcolor=#ADD8E6] [border: (1px inset #808080)] [r=8 c=8 rs=1 cs=1]
                RenderText {#text} at (2,2) size 23x34
                  text run at (2,2) width 23: "col"
                  text run at (2,19) width 10: "8"
              RenderTableCell {TD} at (440,322) size 39x38 [bgcolor=#ADD8E6] [border: (1px inset #808080)] [r=8 c=9 rs=1 cs=1]
                RenderText {#text} at (2,2) size 23x34
                  text run at (2,2) width 23: "col"
                  text run at (2,19) width 10: "9"
            RenderTableRow {TR} at (0,362) size 481x38
              RenderTableCell {TD} at (115,362) size 38x38 [bgcolor=#ADD8E6] [border: (1px inset #808080)] [r=9 c=1 rs=1 cs=1]
                RenderText {#text} at (2,2) size 23x34
                  text run at (2,2) width 23: "col"
                  text run at (2,19) width 10: "1"
              RenderTableCell {TD} at (155,362) size 38x38 [bgcolor=#ADD8E6] [border: (1px inset #808080)] [r=9 c=2 rs=1 cs=1]
                RenderText {#text} at (2,2) size 23x34
                  text run at (2,2) width 23: "col"
                  text run at (2,19) width 10: "2"
              RenderTableCell {TD} at (195,362) size 38x38 [bgcolor=#ADD8E6] [border: (1px inset #808080)] [r=9 c=3 rs=1 cs=1]
                RenderText {#text} at (2,2) size 23x34
                  text run at (2,2) width 23: "col"
                  text run at (2,19) width 10: "3"
              RenderTableCell {TD} at (235,362) size 39x38 [bgcolor=#ADD8E6] [border: (1px inset #808080)] [r=9 c=4 rs=1 cs=1]
                RenderText {#text} at (2,2) size 23x34
                  text run at (2,2) width 23: "col"
                  text run at (2,19) width 10: "4"
              RenderTableCell {TD} at (276,362) size 39x38 [bgcolor=#ADD8E6] [border: (1px inset #808080)] [r=9 c=5 rs=1 cs=1]
                RenderText {#text} at (2,2) size 23x34
                  text run at (2,2) width 23: "col"
                  text run at (2,19) width 10: "5"
              RenderTableCell {TD} at (317,362) size 39x38 [bgcolor=#ADD8E6] [border: (1px inset #808080)] [r=9 c=6 rs=1 cs=1]
                RenderText {#text} at (2,2) size 23x34
                  text run at (2,2) width 23: "col"
                  text run at (2,19) width 10: "6"
              RenderTableCell {TD} at (358,362) size 39x38 [bgcolor=#ADD8E6] [border: (1px inset #808080)] [r=9 c=7 rs=1 cs=1]
                RenderText {#text} at (2,2) size 23x34
                  text run at (2,2) width 23: "col"
                  text run at (2,19) width 10: "7"
              RenderTableCell {TD} at (399,362) size 39x38 [bgcolor=#ADD8E6] [border: (1px inset #808080)] [r=9 c=8 rs=1 cs=1]
                RenderText {#text} at (2,2) size 23x34
                  text run at (2,2) width 23: "col"
                  text run at (2,19) width 10: "8"
              RenderTableCell {TD} at (440,362) size 39x38 [bgcolor=#ADD8E6] [border: (1px inset #808080)] [r=9 c=9 rs=1 cs=1]
                RenderText {#text} at (2,2) size 23x34
                  text run at (2,2) width 23: "col"
                  text run at (2,19) width 10: "9"
      RenderBlock {P} at (0,1249) size 784x0
      RenderBlock {HR} at (0,1249) size 784x2 [border: (1px inset #000000)]
      RenderBlock {P} at (0,1267) size 784x59
        RenderTable {TABLE} at (0,0) size 666x59 [bgcolor=#F08080] [border: (1px outset #808080)]
          RenderTableSection {TBODY} at (1,1) size 664x57
            RenderTableRow {TR} at (0,2) size 664x53
              RenderTableCell {TH} at (2,2) size 660x53 [border: (1px inset #808080)] [r=0 c=0 rs=1 cs=1]
                RenderInline {A} at (0,0) size 0x0
                RenderText {#text} at (11,11) size 131x17
                  text run at (11,11) width 131: "Test Case #2: "
                RenderInline {FONT} at (0,0) size 400x17 [color=#0000FF]
                  RenderText {#text} at (142,11) size 400x17
                    text run at (142,11) width 400: "table with data cells spanning multiple rows"
                RenderText {#text} at (542,11) size 6x17
                  text run at (542,11) width 6: " "
                RenderInline {FONT} at (0,0) size 630x28
                  RenderInline {I} at (0,0) size 630x28
                    RenderText {#text} at (548,14) size 630x28
                      text run at (548,14) width 93: "(using &ltTD"
                      text run at (11,28) width 232: "ROWSPAN=integer value> tag)"
                RenderText {#text} at (0,0) size 0x0
      RenderBlock {P} at (0,1342) size 784x147
        RenderBlock (anonymous) at (0,0) size 784x17
          RenderBR {BR} at (0,0) size 0x17
        RenderTable {TABLE} at (0,17) size 705x130 [bgcolor=#FFD700] [border: (1px outset #808080)]
          RenderTableSection {TBODY} at (1,1) size 703x128
            RenderTableRow {TR} at (0,2) size 703x124
              RenderTableCell {TD} at (2,2) size 699x124 [border: (1px inset #808080)] [r=0 c=0 rs=1 cs=1]
                RenderInline {FONT} at (0,0) size 669x102 [color=#FF0000]
                  RenderInline {B} at (0,0) size 669x102
                    RenderText {#text} at (11,11) size 490x17
                      text run at (11,11) width 490: "In the following sample table you should see that the "
                    RenderInline {FONT} at (0,0) size 92x17 [color=#0000FF]
                      RenderText {#text} at (501,11) size 92x17
                        text run at (501,11) width 92: "ROWSPAN"
                    RenderText {#text} at (593,11) size 669x34
                      text run at (593,11) width 6: " "
                      text run at (599,11) width 81: "attribute"
                      text run at (11,28) width 524: "applies an integer value equal to the number of rows the "
                    RenderInline {FONT} at (0,0) size 46x17 [color=#0000FF]
                      RenderText {#text} at (535,28) size 46x17
                        text run at (535,28) width 46: "DATA"
                    RenderText {#text} at (581,28) size 663x85
                      text run at (581,28) width 82: " cell is to"
                      text run at (11,45) width 98: "span. This "
                      text run at (109,45) width 565: "tells the browser to make the table data cell occupy the same"
                      text run at (11,62) width 568: "vertical space as the integer number of cells specified in rows "
                      text run at (579,62) width 79: "above or"
                      text run at (11,79) width 647: "below it. The browser flows the contents of the spanning cell to occupy"
                      text run at (11,96) width 236: "the entire spanned space."
                RenderInline {B} at (0,0) size 0x0
      RenderBlock {P} at (0,1505) size 784x34
        RenderBR {BR} at (0,0) size 0x17
        RenderBR {BR} at (0,17) size 0x17
      RenderBlock {UL} at (0,1555) size 784x421
        RenderTable {TABLE} at (40,0) size 483x421 [border: (1px outset #808080)]
          RenderBlock {CAPTION} at (0,0) size 481x17
            RenderText {#text} at (76,0) size 48x17
              text run at (76,0) width 48: "Table "
            RenderInline {B} at (0,0) size 92x17
              RenderText {#text} at (124,0) size 92x17
                text run at (124,0) width 92: "Data Cells"
            RenderText {#text} at (216,0) size 189x17
              text run at (216,0) width 189: " spanning multiple rows"
          RenderTableSection {TBODY} at (1,18) size 481x402
            RenderTableRow {TR} at (0,2) size 481x38
              RenderTableCell {TH} at (2,10) size 50x21 [bgcolor=#EE82EE] [border: (1px inset #808080)] [r=0 c=0 rs=1 cs=1]
                RenderText {#text} at (2,2) size 46x17
                  text run at (2,2) width 46: "Head"
              RenderTableCell {TD} at (54,13) size 90x55 [bgcolor=#FFFACD] [border: (1px inset #808080)] [r=0 c=1 rs=2 cs=1]
                RenderText {#text} at (2,2) size 53x17
                  text run at (2,2) width 53: "Data 1"
                RenderBR {BR} at (55,15) size 0x0
                RenderText {#text} at (2,19) size 61x34
                  text run at (2,19) width 61: "span=2"
                  text run at (2,36) width 38: "rows"
              RenderTableCell {TD} at (146,2) size 35x38 [bgcolor=#EE82EE] [border: (1px inset #808080)] [r=0 c=2 rs=1 cs=1]
                RenderText {#text} at (2,2) size 23x34
                  text run at (2,2) width 23: "col"
                  text run at (2,19) width 10: "1"
              RenderTableCell {TD} at (183,2) size 35x38 [bgcolor=#EE82EE] [border: (1px inset #808080)] [r=0 c=3 rs=1 cs=1]
                RenderText {#text} at (2,2) size 23x34
                  text run at (2,2) width 23: "col"
                  text run at (2,19) width 10: "2"
              RenderTableCell {TD} at (220,2) size 35x38 [bgcolor=#EE82EE] [border: (1px inset #808080)] [r=0 c=4 rs=1 cs=1]
                RenderText {#text} at (2,2) size 23x34
                  text run at (2,2) width 23: "col"
                  text run at (2,19) width 10: "3"
              RenderTableCell {TD} at (257,2) size 35x38 [bgcolor=#EE82EE] [border: (1px inset #808080)] [r=0 c=5 rs=1 cs=1]
                RenderText {#text} at (2,2) size 23x34
                  text run at (2,2) width 23: "col"
                  text run at (2,19) width 10: "4"
              RenderTableCell {TD} at (294,2) size 35x38 [bgcolor=#EE82EE] [border: (1px inset #808080)] [r=0 c=6 rs=1 cs=1]
                RenderText {#text} at (2,2) size 23x34
                  text run at (2,2) width 23: "col"
                  text run at (2,19) width 10: "5"
              RenderTableCell {TD} at (331,2) size 35x38 [bgcolor=#EE82EE] [border: (1px inset #808080)] [r=0 c=7 rs=1 cs=1]
                RenderText {#text} at (2,2) size 23x34
                  text run at (2,2) width 23: "col"
                  text run at (2,19) width 10: "6"
              RenderTableCell {TD} at (368,2) size 35x38 [bgcolor=#EE82EE] [border: (1px inset #808080)] [r=0 c=8 rs=1 cs=1]
                RenderText {#text} at (2,2) size 23x34
                  text run at (2,2) width 23: "col"
                  text run at (2,19) width 10: "7"
              RenderTableCell {TD} at (405,2) size 36x38 [bgcolor=#EE82EE] [border: (1px inset #808080)] [r=0 c=9 rs=1 cs=1]
                RenderText {#text} at (2,2) size 23x34
                  text run at (2,2) width 23: "col"
                  text run at (2,19) width 10: "8"
              RenderTableCell {TD} at (443,2) size 36x38 [bgcolor=#EE82EE] [border: (1px inset #808080)] [r=0 c=10 rs=1 cs=1]
                RenderText {#text} at (2,2) size 23x34
                  text run at (2,2) width 23: "col"
                  text run at (2,19) width 10: "9"
            RenderTableRow {TR} at (0,42) size 481x38
              RenderTableCell {TH} at (2,50) size 50x21 [bgcolor=#EE82EE] [border: (1px inset #808080)] [r=1 c=0 rs=1 cs=1]
                RenderText {#text} at (2,2) size 46x17
                  text run at (2,2) width 46: "Head"
              RenderTableCell {TD} at (146,42) size 35x38 [bgcolor=#EE82EE] [border: (1px inset #808080)] [r=1 c=2 rs=1 cs=1]
                RenderText {#text} at (2,2) size 23x34
                  text run at (2,2) width 23: "col"
                  text run at (2,19) width 10: "1"
              RenderTableCell {TD} at (183,42) size 35x38 [bgcolor=#EE82EE] [border: (1px inset #808080)] [r=1 c=3 rs=1 cs=1]
                RenderText {#text} at (2,2) size 23x34
                  text run at (2,2) width 23: "col"
                  text run at (2,19) width 10: "2"
              RenderTableCell {TD} at (220,42) size 35x38 [bgcolor=#EE82EE] [border: (1px inset #808080)] [r=1 c=4 rs=1 cs=1]
                RenderText {#text} at (2,2) size 23x34
                  text run at (2,2) width 23: "col"
                  text run at (2,19) width 10: "3"
              RenderTableCell {TD} at (257,42) size 35x38 [bgcolor=#EE82EE] [border: (1px inset #808080)] [r=1 c=5 rs=1 cs=1]
                RenderText {#text} at (2,2) size 23x34
                  text run at (2,2) width 23: "col"
                  text run at (2,19) width 10: "4"
              RenderTableCell {TD} at (294,42) size 35x38 [bgcolor=#EE82EE] [border: (1px inset #808080)] [r=1 c=6 rs=1 cs=1]
                RenderText {#text} at (2,2) size 23x34
                  text run at (2,2) width 23: "col"
                  text run at (2,19) width 10: "5"
              RenderTableCell {TD} at (331,42) size 35x38 [bgcolor=#EE82EE] [border: (1px inset #808080)] [r=1 c=7 rs=1 cs=1]
                RenderText {#text} at (2,2) size 23x34
                  text run at (2,2) width 23: "col"
                  text run at (2,19) width 10: "6"
              RenderTableCell {TD} at (368,42) size 35x38 [bgcolor=#EE82EE] [border: (1px inset #808080)] [r=1 c=8 rs=1 cs=1]
                RenderText {#text} at (2,2) size 23x34
                  text run at (2,2) width 23: "col"
                  text run at (2,19) width 10: "7"
              RenderTableCell {TD} at (405,42) size 36x38 [bgcolor=#EE82EE] [border: (1px inset #808080)] [r=1 c=9 rs=1 cs=1]
                RenderText {#text} at (2,2) size 23x34
                  text run at (2,2) width 23: "col"
                  text run at (2,19) width 10: "8"
              RenderTableCell {TD} at (443,42) size 36x38 [bgcolor=#EE82EE] [border: (1px inset #808080)] [r=1 c=10 rs=1 cs=1]
                RenderText {#text} at (2,2) size 23x34
                  text run at (2,2) width 23: "col"
                  text run at (2,19) width 10: "9"
            RenderTableRow {TR} at (0,82) size 481x38
              RenderTableCell {TH} at (2,90) size 50x21 [bgcolor=#90EE90] [border: (1px inset #808080)] [r=2 c=0 rs=1 cs=1]
                RenderText {#text} at (2,2) size 46x17
                  text run at (2,2) width 46: "Head"
              RenderTableCell {TD} at (54,153) size 90x55 [bgcolor=#FFFACD] [border: (1px inset #808080)] [r=2 c=1 rs=5 cs=1]
                RenderText {#text} at (2,2) size 53x17
                  text run at (2,2) width 53: "Data 2"
                RenderBR {BR} at (55,15) size 0x0
                RenderText {#text} at (2,19) size 61x34
                  text run at (2,19) width 61: "span=5"
                  text run at (2,36) width 38: "rows"
              RenderTableCell {TD} at (146,82) size 35x38 [bgcolor=#90EE90] [border: (1px inset #808080)] [r=2 c=2 rs=1 cs=1]
                RenderText {#text} at (2,2) size 23x34
                  text run at (2,2) width 23: "col"
                  text run at (2,19) width 10: "1"
              RenderTableCell {TD} at (183,82) size 35x38 [bgcolor=#90EE90] [border: (1px inset #808080)] [r=2 c=3 rs=1 cs=1]
                RenderText {#text} at (2,2) size 23x34
                  text run at (2,2) width 23: "col"
                  text run at (2,19) width 10: "2"
              RenderTableCell {TD} at (220,82) size 35x38 [bgcolor=#90EE90] [border: (1px inset #808080)] [r=2 c=4 rs=1 cs=1]
                RenderText {#text} at (2,2) size 23x34
                  text run at (2,2) width 23: "col"
                  text run at (2,19) width 10: "3"
              RenderTableCell {TD} at (257,82) size 35x38 [bgcolor=#90EE90] [border: (1px inset #808080)] [r=2 c=5 rs=1 cs=1]
                RenderText {#text} at (2,2) size 23x34
                  text run at (2,2) width 23: "col"
                  text run at (2,19) width 10: "4"
              RenderTableCell {TD} at (294,82) size 35x38 [bgcolor=#90EE90] [border: (1px inset #808080)] [r=2 c=6 rs=1 cs=1]
                RenderText {#text} at (2,2) size 23x34
                  text run at (2,2) width 23: "col"
                  text run at (2,19) width 10: "5"
              RenderTableCell {TD} at (331,82) size 35x38 [bgcolor=#90EE90] [border: (1px inset #808080)] [r=2 c=7 rs=1 cs=1]
                RenderText {#text} at (2,2) size 23x34
                  text run at (2,2) width 23: "col"
                  text run at (2,19) width 10: "6"
              RenderTableCell {TD} at (368,82) size 35x38 [bgcolor=#90EE90] [border: (1px inset #808080)] [r=2 c=8 rs=1 cs=1]
                RenderText {#text} at (2,2) size 23x34
                  text run at (2,2) width 23: "col"
                  text run at (2,19) width 10: "7"
              RenderTableCell {TD} at (405,82) size 36x38 [bgcolor=#90EE90] [border: (1px inset #808080)] [r=2 c=9 rs=1 cs=1]
                RenderText {#text} at (2,2) size 23x34
                  text run at (2,2) width 23: "col"
                  text run at (2,19) width 10: "8"
              RenderTableCell {TD} at (443,82) size 36x38 [bgcolor=#90EE90] [border: (1px inset #808080)] [r=2 c=10 rs=1 cs=1]
                RenderText {#text} at (2,2) size 23x34
                  text run at (2,2) width 23: "col"
                  text run at (2,19) width 10: "9"
            RenderTableRow {TR} at (0,122) size 481x38
              RenderTableCell {TH} at (2,130) size 50x21 [bgcolor=#90EE90] [border: (1px inset #808080)] [r=3 c=0 rs=1 cs=1]
                RenderText {#text} at (2,2) size 46x17
                  text run at (2,2) width 46: "Head"
              RenderTableCell {TD} at (146,122) size 35x38 [bgcolor=#90EE90] [border: (1px inset #808080)] [r=3 c=2 rs=1 cs=1]
                RenderText {#text} at (2,2) size 23x34
                  text run at (2,2) width 23: "col"
                  text run at (2,19) width 10: "1"
              RenderTableCell {TD} at (183,122) size 35x38 [bgcolor=#90EE90] [border: (1px inset #808080)] [r=3 c=3 rs=1 cs=1]
                RenderText {#text} at (2,2) size 23x34
                  text run at (2,2) width 23: "col"
                  text run at (2,19) width 10: "2"
              RenderTableCell {TD} at (220,122) size 35x38 [bgcolor=#90EE90] [border: (1px inset #808080)] [r=3 c=4 rs=1 cs=1]
                RenderText {#text} at (2,2) size 23x34
                  text run at (2,2) width 23: "col"
                  text run at (2,19) width 10: "3"
              RenderTableCell {TD} at (257,122) size 35x38 [bgcolor=#90EE90] [border: (1px inset #808080)] [r=3 c=5 rs=1 cs=1]
                RenderText {#text} at (2,2) size 23x34
                  text run at (2,2) width 23: "col"
                  text run at (2,19) width 10: "4"
              RenderTableCell {TD} at (294,122) size 35x38 [bgcolor=#90EE90] [border: (1px inset #808080)] [r=3 c=6 rs=1 cs=1]
                RenderText {#text} at (2,2) size 23x34
                  text run at (2,2) width 23: "col"
                  text run at (2,19) width 10: "5"
              RenderTableCell {TD} at (331,122) size 35x38 [bgcolor=#90EE90] [border: (1px inset #808080)] [r=3 c=7 rs=1 cs=1]
                RenderText {#text} at (2,2) size 23x34
                  text run at (2,2) width 23: "col"
                  text run at (2,19) width 10: "6"
              RenderTableCell {TD} at (368,122) size 35x38 [bgcolor=#90EE90] [border: (1px inset #808080)] [r=3 c=8 rs=1 cs=1]
                RenderText {#text} at (2,2) size 23x34
                  text run at (2,2) width 23: "col"
                  text run at (2,19) width 10: "7"
              RenderTableCell {TD} at (405,122) size 36x38 [bgcolor=#90EE90] [border: (1px inset #808080)] [r=3 c=9 rs=1 cs=1]
                RenderText {#text} at (2,2) size 23x34
                  text run at (2,2) width 23: "col"
                  text run at (2,19) width 10: "8"
              RenderTableCell {TD} at (443,122) size 36x38 [bgcolor=#90EE90] [border: (1px inset #808080)] [r=3 c=10 rs=1 cs=1]
                RenderText {#text} at (2,2) size 23x34
                  text run at (2,2) width 23: "col"
                  text run at (2,19) width 10: "9"
            RenderTableRow {TR} at (0,162) size 481x38
              RenderTableCell {TH} at (2,170) size 50x21 [bgcolor=#90EE90] [border: (1px inset #808080)] [r=4 c=0 rs=1 cs=1]
                RenderText {#text} at (2,2) size 46x17
                  text run at (2,2) width 46: "Head"
              RenderTableCell {TD} at (146,162) size 35x38 [bgcolor=#90EE90] [border: (1px inset #808080)] [r=4 c=2 rs=1 cs=1]
                RenderText {#text} at (2,2) size 23x34
                  text run at (2,2) width 23: "col"
                  text run at (2,19) width 10: "1"
              RenderTableCell {TD} at (183,162) size 35x38 [bgcolor=#90EE90] [border: (1px inset #808080)] [r=4 c=3 rs=1 cs=1]
                RenderText {#text} at (2,2) size 23x34
                  text run at (2,2) width 23: "col"
                  text run at (2,19) width 10: "2"
              RenderTableCell {TD} at (220,162) size 35x38 [bgcolor=#90EE90] [border: (1px inset #808080)] [r=4 c=4 rs=1 cs=1]
                RenderText {#text} at (2,2) size 23x34
                  text run at (2,2) width 23: "col"
                  text run at (2,19) width 10: "3"
              RenderTableCell {TD} at (257,162) size 35x38 [bgcolor=#90EE90] [border: (1px inset #808080)] [r=4 c=5 rs=1 cs=1]
                RenderText {#text} at (2,2) size 23x34
                  text run at (2,2) width 23: "col"
                  text run at (2,19) width 10: "4"
              RenderTableCell {TD} at (294,162) size 35x38 [bgcolor=#90EE90] [border: (1px inset #808080)] [r=4 c=6 rs=1 cs=1]
                RenderText {#text} at (2,2) size 23x34
                  text run at (2,2) width 23: "col"
                  text run at (2,19) width 10: "5"
              RenderTableCell {TD} at (331,162) size 35x38 [bgcolor=#90EE90] [border: (1px inset #808080)] [r=4 c=7 rs=1 cs=1]
                RenderText {#text} at (2,2) size 23x34
                  text run at (2,2) width 23: "col"
                  text run at (2,19) width 10: "6"
              RenderTableCell {TD} at (368,162) size 35x38 [bgcolor=#90EE90] [border: (1px inset #808080)] [r=4 c=8 rs=1 cs=1]
                RenderText {#text} at (2,2) size 23x34
                  text run at (2,2) width 23: "col"
                  text run at (2,19) width 10: "7"
              RenderTableCell {TD} at (405,162) size 36x38 [bgcolor=#90EE90] [border: (1px inset #808080)] [r=4 c=9 rs=1 cs=1]
                RenderText {#text} at (2,2) size 23x34
                  text run at (2,2) width 23: "col"
                  text run at (2,19) width 10: "8"
              RenderTableCell {TD} at (443,162) size 36x38 [bgcolor=#90EE90] [border: (1px inset #808080)] [r=4 c=10 rs=1 cs=1]
                RenderText {#text} at (2,2) size 23x34
                  text run at (2,2) width 23: "col"
                  text run at (2,19) width 10: "9"
            RenderTableRow {TR} at (0,202) size 481x38
              RenderTableCell {TH} at (2,210) size 50x21 [bgcolor=#90EE90] [border: (1px inset #808080)] [r=5 c=0 rs=1 cs=1]
                RenderText {#text} at (2,2) size 46x17
                  text run at (2,2) width 46: "Head"
              RenderTableCell {TD} at (146,202) size 35x38 [bgcolor=#90EE90] [border: (1px inset #808080)] [r=5 c=2 rs=1 cs=1]
                RenderText {#text} at (2,2) size 23x34
                  text run at (2,2) width 23: "col"
                  text run at (2,19) width 10: "1"
              RenderTableCell {TD} at (183,202) size 35x38 [bgcolor=#90EE90] [border: (1px inset #808080)] [r=5 c=3 rs=1 cs=1]
                RenderText {#text} at (2,2) size 23x34
                  text run at (2,2) width 23: "col"
                  text run at (2,19) width 10: "2"
              RenderTableCell {TD} at (220,202) size 35x38 [bgcolor=#90EE90] [border: (1px inset #808080)] [r=5 c=4 rs=1 cs=1]
                RenderText {#text} at (2,2) size 23x34
                  text run at (2,2) width 23: "col"
                  text run at (2,19) width 10: "3"
              RenderTableCell {TD} at (257,202) size 35x38 [bgcolor=#90EE90] [border: (1px inset #808080)] [r=5 c=5 rs=1 cs=1]
                RenderText {#text} at (2,2) size 23x34
                  text run at (2,2) width 23: "col"
                  text run at (2,19) width 10: "4"
              RenderTableCell {TD} at (294,202) size 35x38 [bgcolor=#90EE90] [border: (1px inset #808080)] [r=5 c=6 rs=1 cs=1]
                RenderText {#text} at (2,2) size 23x34
                  text run at (2,2) width 23: "col"
                  text run at (2,19) width 10: "5"
              RenderTableCell {TD} at (331,202) size 35x38 [bgcolor=#90EE90] [border: (1px inset #808080)] [r=5 c=7 rs=1 cs=1]
                RenderText {#text} at (2,2) size 23x34
                  text run at (2,2) width 23: "col"
                  text run at (2,19) width 10: "6"
              RenderTableCell {TD} at (368,202) size 35x38 [bgcolor=#90EE90] [border: (1px inset #808080)] [r=5 c=8 rs=1 cs=1]
                RenderText {#text} at (2,2) size 23x34
                  text run at (2,2) width 23: "col"
                  text run at (2,19) width 10: "7"
              RenderTableCell {TD} at (405,202) size 36x38 [bgcolor=#90EE90] [border: (1px inset #808080)] [r=5 c=9 rs=1 cs=1]
                RenderText {#text} at (2,2) size 23x34
                  text run at (2,2) width 23: "col"
                  text run at (2,19) width 10: "8"
              RenderTableCell {TD} at (443,202) size 36x38 [bgcolor=#90EE90] [border: (1px inset #808080)] [r=5 c=10 rs=1 cs=1]
                RenderText {#text} at (2,2) size 23x34
                  text run at (2,2) width 23: "col"
                  text run at (2,19) width 10: "9"
            RenderTableRow {TR} at (0,242) size 481x38
              RenderTableCell {TH} at (2,250) size 50x21 [bgcolor=#90EE90] [border: (1px inset #808080)] [r=6 c=0 rs=1 cs=1]
                RenderText {#text} at (2,2) size 46x17
                  text run at (2,2) width 46: "Head"
              RenderTableCell {TD} at (146,242) size 35x38 [bgcolor=#90EE90] [border: (1px inset #808080)] [r=6 c=2 rs=1 cs=1]
                RenderText {#text} at (2,2) size 23x34
                  text run at (2,2) width 23: "col"
                  text run at (2,19) width 10: "1"
              RenderTableCell {TD} at (183,242) size 35x38 [bgcolor=#90EE90] [border: (1px inset #808080)] [r=6 c=3 rs=1 cs=1]
                RenderText {#text} at (2,2) size 23x34
                  text run at (2,2) width 23: "col"
                  text run at (2,19) width 10: "2"
              RenderTableCell {TD} at (220,242) size 35x38 [bgcolor=#90EE90] [border: (1px inset #808080)] [r=6 c=4 rs=1 cs=1]
                RenderText {#text} at (2,2) size 23x34
                  text run at (2,2) width 23: "col"
                  text run at (2,19) width 10: "3"
              RenderTableCell {TD} at (257,242) size 35x38 [bgcolor=#90EE90] [border: (1px inset #808080)] [r=6 c=5 rs=1 cs=1]
                RenderText {#text} at (2,2) size 23x34
                  text run at (2,2) width 23: "col"
                  text run at (2,19) width 10: "4"
              RenderTableCell {TD} at (294,242) size 35x38 [bgcolor=#90EE90] [border: (1px inset #808080)] [r=6 c=6 rs=1 cs=1]
                RenderText {#text} at (2,2) size 23x34
                  text run at (2,2) width 23: "col"
                  text run at (2,19) width 10: "5"
              RenderTableCell {TD} at (331,242) size 35x38 [bgcolor=#90EE90] [border: (1px inset #808080)] [r=6 c=7 rs=1 cs=1]
                RenderText {#text} at (2,2) size 23x34
                  text run at (2,2) width 23: "col"
                  text run at (2,19) width 10: "6"
              RenderTableCell {TD} at (368,242) size 35x38 [bgcolor=#90EE90] [border: (1px inset #808080)] [r=6 c=8 rs=1 cs=1]
                RenderText {#text} at (2,2) size 23x34
                  text run at (2,2) width 23: "col"
                  text run at (2,19) width 10: "7"
              RenderTableCell {TD} at (405,242) size 36x38 [bgcolor=#90EE90] [border: (1px inset #808080)] [r=6 c=9 rs=1 cs=1]
                RenderText {#text} at (2,2) size 23x34
                  text run at (2,2) width 23: "col"
                  text run at (2,19) width 10: "8"
              RenderTableCell {TD} at (443,242) size 36x38 [bgcolor=#90EE90] [border: (1px inset #808080)] [r=6 c=10 rs=1 cs=1]
                RenderText {#text} at (2,2) size 23x34
                  text run at (2,2) width 23: "col"
                  text run at (2,19) width 10: "9"
            RenderTableRow {TR} at (0,282) size 481x38
              RenderTableCell {TH} at (2,290) size 50x21 [bgcolor=#ADD8E6] [border: (1px inset #808080)] [r=7 c=0 rs=1 cs=1]
                RenderText {#text} at (2,2) size 46x17
                  text run at (2,2) width 46: "Head"
              RenderTableCell {TD} at (54,313) size 90x55 [bgcolor=#FFFACD] [border: (1px inset #808080)] [r=7 c=1 rs=3 cs=1]
                RenderText {#text} at (2,2) size 53x17
                  text run at (2,2) width 53: "Data 3"
                RenderBR {BR} at (55,15) size 0x0
                RenderText {#text} at (2,19) size 61x34
                  text run at (2,19) width 61: "span=3"
                  text run at (2,36) width 38: "rows"
              RenderTableCell {TD} at (146,282) size 35x38 [bgcolor=#ADD8E6] [border: (1px inset #808080)] [r=7 c=2 rs=1 cs=1]
                RenderText {#text} at (2,2) size 23x34
                  text run at (2,2) width 23: "col"
                  text run at (2,19) width 10: "1"
              RenderTableCell {TD} at (183,282) size 35x38 [bgcolor=#ADD8E6] [border: (1px inset #808080)] [r=7 c=3 rs=1 cs=1]
                RenderText {#text} at (2,2) size 23x34
                  text run at (2,2) width 23: "col"
                  text run at (2,19) width 10: "2"
              RenderTableCell {TD} at (220,282) size 35x38 [bgcolor=#ADD8E6] [border: (1px inset #808080)] [r=7 c=4 rs=1 cs=1]
                RenderText {#text} at (2,2) size 23x34
                  text run at (2,2) width 23: "col"
                  text run at (2,19) width 10: "3"
              RenderTableCell {TD} at (257,282) size 35x38 [bgcolor=#ADD8E6] [border: (1px inset #808080)] [r=7 c=5 rs=1 cs=1]
                RenderText {#text} at (2,2) size 23x34
                  text run at (2,2) width 23: "col"
                  text run at (2,19) width 10: "4"
              RenderTableCell {TD} at (294,282) size 35x38 [bgcolor=#ADD8E6] [border: (1px inset #808080)] [r=7 c=6 rs=1 cs=1]
                RenderText {#text} at (2,2) size 23x34
                  text run at (2,2) width 23: "col"
                  text run at (2,19) width 10: "5"
              RenderTableCell {TD} at (331,282) size 35x38 [bgcolor=#ADD8E6] [border: (1px inset #808080)] [r=7 c=7 rs=1 cs=1]
                RenderText {#text} at (2,2) size 23x34
                  text run at (2,2) width 23: "col"
                  text run at (2,19) width 10: "6"
              RenderTableCell {TD} at (368,282) size 35x38 [bgcolor=#ADD8E6] [border: (1px inset #808080)] [r=7 c=8 rs=1 cs=1]
                RenderText {#text} at (2,2) size 23x34
                  text run at (2,2) width 23: "col"
                  text run at (2,19) width 10: "7"
              RenderTableCell {TD} at (405,282) size 36x38 [bgcolor=#ADD8E6] [border: (1px inset #808080)] [r=7 c=9 rs=1 cs=1]
                RenderText {#text} at (2,2) size 23x34
                  text run at (2,2) width 23: "col"
                  text run at (2,19) width 10: "8"
              RenderTableCell {TD} at (443,282) size 36x38 [bgcolor=#ADD8E6] [border: (1px inset #808080)] [r=7 c=10 rs=1 cs=1]
                RenderText {#text} at (2,2) size 23x34
                  text run at (2,2) width 23: "col"
                  text run at (2,19) width 10: "9"
            RenderTableRow {TR} at (0,322) size 481x38
              RenderTableCell {TH} at (2,330) size 50x21 [bgcolor=#ADD8E6] [border: (1px inset #808080)] [r=8 c=0 rs=1 cs=1]
                RenderText {#text} at (2,2) size 46x17
                  text run at (2,2) width 46: "Head"
              RenderTableCell {TD} at (146,322) size 35x38 [bgcolor=#ADD8E6] [border: (1px inset #808080)] [r=8 c=2 rs=1 cs=1]
                RenderText {#text} at (2,2) size 23x34
                  text run at (2,2) width 23: "col"
                  text run at (2,19) width 10: "1"
              RenderTableCell {TD} at (183,322) size 35x38 [bgcolor=#ADD8E6] [border: (1px inset #808080)] [r=8 c=3 rs=1 cs=1]
                RenderText {#text} at (2,2) size 23x34
                  text run at (2,2) width 23: "col"
                  text run at (2,19) width 10: "2"
              RenderTableCell {TD} at (220,322) size 35x38 [bgcolor=#ADD8E6] [border: (1px inset #808080)] [r=8 c=4 rs=1 cs=1]
                RenderText {#text} at (2,2) size 23x34
                  text run at (2,2) width 23: "col"
                  text run at (2,19) width 10: "3"
              RenderTableCell {TD} at (257,322) size 35x38 [bgcolor=#ADD8E6] [border: (1px inset #808080)] [r=8 c=5 rs=1 cs=1]
                RenderText {#text} at (2,2) size 23x34
                  text run at (2,2) width 23: "col"
                  text run at (2,19) width 10: "4"
              RenderTableCell {TD} at (294,322) size 35x38 [bgcolor=#ADD8E6] [border: (1px inset #808080)] [r=8 c=6 rs=1 cs=1]
                RenderText {#text} at (2,2) size 23x34
                  text run at (2,2) width 23: "col"
                  text run at (2,19) width 10: "5"
              RenderTableCell {TD} at (331,322) size 35x38 [bgcolor=#ADD8E6] [border: (1px inset #808080)] [r=8 c=7 rs=1 cs=1]
                RenderText {#text} at (2,2) size 23x34
                  text run at (2,2) width 23: "col"
                  text run at (2,19) width 10: "6"
              RenderTableCell {TD} at (368,322) size 35x38 [bgcolor=#ADD8E6] [border: (1px inset #808080)] [r=8 c=8 rs=1 cs=1]
                RenderText {#text} at (2,2) size 23x34
                  text run at (2,2) width 23: "col"
                  text run at (2,19) width 10: "7"
              RenderTableCell {TD} at (405,322) size 36x38 [bgcolor=#ADD8E6] [border: (1px inset #808080)] [r=8 c=9 rs=1 cs=1]
                RenderText {#text} at (2,2) size 23x34
                  text run at (2,2) width 23: "col"
                  text run at (2,19) width 10: "8"
              RenderTableCell {TD} at (443,322) size 36x38 [bgcolor=#ADD8E6] [border: (1px inset #808080)] [r=8 c=10 rs=1 cs=1]
                RenderText {#text} at (2,2) size 23x34
                  text run at (2,2) width 23: "col"
                  text run at (2,19) width 10: "9"
            RenderTableRow {TR} at (0,362) size 481x38
              RenderTableCell {TH} at (2,370) size 50x21 [bgcolor=#ADD8E6] [border: (1px inset #808080)] [r=9 c=0 rs=1 cs=1]
                RenderText {#text} at (2,2) size 46x17
                  text run at (2,2) width 46: "Head"
              RenderTableCell {TD} at (146,362) size 35x38 [bgcolor=#ADD8E6] [border: (1px inset #808080)] [r=9 c=2 rs=1 cs=1]
                RenderText {#text} at (2,2) size 23x34
                  text run at (2,2) width 23: "col"
                  text run at (2,19) width 10: "1"
              RenderTableCell {TD} at (183,362) size 35x38 [bgcolor=#ADD8E6] [border: (1px inset #808080)] [r=9 c=3 rs=1 cs=1]
                RenderText {#text} at (2,2) size 23x34
                  text run at (2,2) width 23: "col"
                  text run at (2,19) width 10: "2"
              RenderTableCell {TD} at (220,362) size 35x38 [bgcolor=#ADD8E6] [border: (1px inset #808080)] [r=9 c=4 rs=1 cs=1]
                RenderText {#text} at (2,2) size 23x34
                  text run at (2,2) width 23: "col"
                  text run at (2,19) width 10: "3"
              RenderTableCell {TD} at (257,362) size 35x38 [bgcolor=#ADD8E6] [border: (1px inset #808080)] [r=9 c=5 rs=1 cs=1]
                RenderText {#text} at (2,2) size 23x34
                  text run at (2,2) width 23: "col"
                  text run at (2,19) width 10: "4"
              RenderTableCell {TD} at (294,362) size 35x38 [bgcolor=#ADD8E6] [border: (1px inset #808080)] [r=9 c=6 rs=1 cs=1]
                RenderText {#text} at (2,2) size 23x34
                  text run at (2,2) width 23: "col"
                  text run at (2,19) width 10: "5"
              RenderTableCell {TD} at (331,362) size 35x38 [bgcolor=#ADD8E6] [border: (1px inset #808080)] [r=9 c=7 rs=1 cs=1]
                RenderText {#text} at (2,2) size 23x34
                  text run at (2,2) width 23: "col"
                  text run at (2,19) width 10: "6"
              RenderTableCell {TD} at (368,362) size 35x38 [bgcolor=#ADD8E6] [border: (1px inset #808080)] [r=9 c=8 rs=1 cs=1]
                RenderText {#text} at (2,2) size 23x34
                  text run at (2,2) width 23: "col"
                  text run at (2,19) width 10: "7"
              RenderTableCell {TD} at (405,362) size 36x38 [bgcolor=#ADD8E6] [border: (1px inset #808080)] [r=9 c=9 rs=1 cs=1]
                RenderText {#text} at (2,2) size 23x34
                  text run at (2,2) width 23: "col"
                  text run at (2,19) width 10: "8"
              RenderTableCell {TD} at (443,362) size 36x38 [bgcolor=#ADD8E6] [border: (1px inset #808080)] [r=9 c=10 rs=1 cs=1]
                RenderText {#text} at (2,2) size 23x34
                  text run at (2,2) width 23: "col"
                  text run at (2,19) width 10: "9"
      RenderBlock {P} at (0,1992) size 784x0
      RenderBlock {HR} at (0,1992) size 784x2 [border: (1px inset #000000)]
      RenderBlock {P} at (0,2010) size 784x62
        RenderTable {TABLE} at (0,0) size 666x62 [bgcolor=#F08080] [border: (1px outset #808080)]
          RenderTableSection {TBODY} at (1,1) size 664x60
            RenderTableRow {TR} at (0,2) size 664x56
              RenderTableCell {TH} at (2,2) size 660x56 [border: (1px inset #808080)] [r=0 c=0 rs=1 cs=1]
                RenderInline {A} at (0,0) size 0x0
                RenderText {#text} at (11,11) size 131x17
                  text run at (11,11) width 131: "Test Case #3: "
                RenderInline {FONT} at (0,0) size 638x34 [color=#0000FF]
                  RenderText {#text} at (142,11) size 638x34
                    text run at (142,11) width 507: "table with nested header & data cells spanning multiple"
                    text run at (11,28) width 44: "rows"
                RenderText {#text} at (55,28) size 6x17
                  text run at (55,28) width 6: " "
                RenderInline {FONT} at (0,0) size 579x14
                  RenderInline {I} at (0,0) size 579x14
                    RenderText {#text} at (61,31) size 579x14
                      text run at (61,31) width 579: "(using &ltTH ROWSPAN=integer value> &ltTD ROWSPAN=integer value> tag)"
                RenderText {#text} at (0,0) size 0x0
      RenderBlock {P} at (0,2088) size 784x34
        RenderBR {BR} at (0,0) size 0x17
        RenderBR {BR} at (0,17) size 0x17
      RenderBlock {UL} at (0,2138) size 784x438
        RenderTable {TABLE} at (40,0) size 483x438 [border: (1px outset #808080)]
          RenderBlock {CAPTION} at (0,0) size 481x34
            RenderText {#text} at (33,0) size 109x17
              text run at (33,0) width 109: "Nested Table "
            RenderInline {B} at (0,0) size 114x17
              RenderText {#text} at (142,0) size 114x17
                text run at (142,0) width 114: "Header Cells"
            RenderText {#text} at (256,0) size 22x17
              text run at (256,0) width 22: " & "
            RenderInline {B} at (0,0) size 92x17
              RenderText {#text} at (278,0) size 92x17
                text run at (278,0) width 92: "Data Cells"
            RenderText {#text} at (370,0) size 260x34
              text run at (370,0) width 77: " spanning"
              text run at (187,17) width 107: "multiple rows"
          RenderTableSection {TBODY} at (1,35) size 481x402
            RenderTableRow {TR} at (0,2) size 481x38
              RenderTableCell {TH} at (2,113) size 91x55 [bgcolor=#FFE4C4] [border: (1px inset #808080)] [r=0 c=0 rs=7 cs=1]
                RenderText {#text} at (4,2) size 82x17
                  text run at (4,2) width 82: "Header 1"
                RenderBR {BR} at (86,15) size 0x0
                RenderText {#text} at (12,19) size 67x34
                  text run at (12,19) width 67: "span=7"
                  text run at (23,36) width 44: "rows"
                RenderText {#text} at (0,0) size 0x0
              RenderTableCell {TD} at (95,13) size 81x55 [bgcolor=#FFFACD] [border: (1px inset #808080)] [r=0 c=1 rs=2 cs=1]
                RenderText {#text} at (2,2) size 53x17
                  text run at (2,2) width 53: "Data 1"
                RenderBR {BR} at (55,15) size 0x0
                RenderText {#text} at (2,19) size 61x34
                  text run at (2,19) width 61: "span=2"
                  text run at (2,36) width 38: "rows"
              RenderTableCell {TD} at (178,2) size 31x38 [bgcolor=#EE82EE] [border: (1px inset #808080)] [r=0 c=2 rs=1 cs=1]
                RenderText {#text} at (2,2) size 23x34
                  text run at (2,2) width 23: "col"
                  text run at (2,19) width 10: "1"
              RenderTableCell {TD} at (211,2) size 31x38 [bgcolor=#EE82EE] [border: (1px inset #808080)] [r=0 c=3 rs=1 cs=1]
                RenderText {#text} at (2,2) size 23x34
                  text run at (2,2) width 23: "col"
                  text run at (2,19) width 10: "2"
              RenderTableCell {TD} at (244,2) size 31x38 [bgcolor=#EE82EE] [border: (1px inset #808080)] [r=0 c=4 rs=1 cs=1]
                RenderText {#text} at (2,2) size 23x34
                  text run at (2,2) width 23: "col"
                  text run at (2,19) width 10: "3"
              RenderTableCell {TD} at (277,2) size 32x38 [bgcolor=#EE82EE] [border: (1px inset #808080)] [r=0 c=5 rs=1 cs=1]
                RenderText {#text} at (2,2) size 23x34
                  text run at (2,2) width 23: "col"
                  text run at (2,19) width 10: "4"
              RenderTableCell {TD} at (311,2) size 32x38 [bgcolor=#EE82EE] [border: (1px inset #808080)] [r=0 c=6 rs=1 cs=1]
                RenderText {#text} at (2,2) size 23x34
                  text run at (2,2) width 23: "col"
                  text run at (2,19) width 10: "5"
              RenderTableCell {TD} at (345,2) size 32x38 [bgcolor=#EE82EE] [border: (1px inset #808080)] [r=0 c=7 rs=1 cs=1]
                RenderText {#text} at (2,2) size 23x34
                  text run at (2,2) width 23: "col"
                  text run at (2,19) width 10: "6"
              RenderTableCell {TD} at (379,2) size 32x38 [bgcolor=#EE82EE] [border: (1px inset #808080)] [r=0 c=8 rs=1 cs=1]
                RenderText {#text} at (2,2) size 23x34
                  text run at (2,2) width 23: "col"
                  text run at (2,19) width 10: "7"
              RenderTableCell {TD} at (413,2) size 32x38 [bgcolor=#EE82EE] [border: (1px inset #808080)] [r=0 c=9 rs=1 cs=1]
                RenderText {#text} at (2,2) size 23x34
                  text run at (2,2) width 23: "col"
                  text run at (2,19) width 10: "8"
              RenderTableCell {TD} at (447,2) size 32x38 [bgcolor=#EE82EE] [border: (1px inset #808080)] [r=0 c=10 rs=1 cs=1]
                RenderText {#text} at (2,2) size 23x34
                  text run at (2,2) width 23: "col"
                  text run at (2,19) width 10: "9"
            RenderTableRow {TR} at (0,42) size 481x38
              RenderTableCell {TD} at (178,42) size 31x38 [bgcolor=#EE82EE] [border: (1px inset #808080)] [r=1 c=2 rs=1 cs=1]
                RenderText {#text} at (2,2) size 23x34
                  text run at (2,2) width 23: "col"
                  text run at (2,19) width 10: "1"
              RenderTableCell {TD} at (211,42) size 31x38 [bgcolor=#EE82EE] [border: (1px inset #808080)] [r=1 c=3 rs=1 cs=1]
                RenderText {#text} at (2,2) size 23x34
                  text run at (2,2) width 23: "col"
                  text run at (2,19) width 10: "2"
              RenderTableCell {TD} at (244,42) size 31x38 [bgcolor=#EE82EE] [border: (1px inset #808080)] [r=1 c=4 rs=1 cs=1]
                RenderText {#text} at (2,2) size 23x34
                  text run at (2,2) width 23: "col"
                  text run at (2,19) width 10: "3"
              RenderTableCell {TD} at (277,42) size 32x38 [bgcolor=#EE82EE] [border: (1px inset #808080)] [r=1 c=5 rs=1 cs=1]
                RenderText {#text} at (2,2) size 23x34
                  text run at (2,2) width 23: "col"
                  text run at (2,19) width 10: "4"
              RenderTableCell {TD} at (311,42) size 32x38 [bgcolor=#EE82EE] [border: (1px inset #808080)] [r=1 c=6 rs=1 cs=1]
                RenderText {#text} at (2,2) size 23x34
                  text run at (2,2) width 23: "col"
                  text run at (2,19) width 10: "5"
              RenderTableCell {TD} at (345,42) size 32x38 [bgcolor=#EE82EE] [border: (1px inset #808080)] [r=1 c=7 rs=1 cs=1]
                RenderText {#text} at (2,2) size 23x34
                  text run at (2,2) width 23: "col"
                  text run at (2,19) width 10: "6"
              RenderTableCell {TD} at (379,42) size 32x38 [bgcolor=#EE82EE] [border: (1px inset #808080)] [r=1 c=8 rs=1 cs=1]
                RenderText {#text} at (2,2) size 23x34
                  text run at (2,2) width 23: "col"
                  text run at (2,19) width 10: "7"
              RenderTableCell {TD} at (413,42) size 32x38 [bgcolor=#EE82EE] [border: (1px inset #808080)] [r=1 c=9 rs=1 cs=1]
                RenderText {#text} at (2,2) size 23x34
                  text run at (2,2) width 23: "col"
                  text run at (2,19) width 10: "8"
              RenderTableCell {TD} at (447,42) size 32x38 [bgcolor=#EE82EE] [border: (1px inset #808080)] [r=1 c=10 rs=1 cs=1]
                RenderText {#text} at (2,2) size 23x34
                  text run at (2,2) width 23: "col"
                  text run at (2,19) width 10: "9"
            RenderTableRow {TR} at (0,82) size 481x38
              RenderTableCell {TD} at (95,153) size 81x55 [bgcolor=#FFFACD] [border: (1px inset #808080)] [r=2 c=1 rs=5 cs=1]
                RenderText {#text} at (2,2) size 53x17
                  text run at (2,2) width 53: "Data 2"
                RenderBR {BR} at (55,15) size 0x0
                RenderText {#text} at (2,19) size 61x34
                  text run at (2,19) width 61: "span=5"
                  text run at (2,36) width 38: "rows"
              RenderTableCell {TD} at (178,82) size 31x38 [bgcolor=#90EE90] [border: (1px inset #808080)] [r=2 c=2 rs=1 cs=1]
                RenderText {#text} at (2,2) size 23x34
                  text run at (2,2) width 23: "col"
                  text run at (2,19) width 10: "1"
              RenderTableCell {TD} at (211,82) size 31x38 [bgcolor=#90EE90] [border: (1px inset #808080)] [r=2 c=3 rs=1 cs=1]
                RenderText {#text} at (2,2) size 23x34
                  text run at (2,2) width 23: "col"
                  text run at (2,19) width 10: "2"
              RenderTableCell {TD} at (244,82) size 31x38 [bgcolor=#90EE90] [border: (1px inset #808080)] [r=2 c=4 rs=1 cs=1]
                RenderText {#text} at (2,2) size 23x34
                  text run at (2,2) width 23: "col"
                  text run at (2,19) width 10: "3"
              RenderTableCell {TD} at (277,82) size 32x38 [bgcolor=#90EE90] [border: (1px inset #808080)] [r=2 c=5 rs=1 cs=1]
                RenderText {#text} at (2,2) size 23x34
                  text run at (2,2) width 23: "col"
                  text run at (2,19) width 10: "4"
              RenderTableCell {TD} at (311,82) size 32x38 [bgcolor=#90EE90] [border: (1px inset #808080)] [r=2 c=6 rs=1 cs=1]
                RenderText {#text} at (2,2) size 23x34
                  text run at (2,2) width 23: "col"
                  text run at (2,19) width 10: "5"
              RenderTableCell {TD} at (345,82) size 32x38 [bgcolor=#90EE90] [border: (1px inset #808080)] [r=2 c=7 rs=1 cs=1]
                RenderText {#text} at (2,2) size 23x34
                  text run at (2,2) width 23: "col"
                  text run at (2,19) width 10: "6"
              RenderTableCell {TD} at (379,82) size 32x38 [bgcolor=#90EE90] [border: (1px inset #808080)] [r=2 c=8 rs=1 cs=1]
                RenderText {#text} at (2,2) size 23x34
                  text run at (2,2) width 23: "col"
                  text run at (2,19) width 10: "7"
              RenderTableCell {TD} at (413,82) size 32x38 [bgcolor=#90EE90] [border: (1px inset #808080)] [r=2 c=9 rs=1 cs=1]
                RenderText {#text} at (2,2) size 23x34
                  text run at (2,2) width 23: "col"
                  text run at (2,19) width 10: "8"
              RenderTableCell {TD} at (447,82) size 32x38 [bgcolor=#90EE90] [border: (1px inset #808080)] [r=2 c=10 rs=1 cs=1]
                RenderText {#text} at (2,2) size 23x34
                  text run at (2,2) width 23: "col"
                  text run at (2,19) width 10: "9"
            RenderTableRow {TR} at (0,122) size 481x38
              RenderTableCell {TD} at (178,122) size 31x38 [bgcolor=#90EE90] [border: (1px inset #808080)] [r=3 c=2 rs=1 cs=1]
                RenderText {#text} at (2,2) size 23x34
                  text run at (2,2) width 23: "col"
                  text run at (2,19) width 10: "1"
              RenderTableCell {TD} at (211,122) size 31x38 [bgcolor=#90EE90] [border: (1px inset #808080)] [r=3 c=3 rs=1 cs=1]
                RenderText {#text} at (2,2) size 23x34
                  text run at (2,2) width 23: "col"
                  text run at (2,19) width 10: "2"
              RenderTableCell {TD} at (244,122) size 31x38 [bgcolor=#90EE90] [border: (1px inset #808080)] [r=3 c=4 rs=1 cs=1]
                RenderText {#text} at (2,2) size 23x34
                  text run at (2,2) width 23: "col"
                  text run at (2,19) width 10: "3"
              RenderTableCell {TD} at (277,122) size 32x38 [bgcolor=#90EE90] [border: (1px inset #808080)] [r=3 c=5 rs=1 cs=1]
                RenderText {#text} at (2,2) size 23x34
                  text run at (2,2) width 23: "col"
                  text run at (2,19) width 10: "4"
              RenderTableCell {TD} at (311,122) size 32x38 [bgcolor=#90EE90] [border: (1px inset #808080)] [r=3 c=6 rs=1 cs=1]
                RenderText {#text} at (2,2) size 23x34
                  text run at (2,2) width 23: "col"
                  text run at (2,19) width 10: "5"
              RenderTableCell {TD} at (345,122) size 32x38 [bgcolor=#90EE90] [border: (1px inset #808080)] [r=3 c=7 rs=1 cs=1]
                RenderText {#text} at (2,2) size 23x34
                  text run at (2,2) width 23: "col"
                  text run at (2,19) width 10: "6"
              RenderTableCell {TD} at (379,122) size 32x38 [bgcolor=#90EE90] [border: (1px inset #808080)] [r=3 c=8 rs=1 cs=1]
                RenderText {#text} at (2,2) size 23x34
                  text run at (2,2) width 23: "col"
                  text run at (2,19) width 10: "7"
              RenderTableCell {TD} at (413,122) size 32x38 [bgcolor=#90EE90] [border: (1px inset #808080)] [r=3 c=9 rs=1 cs=1]
                RenderText {#text} at (2,2) size 23x34
                  text run at (2,2) width 23: "col"
                  text run at (2,19) width 10: "8"
              RenderTableCell {TD} at (447,122) size 32x38 [bgcolor=#90EE90] [border: (1px inset #808080)] [r=3 c=10 rs=1 cs=1]
                RenderText {#text} at (2,2) size 23x34
                  text run at (2,2) width 23: "col"
                  text run at (2,19) width 10: "9"
            RenderTableRow {TR} at (0,162) size 481x38
              RenderTableCell {TD} at (178,162) size 31x38 [bgcolor=#90EE90] [border: (1px inset #808080)] [r=4 c=2 rs=1 cs=1]
                RenderText {#text} at (2,2) size 23x34
                  text run at (2,2) width 23: "col"
                  text run at (2,19) width 10: "1"
              RenderTableCell {TD} at (211,162) size 31x38 [bgcolor=#90EE90] [border: (1px inset #808080)] [r=4 c=3 rs=1 cs=1]
                RenderText {#text} at (2,2) size 23x34
                  text run at (2,2) width 23: "col"
                  text run at (2,19) width 10: "2"
              RenderTableCell {TD} at (244,162) size 31x38 [bgcolor=#90EE90] [border: (1px inset #808080)] [r=4 c=4 rs=1 cs=1]
                RenderText {#text} at (2,2) size 23x34
                  text run at (2,2) width 23: "col"
                  text run at (2,19) width 10: "3"
              RenderTableCell {TD} at (277,162) size 32x38 [bgcolor=#90EE90] [border: (1px inset #808080)] [r=4 c=5 rs=1 cs=1]
                RenderText {#text} at (2,2) size 23x34
                  text run at (2,2) width 23: "col"
                  text run at (2,19) width 10: "4"
              RenderTableCell {TD} at (311,162) size 32x38 [bgcolor=#90EE90] [border: (1px inset #808080)] [r=4 c=6 rs=1 cs=1]
                RenderText {#text} at (2,2) size 23x34
                  text run at (2,2) width 23: "col"
                  text run at (2,19) width 10: "5"
              RenderTableCell {TD} at (345,162) size 32x38 [bgcolor=#90EE90] [border: (1px inset #808080)] [r=4 c=7 rs=1 cs=1]
                RenderText {#text} at (2,2) size 23x34
                  text run at (2,2) width 23: "col"
                  text run at (2,19) width 10: "6"
              RenderTableCell {TD} at (379,162) size 32x38 [bgcolor=#90EE90] [border: (1px inset #808080)] [r=4 c=8 rs=1 cs=1]
                RenderText {#text} at (2,2) size 23x34
                  text run at (2,2) width 23: "col"
                  text run at (2,19) width 10: "7"
              RenderTableCell {TD} at (413,162) size 32x38 [bgcolor=#90EE90] [border: (1px inset #808080)] [r=4 c=9 rs=1 cs=1]
                RenderText {#text} at (2,2) size 23x34
                  text run at (2,2) width 23: "col"
                  text run at (2,19) width 10: "8"
              RenderTableCell {TD} at (447,162) size 32x38 [bgcolor=#90EE90] [border: (1px inset #808080)] [r=4 c=10 rs=1 cs=1]
                RenderText {#text} at (2,2) size 23x34
                  text run at (2,2) width 23: "col"
                  text run at (2,19) width 10: "9"
            RenderTableRow {TR} at (0,202) size 481x38
              RenderTableCell {TD} at (178,202) size 31x38 [bgcolor=#90EE90] [border: (1px inset #808080)] [r=5 c=2 rs=1 cs=1]
                RenderText {#text} at (2,2) size 23x34
                  text run at (2,2) width 23: "col"
                  text run at (2,19) width 10: "1"
              RenderTableCell {TD} at (211,202) size 31x38 [bgcolor=#90EE90] [border: (1px inset #808080)] [r=5 c=3 rs=1 cs=1]
                RenderText {#text} at (2,2) size 23x34
                  text run at (2,2) width 23: "col"
                  text run at (2,19) width 10: "2"
              RenderTableCell {TD} at (244,202) size 31x38 [bgcolor=#90EE90] [border: (1px inset #808080)] [r=5 c=4 rs=1 cs=1]
                RenderText {#text} at (2,2) size 23x34
                  text run at (2,2) width 23: "col"
                  text run at (2,19) width 10: "3"
              RenderTableCell {TD} at (277,202) size 32x38 [bgcolor=#90EE90] [border: (1px inset #808080)] [r=5 c=5 rs=1 cs=1]
                RenderText {#text} at (2,2) size 23x34
                  text run at (2,2) width 23: "col"
                  text run at (2,19) width 10: "4"
              RenderTableCell {TD} at (311,202) size 32x38 [bgcolor=#90EE90] [border: (1px inset #808080)] [r=5 c=6 rs=1 cs=1]
                RenderText {#text} at (2,2) size 23x34
                  text run at (2,2) width 23: "col"
                  text run at (2,19) width 10: "5"
              RenderTableCell {TD} at (345,202) size 32x38 [bgcolor=#90EE90] [border: (1px inset #808080)] [r=5 c=7 rs=1 cs=1]
                RenderText {#text} at (2,2) size 23x34
                  text run at (2,2) width 23: "col"
                  text run at (2,19) width 10: "6"
              RenderTableCell {TD} at (379,202) size 32x38 [bgcolor=#90EE90] [border: (1px inset #808080)] [r=5 c=8 rs=1 cs=1]
                RenderText {#text} at (2,2) size 23x34
                  text run at (2,2) width 23: "col"
                  text run at (2,19) width 10: "7"
              RenderTableCell {TD} at (413,202) size 32x38 [bgcolor=#90EE90] [border: (1px inset #808080)] [r=5 c=9 rs=1 cs=1]
                RenderText {#text} at (2,2) size 23x34
                  text run at (2,2) width 23: "col"
                  text run at (2,19) width 10: "8"
              RenderTableCell {TD} at (447,202) size 32x38 [bgcolor=#90EE90] [border: (1px inset #808080)] [r=5 c=10 rs=1 cs=1]
                RenderText {#text} at (2,2) size 23x34
                  text run at (2,2) width 23: "col"
                  text run at (2,19) width 10: "9"
            RenderTableRow {TR} at (0,242) size 481x38
              RenderTableCell {TD} at (178,242) size 31x38 [bgcolor=#90EE90] [border: (1px inset #808080)] [r=6 c=2 rs=1 cs=1]
                RenderText {#text} at (2,2) size 23x34
                  text run at (2,2) width 23: "col"
                  text run at (2,19) width 10: "1"
              RenderTableCell {TD} at (211,242) size 31x38 [bgcolor=#90EE90] [border: (1px inset #808080)] [r=6 c=3 rs=1 cs=1]
                RenderText {#text} at (2,2) size 23x34
                  text run at (2,2) width 23: "col"
                  text run at (2,19) width 10: "2"
              RenderTableCell {TD} at (244,242) size 31x38 [bgcolor=#90EE90] [border: (1px inset #808080)] [r=6 c=4 rs=1 cs=1]
                RenderText {#text} at (2,2) size 23x34
                  text run at (2,2) width 23: "col"
                  text run at (2,19) width 10: "3"
              RenderTableCell {TD} at (277,242) size 32x38 [bgcolor=#90EE90] [border: (1px inset #808080)] [r=6 c=5 rs=1 cs=1]
                RenderText {#text} at (2,2) size 23x34
                  text run at (2,2) width 23: "col"
                  text run at (2,19) width 10: "4"
              RenderTableCell {TD} at (311,242) size 32x38 [bgcolor=#90EE90] [border: (1px inset #808080)] [r=6 c=6 rs=1 cs=1]
                RenderText {#text} at (2,2) size 23x34
                  text run at (2,2) width 23: "col"
                  text run at (2,19) width 10: "5"
              RenderTableCell {TD} at (345,242) size 32x38 [bgcolor=#90EE90] [border: (1px inset #808080)] [r=6 c=7 rs=1 cs=1]
                RenderText {#text} at (2,2) size 23x34
                  text run at (2,2) width 23: "col"
                  text run at (2,19) width 10: "6"
              RenderTableCell {TD} at (379,242) size 32x38 [bgcolor=#90EE90] [border: (1px inset #808080)] [r=6 c=8 rs=1 cs=1]
                RenderText {#text} at (2,2) size 23x34
                  text run at (2,2) width 23: "col"
                  text run at (2,19) width 10: "7"
              RenderTableCell {TD} at (413,242) size 32x38 [bgcolor=#90EE90] [border: (1px inset #808080)] [r=6 c=9 rs=1 cs=1]
                RenderText {#text} at (2,2) size 23x34
                  text run at (2,2) width 23: "col"
                  text run at (2,19) width 10: "8"
              RenderTableCell {TD} at (447,242) size 32x38 [bgcolor=#90EE90] [border: (1px inset #808080)] [r=6 c=10 rs=1 cs=1]
                RenderText {#text} at (2,2) size 23x34
                  text run at (2,2) width 23: "col"
                  text run at (2,19) width 10: "9"
            RenderTableRow {TR} at (0,282) size 481x38
              RenderTableCell {TH} at (2,313) size 91x55 [bgcolor=#FFE4C4] [border: (1px inset #808080)] [r=7 c=0 rs=3 cs=1]
                RenderText {#text} at (4,2) size 82x17
                  text run at (4,2) width 82: "Header 2"
                RenderBR {BR} at (86,15) size 0x0
                RenderText {#text} at (12,19) size 67x34
                  text run at (12,19) width 67: "span=3"
                  text run at (23,36) width 44: "rows"
                RenderText {#text} at (0,0) size 0x0
              RenderTableCell {TD} at (95,313) size 81x55 [bgcolor=#FFFACD] [border: (1px inset #808080)] [r=7 c=1 rs=3 cs=1]
                RenderText {#text} at (2,2) size 53x17
                  text run at (2,2) width 53: "Data 3"
                RenderBR {BR} at (55,15) size 0x0
                RenderText {#text} at (2,19) size 61x34
                  text run at (2,19) width 61: "span=3"
                  text run at (2,36) width 38: "rows"
              RenderTableCell {TD} at (178,282) size 31x38 [bgcolor=#ADD8E6] [border: (1px inset #808080)] [r=7 c=2 rs=1 cs=1]
                RenderText {#text} at (2,2) size 23x34
                  text run at (2,2) width 23: "col"
                  text run at (2,19) width 10: "1"
              RenderTableCell {TD} at (211,282) size 31x38 [bgcolor=#ADD8E6] [border: (1px inset #808080)] [r=7 c=3 rs=1 cs=1]
                RenderText {#text} at (2,2) size 23x34
                  text run at (2,2) width 23: "col"
                  text run at (2,19) width 10: "2"
              RenderTableCell {TD} at (244,282) size 31x38 [bgcolor=#ADD8E6] [border: (1px inset #808080)] [r=7 c=4 rs=1 cs=1]
                RenderText {#text} at (2,2) size 23x34
                  text run at (2,2) width 23: "col"
                  text run at (2,19) width 10: "3"
              RenderTableCell {TD} at (277,282) size 32x38 [bgcolor=#ADD8E6] [border: (1px inset #808080)] [r=7 c=5 rs=1 cs=1]
                RenderText {#text} at (2,2) size 23x34
                  text run at (2,2) width 23: "col"
                  text run at (2,19) width 10: "4"
              RenderTableCell {TD} at (311,282) size 32x38 [bgcolor=#ADD8E6] [border: (1px inset #808080)] [r=7 c=6 rs=1 cs=1]
                RenderText {#text} at (2,2) size 23x34
                  text run at (2,2) width 23: "col"
                  text run at (2,19) width 10: "5"
              RenderTableCell {TD} at (345,282) size 32x38 [bgcolor=#ADD8E6] [border: (1px inset #808080)] [r=7 c=7 rs=1 cs=1]
                RenderText {#text} at (2,2) size 23x34
                  text run at (2,2) width 23: "col"
                  text run at (2,19) width 10: "6"
              RenderTableCell {TD} at (379,282) size 32x38 [bgcolor=#ADD8E6] [border: (1px inset #808080)] [r=7 c=8 rs=1 cs=1]
                RenderText {#text} at (2,2) size 23x34
                  text run at (2,2) width 23: "col"
                  text run at (2,19) width 10: "7"
              RenderTableCell {TD} at (413,282) size 32x38 [bgcolor=#ADD8E6] [border: (1px inset #808080)] [r=7 c=9 rs=1 cs=1]
                RenderText {#text} at (2,2) size 23x34
                  text run at (2,2) width 23: "col"
                  text run at (2,19) width 10: "8"
              RenderTableCell {TD} at (447,282) size 32x38 [bgcolor=#ADD8E6] [border: (1px inset #808080)] [r=7 c=10 rs=1 cs=1]
                RenderText {#text} at (2,2) size 23x34
                  text run at (2,2) width 23: "col"
                  text run at (2,19) width 10: "9"
            RenderTableRow {TR} at (0,322) size 481x38
              RenderTableCell {TD} at (178,322) size 31x38 [bgcolor=#ADD8E6] [border: (1px inset #808080)] [r=8 c=2 rs=1 cs=1]
                RenderText {#text} at (2,2) size 23x34
                  text run at (2,2) width 23: "col"
                  text run at (2,19) width 10: "1"
              RenderTableCell {TD} at (211,322) size 31x38 [bgcolor=#ADD8E6] [border: (1px inset #808080)] [r=8 c=3 rs=1 cs=1]
                RenderText {#text} at (2,2) size 23x34
                  text run at (2,2) width 23: "col"
                  text run at (2,19) width 10: "2"
              RenderTableCell {TD} at (244,322) size 31x38 [bgcolor=#ADD8E6] [border: (1px inset #808080)] [r=8 c=4 rs=1 cs=1]
                RenderText {#text} at (2,2) size 23x34
                  text run at (2,2) width 23: "col"
                  text run at (2,19) width 10: "3"
              RenderTableCell {TD} at (277,322) size 32x38 [bgcolor=#ADD8E6] [border: (1px inset #808080)] [r=8 c=5 rs=1 cs=1]
                RenderText {#text} at (2,2) size 23x34
                  text run at (2,2) width 23: "col"
                  text run at (2,19) width 10: "4"
              RenderTableCell {TD} at (311,322) size 32x38 [bgcolor=#ADD8E6] [border: (1px inset #808080)] [r=8 c=6 rs=1 cs=1]
                RenderText {#text} at (2,2) size 23x34
                  text run at (2,2) width 23: "col"
                  text run at (2,19) width 10: "5"
              RenderTableCell {TD} at (345,322) size 32x38 [bgcolor=#ADD8E6] [border: (1px inset #808080)] [r=8 c=7 rs=1 cs=1]
                RenderText {#text} at (2,2) size 23x34
                  text run at (2,2) width 23: "col"
                  text run at (2,19) width 10: "6"
              RenderTableCell {TD} at (379,322) size 32x38 [bgcolor=#ADD8E6] [border: (1px inset #808080)] [r=8 c=8 rs=1 cs=1]
                RenderText {#text} at (2,2) size 23x34
                  text run at (2,2) width 23: "col"
                  text run at (2,19) width 10: "7"
              RenderTableCell {TD} at (413,322) size 32x38 [bgcolor=#ADD8E6] [border: (1px inset #808080)] [r=8 c=9 rs=1 cs=1]
                RenderText {#text} at (2,2) size 23x34
                  text run at (2,2) width 23: "col"
                  text run at (2,19) width 10: "8"
              RenderTableCell {TD} at (447,322) size 32x38 [bgcolor=#ADD8E6] [border: (1px inset #808080)] [r=8 c=10 rs=1 cs=1]
                RenderText {#text} at (2,2) size 23x34
                  text run at (2,2) width 23: "col"
                  text run at (2,19) width 10: "9"
            RenderTableRow {TR} at (0,362) size 481x38
              RenderTableCell {TD} at (178,362) size 31x38 [bgcolor=#ADD8E6] [border: (1px inset #808080)] [r=9 c=2 rs=1 cs=1]
                RenderText {#text} at (2,2) size 23x34
                  text run at (2,2) width 23: "col"
                  text run at (2,19) width 10: "1"
              RenderTableCell {TD} at (211,362) size 31x38 [bgcolor=#ADD8E6] [border: (1px inset #808080)] [r=9 c=3 rs=1 cs=1]
                RenderText {#text} at (2,2) size 23x34
                  text run at (2,2) width 23: "col"
                  text run at (2,19) width 10: "2"
              RenderTableCell {TD} at (244,362) size 31x38 [bgcolor=#ADD8E6] [border: (1px inset #808080)] [r=9 c=4 rs=1 cs=1]
                RenderText {#text} at (2,2) size 23x34
                  text run at (2,2) width 23: "col"
                  text run at (2,19) width 10: "3"
              RenderTableCell {TD} at (277,362) size 32x38 [bgcolor=#ADD8E6] [border: (1px inset #808080)] [r=9 c=5 rs=1 cs=1]
                RenderText {#text} at (2,2) size 23x34
                  text run at (2,2) width 23: "col"
                  text run at (2,19) width 10: "4"
              RenderTableCell {TD} at (311,362) size 32x38 [bgcolor=#ADD8E6] [border: (1px inset #808080)] [r=9 c=6 rs=1 cs=1]
                RenderText {#text} at (2,2) size 23x34
                  text run at (2,2) width 23: "col"
                  text run at (2,19) width 10: "5"
              RenderTableCell {TD} at (345,362) size 32x38 [bgcolor=#ADD8E6] [border: (1px inset #808080)] [r=9 c=7 rs=1 cs=1]
                RenderText {#text} at (2,2) size 23x34
                  text run at (2,2) width 23: "col"
                  text run at (2,19) width 10: "6"
              RenderTableCell {TD} at (379,362) size 32x38 [bgcolor=#ADD8E6] [border: (1px inset #808080)] [r=9 c=8 rs=1 cs=1]
                RenderText {#text} at (2,2) size 23x34
                  text run at (2,2) width 23: "col"
                  text run at (2,19) width 10: "7"
              RenderTableCell {TD} at (413,362) size 32x38 [bgcolor=#ADD8E6] [border: (1px inset #808080)] [r=9 c=9 rs=1 cs=1]
                RenderText {#text} at (2,2) size 23x34
                  text run at (2,2) width 23: "col"
                  text run at (2,19) width 10: "8"
              RenderTableCell {TD} at (447,362) size 32x38 [bgcolor=#ADD8E6] [border: (1px inset #808080)] [r=9 c=10 rs=1 cs=1]
                RenderText {#text} at (2,2) size 23x34
                  text run at (2,2) width 23: "col"
                  text run at (2,19) width 10: "9"
      RenderBlock {P} at (0,2592) size 784x0
      RenderBlock {HR} at (0,2592) size 784x2 [border: (1px inset #000000)]
      RenderBlock (anonymous) at (0,2602) size 784x17
        RenderImage {IMG} at (0,0) size 13x13
        RenderText {#text} at (13,0) size 163x17
          text run at (13,0) width 163: " Created 9/19/96 by "
        RenderInline {A} at (0,0) size 99x17 [color=#0000EE]
          RenderText {#text} at (176,0) size 99x17
            text run at (176,0) width 99: "Ronald Greti"
        RenderBR {BR} at (275,13) size 0x0
      RenderBlock {P} at (0,2635) size 784x17
        RenderBR {BR} at (0,0) size 0x17
