layer at (0,0) size 800x600
  RenderView at (0,0) size 800x600
layer at (0,0) size 800x600
  RenderBlock {HTML} at (0,0) size 800x600
    RenderBody {BODY} at (8,8) size 784x576
      RenderBlock {CENTER} at (0,0) size 784x160
        RenderTable {TABLE} at (329,0) size 126x78 [border: none]
          RenderTableSection {THEAD} at (0,0) size 125x20
            RenderTableRow {TR} at (0,0) size 125x20
              RenderTableCell {TD} at (0,0) size 37x20 [border: (1px none #808080) none none (1px solid #808080)] [r=0 c=0 rs=1 cs=1]
                RenderText {#text} at (2,2) size 30x17
                  text run at (2,2) width 30: "EST"
              RenderTableCell {TD} at (37,0) size 39x20 [border: (1px none #808080) none none (1px solid #808080)] [r=0 c=1 rs=1 cs=1]
                RenderText {#text} at (2,2) size 36x17
                  text run at (2,2) width 36: "1am"
              RenderTableCell {TD} at (76,0) size 49x20 [border: (1px none #808080) none none (1px solid #808080)] [r=0 c=2 rs=1 cs=1]
                RenderText {#text} at (2,2) size 36x17
                  text run at (2,2) width 36: "8pm"
          RenderTableSection {TBODY} at (0,20) size 125x38
            RenderTableRow {TR} at (0,0) size 125x19
              RenderTableCell {TD} at (0,0) size 37x19 [border: none none none (1px solid #808080)] [r=0 c=0 rs=1 cs=1]
                RenderText {#text} at (2,1) size 31x17
                  text run at (2,1) width 31: "CST"
              RenderTableCell {TD} at (37,0) size 39x19 [border: none none none (1px solid #808080)] [r=0 c=1 rs=1 cs=1]
                RenderText {#text} at (2,1) size 36x17
                  text run at (2,1) width 36: "2am"
              RenderTableCell {TD} at (76,0) size 49x19 [border: none none none (1px solid #808080)] [r=0 c=2 rs=1 cs=1]
                RenderText {#text} at (2,1) size 36x17
                  text run at (2,1) width 36: "9pm"
            RenderTableRow {TR} at (0,19) size 125x19
              RenderTableCell {TD} at (0,19) size 37x19 [border: none none none (1px solid #808080)] [r=1 c=0 rs=1 cs=1]
                RenderText {#text} at (2,1) size 34x17
                  text run at (2,1) width 34: "MST"
              RenderTableCell {TD} at (37,19) size 39x19 [border: none none none (1px solid #808080)] [r=1 c=1 rs=1 cs=1]
                RenderText {#text} at (2,1) size 36x17
                  text run at (2,1) width 36: "3am"
              RenderTableCell {TD} at (76,19) size 49x19 [border: none none none (1px solid #808080)] [r=1 c=2 rs=1 cs=1]
                RenderText {#text} at (2,1) size 46x17
                  text run at (2,1) width 46: "10pm"
          RenderTableSection {TFOOT} at (0,58) size 125x19
            RenderTableRow {TR} at (0,0) size 125x19
              RenderTableCell {TD} at (0,0) size 37x19 [border: none none none (1px solid #808080)] [r=0 c=0 rs=1 cs=1]
                RenderText {#text} at (2,1) size 30x17
                  text run at (2,1) width 30: "PST"
              RenderTableCell {TD} at (37,0) size 39x19 [border: none none none (1px solid #808080)] [r=0 c=1 rs=1 cs=1]
                RenderText {#text} at (2,1) size 36x17
                  text run at (2,1) width 36: "4am"
              RenderTableCell {TD} at (76,0) size 49x19 [border: none none none (1px solid #808080)] [r=0 c=2 rs=1 cs=1]
                RenderText {#text} at (2,1) size 46x17
                  text run at (2,1) width 46: "11pm"
        RenderBlock {P} at (0,94) size 784x66
          RenderButton {BUTTON} at (212,2) size 105x27 [bgcolor=#C0C0C0] [border: (2px outset #C0C0C0)]
            RenderBlock (anonymous) at (8,5) size 89x17
              RenderText {#text} at (0,0) size 89x17
                text run at (0,0) width 27: "No "
                text run at (27,0) width 62: "borders"
          RenderButton {BUTTON} at (323,2) size 138x27 [bgcolor=#C0C0C0] [border: (2px outset #C0C0C0)]
            RenderBlock (anonymous) at (8,5) size 122x17
              RenderText {#text} at (0,0) size 122x17
                text run at (0,0) width 68: "Exterior "
                text run at (68,0) width 54: "border"
          RenderButton {BUTTON} at (467,2) size 102x27 [bgcolor=#C0C0C0] [border: (2px outset #C0C0C0)]
            RenderBlock (anonymous) at (8,5) size 86x17
              RenderText {#text} at (0,0) size 86x17
                text run at (0,0) width 24: "All "
                text run at (24,0) width 62: "borders"
          RenderBR {BR} at (573,20) size 0x0
          RenderButton {BUTTON} at (162,35) size 144x27 [bgcolor=#C0C0C0] [border: (2px outset #C0C0C0)]
            RenderBlock (anonymous) at (8,5) size 128x17
              RenderText {#text} at (0,0) size 128x17
                text run at (0,0) width 66: "Column "
                text run at (66,0) width 62: "borders"
          RenderButton {BUTTON} at (312,35) size 140x27 [bgcolor=#C0C0C0] [border: (2px outset #C0C0C0)]
            RenderBlock (anonymous) at (8,5) size 124x17
              RenderText {#text} at (0,0) size 124x17
                text run at (0,0) width 62: "Groups "
                text run at (62,0) width 62: "borders"
          RenderButton {BUTTON} at (458,35) size 161x27 [bgcolor=#C0C0C0] [border: (2px outset #C0C0C0)]
            RenderBlock (anonymous) at (8,5) size 145x17
              RenderText {#text} at (0,0) size 145x17
                text run at (0,0) width 48: "Table "
                text run at (48,0) width 97: "row borders"
          RenderText {#text} at (0,0) size 0x0
