layer at (0,0) size 800x600
  RenderView at (0,0) size 800x600
layer at (0,0) size 800x159
  RenderBlock {HTML} at (0,0) size 800x159
    RenderBody {BODY} at (8,13) size 784x138
      RenderBlock {PRE} at (0,0) size 784x51
        RenderText {#text} at (0,0) size 168x51
          text run at (0,0) width 120: "table width=50%"
          text run at (120,0) width 0: " "
          text run at (0,17) width 96: "  td nowrap "
          text run at (96,17) width 0: " "
          text run at (0,34) width 168: "    input width=100% "
          text run at (168,34) width 0: " "
      RenderTable {TABLE} at (0,64) size 392x57 [bgcolor=#C0C0C0] [border: (1px outset #808080)]
        RenderTableSection {TBODY} at (1,1) size 390x55
          RenderTableRow {TR} at (0,2) size 390x51
            RenderTableCell {TD} at (2,2) size 386x51 [bgcolor=#AABBFF] [border: (1px inset #808080)] [r=0 c=0 rs=1 cs=1]
              RenderTextControl {INPUT} at (9,11) size 374x27 [bgcolor=#FFFFFF] [border: (2px inset #000000)]
              RenderText {#text} at (0,0) size 0x0
      RenderBlock (anonymous) at (0,121) size 784x17
        RenderBR {BR} at (0,0) size 0x17
layer at (23,96) size 368x17
  RenderBlock {DIV} at (3,5) size 368x17
