layer at (0,0) size 820x600
  RenderView at (0,0) size 800x600
layer at (0,0) size 820x600
  RenderBlock {HTML} at (0,0) size 800x600
    RenderBody {BODY} at (8,8) size 784x576
      RenderBlock {H2} at (0,0) size 784x25
        RenderText {#text} at (0,0) size 458x25
          text run at (0,0) width 458: "SeaMonkey XPInstall Trigger Page"
      RenderBlock {HR} at (0,44) size 784x2 [border: (1px inset #000000)]
      RenderBlock {FORM} at (0,54) size 784x95
        RenderTable {TABLE} at (0,0) size 812x95
          RenderTableSection {TBODY} at (0,0) size 812x95
            RenderTableRow {TR} at (0,2) size 812x36
              RenderTableCell {TD} at (2,2) size 66x36 [r=0 c=0 rs=1 cs=1]
                RenderInline {B} at (0,0) size 64x34
                  RenderText {#text} at (1,1) size 64x34
                    text run at (1,1) width 64: "Trigger"
                    text run at (1,18) width 41: "URL:"
              RenderTableCell {TD} at (70,2) size 615x35 [r=0 c=1 rs=1 cs=1]
                RenderTextControl {INPUT} at (3,3) size 607x27 [bgcolor=#FFFFFF] [border: (2px inset #000000)]
              RenderTableCell {TD} at (687,2) size 123x35 [r=0 c=2 rs=1 cs=1]
                RenderButton {INPUT} at (3,3) size 73x27 [bgcolor=#C0C0C0] [border: (2px outset #C0C0C0)]
                  RenderBlock (anonymous) at (8,5) size 57x17
                    RenderText at (0,0) size 57x17
                      text run at (0,0) width 57: "Trigger"
            RenderTableRow {TR} at (0,40) size 812x53
              RenderTableCell {TD} at (2,40) size 66x53 [r=1 c=0 rs=1 cs=1]
                RenderInline {B} at (0,0) size 50x51
                  RenderText {#text} at (1,1) size 50x51
                    text run at (1,1) width 34: "Run"
                    text run at (1,18) width 39: "Test"
                    text run at (1,35) width 50: "Case:"
              RenderTableCell {TD} at (70,47) size 615x38 [r=1 c=1 rs=1 cs=1]
                RenderMenuList {SELECT} at (3,3) size 396x32 [bgcolor=#FFFFFF] [border: (1px solid #000000)]
                  RenderBlock (anonymous) at (9,7) size 350x17
                    RenderText at (0,0) size 107x17
                      text run at (0,0) width 107: "a_abortinstall"
                RenderText {#text} at (0,0) size 0x0
              RenderTableCell {TD} at (687,49) size 123x35 [r=1 c=2 rs=1 cs=1]
                RenderButton {INPUT} at (3,3) size 115x27 [bgcolor=#C0C0C0] [border: (2px outset #C0C0C0)]
                  RenderBlock (anonymous) at (8,5) size 99x17
                    RenderText at (0,0) size 99x17
                      text run at (0,0) width 99: "Trigger case"
layer at (84,72) size 601x17
  RenderBlock {DIV} at (3,5) size 601x17
    RenderText {#text} at (1,0) size 140x17
      text run at (1,0) width 140: "http://jimbob/jars/"
