layer at (0,0) size 800x600
  RenderView at (0,0) size 800x600
layer at (0,0) size 800x600
  RenderBlock {HTML} at (0,0) size 800x600
    RenderBody {BODY} at (8,8) size 784x584 [bgcolor=#C0C0C0]
      RenderTable {TABLE} at (0,0) size 784x84 [border: (4px outset #808080)]
        RenderTableSection {TBODY} at (4,4) size 776x76
          RenderTableRow {TR} at (0,2) size 776x72
            RenderTableCell {TD} at (2,18) size 716x39 [border: (1px inset #808080)] [r=0 c=0 rs=1 cs=1]
              RenderTable {TABLE} at (2,2) size 115x35 [border: (5px outset #808080)]
                RenderTableSection {TBODY} at (5,5) size 105x25
                  RenderTableRow {TR} at (0,2) size 105x21
                    RenderTableCell {TD} at (2,2) size 101x21 [border: (1px inset #808080)] [r=0 c=0 rs=1 cs=1]
                      RenderText {#text} at (2,2) size 55x17
                        text run at (2,2) width 55: "This is "
                      RenderText {#text} at (57,2) size 42x17
                        text run at (57,2) width 42: "cell 1"
            RenderTableCell {TD} at (720,2) size 54x72 [border: (1px inset #808080)] [r=0 c=1 rs=1 cs=1]
              RenderText {#text} at (2,2) size 50x68
                text run at (2,2) width 40: "Hello"
                text run at (2,19) width 50: "world!"
                text run at (2,36) width 40: "Hello"
                text run at (2,53) width 50: "world!"
