layer at (0,0) size 800x600
  RenderView at (0,0) size 800x600
layer at (0,0) size 800x600
  RenderBlock {HTML} at (0,0) size 800x600
    RenderBody {BODY} at (8,8) size 784x584
      RenderBlock (anonymous) at (0,0) size 784x136
        RenderText {#text} at (0,0) size 781x136
          text run at (0,0) width 647: "Here's the HTML test case, extracted from the Netcenter Address Book page. At "
          text run at (647,0) width 109: "the top of the"
          text run at (0,17) width 417: "address book is a \"tool bar\" with options like \"New,\" "
          text run at (417,17) width 325: "\"Directory,\" \"Sign-out,\" \"Customize,\" etc."
          text run at (0,34) width 255: "These are areas in a client side "
          text run at (255,34) width 488: "image map. You should be able to click on these areas of the"
          text run at (0,51) width 153: "map, including the "
          text run at (153,51) width 628: "areas on the right side of the map. However, in NGLayout, the right side of the"
          text run at (0,68) width 580: "map isn't \"clickable\" -- the cursor doesn't change and the link cannot be "
          text run at (580,68) width 98: "\"activated.\" "
          text run at (678,68) width 49: "I think"
          text run at (0,85) width 615: "somewhere we're miscalculating where the imagemap's areas are, because "
          text run at (615,85) width 163: "the areas on the left"
          text run at (0,102) width 456: "still work, although clicking on them sometimes crashes. "
          text run at (456,102) width 273: "It's as though NGLayout thinks the"
          text run at (0,119) width 287: "Imagemap areas are located a few "
          text run at (287,119) width 210: "hundred pixels to the left. "
        RenderBR {BR} at (0,0) size 0x0
      RenderTable {TABLE} at (0,136) size 698x63
        RenderTableSection {TBODY} at (0,0) size 698x63
          RenderTableRow {TR} at (0,2) size 698x59
            RenderTableCell {TD} at (2,22) size 238x19 [r=0 c=0 rs=1 cs=1]
              RenderText {#text} at (1,1) size 236x17
                text run at (1,1) width 236: "Let's put some space in here!"
            RenderTableCell {TD} at (242,2) size 454x59 [r=0 c=1 rs=1 cs=1]
              RenderTable {TABLE} at (1,1) size 452x57
                RenderTableSection {TBODY} at (0,0) size 452x57
                  RenderTableRow {TR} at (0,2) size 452x53
                    RenderTableCell {TD} at (2,2) size 448x53 [r=0 c=0 rs=1 cs=1]
                      RenderTable {TABLE} at (1,1) size 446x51
                        RenderTableSection {TBODY} at (0,0) size 446x51
                          RenderTableRow {TR} at (0,2) size 446x47
                            RenderTableCell {TD} at (2,2) size 442x47 [r=0 c=0 rs=1 cs=1]
                              RenderImage {IMG} at (1,45) size 4x1
                              RenderImage {IMG} at (5,6) size 436x35
                              RenderText {#text} at (0,0) size 0x0
                              RenderInline {MAP} at (0,0) size 0x0
                                RenderText {#text} at (0,0) size 0x0
                                RenderText {#text} at (0,0) size 0x0
                                RenderText {#text} at (0,0) size 0x0
                                RenderText {#text} at (0,0) size 0x0
                                RenderText {#text} at (0,0) size 0x0
                                RenderText {#text} at (0,0) size 0x0
                                RenderText {#text} at (0,0) size 0x0
                                RenderText {#text} at (0,0) size 0x0
                                RenderText {#text} at (0,0) size 0x0
                                RenderText {#text} at (0,0) size 0x0
                              RenderText {#text} at (0,0) size 0x0
