layer at (0,0) size 800x600
  RenderView at (0,0) size 800x600
layer at (0,0) size 800x544
  RenderBlock {HTML} at (0,0) size 800x544
    RenderBody {BODY} at (8,8) size 784x523
      RenderTable {TABLE} at (0,0) size 25x0
        RenderTableSection {TBODY} at (0,0) size 25x0
          RenderTableRow {TR} at (0,0) size 25x0
            RenderTableCell {TD} at (0,0) size 2x0 [r=0 c=0 rs=1 cs=1]
            RenderTableCell {TD} at (2,0) size 1x0 [r=0 c=1 rs=1 cs=1]
            RenderTableCell {TD} at (3,0) size 1x0 [r=0 c=2 rs=1 cs=1]
            RenderTableCell {TD} at (4,0) size 1x0 [r=0 c=3 rs=1 cs=1]
            RenderTableCell {TD} at (5,0) size 1x0 [r=0 c=4 rs=1 cs=1]
            RenderTableCell {TD} at (6,0) size 1x0 [r=0 c=5 rs=1 cs=1]
            RenderTableCell {TD} at (7,0) size 1x0 [r=0 c=6 rs=1 cs=1]
            RenderTableCell {TD} at (8,0) size 1x0 [r=0 c=7 rs=1 cs=1]
            RenderTableCell {TD} at (9,0) size 1x0 [r=0 c=8 rs=1 cs=1]
            RenderTableCell {TD} at (10,0) size 1x0 [r=0 c=9 rs=1 cs=1]
            RenderTableCell {TD} at (11,0) size 1x0 [r=0 c=10 rs=1 cs=1]
            RenderTableCell {TD} at (12,0) size 1x0 [r=0 c=11 rs=1 cs=1]
            RenderTableCell {TD} at (13,0) size 1x0 [r=0 c=12 rs=1 cs=1]
            RenderTableCell {TD} at (14,0) size 1x0 [r=0 c=13 rs=1 cs=1]
            RenderTableCell {TD} at (15,0) size 1x0 [r=0 c=14 rs=1 cs=1]
            RenderTableCell {TD} at (16,0) size 1x0 [r=0 c=15 rs=1 cs=1]
            RenderTableCell {TD} at (17,0) size 8x0 [r=0 c=16 rs=1 cs=1]
      RenderTable {TABLE} at (0,0) size 12x0
        RenderTableSection {TBODY} at (0,0) size 12x0
          RenderTableRow {TR} at (0,0) size 12x0
            RenderTableCell {TD} at (0,0) size 1x0 [r=0 c=0 rs=1 cs=1]
            RenderTableCell {TD} at (1,0) size 1x0 [r=0 c=1 rs=1 cs=1]
            RenderTableCell {TD} at (2,0) size 1x0 [r=0 c=2 rs=1 cs=1]
            RenderTableCell {TD} at (3,0) size 1x0 [r=0 c=3 rs=1 cs=1]
            RenderTableCell {TD} at (4,0) size 8x0 [r=0 c=4 rs=1 cs=1]
      RenderTable {TABLE} at (0,0) size 13x0
        RenderTableSection {TBODY} at (0,0) size 13x0
          RenderTableRow {TR} at (0,0) size 13x0
            RenderTableCell {TD} at (0,0) size 2x0 [r=0 c=0 rs=1 cs=1]
            RenderTableCell {TD} at (2,0) size 1x0 [r=0 c=1 rs=1 cs=1]
            RenderTableCell {TD} at (3,0) size 1x0 [r=0 c=2 rs=1 cs=1]
            RenderTableCell {TD} at (4,0) size 1x0 [r=0 c=3 rs=1 cs=1]
            RenderTableCell {TD} at (5,0) size 8x0 [r=0 c=4 rs=1 cs=1]
      RenderTable {TABLE} at (0,0) size 24x0
        RenderTableSection {TBODY} at (0,0) size 24x0
          RenderTableRow {TR} at (0,0) size 24x0
            RenderTableCell {TD} at (0,0) size 2x0 [r=0 c=0 rs=1 cs=1]
            RenderTableCell {TD} at (2,0) size 2x0 [r=0 c=1 rs=1 cs=1]
            RenderTableCell {TD} at (4,0) size 2x0 [r=0 c=2 rs=1 cs=1]
            RenderTableCell {TD} at (6,0) size 2x0 [r=0 c=3 rs=1 cs=1]
            RenderTableCell {TD} at (8,0) size 16x0 [r=0 c=4 rs=1 cs=1]
      RenderTable {TABLE} at (0,0) size 25x0
        RenderTableSection {TBODY} at (0,0) size 25x0
          RenderTableRow {TR} at (0,0) size 25x0
            RenderTableCell {TD} at (0,0) size 3x0 [r=0 c=0 rs=1 cs=1]
            RenderTableCell {TD} at (3,0) size 2x0 [r=0 c=1 rs=1 cs=1]
            RenderTableCell {TD} at (5,0) size 2x0 [r=0 c=2 rs=1 cs=1]
            RenderTableCell {TD} at (7,0) size 2x0 [r=0 c=3 rs=1 cs=1]
            RenderTableCell {TD} at (9,0) size 16x0 [r=0 c=4 rs=1 cs=1]
      RenderTable {TABLE} at (0,0) size 17x0
        RenderTableSection {TBODY} at (0,0) size 17x0
          RenderTableRow {TR} at (0,0) size 17x0
            RenderTableCell {TD} at (0,0) size 2x0 [r=0 c=0 rs=1 cs=1]
            RenderTableCell {TD} at (2,0) size 2x0 [r=0 c=1 rs=1 cs=1]
            RenderTableCell {TD} at (4,0) size 2x0 [r=0 c=2 rs=1 cs=1]
            RenderTableCell {TD} at (6,0) size 2x0 [r=0 c=3 rs=1 cs=1]
            RenderTableCell {TD} at (8,0) size 2x0 [r=0 c=4 rs=1 cs=1]
            RenderTableCell {TD} at (10,0) size 2x0 [r=0 c=5 rs=1 cs=1]
            RenderTableCell {TD} at (12,0) size 2x0 [r=0 c=6 rs=1 cs=1]
            RenderTableCell {TD} at (14,0) size 1x0 [r=0 c=7 rs=1 cs=1]
            RenderTableCell {TD} at (15,0) size 1x0 [r=0 c=8 rs=1 cs=1]
            RenderTableCell {TD} at (16,0) size 1x0 [r=0 c=9 rs=1 cs=1]
      RenderBlock {PRE} at (0,13) size 784x510
        RenderText {#text} at (0,0) size 216x17
          text run at (0,0) width 216: "Specified table width: 25px"
          text run at (216,0) width 0: " "
        RenderText {#text} at (0,17) size 216x17
          text run at (0,17) width 216: "Actual table width:    25px"
          text run at (216,17) width 0: " "
        RenderText {#text} at (0,34) size 168x17
          text run at (0,34) width 168: "Specified TD widths: "
        RenderText {#text} at (168,34) size 32x17
          text run at (168,34) width 32: "1px "
        RenderText {#text} at (200,34) size 32x17
          text run at (200,34) width 32: "1px "
        RenderText {#text} at (232,34) size 32x17
          text run at (232,34) width 32: "1px "
        RenderText {#text} at (264,34) size 32x17
          text run at (264,34) width 32: "1px "
        RenderText {#text} at (296,34) size 32x17
          text run at (296,34) width 32: "1px "
        RenderText {#text} at (328,34) size 32x17
          text run at (328,34) width 32: "1px "
        RenderText {#text} at (360,34) size 32x17
          text run at (360,34) width 32: "1px "
        RenderText {#text} at (392,34) size 32x17
          text run at (392,34) width 32: "1px "
        RenderText {#text} at (424,34) size 32x17
          text run at (424,34) width 32: "1px "
        RenderText {#text} at (456,34) size 32x17
          text run at (456,34) width 32: "1px "
        RenderText {#text} at (488,34) size 32x17
          text run at (488,34) width 32: "1px "
        RenderText {#text} at (520,34) size 32x17
          text run at (520,34) width 32: "1px "
        RenderText {#text} at (552,34) size 32x17
          text run at (552,34) width 32: "1px "
        RenderText {#text} at (584,34) size 32x17
          text run at (584,34) width 32: "1px "
        RenderText {#text} at (616,34) size 32x17
          text run at (616,34) width 32: "1px "
        RenderText {#text} at (648,34) size 32x17
          text run at (648,34) width 32: "1px "
        RenderText {#text} at (680,34) size 32x17
          text run at (680,34) width 32: "8px "
        RenderText {#text} at (712,34) size 0x17
          text run at (712,34) width 0: " "
        RenderText {#text} at (0,51) size 168x17
          text run at (0,51) width 168: "Actual TD widths:    "
        RenderText {#text} at (168,51) size 32x17
          text run at (168,51) width 32: "2px "
        RenderText {#text} at (200,51) size 32x17
          text run at (200,51) width 32: "1px "
        RenderText {#text} at (232,51) size 32x17
          text run at (232,51) width 32: "1px "
        RenderText {#text} at (264,51) size 32x17
          text run at (264,51) width 32: "1px "
        RenderText {#text} at (296,51) size 32x17
          text run at (296,51) width 32: "1px "
        RenderText {#text} at (328,51) size 32x17
          text run at (328,51) width 32: "1px "
        RenderText {#text} at (360,51) size 32x17
          text run at (360,51) width 32: "1px "
        RenderText {#text} at (392,51) size 32x17
          text run at (392,51) width 32: "1px "
        RenderText {#text} at (424,51) size 32x17
          text run at (424,51) width 32: "1px "
        RenderText {#text} at (456,51) size 32x17
          text run at (456,51) width 32: "1px "
        RenderText {#text} at (488,51) size 32x17
          text run at (488,51) width 32: "1px "
        RenderText {#text} at (520,51) size 32x17
          text run at (520,51) width 32: "1px "
        RenderText {#text} at (552,51) size 32x17
          text run at (552,51) width 32: "1px "
        RenderText {#text} at (584,51) size 32x17
          text run at (584,51) width 32: "1px "
        RenderText {#text} at (616,51) size 32x17
          text run at (616,51) width 32: "1px "
        RenderText {#text} at (648,51) size 32x17
          text run at (648,51) width 32: "1px "
        RenderText {#text} at (680,51) size 32x17
          text run at (680,51) width 32: "8px "
        RenderText {#text} at (712,51) size 712x34
          text run at (712,51) width 0: " "
          text run at (0,68) width 0: " "
        RenderText {#text} at (0,85) size 216x17
          text run at (0,85) width 216: "Specified table width: 12px"
          text run at (216,85) width 0: " "
        RenderText {#text} at (0,102) size 216x17
          text run at (0,102) width 216: "Actual table width:    12px"
          text run at (216,102) width 0: " "
        RenderText {#text} at (0,119) size 168x17
          text run at (0,119) width 168: "Specified TD widths: "
        RenderText {#text} at (168,119) size 32x17
          text run at (168,119) width 32: "1px "
        RenderText {#text} at (200,119) size 32x17
          text run at (200,119) width 32: "1px "
        RenderText {#text} at (232,119) size 32x17
          text run at (232,119) width 32: "1px "
        RenderText {#text} at (264,119) size 32x17
          text run at (264,119) width 32: "1px "
        RenderText {#text} at (296,119) size 32x17
          text run at (296,119) width 32: "8px "
        RenderText {#text} at (328,119) size 0x17
          text run at (328,119) width 0: " "
        RenderText {#text} at (0,136) size 168x17
          text run at (0,136) width 168: "Actual TD widths:    "
        RenderText {#text} at (168,136) size 32x17
          text run at (168,136) width 32: "1px "
        RenderText {#text} at (200,136) size 32x17
          text run at (200,136) width 32: "1px "
        RenderText {#text} at (232,136) size 32x17
          text run at (232,136) width 32: "1px "
        RenderText {#text} at (264,136) size 32x17
          text run at (264,136) width 32: "1px "
        RenderText {#text} at (296,136) size 32x17
          text run at (296,136) width 32: "8px "
        RenderText {#text} at (328,136) size 328x34
          text run at (328,136) width 0: " "
          text run at (0,153) width 0: " "
        RenderText {#text} at (0,170) size 216x17
          text run at (0,170) width 216: "Specified table width: 13px"
          text run at (216,170) width 0: " "
        RenderText {#text} at (0,187) size 216x17
          text run at (0,187) width 216: "Actual table width:    13px"
          text run at (216,187) width 0: " "
        RenderText {#text} at (0,204) size 168x17
          text run at (0,204) width 168: "Specified TD widths: "
        RenderText {#text} at (168,204) size 32x17
          text run at (168,204) width 32: "1px "
        RenderText {#text} at (200,204) size 32x17
          text run at (200,204) width 32: "1px "
        RenderText {#text} at (232,204) size 32x17
          text run at (232,204) width 32: "1px "
        RenderText {#text} at (264,204) size 32x17
          text run at (264,204) width 32: "1px "
        RenderText {#text} at (296,204) size 32x17
          text run at (296,204) width 32: "8px "
        RenderText {#text} at (328,204) size 0x17
          text run at (328,204) width 0: " "
        RenderText {#text} at (0,221) size 168x17
          text run at (0,221) width 168: "Actual TD widths:    "
        RenderText {#text} at (168,221) size 32x17
          text run at (168,221) width 32: "2px "
        RenderText {#text} at (200,221) size 32x17
          text run at (200,221) width 32: "1px "
        RenderText {#text} at (232,221) size 32x17
          text run at (232,221) width 32: "1px "
        RenderText {#text} at (264,221) size 32x17
          text run at (264,221) width 32: "1px "
        RenderText {#text} at (296,221) size 32x17
          text run at (296,221) width 32: "8px "
        RenderText {#text} at (328,221) size 328x34
          text run at (328,221) width 0: " "
          text run at (0,238) width 0: " "
        RenderText {#text} at (0,255) size 216x17
          text run at (0,255) width 216: "Specified table width: 24px"
          text run at (216,255) width 0: " "
        RenderText {#text} at (0,272) size 216x17
          text run at (0,272) width 216: "Actual table width:    24px"
          text run at (216,272) width 0: " "
        RenderText {#text} at (0,289) size 168x17
          text run at (0,289) width 168: "Specified TD widths: "
        RenderText {#text} at (168,289) size 32x17
          text run at (168,289) width 32: "1px "
        RenderText {#text} at (200,289) size 32x17
          text run at (200,289) width 32: "1px "
        RenderText {#text} at (232,289) size 32x17
          text run at (232,289) width 32: "1px "
        RenderText {#text} at (264,289) size 32x17
          text run at (264,289) width 32: "1px "
        RenderText {#text} at (296,289) size 32x17
          text run at (296,289) width 32: "8px "
        RenderText {#text} at (328,289) size 0x17
          text run at (328,289) width 0: " "
        RenderText {#text} at (0,306) size 168x17
          text run at (0,306) width 168: "Actual TD widths:    "
        RenderText {#text} at (168,306) size 32x17
          text run at (168,306) width 32: "2px "
        RenderText {#text} at (200,306) size 32x17
          text run at (200,306) width 32: "2px "
        RenderText {#text} at (232,306) size 32x17
          text run at (232,306) width 32: "2px "
        RenderText {#text} at (264,306) size 32x17
          text run at (264,306) width 32: "2px "
        RenderText {#text} at (296,306) size 40x17
          text run at (296,306) width 40: "16px "
        RenderText {#text} at (336,306) size 336x34
          text run at (336,306) width 0: " "
          text run at (0,323) width 0: " "
        RenderText {#text} at (0,340) size 216x17
          text run at (0,340) width 216: "Specified table width: 25px"
          text run at (216,340) width 0: " "
        RenderText {#text} at (0,357) size 216x17
          text run at (0,357) width 216: "Actual table width:    25px"
          text run at (216,357) width 0: " "
        RenderText {#text} at (0,374) size 168x17
          text run at (0,374) width 168: "Specified TD widths: "
        RenderText {#text} at (168,374) size 32x17
          text run at (168,374) width 32: "1px "
        RenderText {#text} at (200,374) size 32x17
          text run at (200,374) width 32: "1px "
        RenderText {#text} at (232,374) size 32x17
          text run at (232,374) width 32: "1px "
        RenderText {#text} at (264,374) size 32x17
          text run at (264,374) width 32: "1px "
        RenderText {#text} at (296,374) size 32x17
          text run at (296,374) width 32: "8px "
        RenderText {#text} at (328,374) size 0x17
          text run at (328,374) width 0: " "
        RenderText {#text} at (0,391) size 168x17
          text run at (0,391) width 168: "Actual TD widths:    "
        RenderText {#text} at (168,391) size 32x17
          text run at (168,391) width 32: "3px "
        RenderText {#text} at (200,391) size 32x17
          text run at (200,391) width 32: "2px "
        RenderText {#text} at (232,391) size 32x17
          text run at (232,391) width 32: "2px "
        RenderText {#text} at (264,391) size 32x17
          text run at (264,391) width 32: "2px "
        RenderText {#text} at (296,391) size 40x17
          text run at (296,391) width 40: "16px "
        RenderText {#text} at (336,391) size 336x34
          text run at (336,391) width 0: " "
          text run at (0,408) width 0: " "
        RenderText {#text} at (0,425) size 216x17
          text run at (0,425) width 216: "Specified table width: 17px"
          text run at (216,425) width 0: " "
        RenderText {#text} at (0,442) size 216x17
          text run at (0,442) width 216: "Actual table width:    17px"
          text run at (216,442) width 0: " "
        RenderText {#text} at (0,459) size 168x17
          text run at (0,459) width 168: "Specified TD widths: "
        RenderText {#text} at (168,459) size 32x17
          text run at (168,459) width 32: "10% "
        RenderText {#text} at (200,459) size 32x17
          text run at (200,459) width 32: "10% "
        RenderText {#text} at (232,459) size 32x17
          text run at (232,459) width 32: "10% "
        RenderText {#text} at (264,459) size 32x17
          text run at (264,459) width 32: "10% "
        RenderText {#text} at (296,459) size 32x17
          text run at (296,459) width 32: "10% "
        RenderText {#text} at (328,459) size 32x17
          text run at (328,459) width 32: "10% "
        RenderText {#text} at (360,459) size 32x17
          text run at (360,459) width 32: "10% "
        RenderText {#text} at (392,459) size 32x17
          text run at (392,459) width 32: "10% "
        RenderText {#text} at (424,459) size 32x17
          text run at (424,459) width 32: "10% "
        RenderText {#text} at (456,459) size 32x17
          text run at (456,459) width 32: "10% "
        RenderText {#text} at (488,459) size 0x17
          text run at (488,459) width 0: " "
        RenderText {#text} at (0,476) size 168x17
          text run at (0,476) width 168: "Actual TD widths:    "
        RenderText {#text} at (168,476) size 32x17
          text run at (168,476) width 32: "2px "
        RenderText {#text} at (200,476) size 32x17
          text run at (200,476) width 32: "2px "
        RenderText {#text} at (232,476) size 32x17
          text run at (232,476) width 32: "2px "
        RenderText {#text} at (264,476) size 32x17
          text run at (264,476) width 32: "2px "
        RenderText {#text} at (296,476) size 32x17
          text run at (296,476) width 32: "2px "
        RenderText {#text} at (328,476) size 32x17
          text run at (328,476) width 32: "2px "
        RenderText {#text} at (360,476) size 32x17
          text run at (360,476) width 32: "2px "
        RenderText {#text} at (392,476) size 32x17
          text run at (392,476) width 32: "1px "
        RenderText {#text} at (424,476) size 32x17
          text run at (424,476) width 32: "1px "
        RenderText {#text} at (456,476) size 32x17
          text run at (456,476) width 32: "1px "
        RenderText {#text} at (488,476) size 488x34
          text run at (488,476) width 0: " "
          text run at (0,493) width 0: " "
