layer at (0,0) size 800x600
  RenderView at (0,0) size 800x600
layer at (0,0) size 800x600
  RenderBlock {HTML} at (0,0) size 800x600
    RenderBody {BODY} at (8,8) size 784x584
      RenderTable {TABLE} at (0,0) size 78x103 [border: (1px outset #808080)]
        RenderBlock {CAPTION} at (0,0) size 76x51 [color=#008000] [bgcolor=#FFFFE0]
          RenderText {#text} at (3,0) size 70x51
            text run at (3,0) width 70: "Where is"
            text run at (25,17) width 26: "the"
            text run at (13,34) width 49: "table?"
        RenderTableSection {THEAD} at (1,52) size 76x25
          RenderTableRow {TR} at (0,2) size 76x21
            RenderTableCell {TD} at (2,2) size 72x21 [border: (1px inset #808080)] [r=0 c=0 rs=1 cs=1]
              RenderText {#text} at (2,2) size 59x17
                text run at (2,2) width 59: "Header"
        RenderTableSection {TBODY} at (1,77) size 76x25
          RenderTableRow {TR} at (0,2) size 76x21
            RenderTableCell {TD} at (2,2) size 72x21 [border: (1px inset #808080)] [r=0 c=0 rs=1 cs=1]
              RenderText {#text} at (2,2) size 68x17
                text run at (2,2) width 68: "Kibology"
      RenderBlock {HR} at (0,111) size 784x2 [border: (1px inset #000000)]
      RenderTable {TABLE} at (0,121) size 78x52 [border: (1px outset #808080)]
        RenderTableSection {THEAD} at (1,1) size 76x25
          RenderTableRow {TR} at (0,2) size 76x21
            RenderTableCell {TD} at (2,2) size 72x21 [border: (1px inset #808080)] [r=0 c=0 rs=1 cs=1]
              RenderText {#text} at (2,2) size 59x17
                text run at (2,2) width 59: "Header"
        RenderTableSection {TBODY} at (1,26) size 76x25
          RenderTableRow {TR} at (0,2) size 76x21
            RenderTableCell {TD} at (2,2) size 72x21 [border: (1px inset #808080)] [r=0 c=0 rs=1 cs=1]
              RenderText {#text} at (2,2) size 68x17
                text run at (2,2) width 68: "Kibology"
      RenderBlock {HR} at (0,181) size 784x2 [border: (1px inset #000000)]
      RenderTable {TABLE} at (0,191) size 78x86 [border: (1px outset #808080)]
        RenderBlock {CAPTION} at (0,0) size 76x34 [color=#008000] [bgcolor=#FFFFE0]
          RenderText {#text} at (10,0) size 71x34
            text run at (10,0) width 56: "Here is"
            text run at (2,17) width 71: "the table"
        RenderTableSection {THEAD} at (1,35) size 76x25
          RenderTableRow {TR} at (0,2) size 76x21
            RenderTableCell {TD} at (2,2) size 72x21 [border: (1px inset #808080)] [r=0 c=0 rs=1 cs=1]
              RenderText {#text} at (2,2) size 59x17
                text run at (2,2) width 59: "Header"
        RenderTableSection {TBODY} at (1,60) size 76x25
          RenderTableRow {TR} at (0,2) size 76x21
            RenderTableCell {TD} at (2,2) size 72x21 [border: (1px inset #808080)] [r=0 c=0 rs=1 cs=1]
              RenderText {#text} at (2,2) size 68x17
                text run at (2,2) width 68: "Kibology"
      RenderTable {TABLE} at (0,277) size 78x103 [border: (1px outset #808080)]
        RenderTableSection {THEAD} at (1,52) size 76x25
          RenderTableRow {TR} at (0,2) size 76x21
            RenderTableCell {TD} at (2,2) size 72x21 [border: (1px inset #808080)] [r=0 c=0 rs=1 cs=1]
              RenderText {#text} at (2,2) size 59x17
                text run at (2,2) width 59: "Header"
        RenderBlock {CAPTION} at (0,0) size 76x51 [color=#008000] [bgcolor=#FFFFE0]
          RenderText {#text} at (3,0) size 70x51
            text run at (3,0) width 70: "Where is"
            text run at (25,17) width 26: "the"
            text run at (13,34) width 49: "table?"
        RenderTableSection {TBODY} at (1,77) size 76x25
          RenderTableRow {TR} at (0,2) size 76x21
            RenderTableCell {TD} at (2,2) size 72x21 [border: (1px inset #808080)] [r=0 c=0 rs=1 cs=1]
              RenderText {#text} at (2,2) size 68x17
                text run at (2,2) width 68: "Kibology"
      RenderBlock {HR} at (0,388) size 784x2 [border: (1px inset #000000)]
      RenderTable {TABLE} at (0,398) size 78x52 [border: (1px outset #808080)]
        RenderTableSection {THEAD} at (1,1) size 76x25
          RenderTableRow {TR} at (0,2) size 76x21
            RenderTableCell {TD} at (2,2) size 72x21 [border: (1px inset #808080)] [r=0 c=0 rs=1 cs=1]
              RenderText {#text} at (2,2) size 59x17
                text run at (2,2) width 59: "Header"
        RenderTableSection {TBODY} at (1,26) size 76x25
          RenderTableRow {TR} at (0,2) size 76x21
            RenderTableCell {TD} at (2,2) size 72x21 [border: (1px inset #808080)] [r=0 c=0 rs=1 cs=1]
              RenderText {#text} at (2,2) size 68x17
                text run at (2,2) width 68: "Kibology"
      RenderBlock {HR} at (0,458) size 784x2 [border: (1px inset #000000)]
      RenderTable {TABLE} at (0,468) size 78x86 [border: (1px outset #808080)]
        RenderTableSection {THEAD} at (1,35) size 76x25
          RenderTableRow {TR} at (0,2) size 76x21
            RenderTableCell {TD} at (2,2) size 72x21 [border: (1px inset #808080)] [r=0 c=0 rs=1 cs=1]
              RenderText {#text} at (2,2) size 59x17
                text run at (2,2) width 59: "Header"
        RenderBlock {CAPTION} at (0,0) size 76x34 [color=#008000] [bgcolor=#FFFFE0]
          RenderText {#text} at (10,0) size 71x34
            text run at (10,0) width 56: "Here is"
            text run at (2,17) width 71: "the table"
        RenderTableSection {TBODY} at (1,60) size 76x25
          RenderTableRow {TR} at (0,2) size 76x21
            RenderTableCell {TD} at (2,2) size 72x21 [border: (1px inset #808080)] [r=0 c=0 rs=1 cs=1]
              RenderText {#text} at (2,2) size 68x17
                text run at (2,2) width 68: "Kibology"
