layer at (0,0) size 800x600
  RenderView at (0,0) size 800x600
layer at (0,0) size 800x600
  RenderBlock {HTML} at (0,0) size 800x600
    RenderBody {BODY} at (8,8) size 784x584
      RenderTable {TABLE} at (0,0) size 204x67
        RenderTableSection {TBODY} at (0,0) size 204x67
          RenderTableRow {TR} at (0,2) size 204x63
            RenderTableCell {TD} at (2,2) size 200x63 [r=0 c=0 rs=1 cs=1]
              RenderBlock (anonymous) at (1,1) size 198x0
                RenderInline {SPAN} at (0,0) size 0x0
                  RenderText {#text} at (0,0) size 0x0
                  RenderInline {SPAN} at (0,0) size 0x0
                    RenderText {#text} at (0,0) size 0x0
                    RenderText {#text} at (0,0) size 0x0
                    RenderText {#text} at (0,0) size 0x0
                    RenderText {#text} at (0,0) size 0x0
              RenderBlock (anonymous) at (1,1) size 198x61
                RenderTable {TABLE} at (0,0) size 198x61
                  RenderTableSection {TBODY} at (0,0) size 198x61
                    RenderTableRow {TR} at (0,2) size 198x57
                      RenderTableCell {TD} at (2,2) size 194x57 [r=0 c=0 rs=1 cs=1]
                        RenderTable {TABLE} at (1,1) size 192x55
                          RenderTableSection {TBODY} at (0,0) size 192x55
                            RenderTableRow {TR} at (0,2) size 192x51
                              RenderTableCell {TD} at (2,2) size 188x51 [r=0 c=0 rs=1 cs=1]
                                RenderBlock {FORM} at (1,1) size 186x33
                                  RenderButton {INPUT} at (2,2) size 180x27 [bgcolor=#C0C0C0] [border: (2px outset #C0C0C0)]
                                    RenderBlock (anonymous) at (8,5) size 164x17
                                      RenderText at (0,0) size 164x17
                                        text run at (0,0) width 164: "ApplyForThisPosition"
                                  RenderText {#text} at (0,0) size 0x0
              RenderBlock (anonymous) at (1,62) size 198x0
                RenderInline {SPAN} at (0,0) size 0x0
                  RenderInline {SPAN} at (0,0) size 0x0
                  RenderText {#text} at (0,0) size 0x0
                RenderText {#text} at (0,0) size 0x0
