layer at (0,0) size 800x600
  RenderView at (0,0) size 800x600
layer at (0,0) size 800x600
  RenderBlock {HTML} at (0,0) size 800x600
    RenderBody {BODY} at (8,8) size 784x584
      RenderBlock {CENTER} at (0,0) size 784x370
        RenderTable {TABLE} at (0,0) size 784x370
          RenderTableSection {TBODY} at (0,0) size 784x370
            RenderTableRow {TR} at (0,0) size 784x67
              RenderTableCell {TD} at (0,7) size 784x53 [r=0 c=0 rs=1 cs=1]
                RenderBlock {H2} at (0,0) size 784x34
                  RenderInline {FONT} at (0,0) size 102x34
                    RenderText {#text} at (341,0) size 102x34
                      text run at (341,0) width 102: "EET 304"
            RenderTableRow {TR} at (0,67) size 784x24
              RenderTableCell {TD} at (0,69) size 784x19 [r=1 c=0 rs=1 cs=1]
                RenderBlock {P} at (0,0) size 784x19
                  RenderInline {FONT} at (0,0) size 34x19
                    RenderInline {A} at (0,0) size 34x19 [color=#0000EE]
                      RenderText {#text} at (375,0) size 34x19
                        text run at (375,0) width 34: "Home"
            RenderTableRow {TR} at (0,91) size 784x31
              RenderTableCell {TD} at (0,97) size 784x19 [r=2 c=0 rs=1 cs=1]
                RenderInline {A} at (0,0) size 120x17 [color=#0000EE]
                  RenderInline {FONT} at (0,0) size 120x19
                    RenderText {#text} at (332,0) size 120x19
                      text run at (332,0) width 120: "Course Information"
            RenderTableRow {TR} at (0,122) size 784x31
              RenderTableCell {TD} at (0,128) size 784x19 [r=3 c=0 rs=1 cs=1]
                RenderInline {A} at (0,0) size 47x17 [color=#0000EE]
                  RenderInline {FONT} at (0,0) size 47x19
                    RenderText {#text} at (368,0) size 47x19
                      text run at (368,0) width 47: "Lecture"
            RenderTableRow {TR} at (0,153) size 784x31
              RenderTableCell {TD} at (0,159) size 784x19 [r=4 c=0 rs=1 cs=1]
                RenderInline {A} at (0,0) size 0x0 [color=#0000EE]
                  RenderInline {FONT} at (0,0) size 0x0
                RenderInline {A} at (0,0) size 63x17 [color=#0000EE]
                  RenderInline {FONT} at (0,0) size 63x19
                    RenderText {#text} at (360,0) size 63x19
                      text run at (360,0) width 63: "Homework"
            RenderTableRow {TR} at (0,184) size 784x31
              RenderTableCell {TD} at (0,190) size 784x19 [r=5 c=0 rs=1 cs=1]
                RenderInline {A} at (0,0) size 49x17 [color=#0000EE]
                  RenderInline {FONT} at (0,0) size 49x19
                    RenderText {#text} at (367,0) size 49x19
                      text run at (367,0) width 49: "Quizzes"
            RenderTableRow {TR} at (0,215) size 784x31
              RenderTableCell {TD} at (0,221) size 784x19 [r=6 c=0 rs=1 cs=1]
                RenderInline {FONT} at (0,0) size 39x19 [color=#0000FF]
                  RenderInline {A} at (0,0) size 39x19 [color=#0000EE]
                    RenderText {#text} at (372,0) size 39x19
                      text run at (372,0) width 39: "Exams"
            RenderTableRow {TR} at (0,246) size 784x31
              RenderTableCell {TD} at (0,252) size 784x19 [r=7 c=0 rs=1 cs=1]
                RenderInline {A} at (0,0) size 0x0 [color=#0000EE]
                  RenderInline {FONT} at (0,0) size 0x0
                RenderInline {A} at (0,0) size 68x17 [color=#0000EE]
                  RenderInline {FONT} at (0,0) size 68x19
                    RenderText {#text} at (358,0) size 22x19
                      text run at (358,0) width 22: "Lab"
                    RenderInline {U} at (0,0) size 46x19
                      RenderText {#text} at (380,0) size 46x19
                        text run at (380,0) width 46: "oratory"
            RenderTableRow {TR} at (0,277) size 784x31
              RenderTableCell {TD} at (0,283) size 784x19 [r=8 c=0 rs=1 cs=1]
                RenderInline {A} at (0,0) size 43x17 [color=#0000EE]
                  RenderInline {U} at (0,0) size 43x17
                    RenderInline {FONT} at (0,0) size 43x19
                      RenderText {#text} at (370,0) size 43x19
                        text run at (370,0) width 43: "Grades"
            RenderTableRow {TR} at (0,308) size 784x31
              RenderTableCell {TD} at (0,314) size 784x19 [r=9 c=0 rs=1 cs=1]
                RenderInline {FONT} at (0,0) size 79x19
                  RenderInline {A} at (0,0) size 79x19 [color=#0000EE]
                    RenderText {#text} at (352,0) size 79x19
                      text run at (352,0) width 39: "Filter "
                      text run at (391,0) width 40: "Design"
            RenderTableRow {TR} at (0,339) size 784x31
              RenderTableCell {TD} at (0,345) size 784x19 [r=10 c=0 rs=1 cs=1]
                RenderInline {FONT} at (0,0) size 82x19
                  RenderInline {U} at (0,0) size 82x19
                    RenderInline {A} at (0,0) size 82x19 [color=#0000EE]
                      RenderText {#text} at (351,0) size 82x19
                        text run at (351,0) width 46: "Office "
                        text run at (397,0) width 36: "Hours"
