layer at (0,0) size 800x600
  RenderView at (0,0) size 800x600
layer at (0,0) size 800x600
  RenderBlock {HTML} at (0,0) size 800x600
    RenderBody {BODY} at (8,8) size 784x584
      RenderTable {TABLE} at (0,0) size 86x23
        RenderTableSection {TBODY} at (0,0) size 86x23
          RenderTableRow {TR} at (0,2) size 86x19
            RenderTableCell {TD} at (2,2) size 40x19 [r=0 c=0 rs=1 cs=1]
              RenderText {#text} at (1,1) size 38x17
                text run at (1,1) width 38: "Data"
            RenderTableCell {TD} at (44,2) size 40x19 [r=0 c=1 rs=1 cs=1]
              RenderText {#text} at (1,1) size 38x17
                text run at (1,1) width 38: "Data"
