layer at (0,0) size 800x1097
  RenderView at (0,0) size 800x600
layer at (0,0) size 800x1097
  RenderBlock {HTML} at (0,0) size 800x1097
    RenderBody {BODY} at (8,8) size 784x1081
      RenderBlock {P} at (0,0) size 784x34
        RenderText {#text} at (0,0) size 736x34
          text run at (0,0) width 481: "The table below should have the same width as the red DIV "
          text run at (481,0) width 255: "below this paragraph. The inner"
          text run at (0,17) width 206: "image should just fit. The "
          text run at (206,17) width 55: "image "
        RenderInline {EM} at (0,0) size 83x17
          RenderText {#text} at (261,17) size 83x17
            text run at (261,17) width 83: "should not"
        RenderText {#text} at (344,17) size 171x17
          text run at (344,17) width 171: " overrun the borders."
        RenderText {#text} at (0,0) size 0x0
      RenderBlock {DIV} at (0,50) size 610x2 [border: (1px solid #FF0000)]
      RenderTable {TABLE} at (0,68) size 608x381 [border: (1px dotted #000080)]
        RenderTableSection {TBODY} at (1,1) size 606x379
          RenderTableRow {TR} at (0,2) size 606x21
            RenderTableCell {TD} at (2,2) size 160x21 [border: (1px solid #008000)] [r=0 c=0 rs=1 cs=1]
              RenderText {#text} at (2,2) size 10x17
                text run at (2,2) width 10: "a"
            RenderTableCell {TD} at (164,2) size 160x21 [border: (1px solid #008000)] [r=0 c=1 rs=1 cs=1]
              RenderText {#text} at (2,2) size 10x17
                text run at (2,2) width 10: "b"
            RenderTableCell {TD} at (326,2) size 133x21 [border: (1px solid #008000)] [r=0 c=2 rs=1 cs=1]
              RenderText {#text} at (2,2) size 9x17
                text run at (2,2) width 9: "c"
            RenderTableCell {TD} at (461,2) size 143x21 [border: (1px solid #008000)] [r=0 c=3 rs=1 cs=1]
              RenderText {#text} at (2,2) size 10x17
                text run at (2,2) width 10: "d"
          RenderTableRow {TR} at (0,25) size 606x21
            RenderTableCell {TD} at (2,25) size 322x21 [border: (1px solid #008000)] [r=1 c=0 rs=1 cs=2]
              RenderText {#text} at (2,2) size 30x17
                text run at (2,2) width 30: "eee"
            RenderTableCell {TD} at (326,25) size 278x21 [border: (1px solid #008000)] [r=1 c=2 rs=1 cs=2]
              RenderText {#text} at (2,2) size 6x17
                text run at (2,2) width 6: "f"
          RenderTableRow {TR} at (0,48) size 606x329
            RenderTableCell {TD} at (2,48) size 602x329 [border: (1px solid #008000)] [r=2 c=0 rs=1 cs=4]
              RenderImage {IMG} at (2,2) size 593x325
              RenderText {#text} at (0,0) size 0x0
      RenderBlock {DIV} at (0,465) size 610x2 [border: (1px solid #FF0000)]
      RenderBlock {P} at (0,483) size 784x17
        RenderText {#text} at (0,0) size 499x17
          text run at (0,0) width 499: "Mozilla makes the table way too small for no apparent reason."
      RenderBlock {P} at (0,516) size 784x17
        RenderText {#text} at (0,0) size 317x17
          text run at (0,0) width 317: "Here is the same table, one pixel wider:"
      RenderTable {TABLE} at (0,549) size 609x381 [border: (1px dotted #000080)]
        RenderTableSection {TBODY} at (1,1) size 607x379
          RenderTableRow {TR} at (0,2) size 607x21
            RenderTableCell {TD} at (2,2) size 160x21 [border: (1px solid #008000)] [r=0 c=0 rs=1 cs=1]
              RenderText {#text} at (2,2) size 10x17
                text run at (2,2) width 10: "a"
            RenderTableCell {TD} at (164,2) size 160x21 [border: (1px solid #008000)] [r=0 c=1 rs=1 cs=1]
              RenderText {#text} at (2,2) size 10x17
                text run at (2,2) width 10: "b"
            RenderTableCell {TD} at (326,2) size 134x21 [border: (1px solid #008000)] [r=0 c=2 rs=1 cs=1]
              RenderText {#text} at (2,2) size 9x17
                text run at (2,2) width 9: "c"
            RenderTableCell {TD} at (462,2) size 143x21 [border: (1px solid #008000)] [r=0 c=3 rs=1 cs=1]
              RenderText {#text} at (2,2) size 10x17
                text run at (2,2) width 10: "d"
          RenderTableRow {TR} at (0,25) size 607x21
            RenderTableCell {TD} at (2,25) size 322x21 [border: (1px solid #008000)] [r=1 c=0 rs=1 cs=2]
              RenderText {#text} at (2,2) size 30x17
                text run at (2,2) width 30: "eee"
            RenderTableCell {TD} at (326,25) size 279x21 [border: (1px solid #008000)] [r=1 c=2 rs=1 cs=2]
              RenderText {#text} at (2,2) size 6x17
                text run at (2,2) width 6: "f"
          RenderTableRow {TR} at (0,48) size 607x329
            RenderTableCell {TD} at (2,48) size 603x329 [border: (1px solid #008000)] [r=2 c=0 rs=1 cs=4]
              RenderImage {IMG} at (2,2) size 593x325
              RenderText {#text} at (0,0) size 0x0
      RenderBlock {P} at (0,946) size 784x51
        RenderText {#text} at (0,0) size 753x51
          text run at (0,0) width 687: "Observations: Fiddle about with the content of the \"eee\" cell and everything changes. "
          text run at (687,0) width 66: "Remove"
          text run at (0,17) width 636: "any of the three rows and things change. Remove any of the four columns and "
          text run at (636,17) width 117: "things change."
          text run at (0,34) width 309: "Remove the image and things change."
      RenderBlock {P} at (0,1013) size 784x17
        RenderText {#text} at (0,0) size 762x17
          text run at (0,0) width 635: "(Note: If the image has disappeared from the server, replace it with any 593px "
          text run at (635,0) width 127: "image you like.)"
      RenderBlock {P} at (0,1046) size 784x17
        RenderText {#text} at (0,0) size 72x17
          text run at (0,0) width 72: "See also "
        RenderInline {A} at (0,0) size 124x17 [color=#0000EE]
          RenderText {#text} at (72,0) size 124x17
            text run at (72,0) width 124: "tablewidth.html"
        RenderText {#text} at (196,0) size 5x17
          text run at (196,0) width 5: "."
      RenderBlock {HR} at (0,1079) size 784x2 [border: (1px inset #000000)]
