layer at (0,0) size 800x600
  RenderView at (0,0) size 800x600
layer at (0,0) size 800x235
  RenderBlock {HTML} at (0,0) size 800x235
    RenderBody {BODY} at (8,8) size 784x219
      RenderTable {TABLE} at (0,0) size 700x67 [border: (1px outset #808080)]
        RenderTableSection {TBODY} at (1,1) size 698x65
          RenderTableRow {TR} at (0,2) size 698x38
            RenderTableCell {TD} at (2,2) size 694x38 [border: (1px inset #808080)] [r=0 c=0 rs=1 cs=3]
              RenderText {#text} at (2,2) size 677x34
                text run at (2,2) width 677: "lots of text goes here even more and more and more and more and more and more"
                text run at (2,19) width 78: "and more"
          RenderTableRow {TR} at (0,42) size 698x21
            RenderTableCell {TD} at (2,42) size 682x21 [border: (1px inset #808080)] [r=1 c=0 rs=1 cs=2]
              RenderText {#text} at (2,2) size 659x17
                text run at (2,2) width 659: "aaaaaaaaaaaa bbbbbbbbbbbbbbb cccccccccccccccccccccccccc dddddddddddddd"
            RenderTableCell {TD} at (686,42) size 10x21 [border: (1px inset #808080)] [r=1 c=2 rs=1 cs=1]
              RenderText {#text} at (2,2) size 5x17
                text run at (2,2) width 5: " "
      RenderBlock {P} at (0,83) size 784x0
      RenderTable {TABLE} at (0,83) size 700x50 [border: (1px outset #808080)]
        RenderTableSection {TBODY} at (1,1) size 698x48
          RenderTableRow {TR} at (0,2) size 698x21
            RenderTableCell {TD} at (2,2) size 694x21 [border: (1px inset #808080)] [r=0 c=0 rs=1 cs=3]
              RenderText {#text} at (2,2) size 245x17
                text run at (2,2) width 245: "lots of text goes here even mo"
          RenderTableRow {TR} at (0,25) size 698x21
            RenderTableCell {TD} at (2,25) size 682x21 [border: (1px inset #808080)] [r=1 c=0 rs=1 cs=2]
              RenderText {#text} at (2,2) size 659x17
                text run at (2,2) width 659: "aaaaaaaaaaaa bbbbbbbbbbbbbbb cccccccccccccccccccccccccc dddddddddddddd"
            RenderTableCell {TD} at (686,25) size 10x21 [border: (1px inset #808080)] [r=1 c=2 rs=1 cs=1]
              RenderText {#text} at (2,2) size 5x17
                text run at (2,2) width 5: " "
      RenderBlock {P} at (0,149) size 784x0
      RenderTable {TABLE} at (0,149) size 700x50 [border: (1px outset #808080)]
        RenderTableSection {TBODY} at (1,1) size 698x48
          RenderTableRow {TR} at (0,2) size 698x21
            RenderTableCell {TD} at (2,2) size 694x21 [border: (1px inset #808080)] [r=0 c=0 rs=1 cs=3]
              RenderText {#text} at (2,2) size 235x17
                text run at (2,2) width 235: "lots of text goes here even m"
          RenderTableRow {TR} at (0,25) size 698x21
            RenderTableCell {TD} at (2,25) size 682x21 [border: (1px inset #808080)] [r=1 c=0 rs=1 cs=2]
              RenderText {#text} at (2,2) size 659x17
                text run at (2,2) width 659: "aaaaaaaaaaaa bbbbbbbbbbbbbbb cccccccccccccccccccccccccc dddddddddddddd"
            RenderTableCell {TD} at (686,25) size 10x21 [border: (1px inset #808080)] [r=1 c=2 rs=1 cs=1]
              RenderText {#text} at (2,2) size 5x17
                text run at (2,2) width 5: " "
      RenderBlock {HR} at (0,207) size 182x2 [border: (1px inset #000000)]
      RenderBlock {HR} at (0,217) size 520x2 [border: (1px inset #000000)]
