layer at (0,0) size 800x600
  RenderView at (0,0) size 800x600
layer at (0,0) size 800x600
  RenderBlock {HTML} at (0,0) size 800x600
    RenderBody {BODY} at (8,8) size 784x584
      RenderTable {TABLE} at (0,0) size 640x122 [border: (1px outset #808080)]
        RenderTableSection {TBODY} at (1,1) size 638x120
          RenderTableRow {TR} at (0,2) size 638x116
            RenderTableCell {TD} at (2,2) size 322x116 [border: (1px inset #808080)] [r=0 c=0 rs=1 cs=1]
              RenderTable {TABLE} at (2,2) size 300x112 [border: (1px outset #808080)]
                RenderTableSection {TBODY} at (1,1) size 298x110
                  RenderTableRow {TR} at (0,2) size 298x106
                    RenderTableCell {TD} at (2,2) size 294x106 [border: (1px inset #808080)] [r=0 c=0 rs=1 cs=2]
                      RenderText {#text} at (2,2) size 275x102
                        text run at (2,2) width 258: "Welcome to PlanDepot.com, the"
                        text run at (2,19) width 227: "fastest growing resource for"
                        text run at (2,36) width 275: "Construction Data on the Internet!"
                        text run at (2,53) width 259: "We offer an extensive database "
                        text run at (261,53) width 16: "of"
                        text run at (2,70) width 243: "construction bid opportunities,"
                        text run at (2,87) width 151: "currently covering "
                        text run at (153,87) width 79: "13 states!"
            RenderTableCell {TD} at (326,2) size 310x21 [border: (1px inset #808080)] [r=0 c=1 rs=1 cs=1]
              RenderText {#text} at (2,2) size 258x17
                text run at (2,2) width 258: "Expanded Geographic Coverage"
