layer at (0,0) size 800x600
  RenderView at (0,0) size 800x600
layer at (0,0) size 800x600
  RenderBlock {HTML} at (0,0) size 800x600
    RenderBody {BODY} at (8,8) size 784x584
      RenderText {#text} at (0,0) size 304x17
        text run at (0,0) width 304: "The cell padding should not disappear"
      RenderText {#text} at (0,0) size 0x0
      RenderText {#text} at (0,0) size 0x0
      RenderText {#text} at (0,0) size 0x0
layer at (120,120) size 125x86
  RenderTable {TABLE} at (120,120) size 125x86 [border: (1px outset #808080)]
    RenderTableSection {TBODY} at (1,1) size 123x84
      RenderTableRow {TR} at (0,2) size 123x39
        RenderTableCell {TD} at (2,2) size 119x39 [border: (1px inset #808080)] [r=0 c=0 rs=1 cs=1]
          RenderText {#text} at (11,11) size 73x17
            text run at (11,11) width 73: "S\x{E9}lection"
      RenderTableRow {TR} at (0,43) size 123x39
        RenderTableCell {TD} at (2,43) size 119x39 [border: (1px inset #808080)] [r=1 c=0 rs=1 cs=1]
          RenderText {#text} at (11,11) size 97x17
            text run at (11,11) width 97: "Suppression"
