layer at (0,0) size 800x600
  RenderView at (0,0) size 800x600
layer at (0,0) size 800x600
  RenderBlock {HTML} at (0,0) size 800x600
    RenderBody {BODY} at (8,8) size 784x584
      RenderBlock (anonymous) at (0,0) size 784x17
        RenderText {#text} at (0,0) size 280x17
          text run at (0,0) width 280: "this table should be center aligned "
        RenderBR {BR} at (280,13) size 0x0
      RenderTable {TABLE} at (374,17) size 36x27 [border: (1px outset #808080)]
        RenderTableSection {TBODY} at (1,1) size 34x25
          RenderTableRow {TR} at (0,2) size 34x21
            RenderTableCell {TD} at (2,2) size 30x21 [border: (1px inset #808080)] [r=0 c=0 rs=1 cs=1]
              RenderText {#text} at (2,2) size 26x17
                text run at (2,2) width 26: "foo"
      RenderBlock (anonymous) at (0,44) size 784x17
        RenderText {#text} at (0,0) size 587x17
          text run at (0,0) width 587: "this div should be center aligned with an image and a table centered in it "
        RenderBR {BR} at (587,13) size 0x0
      RenderBlock {DIV} at (0,61) size 784x77
        RenderBlock (anonymous) at (0,0) size 784x50
          RenderImage {IMG} at (367,0) size 50x50
          RenderText {#text} at (0,0) size 0x0
        RenderTable {TABLE} at (92,50) size 600x27 [border: (1px outset #808080)]
          RenderTableSection {TBODY} at (1,1) size 598x25
            RenderTableRow {TR} at (0,2) size 598x21
              RenderTableCell {TD} at (2,2) size 594x21 [border: (1px inset #808080)] [r=0 c=0 rs=1 cs=1]
                RenderText {#text} at (2,2) size 26x17
                  text run at (2,2) width 26: "foo"
