layer at (0,0) size 800x600
  RenderView at (0,0) size 800x600
layer at (0,0) size 800x600
  RenderBlock {HTML} at (0,0) size 800x600
    RenderBody {BODY} at (8,8) size 784x584
      RenderTable {TABLE} at (0,0) size 40x44
        RenderTableSection {TBODY} at (0,0) size 40x44
          RenderTableRow {TR} at (0,2) size 40x19
            RenderTableCell {TD} at (2,2) size 12x19 [bgcolor=#008000] [r=0 c=0 rs=1 cs=1]
              RenderText {#text} at (1,1) size 10x17
                text run at (1,1) width 10: "a"
            RenderTableCell {TD} at (16,12) size 22x20 [bgcolor=#FFA500] [r=0 c=1 rs=2 cs=1]
              RenderImage {IMG} at (1,1) size 20x18
          RenderTableRow {TR} at (0,23) size 40x19
            RenderTableCell {TD} at (2,23) size 12x19 [bgcolor=#0000FF] [r=1 c=0 rs=1 cs=1]
              RenderText {#text} at (2,1) size 9x17
                text run at (2,1) width 9: "x"
