layer at (0,0) size 800x600
  RenderView at (0,0) size 800x600
layer at (0,0) size 800x600
  RenderBlock {HTML} at (0,0) size 800x600
    RenderBody {BODY} at (8,8) size 784x576 [bgcolor=#FFFFFF]
      RenderBlock {H3} at (0,0) size 784x20
        RenderText {#text} at (0,0) size 412x20
          text run at (0,0) width 412: "Testcase for bug 5538 - distilled from "
        RenderInline {A} at (0,0) size 152x20 [color=#0000EE]
          RenderText {#text} at (412,0) size 152x20
            text run at (412,0) width 152: "www.fool.com"
      RenderTable {TABLE} at (0,38) size 600x89
        RenderTableSection {TBODY} at (0,0) size 600x89
          RenderTableRow {TR} at (0,0) size 600x89
            RenderTableCell {TD} at (0,0) size 128x89 [bgcolor=#336699] [r=0 c=0 rs=1 cs=1]
              RenderInline {A} at (0,0) size 128x17 [color=#0000EE]
                RenderImage {IMG} at (0,0) size 128x89
            RenderTableCell {TD} at (128,44) size 472x0 [r=0 c=1 rs=1 cs=1]
      RenderTable {TABLE} at (0,127) size 600x18
        RenderTableSection {TBODY} at (0,0) size 600x18
          RenderTableRow {TR} at (0,0) size 600x18
            RenderTableCell {TD} at (0,0) size 600x18 [r=0 c=0 rs=1 cs=1]
              RenderImage {IMG} at (0,0) size 348x18
              RenderInline {MAP} at (0,0) size 0x17
              RenderImage {IMG} at (348,0) size 88x18
              RenderImage {IMG} at (436,0) size 55x18
      RenderBlock {P} at (0,161) size 784x158
        RenderBlock (anonymous) at (0,0) size 784x51
          RenderText {#text} at (0,0) size 578x17
            text run at (0,0) width 578: "When removing <A HREF=\"...\"> surrounding logo image in first row and"
          RenderBR {BR} at (578,13) size 0x0
          RenderText {#text} at (0,17) size 476x17
            text run at (0,17) width 476: "removing <MAP> element in second row it looks OK to me:"
          RenderBR {BR} at (476,30) size 0x0
          RenderBR {BR} at (0,34) size 0x17
        RenderTable {TABLE} at (0,51) size 600x89
          RenderTableSection {TBODY} at (0,0) size 600x89
            RenderTableRow {TR} at (0,0) size 600x89
              RenderTableCell {TD} at (0,0) size 128x89 [bgcolor=#336699] [r=0 c=0 rs=1 cs=1]
                RenderImage {IMG} at (0,0) size 128x89
              RenderTableCell {TD} at (128,44) size 472x0 [r=0 c=1 rs=1 cs=1]
        RenderTable {TABLE} at (0,140) size 600x18
          RenderTableSection {TBODY} at (0,0) size 600x18
            RenderTableRow {TR} at (0,0) size 600x18
              RenderTableCell {TD} at (0,0) size 600x18 [r=0 c=0 rs=1 cs=1]
                RenderImage {IMG} at (0,0) size 348x18
                RenderImage {IMG} at (348,0) size 88x18
                RenderImage {IMG} at (436,0) size 55x18
