layer at (0,0) size 800x600
  RenderView at (0,0) size 800x600
layer at (0,0) size 800x312
  RenderBlock {HTML} at (0,0) size 800x312
    RenderBody {BODY} at (8,8) size 784x296 [bgcolor=#FFFFFF]
      RenderTable {TABLE} at (0,0) size 216x296
        RenderTableSection {TBODY} at (0,0) size 216x296
          RenderTableRow {TR} at (0,0) size 216x37
            RenderTableCell {TD} at (0,0) size 54x37 [border: (1px solid #000000)] [r=0 c=0 rs=1 cs=1]
              RenderText {#text} at (10,10) size 34x17
                text run at (10,10) width 34: "blah"
            RenderTableCell {TD} at (54,0) size 54x37 [border: (1px solid #000000)] [r=0 c=1 rs=1 cs=1]
              RenderText {#text} at (10,10) size 34x17
                text run at (10,10) width 34: "blah"
            RenderTableCell {TD} at (108,0) size 54x37 [border: (1px solid #000000)] [r=0 c=2 rs=1 cs=1]
              RenderText {#text} at (10,10) size 34x17
                text run at (10,10) width 34: "blah"
            RenderTableCell {TD} at (162,0) size 54x37 [border: (1px solid #000000)] [r=0 c=3 rs=1 cs=1]
              RenderText {#text} at (10,10) size 34x17
                text run at (10,10) width 34: "blah"
          RenderTableRow {TR} at (0,37) size 216x37
            RenderTableCell {TD} at (0,37) size 54x37 [border: (1px solid #000000)] [r=1 c=0 rs=1 cs=1]
              RenderText {#text} at (10,10) size 34x17
                text run at (10,10) width 34: "blah"
            RenderTableCell {TD} at (54,37) size 54x37 [border: (1px solid #000000)] [r=1 c=1 rs=1 cs=1]
              RenderText {#text} at (10,10) size 34x17
                text run at (10,10) width 34: "blah"
            RenderTableCell {TD} at (108,37) size 54x37 [border: (1px solid #000000)] [r=1 c=2 rs=1 cs=1]
              RenderText {#text} at (10,10) size 34x17
                text run at (10,10) width 34: "blah"
            RenderTableCell {TD} at (162,37) size 54x37 [border: (1px solid #000000)] [r=1 c=3 rs=1 cs=1]
              RenderText {#text} at (10,10) size 34x17
                text run at (10,10) width 34: "blah"
          RenderTableRow {TR} at (0,74) size 216x37
            RenderTableCell {TD} at (0,74) size 54x37 [border: (1px solid #000000)] [r=2 c=0 rs=1 cs=1]
              RenderText {#text} at (10,10) size 34x17
                text run at (10,10) width 34: "blah"
            RenderTableCell {TD} at (54,74) size 54x37 [border: (1px solid #000000)] [r=2 c=1 rs=1 cs=1]
              RenderText {#text} at (10,10) size 34x17
                text run at (10,10) width 34: "blah"
            RenderTableCell {TD} at (108,74) size 54x37 [border: (1px solid #000000)] [r=2 c=2 rs=1 cs=1]
              RenderText {#text} at (10,10) size 34x17
                text run at (10,10) width 34: "blah"
            RenderTableCell {TD} at (162,74) size 54x37 [border: (1px solid #000000)] [r=2 c=3 rs=1 cs=1]
              RenderText {#text} at (10,10) size 34x17
                text run at (10,10) width 34: "blah"
          RenderTableRow {TR} at (0,111) size 216x37
            RenderTableCell {TD} at (0,111) size 54x37 [border: (1px solid #000000)] [r=3 c=0 rs=1 cs=1]
              RenderText {#text} at (10,10) size 34x17
                text run at (10,10) width 34: "blah"
            RenderTableCell {TD} at (54,111) size 54x37 [border: (1px solid #000000)] [r=3 c=1 rs=1 cs=1]
              RenderText {#text} at (10,10) size 34x17
                text run at (10,10) width 34: "blah"
            RenderTableCell {TD} at (108,111) size 54x37 [border: (1px solid #000000)] [r=3 c=2 rs=1 cs=1]
              RenderText {#text} at (10,10) size 34x17
                text run at (10,10) width 34: "blah"
            RenderTableCell {TD} at (162,111) size 54x37 [border: (1px solid #000000)] [r=3 c=3 rs=1 cs=1]
              RenderText {#text} at (10,10) size 34x17
                text run at (10,10) width 34: "blah"
          RenderTableRow {TR} at (0,148) size 216x37
            RenderTableCell {TD} at (0,148) size 54x37 [border: (1px solid #000000)] [r=4 c=0 rs=1 cs=1]
              RenderText {#text} at (10,10) size 34x17
                text run at (10,10) width 34: "blah"
            RenderTableCell {TD} at (54,148) size 54x37 [border: (1px solid #000000)] [r=4 c=1 rs=1 cs=1]
              RenderText {#text} at (10,10) size 34x17
                text run at (10,10) width 34: "blah"
            RenderTableCell {TD} at (108,148) size 54x37 [border: (1px solid #000000)] [r=4 c=2 rs=1 cs=1]
              RenderText {#text} at (10,10) size 34x17
                text run at (10,10) width 34: "blah"
            RenderTableCell {TD} at (162,148) size 54x37 [border: (1px solid #000000)] [r=4 c=3 rs=1 cs=1]
              RenderText {#text} at (10,10) size 34x17
                text run at (10,10) width 34: "blah"
          RenderTableRow {TR} at (0,185) size 216x37
            RenderTableCell {TD} at (0,185) size 54x37 [border: (1px solid #000000)] [r=5 c=0 rs=1 cs=1]
              RenderText {#text} at (10,10) size 34x17
                text run at (10,10) width 34: "blah"
            RenderTableCell {TD} at (54,185) size 54x37 [border: (1px solid #000000)] [r=5 c=1 rs=1 cs=1]
              RenderText {#text} at (10,10) size 34x17
                text run at (10,10) width 34: "blah"
            RenderTableCell {TD} at (108,185) size 54x37 [border: (1px solid #000000)] [r=5 c=2 rs=1 cs=1]
              RenderText {#text} at (10,10) size 34x17
                text run at (10,10) width 34: "blah"
            RenderTableCell {TD} at (162,185) size 54x37 [border: (1px solid #000000)] [r=5 c=3 rs=1 cs=1]
              RenderText {#text} at (10,10) size 34x17
                text run at (10,10) width 34: "blah"
          RenderTableRow {TR} at (0,222) size 216x37
            RenderTableCell {TD} at (0,222) size 54x37 [border: (1px solid #000000)] [r=6 c=0 rs=1 cs=1]
              RenderText {#text} at (10,10) size 34x17
                text run at (10,10) width 34: "blah"
            RenderTableCell {TD} at (54,222) size 54x37 [border: (1px solid #000000)] [r=6 c=1 rs=1 cs=1]
              RenderText {#text} at (10,10) size 34x17
                text run at (10,10) width 34: "blah"
            RenderTableCell {TD} at (108,222) size 54x37 [border: (1px solid #000000)] [r=6 c=2 rs=1 cs=1]
              RenderText {#text} at (10,10) size 34x17
                text run at (10,10) width 34: "blah"
            RenderTableCell {TD} at (162,222) size 54x37 [border: (1px solid #000000)] [r=6 c=3 rs=1 cs=1]
              RenderText {#text} at (10,10) size 34x17
                text run at (10,10) width 34: "blah"
          RenderTableRow {TR} at (0,259) size 216x37
            RenderTableCell {TD} at (0,259) size 54x37 [border: (1px solid #000000)] [r=7 c=0 rs=1 cs=1]
              RenderText {#text} at (10,10) size 34x17
                text run at (10,10) width 34: "blah"
            RenderTableCell {TD} at (54,259) size 54x37 [border: (1px solid #000000)] [r=7 c=1 rs=1 cs=1]
              RenderText {#text} at (10,10) size 34x17
                text run at (10,10) width 34: "blah"
            RenderTableCell {TD} at (108,259) size 54x37 [border: (1px solid #000000)] [r=7 c=2 rs=1 cs=1]
              RenderText {#text} at (10,10) size 34x17
                text run at (10,10) width 34: "blah"
            RenderTableCell {TD} at (162,259) size 54x37 [border: (1px solid #000000)] [r=7 c=3 rs=1 cs=1]
              RenderText {#text} at (10,10) size 34x17
                text run at (10,10) width 34: "blah"
