layer at (0,0) size 800x600
  RenderView at (0,0) size 800x600
layer at (0,0) size 800x600
  RenderBlock {HTML} at (0,0) size 800x600
    RenderBody {BODY} at (8,8) size 784x576
      RenderBlock {FORM} at (0,0) size 784x303
        RenderTable {TABLE} at (0,0) size 784x303 [border: (1px outset #808080)]
          RenderTableSection {TBODY} at (1,1) size 782x301
            RenderTableRow {TR} at (0,2) size 782x21
              RenderTableCell {TH} at (2,2) size 24x21 [border: (1px inset #808080)] [r=0 c=0 rs=1 cs=1]
                RenderText {#text} at (5,2) size 13x17
                  text run at (5,2) width 13: "#"
              RenderTableCell {TH} at (28,2) size 95x21 [border: (1px inset #808080)] [r=0 c=1 rs=1 cs=1]
                RenderText {#text} at (2,2) size 91x17
                  text run at (2,2) width 91: "Relevance"
              RenderTableCell {TH} at (125,2) size 503x21 [border: (1px inset #808080)] [r=0 c=2 rs=1 cs=1]
                RenderText {#text} at (207,2) size 89x17
                  text run at (207,2) width 89: "Title Long"
              RenderTableCell {TH} at (630,2) size 99x21 [border: (1px inset #808080)] [r=0 c=3 rs=1 cs=1]
                RenderText {#text} at (19,2) size 61x17
                  text run at (19,2) width 61: "Author"
              RenderTableCell {TH} at (731,2) size 47x21 [border: (1px inset #808080)] [r=0 c=4 rs=1 cs=1]
                RenderText {#text} at (2,2) size 43x17
                  text run at (2,2) width 43: "Date"
            RenderTableRow {TR} at (0,25) size 782x38
              RenderTableCell {TD} at (2,48) size 24x21 [border: (1px inset #808080)] [r=1 c=0 rs=2 cs=1]
                RenderText {#text} at (2,2) size 20x17
                  text run at (2,2) width 20: " 1 "
              RenderTableCell {TD} at (28,48) size 95x21 [border: (1px inset #808080)] [r=1 c=1 rs=2 cs=1]
                RenderText {#text} at (2,2) size 16x17
                  text run at (2,2) width 16: "**"
              RenderTableCell {TD} at (125,25) size 503x38 [border: (1px inset #808080)] [r=1 c=2 rs=1 cs=1]
                RenderText {#text} at (2,2) size 496x34
                  text run at (2,2) width 496: "UNIX and Windows 2000 integration toolkit : a complete guide"
                  text run at (2,19) width 323: "for systems administrators / Rawn Shah."
              RenderTableCell {TD} at (630,25) size 99x38 [border: (1px inset #808080)] [r=1 c=3 rs=1 cs=1]
                RenderText {#text} at (2,2) size 49x34
                  text run at (2,2) width 45: "Shah,"
                  text run at (2,19) width 49: "Rawn."
              RenderTableCell {TD} at (731,33) size 47x21 [border: (1px inset #808080)] [r=1 c=4 rs=1 cs=1]
                RenderText {#text} at (2,2) size 40x17
                  text run at (2,2) width 40: "2000"
            RenderTableRow {TR} at (0,65) size 782x27
              RenderTableCell {TD} at (125,65) size 655x27 [border: (1px inset #808080)] [r=2 c=2 rs=1 cs=4]
                RenderTable {TABLE} at (2,2) size 651x23
                  RenderTableSection {TBODY} at (0,0) size 651x23
                    RenderTableRow {TR} at (0,2) size 651x19
                      RenderTableCell {TD} at (2,2) size 647x19 [r=0 c=0 rs=1 cs=1]
                        RenderText {#text} at (1,1) size 208x17
                          text run at (1,1) width 208: "Title has multiple holdings"
            RenderTableRow {TR} at (0,94) size 782x38
              RenderTableCell {TD} at (2,117) size 24x21 [border: (1px inset #808080)] [r=3 c=0 rs=2 cs=1]
                RenderText {#text} at (2,2) size 20x17
                  text run at (2,2) width 20: " 2 "
              RenderTableCell {TD} at (28,117) size 95x21 [border: (1px inset #808080)] [r=3 c=1 rs=2 cs=1]
                RenderText {#text} at (2,2) size 16x17
                  text run at (2,2) width 16: "**"
              RenderTableCell {TD} at (125,102) size 503x21 [border: (1px inset #808080)] [r=3 c=2 rs=1 cs=1]
                RenderText {#text} at (2,2) size 299x17
                  text run at (2,2) width 299: "Learning Red Hat Linux / Bill McCarty."
              RenderTableCell {TD} at (630,94) size 99x38 [border: (1px inset #808080)] [r=3 c=3 rs=1 cs=1]
                RenderText {#text} at (2,2) size 79x34
                  text run at (2,2) width 71: "McCarty,"
                  text run at (2,19) width 79: "Bill, 1953-"
              RenderTableCell {TD} at (731,102) size 47x21 [border: (1px inset #808080)] [r=3 c=4 rs=1 cs=1]
                RenderText {#text} at (2,2) size 40x17
                  text run at (2,2) width 40: "1999"
            RenderTableRow {TR} at (0,134) size 782x27
              RenderTableCell {TD} at (125,134) size 655x27 [border: (1px inset #808080)] [r=4 c=2 rs=1 cs=4]
                RenderTable {TABLE} at (2,2) size 651x23
                  RenderTableSection {TBODY} at (0,0) size 651x23
                    RenderTableRow {TR} at (0,2) size 651x19
                      RenderTableCell {TD} at (2,2) size 647x19 [r=0 c=0 rs=1 cs=1]
                        RenderText {#text} at (1,1) size 208x17
                          text run at (1,1) width 208: "Title has multiple holdings"
            RenderTableRow {TR} at (0,163) size 782x38
              RenderTableCell {TD} at (2,186) size 24x21 [border: (1px inset #808080)] [r=5 c=0 rs=2 cs=1]
                RenderText {#text} at (2,2) size 20x17
                  text run at (2,2) width 20: " 3 "
              RenderTableCell {TD} at (28,186) size 95x21 [border: (1px inset #808080)] [r=5 c=1 rs=2 cs=1]
                RenderText {#text} at (2,2) size 16x17
                  text run at (2,2) width 16: "**"
              RenderTableCell {TD} at (125,171) size 503x21 [border: (1px inset #808080)] [r=5 c=2 rs=1 cs=1]
                RenderText {#text} at (2,2) size 330x17
                  text run at (2,2) width 330: "Learning Debian GNU/Linux / Bill Mccarty."
              RenderTableCell {TD} at (630,163) size 99x38 [border: (1px inset #808080)] [r=5 c=3 rs=1 cs=1]
                RenderText {#text} at (2,2) size 79x34
                  text run at (2,2) width 71: "McCarty,"
                  text run at (2,19) width 79: "Bill, 1953-"
              RenderTableCell {TD} at (731,171) size 47x21 [border: (1px inset #808080)] [r=5 c=4 rs=1 cs=1]
                RenderText {#text} at (2,2) size 40x17
                  text run at (2,2) width 40: "1999"
            RenderTableRow {TR} at (0,203) size 782x27
              RenderTableCell {TD} at (125,203) size 655x27 [border: (1px inset #808080)] [r=6 c=2 rs=1 cs=4]
                RenderTable {TABLE} at (2,2) size 651x23
                  RenderTableSection {TBODY} at (0,0) size 651x23
                    RenderTableRow {TR} at (0,2) size 651x19
                      RenderTableCell {TD} at (2,2) size 647x19 [r=0 c=0 rs=1 cs=1]
                        RenderText {#text} at (1,1) size 208x17
                          text run at (1,1) width 208: "Title has multiple holdings"
            RenderTableRow {TR} at (0,232) size 782x38
              RenderTableCell {TD} at (2,255) size 24x21 [border: (1px inset #808080)] [r=7 c=0 rs=2 cs=1]
                RenderText {#text} at (2,2) size 20x17
                  text run at (2,2) width 20: " 4 "
              RenderTableCell {TD} at (28,255) size 95x21 [border: (1px inset #808080)] [r=7 c=1 rs=2 cs=1]
                RenderText {#text} at (2,2) size 16x17
                  text run at (2,2) width 16: "**"
              RenderTableCell {TD} at (125,240) size 503x21 [border: (1px inset #808080)] [r=7 c=2 rs=1 cs=1]
                RenderText {#text} at (2,2) size 485x17
                  text run at (2,2) width 485: "Advanced Java networking / Dick Steflik, Prashant Sridharan."
              RenderTableCell {TD} at (630,232) size 99x38 [border: (1px inset #808080)] [r=7 c=3 rs=1 cs=1]
                RenderText {#text} at (2,2) size 54x34
                  text run at (2,2) width 54: "Steflik,"
                  text run at (2,19) width 39: "Dick."
              RenderTableCell {TD} at (731,240) size 47x21 [border: (1px inset #808080)] [r=7 c=4 rs=1 cs=1]
                RenderText {#text} at (2,2) size 40x17
                  text run at (2,2) width 40: "2000"
            RenderTableRow {TR} at (0,272) size 782x27
              RenderTableCell {TD} at (125,272) size 655x27 [border: (1px inset #808080)] [r=8 c=2 rs=1 cs=4]
                RenderTable {TABLE} at (2,2) size 651x23
                  RenderTableSection {TBODY} at (0,0) size 651x23
                    RenderTableRow {TR} at (0,2) size 651x19
                      RenderTableCell {TD} at (2,2) size 647x19 [r=0 c=0 rs=1 cs=1]
                        RenderText {#text} at (1,1) size 208x17
                          text run at (1,1) width 208: "Title has multiple holdings"
