layer at (0,0) size 800x600
  RenderView at (0,0) size 800x600
layer at (0,0) size 800x600
  RenderBlock {HTML} at (0,0) size 800x600
    RenderBody {BODY} at (8,8) size 784x576
      RenderBlock {DIV} at (0,0) size 784x195
        RenderBlock {P} at (0,0) size 784x17
          RenderText {#text} at (178,0) size 427x17
            text run at (178,0) width 427: "Tables I, II, III, IV (cellpadding=0 cellspacing=5)"
        RenderTable {TABLE} at (172,33) size 440x162 [bgcolor=#FFCC00] [border: (1px outset #808080)]
          RenderTableSection {TBODY} at (1,1) size 438x160
            RenderTableRow {TR} at (0,2) size 438x156
              RenderTableCell {TD} at (2,2) size 115x156 [border: (1px inset #808080)] [r=0 c=0 rs=1 cs=1]
                RenderTable {TABLE} at (6,6) size 103x144 [bgcolor=#FFFFFF] [border: (1px outset #808080)]
                  RenderBlock {CAPTION} at (0,0) size 101x17
                    RenderInline {NOBR} at (0,0) size 53x17
                      RenderText {#text} at (24,0) size 53x17
                        text run at (24,0) width 53: "Table I"
                  RenderTableSection {TBODY} at (1,18) size 101x125
                    RenderTableRow {TR} at (0,5) size 101x19
                      RenderTableCell {TD} at (5,5) size 27x19 [border: (1px inset #808080)] [r=0 c=0 rs=1 cs=1]
                        RenderText {#text} at (1,1) size 25x17
                          text run at (1,1) width 25: "1,1"
                      RenderTableCell {TD} at (37,5) size 27x19 [border: (1px inset #808080)] [r=0 c=1 rs=1 cs=1]
                        RenderText {#text} at (1,1) size 25x17
                          text run at (1,1) width 25: "1,2"
                      RenderTableCell {TD} at (69,5) size 27x19 [border: (1px inset #808080)] [r=0 c=2 rs=1 cs=1]
                        RenderText {#text} at (1,1) size 25x17
                          text run at (1,1) width 25: "1,3"
                    RenderTableRow {TR} at (0,29) size 101x19
                      RenderTableCell {TD} at (5,29) size 27x19 [border: (1px inset #808080)] [r=1 c=0 rs=1 cs=1]
                        RenderText {#text} at (1,1) size 25x17
                          text run at (1,1) width 25: "2,1"
                      RenderTableCell {TD} at (37,29) size 27x19 [border: (1px inset #808080)] [r=1 c=1 rs=1 cs=1]
                        RenderText {#text} at (1,1) size 25x17
                          text run at (1,1) width 25: "2,2"
                      RenderTableCell {TD} at (69,29) size 27x19 [bgcolor=#FFFF66] [border: (1px inset #808080)] [r=1 c=2 rs=1 cs=1]
                        RenderText {#text} at (1,1) size 25x17
                          text run at (1,1) width 25: "2,3"
                    RenderTableRow {TR} at (0,53) size 101x19
                      RenderTableCell {TD} at (5,53) size 27x19 [border: (1px inset #808080)] [r=2 c=0 rs=1 cs=1]
                        RenderText {#text} at (1,1) size 25x17
                          text run at (1,1) width 25: "3,1"
                      RenderTableCell {TD} at (37,53) size 27x19 [border: (1px inset #808080)] [r=2 c=1 rs=1 cs=1]
                        RenderText {#text} at (1,1) size 25x17
                          text run at (1,1) width 25: "3,2"
                      RenderTableCell {TD} at (69,53) size 27x19 [bgcolor=#FFFF66] [border: (1px inset #808080)] [r=2 c=2 rs=1 cs=1]
                        RenderText {#text} at (1,1) size 25x17
                          text run at (1,1) width 25: "3,3"
                    RenderTableRow {TR} at (0,77) size 101x19
                      RenderTableCell {TD} at (5,77) size 27x19 [border: (1px inset #808080)] [r=3 c=0 rs=1 cs=1]
                        RenderText {#text} at (1,1) size 25x17
                          text run at (1,1) width 25: "4,1"
                      RenderTableCell {TD} at (37,77) size 27x19 [border: (1px inset #808080)] [r=3 c=1 rs=1 cs=1]
                        RenderText {#text} at (1,1) size 25x17
                          text run at (1,1) width 25: "4,2"
                      RenderTableCell {TD} at (69,77) size 27x19 [bgcolor=#FFFF66] [border: (1px inset #808080)] [r=3 c=2 rs=1 cs=1]
                        RenderText {#text} at (1,1) size 25x17
                          text run at (1,1) width 25: "4,3"
                    RenderTableRow {TR} at (0,101) size 101x19
                      RenderTableCell {TD} at (5,101) size 27x19 [border: (1px inset #808080)] [r=4 c=0 rs=1 cs=1]
                        RenderText {#text} at (1,1) size 25x17
                          text run at (1,1) width 25: "5,1"
                      RenderTableCell {TD} at (37,101) size 27x19 [border: (1px inset #808080)] [r=4 c=1 rs=1 cs=1]
                        RenderText {#text} at (1,1) size 25x17
                          text run at (1,1) width 25: "5,2"
                      RenderTableCell {TD} at (69,101) size 27x19 [border: (1px inset #808080)] [r=4 c=2 rs=1 cs=1]
                        RenderText {#text} at (1,1) size 25x17
                          text run at (1,1) width 25: "5,3"
              RenderTableCell {TD} at (119,2) size 115x156 [border: (1px inset #808080)] [r=0 c=1 rs=1 cs=1]
                RenderTable {TABLE} at (6,6) size 103x144 [bgcolor=#FFFFFF] [border: (1px outset #808080)]
                  RenderBlock {CAPTION} at (0,0) size 101x17
                    RenderInline {NOBR} at (0,0) size 58x17
                      RenderText {#text} at (21,0) size 58x17
                        text run at (21,0) width 58: "Table II"
                  RenderTableSection {TBODY} at (1,18) size 101x125
                    RenderTableRow {TR} at (0,5) size 101x19
                      RenderTableCell {TD} at (5,5) size 27x19 [border: (1px inset #808080)] [r=0 c=0 rs=1 cs=1]
                        RenderText {#text} at (1,1) size 25x17
                          text run at (1,1) width 25: "1,1"
                      RenderTableCell {TD} at (37,5) size 27x19 [border: (1px inset #808080)] [r=0 c=1 rs=1 cs=1]
                        RenderText {#text} at (1,1) size 25x17
                          text run at (1,1) width 25: "1,2"
                      RenderTableCell {TD} at (69,5) size 27x19 [border: (1px inset #808080)] [r=0 c=2 rs=1 cs=1]
                        RenderText {#text} at (1,1) size 25x17
                          text run at (1,1) width 25: "1,3"
                    RenderTableRow {TR} at (0,29) size 101x19
                      RenderTableCell {TD} at (5,29) size 27x19 [border: (1px inset #808080)] [r=1 c=0 rs=1 cs=1]
                        RenderText {#text} at (1,1) size 25x17
                          text run at (1,1) width 25: "2,1"
                      RenderTableCell {TD} at (37,41) size 27x19 [border: (1px inset #808080)] [r=1 c=1 rs=2 cs=1]
                        RenderText {#text} at (1,1) size 25x17
                          text run at (1,1) width 25: "2,2"
                      RenderTableCell {TD} at (69,29) size 27x19 [bgcolor=#FFFF66] [border: (1px inset #808080)] [r=1 c=2 rs=1 cs=1]
                        RenderText {#text} at (1,1) size 25x17
                          text run at (1,1) width 25: "2,3"
                    RenderTableRow {TR} at (0,53) size 101x19
                      RenderTableCell {TD} at (5,65) size 27x19 [border: (1px inset #808080)] [r=2 c=0 rs=2 cs=1]
                        RenderText {#text} at (1,1) size 25x17
                          text run at (1,1) width 25: "3,1"
                      RenderTableCell {TD} at (69,53) size 27x19 [bgcolor=#FFFF66] [border: (1px inset #808080)] [r=2 c=2 rs=1 cs=1]
                        RenderText {#text} at (1,1) size 25x17
                          text run at (1,1) width 25: "3,3"
                    RenderTableRow {TR} at (0,77) size 101x19
                      RenderTableCell {TD} at (37,77) size 27x19 [border: (1px inset #808080)] [r=3 c=1 rs=1 cs=1]
                        RenderText {#text} at (1,1) size 25x17
                          text run at (1,1) width 25: "4,2"
                      RenderTableCell {TD} at (69,77) size 27x19 [bgcolor=#FFFF66] [border: (1px inset #808080)] [r=3 c=2 rs=1 cs=1]
                        RenderText {#text} at (1,1) size 25x17
                          text run at (1,1) width 25: "4,3"
                    RenderTableRow {TR} at (0,101) size 101x19
                      RenderTableCell {TD} at (5,101) size 27x19 [border: (1px inset #808080)] [r=4 c=0 rs=1 cs=1]
                        RenderText {#text} at (1,1) size 25x17
                          text run at (1,1) width 25: "5,1"
                      RenderTableCell {TD} at (37,101) size 27x19 [border: (1px inset #808080)] [r=4 c=1 rs=1 cs=1]
                        RenderText {#text} at (1,1) size 25x17
                          text run at (1,1) width 25: "5,2"
                      RenderTableCell {TD} at (69,101) size 27x19 [border: (1px inset #808080)] [r=4 c=2 rs=1 cs=1]
                        RenderText {#text} at (1,1) size 25x17
                          text run at (1,1) width 25: "5,3"
              RenderTableCell {TD} at (236,2) size 115x139 [border: (1px inset #808080)] [r=0 c=2 rs=1 cs=1]
                RenderTable {TABLE} at (6,6) size 103x127 [bgcolor=#FFFFFF] [border: (1px outset #808080)]
                  RenderBlock {CAPTION} at (0,0) size 101x17
                    RenderInline {NOBR} at (0,0) size 63x17
                      RenderText {#text} at (19,0) size 63x17
                        text run at (19,0) width 63: "Table III"
                  RenderTableSection {TBODY} at (1,18) size 101x108
                    RenderTableRow {TR} at (0,5) size 101x19
                      RenderTableCell {TD} at (5,5) size 27x19 [border: (1px inset #808080)] [r=0 c=0 rs=1 cs=1]
                        RenderText {#text} at (1,1) size 25x17
                          text run at (1,1) width 25: "1,1"
                      RenderTableCell {TD} at (37,5) size 27x19 [border: (1px inset #808080)] [r=0 c=1 rs=1 cs=1]
                        RenderText {#text} at (1,1) size 25x17
                          text run at (1,1) width 25: "1,2"
                      RenderTableCell {TD} at (69,5) size 27x19 [border: (1px inset #808080)] [r=0 c=2 rs=1 cs=1]
                        RenderText {#text} at (1,1) size 25x17
                          text run at (1,1) width 25: "1,3"
                    RenderTableRow {TR} at (0,29) size 101x19
                      RenderTableCell {TD} at (5,29) size 27x19 [border: (1px inset #808080)] [r=1 c=0 rs=1 cs=1]
                        RenderText {#text} at (1,1) size 25x17
                          text run at (1,1) width 25: "2,1"
                      RenderTableCell {TD} at (37,32) size 27x19 [border: (1px inset #808080)] [r=1 c=1 rs=2 cs=1]
                        RenderText {#text} at (1,1) size 25x17
                          text run at (1,1) width 25: "2,2"
                      RenderTableCell {TD} at (69,37) size 27x2 [bgcolor=#FFFF66] [border: (1px inset #808080)] [r=1 c=2 rs=1 cs=1]
                    RenderTableRow {TR} at (0,53) size 101x2
                      RenderTableCell {TD} at (5,56) size 27x19 [border: (1px inset #808080)] [r=2 c=0 rs=2 cs=1]
                        RenderText {#text} at (1,1) size 25x17
                          text run at (1,1) width 25: "3,1"
                      RenderTableCell {TD} at (69,53) size 27x2 [bgcolor=#FFFF66] [border: (1px inset #808080)] [r=2 c=2 rs=1 cs=1]
                    RenderTableRow {TR} at (0,60) size 101x19
                      RenderTableCell {TD} at (37,60) size 27x19 [border: (1px inset #808080)] [r=3 c=1 rs=1 cs=1]
                        RenderText {#text} at (1,1) size 25x17
                          text run at (1,1) width 25: "4,2"
                      RenderTableCell {TD} at (69,68) size 27x2 [bgcolor=#FFFF66] [border: (1px inset #808080)] [r=3 c=2 rs=1 cs=1]
                    RenderTableRow {TR} at (0,84) size 101x19
                      RenderTableCell {TD} at (5,84) size 27x19 [border: (1px inset #808080)] [r=4 c=0 rs=1 cs=1]
                        RenderText {#text} at (1,1) size 25x17
                          text run at (1,1) width 25: "5,1"
                      RenderTableCell {TD} at (37,84) size 27x19 [border: (1px inset #808080)] [r=4 c=1 rs=1 cs=1]
                        RenderText {#text} at (1,1) size 25x17
                          text run at (1,1) width 25: "5,2"
                      RenderTableCell {TD} at (69,84) size 27x19 [border: (1px inset #808080)] [r=4 c=2 rs=1 cs=1]
                        RenderText {#text} at (1,1) size 25x17
                          text run at (1,1) width 25: "5,3"
              RenderTableCell {TD} at (353,2) size 83x137 [border: (1px inset #808080)] [r=0 c=3 rs=1 cs=1]
                RenderTable {TABLE} at (6,6) size 71x125 [bgcolor=#FFFFFF] [border: (1px outset #808080)]
                  RenderBlock {CAPTION} at (0,0) size 69x17
                    RenderInline {NOBR} at (0,0) size 64x17
                      RenderText {#text} at (2,0) size 64x17
                        text run at (2,0) width 64: "Table IV"
                  RenderTableSection {TBODY} at (1,18) size 69x106
                    RenderTableRow {TR} at (0,5) size 69x19
                      RenderTableCell {TD} at (5,5) size 27x19 [border: (1px inset #808080)] [r=0 c=0 rs=1 cs=1]
                        RenderText {#text} at (1,1) size 25x17
                          text run at (1,1) width 25: "1,1"
                      RenderTableCell {TD} at (37,5) size 27x19 [border: (1px inset #808080)] [r=0 c=1 rs=1 cs=1]
                        RenderText {#text} at (1,1) size 25x17
                          text run at (1,1) width 25: "1,2"
                    RenderTableRow {TR} at (0,29) size 69x19
                      RenderTableCell {TD} at (5,29) size 27x19 [border: (1px inset #808080)] [r=1 c=0 rs=1 cs=1]
                        RenderText {#text} at (1,1) size 25x17
                          text run at (1,1) width 25: "2,1"
                      RenderTableCell {TD} at (37,31) size 27x19 [border: (1px inset #808080)] [r=1 c=1 rs=2 cs=1]
                        RenderText {#text} at (1,1) size 25x17
                          text run at (1,1) width 25: "2,2"
                    RenderTableRow {TR} at (0,53) size 69x0
                      RenderTableCell {TD} at (5,55) size 27x19 [border: (1px inset #808080)] [r=2 c=0 rs=2 cs=1]
                        RenderText {#text} at (1,1) size 25x17
                          text run at (1,1) width 25: "3,1"
                    RenderTableRow {TR} at (0,58) size 69x19
                      RenderTableCell {TD} at (37,58) size 27x19 [border: (1px inset #808080)] [r=3 c=1 rs=1 cs=1]
                        RenderText {#text} at (1,1) size 25x17
                          text run at (1,1) width 25: "4,2"
                    RenderTableRow {TR} at (0,82) size 69x19
                      RenderTableCell {TD} at (5,82) size 27x19 [border: (1px inset #808080)] [r=4 c=0 rs=1 cs=1]
                        RenderText {#text} at (1,1) size 25x17
                          text run at (1,1) width 25: "5,1"
                      RenderTableCell {TD} at (37,82) size 27x19 [border: (1px inset #808080)] [r=4 c=1 rs=1 cs=1]
                        RenderText {#text} at (1,1) size 25x17
                          text run at (1,1) width 25: "5,2"
      RenderBlock {HR} at (0,203) size 784x2 [border: (1px inset #000000)]
      RenderBlock {P} at (0,221) size 784x17
        RenderInline {B} at (0,0) size 735x17
          RenderText {#text} at (24,0) size 735x17
            text run at (24,0) width 735: "This demonstrates a problem with \"overlapping rowspan cells\" (look at Table IV)."
      RenderBlock {P} at (0,254) size 784x17
        RenderInline {B} at (0,0) size 66x17
          RenderText {#text} at (0,0) size 66x17
            text run at (0,0) width 66: "Table I:"
        RenderText {#text} at (66,0) size 157x17
          text run at (66,0) width 157: " a regular 5x3 table"
      RenderBlock {P} at (0,287) size 784x17
        RenderInline {B} at (0,0) size 72x17
          RenderText {#text} at (0,0) size 72x17
            text run at (0,0) width 72: "Table II:"
        RenderText {#text} at (72,0) size 506x17
          text run at (72,0) width 506: " introduces rowspan=2 for cells (2,2) and (3,1), which 'overlap'."
      RenderBlock {P} at (0,320) size 784x68
        RenderInline {B} at (0,0) size 78x17
          RenderText {#text} at (0,0) size 78x17
            text run at (0,0) width 78: "Table III:"
        RenderText {#text} at (78,0) size 769x68
          text run at (78,0) width 691: " is Table II, but cells (2,3),(3,3) and (4,3) now have 'empty' contents; the resulting table"
          text run at (0,17) width 681: "is still OK. Note that the height of (2,3) and (4,3) is determined by cells (2,1) and (4,2)"
          text run at (0,34) width 735: "respectively, whereas (3,3) has ~0 height since no 'effective' cell in the row has any definite"
          text run at (0,51) width 560: "height requirement (except for border, margin, padding if applicable)."
      RenderBlock {P} at (0,404) size 784x34
        RenderInline {B} at (0,0) size 78x17
          RenderText {#text} at (0,0) size 78x17
            text run at (0,0) width 78: "Table IV:"
        RenderText {#text} at (78,0) size 736x34
          text run at (78,0) width 658: " is Table III, but column 3 has been removed (cells (1,3),(2,3),(3,3),(4,3),(5,3)). This"
          text run at (0,17) width 568: "should mirror the first two columns of Table III (but currently does not)."
      RenderBlock {P} at (0,454) size 784x34
        RenderText {#text} at (0,0) size 761x34
          text run at (0,0) width 761: "Note that cells (2,2) and (3,1) are still in the correct position, with the same size as Table III, but"
          text run at (0,17) width 405: "that their cellspacing with (5,1) and (4,2) is absent."
      RenderBlock {P} at (0,504) size 784x17
        RenderText {#text} at (0,0) size 589x17
          text run at (0,0) width 589: "Tested with Apr25, M4 and 1999051109 (win95, opt.) Dated: May 11 1999"
