layer at (0,0) size 800x1504
  RenderView at (0,0) size 800x600
layer at (0,0) size 800x1504
  RenderBlock {HTML} at (0,0) size 800x1504
    RenderBody {BODY} at (8,8) size 784x1488
      RenderTable {TABLE} at (0,0) size 284x496
        RenderTableSection {TBODY} at (0,0) size 284x496
          RenderTableRow {TR} at (0,2) size 284x19
            RenderTableCell {TD} at (2,2) size 280x19 [r=0 c=0 rs=1 cs=1]
              RenderText {#text} at (1,1) size 278x17
                text run at (1,1) width 278: "Occasional height/width on images"
          RenderTableRow {TR} at (0,23) size 284x34
            RenderTableCell {TD} at (2,23) size 280x34 [r=1 c=0 rs=1 cs=1]
              RenderImage {IMG} at (1,1) size 75x32
          RenderTableRow {TR} at (0,59) size 284x24
            RenderTableCell {TD} at (2,59) size 280x24 [r=2 c=0 rs=1 cs=1]
              RenderImage {IMG} at (1,1) size 44x22
          RenderTableRow {TR} at (0,85) size 284x15
            RenderTableCell {TD} at (2,85) size 280x15 [r=3 c=0 rs=1 cs=1]
              RenderImage {IMG} at (1,1) size 89x13
          RenderTableRow {TR} at (0,102) size 284x15
            RenderTableCell {TD} at (2,102) size 280x15 [r=4 c=0 rs=1 cs=1]
              RenderImage {IMG} at (1,1) size 89x13
          RenderTableRow {TR} at (0,119) size 284x31
            RenderTableCell {TD} at (2,119) size 280x31 [r=5 c=0 rs=1 cs=1]
              RenderImage {IMG} at (1,1) size 31x29
          RenderTableRow {TR} at (0,152) size 284x23
            RenderTableCell {TD} at (2,152) size 280x23 [r=6 c=0 rs=1 cs=1]
              RenderImage {IMG} at (1,1) size 62x21
          RenderTableRow {TR} at (0,177) size 284x17
            RenderTableCell {TD} at (2,177) size 280x17 [r=7 c=0 rs=1 cs=1]
              RenderImage {IMG} at (1,1) size 70x15
          RenderTableRow {TR} at (0,196) size 284x28
            RenderTableCell {TD} at (2,196) size 280x28 [r=8 c=0 rs=1 cs=1]
              RenderImage {IMG} at (1,1) size 42x26
          RenderTableRow {TR} at (0,226) size 284x17
            RenderTableCell {TD} at (2,226) size 280x17 [r=9 c=0 rs=1 cs=1]
              RenderImage {IMG} at (1,1) size 84x15
          RenderTableRow {TR} at (0,245) size 284x17
            RenderTableCell {TD} at (2,245) size 280x17 [r=10 c=0 rs=1 cs=1]
              RenderImage {IMG} at (1,1) size 90x15
          RenderTableRow {TR} at (0,264) size 284x34
            RenderTableCell {TD} at (2,264) size 280x34 [r=11 c=0 rs=1 cs=1]
              RenderImage {IMG} at (1,1) size 59x32
          RenderTableRow {TR} at (0,300) size 284x17
            RenderTableCell {TD} at (2,300) size 280x17 [r=12 c=0 rs=1 cs=1]
              RenderImage {IMG} at (1,1) size 90x15
          RenderTableRow {TR} at (0,319) size 284x17
            RenderTableCell {TD} at (2,319) size 280x17 [r=13 c=0 rs=1 cs=1]
              RenderImage {IMG} at (1,1) size 90x15
          RenderTableRow {TR} at (0,338) size 284x21
            RenderTableCell {TD} at (2,338) size 280x21 [r=14 c=0 rs=1 cs=1]
              RenderImage {IMG} at (1,1) size 83x19
          RenderTableRow {TR} at (0,361) size 284x33
            RenderTableCell {TD} at (2,361) size 280x33 [r=15 c=0 rs=1 cs=1]
              RenderImage {IMG} at (1,1) size 54x31
          RenderTableRow {TR} at (0,396) size 284x27
            RenderTableCell {TD} at (2,396) size 280x27 [r=16 c=0 rs=1 cs=1]
              RenderImage {IMG} at (1,1) size 56x25
          RenderTableRow {TR} at (0,425) size 284x17
            RenderTableCell {TD} at (2,425) size 280x17 [r=17 c=0 rs=1 cs=1]
              RenderImage {IMG} at (1,1) size 53x15
          RenderTableRow {TR} at (0,444) size 284x31
            RenderTableCell {TD} at (2,444) size 280x31 [r=18 c=0 rs=1 cs=1]
              RenderImage {IMG} at (1,1) size 31x29
          RenderTableRow {TR} at (0,477) size 284x17
            RenderTableCell {TD} at (2,477) size 280x17 [r=19 c=0 rs=1 cs=1]
              RenderImage {IMG} at (1,1) size 53x15
      RenderTable {TABLE} at (0,496) size 333x496
        RenderTableSection {TBODY} at (0,0) size 333x496
          RenderTableRow {TR} at (0,2) size 333x19
            RenderTableCell {TD} at (2,2) size 329x19 [r=0 c=0 rs=1 cs=1]
              RenderText {#text} at (1,1) size 327x17
                text run at (1,1) width 327: "Images with height/width never specified"
          RenderTableRow {TR} at (0,23) size 333x34
            RenderTableCell {TD} at (2,23) size 329x34 [r=1 c=0 rs=1 cs=1]
              RenderImage {IMG} at (1,1) size 75x32
          RenderTableRow {TR} at (0,59) size 333x24
            RenderTableCell {TD} at (2,59) size 329x24 [r=2 c=0 rs=1 cs=1]
              RenderImage {IMG} at (1,1) size 44x22
          RenderTableRow {TR} at (0,85) size 333x15
            RenderTableCell {TD} at (2,85) size 329x15 [r=3 c=0 rs=1 cs=1]
              RenderImage {IMG} at (1,1) size 89x13
          RenderTableRow {TR} at (0,102) size 333x15
            RenderTableCell {TD} at (2,102) size 329x15 [r=4 c=0 rs=1 cs=1]
              RenderImage {IMG} at (1,1) size 89x13
          RenderTableRow {TR} at (0,119) size 333x31
            RenderTableCell {TD} at (2,119) size 329x31 [r=5 c=0 rs=1 cs=1]
              RenderImage {IMG} at (1,1) size 31x29
          RenderTableRow {TR} at (0,152) size 333x23
            RenderTableCell {TD} at (2,152) size 329x23 [r=6 c=0 rs=1 cs=1]
              RenderImage {IMG} at (1,1) size 62x21
          RenderTableRow {TR} at (0,177) size 333x17
            RenderTableCell {TD} at (2,177) size 329x17 [r=7 c=0 rs=1 cs=1]
              RenderImage {IMG} at (1,1) size 70x15
          RenderTableRow {TR} at (0,196) size 333x28
            RenderTableCell {TD} at (2,196) size 329x28 [r=8 c=0 rs=1 cs=1]
              RenderImage {IMG} at (1,1) size 42x26
          RenderTableRow {TR} at (0,226) size 333x17
            RenderTableCell {TD} at (2,226) size 329x17 [r=9 c=0 rs=1 cs=1]
              RenderImage {IMG} at (1,1) size 84x15
          RenderTableRow {TR} at (0,245) size 333x17
            RenderTableCell {TD} at (2,245) size 329x17 [r=10 c=0 rs=1 cs=1]
              RenderImage {IMG} at (1,1) size 90x15
          RenderTableRow {TR} at (0,264) size 333x34
            RenderTableCell {TD} at (2,264) size 329x34 [r=11 c=0 rs=1 cs=1]
              RenderImage {IMG} at (1,1) size 59x32
          RenderTableRow {TR} at (0,300) size 333x17
            RenderTableCell {TD} at (2,300) size 329x17 [r=12 c=0 rs=1 cs=1]
              RenderImage {IMG} at (1,1) size 90x15
          RenderTableRow {TR} at (0,319) size 333x17
            RenderTableCell {TD} at (2,319) size 329x17 [r=13 c=0 rs=1 cs=1]
              RenderImage {IMG} at (1,1) size 90x15
          RenderTableRow {TR} at (0,338) size 333x21
            RenderTableCell {TD} at (2,338) size 329x21 [r=14 c=0 rs=1 cs=1]
              RenderImage {IMG} at (1,1) size 83x19
          RenderTableRow {TR} at (0,361) size 333x33
            RenderTableCell {TD} at (2,361) size 329x33 [r=15 c=0 rs=1 cs=1]
              RenderImage {IMG} at (1,1) size 54x31
          RenderTableRow {TR} at (0,396) size 333x27
            RenderTableCell {TD} at (2,396) size 329x27 [r=16 c=0 rs=1 cs=1]
              RenderImage {IMG} at (1,1) size 56x25
          RenderTableRow {TR} at (0,425) size 333x17
            RenderTableCell {TD} at (2,425) size 329x17 [r=17 c=0 rs=1 cs=1]
              RenderImage {IMG} at (1,1) size 53x15
          RenderTableRow {TR} at (0,444) size 333x31
            RenderTableCell {TD} at (2,444) size 329x31 [r=18 c=0 rs=1 cs=1]
              RenderImage {IMG} at (1,1) size 31x29
          RenderTableRow {TR} at (0,477) size 333x17
            RenderTableCell {TD} at (2,477) size 329x17 [r=19 c=0 rs=1 cs=1]
              RenderImage {IMG} at (1,1) size 53x15
      RenderTable {TABLE} at (0,992) size 341x496
        RenderTableSection {TBODY} at (0,0) size 341x496
          RenderTableRow {TR} at (0,2) size 341x19
            RenderTableCell {TD} at (2,2) size 337x19 [r=0 c=0 rs=1 cs=1]
              RenderText {#text} at (1,1) size 335x17
                text run at (1,1) width 335: "Images with height/width always specified"
          RenderTableRow {TR} at (0,23) size 341x34
            RenderTableCell {TD} at (2,23) size 337x34 [r=1 c=0 rs=1 cs=1]
              RenderImage {IMG} at (1,1) size 75x32
          RenderTableRow {TR} at (0,59) size 341x24
            RenderTableCell {TD} at (2,59) size 337x24 [r=2 c=0 rs=1 cs=1]
              RenderImage {IMG} at (1,1) size 44x22
          RenderTableRow {TR} at (0,85) size 341x15
            RenderTableCell {TD} at (2,85) size 337x15 [r=3 c=0 rs=1 cs=1]
              RenderImage {IMG} at (1,1) size 89x13
          RenderTableRow {TR} at (0,102) size 341x15
            RenderTableCell {TD} at (2,102) size 337x15 [r=4 c=0 rs=1 cs=1]
              RenderImage {IMG} at (1,1) size 89x13
          RenderTableRow {TR} at (0,119) size 341x31
            RenderTableCell {TD} at (2,119) size 337x31 [r=5 c=0 rs=1 cs=1]
              RenderImage {IMG} at (1,1) size 31x29
          RenderTableRow {TR} at (0,152) size 341x23
            RenderTableCell {TD} at (2,152) size 337x23 [r=6 c=0 rs=1 cs=1]
              RenderImage {IMG} at (1,1) size 62x21
          RenderTableRow {TR} at (0,177) size 341x17
            RenderTableCell {TD} at (2,177) size 337x17 [r=7 c=0 rs=1 cs=1]
              RenderImage {IMG} at (1,1) size 70x15
          RenderTableRow {TR} at (0,196) size 341x28
            RenderTableCell {TD} at (2,196) size 337x28 [r=8 c=0 rs=1 cs=1]
              RenderImage {IMG} at (1,1) size 42x26
          RenderTableRow {TR} at (0,226) size 341x17
            RenderTableCell {TD} at (2,226) size 337x17 [r=9 c=0 rs=1 cs=1]
              RenderImage {IMG} at (1,1) size 84x15
          RenderTableRow {TR} at (0,245) size 341x17
            RenderTableCell {TD} at (2,245) size 337x17 [r=10 c=0 rs=1 cs=1]
              RenderImage {IMG} at (1,1) size 90x15
          RenderTableRow {TR} at (0,264) size 341x34
            RenderTableCell {TD} at (2,264) size 337x34 [r=11 c=0 rs=1 cs=1]
              RenderImage {IMG} at (1,1) size 59x32
          RenderTableRow {TR} at (0,300) size 341x17
            RenderTableCell {TD} at (2,300) size 337x17 [r=12 c=0 rs=1 cs=1]
              RenderImage {IMG} at (1,1) size 90x15
          RenderTableRow {TR} at (0,319) size 341x17
            RenderTableCell {TD} at (2,319) size 337x17 [r=13 c=0 rs=1 cs=1]
              RenderImage {IMG} at (1,1) size 90x15
          RenderTableRow {TR} at (0,338) size 341x21
            RenderTableCell {TD} at (2,338) size 337x21 [r=14 c=0 rs=1 cs=1]
              RenderImage {IMG} at (1,1) size 83x19
          RenderTableRow {TR} at (0,361) size 341x33
            RenderTableCell {TD} at (2,361) size 337x33 [r=15 c=0 rs=1 cs=1]
              RenderImage {IMG} at (1,1) size 54x31
          RenderTableRow {TR} at (0,396) size 341x27
            RenderTableCell {TD} at (2,396) size 337x27 [r=16 c=0 rs=1 cs=1]
              RenderImage {IMG} at (1,1) size 56x25
          RenderTableRow {TR} at (0,425) size 341x17
            RenderTableCell {TD} at (2,425) size 337x17 [r=17 c=0 rs=1 cs=1]
              RenderImage {IMG} at (1,1) size 53x15
          RenderTableRow {TR} at (0,444) size 341x31
            RenderTableCell {TD} at (2,444) size 337x31 [r=18 c=0 rs=1 cs=1]
              RenderImage {IMG} at (1,1) size 31x29
          RenderTableRow {TR} at (0,477) size 341x17
            RenderTableCell {TD} at (2,477) size 337x17 [r=19 c=0 rs=1 cs=1]
              RenderImage {IMG} at (1,1) size 53x15
