layer at (0,0) size 800x600
  RenderView at (0,0) size 800x600
layer at (0,0) size 800x600
  RenderBlock {HTML} at (0,0) size 800x600
    RenderBody {BODY} at (0,0) size 800x584
      RenderBlock {P} at (0,0) size 800x68
        RenderText {#text} at (20,0) size 734x34
          text run at (20,0) width 546: "Here's the structure of the problem table (which usually begins with "
          text run at (566,0) width 72: "'N E W S "
          text run at (638,0) width 116: "H E A D L I N E"
          text run at (20,17) width 30: "S'). "
        RenderBR {BR} at (50,30) size 0x0
        RenderText {#text} at (20,34) size 405x17
          text run at (20,34) width 405: "This table is width 100%; two rows; three columns;"
        RenderBR {BR} at (425,47) size 0x0
        RenderText {#text} at (20,51) size 579x17
          text run at (20,51) width 579: "The first row: widths 15, 125, 15 ... The second row: widths 15, 100%, 15"
      RenderTable {TABLE} at (0,84) size 800x38 [border: (1px outset #808080)]
        RenderTableSection {TBODY} at (1,1) size 798x36
          RenderTableRow {TR} at (0,0) size 798x17
            RenderTableCell {TD} at (0,7) size 17x3 [bgcolor=#666666] [border: (1px inset #808080)] [r=0 c=0 rs=1 cs=1]
              RenderImage {IMG} at (1,1) size 15x1
            RenderTableCell {TD} at (17,0) size 764x17 [border: (1px inset #808080)] [r=0 c=1 rs=1 cs=1]
              RenderImage {IMG} at (1,1) size 110x15
            RenderTableCell {TD} at (781,7) size 17x3 [bgcolor=#666666] [border: (1px inset #808080)] [r=0 c=2 rs=1 cs=1]
              RenderImage {IMG} at (1,1) size 15x1
          RenderTableRow {TR} at (0,17) size 798x19
            RenderTableCell {TD} at (0,25) size 17x3 [bgcolor=#666666] [border: (1px inset #808080)] [r=1 c=0 rs=1 cs=1]
              RenderImage {IMG} at (1,1) size 15x1
            RenderTableCell {TD} at (17,17) size 764x19 [border: (1px inset #808080)] [r=1 c=1 rs=1 cs=1]
              RenderText {#text} at (1,1) size 32x17
                text run at (1,1) width 32: "that"
            RenderTableCell {TD} at (781,25) size 17x3 [bgcolor=#666666] [border: (1px inset #808080)] [r=1 c=2 rs=1 cs=1]
              RenderImage {IMG} at (1,1) size 15x1
      RenderBlock {P} at (0,138) size 800x34
        RenderText {#text} at (20,0) size 734x34
          text run at (20,0) width 328: "Here's the first row in a table on its own. "
          text run at (348,0) width 406: "This table is width 100%; one rows; three columns;"
          text run at (20,17) width 223: "This row: widths 15, 125, 15"
      RenderTable {TABLE} at (0,188) size 800x19 [border: (1px outset #808080)]
        RenderTableSection {TBODY} at (1,1) size 798x17
          RenderTableRow {TR} at (0,0) size 798x17
            RenderTableCell {TD} at (0,7) size 84x3 [bgcolor=#666666] [border: (1px inset #808080)] [r=0 c=0 rs=1 cs=1]
              RenderImage {IMG} at (1,1) size 15x1
            RenderTableCell {TD} at (84,0) size 629x17 [border: (1px inset #808080)] [r=0 c=1 rs=1 cs=1]
              RenderImage {IMG} at (1,1) size 110x15
            RenderTableCell {TD} at (713,7) size 85x3 [bgcolor=#666666] [border: (1px inset #808080)] [r=0 c=2 rs=1 cs=1]
              RenderImage {IMG} at (1,1) size 15x1
      RenderBlock {P} at (0,223) size 800x34
        RenderText {#text} at (20,0) size 760x34
          text run at (20,0) width 354: "Here's the second row in a table on its own. "
          text run at (374,0) width 406: "This table is width 100%; one rows; three columns;"
          text run at (20,17) width 238: "This row: widths 15, 100%, 15"
      RenderTable {TABLE} at (0,273) size 800x21 [border: (1px outset #808080)]
        RenderTableSection {TBODY} at (1,1) size 798x19
          RenderTableRow {TR} at (0,0) size 798x19
            RenderTableCell {TD} at (0,8) size 17x3 [bgcolor=#666666] [border: (1px inset #808080)] [r=0 c=0 rs=1 cs=1]
              RenderImage {IMG} at (1,1) size 15x1
            RenderTableCell {TD} at (17,0) size 764x19 [border: (1px inset #808080)] [r=0 c=1 rs=1 cs=1]
              RenderText {#text} at (1,1) size 32x17
                text run at (1,1) width 32: "that"
            RenderTableCell {TD} at (781,8) size 17x3 [bgcolor=#666666] [border: (1px inset #808080)] [r=0 c=2 rs=1 cs=1]
              RenderImage {IMG} at (1,1) size 15x1
      RenderBlock {P} at (0,310) size 800x34
        RenderText {#text} at (20,0) size 699x34
          text run at (20,0) width 699: "Note that in Nav4.x, the middle column gets the width of the maximum width cell in the"
          text run at (20,17) width 69: "column; "
          text run at (89,17) width 443: "on 5.0, the middle column gets the opposite treatment."
