layer at (0,0) size 2410x600
  RenderView at (0,0) size 800x600
layer at (0,0) size 2410x600
  RenderBlock {HTML} at (0,0) size 800x600
    RenderBody {BODY} at (8,8) size 784x584
      RenderBlock (anonymous) at (0,0) size 784x17
        RenderBR {BR} at (0,0) size 0x17
      RenderTable {TABLE} at (0,17) size 324x55 [border: (1px outset #808080)]
        RenderTableSection {TBODY} at (1,1) size 322x53
          RenderTableRow {TR} at (0,0) size 322x53
            RenderTableCell {TD} at (0,0) size 322x53 [border: (1px inset #808080)] [r=0 c=0 rs=1 cs=1]
              RenderText {#text} at (1,1) size 317x51
                text run at (1,1) width 317: "Hotmail's Junk Mail spreading effort just"
                text run at (1,18) width 91: "got better! "
                text run at (92,18) width 224: "Now you can choose from 3"
                text run at (1,35) width 149: "levels of junk mail!"
      RenderBlock (anonymous) at (0,72) size 784x68
        RenderBR {BR} at (0,0) size 0x17
        RenderBR {BR} at (0,17) size 0x17
        RenderText {#text} at (0,34) size 558x17
          text run at (0,34) width 558: "the next table must overrun the visible part of the view (width=2400) "
        RenderBR {BR} at (0,0) size 0x0
        RenderBR {BR} at (0,51) size 0x17
      RenderTable {TABLE} at (0,140) size 2402x72 [border: (1px outset #808080)]
        RenderTableSection {TBODY} at (1,1) size 2400x70
          RenderTableRow {TR} at (0,0) size 2400x70
            RenderTableCell {TD} at (0,0) size 2400x70 [border: (1px inset #808080)] [r=0 c=0 rs=1 cs=1]
              RenderText {#text} at (1,1) size 2383x68
                text run at (1,1) width 413: "Hotmail's Junk Mail spreading effort just got better! "
                text run at (414,1) width 383: "Now you can choose from 3 levels of junk mail! "
                text run at (797,1) width 413: "Hotmail's Junk Mail spreading effort just got better! "
                text run at (1210,1) width 383: "Now you can choose from 3 levels of junk mail! "
                text run at (1593,1) width 413: "Hotmail's Junk Mail spreading effort just got better! "
                text run at (2006,1) width 378: "Now you can choose from 3 levels of junk mail!"
                text run at (1,18) width 413: "Hotmail's Junk Mail spreading effort just got better! "
                text run at (414,18) width 383: "Now you can choose from 3 levels of junk mail! "
                text run at (797,18) width 413: "Hotmail's Junk Mail spreading effort just got better! "
                text run at (1210,18) width 383: "Now you can choose from 3 levels of junk mail! "
                text run at (1593,18) width 413: "Hotmail's Junk Mail spreading effort just got better! "
                text run at (2006,18) width 378: "Now you can choose from 3 levels of junk mail!"
                text run at (1,35) width 413: "Hotmail's Junk Mail spreading effort just got better! "
                text run at (414,35) width 383: "Now you can choose from 3 levels of junk mail! "
                text run at (797,35) width 413: "Hotmail's Junk Mail spreading effort just got better! "
                text run at (1210,35) width 383: "Now you can choose from 3 levels of junk mail! "
                text run at (1593,35) width 413: "Hotmail's Junk Mail spreading effort just got better! "
                text run at (2006,35) width 378: "Now you can choose from 3 levels of junk mail!"
                text run at (1,52) width 413: "Hotmail's Junk Mail spreading effort just got better! "
                text run at (414,52) width 378: "Now you can choose from 3 levels of junk mail!"
