layer at (0,0) size 800x600
  RenderView at (0,0) size 800x600
layer at (0,0) size 800x600
  RenderBlock {HTML} at (0,0) size 800x600
    RenderBody {BODY} at (8,8) size 784x584 [bgcolor=#FFFFFF]
      RenderTable {TABLE} at (0,0) size 606x272 [border: (1px outset #808080)]
        RenderTableSection {TBODY} at (1,1) size 604x270
          RenderTableRow {TR} at (0,0) size 604x62
            RenderTableCell {TD} at (0,0) size 114x136 [border: (1px inset #808080)] [r=0 c=0 rs=3 cs=1]
              RenderImage {IMG} at (1,1) size 112x134
            RenderTableCell {TD} at (114,0) size 490x62 [border: (1px inset #808080)] [r=0 c=1 rs=1 cs=2]
              RenderImage {IMG} at (21,1) size 468x60
          RenderTableRow {TR} at (0,62) size 604x19
            RenderTableCell {TD} at (114,62) size 490x19 [border: (1px inset #808080)] [r=1 c=1 rs=1 cs=2]
              RenderTable {TABLE} at (1,1) size 488x17
                RenderTableSection {TBODY} at (0,0) size 488x17
                  RenderTableRow {TR} at (0,0) size 488x17
                    RenderTableCell {TD} at (0,0) size 488x17 [r=0 c=0 rs=1 cs=1]
                      RenderText {#text} at (0,0) size 98x17
                        text run at (0,0) width 98: "Top Nav Bar"
          RenderTableRow {TR} at (0,81) size 604x189
            RenderTableCell {TD} at (114,174) size 337x2 [border: (1px inset #808080)] [r=2 c=1 rs=1 cs=1]
            RenderTableCell {TD} at (451,81) size 153x189 [border: (1px inset #808080)] [r=2 c=2 rs=1 cs=1]
              RenderInline {B} at (0,0) size 150x187
                RenderText {#text} at (1,1) size 150x187
                  text run at (1,1) width 85: "\"Freakish"
                  text run at (1,18) width 129: "animal-things,"
                  text run at (1,35) width 102: "all sporting"
                  text run at (1,52) width 150: "maniacal smiles,"
                  text run at (1,69) width 125: "race around a"
                  text run at (1,86) width 117: "series of ice-"
                  text run at (1,103) width 138: "themed tracks,"
                  text run at (1,120) width 123: "showing their"
                  text run at (1,137) width 98: "malformed"
                  text run at (1,154) width 113: "asses to the"
                  text run at (1,171) width 130: "entire world. \""
              RenderText {#text} at (0,0) size 0x0
