layer at (0,0) size 800x1813
  RenderView at (0,0) size 800x600
layer at (0,0) size 800x1813
  RenderBlock {HTML} at (0,0) size 800x600
    RenderBody {BODY} at (8,8) size 784x584
      RenderText {#text} at (0,0) size 26x17
        text run at (0,0) width 26: "foo"
      RenderTable {TABLE} at (668,0) size 116x1805
        RenderTableSection {TBODY} at (0,0) size 116x1805
          RenderTableRow {TR} at (0,2) size 116x998
            RenderTableCell {TD} at (2,2) size 112x70 [r=0 c=0 rs=1 cs=1]
              RenderBR {BR} at (1,1) size 0x17
              RenderText {#text} at (1,18) size 107x51
                text run at (1,18) width 107: "Create a cool"
                text run at (1,35) width 91: "home page"
                text run at (1,52) width 64: "with the"
          RenderTableRow {TR} at (0,1002) size 116x801
            RenderTableCell {TD} at (2,1002) size 112x87 [r=1 c=0 rs=1 cs=1]
              RenderBR {BR} at (1,1) size 0x17
              RenderText {#text} at (1,18) size 86x68
                text run at (1,18) width 28: "Get"
                text run at (1,35) width 79: "organized"
                text run at (1,52) width 86: "online with"
                text run at (1,69) width 26: "the"
      RenderText {#text} at (0,0) size 0x0
      RenderText {#text} at (0,0) size 0x0
      RenderText {#text} at (0,0) size 0x0
