layer at (0,0) size 800x600
  RenderView at (0,0) size 800x600
layer at (0,0) size 800x196
  RenderBlock {HTML} at (0,0) size 800x196
    RenderBody {BODY} at (8,8) size 784x180
      RenderTable {TABLE} at (0,0) size 200x73 [border: (1px outset #808080)]
        RenderTableSection {TBODY} at (1,1) size 198x71
          RenderTableRow {TR} at (0,2) size 198x21
            RenderTableCell {TD} at (2,2) size 96x21 [border: (1px inset #808080)] [r=0 c=0 rs=1 cs=1]
              RenderText {#text} at (2,2) size 33x17
                text run at (2,2) width 33: "AAA"
            RenderTableCell {TD} at (100,2) size 96x21 [border: (1px inset #808080)] [r=0 c=1 rs=1 cs=1]
              RenderText {#text} at (2,2) size 33x17
                text run at (2,2) width 33: "BBB"
          RenderTableRow {TR} at (0,25) size 198x21
            RenderTableCell {TD} at (2,25) size 96x21 [border: (1px inset #808080)] [r=1 c=0 rs=1 cs=1]
              RenderText {#text} at (42,2) size 11x17
                text run at (42,2) width 11: "A"
            RenderTableCell {TD} at (100,25) size 96x21 [border: (1px inset #808080)] [r=1 c=1 rs=1 cs=1]
              RenderText {#text} at (42,2) size 11x17
                text run at (42,2) width 11: "B"
          RenderTableRow {TR} at (0,48) size 198x21
            RenderTableCell {TD} at (2,48) size 96x21 [border: (1px inset #808080)] [r=2 c=0 rs=1 cs=1]
              RenderText {#text} at (83,2) size 11x17
                text run at (83,2) width 11: "A"
            RenderTableCell {TD} at (100,48) size 96x21 [border: (1px inset #808080)] [r=2 c=1 rs=1 cs=1]
              RenderText {#text} at (83,2) size 11x17
                text run at (83,2) width 11: "B"
      RenderBlock (anonymous) at (0,73) size 784x17
        RenderBR {BR} at (0,0) size 0x17
      RenderTable {TABLE} at (0,90) size 784x73 [border: (1px outset #808080)]
        RenderTableSection {TBODY} at (1,1) size 782x71
          RenderTableRow {TR} at (0,2) size 782x21
            RenderTableCell {TD} at (2,2) size 370x21 [border: (1px inset #808080)] [r=0 c=0 rs=1 cs=1]
              RenderText {#text} at (2,2) size 39x17
                text run at (2,2) width 39: "<tr>"
            RenderTableCell {TH} at (374,2) size 215x21 [border: (1px inset #808080)] [r=0 c=1 rs=1 cs=1]
              RenderText {#text} at (61,2) size 92x17
                text run at (61,2) width 92: "th: Center"
            RenderTableCell {TD} at (591,2) size 189x21 [border: (1px inset #808080)] [r=0 c=2 rs=1 cs=1]
              RenderText {#text} at (2,2) size 57x17
                text run at (2,2) width 57: "td: Left"
          RenderTableRow {TR} at (0,25) size 782x21
            RenderTableCell {TD} at (2,25) size 370x21 [border: (1px inset #808080)] [r=1 c=0 rs=1 cs=1]
              RenderText {#text} at (2,2) size 135x17
                text run at (2,2) width 135: "<tr align=\"left\">"
            RenderTableCell {TH} at (374,25) size 215x21 [border: (1px inset #808080)] [r=1 c=1 rs=1 cs=1]
              RenderText {#text} at (2,2) size 67x17
                text run at (2,2) width 67: "th: Left"
            RenderTableCell {TD} at (591,25) size 189x21 [border: (1px inset #808080)] [r=1 c=2 rs=1 cs=1]
              RenderText {#text} at (2,2) size 57x17
                text run at (2,2) width 57: "td: Left"
          RenderTableRow {TR} at (0,48) size 782x21
            RenderTableCell {TD} at (2,48) size 370x21 [border: (1px inset #808080)] [r=2 c=0 rs=1 cs=1]
              RenderText {#text} at (2,2) size 161x17
                text run at (2,2) width 161: "<tr align=\"center\">"
            RenderTableCell {TH} at (374,48) size 215x21 [border: (1px inset #808080)] [r=2 c=1 rs=1 cs=1]
              RenderText {#text} at (61,2) size 92x17
                text run at (61,2) width 92: "th: Center"
            RenderTableCell {TD} at (591,48) size 189x21 [border: (1px inset #808080)] [r=2 c=2 rs=1 cs=1]
              RenderText {#text} at (54,2) size 80x17
                text run at (54,2) width 80: "td: Center"
      RenderBlock (anonymous) at (0,163) size 784x17
        RenderBR {BR} at (0,0) size 0x17
