layer at (0,0) size 800x600
  RenderView at (0,0) size 800x600
layer at (0,0) size 800x600
  RenderBlock {HTML} at (0,0) size 800x600
    RenderBody {BODY} at (8,8) size 784x584
      RenderTable {TABLE} at (0,0) size 784x79 [bgcolor=#FFFF00] [border: (1px outset #808080)]
        RenderTableSection {TBODY} at (1,1) size 782x77
          RenderTableRow {TR} at (0,0) size 782x77
            RenderTableCell {TD} at (0,28) size 74x21 [bgcolor=#FF0000] [border: (1px inset #808080)] [r=0 c=0 rs=1 cs=1]
              RenderText {#text} at (23,2) size 27x17
                text run at (23,2) width 27: "xxx"
            RenderTableCell {TD} at (74,0) size 634x77 [border: (1px inset #808080)] [r=0 c=1 rs=1 cs=1]
              RenderTable {TABLE} at (2,2) size 630x23 [bgcolor=#00FF00] [border: (1px outset #808080)]
                RenderTableSection {TBODY} at (1,1) size 628x21
                  RenderTableRow {TR} at (0,0) size 628x21
                    RenderTableCell {TH} at (0,0) size 628x21 [border: (1px inset #808080)] [r=0 c=0 rs=1 cs=1]
                      RenderText {#text} at (128,2) size 372x17
                        text run at (128,2) width 372: "IceWM, The Window Manager Cool As Ice"
              RenderBlock {P} at (2,41) size 630x34
                RenderText {#text} at (0,0) size 451x17
                  text run at (0,0) width 451: "IceWM is a small, but powerful window manager for the "
                RenderInline {A} at (0,0) size 163x17 [color=#0000EE]
                  RenderText {#text} at (451,0) size 163x17
                    text run at (451,0) width 163: "X11 Window System"
                RenderText {#text} at (0,17) size 287x17
                  text run at (0,17) width 287: "whose main goals are the following:"
            RenderTableCell {TD} at (708,28) size 74x21 [bgcolor=#0000FF] [border: (1px inset #808080)] [r=0 c=2 rs=1 cs=1]
              RenderText {#text} at (23,2) size 27x17
                text run at (23,2) width 27: "yyy"
