layer at (0,0) size 800x600
  RenderView at (0,0) size 800x600
layer at (0,0) size 800x39
  RenderBlock {HTML} at (0,0) size 800x39
    RenderBody {BODY} at (8,8) size 784x23
      RenderTable {TABLE} at (0,0) size 127x23
        RenderTableSection {TBODY} at (0,0) size 127x23
          RenderTableRow {TR} at (0,2) size 127x19
            RenderTableCell {TD} at (2,2) size 35x19 [r=0 c=0 rs=1 cs=1]
              RenderText {#text} at (1,1) size 33x17
                text run at (1,1) width 33: "One"
            RenderTableCell {TD} at (39,2) size 34x19 [r=0 c=1 rs=1 cs=1]
              RenderText {#text} at (1,1) size 32x17
                text run at (1,1) width 32: "Two"
            RenderTableCell {TD} at (75,2) size 50x19 [r=0 c=2 rs=1 cs=1]
              RenderText {#text} at (1,1) size 48x17
                text run at (1,1) width 48: "Three"
