layer at (0,0) size 800x600
  RenderView at (0,0) size 800x600
layer at (0,0) size 800x600
  RenderBlock {HTML} at (0,0) size 800x600
    RenderBody {BODY} at (8,8) size 784x584
      RenderTable {TABLE} at (0,0) size 784x91
        RenderTableSection {TBODY} at (0,0) size 784x91
          RenderTableRow {TR} at (0,2) size 784x87
            RenderTableCell {TD} at (2,2) size 648x87 [r=0 c=0 rs=1 cs=1]
              RenderTable {TABLE} at (1,1) size 646x85
                RenderTableSection {TBODY} at (0,0) size 646x85
                  RenderTableRow {TR} at (0,2) size 646x81
                    RenderTableCell {TD} at (2,2) size 642x81 [r=0 c=0 rs=1 cs=1]
                      RenderText {#text} at (1,1) size 67x79
                        text run at (1,1) width 67: "inside of"
                        text run at (1,63) width 40: "table"
                      RenderImage {IMG} at (41,18) size 600x58
            RenderTableCell {TD} at (652,27) size 130x36 [r=0 c=1 rs=1 cs=1]
              RenderText {#text} at (1,1) size 103x34
                text run at (1,1) width 86: "2nd row of"
                text run at (1,18) width 103: "outside table"
