layer at (0,0) size 800x742
  RenderView at (0,0) size 800x600
layer at (0,0) size 800x742
  RenderBlock {HTML} at (0,0) size 800x742
    RenderBody {BODY} at (8,8) size 784x726
      RenderBlock {PRE} at (0,0) size 784x238
        RenderText {#text} at (0,0) size 656x204
          text run at (0,0) width 368: "These tables below all have the HTML + CSS ..."
          text run at (368,0) width 0: " "
          text run at (0,17) width 0: " "
          text run at (0,34) width 480: "<TABLE><tr>                                          table {"
          text run at (480,34) width 0: " "
          text run at (0,51) width 544: "  <td><TABLE style='margin: 20px; padding: 19px;'>     width: 600px;"
          text run at (544,51) width 0: " "
          text run at (0,68) width 616: "       <tr><td></td></tr>                              border: 1px solid red;"
          text run at (616,68) width 0: " "
          text run at (0,85) width 592: "       </TABLE></td>                                   empty-cells: show;}"
          text run at (592,85) width 0: " "
          text run at (0,102) width 456: "</tr></TABLE>                                        td {"
          text run at (456,102) width 0: " "
          text run at (0,119) width 640: "                                                       border: 1px solid green;}"
          text run at (640,119) width 0: " "
          text run at (0,136) width 656: "                                                     table.inner {margin: 20px;}  "
          text run at (656,136) width 0: " "
          text run at (0,153) width 0: " "
          text run at (0,170) width 520: "... and differ only in the value of 'padding:'. From top table to"
          text run at (520,170) width 0: " "
          text run at (0,187) width 424: "bottom: 0px, 10px, 19px, 20px, 25px. Note that for a "
        RenderInline {U} at (0,0) size 608x34
          RenderInline {I} at (0,0) size 608x34
            RenderText {#text} at (424,187) size 608x34
              text run at (424,187) width 184: "table over-constrained "
              text run at (608,187) width 0: " "
              text run at (0,204) width 160: "within another table"
        RenderText {#text} at (160,204) size 16x17
          text run at (160,204) width 16: ", "
        RenderInline {I} at (0,0) size 184x17
          RenderInline {U} at (0,0) size 184x17
            RenderText {#text} at (176,204) size 184x17
              text run at (176,204) width 184: "when (padding >=margin)"
        RenderText {#text} at (360,204) size 128x17
          text run at (360,204) width 128: ", the margin is "
        RenderInline {I} at (0,0) size 600x34
          RenderInline {U} at (0,0) size 600x34
            RenderText {#text} at (488,204) size 600x34
              text run at (488,204) width 112: "all allocated "
              text run at (600,204) width 0: " "
              text run at (0,221) width 176: "to the right hand side"
        RenderText {#text} at (176,221) size 416x17
          text run at (176,221) width 416: " of the table (and to the left if 'direction: rtl;'."
      RenderTable {TABLE} at (0,251) size 600x27 [border: (1px dotted #0000FF)]
        RenderTableSection {TBODY} at (1,1) size 598x25
          RenderTableRow {TR} at (0,2) size 598x21
            RenderTableCell {TD} at (2,2) size 594x21 [border: (1px solid #008000)] [r=0 c=0 rs=1 cs=1]
              RenderText {#text} at (2,2) size 269x17
                text run at (2,2) width 269: "600px table for width comparison"
      RenderTable {TABLE} at (0,278) size 650x60 [border: (1px solid #FF0000)]
        RenderTableSection {TBODY} at (1,1) size 648x58
          RenderTableRow {TR} at (0,2) size 648x54
            RenderTableCell {TD} at (2,2) size 644x54 [border: (1px solid #008000)] [r=0 c=0 rs=1 cs=1]
              RenderTable {TABLE} at (22,22) size 600x10 [border: (1px solid #FF0000)]
                RenderTableSection {TBODY} at (1,1) size 598x8
                  RenderTableRow {TR} at (0,2) size 598x4
                    RenderTableCell {TD} at (2,2) size 594x4 [border: (1px solid #008000)] [r=0 c=0 rs=1 cs=1]
      RenderTable {TABLE} at (0,338) size 650x80 [border: (1px solid #FF0000)]
        RenderTableSection {TBODY} at (1,1) size 648x78
          RenderTableRow {TR} at (0,2) size 648x74
            RenderTableCell {TD} at (2,2) size 644x74 [border: (1px solid #008000)] [r=0 c=0 rs=1 cs=1]
              RenderTable {TABLE} at (22,22) size 600x30 [border: (1px solid #FF0000)]
                RenderTableSection {TBODY} at (11,11) size 578x8
                  RenderTableRow {TR} at (0,2) size 578x4
                    RenderTableCell {TD} at (2,2) size 574x4 [border: (1px solid #008000)] [r=0 c=0 rs=1 cs=1]
      RenderTable {TABLE} at (0,418) size 650x98 [border: (1px solid #FF0000)]
        RenderTableSection {TBODY} at (1,1) size 648x96
          RenderTableRow {TR} at (0,2) size 648x92
            RenderTableCell {TD} at (2,2) size 644x92 [border: (1px solid #008000)] [r=0 c=0 rs=1 cs=1]
              RenderTable {TABLE} at (22,22) size 600x48 [border: (1px solid #FF0000)]
                RenderTableSection {TBODY} at (20,20) size 560x8
                  RenderTableRow {TR} at (0,2) size 560x4
                    RenderTableCell {TD} at (2,2) size 556x4 [border: (1px solid #008000)] [r=0 c=0 rs=1 cs=1]
      RenderTable {TABLE} at (0,516) size 650x100 [border: (1px solid #FF0000)]
        RenderTableSection {TBODY} at (1,1) size 648x98
          RenderTableRow {TR} at (0,2) size 648x94
            RenderTableCell {TD} at (2,2) size 644x94 [border: (1px solid #008000)] [r=0 c=0 rs=1 cs=1]
              RenderTable {TABLE} at (22,22) size 600x50 [border: (1px solid #FF0000)]
                RenderTableSection {TBODY} at (21,21) size 558x8
                  RenderTableRow {TR} at (0,2) size 558x4
                    RenderTableCell {TD} at (2,2) size 554x4 [border: (1px solid #008000)] [r=0 c=0 rs=1 cs=1]
      RenderTable {TABLE} at (0,616) size 650x110 [border: (1px solid #FF0000)]
        RenderTableSection {TBODY} at (1,1) size 648x108
          RenderTableRow {TR} at (0,2) size 648x104
            RenderTableCell {TD} at (2,2) size 644x104 [border: (1px solid #008000)] [r=0 c=0 rs=1 cs=1]
              RenderTable {TABLE} at (22,22) size 600x60 [border: (1px solid #FF0000)]
                RenderTableSection {TBODY} at (26,26) size 548x8
                  RenderTableRow {TR} at (0,2) size 548x4
                    RenderTableCell {TD} at (2,2) size 544x4 [border: (1px solid #008000)] [r=0 c=0 rs=1 cs=1]
