layer at (0,0) size 800x1317
  RenderView at (0,0) size 800x600
layer at (0,0) size 800x1317
  RenderBlock {HTML} at (0,0) size 800x1317
    RenderBody {BODY} at (8,8) size 784x1301
      RenderBlock {P} at (0,0) size 784x17
        RenderText {#text} at (0,0) size 172x17
          text run at (0,0) width 172: "IFRAME inside TFOOT"
      RenderTable {TABLE} at (0,33) size 784x390 [border: (1px outset #808080)]
        RenderTableSection {THEAD} at (1,1) size 782x90
          RenderTableRow {TR} at (0,2) size 782x86
            RenderTableCell {TD} at (2,26) size 38x38 [border: (1px inset #808080)] [r=0 c=0 rs=1 cs=1]
              RenderText {#text} at (2,2) size 29x34
                text run at (2,2) width 11: "A"
                text run at (2,19) width 29: "Cell"
            RenderTableCell {TD} at (42,2) size 697x86 [border: (1px inset #808080)] [r=0 c=1 rs=1 cs=1]
              RenderInline {SPAN} at (0,0) size 633x82
                RenderText {#text} at (2,2) size 633x82
                  text run at (2,2) width 633: "THEAD blah blah blah blah blah"
                  text run at (2,43) width 236: "blah THEAD"
              RenderText {#text} at (0,0) size 0x0
            RenderTableCell {TD} at (741,26) size 39x38 [border: (1px inset #808080)] [r=0 c=2 rs=1 cs=1]
              RenderText {#text} at (2,2) size 29x34
                text run at (2,2) width 11: "A"
                text run at (2,19) width 29: "Cell"
        RenderTableSection {TFOOT} at (1,181) size 782x208
          RenderTableRow {TR} at (0,2) size 782x204
            RenderTableCell {TD} at (2,85) size 38x38 [border: (1px inset #808080)] [r=0 c=0 rs=1 cs=1]
              RenderText {#text} at (2,2) size 29x34
                text run at (2,2) width 11: "A"
                text run at (2,19) width 29: "Cell"
            RenderTableCell {TD} at (42,2) size 697x204 [border: (1px inset #808080)] [r=0 c=1 rs=1 cs=1]
              RenderPartObject {IFRAME} at (12,12) size 155x180 [border: (5px solid #FF0000)]
                layer at (0,0) size 125x150
                  RenderView at (0,0) size 125x150
                layer at (0,0) size 125x150
                  RenderBlock {HTML} at (0,0) size 125x150
                    RenderBody {BODY} at (8,8) size 109x134
              RenderText {#text} at (0,0) size 0x0
            RenderTableCell {TD} at (741,85) size 39x38 [border: (1px inset #808080)] [r=0 c=2 rs=1 cs=1]
              RenderText {#text} at (2,2) size 29x34
                text run at (2,2) width 11: "A"
                text run at (2,19) width 29: "Cell"
        RenderTableSection {TBODY} at (1,91) size 782x90
          RenderTableRow {TR} at (0,2) size 782x86
            RenderTableCell {TD} at (2,26) size 38x38 [border: (1px inset #808080)] [r=0 c=0 rs=1 cs=1]
              RenderText {#text} at (2,2) size 29x34
                text run at (2,2) width 11: "A"
                text run at (2,19) width 29: "Cell"
            RenderTableCell {TD} at (42,2) size 697x86 [border: (1px inset #808080)] [r=0 c=1 rs=1 cs=1]
              RenderInline {SPAN} at (0,0) size 630x82
                RenderText {#text} at (2,2) size 630x82
                  text run at (2,2) width 630: "TBODY blah blah blah blah blah"
                  text run at (2,43) width 233: "blah TBODY"
              RenderText {#text} at (0,0) size 0x0
            RenderTableCell {TD} at (741,26) size 39x38 [border: (1px inset #808080)] [r=0 c=2 rs=1 cs=1]
              RenderText {#text} at (2,2) size 29x34
                text run at (2,2) width 11: "A"
                text run at (2,19) width 29: "Cell"
      RenderBlock {P} at (0,439) size 784x17
        RenderText {#text} at (0,0) size 172x17
          text run at (0,0) width 172: "IFRAME inside TBODY"
      RenderTable {TABLE} at (0,472) size 784x390 [border: (1px outset #808080)]
        RenderTableSection {THEAD} at (1,1) size 782x90
          RenderTableRow {TR} at (0,2) size 782x86
            RenderTableCell {TD} at (2,26) size 38x38 [border: (1px inset #808080)] [r=0 c=0 rs=1 cs=1]
              RenderText {#text} at (2,2) size 29x34
                text run at (2,2) width 11: "A"
                text run at (2,19) width 29: "Cell"
            RenderTableCell {TD} at (42,2) size 697x86 [border: (1px inset #808080)] [r=0 c=1 rs=1 cs=1]
              RenderInline {SPAN} at (0,0) size 633x82
                RenderText {#text} at (2,2) size 633x82
                  text run at (2,2) width 633: "THEAD blah blah blah blah blah"
                  text run at (2,43) width 236: "blah THEAD"
              RenderText {#text} at (0,0) size 0x0
            RenderTableCell {TD} at (741,26) size 39x38 [border: (1px inset #808080)] [r=0 c=2 rs=1 cs=1]
              RenderText {#text} at (2,2) size 29x34
                text run at (2,2) width 11: "A"
                text run at (2,19) width 29: "Cell"
        RenderTableSection {TFOOT} at (1,299) size 782x90
          RenderTableRow {TR} at (0,2) size 782x86
            RenderTableCell {TD} at (2,26) size 38x38 [border: (1px inset #808080)] [r=0 c=0 rs=1 cs=1]
              RenderText {#text} at (2,2) size 29x34
                text run at (2,2) width 11: "A"
                text run at (2,19) width 29: "Cell"
            RenderTableCell {TD} at (42,2) size 697x86 [border: (1px inset #808080)] [r=0 c=1 rs=1 cs=1]
              RenderInline {SPAN} at (0,0) size 629x82
                RenderText {#text} at (2,2) size 629x82
                  text run at (2,2) width 629: "TFOOT blah blah blah blah blah"
                  text run at (2,43) width 232: "blah TFOOT"
              RenderText {#text} at (0,0) size 0x0
            RenderTableCell {TD} at (741,26) size 39x38 [border: (1px inset #808080)] [r=0 c=2 rs=1 cs=1]
              RenderText {#text} at (2,2) size 29x34
                text run at (2,2) width 11: "A"
                text run at (2,19) width 29: "Cell"
        RenderTableSection {TBODY} at (1,91) size 782x208
          RenderTableRow {TR} at (0,2) size 782x204
            RenderTableCell {TD} at (2,85) size 38x38 [border: (1px inset #808080)] [r=0 c=0 rs=1 cs=1]
              RenderText {#text} at (2,2) size 29x34
                text run at (2,2) width 11: "A"
                text run at (2,19) width 29: "Cell"
            RenderTableCell {TD} at (42,2) size 697x204 [border: (1px inset #808080)] [r=0 c=1 rs=1 cs=1]
              RenderPartObject {IFRAME} at (12,12) size 155x180 [border: (5px solid #FF0000)]
                layer at (0,0) size 125x150
                  RenderView at (0,0) size 125x150
                layer at (0,0) size 125x150
                  RenderBlock {HTML} at (0,0) size 125x150
                    RenderBody {BODY} at (8,8) size 109x134
              RenderText {#text} at (0,0) size 0x0
            RenderTableCell {TD} at (741,85) size 39x38 [border: (1px inset #808080)] [r=0 c=2 rs=1 cs=1]
              RenderText {#text} at (2,2) size 29x34
                text run at (2,2) width 11: "A"
                text run at (2,19) width 29: "Cell"
      RenderBlock {P} at (0,878) size 784x17
        RenderText {#text} at (0,0) size 172x17
          text run at (0,0) width 172: "IFRAME inside THEAD"
      RenderTable {TABLE} at (0,911) size 784x390 [border: (1px outset #808080)]
        RenderTableSection {THEAD} at (1,1) size 782x208
          RenderTableRow {TR} at (0,2) size 782x204
            RenderTableCell {TD} at (2,85) size 38x38 [border: (1px inset #808080)] [r=0 c=0 rs=1 cs=1]
              RenderText {#text} at (2,2) size 29x34
                text run at (2,2) width 11: "A"
                text run at (2,19) width 29: "Cell"
            RenderTableCell {TD} at (42,2) size 697x204 [border: (1px inset #808080)] [r=0 c=1 rs=1 cs=1]
              RenderPartObject {IFRAME} at (12,12) size 155x180 [border: (5px solid #FF0000)]
                layer at (0,0) size 125x150
                  RenderView at (0,0) size 125x150
                layer at (0,0) size 125x150
                  RenderBlock {HTML} at (0,0) size 125x150
                    RenderBody {BODY} at (8,8) size 109x134
              RenderText {#text} at (0,0) size 0x0
            RenderTableCell {TD} at (741,85) size 39x38 [border: (1px inset #808080)] [r=0 c=2 rs=1 cs=1]
              RenderText {#text} at (2,2) size 29x34
                text run at (2,2) width 11: "A"
                text run at (2,19) width 29: "Cell"
        RenderTableSection {TFOOT} at (1,299) size 782x90
          RenderTableRow {TR} at (0,2) size 782x86
            RenderTableCell {TD} at (2,26) size 38x38 [border: (1px inset #808080)] [r=0 c=0 rs=1 cs=1]
              RenderText {#text} at (2,2) size 29x34
                text run at (2,2) width 11: "A"
                text run at (2,19) width 29: "Cell"
            RenderTableCell {TD} at (42,2) size 697x86 [border: (1px inset #808080)] [r=0 c=1 rs=1 cs=1]
              RenderInline {SPAN} at (0,0) size 629x82
                RenderText {#text} at (2,2) size 629x82
                  text run at (2,2) width 629: "TFOOT blah blah blah blah blah"
                  text run at (2,43) width 232: "blah TFOOT"
              RenderText {#text} at (0,0) size 0x0
            RenderTableCell {TD} at (741,26) size 39x38 [border: (1px inset #808080)] [r=0 c=2 rs=1 cs=1]
              RenderText {#text} at (2,2) size 29x34
                text run at (2,2) width 11: "A"
                text run at (2,19) width 29: "Cell"
        RenderTableSection {TBODY} at (1,209) size 782x90
          RenderTableRow {TR} at (0,2) size 782x86
            RenderTableCell {TD} at (2,26) size 38x38 [border: (1px inset #808080)] [r=0 c=0 rs=1 cs=1]
              RenderText {#text} at (2,2) size 29x34
                text run at (2,2) width 11: "A"
                text run at (2,19) width 29: "Cell"
            RenderTableCell {TD} at (42,2) size 697x86 [border: (1px inset #808080)] [r=0 c=1 rs=1 cs=1]
              RenderInline {SPAN} at (0,0) size 630x82
                RenderText {#text} at (2,2) size 630x82
                  text run at (2,2) width 630: "TBODY blah blah blah blah blah"
                  text run at (2,43) width 233: "blah TBODY"
              RenderText {#text} at (0,0) size 0x0
            RenderTableCell {TD} at (741,26) size 39x38 [border: (1px inset #808080)] [r=0 c=2 rs=1 cs=1]
              RenderText {#text} at (2,2) size 29x34
                text run at (2,2) width 11: "A"
                text run at (2,19) width 29: "Cell"
