layer at (0,0) size 800x600
  RenderView at (0,0) size 800x600
layer at (0,0) size 800x600
  RenderBlock {HTML} at (0,0) size 800x600
    RenderBody {BODY} at (8,8) size 784x584
      RenderTable {TABLE} at (0,0) size 622x400 [border: (4px outset #808080)]
        RenderTableSection {TBODY} at (4,4) size 614x392
          RenderTableRow {TR} at (0,2) size 614x193
            RenderTableCell {TD} at (2,168) size 204x55 [border: (1px inset #808080)] [r=0 c=0 rs=2 cs=1]
              RenderText {#text} at (2,2) size 188x51
                text run at (2,2) width 188: "1 Some sample text for"
                text run at (2,19) width 187: "the first column. Notice"
                text run at (2,36) width 113: "its formatting."
            RenderTableCell {TD} at (208,62) size 404x72 [border: (1px inset #808080)] [r=0 c=1 rs=1 cs=1]
              RenderText {#text} at (2,2) size 385x68
                text run at (2,2) width 379: "2 Here is some sample text to demonstrate the"
                text run at (2,19) width 385: "problem. Is there some setting in Navigator that"
                text run at (2,36) width 355: "will make this work correctly ? If so I haven't"
                text run at (2,53) width 181: "found it. Is this a bug ?"
          RenderTableRow {TR} at (0,197) size 614x193
            RenderTableCell {TD} at (208,257) size 404x72 [border: (1px inset #808080)] [r=1 c=1 rs=1 cs=1]
              RenderText {#text} at (2,2) size 385x68
                text run at (2,2) width 379: "3 Here is some sample text to demonstrate the"
                text run at (2,19) width 385: "problem. Is there some setting in Navigator that"
                text run at (2,36) width 355: "will make this work correctly ? If so I haven't"
                text run at (2,53) width 181: "found it. Is this a bug ?"
