layer at (0,0) size 800x600
  RenderView at (0,0) size 800x600
layer at (0,0) size 800x600
  RenderBlock {HTML} at (0,0) size 800x600
    RenderBody {BODY} at (8,8) size 784x576
      RenderBlock {FORM} at (0,0) size 784x60
        RenderTable {TABLE} at (0,0) size 36x27 [border: (1px outset #808080)]
          RenderTableSection {TBODY} at (1,1) size 34x25
            RenderTableRow {TR} at (0,2) size 34x21
              RenderTableCell {TD} at (2,2) size 30x21 [border: (1px inset #808080)] [r=0 c=0 rs=1 cs=1]
                RenderText {#text} at (2,2) size 26x17
                  text run at (2,2) width 26: "foo"
        RenderBlock (anonymous) at (0,27) size 784x33
          RenderButton {INPUT} at (2,2) size 72x27 [bgcolor=#C0C0C0] [border: (2px outset #C0C0C0)]
            RenderBlock (anonymous) at (8,5) size 56x17
              RenderText at (0,0) size 56x17
                text run at (0,0) width 56: "Submit"
          RenderText {#text} at (0,0) size 0x0
