layer at (0,0) size 800x600
  RenderView at (0,0) size 800x600
layer at (0,0) size 800x600
  RenderBlock {HTML} at (0,0) size 800x600
    RenderBody {BODY} at (8,8) size 784x584 [bgcolor=#FFFFFF]
      RenderTable {TABLE} at (0,0) size 360x105 [border: (1px outset #808080)]
        RenderTableSection {TBODY} at (1,1) size 358x103
          RenderTableRow {TR} at (0,2) size 358x99
            RenderTableCell {TD} at (2,2) size 354x99 [border: (1px inset #808080)] [r=0 c=0 rs=1 cs=1]
              RenderTable {TABLE} at (2,2) size 350x95 [bgcolor=#FFCC99] [border: (1px outset #808080)]
                RenderTableSection {TBODY} at (1,1) size 348x93
                  RenderTableRow {TR} at (0,2) size 348x89
                    RenderTableCell {TD} at (2,15) size 248x63 [border: (1px inset #808080)] [r=0 c=0 rs=1 cs=2]
                      RenderInline {B} at (0,0) size 123x17
                        RenderText {#text} at (2,2) size 123x17
                          text run at (2,2) width 123: "Contact MPG:"
                      RenderText {#text} at (125,2) size 5x17
                        text run at (125,2) width 5: " "
                      RenderBR {BR} at (0,0) size 0x0
                      RenderInline {FONT} at (0,0) size 214x42
                        RenderInline {B} at (0,0) size 193x14
                          RenderInline {A} at (0,0) size 193x14 [color=#0000EE]
                            RenderText {#text} at (2,19) size 193x14
                              text run at (2,19) width 40: "Click "
                              text run at (42,19) width 153: "here to email full list"
                        RenderText {#text} at (195,19) size 214x28
                          text run at (195,19) width 21: ", or"
                          text run at (2,33) width 63: "copy this "
                        RenderInline {A} at (0,0) size 107x14 [color=#0000EE]
                          RenderText {#text} at (65,33) size 107x14
                            text run at (65,33) width 24: "list "
                            text run at (89,33) width 83: "of addresses"
                        RenderText {#text} at (172,33) size 44x14
                          text run at (172,33) width 44: ".  View"
                        RenderInline {A} at (0,0) size 93x14 [color=#0000EE]
                          RenderText {#text} at (2,47) size 93x14
                            text run at (2,47) width 93: "Who is in MPG"
                        RenderText {#text} at (95,47) size 4x14
                          text run at (95,47) width 4: "."
                      RenderText {#text} at (0,0) size 0x0
                    RenderTableCell {TD} at (252,2) size 94x89 [border: (1px inset #808080)] [r=0 c=2 rs=1 cs=1]
                      RenderInline {B} at (0,0) size 55x34
                        RenderText {#text} at (2,2) size 55x34
                          text run at (2,2) width 41: "MPG"
                          text run at (2,19) width 55: "Rules:"
                      RenderText {#text} at (57,19) size 5x17
                        text run at (57,19) width 5: " "
                      RenderBR {BR} at (0,0) size 0x0
                      RenderText {#text} at (2,36) size 72x51
                        text run at (2,36) width 72: "Not at all"
                        text run at (2,53) width 57: "serious"
                        text run at (2,70) width 59: "bylaws."
