layer at (0,0) size 800x616
  RenderView at (0,0) size 800x600
layer at (0,0) size 800x616
  RenderBlock {HTML} at (0,0) size 800x616
    RenderBody {BODY} at (8,8) size 784x600 [bgcolor=#FFFFFF]
      RenderTable {TABLE} at (0,0) size 308x50 [border: (1px outset #808080)]
        RenderTableCol {COLGROUP} at (0,0) size 0x0
          RenderTableCol {COL} at (0,0) size 0x0
          RenderTableCol {COL} at (0,0) size 0x0
        RenderTableSection {TBODY} at (1,1) size 306x48
          RenderTableRow {TR} at (0,2) size 306x21
          RenderTableRow {TR} at (0,25) size 306x21
      RenderTable {TABLE} at (0,50) size 308x50 [border: (1px outset #808080)]
        RenderTableCol {COLGROUP} at (0,0) size 0x0
          RenderTableCol {COL} at (0,0) size 0x0
          RenderTableCol {COL} at (0,0) size 0x0
        RenderTableSection {TBODY} at (1,1) size 306x48
          RenderTableRow {TR} at (0,2) size 306x21
          RenderTableRow {TR} at (0,25) size 306x21
      RenderTable {TABLE} at (0,100) size 300x50 [border: (1px outset #808080)]
        RenderTableSection {TBODY} at (1,1) size 298x48
          RenderTableRow {TR} at (0,2) size 298x21
          RenderTableRow {TR} at (0,25) size 298x21
      RenderTable {TABLE} at (0,150) size 300x50 [border: (1px outset #808080)]
        RenderTableSection {TBODY} at (1,1) size 298x48
          RenderTableRow {TR} at (0,2) size 298x21
          RenderTableRow {TR} at (0,25) size 298x21
      RenderTable {TABLE} at (0,200) size 300x66 [border: (1px outset #808080)]
        RenderTableSection {TBODY} at (1,1) size 298x64
          RenderTableRow {TR} at (0,2) size 298x37
          RenderTableRow {TR} at (0,41) size 298x21
      RenderTable {TABLE} at (0,266) size 300x66 [border: (1px outset #808080)]
        RenderTableSection {TBODY} at (1,1) size 298x64
          RenderTableRow {TR} at (0,2) size 298x37
          RenderTableRow {TR} at (0,41) size 298x21
      RenderTable {TABLE} at (0,332) size 300x92 [border: (1px outset #808080)]
        RenderTableSection {TBODY} at (1,1) size 298x90
          RenderTableRow {TR} at (0,2) size 298x45
          RenderTableRow {TR} at (0,49) size 298x39
      RenderTable {TABLE} at (0,512) size 300x88 [border: (1px outset #808080)]
        RenderTableSection {TBODY} at (1,1) size 298x86
          RenderTableRow {TR} at (0,2) size 298x59
          RenderTableRow {TR} at (0,63) size 298x21
layer at (11,11) size 200x21 clip at (12,12) size 198x19
  RenderTableCell {TD} at (2,2) size 200x21 [bgcolor=#0000FF] [border: (1px inset #808080)] [r=0 c=0 rs=1 cs=1]
    RenderText {#text} at (2,2) size 5x17
      text run at (2,2) width 5: " "
layer at (213,11) size 100x21 clip at (214,12) size 98x19
  RenderTableCell {TD} at (204,2) size 100x21 [bgcolor=#0000FF] [border: (1px inset #808080)] [r=0 c=1 rs=1 cs=1]
    RenderText {#text} at (2,2) size 5x17
      text run at (2,2) width 5: " "
layer at (11,34) size 200x21 clip at (12,35) size 198x19
  RenderTableCell {TD} at (2,25) size 200x21 [bgcolor=#0000FF] [border: (1px inset #808080)] [r=1 c=0 rs=1 cs=1]
    RenderText {#text} at (2,2) size 5x17
      text run at (2,2) width 5: " "
layer at (213,34) size 100x21 clip at (214,35) size 98x19
  RenderTableCell {TD} at (204,25) size 100x21 [bgcolor=#0000FF] [border: (1px inset #808080)] [r=1 c=1 rs=1 cs=1]
    RenderText {#text} at (2,2) size 5x17
      text run at (2,2) width 5: " "
layer at (11,61) size 200x21 clip at (12,62) size 198x19
  RenderTableCell {TD} at (2,2) size 200x21 [bgcolor=#0000FF] [border: (1px inset #808080)] [r=0 c=0 rs=1 cs=1]
    RenderText {#text} at (2,2) size 5x17
      text run at (2,2) width 5: " "
layer at (213,61) size 100x21 clip at (214,62) size 98x19
  RenderTableCell {TD} at (204,2) size 100x21 [bgcolor=#0000FF] [border: (1px inset #808080)] [r=0 c=1 rs=1 cs=1]
    RenderText {#text} at (2,2) size 5x17
      text run at (2,2) width 5: " "
layer at (11,84) size 200x21 clip at (12,85) size 198x19
  RenderTableCell {TD} at (2,25) size 200x21 [bgcolor=#0000FF] [border: (1px inset #808080)] [r=1 c=0 rs=1 cs=1]
    RenderText {#text} at (2,2) size 5x17
      text run at (2,2) width 5: " "
layer at (213,84) size 100x21 clip at (214,85) size 98x19
  RenderTableCell {TD} at (204,25) size 100x21 [bgcolor=#0000FF] [border: (1px inset #808080)] [r=1 c=1 rs=1 cs=1]
    RenderText {#text} at (2,2) size 5x17
      text run at (2,2) width 5: " "
layer at (11,111) size 233x21 clip at (12,112) size 231x19
  RenderTableCell {TD} at (2,2) size 233x21 [bgcolor=#0000FF] [border: (1px inset #808080)] [r=0 c=0 rs=1 cs=1]
    RenderText {#text} at (2,2) size 5x17
      text run at (2,2) width 5: " "
layer at (246,111) size 59x21 clip at (247,112) size 57x19
  RenderTableCell {TD} at (237,2) size 59x21 [bgcolor=#0000FF] [border: (1px inset #808080)] [r=0 c=1 rs=1 cs=1]
    RenderText {#text} at (2,2) size 5x17
      text run at (2,2) width 5: " "
layer at (11,134) size 233x21 clip at (12,135) size 231x19
  RenderTableCell {TD} at (2,25) size 233x21 [bgcolor=#0000FF] [border: (1px inset #808080)] [r=1 c=0 rs=1 cs=1]
    RenderText {#text} at (2,2) size 5x17
      text run at (2,2) width 5: " "
layer at (246,134) size 59x21 clip at (247,135) size 57x19
  RenderTableCell {TD} at (237,25) size 59x21 [bgcolor=#0000FF] [border: (1px inset #808080)] [r=1 c=1 rs=1 cs=1]
    RenderText {#text} at (2,2) size 5x17
      text run at (2,2) width 5: " "
layer at (11,161) size 150x21 clip at (12,162) size 148x19
  RenderTableCell {TD} at (2,2) size 150x21 [bgcolor=#0000FF] [border: (1px inset #808080)] [r=0 c=0 rs=1 cs=1]
    RenderText {#text} at (2,2) size 5x17
      text run at (2,2) width 5: " "
layer at (163,161) size 142x21 clip at (164,162) size 140x19
  RenderTableCell {TD} at (154,2) size 142x21 [bgcolor=#0000FF] [border: (1px inset #808080)] [r=0 c=1 rs=1 cs=1]
    RenderText {#text} at (2,2) size 5x17
      text run at (2,2) width 5: " "
layer at (11,184) size 150x21 clip at (12,185) size 148x19
  RenderTableCell {TD} at (2,25) size 150x21 [bgcolor=#0000FF] [border: (1px inset #808080)] [r=1 c=0 rs=1 cs=1]
    RenderText {#text} at (2,2) size 5x17
      text run at (2,2) width 5: " "
layer at (163,184) size 142x21 clip at (164,185) size 140x19
  RenderTableCell {TD} at (154,25) size 142x21 [bgcolor=#0000FF] [border: (1px inset #808080)] [r=1 c=1 rs=1 cs=1]
    RenderText {#text} at (2,2) size 5x17
      text run at (2,2) width 5: " "
layer at (11,211) size 150x37 clip at (12,212) size 148x35 scrollWidth 205
  RenderTableCell {TD} at (2,2) size 150x37 [bgcolor=#0000FF] [border: (1px inset #808080)] [r=0 c=0 rs=1 cs=1]
    RenderBlock {FORM} at (2,2) size 146x33
      RenderButton {BUTTON} at (0,2) size 200x27 [bgcolor=#C0C0C0] [border: (2px outset #C0C0C0)]
        RenderBlock (anonymous) at (8,5) size 184x17
          RenderText {#text} at (66,0) size 52x17
            text run at (66,0) width 52: "button"
layer at (163,211) size 142x37 clip at (164,212) size 140x35
  RenderTableCell {TD} at (154,10) size 142x21 [bgcolor=#0000FF] [border: (1px inset #808080)] [r=0 c=1 rs=1 cs=1]
    RenderText {#text} at (2,2) size 5x17
      text run at (2,2) width 5: " "
layer at (11,250) size 150x21 clip at (12,251) size 148x19
  RenderTableCell {TD} at (2,41) size 150x21 [bgcolor=#0000FF] [border: (1px inset #808080)] [r=1 c=0 rs=1 cs=1]
    RenderText {#text} at (2,2) size 5x17
      text run at (2,2) width 5: " "
layer at (163,250) size 142x21 clip at (164,251) size 140x19
  RenderTableCell {TD} at (154,41) size 142x21 [bgcolor=#0000FF] [border: (1px inset #808080)] [r=1 c=1 rs=1 cs=1]
    RenderText {#text} at (2,2) size 5x17
      text run at (2,2) width 5: " "
layer at (11,277) size 279x37 clip at (12,278) size 277x35
  RenderTableCell {TD} at (2,2) size 279x37 [bgcolor=#0000FF] [border: (1px inset #808080)] [r=0 c=0 rs=1 cs=1]
    RenderBlock {FORM} at (2,2) size 275x33
      RenderButton {BUTTON} at (0,2) size 200x27 [bgcolor=#C0C0C0] [border: (2px outset #C0C0C0)]
        RenderBlock (anonymous) at (8,5) size 184x17
          RenderText {#text} at (66,0) size 52x17
            text run at (66,0) width 52: "button"
layer at (292,277) size 13x37 clip at (293,278) size 11x35
  RenderTableCell {TD} at (283,10) size 13x21 [bgcolor=#0000FF] [border: (1px inset #808080)] [r=0 c=1 rs=1 cs=1]
    RenderText {#text} at (2,2) size 5x17
      text run at (2,2) width 5: " "
layer at (11,316) size 279x21 clip at (12,317) size 277x19
  RenderTableCell {TD} at (2,41) size 279x21 [bgcolor=#0000FF] [border: (1px inset #808080)] [r=1 c=0 rs=1 cs=1]
    RenderText {#text} at (2,2) size 5x17
      text run at (2,2) width 5: " "
layer at (292,316) size 13x21 clip at (293,317) size 11x19
  RenderTableCell {TD} at (283,41) size 13x21 [bgcolor=#0000FF] [border: (1px inset #808080)] [r=1 c=1 rs=1 cs=1]
    RenderText {#text} at (2,2) size 5x17
      text run at (2,2) width 5: " "
layer at (11,343) size 150x45 clip at (12,344) size 148x43 scrollWidth 216
  RenderTableCell {TD} at (2,2) size 150x45 [bgcolor=#0000FF] [border: (1px inset #808080)] [r=0 c=0 rs=1 cs=1]
    RenderBlock {DIV} at (11,11) size 206x23 [border: (3px solid #000000)]
      RenderText {#text} at (3,3) size 23x17
        text run at (3,3) width 23: "div"
layer at (163,343) size 142x45 clip at (164,344) size 140x43
  RenderTableCell {TD} at (154,5) size 142x39 [bgcolor=#0000FF] [border: (1px inset #808080)] [r=0 c=1 rs=1 cs=1]
    RenderText {#text} at (11,11) size 5x17
      text run at (11,11) width 5: " "
layer at (11,390) size 150x39 clip at (12,391) size 148x37
  RenderTableCell {TD} at (2,49) size 150x39 [bgcolor=#0000FF] [border: (1px inset #808080)] [r=1 c=0 rs=1 cs=1]
    RenderText {#text} at (11,11) size 5x17
      text run at (11,11) width 5: " "
layer at (163,390) size 142x39 clip at (164,391) size 140x37
  RenderTableCell {TD} at (154,49) size 142x39 [bgcolor=#0000FF] [border: (1px inset #808080)] [r=1 c=1 rs=1 cs=1]
    RenderText {#text} at (11,11) size 5x17
      text run at (11,11) width 5: " "
layer at (8,432) size 300x88 clip at (9,433) size 298x86
  RenderTable {TABLE} at (0,424) size 300x88 [border: (1px outset #808080)]
    RenderTableSection {TBODY} at (1,1) size 298x86
      RenderTableRow {TR} at (0,2) size 298x59
      RenderTableRow {TR} at (0,63) size 298x21
layer at (11,435) size 150x59 clip at (12,436) size 148x57 scrollWidth 207
  RenderTableCell {TD} at (2,2) size 150x59 [bgcolor=#0000FF] [border: (1px inset #808080)] [r=0 c=0 rs=1 cs=1]
    RenderBlock {P} at (2,18) size 206x23 [border: (3px solid #000000)]
      RenderText {#text} at (3,3) size 37x17
        text run at (3,3) width 37: "para"
layer at (163,435) size 142x59 clip at (164,436) size 140x57
  RenderTableCell {TD} at (154,21) size 142x21 [bgcolor=#0000FF] [border: (1px inset #808080)] [r=0 c=1 rs=1 cs=1]
    RenderText {#text} at (2,2) size 5x17
      text run at (2,2) width 5: " "
layer at (11,496) size 150x21 clip at (12,497) size 148x19
  RenderTableCell {TD} at (2,63) size 150x21 [bgcolor=#0000FF] [border: (1px inset #808080)] [r=1 c=0 rs=1 cs=1]
    RenderText {#text} at (2,2) size 5x17
      text run at (2,2) width 5: " "
layer at (163,496) size 142x21 clip at (164,497) size 140x19
  RenderTableCell {TD} at (154,63) size 142x21 [bgcolor=#0000FF] [border: (1px inset #808080)] [r=1 c=1 rs=1 cs=1]
    RenderText {#text} at (2,2) size 5x17
      text run at (2,2) width 5: " "
layer at (11,523) size 254x59 clip at (12,524) size 252x57
  RenderTableCell {TD} at (2,2) size 254x59 [bgcolor=#0000FF] [border: (1px inset #808080)] [r=0 c=0 rs=1 cs=1]
    RenderBlock {P} at (2,18) size 206x23 [border: (3px solid #000000)]
      RenderText {#text} at (3,3) size 37x17
        text run at (3,3) width 37: "para"
layer at (267,523) size 38x59 clip at (268,524) size 36x57
  RenderTableCell {TD} at (258,21) size 38x21 [bgcolor=#0000FF] [border: (1px inset #808080)] [r=0 c=1 rs=1 cs=1]
    RenderText {#text} at (2,2) size 5x17
      text run at (2,2) width 5: " "
layer at (11,584) size 254x21 clip at (12,585) size 252x19
  RenderTableCell {TD} at (2,63) size 254x21 [bgcolor=#0000FF] [border: (1px inset #808080)] [r=1 c=0 rs=1 cs=1]
    RenderText {#text} at (2,2) size 5x17
      text run at (2,2) width 5: " "
layer at (267,584) size 38x21 clip at (268,585) size 36x19
  RenderTableCell {TD} at (258,63) size 38x21 [bgcolor=#0000FF] [border: (1px inset #808080)] [r=1 c=1 rs=1 cs=1]
    RenderText {#text} at (2,2) size 5x17
      text run at (2,2) width 5: " "
