layer at (0,0) size 800x600
  RenderView at (0,0) size 800x600
layer at (0,0) size 800x138
  RenderBlock {HTML} at (0,0) size 800x138
    RenderBody {BODY} at (8,8) size 784x122
      RenderBlock {FORM} at (0,0) size 784x58
        RenderButton {INPUT} at (2,0) size 262x27 [bgcolor=#C0C0C0] [border: (2px outset #C0C0C0)]
          RenderBlock (anonymous) at (8,5) size 246x17
            RenderText at (0,0) size 246x17
              text run at (0,0) width 246: "[Step 1] Set cell height to 60px"
        RenderButton {INPUT} at (2,31) size 262x27 [bgcolor=#C0C0C0] [border: (2px outset #C0C0C0)]
          RenderBlock (anonymous) at (8,5) size 246x17
            RenderText at (0,0) size 246x17
              text run at (0,0) width 246: "[Step 2] Set cell height to 20px"
      RenderTable {TABLE} at (0,62) size 46x60
        RenderTableSection {TBODY} at (0,0) size 46x60
          RenderTableRow {TR} at (0,2) size 46x27
            RenderTableCell {TD} at (2,2) size 20x27 [border: (4px solid #000000)] [r=0 c=0 rs=1 cs=1]
              RenderText {#text} at (5,5) size 10x17
                text run at (5,5) width 10: "1"
            RenderTableCell {TD} at (24,2) size 20x27 [border: (4px solid #000000)] [r=0 c=1 rs=1 cs=1]
              RenderText {#text} at (5,5) size 10x17
                text run at (5,5) width 10: "2"
          RenderTableRow {TR} at (0,31) size 46x27
            RenderTableCell {TD} at (2,31) size 20x27 [border: (4px solid #000000)] [r=1 c=0 rs=1 cs=1]
              RenderText {#text} at (5,5) size 10x17
                text run at (5,5) width 10: "2"
            RenderTableCell {TD} at (24,31) size 20x27 [border: (4px solid #000000)] [r=1 c=1 rs=1 cs=1]
              RenderText {#text} at (5,5) size 10x17
                text run at (5,5) width 10: "2"
