layer at (0,0) size 800x600
  RenderView at (0,0) size 800x600
layer at (0,0) size 800x600
  RenderBlock {HTML} at (0,0) size 800x600
    RenderBody {BODY} at (8,8) size 784x584
      RenderTable {TABLE} at (0,0) size 264x113 [border: (1px outset #808080)]
        RenderBlock {CAPTION} at (0,0) size 262x17
          RenderInline {EM} at (0,0) size 238x17
            RenderText {#text} at (12,0) size 238x17
              text run at (12,0) width 238: "A test table with merged cells"
        RenderTableSection {TBODY} at (1,18) size 262x94
          RenderTableRow {TR} at (0,2) size 262x21
            RenderTableCell {TH} at (180,22) size 80x4 [border: (1px inset #808080)] [r=0 c=0 rs=2 cs=1]
            RenderTableCell {TH} at (50,2) size 128x21 [border: (1px inset #808080)] [r=0 c=1 rs=1 cs=2]
              RenderText {#text} at (27,2) size 74x17
                text run at (27,2) width 74: "Average"
            RenderTableCell {TH} at (2,5) size 46x38 [border: (1px inset #808080)] [r=0 c=3 rs=2 cs=1]
              RenderText {#text} at (6,2) size 34x17
                text run at (6,2) width 34: "Red"
              RenderBR {BR} at (6,15) size 0x0
              RenderText {#text} at (2,19) size 42x17
                text run at (2,19) width 42: "eyes"
          RenderTableRow {TR} at (0,25) size 262x21
            RenderTableCell {TH} at (117,25) size 61x21 [border: (1px inset #808080)] [r=1 c=1 rs=1 cs=1]
              RenderText {#text} at (2,2) size 57x17
                text run at (2,2) width 57: "height"
            RenderTableCell {TH} at (50,25) size 65x21 [border: (1px inset #808080)] [r=1 c=2 rs=1 cs=1]
              RenderText {#text} at (2,2) size 61x17
                text run at (2,2) width 61: "weight"
          RenderTableRow {TR} at (0,48) size 262x21
            RenderTableCell {TH} at (180,48) size 80x21 [border: (1px inset #808080)] [r=2 c=0 rs=1 cs=1]
              RenderText {#text} at (13,2) size 53x17
                text run at (13,2) width 53: "Males"
            RenderTableCell {TD} at (117,48) size 61x21 [border: (1px inset #808080)] [r=2 c=1 rs=1 cs=1]
              RenderText {#text} at (34,2) size 25x17
                text run at (34,2) width 25: "1.9"
            RenderTableCell {TD} at (50,48) size 65x21 [border: (1px inset #808080)] [r=2 c=2 rs=1 cs=1]
              RenderText {#text} at (18,2) size 45x17
                text run at (18,2) width 45: "0.003"
            RenderTableCell {TD} at (2,48) size 46x21 [border: (1px inset #808080)] [r=2 c=3 rs=1 cs=1]
              RenderText {#text} at (9,2) size 35x17
                text run at (9,2) width 35: "40%"
          RenderTableRow {TR} at (0,71) size 262x21
            RenderTableCell {TH} at (180,71) size 80x21 [border: (1px inset #808080)] [r=3 c=0 rs=1 cs=1]
              RenderText {#text} at (2,2) size 76x17
                text run at (2,2) width 76: "Females"
            RenderTableCell {TD} at (117,71) size 61x21 [border: (1px inset #808080)] [r=3 c=1 rs=1 cs=1]
              RenderText {#text} at (34,2) size 25x17
                text run at (34,2) width 25: "1.7"
            RenderTableCell {TD} at (50,71) size 65x21 [border: (1px inset #808080)] [r=3 c=2 rs=1 cs=1]
              RenderText {#text} at (18,2) size 45x17
                text run at (18,2) width 45: "0.002"
            RenderTableCell {TD} at (2,71) size 46x21 [border: (1px inset #808080)] [r=3 c=3 rs=1 cs=1]
              RenderText {#text} at (9,2) size 35x17
                text run at (9,2) width 35: "43%"
