layer at (0,0) size 800x600
  RenderView at (0,0) size 800x600
layer at (0,0) size 800x600
  RenderBlock {HTML} at (0,0) size 800x600
    RenderBody {BODY} at (8,8) size 784x584
      RenderTable {TABLE} at (0,0) size 363x200 [border: (1px outset #808080)]
        RenderTableSection {TBODY} at (1,1) size 361x198
          RenderTableRow {TR} at (0,2) size 361x46
            RenderTableCell {TD} at (2,14) size 357x21 [border: (1px inset #808080)] [r=0 c=0 rs=1 cs=1]
              RenderText {#text} at (2,2) size 349x17
                text run at (2,2) width 349: "This is the first cell in a 200 pixel high table."
          RenderTableRow {TR} at (0,50) size 361x97
            RenderTableCell {TD} at (2,88) size 357x21 [border: (1px inset #808080)] [r=1 c=0 rs=1 cs=1]
              RenderText {#text} at (2,2) size 223x17
                text run at (2,2) width 223: "This is the second cell, with "
              RenderInline {B} at (0,0) size 30x17
                RenderText {#text} at (225,2) size 30x17
                  text run at (225,2) width 30: "cell"
              RenderText {#text} at (255,2) size 100x17
                text run at (255,2) width 100: " height 50%."
          RenderTableRow {TR} at (0,149) size 361x47
            RenderTableCell {TD} at (2,162) size 357x21 [border: (1px inset #808080)] [r=2 c=0 rs=1 cs=1]
              RenderText {#text} at (2,2) size 160x17
                text run at (2,2) width 160: "This is the third cell."
      RenderTable {TABLE} at (0,200) size 363x73 [border: (1px outset #808080)]
        RenderTableSection {TBODY} at (1,1) size 361x71
          RenderTableRow {TR} at (0,2) size 361x21
            RenderTableCell {TD} at (2,2) size 357x21 [border: (1px inset #808080)] [r=0 c=0 rs=1 cs=1]
              RenderText {#text} at (2,2) size 340x17
                text run at (2,2) width 340: "This is the first cell in an auto-height table."
          RenderTableRow {TR} at (0,25) size 361x21
            RenderTableCell {TD} at (2,25) size 357x21 [border: (1px inset #808080)] [r=1 c=0 rs=1 cs=1]
              RenderText {#text} at (2,2) size 223x17
                text run at (2,2) width 223: "This is the second cell, with "
              RenderInline {B} at (0,0) size 30x17
                RenderText {#text} at (225,2) size 30x17
                  text run at (225,2) width 30: "cell"
              RenderText {#text} at (255,2) size 100x17
                text run at (255,2) width 100: " height 50%."
          RenderTableRow {TR} at (0,48) size 361x21
            RenderTableCell {TD} at (2,48) size 357x21 [border: (1px inset #808080)] [r=2 c=0 rs=1 cs=1]
              RenderText {#text} at (2,2) size 160x17
                text run at (2,2) width 160: "This is the third cell."
      RenderTable {TABLE} at (0,273) size 367x200 [border: (1px outset #808080)]
        RenderTableSection {TBODY} at (1,1) size 365x198
          RenderTableRow {TR} at (0,2) size 365x46
            RenderTableCell {TD} at (2,14) size 361x21 [border: (1px inset #808080)] [r=0 c=0 rs=1 cs=1]
              RenderText {#text} at (2,2) size 349x17
                text run at (2,2) width 349: "This is the first cell in a 200 pixel high table."
          RenderTableRow {TR} at (0,50) size 365x97
            RenderTableCell {TD} at (2,88) size 361x21 [border: (1px inset #808080)] [r=1 c=0 rs=1 cs=1]
              RenderText {#text} at (2,2) size 223x17
                text run at (2,2) width 223: "This is the second cell, with "
              RenderInline {B} at (0,0) size 34x17
                RenderText {#text} at (225,2) size 34x17
                  text run at (225,2) width 34: "row"
              RenderText {#text} at (259,2) size 100x17
                text run at (259,2) width 100: " height 50%."
          RenderTableRow {TR} at (0,149) size 365x47
            RenderTableCell {TD} at (2,162) size 361x21 [border: (1px inset #808080)] [r=2 c=0 rs=1 cs=1]
              RenderText {#text} at (2,2) size 160x17
                text run at (2,2) width 160: "This is the third cell."
      RenderTable {TABLE} at (0,473) size 367x73 [border: (1px outset #808080)]
        RenderTableSection {TBODY} at (1,1) size 365x71
          RenderTableRow {TR} at (0,2) size 365x21
            RenderTableCell {TD} at (2,2) size 361x21 [border: (1px inset #808080)] [r=0 c=0 rs=1 cs=1]
              RenderText {#text} at (2,2) size 340x17
                text run at (2,2) width 340: "This is the first cell in an auto-height table."
          RenderTableRow {TR} at (0,25) size 365x21
            RenderTableCell {TD} at (2,25) size 361x21 [border: (1px inset #808080)] [r=1 c=0 rs=1 cs=1]
              RenderText {#text} at (2,2) size 223x17
                text run at (2,2) width 223: "This is the second cell, with "
              RenderInline {B} at (0,0) size 34x17
                RenderText {#text} at (225,2) size 34x17
                  text run at (225,2) width 34: "row"
              RenderText {#text} at (259,2) size 100x17
                text run at (259,2) width 100: " height 50%."
          RenderTableRow {TR} at (0,48) size 365x21
            RenderTableCell {TD} at (2,48) size 361x21 [border: (1px inset #808080)] [r=2 c=0 rs=1 cs=1]
              RenderText {#text} at (2,2) size 160x17
                text run at (2,2) width 160: "This is the third cell."
