layer at (0,0) size 800x600
  RenderView at (0,0) size 800x600
layer at (0,0) size 800x75
  RenderBlock {HTML} at (0,0) size 800x75
    RenderBody {BODY} at (8,8) size 784x59
      RenderTable {TABLE} at (0,0) size 458x59 [border: (1px outset #808080)]
        RenderTableSection {TBODY} at (1,1) size 456x57
          RenderTableRow {TR} at (0,0) size 456x19
            RenderTableCell {TD} at (0,19) size 7x19 [bgcolor=#CCCCCC] [border: (1px inset #808080)] [r=0 c=0 rs=3 cs=1]
              RenderText {#text} at (1,1) size 5x17
                text run at (1,1) width 5: " "
            RenderTableCell {TD} at (7,0) size 442x19 [border: (1px inset #808080)] [r=0 c=1 rs=1 cs=1]
              RenderText {#text} at (1,1) size 440x17
                text run at (1,1) width 440: "This row has two cells with rowspans and a middle cell."
            RenderTableCell {TD} at (449,19) size 7x19 [bgcolor=#CCCCCC] [border: (1px inset #808080)] [r=0 c=2 rs=3 cs=1]
              RenderText {#text} at (1,1) size 5x17
                text run at (1,1) width 5: " "
          RenderTableRow {TR} at (0,19) size 456x19
            RenderTableCell {TD} at (7,19) size 442x19 [bgcolor=#0000FF] [border: (1px inset #808080)] [r=1 c=1 rs=1 cs=1]
              RenderText {#text} at (1,1) size 201x17
                text run at (1,1) width 201: "This cell is coloured blue."
          RenderTableRow {TR} at (0,38) size 456x19 [bgcolor=#FF0000]
            RenderTableCell {TD} at (7,38) size 442x19 [border: (1px inset #808080)] [r=2 c=1 rs=1 cs=1]
              RenderText {#text} at (1,1) size 197x17
                text run at (1,1) width 197: "This row is coloured red."
