layer at (0,0) size 800x600
  RenderView at (0,0) size 800x600
layer at (0,0) size 800x600
  RenderBlock {HTML} at (0,0) size 800x600
    RenderBody {BODY} at (8,8) size 784x584 [bgcolor=#FFCC00]
      RenderTable {TABLE} at (0,0) size 600x21 [border: (1px outset #808080)]
        RenderTableSection {TBODY} at (1,1) size 598x19
          RenderTableRow {TR} at (0,0) size 598x19
            RenderTableCell {TD} at (0,0) size 132x19 [border: (1px inset #808080)] [r=0 c=0 rs=1 cs=1]
              RenderInline {B} at (0,0) size 100x17
                RenderText {#text} at (1,1) size 100x17
                  text run at (1,1) width 100: "MERCHANT"
            RenderTableCell {TD} at (132,8) size 5x3 [border: (1px inset #808080)] [r=0 c=1 rs=1 cs=1]
              RenderImage {IMG} at (1,1) size 1x1
            RenderTableCell {TD} at (137,0) size 304x19 [border: (1px inset #808080)] [r=0 c=2 rs=1 cs=1]
              RenderInline {B} at (0,0) size 122x17
                RenderText {#text} at (91,1) size 122x17
                  text run at (91,1) width 122: "DESCRIPTION"
            RenderTableCell {TD} at (441,8) size 5x3 [border: (1px inset #808080)] [r=0 c=3 rs=1 cs=1]
              RenderImage {IMG} at (1,1) size 1x1
            RenderTableCell {TD} at (446,0) size 78x19 [border: (1px inset #808080)] [r=0 c=4 rs=1 cs=1]
              RenderInline {B} at (0,0) size 53x17
                RenderText {#text} at (24,1) size 53x17
                  text run at (24,1) width 53: "PRICE"
            RenderTableCell {TD} at (524,8) size 5x3 [border: (1px inset #808080)] [r=0 c=5 rs=1 cs=1]
              RenderImage {IMG} at (1,1) size 1x1
            RenderTableCell {TD} at (529,0) size 69x19 [border: (1px inset #808080)] [r=0 c=6 rs=1 cs=1]
              RenderInline {B} at (0,0) size 44x17
                RenderText {#text} at (12,1) size 44x17
                  text run at (12,1) width 44: "INFO"
      RenderTable {TABLE} at (0,21) size 600x24 [border: (1px outset #808080)]
        RenderTableSection {TBODY} at (1,1) size 598x22
          RenderTableRow {TR} at (0,0) size 598x19
            RenderTableCell {TD} at (0,1) size 132x16 [border: (1px inset #808080)] [r=0 c=0 rs=1 cs=1]
              RenderInline {FONT} at (0,0) size 112x14
                RenderText {#text} at (1,1) size 112x14
                  text run at (1,1) width 112: "American Starlex"
            RenderTableCell {TD} at (132,8) size 5x3 [border: (1px inset #808080)] [r=0 c=1 rs=1 cs=1]
              RenderImage {IMG} at (1,1) size 1x1
            RenderTableCell {TD} at (137,1) size 304x16 [border: (1px inset #808080)] [r=0 c=2 rs=1 cs=1]
              RenderInline {FONT} at (0,0) size 292x14
                RenderText {#text} at (1,1) size 292x14
                  text run at (1,1) width 292: "Digital_Cameras DC200 New|In stock; Kodak"
            RenderTableCell {TD} at (441,8) size 5x3 [border: (1px inset #808080)] [r=0 c=3 rs=1 cs=1]
              RenderImage {IMG} at (1,1) size 1x1
            RenderTableCell {TD} at (446,1) size 78x16 [border: (1px inset #808080)] [r=0 c=4 rs=1 cs=1]
              RenderInline {FONT} at (0,0) size 52x14
                RenderText {#text} at (25,1) size 52x14
                  text run at (25,1) width 52: "$270.00"
            RenderTableCell {TD} at (524,8) size 5x3 [border: (1px inset #808080)] [r=0 c=5 rs=1 cs=1]
              RenderImage {IMG} at (1,1) size 1x1
            RenderTableCell {TD} at (529,0) size 69x19 [border: (1px inset #808080)] [r=0 c=6 rs=1 cs=1]
              RenderText {#text} at (14,1) size 41x17
                text run at (14,1) width 41: "More"
          RenderTableRow {TR} at (0,19) size 598x3
            RenderTableCell {TD} at (0,19) size 598x3 [bgcolor=#000000] [border: (1px inset #808080)] [r=1 c=0 rs=1 cs=8]
              RenderImage {IMG} at (1,1) size 1x1
