layer at (0,0) size 800x600
  RenderView at (0,0) size 800x600
layer at (0,0) size 800x600
  RenderBlock {HTML} at (0,0) size 800x600
    RenderBody {BODY} at (8,8) size 784x584
      RenderTable {TABLE} at (0,0) size 74x114
        RenderBlock {CAPTION} at (0,0) size 74x91
          RenderTable {TABLE} at (0,0) size 74x91
            RenderTableSection {TBODY} at (0,0) size 74x91
              RenderTableRow {TR} at (0,2) size 74x87
                RenderTableCell {TD} at (2,2) size 70x87 [r=0 c=0 rs=1 cs=1]
                  RenderText {#text} at (1,1) size 64x85
                    text run at (1,1) width 64: "Another"
                    text run at (1,18) width 40: "table"
                    text run at (1,35) width 46: "inside"
                    text run at (1,52) width 26: "the"
                    text run at (1,69) width 59: "caption"
        RenderTableSection {TBODY} at (0,91) size 74x23
          RenderTableRow {TR} at (0,2) size 74x19
            RenderTableCell {TD} at (2,2) size 70x19 [r=0 c=0 rs=1 cs=1]
              RenderText {#text} at (1,1) size 68x17
                text run at (1,1) width 68: "First row"
