layer at (0,0) size 800x702
  RenderView at (0,0) size 800x600
layer at (0,0) size 800x702
  RenderBlock {HTML} at (0,0) size 800x702
    RenderBody {BODY} at (8,8) size 784x686
      RenderTable {TABLE} at (0,0) size 784x686
        RenderTableSection {TBODY} at (0,0) size 784x686
          RenderTableRow {TR} at (0,2) size 784x682
            RenderTableCell {TD} at (2,299) size 732x87 [r=0 c=0 rs=1 cs=1]
              RenderText {#text} at (1,1) size 729x85
                text run at (1,1) width 716: "This is some text to fill a table cell. This is some text to fill a table cell. This is some text to"
                text run at (1,18) width 729: "fill a table cell. This is some text to fill a table cell. This is some text to fill a table cell. This is"
                text run at (1,35) width 699: "some text to fill a table cell. This is some text to fill a table cell. This is some text to fill a"
                text run at (1,52) width 691: "table cell. This is some text to fill a table cell. This is some text to fill a table cell. This is"
                text run at (1,69) width 501: "some text to fill a table cell. This is some text to fill a table cell."
            RenderTableCell {TD} at (736,2) size 46x682 [r=0 c=1 rs=1 cs=1]
              RenderText {#text} at (1,1) size 44x680
                text run at (1,1) width 33: "This"
                text run at (1,18) width 12: "is"
                text run at (1,35) width 44: "some"
                text run at (1,52) width 31: "text"
                text run at (1,69) width 39: "to fill"
                text run at (1,86) width 10: "a"
                text run at (1,103) width 40: "table"
                text run at (1,120) width 32: "cell."
                text run at (1,137) width 33: "This"
                text run at (1,154) width 12: "is"
                text run at (1,171) width 44: "some"
                text run at (1,188) width 31: "text"
                text run at (1,205) width 39: "to fill"
                text run at (1,222) width 10: "a"
                text run at (1,239) width 40: "table"
                text run at (1,256) width 32: "cell."
                text run at (1,273) width 33: "This"
                text run at (1,290) width 12: "is"
                text run at (1,307) width 44: "some"
                text run at (1,324) width 31: "text"
                text run at (1,341) width 39: "to fill"
                text run at (1,358) width 10: "a"
                text run at (1,375) width 40: "table"
                text run at (1,392) width 32: "cell."
                text run at (1,409) width 33: "This"
                text run at (1,426) width 12: "is"
                text run at (1,443) width 44: "some"
                text run at (1,460) width 31: "text"
                text run at (1,477) width 39: "to fill"
                text run at (1,494) width 10: "a"
                text run at (1,511) width 40: "table"
                text run at (1,528) width 32: "cell."
                text run at (1,545) width 33: "This"
                text run at (1,562) width 12: "is"
                text run at (1,579) width 44: "some"
                text run at (1,596) width 31: "text"
                text run at (1,613) width 39: "to fill"
                text run at (1,630) width 10: "a"
                text run at (1,647) width 40: "table"
                text run at (1,664) width 32: "cell."
