layer at (0,0) size 800x600
  RenderView at (0,0) size 800x600
layer at (0,0) size 51x23
  RenderTable {table} at (0,0) size 51x23
    RenderTableSection (anonymous) at (0,0) size 51x23
      RenderTableRow {tr} at (0,2) size 51x19
        RenderTableCell {td} at (2,2) size 47x19 [r=0 c=0 rs=1 cs=1]
          RenderText {#text} at (1,1) size 45x17
            text run at (1,1) width 45: "a test"
