layer at (0,0) size 800x600
  RenderView at (0,0) size 800x600
layer at (0,0) size 800x600
  RenderBlock {HTML} at (0,0) size 800x600
    RenderBody {BODY} at (8,8) size 784x584
      RenderBlock (anonymous) at (0,0) size 784x17
        RenderText {#text} at (0,0) size 5x17
          text run at (0,0) width 5: " "
      RenderTable {TABLE} at (0,17) size 392x83 [border: (1px outset #808080)]
        RenderTableSection {TBODY} at (1,1) size 390x81
          RenderTableRow {TR} at (0,2) size 390x54
            RenderTableCell {TD} at (2,2) size 267x54 [border: (1px inset #808080)] [r=0 c=0 rs=1 cs=1]
              RenderTable {TABLE} at (2,2) size 92x50 [border: (1px outset #808080)]
                RenderTableSection {TBODY} at (1,1) size 90x48
                  RenderTableRow {TR} at (0,2) size 90x21
                    RenderTableCell {TD} at (2,2) size 42x21 [border: (1px inset #808080)] [r=0 c=0 rs=1 cs=1]
                      RenderText {#text} at (2,2) size 38x17
                        text run at (2,2) width 38: "hello"
                    RenderTableCell {TD} at (46,2) size 42x21 [border: (1px inset #808080)] [r=0 c=1 rs=1 cs=1]
                      RenderText {#text} at (2,2) size 38x17
                        text run at (2,2) width 38: "hello"
                  RenderTableRow {TR} at (0,25) size 90x21
                    RenderTableCell {TD} at (2,25) size 42x21 [border: (1px inset #808080)] [r=1 c=0 rs=1 cs=1]
                      RenderText {#text} at (2,2) size 38x17
                        text run at (2,2) width 38: "hello"
                    RenderTableCell {TD} at (46,25) size 42x21 [border: (1px inset #808080)] [r=1 c=1 rs=1 cs=1]
                      RenderText {#text} at (2,2) size 38x17
                        text run at (2,2) width 38: "hello"
            RenderTableCell {TD} at (271,18) size 117x21 [border: (1px inset #808080)] [r=0 c=1 rs=1 cs=1]
              RenderText {#text} at (2,2) size 38x17
                text run at (2,2) width 38: "hello"
          RenderTableRow {TR} at (0,58) size 390x21
            RenderTableCell {TD} at (2,58) size 267x21 [border: (1px inset #808080)] [r=1 c=0 rs=1 cs=1]
              RenderText {#text} at (2,2) size 38x17
                text run at (2,2) width 38: "hello"
            RenderTableCell {TD} at (271,58) size 117x21 [border: (1px inset #808080)] [r=1 c=1 rs=1 cs=1]
              RenderText {#text} at (2,2) size 38x17
                text run at (2,2) width 38: "hello"
