layer at (0,0) size 800x1375
  RenderView at (0,0) size 800x600
layer at (0,0) size 800x1375
  RenderBlock {HTML} at (0,0) size 800x1375
    RenderBody {BODY} at (8,8) size 784x1359
      RenderTable {TABLE} at (0,0) size 200x116 [bgcolor=#FFA500] [border: (10px solid #0000FF)]
        RenderBlock {CAPTION} at (0,0) size 150x17
          RenderText {#text} at (4,0) size 142x17
            text run at (4,0) width 142: "clip at table-outer"
        RenderTableSection {TBODY} at (25,42) size 150x49
          RenderTableRow {TR} at (0,15) size 150x19
            RenderTableCell {TD} at (15,15) size 52x19 [bgcolor=#FFFF00] [r=0 c=0 rs=1 cs=1]
              RenderText {#text} at (1,1) size 37x17
                text run at (1,1) width 37: "cell1"
            RenderTableCell {TD} at (82,15) size 53x19 [bgcolor=#FFFF00] [r=0 c=1 rs=1 cs=1]
              RenderText {#text} at (1,1) size 167x17
                text run at (1,1) width 167: "contentwithoutspace"
      RenderBlock (anonymous) at (0,116) size 784x17
        RenderBR {BR} at (0,0) size 0x17
      RenderTable {TABLE} at (0,249) size 200x150 [bgcolor=#FFA500] [border: (10px solid #0000FF)]
        RenderBlock {CAPTION} at (0,0) size 150x17
          RenderText {#text} at (42,0) size 66x17
            text run at (42,0) width 66: "clip at tr"
        RenderTableSection {TBODY} at (25,42) size 150x83
          RenderTableRow {TR} at (0,49) size 150x19
            RenderTableCell {TD} at (15,49) size 52x19 [bgcolor=#FFFF00] [r=1 c=0 rs=1 cs=1]
              RenderText {#text} at (1,1) size 37x17
                text run at (1,1) width 37: "cell1"
            RenderTableCell {TD} at (82,49) size 53x19 [bgcolor=#FFFF00] [r=1 c=1 rs=1 cs=1]
              RenderText {#text} at (1,1) size 167x17
                text run at (1,1) width 167: "contentwithoutspace"
      RenderTable {TABLE} at (0,399) size 200x150 [bgcolor=#FFA500] [border: (10px solid #0000FF)]
        RenderTableCol {COLGROUP} at (0,0) size 0x0
          RenderTableCol {COL} at (0,0) size 0x0
          RenderTableCol {COL} at (0,0) size 0x0
        RenderBlock {CAPTION} at (0,0) size 150x17
          RenderText {#text} at (29,0) size 91x17
            text run at (29,0) width 91: "clip column"
        RenderTableSection {TBODY} at (25,42) size 150x83
          RenderTableRow {TR} at (0,15) size 150x19
            RenderTableCell {TD} at (15,15) size 52x19 [bgcolor=#FFFF00] [r=0 c=0 rs=1 cs=1]
              RenderText {#text} at (1,1) size 37x17
                text run at (1,1) width 37: "cell1"
            RenderTableCell {TD} at (82,15) size 53x19 [bgcolor=#FFFF00] [r=0 c=1 rs=1 cs=1]
              RenderText {#text} at (1,1) size 167x17
                text run at (1,1) width 167: "contentwithoutspace"
          RenderTableRow {TR} at (0,49) size 150x19
            RenderTableCell {TD} at (15,49) size 52x19 [bgcolor=#FFFF00] [r=1 c=0 rs=1 cs=1]
              RenderText {#text} at (1,1) size 37x17
                text run at (1,1) width 37: "cell1"
            RenderTableCell {TD} at (82,49) size 53x19 [bgcolor=#FFFF00] [r=1 c=1 rs=1 cs=1]
              RenderText {#text} at (1,1) size 167x17
                text run at (1,1) width 167: "contentwithoutspace"
      RenderTable {TABLE} at (0,549) size 200x150 [bgcolor=#FFA500] [border: (10px solid #0000FF)]
        RenderTableCol {COLGROUP} at (0,0) size 0x0
          RenderTableCol {COL} at (0,0) size 0x0
        RenderTableCol {COLGROUP} at (0,0) size 0x0
          RenderTableCol {COL} at (0,0) size 0x0
        RenderBlock {CAPTION} at (0,0) size 150x17
          RenderText {#text} at (6,0) size 138x17
            text run at (6,0) width 138: "clip columngroup"
        RenderTableSection {TBODY} at (25,42) size 150x83
          RenderTableRow {TR} at (0,15) size 150x19
            RenderTableCell {TD} at (15,15) size 52x19 [bgcolor=#FFFF00] [r=0 c=0 rs=1 cs=1]
              RenderText {#text} at (1,1) size 37x17
                text run at (1,1) width 37: "cell1"
            RenderTableCell {TD} at (82,15) size 53x19 [bgcolor=#FFFF00] [r=0 c=1 rs=1 cs=1]
              RenderText {#text} at (1,1) size 167x17
                text run at (1,1) width 167: "contentwithoutspace"
          RenderTableRow {TR} at (0,49) size 150x19
            RenderTableCell {TD} at (15,49) size 52x19 [bgcolor=#FFFF00] [r=1 c=0 rs=1 cs=1]
              RenderText {#text} at (1,1) size 37x17
                text run at (1,1) width 37: "cell1"
            RenderTableCell {TD} at (82,49) size 53x19 [bgcolor=#FFFF00] [r=1 c=1 rs=1 cs=1]
              RenderText {#text} at (1,1) size 167x17
                text run at (1,1) width 167: "contentwithoutspace"
      RenderTable {TABLE} at (0,699) size 200x165 [bgcolor=#FFA500] [border: (10px solid #0000FF)]
        RenderBlock {CAPTION} at (0,0) size 150x17
          RenderText {#text} at (36,0) size 78x17
            text run at (36,0) width 78: "clip thead"
        RenderTableSection {TBODY} at (25,91) size 150x49
          RenderTableRow {TR} at (0,15) size 150x19
            RenderTableCell {TD} at (15,15) size 52x19 [bgcolor=#FFFF00] [r=0 c=0 rs=1 cs=1]
              RenderText {#text} at (1,1) size 37x17
                text run at (1,1) width 37: "cell1"
            RenderTableCell {TD} at (82,15) size 53x19 [bgcolor=#FFFF00] [r=0 c=1 rs=1 cs=1]
              RenderText {#text} at (1,1) size 167x17
                text run at (1,1) width 167: "contentwithoutspace"
      RenderTable {TABLE} at (0,864) size 200x165 [bgcolor=#FFA500] [border: (10px solid #0000FF)]
        RenderBlock {CAPTION} at (0,0) size 150x17
          RenderText {#text} at (36,0) size 77x17
            text run at (36,0) width 77: "clip tbody"
        RenderTableSection {THEAD} at (25,42) size 150x49
          RenderTableRow {TR} at (0,15) size 150x19
            RenderTableCell {TD} at (15,15) size 52x19 [bgcolor=#FFFF00] [r=0 c=0 rs=1 cs=1]
              RenderText {#text} at (1,1) size 37x17
                text run at (1,1) width 37: "cell1"
            RenderTableCell {TD} at (82,15) size 53x19 [bgcolor=#FFFF00] [r=0 c=1 rs=1 cs=1]
              RenderText {#text} at (1,1) size 167x17
                text run at (1,1) width 167: "contentwithoutspace"
      RenderTable {TABLE} at (0,1029) size 200x165 [bgcolor=#FFA500] [border: (10px solid #0000FF)]
        RenderBlock {CAPTION} at (0,0) size 150x17
          RenderText {#text} at (40,0) size 70x17
            text run at (40,0) width 70: "clip tfoot"
        RenderTableSection {TBODY} at (25,42) size 150x49
          RenderTableRow {TR} at (0,15) size 150x19
            RenderTableCell {TD} at (15,15) size 52x19 [bgcolor=#FFFF00] [r=0 c=0 rs=1 cs=1]
              RenderText {#text} at (1,1) size 37x17
                text run at (1,1) width 37: "cell1"
            RenderTableCell {TD} at (82,15) size 53x19 [bgcolor=#FFFF00] [r=0 c=1 rs=1 cs=1]
              RenderText {#text} at (1,1) size 167x17
                text run at (1,1) width 167: "contentwithoutspace"
      RenderTable {TABLE} at (0,1194) size 200x165 [bgcolor=#FFA500] [border: (10px solid #0000FF)]
        RenderBlock {CAPTION} at (0,0) size 150x17
          RenderText {#text} at (51,0) size 48x17
            text run at (51,0) width 48: "clip td"
        RenderTableSection {TBODY} at (25,42) size 150x49
          RenderTableRow {TR} at (0,15) size 150x19
            RenderTableCell {TD} at (15,15) size 52x19 [bgcolor=#FFFF00] [r=0 c=0 rs=1 cs=1]
              RenderText {#text} at (1,1) size 37x17
                text run at (1,1) width 37: "cell1"
            RenderTableCell {TD} at (82,15) size 53x19 [bgcolor=#FFFF00] [r=0 c=1 rs=1 cs=1]
              RenderText {#text} at (1,1) size 167x17
                text run at (1,1) width 167: "contentwithoutspace"
layer at (8,141) size 200x116 clip at (18,141) size 180x116 scrollWidth 265
  RenderTable {TABLE} at (0,133) size 200x116 [bgcolor=#FFA500] [border: (10px solid #0000FF)]
    RenderBlock {CAPTION} at (0,0) size 150x17
      RenderText {#text} at (28,0) size 93x17
        text run at (28,0) width 93: "clip at table"
    RenderTableSection {TBODY} at (25,42) size 150x49
      RenderTableRow {TR} at (0,15) size 150x19
        RenderTableCell {TD} at (15,15) size 52x19 [bgcolor=#FFFF00] [r=0 c=0 rs=1 cs=1]
          RenderText {#text} at (1,1) size 37x17
            text run at (1,1) width 37: "cell1"
        RenderTableCell {TD} at (82,15) size 53x19 [bgcolor=#FFFF00] [r=0 c=1 rs=1 cs=1]
          RenderText {#text} at (1,1) size 167x17
            text run at (1,1) width 167: "contentwithoutspace"
layer at (33,314) size 150x19
  RenderTableRow {TR} at (0,15) size 150x19
    RenderTableCell {TD} at (15,15) size 52x19 [bgcolor=#FFFF00] [r=0 c=0 rs=1 cs=1]
      RenderText {#text} at (1,1) size 37x17
        text run at (1,1) width 37: "cell1"
    RenderTableCell {TD} at (82,15) size 53x19 [bgcolor=#FFFF00] [r=0 c=1 rs=1 cs=1]
      RenderText {#text} at (1,1) size 167x17
        text run at (1,1) width 167: "contentwithoutspace"
layer at (33,749) size 150x49 scrollWidth 250
  RenderTableSection {THEAD} at (25,42) size 150x49
    RenderTableRow {TR} at (0,15) size 150x19
      RenderTableCell {TD} at (15,15) size 52x19 [bgcolor=#FFFF00] [r=0 c=0 rs=1 cs=1]
        RenderText {#text} at (1,1) size 37x17
          text run at (1,1) width 37: "cell1"
      RenderTableCell {TD} at (82,15) size 53x19 [bgcolor=#FFFF00] [r=0 c=1 rs=1 cs=1]
        RenderText {#text} at (1,1) size 167x17
          text run at (1,1) width 167: "contentwithoutspace"
layer at (33,963) size 150x49 scrollWidth 250
  RenderTableSection {TBODY} at (25,91) size 150x49
    RenderTableRow {TR} at (0,15) size 150x19
      RenderTableCell {TD} at (15,15) size 52x19 [bgcolor=#FFFF00] [r=0 c=0 rs=1 cs=1]
        RenderText {#text} at (1,1) size 37x17
          text run at (1,1) width 37: "cell1"
      RenderTableCell {TD} at (82,15) size 53x19 [bgcolor=#FFFF00] [r=0 c=1 rs=1 cs=1]
        RenderText {#text} at (1,1) size 167x17
          text run at (1,1) width 167: "contentwithoutspace"
layer at (33,1128) size 150x49 scrollWidth 250
  RenderTableSection {TFOOT} at (25,91) size 150x49
    RenderTableRow {TR} at (0,15) size 150x19
      RenderTableCell {TD} at (15,15) size 52x19 [bgcolor=#FFFF00] [r=0 c=0 rs=1 cs=1]
        RenderText {#text} at (1,1) size 37x17
          text run at (1,1) width 37: "cell1"
      RenderTableCell {TD} at (82,15) size 53x19 [bgcolor=#FFFF00] [r=0 c=1 rs=1 cs=1]
        RenderText {#text} at (1,1) size 167x17
          text run at (1,1) width 167: "contentwithoutspace"
layer at (33,1293) size 150x49
  RenderTableSection {TFOOT} at (25,91) size 150x49
    RenderTableRow {TR} at (0,15) size 150x19
      RenderTableCell {TD} at (15,15) size 52x19 [bgcolor=#FFFF00] [r=0 c=0 rs=1 cs=1]
        RenderText {#text} at (1,1) size 37x17
          text run at (1,1) width 37: "cell1"
layer at (115,1308) size 53x19 scrollWidth 169
  RenderTableCell {TD} at (82,15) size 53x19 [bgcolor=#FFFF00] [r=0 c=1 rs=1 cs=1]
    RenderText {#text} at (1,1) size 167x17
      text run at (1,1) width 167: "contentwithoutspace"
