layer at (0,0) size 800x600
  RenderView at (0,0) size 800x600
layer at (0,0) size 800x600
  RenderBlock {HTML} at (0,0) size 800x600
    RenderBody {BODY} at (8,8) size 784x584 [bgcolor=#C0C0C0]
      RenderTable {TABLE} at (0,0) size 132x71 [border: (10px outset #808080)]
        RenderTableSection {TBODY} at (10,10) size 112x51
          RenderTableRow {TR} at (0,10) size 112x21
            RenderTableCell {TD} at (10,15) size 41x21 [border: (1px inset #808080)] [r=0 c=0 rs=2 cs=1]
              RenderText {#text} at (2,2) size 37x17
                text run at (2,2) width 37: "cell1"
            RenderTableCell {TD} at (61,10) size 41x21 [border: (1px inset #808080)] [r=0 c=1 rs=1 cs=1]
              RenderText {#text} at (2,2) size 37x17
                text run at (2,2) width 37: "cell2"
          RenderTableRow {TR} at (0,41) size 112x0
      RenderBlock {P} at (0,87) size 784x17
        RenderText {#text} at (0,0) size 381x17
          text run at (0,0) width 381: "See the behaviour when there is one more row:"
      RenderTable {TABLE} at (0,120) size 132x102 [border: (10px outset #808080)]
        RenderTableSection {TBODY} at (10,10) size 112x82
          RenderTableRow {TR} at (0,10) size 112x21
            RenderTableCell {TD} at (10,15) size 41x21 [border: (1px inset #808080)] [r=0 c=0 rs=2 cs=1]
              RenderText {#text} at (2,2) size 37x17
                text run at (2,2) width 37: "cell1"
            RenderTableCell {TD} at (61,10) size 41x21 [border: (1px inset #808080)] [r=0 c=1 rs=1 cs=1]
              RenderText {#text} at (2,2) size 37x17
                text run at (2,2) width 37: "cell2"
          RenderTableRow {TR} at (0,41) size 112x0
          RenderTableRow {TR} at (0,51) size 112x21
            RenderTableCell {TD} at (10,51) size 41x21 [border: (1px inset #808080)] [r=2 c=0 rs=1 cs=1]
              RenderText {#text} at (2,2) size 37x17
                text run at (2,2) width 37: "cell3"
            RenderTableCell {TD} at (61,51) size 41x21 [border: (1px inset #808080)] [r=2 c=1 rs=1 cs=1]
              RenderText {#text} at (2,2) size 37x17
                text run at (2,2) width 37: "cell4"
      RenderBlock {P} at (0,238) size 784x17
        RenderText {#text} at (0,0) size 445x17
          text run at (0,0) width 445: "Now move the rowspan to cell2 to have even more fun:"
      RenderTable {TABLE} at (0,271) size 132x102 [border: (10px outset #808080)]
        RenderTableSection {TBODY} at (10,10) size 112x82
          RenderTableRow {TR} at (0,10) size 112x21
            RenderTableCell {TD} at (10,10) size 41x21 [border: (1px inset #808080)] [r=0 c=0 rs=1 cs=1]
              RenderText {#text} at (2,2) size 37x17
                text run at (2,2) width 37: "cell1"
            RenderTableCell {TD} at (61,15) size 41x21 [border: (1px inset #808080)] [r=0 c=1 rs=2 cs=1]
              RenderText {#text} at (2,2) size 37x17
                text run at (2,2) width 37: "cell2"
          RenderTableRow {TR} at (0,41) size 112x0
          RenderTableRow {TR} at (0,51) size 112x21
            RenderTableCell {TD} at (10,51) size 41x21 [border: (1px inset #808080)] [r=2 c=0 rs=1 cs=1]
              RenderText {#text} at (2,2) size 37x17
                text run at (2,2) width 37: "cell3"
            RenderTableCell {TD} at (61,51) size 41x21 [border: (1px inset #808080)] [r=2 c=1 rs=1 cs=1]
              RenderText {#text} at (2,2) size 37x17
                text run at (2,2) width 37: "cell4"
