layer at (0,0) size 800x600
  RenderView at (0,0) size 800x600
layer at (0,0) size 800x600
  RenderBlock {HTML} at (0,0) size 800x600
    RenderBody {BODY} at (8,8) size 784x584
      RenderBlock {P} at (0,0) size 784x17
        RenderText {#text} at (0,0) size 434x17
          text run at (0,0) width 434: "300xp height value set on THEAD, TBODY, and TFOOT"
      RenderTable {TABLE} at (0,33) size 310x77 [border: (1px outset #808080)]
        RenderTableSection {THEAD} at (1,1) size 308x25
          RenderTableRow {TR} at (0,2) size 308x21
            RenderTableCell {TH} at (2,2) size 304x21 [border: (1px inset #808080)] [r=0 c=0 rs=1 cs=1]
              RenderText {#text} at (2,2) size 300x17
                text run at (2,2) width 300: "This THEAD should be 300px high"
              RenderText {#text} at (0,0) size 0x0
        RenderTableSection {TFOOT} at (1,51) size 308x25
          RenderTableRow {TR} at (0,2) size 308x21
            RenderTableCell {TD} at (2,2) size 304x21 [border: (1px inset #808080)] [r=0 c=0 rs=1 cs=1]
              RenderText {#text} at (2,2) size 269x17
                text run at (2,2) width 269: "This TFOOT should be 300px high"
        RenderTableSection {TBODY} at (1,26) size 308x25
          RenderTableRow {TR} at (0,2) size 308x21
            RenderTableCell {TD} at (2,2) size 304x21 [border: (1px inset #808080)] [r=0 c=0 rs=1 cs=1]
              RenderText {#text} at (2,2) size 275x17
                text run at (2,2) width 275: "This TBODY should be 300px hight"
