layer at (0,0) size 800x600
  RenderView at (0,0) size 800x600
layer at (0,0) size 800x600
  RenderBlock {HTML} at (0,0) size 800x600
    RenderBody {BODY} at (8,8) size 784x584
      RenderBlock {H2} at (0,0) size 784x32
        RenderText {#text} at (0,2) size 596x28
          text run at (0,2) width 596: "HTML 4.0 Table Column Proportional Width Constraints"
      RenderBlock {P} at (0,51) size 784x21
        RenderText {#text} at (0,1) size 671x19
          text run at (0,1) width 671: "The table below is 350 pixels wide. The columns are assigned proportional widths using COLs as follows:"
      RenderBlock (anonymous) at (0,88) size 784x60
        RenderInline {TT} at (0,0) size 112x60
          RenderText {#text} at (0,0) size 112x15
            text run at (0,0) width 112: "<col width=50>"
          RenderBR {BR} at (112,11) size 0x0
          RenderText {#text} at (0,15) size 112x15
            text run at (0,15) width 112: "<col width=2*>"
          RenderBR {BR} at (112,26) size 0x0
          RenderText {#text} at (0,30) size 112x15
            text run at (0,30) width 112: "<col width=1*>"
          RenderBR {BR} at (112,41) size 0x0
          RenderText {#text} at (0,45) size 112x15
            text run at (0,45) width 112: "<col width=3*>"
        RenderText {#text} at (0,0) size 0x0
      RenderBlock {P} at (0,164) size 784x84
        RenderText {#text} at (0,1) size 765x82
          text run at (0,1) width 763: "This means the first column should be 50 pixels wide. The remaining width should be divided among the three remaining"
          text run at (0,22) width 765: "columns according to the proportional width statements into six (2+1+3) parts. Since the Table is 350 pixels wide, and the"
          text run at (0,43) width 747: "remaining width is 300 pixels (350-50), the remaining columns should be 100 (2*50), 50 (1*50) and 150 (3*50) pixels"
          text run at (0,64) width 39: "wide, "
          text run at (39,64) width 78: "respectively."
      RenderTable {TABLE} at (0,264) size 350x58 [border: (1px outset #808080)]
        RenderTableCol {COLGROUP} at (0,0) size 0x0
          RenderTableCol {COL} at (0,0) size 0x0
          RenderTableCol {COL} at (0,0) size 0x0
          RenderTableCol {COL} at (0,0) size 0x0
          RenderTableCol {COL} at (0,0) size 0x0
        RenderTableSection {TBODY} at (1,1) size 348x56
          RenderTableRow {TR} at (0,2) size 348x25
            RenderTableCell {TH} at (2,2) size 50x25 [border: (1px inset #808080)] [r=0 c=0 rs=1 cs=1]
              RenderText {#text} at (11,3) size 28x19
                text run at (11,3) width 28: "One"
            RenderTableCell {TH} at (54,2) size 94x25 [border: (1px inset #808080)] [r=0 c=1 rs=1 cs=1]
              RenderText {#text} at (32,3) size 30x19
                text run at (32,3) width 30: "Two"
            RenderTableCell {TH} at (150,2) size 99x25 [border: (1px inset #808080)] [r=0 c=2 rs=1 cs=1]
              RenderText {#text} at (29,3) size 41x19
                text run at (29,3) width 41: "Three"
            RenderTableCell {TH} at (251,2) size 95x25 [border: (1px inset #808080)] [r=0 c=3 rs=1 cs=1]
              RenderText {#text} at (30,3) size 34x19
                text run at (30,3) width 34: "Four"
          RenderTableRow {TR} at (0,29) size 348x25
            RenderTableCell {TD} at (2,29) size 50x25 [border: (1px inset #808080)] [r=1 c=0 rs=1 cs=1]
              RenderText {#text} at (2,3) size 26x19
                text run at (2,3) width 26: "Red"
            RenderTableCell {TD} at (54,29) size 94x25 [border: (1px inset #808080)] [r=1 c=1 rs=1 cs=1]
              RenderText {#text} at (2,3) size 39x19
                text run at (2,3) width 39: "Green"
            RenderTableCell {TD} at (150,29) size 99x25 [border: (1px inset #808080)] [r=1 c=2 rs=1 cs=1]
              RenderText {#text} at (2,3) size 30x19
                text run at (2,3) width 30: "Blue"
            RenderTableCell {TD} at (251,29) size 95x25 [border: (1px inset #808080)] [r=1 c=3 rs=1 cs=1]
              RenderText {#text} at (2,3) size 39x19
                text run at (2,3) width 39: "Green"
