layer at (0,0) size 800x772
  RenderView at (0,0) size 800x600
layer at (0,0) size 800x772
  RenderBlock {HTML} at (0,0) size 800x772
    RenderBody {BODY} at (8,8) size 784x756
      RenderTable {TABLE} at (0,0) size 784x756
        RenderTableSection {TBODY} at (0,0) size 784x756
          RenderTableRow {TR} at (0,0) size 784x378
            RenderTableCell {TD} at (0,0) size 235x378 [r=0 c=0 rs=1 cs=1]
              RenderTable {TABLE} at (0,0) size 235x378
                RenderTableSection {THEAD} at (0,0) size 235x21
                  RenderTableRow {TR} at (0,0) size 235x21
                    RenderTableCell {TH} at (0,0) size 235x21 [r=0 c=0 rs=1 cs=1]
                      RenderText {#text} at (80,1) size 74x19
                        text run at (80,1) width 74: "Header 1/1"
                RenderTableSection {TBODY} at (0,21) size 235x357
                  RenderTableRow {TR} at (0,0) size 235x357
                    RenderTableCell {TD} at (0,0) size 235x357 [r=0 c=0 rs=1 cs=1]
                      RenderText {#text} at (0,1) size 230x355
                        text run at (0,1) width 230: "1 2 3 - - - - - - - - - - - - - - - - - - - - - -"
                        text run at (0,22) width 230: "- - - - - - - - - - - - - - - - - - - - - - - - - -"
                        text run at (0,43) width 230: "- - - - - - - - - - - - - - - - - - - - - - - - - -"
                        text run at (0,64) width 230: "- - - - - - - - - - - - - - - - - - - - - - - - - -"
                        text run at (0,85) width 230: "- - - - - - - - - - - - - - - - - - - - - - - - - -"
                        text run at (0,106) width 230: "- - - - - - - - - - - - - - - - - - - - - - - - - -"
                        text run at (0,127) width 230: "- - - - - - - - - - - - - - - - - - - - - - - - - -"
                        text run at (0,148) width 230: "- - - - - - - - - - - - - - - - - - - - - - - - - -"
                        text run at (0,169) width 27: "- - - "
                        text run at (27,169) width 203: "- - - - - - - - - - - - - - - - - - - - - - -"
                        text run at (0,190) width 230: "- - - - - - - - - - - - - - - - - - - - - - - - - -"
                        text run at (0,211) width 230: "- - - - - - - - - - - - - - - - - - - - - - - - - -"
                        text run at (0,232) width 230: "- - - - - - - - - - - - - - - - - - - - - - - - - -"
                        text run at (0,253) width 230: "- - - - - - - - - - - - - - - - - - - - - - - - - -"
                        text run at (0,274) width 230: "- - - - - - - - - - - - - - - - - - - - - - - - - -"
                        text run at (0,295) width 230: "- - - - - - - - - - - - - - - - - - - - - - - - - -"
                        text run at (0,316) width 230: "- - - - - - - - - - - - - - - - - - - - - - - - - -"
                        text run at (0,337) width 41: "- - - - -"
            RenderTableCell {TD} at (235,0) size 313x378 [r=0 c=1 rs=1 cs=1]
              RenderTable {TABLE} at (0,0) size 313x378
                RenderTableSection {THEAD} at (0,0) size 313x21
                  RenderTableRow {TR} at (0,0) size 313x21
                    RenderTableCell {TH} at (0,0) size 313x21 [r=0 c=0 rs=1 cs=1]
                      RenderText {#text} at (119,1) size 74x19
                        text run at (119,1) width 74: "Header 2/1"
                RenderTableSection {TBODY} at (0,21) size 313x357
                  RenderTableRow {TR} at (0,0) size 313x357
                    RenderTableCell {TD} at (0,0) size 313x357 [r=0 c=0 rs=1 cs=1]
                      RenderText {#text} at (0,1) size 308x355
                        text run at (0,1) width 308: "1 2 3 # # # # # # # # # # # # # # # # # # # # # # #"
                        text run at (0,22) width 308: "# # # # # # # # # # # # # # # # # # # # # # # # # #"
                        text run at (0,43) width 308: "# # # # # # # # # # # # # # # # # # # # # # # # # #"
                        text run at (0,64) width 308: "# # # # # # # # # # # # # # # # # # # # # # # # # #"
                        text run at (0,85) width 308: "# # # # # # # # # # # # # # # # # # # # # # # # # #"
                        text run at (0,106) width 308: "# # # # # # # # # # # # # # # # # # # # # # # # # #"
                        text run at (0,127) width 308: "# # # # # # # # # # # # # # # # # # # # # # # # # #"
                        text run at (0,148) width 308: "# # # # # # # # # # # # # # # # # # # # # # # # # #"
                        text run at (0,169) width 24: "# # "
                        text run at (24,169) width 284: "# # # # # # # # # # # # # # # # # # # # # # # #"
                        text run at (0,190) width 308: "# # # # # # # # # # # # # # # # # # # # # # # # # #"
                        text run at (0,211) width 308: "# # # # # # # # # # # # # # # # # # # # # # # # # #"
                        text run at (0,232) width 308: "# # # # # # # # # # # # # # # # # # # # # # # # # #"
                        text run at (0,253) width 308: "# # # # # # # # # # # # # # # # # # # # # # # # # #"
                        text run at (0,274) width 308: "# # # # # # # # # # # # # # # # # # # # # # # # # #"
                        text run at (0,295) width 308: "# # # # # # # # # # # # # # # # # # # # # # # # # #"
                        text run at (0,316) width 308: "# # # # # # # # # # # # # # # # # # # # # # # # # #"
                        text run at (0,337) width 44: "# # # #"
            RenderTableCell {TD} at (548,0) size 236x378 [r=0 c=2 rs=1 cs=1]
              RenderTable {TABLE} at (0,0) size 236x378
                RenderTableSection {THEAD} at (0,0) size 236x21
                  RenderTableRow {TR} at (0,0) size 236x21
                    RenderTableCell {TH} at (0,0) size 236x21 [r=0 c=0 rs=1 cs=1]
                      RenderText {#text} at (81,1) size 74x19
                        text run at (81,1) width 74: "Header 3/1"
                RenderTableSection {TBODY} at (0,21) size 236x357
                  RenderTableRow {TR} at (0,0) size 236x357
                    RenderTableCell {TD} at (0,0) size 236x357 [r=0 c=0 rs=1 cs=1]
                      RenderText {#text} at (0,1) size 230x355
                        text run at (0,1) width 230: "1 2 3 ! ! ! ! ! ! ! ! ! ! ! ! ! ! ! ! ! ! ! ! ! !"
                        text run at (0,22) width 230: "! ! ! ! ! ! ! ! ! ! ! ! ! ! ! ! ! ! ! ! ! ! ! ! ! !"
                        text run at (0,43) width 230: "! ! ! ! ! ! ! ! ! ! ! ! ! ! ! ! ! ! ! ! ! ! ! ! ! !"
                        text run at (0,64) width 230: "! ! ! ! ! ! ! ! ! ! ! ! ! ! ! ! ! ! ! ! ! ! ! ! ! !"
                        text run at (0,85) width 230: "! ! ! ! ! ! ! ! ! ! ! ! ! ! ! ! ! ! ! ! ! ! ! ! ! !"
                        text run at (0,106) width 230: "! ! ! ! ! ! ! ! ! ! ! ! ! ! ! ! ! ! ! ! ! ! ! ! ! !"
                        text run at (0,127) width 230: "! ! ! ! ! ! ! ! ! ! ! ! ! ! ! ! ! ! ! ! ! ! ! ! ! !"
                        text run at (0,148) width 230: "! ! ! ! ! ! ! ! ! ! ! ! ! ! ! ! ! ! ! ! ! ! ! ! ! !"
                        text run at (0,169) width 27: "! ! ! "
                        text run at (27,169) width 203: "! ! ! ! ! ! ! ! ! ! ! ! ! ! ! ! ! ! ! ! ! ! !"
                        text run at (0,190) width 230: "! ! ! ! ! ! ! ! ! ! ! ! ! ! ! ! ! ! ! ! ! ! ! ! ! !"
                        text run at (0,211) width 230: "! ! ! ! ! ! ! ! ! ! ! ! ! ! ! ! ! ! ! ! ! ! ! ! ! !"
                        text run at (0,232) width 230: "! ! ! ! ! ! ! ! ! ! ! ! ! ! ! ! ! ! ! ! ! ! ! ! ! !"
                        text run at (0,253) width 230: "! ! ! ! ! ! ! ! ! ! ! ! ! ! ! ! ! ! ! ! ! ! ! ! ! !"
                        text run at (0,274) width 230: "! ! ! ! ! ! ! ! ! ! ! ! ! ! ! ! ! ! ! ! ! ! ! ! ! !"
                        text run at (0,295) width 230: "! ! ! ! ! ! ! ! ! ! ! ! ! ! ! ! ! ! ! ! ! ! ! ! ! !"
                        text run at (0,316) width 230: "! ! ! ! ! ! ! ! ! ! ! ! ! ! ! ! ! ! ! ! ! ! ! ! ! !"
                        text run at (0,337) width 41: "! ! ! ! !"
            RenderTableCell {TD} at (784,0) size 0x0 [r=0 c=3 rs=1 cs=1]
          RenderTableRow {TR} at (0,378) size 784x378
            RenderTableCell {TD} at (0,378) size 235x378 [r=1 c=0 rs=1 cs=1]
              RenderTable {TABLE} at (0,0) size 235x378
                RenderTableSection {THEAD} at (0,0) size 235x21
                  RenderTableRow {TR} at (0,0) size 235x21
                    RenderTableCell {TH} at (0,0) size 235x21 [r=0 c=0 rs=1 cs=1]
                      RenderText {#text} at (80,1) size 74x19
                        text run at (80,1) width 74: "Header 1/2"
                RenderTableSection {TBODY} at (0,21) size 235x357
                  RenderTableRow {TR} at (0,0) size 235x357
                    RenderTableCell {TD} at (0,0) size 235x357 [r=0 c=0 rs=1 cs=1]
                      RenderText {#text} at (0,1) size 230x355
                        text run at (0,1) width 230: "1 2 3 - - - - - - - - - - - - - - - - - - - - - -"
                        text run at (0,22) width 230: "- - - - - - - - - - - - - - - - - - - - - - - - - -"
                        text run at (0,43) width 230: "- - - - - - - - - - - - - - - - - - - - - - - - - -"
                        text run at (0,64) width 230: "- - - - - - - - - - - - - - - - - - - - - - - - - -"
                        text run at (0,85) width 230: "- - - - - - - - - - - - - - - - - - - - - - - - - -"
                        text run at (0,106) width 230: "- - - - - - - - - - - - - - - - - - - - - - - - - -"
                        text run at (0,127) width 230: "- - - - - - - - - - - - - - - - - - - - - - - - - -"
                        text run at (0,148) width 230: "- - - - - - - - - - - - - - - - - - - - - - - - - -"
                        text run at (0,169) width 27: "- - - "
                        text run at (27,169) width 203: "- - - - - - - - - - - - - - - - - - - - - - -"
                        text run at (0,190) width 230: "- - - - - - - - - - - - - - - - - - - - - - - - - -"
                        text run at (0,211) width 230: "- - - - - - - - - - - - - - - - - - - - - - - - - -"
                        text run at (0,232) width 230: "- - - - - - - - - - - - - - - - - - - - - - - - - -"
                        text run at (0,253) width 230: "- - - - - - - - - - - - - - - - - - - - - - - - - -"
                        text run at (0,274) width 230: "- - - - - - - - - - - - - - - - - - - - - - - - - -"
                        text run at (0,295) width 230: "- - - - - - - - - - - - - - - - - - - - - - - - - -"
                        text run at (0,316) width 230: "- - - - - - - - - - - - - - - - - - - - - - - - - -"
                        text run at (0,337) width 41: "- - - - -"
            RenderTableCell {TD} at (235,378) size 313x378 [r=1 c=1 rs=1 cs=1]
              RenderTable {TABLE} at (0,0) size 313x378
                RenderTableSection {THEAD} at (0,0) size 313x21
                  RenderTableRow {TR} at (0,0) size 313x21
                    RenderTableCell {TH} at (0,0) size 313x21 [r=0 c=0 rs=1 cs=1]
                      RenderText {#text} at (119,1) size 74x19
                        text run at (119,1) width 74: "Header 2/2"
                RenderTableSection {TBODY} at (0,21) size 313x357
                  RenderTableRow {TR} at (0,0) size 313x357
                    RenderTableCell {TD} at (0,0) size 313x357 [r=0 c=0 rs=1 cs=1]
                      RenderText {#text} at (0,1) size 308x355
                        text run at (0,1) width 308: "1 2 3 # # # # # # # # # # # # # # # # # # # # # # #"
                        text run at (0,22) width 308: "# # # # # # # # # # # # # # # # # # # # # # # # # #"
                        text run at (0,43) width 308: "# # # # # # # # # # # # # # # # # # # # # # # # # #"
                        text run at (0,64) width 308: "# # # # # # # # # # # # # # # # # # # # # # # # # #"
                        text run at (0,85) width 308: "# # # # # # # # # # # # # # # # # # # # # # # # # #"
                        text run at (0,106) width 308: "# # # # # # # # # # # # # # # # # # # # # # # # # #"
                        text run at (0,127) width 308: "# # # # # # # # # # # # # # # # # # # # # # # # # #"
                        text run at (0,148) width 308: "# # # # # # # # # # # # # # # # # # # # # # # # # #"
                        text run at (0,169) width 24: "# # "
                        text run at (24,169) width 284: "# # # # # # # # # # # # # # # # # # # # # # # #"
                        text run at (0,190) width 308: "# # # # # # # # # # # # # # # # # # # # # # # # # #"
                        text run at (0,211) width 308: "# # # # # # # # # # # # # # # # # # # # # # # # # #"
                        text run at (0,232) width 308: "# # # # # # # # # # # # # # # # # # # # # # # # # #"
                        text run at (0,253) width 308: "# # # # # # # # # # # # # # # # # # # # # # # # # #"
                        text run at (0,274) width 308: "# # # # # # # # # # # # # # # # # # # # # # # # # #"
                        text run at (0,295) width 308: "# # # # # # # # # # # # # # # # # # # # # # # # # #"
                        text run at (0,316) width 308: "# # # # # # # # # # # # # # # # # # # # # # # # # #"
                        text run at (0,337) width 44: "# # # #"
            RenderTableCell {TD} at (548,378) size 236x378 [r=1 c=2 rs=1 cs=1]
              RenderTable {TABLE} at (0,0) size 236x378
                RenderTableSection {THEAD} at (0,0) size 236x21
                  RenderTableRow {TR} at (0,0) size 236x21
                    RenderTableCell {TH} at (0,0) size 236x21 [r=0 c=0 rs=1 cs=1]
                      RenderText {#text} at (81,1) size 74x19
                        text run at (81,1) width 74: "Header 3/2"
                RenderTableSection {TBODY} at (0,21) size 236x357
                  RenderTableRow {TR} at (0,0) size 236x357
                    RenderTableCell {TD} at (0,0) size 236x357 [r=0 c=0 rs=1 cs=1]
                      RenderText {#text} at (0,1) size 230x355
                        text run at (0,1) width 230: "1 2 3 ! ! ! ! ! ! ! ! ! ! ! ! ! ! ! ! ! ! ! ! ! !"
                        text run at (0,22) width 230: "! ! ! ! ! ! ! ! ! ! ! ! ! ! ! ! ! ! ! ! ! ! ! ! ! !"
                        text run at (0,43) width 230: "! ! ! ! ! ! ! ! ! ! ! ! ! ! ! ! ! ! ! ! ! ! ! ! ! !"
                        text run at (0,64) width 230: "! ! ! ! ! ! ! ! ! ! ! ! ! ! ! ! ! ! ! ! ! ! ! ! ! !"
                        text run at (0,85) width 230: "! ! ! ! ! ! ! ! ! ! ! ! ! ! ! ! ! ! ! ! ! ! ! ! ! !"
                        text run at (0,106) width 230: "! ! ! ! ! ! ! ! ! ! ! ! ! ! ! ! ! ! ! ! ! ! ! ! ! !"
                        text run at (0,127) width 230: "! ! ! ! ! ! ! ! ! ! ! ! ! ! ! ! ! ! ! ! ! ! ! ! ! !"
                        text run at (0,148) width 230: "! ! ! ! ! ! ! ! ! ! ! ! ! ! ! ! ! ! ! ! ! ! ! ! ! !"
                        text run at (0,169) width 27: "! ! ! "
                        text run at (27,169) width 203: "! ! ! ! ! ! ! ! ! ! ! ! ! ! ! ! ! ! ! ! ! ! !"
                        text run at (0,190) width 230: "! ! ! ! ! ! ! ! ! ! ! ! ! ! ! ! ! ! ! ! ! ! ! ! ! !"
                        text run at (0,211) width 230: "! ! ! ! ! ! ! ! ! ! ! ! ! ! ! ! ! ! ! ! ! ! ! ! ! !"
                        text run at (0,232) width 230: "! ! ! ! ! ! ! ! ! ! ! ! ! ! ! ! ! ! ! ! ! ! ! ! ! !"
                        text run at (0,253) width 230: "! ! ! ! ! ! ! ! ! ! ! ! ! ! ! ! ! ! ! ! ! ! ! ! ! !"
                        text run at (0,274) width 230: "! ! ! ! ! ! ! ! ! ! ! ! ! ! ! ! ! ! ! ! ! ! ! ! ! !"
                        text run at (0,295) width 230: "! ! ! ! ! ! ! ! ! ! ! ! ! ! ! ! ! ! ! ! ! ! ! ! ! !"
                        text run at (0,316) width 230: "! ! ! ! ! ! ! ! ! ! ! ! ! ! ! ! ! ! ! ! ! ! ! ! ! !"
                        text run at (0,337) width 41: "! ! ! ! !"
