layer at (0,0) size 800x600
  RenderView at (0,0) size 800x600
layer at (0,0) size 800x600
  RenderBlock {HTML} at (0,0) size 800x600
    RenderBody {BODY} at (8,8) size 784x584 [bgcolor=#C0C0C0]
      RenderTable {TABLE} at (0,0) size 784x154 [border: (3px outset #808080)]
        RenderTableSection {TBODY} at (3,3) size 778x148
          RenderTableRow {TR} at (0,2) size 778x144
            RenderTableCell {TD} at (2,2) size 774x144 [border: (1px inset #808080)] [r=0 c=0 rs=1 cs=1]
              RenderTable {TABLE} at (2,2) size 385x140 [border: (3px outset #808080)]
                RenderTableSection {TBODY} at (3,3) size 379x134
                  RenderTableRow {TR} at (0,2) size 379x130
                    RenderTableCell {TD} at (2,2) size 375x130 [border: (1px inset #808080)] [r=0 c=0 rs=1 cs=1]
                      RenderText {#text} at (2,3) size 370x124
                        text run at (2,3) width 369: "blah blah blah blah blah blah blah blah blah blah blah blah"
                        text run at (2,24) width 32: "blah "
                        text run at (34,24) width 338: "blah blah blah blah blah blah blah blah blah blah blah"
                        text run at (2,45) width 63: "blah blah "
                        text run at (65,45) width 307: "blah blah blah blah blah blah blah blah blah blah"
                        text run at (2,66) width 94: "blah blah blah "
                        text run at (96,66) width 276: "blah blah blah blah blah blah blah blah blah"
                        text run at (2,87) width 125: "blah blah blah blah "
                        text run at (127,87) width 245: "blah blah blah blah blah blah blah blah"
                        text run at (2,108) width 152: "blah blah blah blah blah"
      RenderBlock (anonymous) at (0,154) size 784x21
        RenderBR {BR} at (0,1) size 0x19
      RenderTable {TABLE} at (0,175) size 784x154 [border: (3px outset #808080)]
        RenderTableSection {TBODY} at (3,3) size 778x148
          RenderTableRow {TR} at (0,2) size 778x144
            RenderTableCell {TD} at (2,2) size 774x144 [border: (1px inset #808080)] [r=0 c=0 rs=1 cs=1]
              RenderText {#text} at (387,3) size 59x19
                text run at (387,3) width 59: "blah blah"
              RenderTable {TABLE} at (2,2) size 385x140 [border: (3px outset #808080)]
                RenderTableSection {TBODY} at (3,3) size 379x134
                  RenderTableRow {TR} at (0,2) size 379x130
                    RenderTableCell {TD} at (2,2) size 375x130 [border: (1px inset #808080)] [r=0 c=0 rs=1 cs=1]
                      RenderText {#text} at (2,3) size 370x124
                        text run at (2,3) width 369: "blah blah blah blah blah blah blah blah blah blah blah blah"
                        text run at (2,24) width 32: "blah "
                        text run at (34,24) width 338: "blah blah blah blah blah blah blah blah blah blah blah"
                        text run at (2,45) width 63: "blah blah "
                        text run at (65,45) width 307: "blah blah blah blah blah blah blah blah blah blah"
                        text run at (2,66) width 94: "blah blah blah "
                        text run at (96,66) width 276: "blah blah blah blah blah blah blah blah blah"
                        text run at (2,87) width 125: "blah blah blah blah "
                        text run at (127,87) width 245: "blah blah blah blah blah blah blah blah"
                        text run at (2,108) width 152: "blah blah blah blah blah"
              RenderText {#text} at (0,0) size 0x0
      RenderBlock (anonymous) at (0,329) size 784x21
        RenderBR {BR} at (0,1) size 0x19
      RenderTable {TABLE} at (0,350) size 784x191 [border: (3px outset #808080)]
        RenderTableSection {TBODY} at (3,3) size 778x185
          RenderTableRow {TR} at (0,2) size 778x181
            RenderTableCell {TD} at (2,2) size 774x181 [border: (1px inset #808080)] [r=0 c=0 rs=1 cs=1]
              RenderBlock (anonymous) at (2,2) size 770x21
                RenderText {#text} at (0,1) size 59x19
                  text run at (0,1) width 59: "blah blah"
              RenderBlock {P} at (2,39) size 770x0
                RenderTable {TABLE} at (0,0) size 385x140 [border: (3px outset #808080)]
                  RenderTableSection {TBODY} at (3,3) size 379x134
                    RenderTableRow {TR} at (0,2) size 379x130
                      RenderTableCell {TD} at (2,2) size 375x130 [border: (1px inset #808080)] [r=0 c=0 rs=1 cs=1]
                        RenderText {#text} at (2,3) size 370x124
                          text run at (2,3) width 369: "blah blah blah blah blah blah blah blah blah blah blah blah"
                          text run at (2,24) width 32: "blah "
                          text run at (34,24) width 338: "blah blah blah blah blah blah blah blah blah blah blah"
                          text run at (2,45) width 63: "blah blah "
                          text run at (65,45) width 307: "blah blah blah blah blah blah blah blah blah blah"
                          text run at (2,66) width 94: "blah blah blah "
                          text run at (96,66) width 276: "blah blah blah blah blah blah blah blah blah"
                          text run at (2,87) width 125: "blah blah blah blah "
                          text run at (127,87) width 245: "blah blah blah blah blah blah blah blah"
                          text run at (2,108) width 152: "blah blah blah blah blah"
