layer at (0,0) size 800x1499
  RenderView at (0,0) size 800x600
layer at (0,0) size 800x1499
  RenderBlock {HTML} at (0,0) size 800x1499
    RenderBody {BODY} at (8,8) size 784x1475
      RenderBlock {CENTER} at (0,0) size 784x1475
        RenderBlock (anonymous) at (0,0) size 784x21
          RenderText {#text} at (259,1) size 265x19
            text run at (259,1) width 265: "Build 1999/10/27/08 Win95 - Daily Build"
          RenderBR {BR} at (524,16) size 0x0
        RenderTable {TABLE} at (82,21) size 620x1312 [border: (10px outset #808080)]
          RenderBlock {CAPTION} at (0,0) size 600x21
            RenderText {#text} at (257,1) size 85x19
              text run at (257,1) width 85: "January 2000"
          RenderTableSection {TBODY} at (10,31) size 600x1271
            RenderTableRow {TR} at (0,0) size 600x487
              RenderTableCell {TD} at (0,0) size 87x25 [color=#FFFFFF] [bgcolor=#404080] [border: (1px inset #808080)] [r=0 c=0 rs=1 cs=1]
                RenderText {#text} at (2,3) size 5x19
                  text run at (2,3) width 5: "-"
              RenderTableCell {TD} at (87,0) size 84x25 [color=#FFFFFF] [bgcolor=#404080] [border: (1px inset #808080)] [r=0 c=1 rs=1 cs=1]
                RenderText {#text} at (2,3) size 5x19
                  text run at (2,3) width 5: "-"
              RenderTableCell {TD} at (171,0) size 84x25 [color=#FFFFFF] [bgcolor=#404080] [border: (1px inset #808080)] [r=0 c=2 rs=1 cs=1]
                RenderText {#text} at (2,3) size 5x19
                  text run at (2,3) width 5: "-"
              RenderTableCell {TD} at (255,0) size 84x25 [color=#FFFFFF] [bgcolor=#404080] [border: (1px inset #808080)] [r=0 c=3 rs=1 cs=1]
                RenderText {#text} at (2,3) size 5x19
                  text run at (2,3) width 5: "-"
              RenderTableCell {TD} at (339,0) size 84x25 [color=#FFFFFF] [bgcolor=#404080] [border: (1px inset #808080)] [r=0 c=4 rs=1 cs=1]
                RenderText {#text} at (2,3) size 5x19
                  text run at (2,3) width 5: "-"
              RenderTableCell {TD} at (423,0) size 86x25 [color=#FFFFFF] [bgcolor=#404080] [border: (1px inset #808080)] [r=0 c=5 rs=1 cs=1]
                RenderText {#text} at (2,3) size 5x19
                  text run at (2,3) width 5: "-"
              RenderTableCell {TD} at (509,0) size 91x487 [color=#FFFFFF] [bgcolor=#404080] [border: (1px inset #808080)] [r=0 c=6 rs=1 cs=1]
                RenderTable {TABLE} at (2,2) size 87x462 [color=#000000]
                  RenderTableSection {TBODY} at (0,0) size 87x462
                    RenderTableRow {TR} at (0,0) size 87x462
                      RenderTableCell {TD} at (0,0) size 18x29 [color=#FFFF00] [bgcolor=#404080] [r=0 c=0 rs=1 cs=1]
                        RenderText {#text} at (1,2) size 16x24
                          text run at (1,2) width 16: "1."
                      RenderTableCell {TD} at (18,0) size 69x462 [color=#FFFFFF] [bgcolor=#404080] [r=0 c=1 rs=1 cs=1]
                        RenderTable {TABLE} at (1,1) size 67x460 [color=#000000]
                          RenderTableSection {TBODY} at (0,0) size 67x460 [bgcolor=#FFFF00]
                            RenderTableRow {TR} at (0,0) size 67x460
                              RenderTableCell {TD} at (0,0) size 67x460 [color=#FFFFFF] [bgcolor=#404080] [r=0 c=0 rs=1 cs=1]
                                RenderBlock {P} at (1,1) size 65x84
                                  RenderText {#text} at (0,1) size 48x82
                                    text run at (0,1) width 26: "Test"
                                    text run at (0,22) width 46: "mozilla"
                                    text run at (0,43) width 48: "one last"
                                    text run at (0,64) width 31: "time."
                                RenderBlock {P} at (1,101) size 65x63
                                  RenderText {#text} at (0,1) size 36x61
                                    text run at (0,1) width 32: "New"
                                    text run at (0,22) width 36: "Years"
                                    text run at (0,43) width 26: "day."
                                RenderBlock {P} at (1,180) size 65x21
                                  RenderText {#text} at (0,1) size 47x19
                                    text run at (0,1) width 47: "Y2K!!!"
                                RenderBlock {P} at (1,217) size 65x63
                                  RenderText {#text} at (0,1) size 60x61
                                    text run at (0,1) width 29: "Find"
                                    text run at (0,22) width 48: "Abacus"
                                    text run at (0,43) width 60: "from attic"
                                RenderBlock {P} at (1,296) size 65x84
                                  RenderText {#text} at (0,1) size 53x82
                                    text run at (0,1) width 44: "Eat Ice"
                                    text run at (0,22) width 42: "Cream"
                                    text run at (0,43) width 53: "before it"
                                    text run at (0,64) width 33: "melts"
                                RenderBlock {P} at (1,396) size 65x63
                                  RenderText {#text} at (0,1) size 51x61
                                    text run at (0,1) width 33: "Lock"
                                    text run at (0,22) width 51: "doors &"
                                    text run at (0,43) width 27: "hide"
                RenderBlock (anonymous) at (2,464) size 87x21
                  RenderBR {BR} at (0,1) size 0x19
            RenderTableRow {TR} at (0,487) size 600x313
              RenderTableCell {TD} at (0,487) size 87x229 [color=#FFFFFF] [bgcolor=#404080] [border: (1px inset #808080)] [r=1 c=0 rs=1 cs=1]
                RenderTable {TABLE} at (2,2) size 83x204 [color=#000000]
                  RenderTableSection {TBODY} at (0,0) size 83x204
                    RenderTableRow {TR} at (0,0) size 83x204
                      RenderTableCell {TD} at (0,0) size 18x29 [color=#FFFF00] [bgcolor=#404080] [r=0 c=0 rs=1 cs=1]
                        RenderText {#text} at (1,2) size 16x24
                          text run at (1,2) width 16: "2."
                      RenderTableCell {TD} at (18,0) size 65x204 [color=#FFFFFF] [bgcolor=#404080] [r=0 c=1 rs=1 cs=1]
                        RenderTable {TABLE} at (1,1) size 63x202 [color=#000000]
                          RenderTableSection {TBODY} at (0,0) size 63x202 [bgcolor=#FFFF00]
                            RenderTableRow {TR} at (0,0) size 63x202
                              RenderTableCell {TD} at (0,0) size 63x202 [color=#FFFFFF] [bgcolor=#404080] [r=0 c=0 rs=1 cs=1]
                                RenderBlock {P} at (1,1) size 61x63
                                  RenderText {#text} at (0,1) size 61x61
                                    text run at (0,1) width 56: "Look for"
                                    text run at (0,22) width 32: "Y2K"
                                    text run at (0,43) width 61: "survivers."
                                RenderBlock {P} at (1,80) size 61x42
                                  RenderText {#text} at (0,1) size 57x40
                                    text run at (0,1) width 35: "Build"
                                    text run at (0,22) width 57: "outhouse"
                                RenderBlock {P} at (1,138) size 61x63
                                  RenderText {#text} at (0,1) size 45x61
                                    text run at (0,1) width 21: "Eat"
                                    text run at (0,22) width 45: "reserve"
                                    text run at (0,43) width 29: "food"
                RenderBlock (anonymous) at (2,206) size 83x21
                  RenderBR {BR} at (0,1) size 0x19
              RenderTableCell {TD} at (87,487) size 84x92 [color=#FFFFFF] [bgcolor=#404080] [border: (1px inset #808080)] [r=1 c=1 rs=1 cs=1]
                RenderTable {TABLE} at (2,2) size 80x88 [color=#000000]
                  RenderTableSection {TBODY} at (0,0) size 80x88
                    RenderTableRow {TR} at (0,0) size 80x88
                      RenderTableCell {TD} at (0,0) size 18x29 [color=#FFFF00] [bgcolor=#404080] [r=0 c=0 rs=1 cs=1]
                        RenderText {#text} at (1,2) size 16x24
                          text run at (1,2) width 16: "3."
                      RenderTableCell {TD} at (18,0) size 62x88 [color=#FFFFFF] [bgcolor=#404080] [r=0 c=1 rs=1 cs=1]
                        RenderTable {TABLE} at (1,1) size 60x86 [color=#000000]
                          RenderTableSection {TBODY} at (0,0) size 60x86 [bgcolor=#FFFF00]
                            RenderTableRow {TR} at (0,0) size 60x86
                              RenderTableCell {TD} at (0,0) size 60x86 [color=#FFFFFF] [bgcolor=#404080] [r=0 c=0 rs=1 cs=1]
                                RenderBlock {P} at (1,1) size 58x84
                                  RenderText {#text} at (0,1) size 58x82
                                    text run at (0,1) width 35: "Write"
                                    text run at (0,22) width 47: "letter to"
                                    text run at (0,43) width 45: "electric"
                                    text run at (0,64) width 58: "company"
              RenderTableCell {TD} at (171,487) size 84x271 [color=#FFFFFF] [bgcolor=#404080] [border: (1px inset #808080)] [r=1 c=2 rs=1 cs=1]
                RenderTable {TABLE} at (2,2) size 80x267 [color=#000000]
                  RenderTableSection {TBODY} at (0,0) size 80x267
                    RenderTableRow {TR} at (0,0) size 80x267
                      RenderTableCell {TD} at (0,0) size 18x29 [color=#FFFF00] [bgcolor=#404080] [r=0 c=0 rs=1 cs=1]
                        RenderText {#text} at (1,2) size 16x24
                          text run at (1,2) width 16: "4."
                      RenderTableCell {TD} at (18,0) size 62x267 [color=#FFFFFF] [bgcolor=#404080] [r=0 c=1 rs=1 cs=1]
                        RenderTable {TABLE} at (1,1) size 60x265 [color=#000000]
                          RenderTableSection {TBODY} at (0,0) size 60x265 [bgcolor=#FFFF00]
                            RenderTableRow {TR} at (0,0) size 60x265
                              RenderTableCell {TD} at (0,0) size 60x265 [color=#FFFFFF] [bgcolor=#404080] [r=0 c=0 rs=1 cs=1]
                                RenderBlock {P} at (1,1) size 58x63
                                  RenderText {#text} at (0,1) size 55x61
                                    text run at (0,1) width 55: "Send the"
                                    text run at (0,22) width 29: "snail"
                                    text run at (0,43) width 27: "mail"
                                RenderBlock {P} at (1,80) size 58x105
                                  RenderText {#text} at (0,1) size 56x103
                                    text run at (0,1) width 36: "Go to"
                                    text run at (0,22) width 33: "work"
                                    text run at (0,43) width 56: "and stare"
                                    text run at (0,64) width 45: "at dead"
                                    text run at (0,85) width 49: "monitor"
                                RenderBlock {P} at (1,201) size 58x63
                                  RenderText {#text} at (0,1) size 45x61
                                    text run at (0,1) width 21: "Eat"
                                    text run at (0,22) width 45: "reserve"
                                    text run at (0,43) width 29: "food"
              RenderTableCell {TD} at (255,487) size 84x192 [color=#FFFFFF] [bgcolor=#404080] [border: (1px inset #808080)] [r=1 c=3 rs=1 cs=1]
                RenderTable {TABLE} at (2,2) size 80x188 [color=#000000]
                  RenderTableSection {TBODY} at (0,0) size 80x188
                    RenderTableRow {TR} at (0,0) size 80x188
                      RenderTableCell {TD} at (0,0) size 18x29 [color=#FFFF00] [bgcolor=#404080] [r=0 c=0 rs=1 cs=1]
                        RenderText {#text} at (1,2) size 16x24
                          text run at (1,2) width 16: "5."
                      RenderTableCell {TD} at (18,0) size 62x188 [color=#FFFFFF] [bgcolor=#404080] [r=0 c=1 rs=1 cs=1]
                        RenderTable {TABLE} at (1,1) size 60x186 [color=#000000]
                          RenderTableSection {TBODY} at (0,0) size 60x186 [bgcolor=#FFFF00]
                            RenderTableRow {TR} at (0,0) size 60x186
                              RenderTableCell {TD} at (0,0) size 60x186 [color=#FFFFFF] [bgcolor=#404080] [r=0 c=0 rs=1 cs=1]
                                RenderBlock {P} at (1,1) size 58x105
                                  RenderText {#text} at (0,1) size 56x103
                                    text run at (0,1) width 36: "Go to"
                                    text run at (0,22) width 33: "work"
                                    text run at (0,43) width 56: "and stare"
                                    text run at (0,64) width 45: "at dead"
                                    text run at (0,85) width 49: "monitor"
                                RenderBlock {P} at (1,122) size 58x63
                                  RenderText {#text} at (0,1) size 45x61
                                    text run at (0,1) width 21: "Eat"
                                    text run at (0,22) width 45: "reserve"
                                    text run at (0,43) width 29: "food"
              RenderTableCell {TD} at (339,487) size 84x192 [color=#FFFFFF] [bgcolor=#404080] [border: (1px inset #808080)] [r=1 c=4 rs=1 cs=1]
                RenderTable {TABLE} at (2,2) size 80x188 [color=#000000]
                  RenderTableSection {TBODY} at (0,0) size 80x188
                    RenderTableRow {TR} at (0,0) size 80x188
                      RenderTableCell {TD} at (0,0) size 18x29 [color=#FFFF00] [bgcolor=#404080] [r=0 c=0 rs=1 cs=1]
                        RenderText {#text} at (1,2) size 16x24
                          text run at (1,2) width 16: "6."
                      RenderTableCell {TD} at (18,0) size 62x188 [color=#FFFFFF] [bgcolor=#404080] [r=0 c=1 rs=1 cs=1]
                        RenderTable {TABLE} at (1,1) size 60x186 [color=#000000]
                          RenderTableSection {TBODY} at (0,0) size 60x186 [bgcolor=#FFFF00]
                            RenderTableRow {TR} at (0,0) size 60x186
                              RenderTableCell {TD} at (0,0) size 60x186 [color=#FFFFFF] [bgcolor=#404080] [r=0 c=0 rs=1 cs=1]
                                RenderBlock {P} at (1,1) size 58x105
                                  RenderText {#text} at (0,1) size 56x103
                                    text run at (0,1) width 36: "Go to"
                                    text run at (0,22) width 33: "work"
                                    text run at (0,43) width 56: "and stare"
                                    text run at (0,64) width 45: "at dead"
                                    text run at (0,85) width 49: "monitor"
                                RenderBlock {P} at (1,122) size 58x63
                                  RenderText {#text} at (0,1) size 45x61
                                    text run at (0,1) width 21: "Eat"
                                    text run at (0,22) width 45: "reserve"
                                    text run at (0,43) width 29: "food"
              RenderTableCell {TD} at (423,487) size 86x271 [color=#FFFFFF] [bgcolor=#404080] [border: (1px inset #808080)] [r=1 c=5 rs=1 cs=1]
                RenderTable {TABLE} at (2,2) size 82x267 [color=#000000]
                  RenderTableSection {TBODY} at (0,0) size 82x267
                    RenderTableRow {TR} at (0,0) size 82x267
                      RenderTableCell {TD} at (0,0) size 18x29 [color=#FFFF00] [bgcolor=#404080] [r=0 c=0 rs=1 cs=1]
                        RenderText {#text} at (1,2) size 16x24
                          text run at (1,2) width 16: "7."
                      RenderTableCell {TD} at (18,0) size 64x267 [color=#FFFFFF] [bgcolor=#404080] [r=0 c=1 rs=1 cs=1]
                        RenderTable {TABLE} at (1,1) size 62x265 [color=#000000]
                          RenderTableSection {TBODY} at (0,0) size 62x265 [bgcolor=#FFFF00]
                            RenderTableRow {TR} at (0,0) size 62x265
                              RenderTableCell {TD} at (0,0) size 62x265 [color=#FFFFFF] [bgcolor=#404080] [r=0 c=0 rs=1 cs=1]
                                RenderBlock {P} at (1,1) size 60x84
                                  RenderText {#text} at (0,1) size 60x82
                                    text run at (0,1) width 20: "Go"
                                    text run at (0,22) width 47: "internet"
                                    text run at (0,43) width 60: "exploring"
                                    text run at (0,64) width 55: "for food."
                                RenderBlock {P} at (1,101) size 60x84
                                  RenderText {#text} at (0,1) size 60x82
                                    text run at (0,1) width 48: "Internet"
                                    text run at (0,22) width 60: "exploring"
                                    text run at (0,43) width 44: "doesn't"
                                    text run at (0,64) width 37: "work."
                                RenderBlock {P} at (1,201) size 60x63
                                  RenderText {#text} at (0,1) size 45x61
                                    text run at (0,1) width 21: "Eat"
                                    text run at (0,22) width 45: "reserve"
                                    text run at (0,43) width 29: "food"
              RenderTableCell {TD} at (509,487) size 91x313 [color=#FFFFFF] [bgcolor=#404080] [border: (1px inset #808080)] [r=1 c=6 rs=1 cs=1]
                RenderTable {TABLE} at (2,2) size 87x309 [color=#000000]
                  RenderTableSection {TBODY} at (0,0) size 87x309
                    RenderTableRow {TR} at (0,0) size 87x309
                      RenderTableCell {TD} at (0,0) size 18x29 [color=#FFFF00] [bgcolor=#404080] [r=0 c=0 rs=1 cs=1]
                        RenderText {#text} at (1,2) size 16x24
                          text run at (1,2) width 16: "8."
                      RenderTableCell {TD} at (18,0) size 69x309 [color=#FFFFFF] [bgcolor=#404080] [r=0 c=1 rs=1 cs=1]
                        RenderTable {TABLE} at (1,1) size 67x307 [color=#000000]
                          RenderTableSection {TBODY} at (0,0) size 67x307 [bgcolor=#FFFF00]
                            RenderTableRow {TR} at (0,0) size 67x307
                              RenderTableCell {TD} at (0,0) size 67x307 [color=#FFFFFF] [bgcolor=#404080] [r=0 c=0 rs=1 cs=1]
                                RenderBlock {P} at (1,1) size 65x105
                                  RenderText {#text} at (0,1) size 60x103
                                    text run at (0,1) width 20: "Go"
                                    text run at (0,22) width 47: "internet"
                                    text run at (0,43) width 60: "exploring"
                                    text run at (0,64) width 51: "for food"
                                    text run at (0,85) width 38: "again."
                                RenderBlock {P} at (1,122) size 65x105
                                  RenderText {#text} at (0,1) size 60x103
                                    text run at (0,1) width 48: "Internet"
                                    text run at (0,22) width 60: "exploring"
                                    text run at (0,43) width 44: "doesn't"
                                    text run at (0,64) width 33: "work"
                                    text run at (0,85) width 38: "again."
                                RenderBlock {P} at (1,243) size 65x63
                                  RenderText {#text} at (0,1) size 45x61
                                    text run at (0,1) width 21: "Eat"
                                    text run at (0,22) width 45: "reserve"
                                    text run at (0,43) width 29: "food"
            RenderTableRow {TR} at (0,800) size 600x413
              RenderTableCell {TD} at (0,800) size 87x413 [color=#FFFFFF] [bgcolor=#404080] [border: (1px inset #808080)] [r=2 c=0 rs=1 cs=1]
                RenderTable {TABLE} at (2,2) size 83x388 [color=#000000]
                  RenderTableSection {TBODY} at (0,0) size 83x388
                    RenderTableRow {TR} at (0,0) size 83x388
                      RenderTableCell {TD} at (0,0) size 18x29 [color=#FFFF00] [bgcolor=#404080] [r=0 c=0 rs=1 cs=1]
                        RenderText {#text} at (1,2) size 16x24
                          text run at (1,2) width 16: "9."
                      RenderTableCell {TD} at (18,0) size 65x388 [color=#FFFFFF] [bgcolor=#404080] [r=0 c=1 rs=1 cs=1]
                        RenderTable {TABLE} at (1,1) size 63x386 [color=#000000]
                          RenderTableSection {TBODY} at (0,0) size 63x386 [bgcolor=#FFFF00]
                            RenderTableRow {TR} at (0,0) size 63x386
                              RenderTableCell {TD} at (0,0) size 63x386 [color=#FFFFFF] [bgcolor=#404080] [r=0 c=0 rs=1 cs=1]
                                RenderBlock {P} at (1,1) size 61x84
                                  RenderText {#text} at (0,1) size 60x82
                                    text run at (0,1) width 20: "Go"
                                    text run at (0,22) width 47: "internet"
                                    text run at (0,43) width 60: "exploring"
                                    text run at (0,64) width 55: "for food."
                                RenderBlock {P} at (1,101) size 61x105
                                  RenderText {#text} at (0,1) size 60x103
                                    text run at (0,1) width 48: "Internet"
                                    text run at (0,22) width 60: "exploring"
                                    text run at (0,43) width 22: "still"
                                    text run at (0,64) width 44: "doesn't"
                                    text run at (0,85) width 37: "work."
                                RenderBlock {P} at (1,222) size 61x84
                                  RenderText {#text} at (0,1) size 60x82
                                    text run at (0,1) width 51: "Give up"
                                    text run at (0,22) width 47: "internet"
                                    text run at (0,43) width 60: "exploring"
                                    text run at (0,64) width 55: "for food."
                                RenderBlock {P} at (1,322) size 61x63
                                  RenderText {#text} at (0,1) size 45x61
                                    text run at (0,1) width 21: "Eat"
                                    text run at (0,22) width 45: "reserve"
                                    text run at (0,43) width 29: "food"
                RenderBlock (anonymous) at (2,390) size 83x21
                  RenderBR {BR} at (0,1) size 0x19
              RenderTableCell {TD} at (87,800) size 84x329 [color=#FFFFFF] [bgcolor=#404080] [border: (1px inset #808080)] [r=2 c=1 rs=1 cs=1]
                RenderTable {TABLE} at (2,2) size 80x325 [color=#000000]
                  RenderTableSection {TBODY} at (0,0) size 80x325
                    RenderTableRow {TR} at (0,0) size 80x325
                      RenderTableCell {TD} at (0,0) size 29x29 [color=#FFFF00] [bgcolor=#404080] [r=0 c=0 rs=1 cs=1]
                        RenderText {#text} at (1,2) size 27x24
                          text run at (1,2) width 27: "10."
                      RenderTableCell {TD} at (29,0) size 51x325 [color=#FFFFFF] [bgcolor=#404080] [r=0 c=1 rs=1 cs=1]
                        RenderTable {TABLE} at (1,1) size 49x323 [color=#000000]
                          RenderTableSection {TBODY} at (0,0) size 49x323 [bgcolor=#FFFF00]
                            RenderTableRow {TR} at (0,0) size 49x323
                              RenderTableCell {TD} at (0,0) size 49x323 [color=#FFFFFF] [bgcolor=#404080] [r=0 c=0 rs=1 cs=1]
                                RenderBlock {P} at (1,1) size 47x84
                                  RenderText {#text} at (0,1) size 41x82
                                    text run at (0,1) width 41: "Power"
                                    text run at (0,22) width 40: "comes"
                                    text run at (0,43) width 31: "back"
                                    text run at (0,64) width 20: "on."
                                RenderBlock {P} at (1,101) size 47x105
                                  RenderText {#text} at (0,1) size 47x103
                                    text run at (0,1) width 21: "Put"
                                    text run at (0,22) width 35: "trusty"
                                    text run at (0,43) width 43: "abacus"
                                    text run at (0,64) width 47: "back in"
                                    text run at (0,85) width 26: "attic"
                                RenderBlock {P} at (1,222) size 47x63
                                  RenderText {#text} at (0,1) size 46x61
                                    text run at (0,1) width 32: "Grab"
                                    text run at (0,22) width 32: "latest"
                                    text run at (0,43) width 46: "mozilla"
                                RenderBlock {P} at (1,301) size 47x21
                                  RenderText {#text} at (0,1) size 38x19
                                    text run at (0,1) width 38: "Test it"
              RenderTableCell {TD} at (171,800) size 84x108 [color=#FFFFFF] [bgcolor=#404080] [border: (1px inset #808080)] [r=2 c=2 rs=1 cs=1]
                RenderTable {TABLE} at (2,2) size 80x104 [color=#000000]
                  RenderTableSection {TBODY} at (0,0) size 80x104
                    RenderTableRow {TR} at (0,0) size 80x104
                      RenderTableCell {TD} at (0,0) size 28x29 [color=#FFFF00] [bgcolor=#404080] [r=0 c=0 rs=1 cs=1]
                        RenderText {#text} at (1,2) size 26x24
                          text run at (1,2) width 26: "11."
                      RenderTableCell {TD} at (28,0) size 52x104 [color=#FFFFFF] [bgcolor=#404080] [r=0 c=1 rs=1 cs=1]
                        RenderTable {TABLE} at (1,1) size 50x102 [color=#000000]
                          RenderTableSection {TBODY} at (0,0) size 50x102 [bgcolor=#FFFF00]
                            RenderTableRow {TR} at (0,0) size 50x102
                              RenderTableCell {TD} at (0,0) size 50x102 [color=#FFFFFF] [bgcolor=#404080] [r=0 c=0 rs=1 cs=1]
                                RenderBlock {P} at (1,1) size 48x63
                                  RenderText {#text} at (0,1) size 46x61
                                    text run at (0,1) width 32: "Grab"
                                    text run at (0,22) width 32: "latest"
                                    text run at (0,43) width 46: "mozilla"
                                RenderBlock {P} at (1,80) size 48x21
                                  RenderText {#text} at (0,1) size 38x19
                                    text run at (0,1) width 38: "Test it"
              RenderTableCell {TD} at (255,800) size 84x108 [color=#FFFFFF] [bgcolor=#404080] [border: (1px inset #808080)] [r=2 c=3 rs=1 cs=1]
                RenderTable {TABLE} at (2,2) size 80x104 [color=#000000]
                  RenderTableSection {TBODY} at (0,0) size 80x104
                    RenderTableRow {TR} at (0,0) size 80x104
                      RenderTableCell {TD} at (0,0) size 29x29 [color=#FFFF00] [bgcolor=#404080] [r=0 c=0 rs=1 cs=1]
                        RenderText {#text} at (1,2) size 27x24
                          text run at (1,2) width 27: "12."
                      RenderTableCell {TD} at (29,0) size 51x104 [color=#FFFFFF] [bgcolor=#404080] [r=0 c=1 rs=1 cs=1]
                        RenderTable {TABLE} at (1,1) size 49x102 [color=#000000]
                          RenderTableSection {TBODY} at (0,0) size 49x102 [bgcolor=#FFFF00]
                            RenderTableRow {TR} at (0,0) size 49x102
                              RenderTableCell {TD} at (0,0) size 49x102 [color=#FFFFFF] [bgcolor=#404080] [r=0 c=0 rs=1 cs=1]
                                RenderBlock {P} at (1,1) size 47x63
                                  RenderText {#text} at (0,1) size 46x61
                                    text run at (0,1) width 32: "Grab"
                                    text run at (0,22) width 32: "latest"
                                    text run at (0,43) width 46: "mozilla"
                                RenderBlock {P} at (1,80) size 47x21
                                  RenderText {#text} at (0,1) size 38x19
                                    text run at (0,1) width 38: "Test it"
              RenderTableCell {TD} at (339,800) size 84x108 [color=#FFFFFF] [bgcolor=#404080] [border: (1px inset #808080)] [r=2 c=4 rs=1 cs=1]
                RenderTable {TABLE} at (2,2) size 80x104 [color=#000000]
                  RenderTableSection {TBODY} at (0,0) size 80x104
                    RenderTableRow {TR} at (0,0) size 80x104
                      RenderTableCell {TD} at (0,0) size 29x29 [color=#FFFF00] [bgcolor=#404080] [r=0 c=0 rs=1 cs=1]
                        RenderText {#text} at (1,2) size 27x24
                          text run at (1,2) width 27: "13."
                      RenderTableCell {TD} at (29,0) size 51x104 [color=#FFFFFF] [bgcolor=#404080] [r=0 c=1 rs=1 cs=1]
                        RenderTable {TABLE} at (1,1) size 49x102 [color=#000000]
                          RenderTableSection {TBODY} at (0,0) size 49x102 [bgcolor=#FFFF00]
                            RenderTableRow {TR} at (0,0) size 49x102
                              RenderTableCell {TD} at (0,0) size 49x102 [color=#FFFFFF] [bgcolor=#404080] [r=0 c=0 rs=1 cs=1]
                                RenderBlock {P} at (1,1) size 47x63
                                  RenderText {#text} at (0,1) size 46x61
                                    text run at (0,1) width 32: "Grab"
                                    text run at (0,22) width 32: "latest"
                                    text run at (0,43) width 46: "mozilla"
                                RenderBlock {P} at (1,80) size 47x21
                                  RenderText {#text} at (0,1) size 38x19
                                    text run at (0,1) width 38: "Test it"
              RenderTableCell {TD} at (423,800) size 86x108 [color=#FFFFFF] [bgcolor=#404080] [border: (1px inset #808080)] [r=2 c=5 rs=1 cs=1]
                RenderTable {TABLE} at (2,2) size 82x104 [color=#000000]
                  RenderTableSection {TBODY} at (0,0) size 82x104
                    RenderTableRow {TR} at (0,0) size 82x104
                      RenderTableCell {TD} at (0,0) size 29x29 [color=#FFFF00] [bgcolor=#404080] [r=0 c=0 rs=1 cs=1]
                        RenderText {#text} at (1,2) size 27x24
                          text run at (1,2) width 27: "14."
                      RenderTableCell {TD} at (29,0) size 53x104 [color=#FFFFFF] [bgcolor=#404080] [r=0 c=1 rs=1 cs=1]
                        RenderTable {TABLE} at (1,1) size 51x102 [color=#000000]
                          RenderTableSection {TBODY} at (0,0) size 51x102 [bgcolor=#FFFF00]
                            RenderTableRow {TR} at (0,0) size 51x102
                              RenderTableCell {TD} at (0,0) size 51x102 [color=#FFFFFF] [bgcolor=#404080] [r=0 c=0 rs=1 cs=1]
                                RenderBlock {P} at (1,1) size 49x63
                                  RenderText {#text} at (0,1) size 46x61
                                    text run at (0,1) width 32: "Grab"
                                    text run at (0,22) width 32: "latest"
                                    text run at (0,43) width 46: "mozilla"
                                RenderBlock {P} at (1,80) size 49x21
                                  RenderText {#text} at (0,1) size 38x19
                                    text run at (0,1) width 38: "Test it"
              RenderTableCell {TD} at (509,800) size 91x329 [color=#FFFFFF] [bgcolor=#404080] [border: (1px inset #808080)] [r=2 c=6 rs=1 cs=1]
                RenderTable {TABLE} at (2,2) size 87x325 [color=#000000]
                  RenderTableSection {TBODY} at (0,0) size 87x325
                    RenderTableRow {TR} at (0,0) size 87x325
                      RenderTableCell {TD} at (0,0) size 29x29 [color=#FFFF00] [bgcolor=#404080] [r=0 c=0 rs=1 cs=1]
                        RenderText {#text} at (1,2) size 27x24
                          text run at (1,2) width 27: "15."
                      RenderTableCell {TD} at (29,0) size 58x325 [color=#FFFFFF] [bgcolor=#404080] [r=0 c=1 rs=1 cs=1]
                        RenderTable {TABLE} at (1,1) size 56x323 [color=#000000]
                          RenderTableSection {TBODY} at (0,0) size 56x323 [bgcolor=#FFFF00]
                            RenderTableRow {TR} at (0,0) size 56x323
                              RenderTableCell {TD} at (0,0) size 56x323 [color=#FFFFFF] [bgcolor=#404080] [r=0 c=0 rs=1 cs=1]
                                RenderBlock {P} at (1,1) size 54x63
                                  RenderText {#text} at (0,1) size 46x61
                                    text run at (0,1) width 32: "Grab"
                                    text run at (0,22) width 32: "latest"
                                    text run at (0,43) width 46: "mozilla"
                                RenderBlock {P} at (1,80) size 54x21
                                  RenderText {#text} at (0,1) size 38x19
                                    text run at (0,1) width 38: "Test it"
                                RenderBlock {P} at (1,117) size 54x126
                                  RenderText {#text} at (0,1) size 54x124
                                    text run at (0,1) width 48: "Mozilla"
                                    text run at (0,22) width 53: "removes"
                                    text run at (0,43) width 32: "Y2K"
                                    text run at (0,64) width 54: "Warning"
                                    text run at (0,85) width 30: "from"
                                    text run at (0,106) width 53: "FTP site"
                                RenderBlock {P} at (1,259) size 54x63
                                  RenderText {#text} at (0,1) size 39x61
                                    text run at (0,1) width 28: "This"
                                    text run at (0,22) width 39: "bug is"
                                    text run at (0,43) width 32: "fixed"
            RenderTableRow {TR} at (0,1213) size 600x33
              RenderTableCell {TD} at (0,1213) size 87x33 [color=#FFFFFF] [bgcolor=#404080] [border: (1px inset #808080)] [r=3 c=0 rs=1 cs=1]
                RenderTable {TABLE} at (2,2) size 83x29 [color=#000000]
                  RenderTableSection {TBODY} at (0,0) size 83x29
                    RenderTableRow {TR} at (0,0) size 83x29
                      RenderTableCell {TD} at (0,0) size 29x29 [color=#FFFF00] [bgcolor=#404080] [r=0 c=0 rs=1 cs=1]
                        RenderText {#text} at (1,2) size 27x24
                          text run at (1,2) width 27: "16."
                      RenderTableCell {TD} at (29,0) size 54x25 [color=#FFFFFF] [bgcolor=#404080] [r=0 c=1 rs=1 cs=1]
                        RenderTable {TABLE} at (1,1) size 52x23 [color=#000000]
                          RenderTableSection {TBODY} at (0,0) size 52x23 [bgcolor=#FFFF00]
                            RenderTableRow {TR} at (0,0) size 52x23
                              RenderTableCell {TD} at (0,0) size 52x23 [color=#FFFFFF] [bgcolor=#404080] [r=0 c=0 rs=1 cs=1]
                                RenderText {#text} at (1,2) size 7x19
                                  text run at (1,2) width 7: "?"
              RenderTableCell {TD} at (87,1213) size 84x25 [color=#FFFFFF] [bgcolor=#404080] [border: (1px inset #808080)] [r=3 c=1 rs=1 cs=1]
                RenderText {#text} at (2,3) size 5x19
                  text run at (2,3) width 5: "-"
              RenderTableCell {TD} at (171,1213) size 84x25 [color=#FFFFFF] [bgcolor=#404080] [border: (1px inset #808080)] [r=3 c=2 rs=1 cs=1]
                RenderText {#text} at (2,3) size 5x19
                  text run at (2,3) width 5: "-"
              RenderTableCell {TD} at (255,1213) size 84x25 [color=#FFFFFF] [bgcolor=#404080] [border: (1px inset #808080)] [r=3 c=3 rs=1 cs=1]
                RenderText {#text} at (2,3) size 5x19
                  text run at (2,3) width 5: "-"
              RenderTableCell {TD} at (339,1213) size 84x25 [color=#FFFFFF] [bgcolor=#404080] [border: (1px inset #808080)] [r=3 c=4 rs=1 cs=1]
                RenderText {#text} at (2,3) size 5x19
                  text run at (2,3) width 5: "-"
              RenderTableCell {TD} at (423,1213) size 86x25 [color=#FFFFFF] [bgcolor=#404080] [border: (1px inset #808080)] [r=3 c=5 rs=1 cs=1]
                RenderText {#text} at (2,3) size 5x19
                  text run at (2,3) width 5: "-"
              RenderTableCell {TD} at (509,1213) size 91x25 [color=#FFFFFF] [bgcolor=#404080] [border: (1px inset #808080)] [r=3 c=6 rs=1 cs=1]
                RenderText {#text} at (2,3) size 5x19
                  text run at (2,3) width 5: "-"
            RenderTableRow {TR} at (0,1246) size 600x25
              RenderTableCell {TD} at (0,1246) size 87x25 [color=#FFFFFF] [bgcolor=#404080] [border: (1px inset #808080)] [r=4 c=0 rs=1 cs=1]
                RenderText {#text} at (2,3) size 5x19
                  text run at (2,3) width 5: "-"
              RenderTableCell {TD} at (87,1246) size 84x25 [color=#FFFFFF] [bgcolor=#404080] [border: (1px inset #808080)] [r=4 c=1 rs=1 cs=1]
                RenderText {#text} at (2,3) size 5x19
                  text run at (2,3) width 5: "-"
              RenderTableCell {TD} at (171,1246) size 84x25 [color=#FFFFFF] [bgcolor=#404080] [border: (1px inset #808080)] [r=4 c=2 rs=1 cs=1]
                RenderText {#text} at (2,3) size 5x19
                  text run at (2,3) width 5: "-"
              RenderTableCell {TD} at (255,1246) size 84x25 [color=#FFFFFF] [bgcolor=#404080] [border: (1px inset #808080)] [r=4 c=3 rs=1 cs=1]
                RenderText {#text} at (2,3) size 5x19
                  text run at (2,3) width 5: "-"
              RenderTableCell {TD} at (339,1246) size 84x25 [color=#FFFFFF] [bgcolor=#404080] [border: (1px inset #808080)] [r=4 c=4 rs=1 cs=1]
                RenderText {#text} at (2,3) size 5x19
                  text run at (2,3) width 5: "-"
              RenderTableCell {TD} at (423,1246) size 86x25 [color=#FFFFFF] [bgcolor=#404080] [border: (1px inset #808080)] [r=4 c=5 rs=1 cs=1]
                RenderText {#text} at (2,3) size 5x19
                  text run at (2,3) width 5: "-"
              RenderTableCell {TD} at (509,1246) size 91x25 [color=#FFFFFF] [bgcolor=#404080] [border: (1px inset #808080)] [r=4 c=6 rs=1 cs=1]
                RenderText {#text} at (2,3) size 5x19
                  text run at (2,3) width 5: "-"
        RenderBlock (anonymous) at (0,1333) size 784x42
          RenderBR {BR} at (392,1) size 0x19
          RenderText {#text} at (11,22) size 762x19
            text run at (11,22) width 762: "Notice the scrollbars, they are rendered outside of the table columns, and the yellow day numbers are hidden under them."
        RenderBlock {P} at (0,1391) size 784x84
          RenderText {#text} at (17,1) size 770x82
            text run at (17,1) width 750: "This is probably another bug already covered, or fixed, but day 3 & 16 should have no scrollbar, but the area where the"
            text run at (14,22) width 416: "other scrollbars are drawn is drawn funny. They are not rendered. "
            text run at (430,22) width 339: "They seem to be whatever was drawn there before, or"
            text run at (7,43) width 770: "drawn somewhere else. Day 16 (contaings only the letter \"?\") has a region below the ? mark that is never rendered. Resize"
            text run at (153,64) width 478: "the window so the window can scroll down and scroll the page up & down."
