layer at (0,0) size 800x600
  RenderView at (0,0) size 800x600
layer at (0,0) size 800x211
  RenderBlock {HTML} at (0,0) size 800x211
    RenderBody {BODY} at (8,8) size 784x195
      RenderBlock (anonymous) at (0,0) size 784x21
        RenderText {#text} at (0,1) size 4x19
          text run at (0,1) width 4: " "
      RenderTable {TABLE} at (0,21) size 173x62 [border: (1px outset #808080)]
        RenderTableSection {TBODY} at (1,1) size 171x60
          RenderTableRow {TR} at (0,2) size 171x27
            RenderTableCell {TD} at (2,2) size 75x27 [border: (1px inset #808080)] [r=0 c=0 rs=1 cs=1]
              RenderText {#text} at (3,4) size 69x19
                text run at (3,4) width 69: "Colspan=0"
          RenderTableRow {TR} at (0,31) size 171x27
            RenderTableCell {TD} at (2,31) size 75x27 [border: (1px inset #808080)] [r=1 c=0 rs=1 cs=1]
              RenderText {#text} at (3,4) size 38x19
                text run at (3,4) width 38: "Cell 2"
            RenderTableCell {TD} at (79,31) size 44x27 [border: (1px inset #808080)] [r=1 c=1 rs=1 cs=1]
              RenderText {#text} at (3,4) size 38x19
                text run at (3,4) width 38: "Cell 3"
            RenderTableCell {TD} at (125,31) size 44x27 [border: (1px inset #808080)] [r=1 c=2 rs=1 cs=1]
              RenderText {#text} at (3,4) size 38x19
                text run at (3,4) width 38: "Cell 4"
      RenderBlock (anonymous) at (0,83) size 784x21
        RenderBR {BR} at (0,1) size 0x19
      RenderTable {TABLE} at (0,104) size 173x91 [border: (1px outset #808080)]
        RenderTableSection {TBODY} at (1,1) size 171x89
          RenderTableRow {TR} at (0,2) size 171x27
            RenderTableCell {TD} at (2,2) size 75x27 [border: (1px inset #808080)] [r=0 c=0 rs=1 cs=1]
              RenderText {#text} at (3,4) size 38x19
                text run at (3,4) width 38: "Cell 2"
            RenderTableCell {TD} at (79,2) size 44x27 [border: (1px inset #808080)] [r=0 c=1 rs=1 cs=1]
              RenderText {#text} at (3,4) size 38x19
                text run at (3,4) width 38: "Cell 3"
            RenderTableCell {TD} at (125,2) size 44x27 [border: (1px inset #808080)] [r=0 c=2 rs=1 cs=1]
              RenderText {#text} at (3,4) size 38x19
                text run at (3,4) width 38: "Cell 4"
          RenderTableRow {TR} at (0,31) size 171x27
            RenderTableCell {TD} at (2,31) size 75x27 [border: (1px inset #808080)] [r=1 c=0 rs=1 cs=1]
              RenderText {#text} at (3,4) size 69x19
                text run at (3,4) width 69: "Colspan=0"
          RenderTableRow {TR} at (0,60) size 171x27
            RenderTableCell {TD} at (2,60) size 75x27 [border: (1px inset #808080)] [r=2 c=0 rs=1 cs=1]
              RenderText {#text} at (3,4) size 38x19
                text run at (3,4) width 38: "Cell 5"
            RenderTableCell {TD} at (79,60) size 44x27 [border: (1px inset #808080)] [r=2 c=1 rs=1 cs=1]
              RenderText {#text} at (3,4) size 38x19
                text run at (3,4) width 38: "Cell 6"
            RenderTableCell {TD} at (125,60) size 44x27 [border: (1px inset #808080)] [r=2 c=2 rs=1 cs=1]
              RenderText {#text} at (3,4) size 38x19
                text run at (3,4) width 38: "Cell 7"
