layer at (0,0) size 800x904
  RenderView at (0,0) size 800x600
layer at (0,0) size 800x904
  RenderBlock {HTML} at (0,0) size 800x904
    RenderBody {BODY} at (8,8) size 784x888
      RenderBlock {HR} at (0,0) size 784x2 [border: (1px inset #000000)]
      RenderBlock {H3} at (0,20) size 784x25
        RenderText {#text} at (0,1) size 61x22
          text run at (0,1) width 61: "Table 1"
      RenderBlock {PRE} at (0,63) size 784x60
        RenderText {#text} at (0,0) size 224x60
          text run at (0,0) width 224: "<TABLE width=\"500\" border=1>"
          text run at (224,0) width 0: " "
          text run at (0,15) width 80: "<COLGROUP>"
          text run at (80,15) width 0: " "
          text run at (0,30) width 80: "<COLGROUP>"
          text run at (80,30) width 0: " "
          text run at (0,45) width 168: "<COLGROUP width=\"0*\">"
          text run at (168,45) width 0: " "
      RenderTable {TABLE} at (0,136) size 500x85 [border: (1px outset #808080)]
        RenderTableCol {COLGROUP} at (0,0) size 0x0
        RenderTableCol {COLGROUP} at (0,0) size 0x0
        RenderTableCol {COLGROUP} at (0,0) size 0x0
        RenderTableSection {TBODY} at (1,1) size 498x83
          RenderTableRow {TR} at (0,2) size 498x25
            RenderTableCell {TD} at (2,2) size 164x25 [border: (1px inset #808080)] [r=0 c=0 rs=1 cs=1]
              RenderText {#text} at (2,3) size 42x19
                text run at (2,3) width 42: "Cell A"
            RenderTableCell {TD} at (168,2) size 164x25 [border: (1px inset #808080)] [r=0 c=1 rs=1 cs=1]
              RenderText {#text} at (2,3) size 41x19
                text run at (2,3) width 41: "Cell B"
            RenderTableCell {TD} at (334,2) size 162x25 [border: (1px inset #808080)] [r=0 c=2 rs=1 cs=1]
              RenderText {#text} at (2,3) size 41x19
                text run at (2,3) width 41: "Cell C"
          RenderTableRow {TR} at (0,29) size 498x25
            RenderTableCell {TD} at (2,29) size 164x25 [border: (1px inset #808080)] [r=1 c=0 rs=1 cs=1]
              RenderText {#text} at (2,3) size 42x19
                text run at (2,3) width 42: "Cell D"
            RenderTableCell {TD} at (168,29) size 164x25 [border: (1px inset #808080)] [r=1 c=1 rs=1 cs=1]
              RenderText {#text} at (2,3) size 40x19
                text run at (2,3) width 40: "Cell E"
            RenderTableCell {TD} at (334,29) size 162x25 [border: (1px inset #808080)] [r=1 c=2 rs=1 cs=1]
              RenderText {#text} at (2,3) size 39x19
                text run at (2,3) width 39: "Cell F"
          RenderTableRow {TR} at (0,56) size 498x25
            RenderTableCell {TD} at (2,56) size 164x25 [border: (1px inset #808080)] [r=2 c=0 rs=1 cs=1]
              RenderText {#text} at (2,3) size 42x19
                text run at (2,3) width 42: "Cell G"
            RenderTableCell {TD} at (168,56) size 164x25 [border: (1px inset #808080)] [r=2 c=1 rs=1 cs=1]
              RenderText {#text} at (2,3) size 42x19
                text run at (2,3) width 42: "Cell H"
            RenderTableCell {TD} at (334,56) size 162x25 [border: (1px inset #808080)] [r=2 c=2 rs=1 cs=1]
              RenderText {#text} at (2,3) size 35x19
                text run at (2,3) width 35: "Cell I"
      RenderBlock {HR} at (0,229) size 784x2 [border: (1px inset #000000)]
      RenderBlock {H3} at (0,249) size 784x25
        RenderText {#text} at (0,1) size 76x22
          text run at (0,1) width 76: "Table 2.1"
      RenderBlock {PRE} at (0,292) size 784x60
        RenderText {#text} at (0,0) size 224x60
          text run at (0,0) width 224: "<TABLE width=\"500\" border=1>"
          text run at (224,0) width 0: " "
          text run at (0,15) width 168: "<COLGROUP width=\"1*\">"
          text run at (168,15) width 0: " "
          text run at (0,30) width 168: "<COLGROUP width=\"1*\">"
          text run at (168,30) width 0: " "
          text run at (0,45) width 168: "<COLGROUP width=\"0*\">"
          text run at (168,45) width 0: " "
      RenderTable {TABLE} at (0,365) size 500x85 [border: (1px outset #808080)]
        RenderTableCol {COLGROUP} at (0,0) size 0x0
        RenderTableCol {COLGROUP} at (0,0) size 0x0
        RenderTableCol {COLGROUP} at (0,0) size 0x0
        RenderTableSection {TBODY} at (1,1) size 498x83
          RenderTableRow {TR} at (0,2) size 498x25
            RenderTableCell {TD} at (2,2) size 155x25 [border: (1px inset #808080)] [r=0 c=0 rs=1 cs=1]
              RenderText {#text} at (2,3) size 42x19
                text run at (2,3) width 42: "Cell A"
            RenderTableCell {TD} at (159,2) size 182x25 [border: (1px inset #808080)] [r=0 c=1 rs=1 cs=1]
              RenderText {#text} at (2,3) size 49x19
                text run at (2,3) width 49: "Cell_ B"
            RenderTableCell {TD} at (343,2) size 153x25 [border: (1px inset #808080)] [r=0 c=2 rs=1 cs=1]
              RenderText {#text} at (2,3) size 41x19
                text run at (2,3) width 41: "Cell C"
          RenderTableRow {TR} at (0,29) size 498x25
            RenderTableCell {TD} at (2,29) size 155x25 [border: (1px inset #808080)] [r=1 c=0 rs=1 cs=1]
              RenderText {#text} at (2,3) size 42x19
                text run at (2,3) width 42: "Cell D"
            RenderTableCell {TD} at (159,29) size 182x25 [border: (1px inset #808080)] [r=1 c=1 rs=1 cs=1]
              RenderText {#text} at (2,3) size 48x19
                text run at (2,3) width 48: "Cell_ E"
            RenderTableCell {TD} at (343,29) size 153x25 [border: (1px inset #808080)] [r=1 c=2 rs=1 cs=1]
              RenderText {#text} at (2,3) size 39x19
                text run at (2,3) width 39: "Cell F"
          RenderTableRow {TR} at (0,56) size 498x25
            RenderTableCell {TD} at (2,56) size 155x25 [border: (1px inset #808080)] [r=2 c=0 rs=1 cs=1]
              RenderText {#text} at (2,3) size 42x19
                text run at (2,3) width 42: "Cell G"
            RenderTableCell {TD} at (159,56) size 182x25 [border: (1px inset #808080)] [r=2 c=1 rs=1 cs=1]
              RenderText {#text} at (2,3) size 50x19
                text run at (2,3) width 50: "Cell_ H"
            RenderTableCell {TD} at (343,56) size 153x25 [border: (1px inset #808080)] [r=2 c=2 rs=1 cs=1]
              RenderText {#text} at (2,3) size 35x19
                text run at (2,3) width 35: "Cell I"
      RenderBlock {H3} at (0,468) size 784x25
        RenderText {#text} at (0,1) size 76x22
          text run at (0,1) width 76: "Table 2.2"
      RenderBlock {PRE} at (0,511) size 784x60
        RenderText {#text} at (0,0) size 224x60
          text run at (0,0) width 224: "<TABLE width=\"500\" border=1>"
          text run at (224,0) width 0: " "
          text run at (0,15) width 168: "<COLGROUP width=\"1*\">"
          text run at (168,15) width 0: " "
          text run at (0,30) width 168: "<COLGROUP width=\"2*\">"
          text run at (168,30) width 0: " "
          text run at (0,45) width 168: "<COLGROUP width=\"0*\">"
          text run at (168,45) width 0: " "
      RenderTable {TABLE} at (0,584) size 500x85 [border: (1px outset #808080)]
        RenderTableCol {COLGROUP} at (0,0) size 0x0
        RenderTableCol {COLGROUP} at (0,0) size 0x0
        RenderTableCol {COLGROUP} at (0,0) size 0x0
        RenderTableSection {TBODY} at (1,1) size 498x83
          RenderTableRow {TR} at (0,2) size 498x25
            RenderTableCell {TD} at (2,2) size 164x25 [border: (1px inset #808080)] [r=0 c=0 rs=1 cs=1]
              RenderText {#text} at (2,3) size 42x19
                text run at (2,3) width 42: "Cell A"
            RenderTableCell {TD} at (168,2) size 164x25 [border: (1px inset #808080)] [r=0 c=1 rs=1 cs=1]
              RenderText {#text} at (2,3) size 41x19
                text run at (2,3) width 41: "Cell B"
            RenderTableCell {TD} at (334,2) size 162x25 [border: (1px inset #808080)] [r=0 c=2 rs=1 cs=1]
              RenderText {#text} at (2,3) size 41x19
                text run at (2,3) width 41: "Cell C"
          RenderTableRow {TR} at (0,29) size 498x25
            RenderTableCell {TD} at (2,29) size 164x25 [border: (1px inset #808080)] [r=1 c=0 rs=1 cs=1]
              RenderText {#text} at (2,3) size 42x19
                text run at (2,3) width 42: "Cell D"
            RenderTableCell {TD} at (168,29) size 164x25 [border: (1px inset #808080)] [r=1 c=1 rs=1 cs=1]
              RenderText {#text} at (2,3) size 40x19
                text run at (2,3) width 40: "Cell E"
            RenderTableCell {TD} at (334,29) size 162x25 [border: (1px inset #808080)] [r=1 c=2 rs=1 cs=1]
              RenderText {#text} at (2,3) size 39x19
                text run at (2,3) width 39: "Cell F"
          RenderTableRow {TR} at (0,56) size 498x25
            RenderTableCell {TD} at (2,56) size 164x25 [border: (1px inset #808080)] [r=2 c=0 rs=1 cs=1]
              RenderText {#text} at (2,3) size 42x19
                text run at (2,3) width 42: "Cell G"
            RenderTableCell {TD} at (168,56) size 164x25 [border: (1px inset #808080)] [r=2 c=1 rs=1 cs=1]
              RenderText {#text} at (2,3) size 42x19
                text run at (2,3) width 42: "Cell H"
            RenderTableCell {TD} at (334,56) size 162x25 [border: (1px inset #808080)] [r=2 c=2 rs=1 cs=1]
              RenderText {#text} at (2,3) size 35x19
                text run at (2,3) width 35: "Cell I"
      RenderBlock {H3} at (0,687) size 784x25
        RenderText {#text} at (0,1) size 76x22
          text run at (0,1) width 76: "Table 3.1"
      RenderBlock {PRE} at (0,730) size 784x60
        RenderText {#text} at (0,0) size 224x60
          text run at (0,0) width 224: "<TABLE width=\"500\" border=1>"
          text run at (224,0) width 0: " "
          text run at (0,15) width 168: "<COLGROUP width=\"1*\">"
          text run at (168,15) width 0: " "
          text run at (0,30) width 176: "<COLGROUP width=\"100\">"
          text run at (176,30) width 0: " "
          text run at (0,45) width 168: "<COLGROUP width=\"0*\">"
          text run at (168,45) width 0: " "
      RenderTable {TABLE} at (0,803) size 500x85 [border: (1px outset #808080)]
        RenderTableCol {COLGROUP} at (0,0) size 0x0
        RenderTableCol {COLGROUP} at (0,0) size 0x0
        RenderTableCol {COLGROUP} at (0,0) size 0x0
        RenderTableSection {TBODY} at (1,1) size 498x83
          RenderTableRow {TR} at (0,2) size 498x25
            RenderTableCell {TD} at (2,2) size 197x25 [border: (1px inset #808080)] [r=0 c=0 rs=1 cs=1]
              RenderText {#text} at (2,3) size 42x19
                text run at (2,3) width 42: "Cell A"
            RenderTableCell {TD} at (201,2) size 100x25 [border: (1px inset #808080)] [r=0 c=1 rs=1 cs=1]
              RenderText {#text} at (2,3) size 41x19
                text run at (2,3) width 41: "Cell B"
            RenderTableCell {TD} at (303,2) size 193x25 [border: (1px inset #808080)] [r=0 c=2 rs=1 cs=1]
              RenderText {#text} at (2,3) size 41x19
                text run at (2,3) width 41: "Cell C"
          RenderTableRow {TR} at (0,29) size 498x25
            RenderTableCell {TD} at (2,29) size 197x25 [border: (1px inset #808080)] [r=1 c=0 rs=1 cs=1]
              RenderText {#text} at (2,3) size 42x19
                text run at (2,3) width 42: "Cell D"
            RenderTableCell {TD} at (201,29) size 100x25 [border: (1px inset #808080)] [r=1 c=1 rs=1 cs=1]
              RenderText {#text} at (2,3) size 40x19
                text run at (2,3) width 40: "Cell E"
            RenderTableCell {TD} at (303,29) size 193x25 [border: (1px inset #808080)] [r=1 c=2 rs=1 cs=1]
              RenderText {#text} at (2,3) size 39x19
                text run at (2,3) width 39: "Cell F"
          RenderTableRow {TR} at (0,56) size 498x25
            RenderTableCell {TD} at (2,56) size 197x25 [border: (1px inset #808080)] [r=2 c=0 rs=1 cs=1]
              RenderText {#text} at (2,3) size 42x19
                text run at (2,3) width 42: "Cell G"
            RenderTableCell {TD} at (201,56) size 100x25 [border: (1px inset #808080)] [r=2 c=1 rs=1 cs=1]
              RenderText {#text} at (2,3) size 42x19
                text run at (2,3) width 42: "Cell H"
            RenderTableCell {TD} at (303,56) size 193x25 [border: (1px inset #808080)] [r=2 c=2 rs=1 cs=1]
              RenderText {#text} at (2,3) size 35x19
                text run at (2,3) width 35: "Cell I"
