layer at (0,0) size 800x600
  RenderView at (0,0) size 800x600
layer at (0,0) size 800x600
  RenderBlock {HTML} at (0,0) size 800x600
    RenderBody {BODY} at (8,8) size 784x584
      RenderTable {TABLE} at (358,0) size 68x60 [border: (3px solid #008000)]
        RenderBlock {CAPTION} at (0,0) size 18x27 [border: (3px solid #FFA500)]
          RenderText {#text} at (3,4) size 22x19
            text run at (3,4) width 22: "cap"
        RenderTableSection {TBODY} at (3,30) size 62x27
          RenderTableRow {TR} at (0,2) size 62x23
            RenderTableCell {TD} at (2,2) size 58x23 [r=0 c=0 rs=1 cs=1]
              RenderText {#text} at (1,2) size 56x19
                text run at (1,2) width 56: "table cell"
