layer at (0,0) size 800x600
  RenderView at (0,0) size 800x600
layer at (0,0) size 800x600
  RenderBlock {HTML} at (0,0) size 800x600
    RenderBody {BODY} at (8,8) size 784x584 [bgcolor=#FFFFFF]
      RenderTable {TABLE} at (0,0) size 784x385 [border: (1px outset #808080)]
        RenderTableSection {TBODY} at (1,1) size 782x383
          RenderTableRow {TR} at (0,2) size 782x379
            RenderTableCell {TD} at (2,2) size 778x379 [border: (1px inset #808080)] [r=0 c=0 rs=1 cs=1]
              RenderTable {TABLE} at (2,2) size 774x375 [border: (3px solid #008000)]
                RenderBlock {CAPTION} at (0,0) size 406x27 [border: (3px solid #FFA500)]
                  RenderText {#text} at (89,4) size 227x19
                    text run at (89,4) width 227: "caption text caption text caption text"
                RenderTableSection {TBODY} at (3,30) size 768x342
                  RenderTableRow {TR} at (0,2) size 768x338
                    RenderTableCell {TD} at (2,2) size 764x338 [r=0 c=0 rs=1 cs=1]
                      RenderText {#text} at (1,2) size 740x334
                        text run at (1,2) width 740: "table text which should wrap table text which should wrap table text which should wrap table text which should wrap"
                        text run at (1,23) width 740: "table text which should wrap table text which should wrap table text which should wrap table text which should wrap"
                        text run at (1,44) width 740: "table text which should wrap table text which should wrap table text which should wrap table text which should wrap"
                        text run at (1,65) width 740: "table text which should wrap table text which should wrap table text which should wrap table text which should wrap"
                        text run at (1,86) width 740: "table text which should wrap table text which should wrap table text which should wrap table text which should wrap"
                        text run at (1,107) width 740: "table text which should wrap table text which should wrap table text which should wrap table text which should wrap"
                        text run at (1,128) width 740: "table text which should wrap table text which should wrap table text which should wrap table text which should wrap"
                        text run at (1,149) width 740: "table text which should wrap table text which should wrap table text which should wrap table text which should wrap"
                        text run at (1,170) width 740: "table text which should wrap table text which should wrap table text which should wrap table text which should wrap"
                        text run at (1,191) width 740: "table text which should wrap table text which should wrap table text which should wrap table text which should wrap"
                        text run at (1,212) width 736: "table text which should wrap table text which should wraptable text which should wrap table text which should wrap"
                        text run at (1,233) width 740: "table text which should wrap table text which should wrap table text which should wrap table text which should wrap"
                        text run at (1,254) width 740: "table text which should wrap table text which should wrap table text which should wrap table text which should wrap"
                        text run at (1,275) width 740: "table text which should wrap table text which should wrap table text which should wrap table text which should wrap"
                        text run at (1,296) width 740: "table text which should wrap table text which should wrap table text which should wrap table text which should wrap"
                        text run at (1,317) width 554: "table text which should wrap table text which should wrap table text which should wrap"
