layer at (0,0) size 800x600
  RenderView at (0,0) size 800x600
layer at (0,0) size 800x600
  RenderBlock {HTML} at (0,0) size 800x600
    RenderBody {BODY} at (8,8) size 784x584 [bgcolor=#FFFFFF]
      RenderTable {TABLE} at (0,0) size 784x165 [border: (3px solid #008000)]
        RenderBlock {CAPTION} at (0,0) size 778x27 [border: (3px solid #FFA500)]
          RenderText {#text} at (352,4) size 73x19
            text run at (352,4) width 73: "caption text"
        RenderTableSection {TBODY} at (3,30) size 778x132
          RenderTableRow {TR} at (0,2) size 778x128
            RenderTableCell {TD} at (2,2) size 774x128 [r=0 c=0 rs=1 cs=1]
              RenderText {#text} at (1,2) size 740x124
                text run at (1,2) width 740: "table text which should wrap table text which should wrap table text which should wrap table text which should wrap"
                text run at (1,23) width 740: "table text which should wrap table text which should wrap table text which should wrap table text which should wrap"
                text run at (1,44) width 740: "table text which should wrap table text which should wrap table text which should wrap table text which should wrap"
                text run at (1,65) width 740: "table text which should wrap table text which should wrap table text which should wrap table text which should wrap"
                text run at (1,86) width 740: "table text which should wrap table text which should wrap table text which should wrap table text which should wrap"
                text run at (1,107) width 182: "table text which should wrap"
