layer at (0,0) size 800x600
  RenderView at (0,0) size 800x600
layer at (0,0) size 800x600
  RenderBlock {HTML} at (0,0) size 800x600
    RenderBody {BODY} at (8,8) size 784x584
      RenderTable {TABLE} at (0,0) size 504x117 [border: (3px outset #808080)]
        RenderTableSection {TBODY} at (3,3) size 498x111
          RenderTableRow {TR} at (0,2) size 498x107
            RenderTableCell {TD} at (2,2) size 494x107 [border: (1px inset #808080)] [r=0 c=0 rs=1 cs=1]
              RenderTable {TABLE} at (2,2) size 500x103 [border: (2px outset #808080)]
                RenderTableSection {TBODY} at (2,2) size 496x99
                  RenderTableRow {TR} at (0,2) size 496x95
                    RenderTableCell {TD} at (2,2) size 400x95 [border: (1px inset #808080)] [r=0 c=0 rs=1 cs=1]
                      RenderTable {TABLE} at (11,11) size 378x73 [border: (1px outset #808080)]
                        RenderTableSection {TBODY} at (1,1) size 376x71
                          RenderTableRow {TR} at (0,2) size 376x67
                            RenderTableCell {TD} at (2,2) size 372x67 [border: (1px inset #808080)] [r=0 c=0 rs=1 cs=1]
                              RenderText {#text} at (2,3) size 362x61
                                text run at (2,3) width 360: "Have a tip or rumor to share? Just click on the icon and if"
                                text run at (2,24) width 362: "you get a BrowserWatch net.fame be sure and display the"
                                text run at (2,45) width 271: "icon on your own home page for all to see!"
                    RenderTableCell {TD} at (404,28) size 90x43 [border: (1px inset #808080)] [r=0 c=1 rs=1 cs=1]
                      RenderText {#text} at (11,12) size 21x19
                        text run at (11,12) width 21: "foo"
