layer at (0,0) size 800x600
  RenderView at (0,0) size 800x600
layer at (0,0) size 800x600
  RenderBlock {HTML} at (0,0) size 800x600
    RenderBody {BODY} at (8,8) size 784x584
      RenderTable {TABLE} at (0,0) size 259x243 [border: (1px outset #808080)]
        RenderTableSection {TBODY} at (1,1) size 257x241
          RenderTableRow {TR} at (0,2) size 257x25
            RenderTableCell {TD} at (2,12) size 41x4 [border: (1px inset #808080)] [r=0 c=0 rs=1 cs=1]
            RenderTableCell {TD} at (45,2) size 76x25 [border: (1px inset #808080)] [r=0 c=1 rs=1 cs=1]
              RenderText {#text} at (2,3) size 31x19
                text run at (2,3) width 31: "col 1"
            RenderTableCell {TD} at (123,2) size 54x25 [border: (1px inset #808080)] [r=0 c=2 rs=1 cs=1]
              RenderText {#text} at (2,3) size 31x19
                text run at (2,3) width 31: "col 2"
            RenderTableCell {TD} at (179,2) size 76x25 [border: (1px inset #808080)] [r=0 c=3 rs=1 cs=1]
              RenderText {#text} at (2,3) size 31x19
                text run at (2,3) width 31: "col 3"
          RenderTableRow {TR} at (0,29) size 257x25
            RenderTableCell {TD} at (2,29) size 41x25 [border: (1px inset #808080)] [r=1 c=0 rs=1 cs=1]
              RenderText {#text} at (2,3) size 37x19
                text run at (2,3) width 37: "row 1"
            RenderTableCell {TD} at (45,29) size 210x210 [border: (1px inset #808080)] [r=1 c=1 rs=3 cs=3]
              RenderBlock (floating) {DIV} at (2,2) size 206x206 [border: (3px solid #FF0000)]
                RenderText {#text} at (84,4) size 37x19
                  text run at (84,4) width 37: "tjosan"
          RenderTableRow {TR} at (0,56) size 257x50
            RenderTableCell {TD} at (2,68) size 41x25 [border: (1px inset #808080)] [r=2 c=0 rs=1 cs=1]
              RenderText {#text} at (2,3) size 37x19
                text run at (2,3) width 37: "row 2"
          RenderTableRow {TR} at (0,108) size 257x131
            RenderTableCell {TD} at (2,161) size 41x25 [border: (1px inset #808080)] [r=3 c=0 rs=1 cs=1]
              RenderText {#text} at (2,3) size 37x19
                text run at (2,3) width 37: "row 3"
      RenderBlock (anonymous) at (0,243) size 784x37
        RenderButton {INPUT} at (2,2) size 62x31 [bgcolor=#C0C0C0] [border: (2px outset #C0C0C0)]
          RenderBlock (anonymous) at (8,5) size 46x21
            RenderText at (0,1) size 46x19
              text run at (0,1) width 46: "expand"
        RenderText {#text} at (68,8) size 4x19
          text run at (68,8) width 4: " "
        RenderButton {INPUT} at (74,2) size 46x31 [bgcolor=#C0C0C0] [border: (2px outset #C0C0C0)]
          RenderBlock (anonymous) at (8,5) size 30x21
            RenderText at (0,1) size 30x19
              text run at (0,1) width 30: "sizes"
        RenderText {#text} at (0,0) size 0x0
