layer at (0,0) size 800x600
  RenderView at (0,0) size 800x600
layer at (0,0) size 800x600
  RenderBlock {HTML} at (0,0) size 800x600
    RenderBody {BODY} at (8,8) size 784x584
      RenderBlock {DIV} at (0,0) size 784x152
        RenderTable {TABLE} at (78,0) size 627x152 [bgcolor=#0000FF] [border: (1px outset #808080)]
          RenderTableSection {TBODY} at (1,1) size 625x150
            RenderTableRow {TR} at (0,2) size 625x146
              RenderTableCell {TD} at (2,2) size 621x146 [border: (1px inset #808080)] [r=0 c=0 rs=1 cs=1]
                RenderBlock (anonymous) at (2,2) size 617x21
                  RenderText {#text} at (0,1) size 41x19
                    text run at (0,1) width 41: "before"
                RenderTable {TABLE} at (2,23) size 617x100 [bgcolor=#FF0000] [border: (1px outset #808080)]
                  RenderTableSection {TBODY} at (1,1) size 615x98
                    RenderTableRow {TR} at (0,2) size 615x25
                      RenderTableCell {TD} at (2,2) size 385x25 [border: (1px inset #808080)] [r=0 c=0 rs=1 cs=1]
                        RenderText {#text} at (2,3) size 266x19
                          text run at (2,3) width 266: "This is some text. This is some text. Cell 1"
                      RenderTableCell {TD} at (389,2) size 224x25 [border: (1px inset #808080)] [r=0 c=1 rs=1 cs=1]
                        RenderText {#text} at (2,3) size 152x19
                          text run at (2,3) width 152: "This is some text. Cell 2"
                    RenderTableRow {TR} at (0,29) size 615x67
                      RenderTableCell {TD} at (2,29) size 611x67 [border: (1px inset #808080)] [r=1 c=0 rs=1 cs=2]
                        RenderText {#text} at (2,3) size 598x61
                          text run at (2,3) width 598: "This is some text. This is some text. This is some text. This is some text. This is some text. This"
                          text run at (2,24) width 580: "is some text. This is some text. This is some text. This is some text. This is some text. This is"
                          text run at (2,45) width 406: "some text. This is some text. This is some text. This is some text."
                RenderBlock (anonymous) at (2,123) size 617x21
                  RenderText {#text} at (0,1) size 28x19
                    text run at (0,1) width 28: "after"
