layer at (0,0) size 800x650
  RenderView at (0,0) size 800x600
layer at (0,0) size 800x650
  RenderBlock {HTML} at (0,0) size 800x650
    RenderBody {BODY} at (8,8) size 784x634
      RenderTable {TABLE} at (0,0) size 332x47 [border: (1px outset #808080)]
        RenderTableCol {COLGROUP} at (0,0) size 0x0
          RenderTableCol {COL} at (0,0) size 0x0
          RenderTableCol {COL} at (0,0) size 0x0
        RenderTableSection {TBODY} at (1,1) size 330x45
          RenderTableRow {TR} at (0,10) size 330x25
            RenderTableCell {TD} at (10,10) size 100x25 [border: (1px inset #808080)] [r=0 c=0 rs=1 cs=1]
              RenderText {#text} at (2,3) size 21x19
                text run at (2,3) width 21: "foo"
            RenderTableCell {TD} at (120,10) size 200x25 [border: (1px inset #808080)] [r=0 c=1 rs=1 cs=1]
              RenderText {#text} at (2,3) size 21x19
                text run at (2,3) width 21: "bar"
      RenderBlock (anonymous) at (0,47) size 784x21
        RenderBR {BR} at (0,1) size 0x19
      RenderTable {TABLE} at (0,68) size 400x27 [border: (1px outset #808080)]
        RenderTableCol {COLGROUP} at (0,0) size 0x0
          RenderTableCol {COL} at (0,0) size 0x0
          RenderTableCol {COL} at (0,0) size 0x0
        RenderTableSection {TBODY} at (1,1) size 398x25
          RenderTableRow {TR} at (0,0) size 398x25
            RenderTableCell {TD} at (0,0) size 133x25 [border: (1px inset #808080)] [r=0 c=0 rs=1 cs=1]
              RenderText {#text} at (2,3) size 21x19
                text run at (2,3) width 21: "foo"
            RenderTableCell {TD} at (133,0) size 265x25 [border: (1px inset #808080)] [r=0 c=1 rs=1 cs=1]
              RenderText {#text} at (2,3) size 21x19
                text run at (2,3) width 21: "bar"
      RenderBlock (anonymous) at (0,95) size 784x21
        RenderBR {BR} at (0,1) size 0x19
      RenderTable {TABLE} at (0,116) size 302x27 [border: (1px outset #808080)]
        RenderTableCol {COLGROUP} at (0,0) size 0x0
          RenderTableCol {COL} at (0,0) size 0x0
          RenderTableCol {COL} at (0,0) size 0x0
        RenderTableSection {TBODY} at (1,1) size 300x25
          RenderTableRow {TR} at (0,0) size 300x25
            RenderTableCell {TD} at (0,0) size 100x25 [border: (1px inset #808080)] [r=0 c=0 rs=1 cs=1]
              RenderText {#text} at (2,3) size 21x19
                text run at (2,3) width 21: "foo"
            RenderTableCell {TD} at (100,0) size 200x25 [border: (1px inset #808080)] [r=0 c=1 rs=1 cs=1]
              RenderText {#text} at (2,3) size 21x19
                text run at (2,3) width 21: "bar"
      RenderBlock (anonymous) at (0,143) size 784x21
        RenderBR {BR} at (0,1) size 0x19
      RenderTable {TABLE} at (0,164) size 336x47 [border: (1px outset #808080)]
        RenderTableCol {COLGROUP} at (0,0) size 0x0
          RenderTableCol {COL} at (0,0) size 0x0
        RenderTableSection {TBODY} at (1,1) size 334x45
          RenderTableRow {TR} at (0,10) size 334x25
            RenderTableCell {TD} at (10,10) size 100x25 [border: (1px inset #808080)] [r=0 c=0 rs=1 cs=1]
              RenderText {#text} at (2,3) size 21x19
                text run at (2,3) width 21: "foo"
            RenderTableCell {TD} at (120,10) size 204x25 [border: (1px inset #808080)] [r=0 c=1 rs=1 cs=1]
              RenderText {#text} at (2,3) size 21x19
                text run at (2,3) width 21: "bar"
      RenderBlock (anonymous) at (0,211) size 784x21
        RenderBR {BR} at (0,1) size 0x19
      RenderTable {TABLE} at (0,232) size 313x29 [border: (1px outset #808080)]
        RenderTableSection {TBODY} at (1,1) size 311x27
          RenderTableRow {TR} at (0,1) size 311x25
            RenderTableCell {TD} at (1,1) size 104x25 [border: (1px inset #808080)] [r=0 c=0 rs=1 cs=1]
              RenderText {#text} at (2,3) size 21x19
                text run at (2,3) width 21: "foo"
            RenderTableCell {TD} at (106,1) size 204x25 [border: (1px inset #808080)] [r=0 c=1 rs=1 cs=1]
              RenderText {#text} at (2,3) size 21x19
                text run at (2,3) width 21: "bar"
      RenderBlock (anonymous) at (0,261) size 784x21
        RenderBR {BR} at (0,1) size 0x19
      RenderTable {TABLE} at (0,282) size 784x112 [border: (1px outset #808080)]
        RenderTableSection {TBODY} at (1,1) size 782x110
          RenderTableRow {TR} at (0,20) size 782x25
            RenderTableCell {TD} at (20,20) size 301x25 [border: (1px inset #808080)] [r=0 c=0 rs=1 cs=2]
              RenderText {#text} at (2,3) size 21x19
                text run at (2,3) width 21: "foo"
            RenderTableCell {TD} at (341,20) size 421x25 [border: (1px inset #808080)] [r=0 c=2 rs=1 cs=1]
              RenderText {#text} at (2,3) size 21x19
                text run at (2,3) width 21: "bar"
          RenderTableRow {TR} at (0,65) size 782x25
            RenderTableCell {TD} at (20,65) size 141x25 [border: (1px inset #808080)] [r=1 c=0 rs=1 cs=1]
              RenderText {#text} at (2,3) size 21x19
                text run at (2,3) width 21: "foo"
            RenderTableCell {TD} at (181,65) size 140x25 [border: (1px inset #808080)] [r=1 c=1 rs=1 cs=1]
              RenderText {#text} at (2,3) size 21x19
                text run at (2,3) width 21: "bar"
            RenderTableCell {TD} at (341,65) size 421x25 [border: (1px inset #808080)] [r=1 c=2 rs=1 cs=1]
              RenderText {#text} at (2,3) size 21x19
                text run at (2,3) width 21: "bar"
      RenderBlock (anonymous) at (0,394) size 784x21
        RenderBR {BR} at (0,1) size 0x19
      RenderTable {TABLE} at (0,415) size 784x103 [border: (1px outset #808080)]
        RenderTableCol {COLGROUP} at (0,0) size 0x0
          RenderTableCol {COL} at (0,0) size 0x0
          RenderTableCol {COL} at (0,0) size 0x0
        RenderTableSection {TBODY} at (1,1) size 782x101
          RenderTableRow {TR} at (0,10) size 782x81
            RenderTableCell {TD} at (10,10) size 301x81 [border: (10px solid #000000)] [r=0 c=0 rs=1 cs=1]
              RenderText {#text} at (30,31) size 21x19
                text run at (30,31) width 21: "foo"
            RenderTableCell {TD} at (321,19) size 451x63 [border: (1px inset #808080)] [r=0 c=1 rs=1 cs=1]
              RenderText {#text} at (21,22) size 21x19
                text run at (21,22) width 21: "bar"
      RenderBlock (anonymous) at (0,518) size 784x21
        RenderBR {BR} at (0,1) size 0x19
      RenderTable {TABLE} at (0,539) size 100x47 [border: (1px outset #808080)]
        RenderTableCol {COLGROUP} at (0,0) size 0x0
          RenderTableCol {COL} at (0,0) size 0x0
          RenderTableCol {COL} at (0,0) size 0x0
        RenderTableSection {TBODY} at (1,1) size 98x45
          RenderTableRow {TR} at (0,10) size 98x25
            RenderTableCell {TD} at (10,10) size 16x25 [border: (1px inset #808080)] [r=0 c=0 rs=1 cs=1]
              RenderText {#text} at (2,3) size 21x19
                text run at (2,3) width 21: "foo"
            RenderTableCell {TD} at (36,10) size 22x25 [border: (1px inset #808080)] [r=0 c=1 rs=1 cs=1]
              RenderText {#text} at (2,3) size 21x19
                text run at (2,3) width 21: "foo"
            RenderTableCell {TD} at (68,10) size 20x25 [border: (1px inset #808080)] [r=0 c=2 rs=1 cs=1]
              RenderText {#text} at (2,3) size 21x19
                text run at (2,3) width 21: "foo"
      RenderBlock (anonymous) at (0,586) size 784x21
        RenderBR {BR} at (0,1) size 0x19
      RenderTable {TABLE} at (0,607) size 302x27 [border: (1px outset #808080)]
        RenderTableCol {COLGROUP} at (0,0) size 0x0
          RenderTableCol {COL} at (0,0) size 0x0
          RenderTableCol {COL} at (0,0) size 0x0
        RenderTableSection {TBODY} at (1,1) size 300x25
          RenderTableRow {TR} at (0,0) size 300x25
            RenderTableCell {TD} at (0,0) size 100x25 [border: (1px inset #808080)] [r=0 c=0 rs=1 cs=1]
              RenderText {#text} at (2,3) size 21x19
                text run at (2,3) width 21: "foo"
            RenderTableCell {TD} at (100,0) size 200x25 [border: (1px inset #808080)] [r=0 c=1 rs=1 cs=1]
              RenderText {#text} at (2,3) size 21x19
                text run at (2,3) width 21: "bar"
