layer at (0,0) size 800x600
  RenderView at (0,0) size 800x600
layer at (0,0) size 800x600
  RenderBlock {HTML} at (0,0) size 800x600
    RenderBody {BODY} at (8,8) size 784x584
      RenderBlock {P} at (0,0) size 784x63
        RenderText {#text} at (0,1) size 778x61
          text run at (0,1) width 778: "This table contains an <applet> that will not load -- you can see the space get allocated and then reflow. Notice that the final"
          text run at (0,22) width 594: "table is clipped on the right hand side -- try shrinking the window and notice how the clipping "
          text run at (594,22) width 168: "increases. (I couldn't really"
          text run at (0,43) width 298: "simplify this further without losing some of the "
          text run at (298,43) width 112: "original 'flavour'.)"
      RenderBlock (anonymous) at (0,79) size 784x21
        RenderBR {BR} at (0,1) size 0x19
      RenderTable {TABLE} at (0,100) size 780x152 [border: (1px outset #808080)]
        RenderTableSection {TBODY} at (1,1) size 778x150
          RenderTableRow {TR} at (0,2) size 778x146
            RenderTableCell {TD} at (2,2) size 774x146 [border: (1px inset #808080)] [r=0 c=0 rs=1 cs=1]
              RenderTable {TABLE} at (2,2) size 770x142 [border: (1px outset #808080)]
                RenderTableSection {TBODY} at (1,1) size 768x140
                  RenderTableRow {TR} at (0,2) size 768x74
                    RenderTableCell {TD} at (2,2) size 764x74 [border: (1px inset #808080)] [r=0 c=0 rs=1 cs=1]
                      RenderTable {TABLE} at (376,2) size 12x12 [border: (2px outset #808080)]
                        RenderTableSection {TBODY} at (2,2) size 8x8
                          RenderTableRow {TR} at (0,2) size 8x4
                            RenderTableCell {TD} at (2,2) size 4x4 [border: (1px inset #808080)] [r=0 c=0 rs=1 cs=1]
                              RenderInline {APPLET} at (0,0) size 0x0
                                RenderText {#text} at (0,0) size 0x0
                                RenderText {#text} at (0,0) size 0x0
                              RenderText {#text} at (0,0) size 0x0
                      RenderBlock {P} at (2,30) size 760x42
                        RenderText {#text} at (0,1) size 726x40
                          text run at (0,1) width 423: "The Porto Elounda Mare is built on the sea front, on a 110,000 m2 "
                          text run at (423,1) width 303: "plot of land with a 150 meter long private sandy"
                          text run at (0,22) width 144: "beach. The view from "
                          text run at (144,22) width 381: "decorated with antique and contemporary furniture and rugs."
                  RenderTableRow {TR} at (0,78) size 768x60
                    RenderTableCell {TD} at (2,78) size 764x60 [border: (1px inset #808080)] [r=1 c=0 rs=1 cs=1]
                      RenderTable {TABLE} at (2,2) size 760x56 [border: (1px outset #808080)]
                        RenderTableSection {TBODY} at (1,1) size 758x54
                          RenderTableRow {TR} at (0,0) size 758x54
                            RenderTableCell {TD} at (0,10) size 305x33 [border: (1px inset #808080)] [r=0 c=0 rs=1 cs=1]
                              RenderText {#text} at (6,7) size 293x19
                                text run at (6,7) width 136: "99 Rates in Drahmas "
                                text run at (142,7) width 123: "Per Person on H/B "
                                text run at (265,7) width 34: "Basis"
                            RenderTableCell {TD} at (305,0) size 101x54 [border: (1px inset #808080)] [r=0 c=1 rs=1 cs=1]
                              RenderText {#text} at (6,7) size 89x19
                                text run at (6,7) width 89: "27/03 - 30/04 "
                              RenderBR {BR} at (95,22) size 0x0
                              RenderText {#text} at (6,28) size 85x19
                                text run at (6,28) width 85: "16/10 - 31/10"
                            RenderTableCell {TD} at (406,10) size 174x33 [border: (1px inset #808080)] [r=0 c=2 rs=1 cs=1]
                              RenderText {#text} at (6,7) size 162x19
                                text run at (6,7) width 162: "01/5- 21/5 & 2/10 - 15/10"
                            RenderTableCell {TD} at (580,0) size 89x54 [border: (1px inset #808080)] [r=0 c=3 rs=1 cs=1]
                              RenderText {#text} at (6,7) size 77x19
                                text run at (6,7) width 77: "22/5 - 16/07"
                              RenderBR {BR} at (83,22) size 0x0
                              RenderText {#text} at (6,28) size 77x19
                                text run at (6,28) width 77: "28/8 - 01/10"
                            RenderTableCell {TD} at (669,10) size 89x33 [border: (1px inset #808080)] [r=0 c=4 rs=1 cs=1]
                              RenderText {#text} at (6,7) size 77x19
                                text run at (6,7) width 77: "17/07 - 27/8"
      RenderBlock (anonymous) at (0,252) size 784x21
        RenderBR {BR} at (0,1) size 0x19
      RenderBlock {P} at (0,289) size 784x21
        RenderText {#text} at (0,1) size 536x19
          text run at (0,1) width 416: "This table repeats the previous table, but removes the 'bad applet'. "
          text run at (416,1) width 120: "Table lays out OK."
      RenderBlock (anonymous) at (0,326) size 784x21
        RenderBR {BR} at (0,1) size 0x19
      RenderTable {TABLE} at (0,347) size 780x173 [border: (1px outset #808080)]
        RenderTableSection {TBODY} at (1,1) size 778x171
          RenderTableRow {TR} at (0,2) size 778x167
            RenderTableCell {TD} at (2,2) size 774x167 [border: (1px inset #808080)] [r=0 c=0 rs=1 cs=1]
              RenderTable {TABLE} at (2,2) size 770x163 [border: (1px outset #808080)]
                RenderTableSection {TBODY} at (1,1) size 768x161
                  RenderTableRow {TR} at (0,2) size 768x95
                    RenderTableCell {TD} at (2,2) size 764x95 [border: (1px inset #808080)] [r=0 c=0 rs=1 cs=1]
                      RenderTable {TABLE} at (327,2) size 110x33 [border: (2px outset #808080)]
                        RenderTableSection {TBODY} at (2,2) size 106x29
                          RenderTableRow {TR} at (0,2) size 106x25
                            RenderTableCell {TD} at (2,2) size 102x25 [border: (1px inset #808080)] [r=0 c=0 rs=1 cs=1]
                              RenderText {#text} at (2,3) size 98x19
                                text run at (2,3) width 98: "applet was here"
                      RenderBlock {P} at (2,51) size 760x42
                        RenderText {#text} at (0,1) size 726x40
                          text run at (0,1) width 423: "The Porto Elounda Mare is built on the sea front, on a 110,000 m2 "
                          text run at (423,1) width 303: "plot of land with a 150 meter long private sandy"
                          text run at (0,22) width 144: "beach. The view from "
                          text run at (144,22) width 381: "decorated with antique and contemporary furniture and rugs."
                  RenderTableRow {TR} at (0,99) size 768x60
                    RenderTableCell {TD} at (2,99) size 764x60 [border: (1px inset #808080)] [r=1 c=0 rs=1 cs=1]
                      RenderTable {TABLE} at (2,2) size 760x56 [border: (1px outset #808080)]
                        RenderTableSection {TBODY} at (1,1) size 758x54
                          RenderTableRow {TR} at (0,0) size 758x54
                            RenderTableCell {TD} at (0,10) size 305x33 [border: (1px inset #808080)] [r=0 c=0 rs=1 cs=1]
                              RenderText {#text} at (6,7) size 293x19
                                text run at (6,7) width 136: "99 Rates in Drahmas "
                                text run at (142,7) width 123: "Per Person on H/B "
                                text run at (265,7) width 34: "Basis"
                            RenderTableCell {TD} at (305,0) size 101x54 [border: (1px inset #808080)] [r=0 c=1 rs=1 cs=1]
                              RenderText {#text} at (6,7) size 89x19
                                text run at (6,7) width 89: "27/03 - 30/04 "
                              RenderBR {BR} at (95,22) size 0x0
                              RenderText {#text} at (6,28) size 85x19
                                text run at (6,28) width 85: "16/10 - 31/10"
                            RenderTableCell {TD} at (406,10) size 174x33 [border: (1px inset #808080)] [r=0 c=2 rs=1 cs=1]
                              RenderText {#text} at (6,7) size 162x19
                                text run at (6,7) width 162: "01/5- 21/5 & 2/10 - 15/10"
                            RenderTableCell {TD} at (580,0) size 89x54 [border: (1px inset #808080)] [r=0 c=3 rs=1 cs=1]
                              RenderText {#text} at (6,7) size 77x19
                                text run at (6,7) width 77: "22/5 - 16/07"
                              RenderBR {BR} at (83,22) size 0x0
                              RenderText {#text} at (6,28) size 77x19
                                text run at (6,28) width 77: "28/8 - 01/10"
                            RenderTableCell {TD} at (669,10) size 89x33 [border: (1px inset #808080)] [r=0 c=4 rs=1 cs=1]
                              RenderText {#text} at (6,7) size 77x19
                                text run at (6,7) width 77: "17/07 - 27/8"
