layer at (0,0) size 800x600
  RenderView at (0,0) size 800x600
layer at (0,0) size 800x600
  RenderBlock {HTML} at (0,0) size 800x600
    RenderBody {BODY} at (8,8) size 784x576
      RenderBlock {FORM} at (0,0) size 784x107
        RenderTable {TABLE} at (0,0) size 346x107 [border: (1px outset #808080)]
          RenderTableSection {TBODY} at (1,1) size 344x105
            RenderTableRow {TR} at (0,2) size 344x101
              RenderTableCell {TD} at (2,2) size 340x101 [border: (1px inset #808080)] [r=0 c=0 rs=1 cs=1]
                RenderTable {TABLE} at (2,2) size 336x97 [border: (2px outset #808080)]
                  RenderTableSection {TBODY} at (2,2) size 332x93
                    RenderTableRow {TR} at (0,2) size 332x46
                      RenderTableCell {TD} at (2,2) size 95x46 [border: (1px inset #808080)] [r=0 c=0 rs=1 cs=1]
                        RenderText {#text} at (2,3) size 57x40
                          text run at (2,3) width 53: "Member"
                          text run at (2,24) width 57: "Number:"
                      RenderTableCell {TD} at (99,4) size 225x41 [border: (1px inset #808080)] [r=0 c=1 rs=1 cs=1]
                        RenderTextControl {INPUT} at (4,4) size 192x31 [bgcolor=#FFFFFF] [border: (2px inset #000000)]
                        RenderText {#text} at (0,0) size 0x0
                    RenderTableRow {TR} at (0,50) size 332x41
                      RenderTableCell {TD} at (2,58) size 95x25 [border: (1px inset #808080)] [r=1 c=0 rs=1 cs=1]
                        RenderText {#text} at (2,3) size 30x19
                          text run at (2,3) width 30: "PIN:"
                      RenderTableCell {TD} at (99,50) size 225x41 [border: (1px inset #808080)] [r=1 c=1 rs=1 cs=1]
                        RenderTextControl {INPUT} at (4,4) size 192x31 [bgcolor=#FFFFFF] [border: (2px inset #000000)]
                        RenderText {#text} at (0,0) size 0x0
                      RenderTableCell {TD} at (326,68) size 4x4 [border: (1px inset #808080)] [r=1 c=2 rs=1 cs=1]
layer at (121,28) size 186x21
  RenderBlock {DIV} at (3,5) size 186x21
layer at (121,74) size 186x21
  RenderBlock {DIV} at (3,5) size 186x21
