layer at (0,0) size 800x1433
  RenderView at (0,0) size 800x600
layer at (0,0) size 800x1433
  RenderBlock {HTML} at (0,0) size 800x1433
    RenderBody {BODY} at (8,17) size 784x1408 [color=#00FF00] [bgcolor=#333333]
      RenderBlock {H1} at (0,0) size 784x32
        RenderText {#text} at (0,0) size 528x32
          text run at (0,0) width 528: "CSS2 Table Backgrounds Test Suite"
      RenderBlock {H2} at (0,49) size 784x24
        RenderText {#text} at (0,0) size 324x24
          text run at (0,0) width 324: "Part B: Background Position"
      RenderBlock {H3} at (0,89) size 784x18
        RenderText {#text} at (0,0) size 225x18
          text run at (0,0) width 225: "Background on 'table-row'"
      RenderBlock {P} at (0,122) size 784x17
        RenderText {#text} at (0,0) size 176x17
          text run at (0,0) width 176: "Three rows are styled."
      RenderBlock {P} at (0,152) size 784x51
        RenderText {#text} at (0,0) size 776x51
          text run at (0,0) width 488: "The first row should have three aqua stripes just inside the "
          text run at (488,0) width 288: "bottom and right border edges of its"
          text run at (0,17) width 224: "last cell. The bottom three "
          text run at (224,17) width 528: "stripes should continue across the row, appearing along the border"
          text run at (0,34) width 144: "edge of each cell."
      RenderBlock {P} at (0,216) size 784x51
        RenderText {#text} at (0,0) size 784x51
          text run at (0,0) width 480: "The second row should have three vertical aqua stripes just "
          text run at (480,0) width 304: "inside the left border edge of the top"
          text run at (0,17) width 232: "half of the first cell (Cell "
          text run at (232,17) width 520: "E.) Three horizontal aqua stripes should cut across that cell and"
          text run at (0,34) width 472: "align along the bottom border edge of the last three cells."
      RenderBlock {P} at (0,280) size 784x34
        RenderText {#text} at (0,0) size 744x34
          text run at (0,0) width 528: "The third row should have three horizontal aqua stripes along the "
          text run at (528,0) width 216: "top border edge of the last"
          text run at (0,17) width 184: "three cells in the row."
      RenderBlock {DL} at (0,327) size 784x102
        RenderBlock {DT} at (0,0) size 784x17
          RenderText {#text} at (0,0) size 32x17
            text run at (0,0) width 32: "next"
        RenderBlock {DD} at (40,17) size 744x17
          RenderInline {A} at (0,0) size 392x17 [color=#FFFF00]
            RenderText {#text} at (0,0) size 392x17
              text run at (0,0) width 392: "Background Position: Background on 'table-column'"
          RenderText {#text} at (0,0) size 0x0
        RenderBlock {DT} at (0,34) size 784x17
          RenderText {#text} at (0,0) size 64x17
            text run at (0,0) width 64: "previous"
        RenderBlock {DD} at (40,51) size 744x17
          RenderInline {A} at (0,0) size 440x17 [color=#FFFF00]
            RenderText {#text} at (0,0) size 440x17
              text run at (0,0) width 440: "Background Position: Background on 'table-column-group'"
          RenderText {#text} at (0,0) size 0x0
        RenderBlock {DT} at (0,68) size 784x17
          RenderText {#text} at (0,0) size 64x17
            text run at (0,0) width 64: "contents"
        RenderBlock {DD} at (40,85) size 744x17
          RenderInline {A} at (0,0) size 136x17 [color=#FFFF00]
            RenderText {#text} at (0,0) size 136x17
              text run at (0,0) width 136: "Table of Contents"
          RenderText {#text} at (0,0) size 0x0
      RenderTable {TABLE} at (0,442) size 618x481 [color=#FFFFFF] [border: (1px dotted #FFFFFF)]
        RenderBlock {CAPTION} at (0,0) size 616x23
          RenderText {#text} at (136,0) size 343x23
            text run at (136,0) width 343: "With 'border-collapse: separate'"
        RenderTableCol {COLGROUP} at (0,0) size 0x0
          RenderTableCol {COL} at (0,0) size 0x0
          RenderTableCol {COL} at (0,0) size 0x0
          RenderTableCol {COL} at (0,0) size 0x0
        RenderTableCol {COLGROUP} at (0,0) size 0x0
          RenderTableCol {COL} at (0,0) size 0x0
        RenderTableSection {THEAD} at (1,24) size 616x114
          RenderTableRow {TR} at (0,7) size 616x100 [bgcolor=#000000]
            RenderTableCell {TH} at (7,43) size 130x27 [border: (1px dotted #FFFFFF)] [r=0 c=0 rs=1 cs=1]
              RenderText {#text} at (42,2) size 45x23
                text run at (42,2) width 45: "TH A"
            RenderTableCell {TH} at (144,31) size 220x51 [border: (13px dotted #FFFFFF)] [r=0 c=1 rs=1 cs=1]
              RenderText {#text} at (87,14) size 45x23
                text run at (87,14) width 45: "TH B"
            RenderTableCell {TH} at (371,43) size 118x27 [border: (1px dotted #FFFFFF)] [r=0 c=2 rs=1 cs=1]
              RenderText {#text} at (36,2) size 45x23
                text run at (36,2) width 45: "TH C"
            RenderTableCell {TH} at (496,43) size 113x27 [border: (1px dotted #FFFFFF)] [r=0 c=3 rs=1 cs=1]
              RenderText {#text} at (33,2) size 46x23
                text run at (33,2) width 46: "TH D"
        RenderTableSection {TFOOT} at (1,351) size 616x129
          RenderTableRow {TR} at (0,7) size 616x115
            RenderTableCell {TD} at (7,51) size 357x27 [border: (1px dotted #FFFFFF)] [r=0 c=0 rs=1 cs=2]
              RenderText {#text} at (2,2) size 53x23
                text run at (2,2) width 53: "TD M"
            RenderTableCell {TD} at (371,51) size 118x27 [border: (1px dotted #FFFFFF)] [r=0 c=2 rs=1 cs=1]
              RenderText {#text} at (2,2) size 51x23
                text run at (2,2) width 51: "TD O"
            RenderTableCell {TD} at (496,51) size 113x27 [border: (1px dotted #FFFFFF)] [r=0 c=3 rs=1 cs=1]
              RenderText {#text} at (2,2) size 49x23
                text run at (2,2) width 49: "TD P"
        RenderTableSection {TBODY} at (1,138) size 616x213
          RenderTableRow {TR} at (0,7) size 616x108 [bgcolor=#000000]
            RenderTableCell {TD} at (7,81) size 130x51 [border: (13px dotted #FFFFFF)] [r=0 c=0 rs=2 cs=1]
              RenderText {#text} at (14,14) size 48x23
                text run at (14,14) width 48: "TD E"
            RenderTableCell {TD} at (144,47) size 220x27 [border: (1px dotted #FFFFFF)] [r=0 c=1 rs=1 cs=1]
              RenderText {#text} at (2,2) size 48x23
                text run at (2,2) width 48: "TD F"
            RenderTableCell {TD} at (371,47) size 118x27 [border: (1px dotted #FFFFFF)] [r=0 c=2 rs=1 cs=1]
              RenderText {#text} at (2,2) size 50x23
                text run at (2,2) width 50: "TD G"
            RenderTableCell {TD} at (496,47) size 113x27 [border: (1px dotted #FFFFFF)] [r=0 c=3 rs=1 cs=1]
              RenderText {#text} at (2,2) size 50x23
                text run at (2,2) width 50: "TD H"
          RenderTableRow {TR} at (0,122) size 616x84 [bgcolor=#000000]
            RenderTableCell {TD} at (144,150) size 220x27 [border: (1px dotted #FFFFFF)] [r=1 c=1 rs=1 cs=1]
              RenderText {#text} at (2,2) size 43x23
                text run at (2,2) width 43: "TD J"
            RenderTableCell {TD} at (371,150) size 118x27 [border: (1px dotted #FFFFFF)] [r=1 c=2 rs=1 cs=1]
              RenderText {#text} at (2,2) size 49x23
                text run at (2,2) width 49: "TD K"
            RenderTableCell {TD} at (496,150) size 113x27 [border: (1px dotted #FFFFFF)] [r=1 c=3 rs=1 cs=1]
              RenderText {#text} at (2,2) size 47x23
                text run at (2,2) width 47: "TD L"
      RenderTable {TABLE} at (0,923) size 578x433 [color=#FFFFFF] [border: (6px dotted #FFFFFF)]
        RenderBlock {CAPTION} at (0,0) size 577x23
          RenderText {#text} at (120,0) size 337x23
            text run at (120,0) width 337: "With 'border-collapse: collapse'"
        RenderTableCol {COLGROUP} at (0,0) size 0x0
          RenderTableCol {COL} at (0,0) size 0x0
          RenderTableCol {COL} at (0,0) size 0x0
          RenderTableCol {COL} at (0,0) size 0x0
        RenderTableCol {COLGROUP} at (0,0) size 0x0
          RenderTableCol {COL} at (0,0) size 0x0
        RenderTableSection {THEAD} at (0,29) size 577x99
          RenderTableRow {TR} at (0,0) size 577x99 [bgcolor=#000000]
            RenderTableCell {TH} at (0,33) size 135x32 [border: (1px dotted #FFFFFF)] [r=0 c=0 rs=1 cs=1]
              RenderText {#text} at (42,2) size 45x23
                text run at (42,2) width 45: "TH A"
            RenderTableCell {TH} at (135,30) size 207x38 [border: (7px dotted #FFFFFF)] [r=0 c=1 rs=1 cs=1]
              RenderText {#text} at (81,8) size 45x23
                text run at (81,8) width 45: "TH B"
            RenderTableCell {TH} at (342,36) size 123x26 [border: (1px dotted #FFFFFF)] [r=0 c=2 rs=1 cs=1]
              RenderText {#text} at (42,2) size 45x23
                text run at (42,2) width 45: "TH C"
            RenderTableCell {TH} at (465,36) size 112x26 [border: (1px dotted #FFFFFF)] [r=0 c=3 rs=1 cs=1]
              RenderText {#text} at (33,2) size 46x23
                text run at (33,2) width 46: "TH D"
        RenderTableSection {TFOOT} at (0,318) size 577x114
          RenderTableRow {TR} at (0,0) size 577x114
            RenderTableCell {TD} at (0,41) size 342x32 [border: (7px dotted #FFFFFF)] [r=0 c=0 rs=1 cs=2]
              RenderText {#text} at (2,8) size 53x23
                text run at (2,8) width 53: "TD M"
            RenderTableCell {TD} at (342,44) size 123x26 [border: (1px dotted #FFFFFF)] [r=0 c=2 rs=1 cs=1]
              RenderText {#text} at (2,2) size 51x23
                text run at (2,2) width 51: "TD O"
            RenderTableCell {TD} at (465,44) size 112x26 [border: (1px dotted #FFFFFF)] [r=0 c=3 rs=1 cs=1]
              RenderText {#text} at (2,2) size 49x23
                text run at (2,2) width 49: "TD P"
        RenderTableSection {TBODY} at (0,128) size 577x190
          RenderTableRow {TR} at (0,0) size 577x107 [bgcolor=#000000]
            RenderTableCell {TD} at (0,76) size 135x38 [border: (7px dotted #FFFFFF)] [r=0 c=0 rs=2 cs=1]
              RenderText {#text} at (8,8) size 48x23
                text run at (8,8) width 48: "TD E"
            RenderTableCell {TD} at (135,37) size 207x32 [border: (7px dotted #FFFFFF)] [r=0 c=1 rs=1 cs=1]
              RenderText {#text} at (8,8) size 48x23
                text run at (8,8) width 48: "TD F"
            RenderTableCell {TD} at (342,40) size 123x26 [border: (1px dotted #FFFFFF)] [r=0 c=2 rs=1 cs=1]
              RenderText {#text} at (2,2) size 50x23
                text run at (2,2) width 50: "TD G"
            RenderTableCell {TD} at (465,40) size 112x26 [border: (1px dotted #FFFFFF)] [r=0 c=3 rs=1 cs=1]
              RenderText {#text} at (2,2) size 50x23
                text run at (2,2) width 50: "TD H"
          RenderTableRow {TR} at (0,107) size 577x83 [bgcolor=#000000]
            RenderTableCell {TD} at (135,135) size 207x26 [border: (1px dotted #FFFFFF)] [r=1 c=1 rs=1 cs=1]
              RenderText {#text} at (8,2) size 43x23
                text run at (8,2) width 43: "TD J"
            RenderTableCell {TD} at (342,135) size 123x26 [border: (1px dotted #FFFFFF)] [r=1 c=2 rs=1 cs=1]
              RenderText {#text} at (2,2) size 49x23
                text run at (2,2) width 49: "TD K"
            RenderTableCell {TD} at (465,135) size 112x26 [border: (1px dotted #FFFFFF)] [r=1 c=3 rs=1 cs=1]
              RenderText {#text} at (2,2) size 47x23
                text run at (2,2) width 47: "TD L"
      RenderBlock {DIV} at (0,1356) size 784x35
        RenderInline {A} at (0,0) size 88x17 [color=#FFFF00]
          RenderImage {IMG} at (0,0) size 88x31
        RenderText {#text} at (0,0) size 0x0
      RenderBlock {ADDRESS} at (0,1391) size 784x17
        RenderText {#text} at (0,0) size 704x17
          text run at (0,0) width 704: "CSS2 Table Backgrounds Test Suite designed and written by fantasai <fantasai@escape.com>"
