layer at (0,0) size 800x600
  RenderView at (0,0) size 800x600
layer at (0,0) size 800x147
  RenderBlock {html} at (0,0) size 800x147
    RenderBody {body} at (8,16) size 784x123
      RenderBlock {p} at (0,0) size 784x17
        RenderText {#text} at (0,0) size 611x17
          text run at (0,0) width 475: "Only the left side of the frame surrounding the table below "
          text run at (475,0) width 136: "should be visible."
      RenderTable {table} at (0,33) size 195x90 [border: none (1px solid #808080)]
        RenderTableCol {colgroup} at (0,0) size 0x0
          RenderTableCol {col} at (0,0) size 0x0
        RenderTableCol {colgroup} at (0,0) size 0x0
          RenderTableCol {col} at (0,0) size 0x0
        RenderTableCol {colgroup} at (0,0) size 0x0
          RenderTableCol {col} at (0,0) size 0x0
        RenderTableSection {thead} at (1,0) size 194x23
          RenderTableRow {tr} at (0,2) size 194x19
            RenderTableCell {th} at (2,2) size 62x19 [r=0 c=0 rs=1 cs=1]
              RenderText {#text} at (1,1) size 60x17
                text run at (1,1) width 60: "THEAD"
            RenderTableCell {th} at (66,2) size 62x19 [r=0 c=1 rs=1 cs=1]
              RenderText {#text} at (1,1) size 60x17
                text run at (1,1) width 60: "THEAD"
            RenderTableCell {th} at (130,2) size 62x19 [r=0 c=2 rs=1 cs=1]
              RenderText {#text} at (1,1) size 60x17
                text run at (1,1) width 60: "THEAD"
        RenderTableSection {tfoot} at (1,67) size 194x23
          RenderTableRow {tr} at (0,2) size 194x19
            RenderTableCell {td} at (2,2) size 62x19 [r=0 c=0 rs=1 cs=1]
              RenderText {#text} at (1,1) size 56x17
                text run at (1,1) width 56: "TFOOT"
            RenderTableCell {td} at (66,2) size 62x19 [r=0 c=1 rs=1 cs=1]
              RenderText {#text} at (1,1) size 56x17
                text run at (1,1) width 56: "TFOOT"
            RenderTableCell {td} at (130,2) size 62x19 [r=0 c=2 rs=1 cs=1]
              RenderText {#text} at (1,1) size 56x17
                text run at (1,1) width 56: "TFOOT"
        RenderTableSection {tbody} at (1,23) size 194x44
          RenderTableRow {tr} at (0,2) size 194x19
            RenderTableCell {td} at (2,2) size 62x19 [r=0 c=0 rs=1 cs=1]
              RenderText {#text} at (1,1) size 56x17
                text run at (1,1) width 56: "TBODY"
            RenderTableCell {td} at (66,2) size 62x19 [r=0 c=1 rs=1 cs=1]
              RenderText {#text} at (1,1) size 56x17
                text run at (1,1) width 56: "TBODY"
            RenderTableCell {td} at (130,2) size 62x19 [r=0 c=2 rs=1 cs=1]
              RenderText {#text} at (1,1) size 56x17
                text run at (1,1) width 56: "TBODY"
          RenderTableRow {tr} at (0,23) size 194x19
            RenderTableCell {td} at (2,23) size 62x19 [r=1 c=0 rs=1 cs=1]
              RenderText {#text} at (1,1) size 56x17
                text run at (1,1) width 56: "TBODY"
            RenderTableCell {td} at (66,23) size 62x19 [r=1 c=1 rs=1 cs=1]
              RenderText {#text} at (1,1) size 56x17
                text run at (1,1) width 56: "TBODY"
            RenderTableCell {td} at (130,23) size 62x19 [r=1 c=2 rs=1 cs=1]
              RenderText {#text} at (1,1) size 56x17
                text run at (1,1) width 56: "TBODY"
