layer at (0,0) size 800x2266
  RenderView at (0,0) size 800x600
layer at (0,0) size 800x2266
  RenderBlock {HTML} at (0,0) size 800x2266
    RenderBody {BODY} at (8,21) size 784x2237
      RenderBlock {H1} at (0,0) size 784x33
        RenderText {#text} at (0,0) size 648x33
          text run at (0,0) width 648: "Problems with COLSPAN and WIDTH"
      RenderBlock {P} at (0,54) size 784x17
        RenderText {#text} at (0,0) size 319x17
          text run at (0,0) width 319: "Each block of tables should be identical."
      RenderBlock {H2} at (0,90) size 784x25
        RenderText {#text} at (0,0) size 164x25
          text run at (0,0) width 164: "Sized Tables"
      RenderBlock {P} at (0,134) size 784x34
        RenderText {#text} at (0,0) size 760x34
          text run at (0,0) width 760: "The following tables have width=400, which should make them the same width as the red lines"
          text run at (0,17) width 210: "which are caused by DIVs:"
      RenderBlock {H3} at (0,186) size 784x20
        RenderText {#text} at (0,0) size 85x20
          text run at (0,0) width 85: "260/140"
      RenderBlock {DIV} at (0,224) size 406x6 [border: (3px solid #FF0000)]
      RenderTable {TABLE} at (0,230) size 400x44
        RenderTableSection {TBODY} at (0,0) size 400x44
          RenderTableRow {TR} at (0,2) size 400x19
            RenderTableCell {TD} at (2,2) size 252x19 [bgcolor=#00FF00] [r=0 c=0 rs=1 cs=1]
              RenderText {#text} at (1,1) size 38x17
                text run at (1,1) width 38: "plain"
            RenderTableCell {TD} at (256,2) size 142x19 [bgcolor=#FFFF00] [r=0 c=1 rs=1 cs=1]
              RenderText {#text} at (1,1) size 86x17
                text run at (1,1) width 86: "width=140"
          RenderTableRow {TR} at (0,23) size 400x19
            RenderTableCell {TD} at (2,23) size 396x19 [bgcolor=#FF00FF] [r=1 c=0 rs=1 cs=2]
              RenderText {#text} at (1,1) size 175x17
                text run at (1,1) width 175: "colspan=2 width=400"
      RenderBlock {DIV} at (0,274) size 406x6 [border: (3px solid #FF0000)]
      RenderTable {TABLE} at (0,280) size 400x44
        RenderTableSection {TBODY} at (0,0) size 400x44
          RenderTableRow {TR} at (0,2) size 400x19
            RenderTableCell {TD} at (2,2) size 262x19 [bgcolor=#00FF00] [r=0 c=0 rs=1 cs=1]
              RenderText {#text} at (1,1) size 86x17
                text run at (1,1) width 86: "width=260"
            RenderTableCell {TD} at (266,2) size 132x19 [bgcolor=#FFFF00] [r=0 c=1 rs=1 cs=1]
              RenderText {#text} at (1,1) size 38x17
                text run at (1,1) width 38: "plain"
          RenderTableRow {TR} at (0,23) size 400x19
            RenderTableCell {TD} at (2,23) size 396x19 [bgcolor=#FF00FF] [r=1 c=0 rs=1 cs=2]
              RenderText {#text} at (1,1) size 175x17
                text run at (1,1) width 175: "colspan=2 width=400"
      RenderBlock {DIV} at (0,324) size 406x6 [border: (3px solid #FF0000)]
      RenderTable {TABLE} at (0,330) size 400x44
        RenderTableSection {TBODY} at (0,0) size 400x44
          RenderTableRow {TR} at (0,2) size 400x19
            RenderTableCell {TD} at (2,2) size 254x19 [bgcolor=#00FF00] [r=0 c=0 rs=1 cs=1]
              RenderText {#text} at (1,1) size 86x17
                text run at (1,1) width 86: "width=260"
            RenderTableCell {TD} at (258,2) size 140x19 [bgcolor=#FFFF00] [r=0 c=1 rs=1 cs=1]
              RenderText {#text} at (1,1) size 86x17
                text run at (1,1) width 86: "width=140"
          RenderTableRow {TR} at (0,23) size 400x19
            RenderTableCell {TD} at (2,23) size 396x19 [bgcolor=#FF00FF] [r=1 c=0 rs=1 cs=2]
              RenderText {#text} at (1,1) size 175x17
                text run at (1,1) width 175: "colspan=2 width=400"
      RenderBlock {DIV} at (0,374) size 406x6 [border: (3px solid #FF0000)]
      RenderTable {TABLE} at (0,380) size 400x44
        RenderTableSection {TBODY} at (0,0) size 400x44
          RenderTableRow {TR} at (0,2) size 400x19
            RenderTableCell {TD} at (2,2) size 254x19 [bgcolor=#00FF00] [r=0 c=0 rs=1 cs=1]
              RenderText {#text} at (1,1) size 86x17
                text run at (1,1) width 86: "width=260"
            RenderTableCell {TD} at (258,2) size 140x19 [bgcolor=#FFFF00] [r=0 c=1 rs=1 cs=1]
              RenderText {#text} at (1,1) size 86x17
                text run at (1,1) width 86: "width=140"
          RenderTableRow {TR} at (0,23) size 400x19
            RenderTableCell {TD} at (2,23) size 396x19 [bgcolor=#FF00FF] [r=1 c=0 rs=1 cs=2]
              RenderText {#text} at (1,1) size 84x17
                text run at (1,1) width 84: "colspan=2"
      RenderBlock {DIV} at (0,424) size 406x6 [border: (3px solid #FF0000)]
      RenderTable {TABLE} at (0,430) size 400x44
        RenderTableSection {TBODY} at (0,0) size 400x44
          RenderTableRow {TR} at (0,2) size 400x19
            RenderTableCell {TD} at (2,2) size 256x19 [bgcolor=#00FF00] [r=0 c=0 rs=1 cs=1]
              RenderText {#text} at (1,1) size 91x17
                text run at (1,1) width 91: "width=65%"
            RenderTableCell {TD} at (260,2) size 138x19 [bgcolor=#FFFF00] [r=0 c=1 rs=1 cs=1]
              RenderText {#text} at (1,1) size 38x17
                text run at (1,1) width 38: "plain"
          RenderTableRow {TR} at (0,23) size 400x19
            RenderTableCell {TD} at (2,23) size 396x19 [bgcolor=#FF00FF] [r=1 c=0 rs=1 cs=2]
              RenderText {#text} at (1,1) size 84x17
                text run at (1,1) width 84: "colspan=2"
      RenderBlock {DIV} at (0,474) size 406x6 [border: (3px solid #FF0000)]
      RenderTable {TABLE} at (0,480) size 400x44
        RenderTableSection {TBODY} at (0,0) size 400x44
          RenderTableRow {TR} at (0,2) size 400x19
            RenderTableCell {TD} at (2,2) size 257x19 [bgcolor=#00FF00] [r=0 c=0 rs=1 cs=1]
              RenderText {#text} at (1,1) size 38x17
                text run at (1,1) width 38: "plain"
            RenderTableCell {TD} at (261,2) size 137x19 [bgcolor=#FFFF00] [r=0 c=1 rs=1 cs=1]
              RenderText {#text} at (1,1) size 91x17
                text run at (1,1) width 91: "width=35%"
          RenderTableRow {TR} at (0,23) size 400x19
            RenderTableCell {TD} at (2,23) size 396x19 [bgcolor=#FF00FF] [r=1 c=0 rs=1 cs=2]
              RenderText {#text} at (1,1) size 84x17
                text run at (1,1) width 84: "colspan=2"
      RenderBlock {DIV} at (0,524) size 406x6 [border: (3px solid #FF0000)]
      RenderTable {TABLE} at (0,530) size 400x44
        RenderTableSection {TBODY} at (0,0) size 400x44
          RenderTableRow {TR} at (0,2) size 400x19
            RenderTableCell {TD} at (2,2) size 257x19 [bgcolor=#00FF00] [r=0 c=0 rs=1 cs=1]
              RenderText {#text} at (1,1) size 91x17
                text run at (1,1) width 91: "width=65%"
            RenderTableCell {TD} at (261,2) size 137x19 [bgcolor=#FFFF00] [r=0 c=1 rs=1 cs=1]
              RenderText {#text} at (1,1) size 91x17
                text run at (1,1) width 91: "width=35%"
          RenderTableRow {TR} at (0,23) size 400x19
            RenderTableCell {TD} at (2,23) size 396x19 [bgcolor=#FF00FF] [r=1 c=0 rs=1 cs=2]
              RenderText {#text} at (1,1) size 84x17
                text run at (1,1) width 84: "colspan=2"
      RenderBlock {DIV} at (0,574) size 406x6 [border: (3px solid #FF0000)]
      RenderBlock {H3} at (0,598) size 784x20
        RenderText {#text} at (0,0) size 85x20
          text run at (0,0) width 85: "140/260"
      RenderBlock {DIV} at (0,636) size 406x6 [border: (3px solid #FF0000)]
      RenderTable {TABLE} at (0,642) size 400x44
        RenderTableSection {TBODY} at (0,0) size 400x44
          RenderTableRow {TR} at (0,2) size 400x19
            RenderTableCell {TD} at (2,2) size 142x19 [bgcolor=#00FF00] [r=0 c=0 rs=1 cs=1]
              RenderText {#text} at (1,1) size 86x17
                text run at (1,1) width 86: "width=140"
            RenderTableCell {TD} at (146,2) size 252x19 [bgcolor=#FFFF00] [r=0 c=1 rs=1 cs=1]
              RenderText {#text} at (1,1) size 38x17
                text run at (1,1) width 38: "plain"
          RenderTableRow {TR} at (0,23) size 400x19
            RenderTableCell {TD} at (2,23) size 396x19 [bgcolor=#FF00FF] [r=1 c=0 rs=1 cs=2]
              RenderText {#text} at (1,1) size 175x17
                text run at (1,1) width 175: "colspan=2 width=400"
      RenderBlock {DIV} at (0,686) size 406x6 [border: (3px solid #FF0000)]
      RenderTable {TABLE} at (0,692) size 400x44
        RenderTableSection {TBODY} at (0,0) size 400x44
          RenderTableRow {TR} at (0,2) size 400x19
            RenderTableCell {TD} at (2,2) size 132x19 [bgcolor=#00FF00] [r=0 c=0 rs=1 cs=1]
              RenderText {#text} at (1,1) size 38x17
                text run at (1,1) width 38: "plain"
            RenderTableCell {TD} at (136,2) size 262x19 [bgcolor=#FFFF00] [r=0 c=1 rs=1 cs=1]
              RenderText {#text} at (1,1) size 86x17
                text run at (1,1) width 86: "width=260"
          RenderTableRow {TR} at (0,23) size 400x19
            RenderTableCell {TD} at (2,23) size 396x19 [bgcolor=#FF00FF] [r=1 c=0 rs=1 cs=2]
              RenderText {#text} at (1,1) size 175x17
                text run at (1,1) width 175: "colspan=2 width=400"
      RenderBlock {DIV} at (0,736) size 406x6 [border: (3px solid #FF0000)]
      RenderTable {TABLE} at (0,742) size 400x44
        RenderTableSection {TBODY} at (0,0) size 400x44
          RenderTableRow {TR} at (0,2) size 400x19
            RenderTableCell {TD} at (2,2) size 139x19 [bgcolor=#00FF00] [r=0 c=0 rs=1 cs=1]
              RenderText {#text} at (1,1) size 86x17
                text run at (1,1) width 86: "width=140"
            RenderTableCell {TD} at (143,2) size 255x19 [bgcolor=#FFFF00] [r=0 c=1 rs=1 cs=1]
              RenderText {#text} at (1,1) size 86x17
                text run at (1,1) width 86: "width=260"
          RenderTableRow {TR} at (0,23) size 400x19
            RenderTableCell {TD} at (2,23) size 396x19 [bgcolor=#FF00FF] [r=1 c=0 rs=1 cs=2]
              RenderText {#text} at (1,1) size 175x17
                text run at (1,1) width 175: "colspan=2 width=400"
      RenderBlock {DIV} at (0,786) size 406x6 [border: (3px solid #FF0000)]
      RenderTable {TABLE} at (0,792) size 400x44
        RenderTableSection {TBODY} at (0,0) size 400x44
          RenderTableRow {TR} at (0,2) size 400x19
            RenderTableCell {TD} at (2,2) size 139x19 [bgcolor=#00FF00] [r=0 c=0 rs=1 cs=1]
              RenderText {#text} at (1,1) size 86x17
                text run at (1,1) width 86: "width=140"
            RenderTableCell {TD} at (143,2) size 255x19 [bgcolor=#FFFF00] [r=0 c=1 rs=1 cs=1]
              RenderText {#text} at (1,1) size 86x17
                text run at (1,1) width 86: "width=260"
          RenderTableRow {TR} at (0,23) size 400x19
            RenderTableCell {TD} at (2,23) size 396x19 [bgcolor=#FF00FF] [r=1 c=0 rs=1 cs=2]
              RenderText {#text} at (1,1) size 84x17
                text run at (1,1) width 84: "colspan=2"
      RenderBlock {DIV} at (0,836) size 406x6 [border: (3px solid #FF0000)]
      RenderTable {TABLE} at (0,842) size 400x44
        RenderTableSection {TBODY} at (0,0) size 400x44
          RenderTableRow {TR} at (0,2) size 400x19
            RenderTableCell {TD} at (2,2) size 137x19 [bgcolor=#00FF00] [r=0 c=0 rs=1 cs=1]
              RenderText {#text} at (1,1) size 91x17
                text run at (1,1) width 91: "width=35%"
            RenderTableCell {TD} at (141,2) size 257x19 [bgcolor=#FFFF00] [r=0 c=1 rs=1 cs=1]
              RenderText {#text} at (1,1) size 38x17
                text run at (1,1) width 38: "plain"
          RenderTableRow {TR} at (0,23) size 400x19
            RenderTableCell {TD} at (2,23) size 396x19 [bgcolor=#FF00FF] [r=1 c=0 rs=1 cs=2]
              RenderText {#text} at (1,1) size 84x17
                text run at (1,1) width 84: "colspan=2"
      RenderBlock {DIV} at (0,886) size 406x6 [border: (3px solid #FF0000)]
      RenderTable {TABLE} at (0,892) size 400x44
        RenderTableSection {TBODY} at (0,0) size 400x44
          RenderTableRow {TR} at (0,2) size 400x19
            RenderTableCell {TD} at (2,2) size 138x19 [bgcolor=#00FF00] [r=0 c=0 rs=1 cs=1]
              RenderText {#text} at (1,1) size 38x17
                text run at (1,1) width 38: "plain"
            RenderTableCell {TD} at (142,2) size 256x19 [bgcolor=#FFFF00] [r=0 c=1 rs=1 cs=1]
              RenderText {#text} at (1,1) size 91x17
                text run at (1,1) width 91: "width=65%"
          RenderTableRow {TR} at (0,23) size 400x19
            RenderTableCell {TD} at (2,23) size 396x19 [bgcolor=#FF00FF] [r=1 c=0 rs=1 cs=2]
              RenderText {#text} at (1,1) size 84x17
                text run at (1,1) width 84: "colspan=2"
      RenderBlock {DIV} at (0,936) size 406x6 [border: (3px solid #FF0000)]
      RenderTable {TABLE} at (0,942) size 400x44
        RenderTableSection {TBODY} at (0,0) size 400x44
          RenderTableRow {TR} at (0,2) size 400x19
            RenderTableCell {TD} at (2,2) size 138x19 [bgcolor=#00FF00] [r=0 c=0 rs=1 cs=1]
              RenderText {#text} at (1,1) size 91x17
                text run at (1,1) width 91: "width=35%"
            RenderTableCell {TD} at (142,2) size 256x19 [bgcolor=#FFFF00] [r=0 c=1 rs=1 cs=1]
              RenderText {#text} at (1,1) size 91x17
                text run at (1,1) width 91: "width=65%"
          RenderTableRow {TR} at (0,23) size 400x19
            RenderTableCell {TD} at (2,23) size 396x19 [bgcolor=#FF00FF] [r=1 c=0 rs=1 cs=2]
              RenderText {#text} at (1,1) size 84x17
                text run at (1,1) width 84: "colspan=2"
      RenderBlock {DIV} at (0,986) size 406x6 [border: (3px solid #FF0000)]
      RenderBlock {H3} at (0,1010) size 784x20
        RenderText {#text} at (0,0) size 45x20
          text run at (0,0) width 45: "50%"
      RenderBlock {DIV} at (0,1048) size 406x6 [border: (3px solid #FF0000)]
      RenderTable {TABLE} at (0,1054) size 400x44
        RenderTableSection {TBODY} at (0,0) size 400x44
          RenderTableRow {TR} at (0,2) size 400x19
            RenderTableCell {TD} at (2,2) size 197x19 [bgcolor=#00FF00] [r=0 c=0 rs=1 cs=1]
              RenderText {#text} at (1,1) size 91x17
                text run at (1,1) width 91: "width=50%"
            RenderTableCell {TD} at (201,2) size 197x19 [bgcolor=#FFFF00] [r=0 c=1 rs=1 cs=1]
              RenderText {#text} at (1,1) size 38x17
                text run at (1,1) width 38: "plain"
          RenderTableRow {TR} at (0,23) size 400x19
            RenderTableCell {TD} at (2,23) size 396x19 [bgcolor=#FF00FF] [r=1 c=0 rs=1 cs=2]
              RenderText {#text} at (1,1) size 175x17
                text run at (1,1) width 175: "colspan=2 width=400"
      RenderBlock {DIV} at (0,1098) size 406x6 [border: (3px solid #FF0000)]
      RenderTable {TABLE} at (0,1104) size 400x44
        RenderTableSection {TBODY} at (0,0) size 400x44
          RenderTableRow {TR} at (0,2) size 400x19
            RenderTableCell {TD} at (2,2) size 197x19 [bgcolor=#00FF00] [r=0 c=0 rs=1 cs=1]
              RenderText {#text} at (1,1) size 38x17
                text run at (1,1) width 38: "plain"
            RenderTableCell {TD} at (201,2) size 197x19 [bgcolor=#FFFF00] [r=0 c=1 rs=1 cs=1]
              RenderText {#text} at (1,1) size 91x17
                text run at (1,1) width 91: "width=50%"
          RenderTableRow {TR} at (0,23) size 400x19
            RenderTableCell {TD} at (2,23) size 396x19 [bgcolor=#FF00FF] [r=1 c=0 rs=1 cs=2]
              RenderText {#text} at (1,1) size 175x17
                text run at (1,1) width 175: "colspan=2 width=400"
      RenderBlock {DIV} at (0,1148) size 406x6 [border: (3px solid #FF0000)]
      RenderTable {TABLE} at (0,1154) size 400x44
        RenderTableSection {TBODY} at (0,0) size 400x44
          RenderTableRow {TR} at (0,2) size 400x19
            RenderTableCell {TD} at (2,2) size 197x19 [bgcolor=#00FF00] [r=0 c=0 rs=1 cs=1]
              RenderText {#text} at (1,1) size 91x17
                text run at (1,1) width 91: "width=50%"
            RenderTableCell {TD} at (201,2) size 197x19 [bgcolor=#FFFF00] [r=0 c=1 rs=1 cs=1]
              RenderText {#text} at (1,1) size 91x17
                text run at (1,1) width 91: "width=50%"
          RenderTableRow {TR} at (0,23) size 400x19
            RenderTableCell {TD} at (2,23) size 396x19 [bgcolor=#FF00FF] [r=1 c=0 rs=1 cs=2]
              RenderText {#text} at (1,1) size 175x17
                text run at (1,1) width 175: "colspan=2 width=400"
      RenderBlock {DIV} at (0,1198) size 406x6 [border: (3px solid #FF0000)]
      RenderTable {TABLE} at (0,1204) size 400x44
        RenderTableSection {TBODY} at (0,0) size 400x44
          RenderTableRow {TR} at (0,2) size 400x19
            RenderTableCell {TD} at (2,2) size 197x19 [bgcolor=#00FF00] [r=0 c=0 rs=1 cs=1]
              RenderText {#text} at (1,1) size 38x17
                text run at (1,1) width 38: "plain"
            RenderTableCell {TD} at (201,2) size 197x19 [bgcolor=#FFFF00] [r=0 c=1 rs=1 cs=1]
              RenderText {#text} at (1,1) size 38x17
                text run at (1,1) width 38: "plain"
          RenderTableRow {TR} at (0,23) size 400x19
            RenderTableCell {TD} at (2,23) size 396x19 [bgcolor=#FF00FF] [r=1 c=0 rs=1 cs=2]
              RenderText {#text} at (1,1) size 175x17
                text run at (1,1) width 175: "colspan=2 width=400"
      RenderBlock {DIV} at (0,1248) size 406x6 [border: (3px solid #FF0000)]
      RenderTable {TABLE} at (0,1254) size 400x44
        RenderTableSection {TBODY} at (0,0) size 400x44
          RenderTableRow {TR} at (0,2) size 400x19
            RenderTableCell {TD} at (2,2) size 197x19 [bgcolor=#00FF00] [r=0 c=0 rs=1 cs=1]
              RenderText {#text} at (1,1) size 86x17
                text run at (1,1) width 86: "width=200"
            RenderTableCell {TD} at (201,2) size 197x19 [bgcolor=#FFFF00] [r=0 c=1 rs=1 cs=1]
              RenderText {#text} at (1,1) size 86x17
                text run at (1,1) width 86: "width=200"
          RenderTableRow {TR} at (0,23) size 400x19
            RenderTableCell {TD} at (2,23) size 396x19 [bgcolor=#FF00FF] [r=1 c=0 rs=1 cs=2]
              RenderText {#text} at (1,1) size 84x17
                text run at (1,1) width 84: "colspan=2"
      RenderBlock {DIV} at (0,1298) size 406x6 [border: (3px solid #FF0000)]
      RenderBlock {H2} at (0,1323) size 784x25
        RenderText {#text} at (0,0) size 285x25
          text run at (0,0) width 285: "Tables Without Width"
      RenderBlock {P} at (0,1367) size 784x34
        RenderText {#text} at (0,0) size 775x34
          text run at (0,0) width 775: "The following tables have no width. They should still be the same size, by virtue of them having a"
          text run at (0,17) width 367: "400 pixel cell and no padding/margin/borders."
      RenderBlock {H3} at (0,1419) size 784x20
        RenderText {#text} at (0,0) size 85x20
          text run at (0,0) width 85: "260/140"
      RenderBlock {DIV} at (0,1457) size 406x6 [border: (3px solid #FF0000)]
      RenderTable {TABLE} at (0,1463) size 406x44
        RenderTableSection {TBODY} at (0,0) size 406x44
          RenderTableRow {TR} at (0,2) size 406x19
            RenderTableCell {TD} at (2,2) size 258x19 [bgcolor=#00FF00] [r=0 c=0 rs=1 cs=1]
              RenderText {#text} at (1,1) size 38x17
                text run at (1,1) width 38: "plain"
            RenderTableCell {TD} at (262,2) size 142x19 [bgcolor=#FFFF00] [r=0 c=1 rs=1 cs=1]
              RenderText {#text} at (1,1) size 86x17
                text run at (1,1) width 86: "width=140"
          RenderTableRow {TR} at (0,23) size 406x19
            RenderTableCell {TD} at (2,23) size 402x19 [bgcolor=#FF00FF] [r=1 c=0 rs=1 cs=2]
              RenderText {#text} at (1,1) size 175x17
                text run at (1,1) width 175: "colspan=2 width=400"
      RenderBlock {DIV} at (0,1507) size 406x6 [border: (3px solid #FF0000)]
      RenderTable {TABLE} at (0,1513) size 406x44
        RenderTableSection {TBODY} at (0,0) size 406x44
          RenderTableRow {TR} at (0,2) size 406x19
            RenderTableCell {TD} at (2,2) size 262x19 [bgcolor=#00FF00] [r=0 c=0 rs=1 cs=1]
              RenderText {#text} at (1,1) size 86x17
                text run at (1,1) width 86: "width=260"
            RenderTableCell {TD} at (266,2) size 138x19 [bgcolor=#FFFF00] [r=0 c=1 rs=1 cs=1]
              RenderText {#text} at (1,1) size 38x17
                text run at (1,1) width 38: "plain"
          RenderTableRow {TR} at (0,23) size 406x19
            RenderTableCell {TD} at (2,23) size 402x19 [bgcolor=#FF00FF] [r=1 c=0 rs=1 cs=2]
              RenderText {#text} at (1,1) size 175x17
                text run at (1,1) width 175: "colspan=2 width=400"
      RenderBlock {DIV} at (0,1557) size 406x6 [border: (3px solid #FF0000)]
      RenderTable {TABLE} at (0,1563) size 410x44
        RenderTableSection {TBODY} at (0,0) size 410x44
          RenderTableRow {TR} at (0,2) size 410x19
            RenderTableCell {TD} at (2,2) size 262x19 [bgcolor=#00FF00] [r=0 c=0 rs=1 cs=1]
              RenderText {#text} at (1,1) size 86x17
                text run at (1,1) width 86: "width=260"
            RenderTableCell {TD} at (266,2) size 142x19 [bgcolor=#FFFF00] [r=0 c=1 rs=1 cs=1]
              RenderText {#text} at (1,1) size 86x17
                text run at (1,1) width 86: "width=140"
          RenderTableRow {TR} at (0,23) size 410x19
            RenderTableCell {TD} at (2,23) size 406x19 [bgcolor=#FF00FF] [r=1 c=0 rs=1 cs=2]
              RenderText {#text} at (1,1) size 175x17
                text run at (1,1) width 175: "colspan=2 width=400"
      RenderBlock {DIV} at (0,1607) size 406x6 [border: (3px solid #FF0000)]
      RenderTable {TABLE} at (0,1613) size 410x44
        RenderTableSection {TBODY} at (0,0) size 410x44
          RenderTableRow {TR} at (0,2) size 410x19
            RenderTableCell {TD} at (2,2) size 262x19 [bgcolor=#00FF00] [r=0 c=0 rs=1 cs=1]
              RenderText {#text} at (1,1) size 86x17
                text run at (1,1) width 86: "width=260"
            RenderTableCell {TD} at (266,2) size 142x19 [bgcolor=#FFFF00] [r=0 c=1 rs=1 cs=1]
              RenderText {#text} at (1,1) size 86x17
                text run at (1,1) width 86: "width=140"
          RenderTableRow {TR} at (0,23) size 410x19
            RenderTableCell {TD} at (2,23) size 406x19 [bgcolor=#FF00FF] [r=1 c=0 rs=1 cs=2]
              RenderText {#text} at (1,1) size 84x17
                text run at (1,1) width 84: "colspan=2"
      RenderBlock {DIV} at (0,1657) size 406x6 [border: (3px solid #FF0000)]
      RenderBlock {H3} at (0,1681) size 784x20
        RenderText {#text} at (0,0) size 85x20
          text run at (0,0) width 85: "140/260"
      RenderBlock {DIV} at (0,1719) size 406x6 [border: (3px solid #FF0000)]
      RenderTable {TABLE} at (0,1725) size 406x44
        RenderTableSection {TBODY} at (0,0) size 406x44
          RenderTableRow {TR} at (0,2) size 406x19
            RenderTableCell {TD} at (2,2) size 142x19 [bgcolor=#00FF00] [r=0 c=0 rs=1 cs=1]
              RenderText {#text} at (1,1) size 86x17
                text run at (1,1) width 86: "width=140"
            RenderTableCell {TD} at (146,2) size 258x19 [bgcolor=#FFFF00] [r=0 c=1 rs=1 cs=1]
              RenderText {#text} at (1,1) size 38x17
                text run at (1,1) width 38: "plain"
          RenderTableRow {TR} at (0,23) size 406x19
            RenderTableCell {TD} at (2,23) size 402x19 [bgcolor=#FF00FF] [r=1 c=0 rs=1 cs=2]
              RenderText {#text} at (1,1) size 175x17
                text run at (1,1) width 175: "colspan=2 width=400"
      RenderBlock {DIV} at (0,1769) size 406x6 [border: (3px solid #FF0000)]
      RenderTable {TABLE} at (0,1775) size 406x44
        RenderTableSection {TBODY} at (0,0) size 406x44
          RenderTableRow {TR} at (0,2) size 406x19
            RenderTableCell {TD} at (2,2) size 138x19 [bgcolor=#00FF00] [r=0 c=0 rs=1 cs=1]
              RenderText {#text} at (1,1) size 38x17
                text run at (1,1) width 38: "plain"
            RenderTableCell {TD} at (142,2) size 262x19 [bgcolor=#FFFF00] [r=0 c=1 rs=1 cs=1]
              RenderText {#text} at (1,1) size 86x17
                text run at (1,1) width 86: "width=260"
          RenderTableRow {TR} at (0,23) size 406x19
            RenderTableCell {TD} at (2,23) size 402x19 [bgcolor=#FF00FF] [r=1 c=0 rs=1 cs=2]
              RenderText {#text} at (1,1) size 175x17
                text run at (1,1) width 175: "colspan=2 width=400"
      RenderBlock {DIV} at (0,1819) size 406x6 [border: (3px solid #FF0000)]
      RenderTable {TABLE} at (0,1825) size 410x44
        RenderTableSection {TBODY} at (0,0) size 410x44
          RenderTableRow {TR} at (0,2) size 410x19
            RenderTableCell {TD} at (2,2) size 142x19 [bgcolor=#00FF00] [r=0 c=0 rs=1 cs=1]
              RenderText {#text} at (1,1) size 86x17
                text run at (1,1) width 86: "width=140"
            RenderTableCell {TD} at (146,2) size 262x19 [bgcolor=#FFFF00] [r=0 c=1 rs=1 cs=1]
              RenderText {#text} at (1,1) size 86x17
                text run at (1,1) width 86: "width=260"
          RenderTableRow {TR} at (0,23) size 410x19
            RenderTableCell {TD} at (2,23) size 406x19 [bgcolor=#FF00FF] [r=1 c=0 rs=1 cs=2]
              RenderText {#text} at (1,1) size 175x17
                text run at (1,1) width 175: "colspan=2 width=400"
      RenderBlock {DIV} at (0,1869) size 406x6 [border: (3px solid #FF0000)]
      RenderTable {TABLE} at (0,1875) size 410x44
        RenderTableSection {TBODY} at (0,0) size 410x44
          RenderTableRow {TR} at (0,2) size 410x19
            RenderTableCell {TD} at (2,2) size 142x19 [bgcolor=#00FF00] [r=0 c=0 rs=1 cs=1]
              RenderText {#text} at (1,1) size 86x17
                text run at (1,1) width 86: "width=140"
            RenderTableCell {TD} at (146,2) size 262x19 [bgcolor=#FFFF00] [r=0 c=1 rs=1 cs=1]
              RenderText {#text} at (1,1) size 86x17
                text run at (1,1) width 86: "width=260"
          RenderTableRow {TR} at (0,23) size 410x19
            RenderTableCell {TD} at (2,23) size 406x19 [bgcolor=#FF00FF] [r=1 c=0 rs=1 cs=2]
              RenderText {#text} at (1,1) size 84x17
                text run at (1,1) width 84: "colspan=2"
      RenderBlock {DIV} at (0,1919) size 406x6 [border: (3px solid #FF0000)]
      RenderBlock {H3} at (0,1943) size 784x20
        RenderText {#text} at (0,0) size 45x20
          text run at (0,0) width 45: "50%"
      RenderBlock {DIV} at (0,1981) size 406x6 [border: (3px solid #FF0000)]
      RenderTable {TABLE} at (0,1987) size 564x44
        RenderTableSection {TBODY} at (0,0) size 564x44
          RenderTableRow {TR} at (0,2) size 564x19
            RenderTableCell {TD} at (2,2) size 279x19 [bgcolor=#00FF00] [r=0 c=0 rs=1 cs=1]
              RenderText {#text} at (1,1) size 91x17
                text run at (1,1) width 91: "width=50%"
            RenderTableCell {TD} at (283,2) size 279x19 [bgcolor=#FFFF00] [r=0 c=1 rs=1 cs=1]
              RenderText {#text} at (1,1) size 38x17
                text run at (1,1) width 38: "plain"
          RenderTableRow {TR} at (0,23) size 564x19
            RenderTableCell {TD} at (2,23) size 560x19 [bgcolor=#FF00FF] [r=1 c=0 rs=1 cs=2]
              RenderText {#text} at (1,1) size 175x17
                text run at (1,1) width 175: "colspan=2 width=400"
      RenderBlock {DIV} at (0,2031) size 406x6 [border: (3px solid #FF0000)]
      RenderTable {TABLE} at (0,2037) size 566x44
        RenderTableSection {TBODY} at (0,0) size 566x44
          RenderTableRow {TR} at (0,2) size 566x19
            RenderTableCell {TD} at (2,2) size 280x19 [bgcolor=#00FF00] [r=0 c=0 rs=1 cs=1]
              RenderText {#text} at (1,1) size 38x17
                text run at (1,1) width 38: "plain"
            RenderTableCell {TD} at (284,2) size 280x19 [bgcolor=#FFFF00] [r=0 c=1 rs=1 cs=1]
              RenderText {#text} at (1,1) size 91x17
                text run at (1,1) width 91: "width=50%"
          RenderTableRow {TR} at (0,23) size 566x19
            RenderTableCell {TD} at (2,23) size 562x19 [bgcolor=#FF00FF] [r=1 c=0 rs=1 cs=2]
              RenderText {#text} at (1,1) size 175x17
                text run at (1,1) width 175: "colspan=2 width=400"
      RenderBlock {DIV} at (0,2081) size 406x6 [border: (3px solid #FF0000)]
      RenderTable {TABLE} at (0,2087) size 406x44
        RenderTableSection {TBODY} at (0,0) size 406x44
          RenderTableRow {TR} at (0,2) size 406x19
            RenderTableCell {TD} at (2,2) size 200x19 [bgcolor=#00FF00] [r=0 c=0 rs=1 cs=1]
              RenderText {#text} at (1,1) size 91x17
                text run at (1,1) width 91: "width=50%"
            RenderTableCell {TD} at (204,2) size 200x19 [bgcolor=#FFFF00] [r=0 c=1 rs=1 cs=1]
              RenderText {#text} at (1,1) size 91x17
                text run at (1,1) width 91: "width=50%"
          RenderTableRow {TR} at (0,23) size 406x19
            RenderTableCell {TD} at (2,23) size 402x19 [bgcolor=#FF00FF] [r=1 c=0 rs=1 cs=2]
              RenderText {#text} at (1,1) size 175x17
                text run at (1,1) width 175: "colspan=2 width=400"
      RenderBlock {DIV} at (0,2131) size 406x6 [border: (3px solid #FF0000)]
      RenderTable {TABLE} at (0,2137) size 406x44
        RenderTableSection {TBODY} at (0,0) size 406x44
          RenderTableRow {TR} at (0,2) size 406x19
            RenderTableCell {TD} at (2,2) size 200x19 [bgcolor=#00FF00] [r=0 c=0 rs=1 cs=1]
              RenderText {#text} at (1,1) size 38x17
                text run at (1,1) width 38: "plain"
            RenderTableCell {TD} at (204,2) size 200x19 [bgcolor=#FFFF00] [r=0 c=1 rs=1 cs=1]
              RenderText {#text} at (1,1) size 38x17
                text run at (1,1) width 38: "plain"
          RenderTableRow {TR} at (0,23) size 406x19
            RenderTableCell {TD} at (2,23) size 402x19 [bgcolor=#FF00FF] [r=1 c=0 rs=1 cs=2]
              RenderText {#text} at (1,1) size 175x17
                text run at (1,1) width 175: "colspan=2 width=400"
      RenderBlock {DIV} at (0,2181) size 406x6 [border: (3px solid #FF0000)]
      RenderTable {TABLE} at (0,2187) size 410x44
        RenderTableSection {TBODY} at (0,0) size 410x44
          RenderTableRow {TR} at (0,2) size 410x19
            RenderTableCell {TD} at (2,2) size 202x19 [bgcolor=#00FF00] [r=0 c=0 rs=1 cs=1]
              RenderText {#text} at (1,1) size 86x17
                text run at (1,1) width 86: "width=200"
            RenderTableCell {TD} at (206,2) size 202x19 [bgcolor=#FFFF00] [r=0 c=1 rs=1 cs=1]
              RenderText {#text} at (1,1) size 86x17
                text run at (1,1) width 86: "width=200"
          RenderTableRow {TR} at (0,23) size 410x19
            RenderTableCell {TD} at (2,23) size 406x19 [bgcolor=#FF00FF] [r=1 c=0 rs=1 cs=2]
              RenderText {#text} at (1,1) size 84x17
                text run at (1,1) width 84: "colspan=2"
      RenderBlock {DIV} at (0,2231) size 406x6 [border: (3px solid #FF0000)]
