layer at (0,0) size 800x723
  RenderView at (0,0) size 800x600
layer at (0,0) size 800x723
  RenderBlock {HTML} at (0,0) size 800x723
    RenderBody {BODY} at (8,8) size 784x707 [bgcolor=#CCCCCC]
      RenderBlock {P} at (0,0) size 784x21
        RenderText {#text} at (0,1) size 355x19
          text run at (0,1) width 355: "The style declarations which apply to the text below are:"
      RenderBlock {PRE} at (0,37) size 784x60
        RenderText {#text} at (0,0) size 360x60
          text run at (0,0) width 224: "P:first-line {color: green;}"
          text run at (224,0) width 0: " "
          text run at (0,15) width 272: ".two:first-line {font-size: 200%;}"
          text run at (272,15) width 0: " "
          text run at (0,30) width 360: ".three:first-line {font-variant: small-caps;}"
          text run at (360,30) width 0: " "
          text run at (0,45) width 0: " "
      RenderBlock {HR} at (0,110) size 784x2 [border: (1px inset #000000)]
      RenderBlock {P} at (0,128) size 784x63
        RenderText {#text} at (0,1) size 773x61
          text run at (0,1) width 423: "The first line of this paragraph, and only that one, should be green. "
          text run at (423,1) width 350: "If this precise combination does not occur, then the user"
          text run at (0,22) width 157: "agent has failed this test. "
          text run at (157,22) width 605: "Remember that in order to ensure a complete test, the paragraph must be displayed on more than"
          text run at (0,43) width 54: "one line."
      RenderBlock {P} at (0,207) size 784x83
        RenderText {#text} at (0,2) size 767x80
          text run at (0,2) width 767: "The first line of this paragraph, and only that one, should be"
          text run at (0,42) width 216: "a larger font size as well as green. "
          text run at (216,42) width 507: "If this precise combination does not occur, then the user agent has failed this test."
          text run at (0,63) width 663: "Remember that in order to ensure a complete test, the paragraph must be displayed on more than one line."
      RenderBlock {P} at (0,306) size 784x84
        RenderText {#text} at (0,1) size 776x61
          text run at (0,1) width 658: "The first line of this paragraph, and only that one, should be displayed in small-caps style. "
          text run at (658,1) width 118: "Thus, if the first"
          text run at (0,22) width 739: "line is not in small-caps style, OR if the entire paragraph turns out in small-caps, then the user agent has failed this test"
          text run at (0,43) width 229: "(although the problem might be that "
        RenderInline {CODE} at (0,0) size 80x15
          RenderText {#text} at (229,47) size 80x15
            text run at (229,47) width 80: "small-caps"
        RenderText {#text} at (309,43) size 741x40
          text run at (309,43) width 225: " is not supported by your browser). "
          text run at (534,43) width 207: "This is extra text included for the"
          text run at (0,64) width 473: "purposes of making the paragraph long enough to have more than one line."
      RenderTable {TABLE} at (0,406) size 784x301 [border: (1px outset #808080)]
        RenderTableSection {TBODY} at (1,1) size 782x299
          RenderTableRow {TR} at (0,0) size 782x29
            RenderTableCell {TD} at (0,0) size 782x29 [bgcolor=#C0C0C0] [border: (1px inset #808080)] [r=0 c=0 rs=1 cs=2]
              RenderInline {STRONG} at (0,0) size 161x19
                RenderText {#text} at (4,5) size 161x19
                  text run at (4,5) width 161: "TABLE Testing Section"
          RenderTableRow {TR} at (0,29) size 782x270
            RenderTableCell {TD} at (0,149) size 12x29 [bgcolor=#C0C0C0] [border: (1px inset #808080)] [r=1 c=0 rs=1 cs=1]
              RenderText {#text} at (4,5) size 4x19
                text run at (4,5) width 4: " "
            RenderTableCell {TD} at (12,29) size 770x270 [border: (1px inset #808080)] [r=1 c=1 rs=1 cs=1]
              RenderBlock {P} at (4,4) size 762x63
                RenderText {#text} at (0,1) size 761x61
                  text run at (0,1) width 423: "The first line of this paragraph, and only that one, should be green. "
                  text run at (423,1) width 320: "If this precise combination does not occur, then the"
                  text run at (0,22) width 187: "user agent has failed this test. "
                  text run at (187,22) width 574: "Remember that in order to ensure a complete test, the paragraph must be displayed on more"
                  text run at (0,43) width 85: "than one line."
              RenderBlock {P} at (4,83) size 762x83
                RenderText {#text} at (0,2) size 743x80
                  text run at (0,2) width 729: "The first line of this paragraph, and only that one, should"
                  text run at (0,42) width 236: "be a larger font size as well as green. "
                  text run at (236,42) width 507: "If this precise combination does not occur, then the user agent has failed this test."
                  text run at (0,63) width 663: "Remember that in order to ensure a complete test, the paragraph must be displayed on more than one line."
              RenderBlock {P} at (4,182) size 762x84
                RenderText {#text} at (0,1) size 742x61
                  text run at (0,1) width 658: "The first line of this paragraph, and only that one, should be displayed in small-caps style. "
                  text run at (658,1) width 81: "Thus, if the"
                  text run at (0,22) width 742: "first line is not in small-caps style, OR if the entire paragraph turns out in small-caps, then the user agent has failed this"
                  text run at (0,43) width 254: "test (although the problem might be that "
                RenderInline {CODE} at (0,0) size 80x15
                  RenderText {#text} at (254,47) size 80x15
                    text run at (254,47) width 80: "small-caps"
                RenderText {#text} at (334,43) size 743x40
                  text run at (334,43) width 225: " is not supported by your browser). "
                  text run at (559,43) width 184: "This is extra text included for"
                  text run at (0,64) width 495: "the purposes of making the paragraph long enough to have more than one line."
