layer at (0,0) size 800x600
  RenderView at (0,0) size 800x600
layer at (0,0) size 800x600
  RenderBlock {HTML} at (0,0) size 800x600
    RenderBody {BODY} at (8,8) size 784x584 [bgcolor=#CCCCCC]
      RenderBlock {P} at (0,0) size 784x21
        RenderText {#text} at (0,1) size 380x19
          text run at (0,1) width 380: "The style declarations which apply to the text below are:"
      RenderBlock {PRE} at (0,37) size 784x60
        RenderText {#text} at (0,0) size 264x60
          text run at (0,0) width 264: "P:first-line {font-weight: bold;}"
          text run at (264,0) width 0: " "
          text run at (0,15) width 256: "P.two:first-line {color: green;}"
          text run at (256,15) width 0: " "
          text run at (0,30) width 256: "P:first-line.three {color: red;}"
          text run at (256,30) width 0: " "
          text run at (0,45) width 0: " "
      RenderBlock {HR} at (0,110) size 784x2 [border: (1px inset #000000)]
      RenderBlock {P} at (0,128) size 784x42
        RenderText {#text} at (0,1) size 784x40
          text run at (0,1) width 339: "The first line of this sentence should be boldfaced. "
          text run at (339,1) width 445: "This test is included simply to establish a baseline for the following"
          text run at (0,22) width 571: "tests, since if this test fails, then the rest of the tests on this page are expected to fail as well."
      RenderBlock {P} at (0,186) size 784x42
        RenderText {#text} at (0,1) size 754x40
          text run at (0,1) width 555: "The first line of this sentence should be boldfaced and green, thanks to its selector. "
          text run at (555,1) width 199: "If this is not the case, then the"
          text run at (0,22) width 565: "user agent may have failed to properly parse the selector, or it may simply not support the "
        RenderInline {TT} at (0,0) size 88x15
          RenderText {#text} at (565,26) size 88x15
            text run at (565,26) width 88: ":first-line"
        RenderText {#text} at (653,22) size 107x19
          text run at (653,22) width 107: " pseudo-element."
      RenderBlock {P} at (0,244) size 784x84
        RenderText {#text} at (0,1) size 765x82
          text run at (0,1) width 339: "The first line of this sentence should be boldfaced. "
          text run at (339,1) width 415: "If it is red, then the user agent has violated the specification in"
          text run at (0,22) width 430: "allowing pseudo-elements at a point other than the end of a selector. "
          text run at (430,22) width 335: "If neither is the case, then the user agent has correctly"
          text run at (0,43) width 750: "ignored the incorrect selector, but has suppressed other styles which are valid, and therefore must be considered to have"
          text run at (0,64) width 87: "failed the test."
      RenderTable {TABLE} at (0,344) size 784x239 [border: (1px outset #808080)]
        RenderTableSection {TBODY} at (1,1) size 782x237
          RenderTableRow {TR} at (0,0) size 782x29
            RenderTableCell {TD} at (0,0) size 782x29 [bgcolor=#C0C0C0] [border: (1px inset #808080)] [r=0 c=0 rs=1 cs=2]
              RenderInline {STRONG} at (0,0) size 161x19
                RenderText {#text} at (4,5) size 161x19
                  text run at (4,5) width 161: "TABLE Testing Section"
          RenderTableRow {TR} at (0,29) size 782x208
            RenderTableCell {TD} at (0,118) size 12x29 [bgcolor=#C0C0C0] [border: (1px inset #808080)] [r=1 c=0 rs=1 cs=1]
              RenderText {#text} at (4,5) size 4x19
                text run at (4,5) width 4: " "
            RenderTableCell {TD} at (12,29) size 770x208 [border: (1px inset #808080)] [r=1 c=1 rs=1 cs=1]
              RenderBlock {P} at (4,4) size 762x42
                RenderText {#text} at (0,1) size 718x40
                  text run at (0,1) width 339: "The first line of this sentence should be boldfaced. "
                  text run at (339,1) width 379: "This test is included simply to establish a baseline for the"
                  text run at (0,22) width 636: "following tests, since if this test fails, then the rest of the tests on this page are expected to fail as well."
              RenderBlock {P} at (4,62) size 762x42
                RenderText {#text} at (0,1) size 754x40
                  text run at (0,1) width 555: "The first line of this sentence should be boldfaced and green, thanks to its selector. "
                  text run at (555,1) width 199: "If this is not the case, then the"
                  text run at (0,22) width 565: "user agent may have failed to properly parse the selector, or it may simply not support the "
                RenderInline {TT} at (0,0) size 88x15
                  RenderText {#text} at (565,26) size 88x15
                    text run at (565,26) width 88: ":first-line"
                RenderText {#text} at (653,22) size 107x19
                  text run at (653,22) width 107: " pseudo-element."
              RenderBlock {P} at (4,120) size 762x84
                RenderText {#text} at (0,1) size 759x82
                  text run at (0,1) width 339: "The first line of this sentence should be boldfaced. "
                  text run at (339,1) width 415: "If it is red, then the user agent has violated the specification in"
                  text run at (0,22) width 430: "allowing pseudo-elements at a point other than the end of a selector. "
                  text run at (430,22) width 276: "If neither is the case, then the user agent has"
                  text run at (0,43) width 759: "correctly ignored the incorrect selector, but has suppressed other styles which are valid, and therefore must be considered"
                  text run at (0,64) width 137: "to have failed the test."
