layer at (0,0) size 800x600
  RenderView at (0,0) size 800x600
layer at (0,0) size 800x600
  RenderBlock {HTML} at (0,0) size 800x600
    RenderBody {BODY} at (8,8) size 784x584
      RenderBlock (anonymous) at (0,0) size 784x17
        RenderText {#text} at (0,0) size 660x17
          text run at (0,0) width 660: "The TH tag uses the WIDTH attribute. The first table's TH width is set to 500 pixels."
        RenderBR {BR} at (660,13) size 0x0
      RenderTable {TABLE} at (0,17) size 610x50 [border: (1px outset #808080)]
        RenderTableSection {TBODY} at (1,1) size 608x48
          RenderTableRow {TR} at (0,2) size 608x21
            RenderTableCell {TH} at (2,2) size 604x21 [border: (1px inset #808080)] [r=0 c=0 rs=1 cs=1]
              RenderText {#text} at (129,2) size 345x17
                text run at (129,2) width 345: "Netscape Communicator Version 4.0.6"
          RenderTableRow {TR} at (0,25) size 608x21
            RenderTableCell {TD} at (2,25) size 604x21 [border: (1px inset #808080)] [r=1 c=0 rs=1 cs=1]
              RenderText {#text} at (2,2) size 77x17
                text run at (2,2) width 77: "Platforms"
      RenderBlock (anonymous) at (0,67) size 784x34
        RenderBR {BR} at (0,0) size 0x17
        RenderText {#text} at (0,17) size 384x17
          text run at (0,17) width 384: "This second table's TH width is set to 200 pixels."
        RenderBR {BR} at (384,30) size 0x0
      RenderTable {TABLE} at (0,101) size 210x84 [border: (1px outset #808080)]
        RenderTableSection {TBODY} at (1,1) size 208x82
          RenderTableRow {TR} at (0,2) size 208x55
            RenderTableCell {TH} at (2,2) size 204x55 [border: (1px inset #808080)] [r=0 c=0 rs=1 cs=1]
              RenderText {#text} at (60,2) size 131x51
                text run at (60,2) width 84: "Netscape"
                text run at (36,19) width 131: "Communicator"
                text run at (43,36) width 118: "Version 4.0.6"
          RenderTableRow {TR} at (0,59) size 208x21
            RenderTableCell {TD} at (2,59) size 204x21 [border: (1px inset #808080)] [r=1 c=0 rs=1 cs=1]
              RenderText {#text} at (2,2) size 77x17
                text run at (2,2) width 77: "Platforms"
