layer at (0,0) size 800x600
  RenderView at (0,0) size 800x600
layer at (0,0) size 800x600
  RenderBlock {HTML} at (0,0) size 800x600
    RenderBody {BODY} at (8,8) size 784x584
      RenderBlock (anonymous) at (0,0) size 784x34
        RenderText {#text} at (0,0) size 763x34
          text run at (0,0) width 763: "The TD tag uses the ALIGN attribute. The contents in the first TD tag (Netscape Communicator)"
          text run at (0,17) width 187: "should be aligned right."
        RenderBR {BR} at (187,30) size 0x0
      RenderTable {TABLE} at (0,34) size 345x50 [border: (1px outset #808080)]
        RenderTableSection {TBODY} at (1,1) size 343x48
          RenderTableRow {TR} at (0,2) size 343x21
            RenderTableCell {TD} at (2,2) size 333x21 [border: (1px inset #808080)] [r=0 c=0 rs=1 cs=1]
              RenderText {#text} at (132,2) size 199x17
                text run at (132,2) width 199: "Netscape Communicator"
            RenderTableCell {TD} at (337,10) size 4x4 [border: (1px inset #808080)] [r=0 c=1 rs=1 cs=1]
          RenderTableRow {TR} at (0,25) size 343x21
            RenderTableCell {TD} at (2,25) size 333x21 [border: (1px inset #808080)] [r=1 c=0 rs=1 cs=1]
              RenderText {#text} at (2,2) size 329x17
                text run at (2,2) width 329: "Available on the Mac/PC/UNIX platforms !"
