layer at (0,0) size 800x600
  RenderView at (0,0) size 800x600
layer at (0,0) size 800x203
  RenderBlock {html} at (0,0) size 800x203
    RenderBody {body} at (8,16) size 784x179
      RenderBlock {p} at (0,0) size 784x17
        RenderText {#text} at (0,0) size 189x17
          text run at (0,0) width 189: "COLGROUP WIDTH=pct"
      RenderTable {table} at (0,33) size 400x146 [border: (1px outset #808080)]
        RenderTableCol {colgroup} at (0,0) size 0x0
        RenderTableCol {colgroup} at (0,0) size 0x0
        RenderTableSection (anonymous) at (1,1) size 398x144
          RenderTableRow {tr} at (0,2) size 398x140
            RenderTableCell {td} at (2,2) size 98x140 [border: (1px inset #808080)] [r=0 c=0 rs=1 cs=1]
              RenderText {#text} at (2,2) size 91x136
                text run at (2,2) width 33: "This"
                text run at (2,19) width 59: "column"
                text run at (2,36) width 52: "should"
                text run at (2,53) width 54: "have a"
                text run at (2,70) width 64: "width of"
                text run at (2,87) width 91: "25% of 400"
                text run at (2,104) width 67: "pixels or"
                text run at (2,121) width 49: "100px"
            RenderTableCell {td} at (102,53) size 294x38 [border: (1px inset #808080)] [r=0 c=1 rs=1 cs=1]
              RenderText {#text} at (2,2) size 282x34
                text run at (2,2) width 282: "This column should have a width of"
                text run at (2,19) width 168: "75% of 400 pixels or "
                text run at (170,19) width 49: "300px"
