layer at (0,0) size 800x600
  RenderView at (0,0) size 800x600
layer at (0,0) size 800x321
  RenderBlock {html} at (0,0) size 800x321
    RenderBody {body} at (8,8) size 784x305
      RenderTable {table} at (0,0) size 100x95 [border: (1px outset #808080)]
        RenderTableSection (anonymous) at (1,1) size 98x93
          RenderTableRow {tr} at (0,2) size 98x89
            RenderTableCell {td} at (2,2) size 94x89 [border: (1px inset #808080)] [r=0 c=0 rs=1 cs=1]
              RenderText {#text} at (2,2) size 80x85
                text run at (2,2) width 78: "This table"
                text run at (2,19) width 52: "should"
                text run at (2,36) width 54: "have a"
                text run at (2,53) width 64: "width of"
                text run at (2,70) width 80: "100 pixels"
      RenderBlock (anonymous) at (0,95) size 784x17
        RenderBR {br} at (0,0) size 0x17
      RenderTable {table} at (0,112) size 200x44 [border: (1px outset #808080)]
        RenderTableSection (anonymous) at (1,1) size 198x42
          RenderTableRow {tr} at (0,2) size 198x38
            RenderTableCell {td} at (2,2) size 194x38 [border: (1px inset #808080)] [r=0 c=0 rs=1 cs=1]
              RenderText {#text} at (2,2) size 179x34
                text run at (2,2) width 179: "This table should have"
                text run at (2,19) width 164: "a width of 200 pixels"
      RenderBlock (anonymous) at (0,156) size 784x17
        RenderBR {br} at (0,0) size 0x17
      RenderTable {table} at (0,173) size 300x44 [border: (1px outset #808080)]
        RenderTableSection (anonymous) at (1,1) size 298x42
          RenderTableRow {tr} at (0,2) size 298x38
            RenderTableCell {td} at (2,2) size 294x38 [border: (1px inset #808080)] [r=0 c=0 rs=1 cs=1]
              RenderText {#text} at (2,2) size 263x34
                text run at (2,2) width 263: "This table should have a width of"
                text run at (2,19) width 80: "300 pixels"
      RenderBlock (anonymous) at (0,217) size 784x17
        RenderBR {br} at (0,0) size 0x17
      RenderTable {table} at (0,234) size 400x27 [border: (1px outset #808080)]
        RenderTableSection (anonymous) at (1,1) size 398x25
          RenderTableRow {tr} at (0,2) size 398x21
            RenderTableCell {td} at (2,2) size 394x21 [border: (1px inset #808080)] [r=0 c=0 rs=1 cs=1]
              RenderText {#text} at (2,2) size 348x17
                text run at (2,2) width 348: "This table should have a width of 400 pixels"
      RenderBlock (anonymous) at (0,261) size 784x17
        RenderBR {br} at (0,0) size 0x17
      RenderTable {table} at (0,278) size 500x27 [border: (1px outset #808080)]
        RenderTableSection (anonymous) at (1,1) size 498x25
          RenderTableRow {tr} at (0,2) size 498x21
            RenderTableCell {td} at (2,2) size 494x21 [border: (1px inset #808080)] [r=0 c=0 rs=1 cs=1]
              RenderText {#text} at (2,2) size 348x17
                text run at (2,2) width 348: "This table should have a width of 500 pixels"
