layer at (0,0) size 800x600
  RenderView at (0,0) size 800x600
layer at (0,0) size 800x111
  RenderBlock {html} at (0,0) size 800x111
    RenderBody {body} at (8,8) size 784x95
      RenderTable {table} at (0,0) size 784x95 [border: (1px outset #808080)]
        RenderTableSection (anonymous) at (1,1) size 782x93
          RenderTableRow {tr} at (0,2) size 782x89
            RenderTableCell {td} at (2,2) size 388x89 [border: (1px inset #808080)] [r=0 c=0 rs=1 cs=1]
              RenderText {#text} at (2,2) size 384x85
                text run at (2,2) width 275: "This cell text should be justified "
                text run at (277,2) width 109: "which means"
                text run at (2,19) width 384: "that the right and left margins should line up,"
                text run at (2,36) width 33: "no "
                text run at (35,36) width 351: "matter how long the content becomes"
                text run at (2,53) width 258: "(except the last line which "
                text run at (260,53) width 126: "should be left"
                text run at (2,70) width 64: "aligned)"
            RenderTableCell {td} at (392,36) size 388x21 [border: (1px inset #808080)] [r=0 c=1 rs=1 cs=1]
              RenderText {#text} at (2,2) size 282x17
                text run at (2,2) width 282: "This cell text should be left justified"
