layer at (0,0) size 800x600
  RenderView at (0,0) size 800x600
layer at (0,0) size 800x321
  RenderBlock {html} at (0,0) size 800x321
    RenderBody {body} at (8,16) size 784x297
      RenderBlock {p} at (0,0) size 784x17
        RenderText {#text} at (0,0) size 166x17
          text run at (0,0) width 166: "TFOOT VALIGN=TOP"
      RenderTable {table} at (0,33) size 780x264 [border: (1px outset #808080)]
        RenderTableSection {thead} at (1,1) size 778x25
          RenderTableRow {tr} at (0,2) size 778x21
            RenderTableCell {td} at (2,2) size 204x21 [border: (1px inset #808080)] [r=0 c=0 rs=1 cs=1]
              RenderText {#text} at (2,2) size 56x17
                text run at (2,2) width 56: "THEAD"
            RenderTableCell {td} at (208,2) size 568x21 [border: (1px inset #808080)] [r=0 c=1 rs=1 cs=1]
              RenderText {#text} at (2,2) size 56x17
                text run at (2,2) width 56: "THEAD"
        RenderTableSection {tfoot} at (1,51) size 778x212
          RenderTableRow {tr} at (0,2) size 778x208
            RenderTableCell {td} at (2,2) size 204x208 [border: (1px inset #808080)] [r=0 c=0 rs=1 cs=1]
              RenderImage {img} at (2,2) size 200x200
            RenderTableCell {td} at (208,2) size 568x21 [border: (1px inset #808080)] [r=0 c=1 rs=1 cs=1]
              RenderText {#text} at (2,2) size 564x17
                text run at (2,2) width 483: "The top of this text should be vertically aligned to the top of "
                text run at (485,2) width 81: "the image"
        RenderTableSection {tbody} at (1,26) size 778x25
          RenderTableRow {tr} at (0,2) size 778x21
            RenderTableCell {td} at (2,2) size 204x21 [border: (1px inset #808080)] [r=0 c=0 rs=1 cs=1]
              RenderText {#text} at (2,2) size 56x17
                text run at (2,2) width 56: "TBODY"
            RenderTableCell {td} at (208,2) size 568x21 [border: (1px inset #808080)] [r=0 c=1 rs=1 cs=1]
              RenderText {#text} at (2,2) size 56x17
                text run at (2,2) width 56: "TBODY"
