layer at (0,0) size 800x600
  RenderView at (0,0) size 800x600
layer at (0,0) size 800x600
  RenderBlock {HTML} at (0,0) size 800x600
    RenderBody {BODY} at (8,8) size 784x584
      RenderBlock (anonymous) at (0,0) size 784x17
        RenderText {#text} at (0,0) size 332x17
          text run at (0,0) width 332: "This table should have cell spacing of 2px"
      RenderTable {TABLE} at (0,17) size 97x54 [border: (1px outset #808080)]
        RenderTableSection {TBODY} at (1,1) size 95x52
          RenderTableRow {TR} at (0,2) size 95x25
            RenderTableCell {TD} at (2,2) size 41x25 [border: (3px inset #000000)] [r=0 c=0 rs=1 cs=1]
              RenderText {#text} at (4,4) size 33x17
                text run at (4,4) width 33: "AAA"
            RenderTableCell {TD} at (45,4) size 48x21 [border: (1px inset #808080)] [r=0 c=1 rs=1 cs=1]
              RenderText {#text} at (2,2) size 44x17
                text run at (2,2) width 44: "BBBB"
          RenderTableRow {TR} at (0,29) size 95x21
            RenderTableCell {TD} at (2,29) size 41x21 [border: (1px inset #808080)] [r=1 c=0 rs=1 cs=1]
              RenderText {#text} at (2,2) size 33x17
                text run at (2,2) width 33: "AAA"
            RenderTableCell {TD} at (45,29) size 48x21 [border: (1px inset #808080)] [r=1 c=1 rs=1 cs=1]
              RenderText {#text} at (2,2) size 44x17
                text run at (2,2) width 44: "BBBB"
      RenderBlock (anonymous) at (0,71) size 784x34
        RenderBR {BR} at (0,0) size 0x17
        RenderText {#text} at (0,17) size 332x17
          text run at (0,17) width 332: "This table should have cell spacing of 5px"
      RenderTable {TABLE} at (0,105) size 102x59 [border: (1px outset #808080)]
        RenderTableSection {TBODY} at (1,1) size 100x57
          RenderTableRow {TR} at (0,5) size 100x21
            RenderTableCell {TD} at (5,5) size 37x21 [border: (1px inset #808080)] [r=0 c=0 rs=1 cs=1]
              RenderText {#text} at (2,2) size 33x17
                text run at (2,2) width 33: "AAA"
            RenderTableCell {TD} at (47,5) size 48x21 [border: (1px inset #808080)] [r=0 c=1 rs=1 cs=1]
              RenderText {#text} at (2,2) size 44x17
                text run at (2,2) width 44: "BBBB"
          RenderTableRow {TR} at (0,31) size 100x21
            RenderTableCell {TD} at (5,31) size 37x21 [border: (1px inset #808080)] [r=1 c=0 rs=1 cs=1]
              RenderText {#text} at (2,2) size 33x17
                text run at (2,2) width 33: "AAA"
            RenderTableCell {TD} at (47,31) size 48x21 [border: (1px inset #808080)] [r=1 c=1 rs=1 cs=1]
              RenderText {#text} at (2,2) size 44x17
                text run at (2,2) width 44: "BBBB"
      RenderBlock (anonymous) at (0,164) size 784x34
        RenderBR {BR} at (0,0) size 0x17
        RenderText {#text} at (0,17) size 489x17
          text run at (0,17) width 489: "This table should have cell spacingX of 5px, spacingY of 10px"
      RenderTable {TABLE} at (0,198) size 102x74 [border: (1px outset #808080)]
        RenderTableSection {TBODY} at (1,1) size 100x72
          RenderTableRow {TR} at (0,10) size 100x21
            RenderTableCell {TD} at (5,10) size 37x21 [border: (1px inset #808080)] [r=0 c=0 rs=1 cs=1]
              RenderText {#text} at (2,2) size 33x17
                text run at (2,2) width 33: "AAA"
            RenderTableCell {TD} at (47,10) size 48x21 [border: (1px inset #808080)] [r=0 c=1 rs=1 cs=1]
              RenderText {#text} at (2,2) size 44x17
                text run at (2,2) width 44: "BBBB"
          RenderTableRow {TR} at (0,41) size 100x21
            RenderTableCell {TD} at (5,41) size 37x21 [border: (1px inset #808080)] [r=1 c=0 rs=1 cs=1]
              RenderText {#text} at (2,2) size 33x17
                text run at (2,2) width 33: "AAA"
            RenderTableCell {TD} at (47,41) size 48x21 [border: (1px inset #808080)] [r=1 c=1 rs=1 cs=1]
              RenderText {#text} at (2,2) size 44x17
                text run at (2,2) width 44: "BBBB"
      RenderBlock (anonymous) at (0,272) size 784x34
        RenderBR {BR} at (0,0) size 0x17
        RenderText {#text} at (0,17) size 489x17
          text run at (0,17) width 489: "This table should have cell spacingX of 5px, spacingY of 10px"
      RenderTable {TABLE} at (0,306) size 102x74 [border: (1px outset #808080)]
        RenderTableSection {TBODY} at (1,1) size 100x72
          RenderTableRow {TR} at (0,10) size 100x21
            RenderTableCell {TD} at (5,10) size 37x21 [border: (1px inset #808080)] [r=0 c=0 rs=1 cs=1]
              RenderText {#text} at (2,2) size 33x17
                text run at (2,2) width 33: "AAA"
            RenderTableCell {TD} at (47,10) size 48x21 [border: (1px inset #808080)] [r=0 c=1 rs=1 cs=1]
              RenderText {#text} at (2,2) size 44x17
                text run at (2,2) width 44: "BBBB"
          RenderTableRow {TR} at (0,41) size 100x21
            RenderTableCell {TD} at (5,41) size 37x21 [border: (1px inset #808080)] [r=1 c=0 rs=1 cs=1]
              RenderText {#text} at (2,2) size 33x17
                text run at (2,2) width 33: "AAA"
            RenderTableCell {TD} at (47,41) size 48x21 [border: (1px inset #808080)] [r=1 c=1 rs=1 cs=1]
              RenderText {#text} at (2,2) size 44x17
                text run at (2,2) width 44: "BBBB"
