layer at (0,0) size 800x600
  RenderView at (0,0) size 800x600
layer at (0,0) size 800x600
  RenderBlock {HTML} at (0,0) size 800x600
    RenderBody {BODY} at (8,8) size 784x584
      RenderBlock (anonymous) at (0,0) size 784x17
        RenderText {#text} at (0,0) size 335x17
          text run at (0,0) width 335: "This table should have cell padding of 5px"
      RenderTable {TABLE} at (0,17) size 109x66 [border: (1px outset #808080)]
        RenderTableSection {TBODY} at (1,1) size 107x64
          RenderTableRow {TR} at (0,2) size 107x29
            RenderTableCell {TD} at (2,2) size 45x29 [border: (1px inset #808080)] [r=0 c=0 rs=1 cs=1]
              RenderText {#text} at (6,6) size 33x17
                text run at (6,6) width 33: "AAA"
            RenderTableCell {TD} at (49,2) size 56x29 [border: (1px inset #808080)] [r=0 c=1 rs=1 cs=1]
              RenderText {#text} at (6,6) size 44x17
                text run at (6,6) width 44: "BBBB"
          RenderTableRow {TR} at (0,33) size 107x29
            RenderTableCell {TD} at (2,33) size 45x29 [border: (1px inset #808080)] [r=1 c=0 rs=1 cs=1]
              RenderText {#text} at (6,6) size 33x17
                text run at (6,6) width 33: "AAA"
            RenderTableCell {TD} at (49,33) size 56x29 [border: (1px inset #808080)] [r=1 c=1 rs=1 cs=1]
              RenderText {#text} at (6,6) size 44x17
                text run at (6,6) width 44: "BBBB"
      RenderBlock (anonymous) at (0,83) size 784x34
        RenderBR {BR} at (0,0) size 0x17
        RenderText {#text} at (0,17) size 335x17
          text run at (0,17) width 335: "This table should have cell padding of 5px"
      RenderTable {TABLE} at (0,117) size 109x66 [border: (1px outset #808080)]
        RenderTableSection {TBODY} at (1,1) size 107x64
          RenderTableRow {TR} at (0,2) size 107x29
            RenderTableCell {TD} at (2,2) size 45x29 [border: (1px inset #808080)] [r=0 c=0 rs=1 cs=1]
              RenderText {#text} at (6,6) size 33x17
                text run at (6,6) width 33: "AAA"
            RenderTableCell {TD} at (49,2) size 56x29 [border: (1px inset #808080)] [r=0 c=1 rs=1 cs=1]
              RenderText {#text} at (6,6) size 44x17
                text run at (6,6) width 44: "BBBB"
          RenderTableRow {TR} at (0,33) size 107x29
            RenderTableCell {TD} at (2,33) size 45x29 [border: (1px inset #808080)] [r=1 c=0 rs=1 cs=1]
              RenderText {#text} at (6,6) size 33x17
                text run at (6,6) width 33: "AAA"
            RenderTableCell {TD} at (49,33) size 56x29 [border: (1px inset #808080)] [r=1 c=1 rs=1 cs=1]
              RenderText {#text} at (6,6) size 44x17
                text run at (6,6) width 44: "BBBB"
      RenderBlock (anonymous) at (0,183) size 784x34
        RenderBR {BR} at (0,0) size 0x17
        RenderText {#text} at (0,17) size 335x17
          text run at (0,17) width 335: "This table should have cell padding of 5px"
      RenderTable {TABLE} at (0,217) size 109x66 [border: (1px outset #808080)]
        RenderTableSection {TBODY} at (1,1) size 107x64
          RenderTableRow {TR} at (0,2) size 107x29
            RenderTableCell {TD} at (2,2) size 45x29 [border: (1px inset #808080)] [r=0 c=0 rs=1 cs=1]
              RenderText {#text} at (6,6) size 33x17
                text run at (6,6) width 33: "AAA"
            RenderTableCell {TD} at (49,2) size 56x29 [border: (1px inset #808080)] [r=0 c=1 rs=1 cs=1]
              RenderText {#text} at (6,6) size 44x17
                text run at (6,6) width 44: "BBBB"
          RenderTableRow {TR} at (0,33) size 107x29
            RenderTableCell {TD} at (2,33) size 45x29 [border: (1px inset #808080)] [r=1 c=0 rs=1 cs=1]
              RenderText {#text} at (6,6) size 33x17
                text run at (6,6) width 33: "AAA"
            RenderTableCell {TD} at (49,33) size 56x29 [border: (1px inset #808080)] [r=1 c=1 rs=1 cs=1]
              RenderText {#text} at (6,6) size 44x17
                text run at (6,6) width 44: "BBBB"
      RenderBlock (anonymous) at (0,283) size 784x34
        RenderBR {BR} at (0,0) size 0x17
        RenderText {#text} at (0,17) size 668x17
          text run at (0,17) width 668: "This table should have cell padding of 5px except the 1st cell's left padding will be 0"
      RenderTable {TABLE} at (0,317) size 109x66 [border: (1px outset #808080)]
        RenderTableSection {TBODY} at (1,1) size 107x64
          RenderTableRow {TR} at (0,2) size 107x29
            RenderTableCell {TD} at (2,2) size 45x29 [border: (1px inset #808080)] [r=0 c=0 rs=1 cs=1]
              RenderText {#text} at (1,6) size 33x17
                text run at (1,6) width 33: "AAA"
            RenderTableCell {TD} at (49,2) size 56x29 [border: (1px inset #808080)] [r=0 c=1 rs=1 cs=1]
              RenderText {#text} at (6,6) size 44x17
                text run at (6,6) width 44: "BBBB"
          RenderTableRow {TR} at (0,33) size 107x29
            RenderTableCell {TD} at (2,33) size 45x29 [border: (1px inset #808080)] [r=1 c=0 rs=1 cs=1]
              RenderText {#text} at (6,6) size 33x17
                text run at (6,6) width 33: "AAA"
            RenderTableCell {TD} at (49,33) size 56x29 [border: (1px inset #808080)] [r=1 c=1 rs=1 cs=1]
              RenderText {#text} at (6,6) size 44x17
                text run at (6,6) width 44: "BBBB"
      RenderBlock (anonymous) at (0,383) size 784x34
        RenderBR {BR} at (0,0) size 0x17
        RenderText {#text} at (0,17) size 682x17
          text run at (0,17) width 682: "This table should have cell padding of 5px except the last cell's left padding will be 30"
      RenderTable {TABLE} at (0,417) size 134x66 [border: (1px outset #808080)]
        RenderTableSection {TBODY} at (1,1) size 132x64
          RenderTableRow {TR} at (0,2) size 132x29
            RenderTableCell {TD} at (2,2) size 45x29 [border: (1px inset #808080)] [r=0 c=0 rs=1 cs=1]
              RenderText {#text} at (6,6) size 33x17
                text run at (6,6) width 33: "AAA"
            RenderTableCell {TD} at (49,2) size 81x29 [border: (1px inset #808080)] [r=0 c=1 rs=1 cs=1]
              RenderText {#text} at (6,6) size 44x17
                text run at (6,6) width 44: "BBBB"
          RenderTableRow {TR} at (0,33) size 132x29
            RenderTableCell {TD} at (2,33) size 45x29 [border: (1px inset #808080)] [r=1 c=0 rs=1 cs=1]
              RenderText {#text} at (6,6) size 33x17
                text run at (6,6) width 33: "AAA"
            RenderTableCell {TD} at (49,33) size 81x29 [border: (1px inset #808080)] [r=1 c=1 rs=1 cs=1]
              RenderText {#text} at (31,6) size 44x17
                text run at (31,6) width 44: "BBBB"
