layer at (0,0) size 800x868
  RenderView at (0,0) size 800x600
layer at (0,0) size 800x868
  RenderBlock {HTML} at (0,0) size 800x868
    RenderBody {BODY} at (8,8) size 784x852 [bgcolor=#CCCCCC]
      RenderBlock {P} at (0,0) size 784x17
        RenderText {#text} at (0,0) size 452x17
          text run at (0,0) width 452: "The style declarations which apply to the text below are:"
      RenderBlock {PRE} at (0,33) size 784x85
        RenderText {#text} at (0,0) size 568x85
          text run at (0,0) width 176: ".one {display: block;}"
          text run at (176,0) width 0: " "
          text run at (0,17) width 184: ".two {display: inline;}"
          text run at (184,17) width 0: " "
          text run at (0,34) width 568: ".three {display: list-item; list-style-type: square; margin-left: 3em;}"
          text run at (568,34) width 0: " "
          text run at (0,51) width 272: ".four {display: none; color: red;}"
          text run at (272,51) width 0: " "
          text run at (0,68) width 152: "I {display: block;}"
          text run at (152,68) width 0: " "
      RenderBlock {HR} at (0,131) size 784x2 [border: (1px inset #000000)]
      RenderBlock {P} at (0,149) size 784x17
        RenderText {#text} at (0,0) size 374x17
          text run at (0,0) width 374: "This sentence should be a block-level element."
      RenderBlock (anonymous) at (0,182) size 784x68
        RenderInline {P} at (0,0) size 584x17
          RenderText {#text} at (0,0) size 584x17
            text run at (0,0) width 584: "This sentence should be part of an inline element, as are the next three. "
        RenderInline {P} at (0,0) size 777x68
          RenderText {#text} at (584,0) size 777x68
            text run at (584,0) width 177: "This sentence and the"
            text run at (0,17) width 365: "next two are part of a second inline element. "
            text run at (365,17) width 363: "They should therefore appear, along with the"
            text run at (0,34) width 566: "sentence above, to be all one paragraph which is four sentences long. "
            text run at (566,34) width 211: "If this is not the case, then"
            text run at (0,51) width 104: "the keyword "
          RenderInline {CODE} at (0,0) size 48x17
            RenderText {#text} at (104,51) size 48x17
              text run at (104,51) width 48: "inline"
          RenderText {#text} at (152,51) size 137x17
            text run at (152,51) width 137: " is being ignored."
        RenderText {#text} at (0,0) size 0x0
      RenderListItem {P} at (48,266) size 736x68
        RenderListMarker at (-16,0) size 6x17: black square
        RenderText {#text} at (0,0) size 736x34
          text run at (0,0) width 736: "This sentence should be treated as a list-item, and therefore be rendered however this user"
          text run at (0,17) width 216: "agent displays list items (if "
        RenderInline {CODE} at (0,0) size 120x17
          RenderText {#text} at (216,17) size 120x17
            text run at (216,17) width 120: "list-style-type"
        RenderText {#text} at (336,17) size 723x51
          text run at (336,17) width 386: " is supported, there will be a square for the item"
          text run at (0,34) width 75: "marker). "
          text run at (75,34) width 648: "A 3em left margin has been applied in order to ensure that there is space for the"
          text run at (0,51) width 132: "list-item marker."
      RenderBlock {P} at (0,350) size 784x17
        RenderText {#text} at (0,0) size 575x17
          text run at (0,0) width 575: "The next paragraph should be invisible (if it's visible, you'll see red text)."
      RenderBlock {P} at (0,383) size 784x17
        RenderText {#text} at (0,0) size 319x17
          text run at (0,0) width 319: "There should be no text after the colon:"
        RenderText {#text} at (0,0) size 0x0
      RenderBlock {P} at (0,416) size 784x51
        RenderBlock (anonymous) at (0,0) size 784x17
          RenderText {#text} at (0,0) size 141x17
            text run at (0,0) width 141: "The italicized text"
        RenderBlock {I} at (0,17) size 784x17
          RenderText {#text} at (0,0) size 137x17
            text run at (0,0) width 137: "in this paragraph"
        RenderBlock (anonymous) at (0,34) size 784x17
          RenderText {#text} at (0,0) size 258x17
            text run at (0,0) width 258: "should be a block-level element."
      RenderTable {TABLE} at (0,483) size 784x369 [border: (1px outset #808080)]
        RenderTableSection {TBODY} at (1,1) size 782x367
          RenderTableRow {TR} at (0,0) size 782x25
            RenderTableCell {TD} at (0,0) size 782x25 [bgcolor=#C0C0C0] [border: (1px inset #808080)] [r=0 c=0 rs=1 cs=2]
              RenderInline {STRONG} at (0,0) size 200x17
                RenderText {#text} at (4,4) size 200x17
                  text run at (4,4) width 200: "TABLE Testing Section"
          RenderTableRow {TR} at (0,25) size 782x342
            RenderTableCell {TD} at (0,183) size 13x25 [bgcolor=#C0C0C0] [border: (1px inset #808080)] [r=1 c=0 rs=1 cs=1]
              RenderText {#text} at (4,4) size 5x17
                text run at (4,4) width 5: " "
            RenderTableCell {TD} at (13,25) size 769x342 [border: (1px inset #808080)] [r=1 c=1 rs=1 cs=1]
              RenderBlock {P} at (4,4) size 761x17
                RenderText {#text} at (0,0) size 374x17
                  text run at (0,0) width 374: "This sentence should be a block-level element."
              RenderBlock (anonymous) at (4,37) size 761x68
                RenderInline {P} at (0,0) size 584x17
                  RenderText {#text} at (0,0) size 584x17
                    text run at (0,0) width 584: "This sentence should be part of an inline element, as are the next three. "
                RenderInline {P} at (0,0) size 761x68
                  RenderText {#text} at (584,0) size 761x68
                    text run at (584,0) width 177: "This sentence and the"
                    text run at (0,17) width 365: "next two are part of a second inline element. "
                    text run at (365,17) width 363: "They should therefore appear, along with the"
                    text run at (0,34) width 566: "sentence above, to be all one paragraph which is four sentences long. "
                    text run at (566,34) width 170: "If this is not the case,"
                    text run at (0,51) width 145: "then the keyword "
                  RenderInline {CODE} at (0,0) size 48x17
                    RenderText {#text} at (145,51) size 48x17
                      text run at (145,51) width 48: "inline"
                  RenderText {#text} at (193,51) size 137x17
                    text run at (193,51) width 137: " is being ignored."
                RenderText {#text} at (0,0) size 0x0
              RenderListItem {P} at (52,121) size 713x68
                RenderListMarker at (-16,0) size 6x17: black square
                RenderText {#text} at (0,0) size 696x34
                  text run at (0,0) width 696: "This sentence should be treated as a list-item, and therefore be rendered however this"
                  text run at (0,17) width 256: "user agent displays list items (if "
                RenderInline {CODE} at (0,0) size 120x17
                  RenderText {#text} at (256,17) size 120x17
                    text run at (256,17) width 120: "list-style-type"
                RenderText {#text} at (376,17) size 690x51
                  text run at (376,17) width 314: " is supported, there will be a square for"
                  text run at (0,34) width 147: "the item marker). "
                  text run at (147,34) width 537: "A 3em left margin has been applied in order to ensure that there is"
                  text run at (0,51) width 243: "space for the list-item marker."
              RenderBlock {P} at (4,205) size 761x17
                RenderText {#text} at (0,0) size 575x17
                  text run at (0,0) width 575: "The next paragraph should be invisible (if it's visible, you'll see red text)."
              RenderBlock {P} at (4,238) size 761x17
                RenderText {#text} at (0,0) size 319x17
                  text run at (0,0) width 319: "There should be no text after the colon:"
                RenderText {#text} at (0,0) size 0x0
              RenderBlock {P} at (4,271) size 761x51
                RenderBlock (anonymous) at (0,0) size 761x17
                  RenderText {#text} at (0,0) size 141x17
                    text run at (0,0) width 141: "The italicized text"
                RenderBlock {I} at (0,17) size 761x17
                  RenderText {#text} at (0,0) size 137x17
                    text run at (0,0) width 137: "in this paragraph"
                RenderBlock (anonymous) at (0,34) size 761x17
                  RenderText {#text} at (0,0) size 258x17
                    text run at (0,0) width 258: "should be a block-level element."
