layer at (0,0) size 800x600
  RenderView at (0,0) size 800x600
layer at (0,0) size 800x600
  RenderBlock {HTML} at (0,0) size 800x600
    RenderBody {BODY} at (8,8) size 784x584 [bgcolor=#CCCCCC]
      RenderBlock {P} at (0,0) size 784x17
        RenderText {#text} at (0,0) size 452x17
          text run at (0,0) width 452: "The style declarations which apply to the text below are:"
      RenderBlock {PRE} at (0,33) size 784x51
        RenderText {#text} at (0,0) size 440x51
          text run at (0,0) width 440: ".one {list-style-image: url(../resources/oransqr.gif);}"
          text run at (440,0) width 0: " "
          text run at (0,17) width 240: ".two {list-style-image: none;}"
          text run at (240,17) width 0: " "
          text run at (0,34) width 0: " "
      RenderBlock {HR} at (0,97) size 784x2 [border: (1px inset #000000)]
      RenderBlock {UL} at (0,115) size 784x57
        RenderListItem {LI} at (40,0) size 744x19
          RenderListMarker at (-22,0) size 15x15
          RenderText {#text} at (0,2) size 75x17
            text run at (0,2) width 75: "This list..."
        RenderListItem {LI} at (40,19) size 744x19
          RenderListMarker at (-22,0) size 15x15
          RenderText {#text} at (0,2) size 146x17
            text run at (0,2) width 146: "...should feature..."
        RenderListItem {LI} at (40,38) size 744x19
          RenderListMarker at (-22,0) size 15x15
          RenderText {#text} at (0,2) size 191x17
            text run at (0,2) width 191: "...images for each item."
      RenderBlock {UL} at (0,188) size 784x51
        RenderListItem {LI} at (40,0) size 744x17
          RenderListMarker at (-16,0) size 6x17: bullet
          RenderText {#text} at (0,0) size 75x17
            text run at (0,0) width 75: "This list..."
        RenderListItem {LI} at (40,17) size 744x17
          RenderListMarker at (-16,0) size 6x17: bullet
          RenderText {#text} at (0,0) size 146x17
            text run at (0,0) width 146: "...should feature..."
        RenderListItem {LI} at (40,34) size 744x17
          RenderListMarker at (-16,0) size 6x17: bullet
          RenderText {#text} at (0,0) size 303x17
            text run at (0,0) width 303: "...standard list markers for each item."
      RenderTable {TABLE} at (0,255) size 366x175 [border: (1px outset #808080)]
        RenderTableSection {TBODY} at (1,1) size 364x173
          RenderTableRow {TR} at (0,0) size 364x25
            RenderTableCell {TD} at (0,0) size 364x25 [bgcolor=#C0C0C0] [border: (1px inset #808080)] [r=0 c=0 rs=1 cs=2]
              RenderInline {STRONG} at (0,0) size 200x17
                RenderText {#text} at (4,4) size 200x17
                  text run at (4,4) width 200: "TABLE Testing Section"
          RenderTableRow {TR} at (0,25) size 364x148
            RenderTableCell {TD} at (0,86) size 13x25 [bgcolor=#C0C0C0] [border: (1px inset #808080)] [r=1 c=0 rs=1 cs=1]
              RenderText {#text} at (4,4) size 5x17
                text run at (4,4) width 5: " "
            RenderTableCell {TD} at (13,25) size 351x148 [border: (1px inset #808080)] [r=1 c=1 rs=1 cs=1]
              RenderBlock {UL} at (4,4) size 343x57
                RenderListItem {LI} at (40,0) size 303x19
                  RenderListMarker at (-22,0) size 15x15
                  RenderText {#text} at (0,2) size 75x17
                    text run at (0,2) width 75: "This list..."
                RenderListItem {LI} at (40,19) size 303x19
                  RenderListMarker at (-22,0) size 15x15
                  RenderText {#text} at (0,2) size 146x17
                    text run at (0,2) width 146: "...should feature..."
                RenderListItem {LI} at (40,38) size 303x19
                  RenderListMarker at (-22,0) size 15x15
                  RenderText {#text} at (0,2) size 191x17
                    text run at (0,2) width 191: "...images for each item."
              RenderBlock {UL} at (4,77) size 343x51
                RenderListItem {LI} at (40,0) size 303x17
                  RenderListMarker at (-16,0) size 6x17: bullet
                  RenderText {#text} at (0,0) size 75x17
                    text run at (0,0) width 75: "This list..."
                RenderListItem {LI} at (40,17) size 303x17
                  RenderListMarker at (-16,0) size 6x17: bullet
                  RenderText {#text} at (0,0) size 146x17
                    text run at (0,0) width 146: "...should feature..."
                RenderListItem {LI} at (40,34) size 303x17
                  RenderListMarker at (-16,0) size 6x17: bullet
                  RenderText {#text} at (0,0) size 303x17
                    text run at (0,0) width 303: "...standard list markers for each item."
