layer at (0,0) size 800x2953
  RenderView at (0,0) size 800x600
layer at (0,0) size 800x2953
  RenderBlock {HTML} at (0,0) size 800x2953
    RenderBody {BODY} at (8,8) size 784x2937 [bgcolor=#CCCCCC]
      RenderBlock {P} at (0,0) size 784x17
        RenderText {#text} at (0,0) size 452x17
          text run at (0,0) width 452: "The style declarations which apply to the text below are:"
      RenderBlock {PRE} at (0,33) size 784x340
        RenderText {#text} at (0,0) size 224x340
          text run at (0,0) width 200: ".one {font-size: medium;}"
          text run at (200,0) width 0: " "
          text run at (0,17) width 200: ".two {font-size: larger;}"
          text run at (200,17) width 0: " "
          text run at (0,34) width 224: ".three {font-size: smaller;}"
          text run at (224,34) width 0: " "
          text run at (0,51) width 224: ".four {font-size: xx-small;}"
          text run at (224,51) width 0: " "
          text run at (0,68) width 216: ".five {font-size: x-small;}"
          text run at (216,68) width 0: " "
          text run at (0,85) width 192: ".six {font-size: small;}"
          text run at (192,85) width 0: " "
          text run at (0,102) width 208: ".seven {font-size: large;}"
          text run at (208,102) width 0: " "
          text run at (0,119) width 224: ".eight {font-size: x-large;}"
          text run at (224,119) width 0: " "
          text run at (0,136) width 224: ".nine {font-size: xx-large;}"
          text run at (224,136) width 0: " "
          text run at (0,153) width 176: ".a {font-size: 0.5in;}"
          text run at (176,153) width 0: " "
          text run at (0,170) width 160: ".b {font-size: 1cm;}"
          text run at (160,170) width 0: " "
          text run at (0,187) width 168: ".c {font-size: 10mm;}"
          text run at (168,187) width 0: " "
          text run at (0,204) width 168: ".d {font-size: 18pt;}"
          text run at (168,204) width 0: " "
          text run at (0,221) width 176: ".e {font-size: 1.5pc;}"
          text run at (176,221) width 0: " "
          text run at (0,238) width 160: ".f {font-size: 2em;}"
          text run at (160,238) width 0: " "
          text run at (0,255) width 160: ".g {font-size: 3ex;}"
          text run at (160,255) width 0: " "
          text run at (0,272) width 168: ".h {font-size: 25px;}"
          text run at (168,272) width 0: " "
          text run at (0,289) width 168: ".i {font-size: 200%;}"
          text run at (168,289) width 0: " "
          text run at (0,306) width 184: ".j {font-size: -0.5in;}"
          text run at (184,306) width 0: " "
          text run at (0,323) width 0: " "
      RenderBlock {HR} at (0,386) size 784x2 [border: (1px inset #000000)]
      RenderBlock {P} at (0,404) size 784x34
        RenderText {#text} at (0,0) size 760x34
          text run at (0,0) width 760: "This paragraph element is unstyled, so the size of the font in this element is the default size for"
          text run at (0,17) width 124: "this user agent."
      RenderBlock {P} at (0,454) size 784x17
        RenderText {#text} at (0,0) size 244x17
          text run at (0,0) width 244: "This sentence has been set to "
        RenderInline {CODE} at (0,0) size 48x17
          RenderText {#text} at (244,0) size 48x17
            text run at (244,0) width 48: "medium"
        RenderText {#text} at (292,0) size 465x17
          text run at (292,0) width 465: ", which may or may not be the same size as unstyled text."
      RenderBlock {P} at (0,490) size 784x20
        RenderText {#text} at (0,0) size 480x20
          text run at (0,0) width 480: "This sentence should be larger than unstyled text."
      RenderBlock {P} at (0,529) size 784x14
        RenderText {#text} at (0,0) size 338x14
          text run at (0,0) width 338: "This sentence should be smaller than unstyled text."
      RenderBlock {P} at (0,556) size 784x17
        RenderText {#text} at (0,6) size 389x10
          text run at (0,6) width 389: "This sentence should be very small, but the last word in the sentence should be "
        RenderInline {SPAN} at (0,0) size 66x17
          RenderText {#text} at (389,0) size 66x17
            text run at (389,0) width 66: "medium"
        RenderText {#text} at (455,6) size 3x10
          text run at (455,6) width 3: "."
      RenderBlock {P} at (0,583) size 784x17
        RenderText {#text} at (0,5) size 403x11
          text run at (0,5) width 403: "This sentence should be rather small, but the last word in the sentence should be "
        RenderInline {SPAN} at (0,0) size 66x17
          RenderText {#text} at (403,0) size 66x17
            text run at (403,0) width 66: "medium"
        RenderText {#text} at (469,5) size 3x11
          text run at (469,5) width 3: "."
      RenderBlock {P} at (0,613) size 784x17
        RenderText {#text} at (0,3) size 491x14
          text run at (0,3) width 491: "This sentence should be small, but the last word in the sentence should be "
        RenderInline {SPAN} at (0,0) size 66x17
          RenderText {#text} at (491,0) size 66x17
            text run at (491,0) width 66: "medium"
        RenderText {#text} at (557,3) size 4x14
          text run at (557,3) width 4: "."
      RenderBlock {P} at (0,648) size 784x19
        RenderText {#text} at (0,0) size 673x19
          text run at (0,0) width 673: "This sentence should be large, but the last word in the sentence should be "
        RenderInline {SPAN} at (0,0) size 66x17
          RenderText {#text} at (673,1) size 66x17
            text run at (673,1) width 66: "medium"
        RenderText {#text} at (739,0) size 6x19
          text run at (739,0) width 6: "."
      RenderBlock {P} at (0,691) size 784x50
        RenderText {#text} at (0,0) size 746x50
          text run at (0,0) width 746: "This sentence should be rather large, but the last word in the"
          text run at (0,25) width 244: "sentence should be "
        RenderInline {SPAN} at (0,0) size 66x17
          RenderText {#text} at (244,31) size 66x17
            text run at (244,31) width 66: "medium"
        RenderText {#text} at (310,25) size 8x25
          text run at (310,25) width 8: "."
      RenderBlock {P} at (0,773) size 784x66
        RenderText {#text} at (0,0) size 768x66
          text run at (0,0) width 768: "This sentence should be very large, but the last"
          text run at (0,33) width 514: "word in the sentence should be "
        RenderInline {SPAN} at (0,0) size 66x17
          RenderText {#text} at (514,45) size 66x17
            text run at (514,45) width 66: "medium"
        RenderText {#text} at (580,33) size 10x33
          text run at (580,33) width 10: "."
      RenderBlock {P} at (0,887) size 784x98
        RenderText {#text} at (0,0) size 758x98
          text run at (0,0) width 758: "This sentence should be half an"
          text run at (0,49) width 203: "inch tall."
      RenderBlock {P} at (0,1033) size 784x78
        RenderText {#text} at (0,0) size 763x78
          text run at (0,0) width 763: "This sentence should be one centimeter"
          text run at (0,39) width 72: "tall."
      RenderBlock {P} at (0,1148) size 784x78
        RenderText {#text} at (0,0) size 762x78
          text run at (0,0) width 762: "This sentence should be ten millimeters"
          text run at (0,39) width 72: "tall."
      RenderBlock {P} at (0,1263) size 784x25
        RenderText {#text} at (0,0) size 545x25
          text run at (0,0) width 545: "This sentence should be eighteen points tall."
      RenderBlock {P} at (0,1312) size 784x25
        RenderText {#text} at (0,0) size 632x25
          text run at (0,0) width 632: "This sentence should be one and one half picas tall."
      RenderBlock {P} at (0,1369) size 784x33
        RenderText {#text} at (0,0) size 592x33
          text run at (0,0) width 592: "This sentence should be two em tall."
      RenderBlock {P} at (0,1434) size 784x28
        RenderText {#text} at (0,0) size 518x28
          text run at (0,0) width 518: "This sentence should be three ex tall."
      RenderBlock {P} at (0,1489) size 784x25
        RenderText {#text} at (0,0) size 588x25
          text run at (0,0) width 588: "This sentence should be twenty-five pixels tall."
      RenderBlock {P} at (0,1546) size 784x33
        RenderText {#text} at (0,0) size 692x33
          text run at (0,0) width 692: "This sentence should be twice normal size."
      RenderBlock {P} at (0,1611) size 784x34
        RenderText {#text} at (0,0) size 767x34
          text run at (0,0) width 767: "This sentence should be normal size, since no negative values are allowed and therefore should"
          text run at (0,17) width 91: "be ignored."
      RenderTable {TABLE} at (0,1661) size 784x1276 [border: (1px outset #808080)]
        RenderTableSection {TBODY} at (1,1) size 782x1274
          RenderTableRow {TR} at (0,0) size 782x25
            RenderTableCell {TD} at (0,0) size 782x25 [bgcolor=#C0C0C0] [border: (1px inset #808080)] [r=0 c=0 rs=1 cs=2]
              RenderInline {STRONG} at (0,0) size 200x17
                RenderText {#text} at (4,4) size 200x17
                  text run at (4,4) width 200: "TABLE Testing Section"
          RenderTableRow {TR} at (0,25) size 782x1249
            RenderTableCell {TD} at (0,637) size 13x25 [bgcolor=#C0C0C0] [border: (1px inset #808080)] [r=1 c=0 rs=1 cs=1]
              RenderText {#text} at (4,4) size 5x17
                text run at (4,4) width 5: " "
            RenderTableCell {TD} at (13,25) size 769x1249 [border: (1px inset #808080)] [r=1 c=1 rs=1 cs=1]
              RenderBlock {P} at (4,4) size 761x34
                RenderText {#text} at (0,0) size 760x34
                  text run at (0,0) width 760: "This paragraph element is unstyled, so the size of the font in this element is the default size for"
                  text run at (0,17) width 124: "this user agent."
              RenderBlock {P} at (4,54) size 761x17
                RenderText {#text} at (0,0) size 244x17
                  text run at (0,0) width 244: "This sentence has been set to "
                RenderInline {CODE} at (0,0) size 48x17
                  RenderText {#text} at (244,0) size 48x17
                    text run at (244,0) width 48: "medium"
                RenderText {#text} at (292,0) size 465x17
                  text run at (292,0) width 465: ", which may or may not be the same size as unstyled text."
              RenderBlock {P} at (4,90) size 761x20
                RenderText {#text} at (0,0) size 480x20
                  text run at (0,0) width 480: "This sentence should be larger than unstyled text."
              RenderBlock {P} at (4,129) size 761x14
                RenderText {#text} at (0,0) size 338x14
                  text run at (0,0) width 338: "This sentence should be smaller than unstyled text."
              RenderBlock {P} at (4,156) size 761x17
                RenderText {#text} at (0,6) size 389x10
                  text run at (0,6) width 389: "This sentence should be very small, but the last word in the sentence should be "
                RenderInline {SPAN} at (0,0) size 66x17
                  RenderText {#text} at (389,0) size 66x17
                    text run at (389,0) width 66: "medium"
                RenderText {#text} at (455,6) size 3x10
                  text run at (455,6) width 3: "."
              RenderBlock {P} at (4,183) size 761x17
                RenderText {#text} at (0,5) size 403x11
                  text run at (0,5) width 403: "This sentence should be rather small, but the last word in the sentence should be "
                RenderInline {SPAN} at (0,0) size 66x17
                  RenderText {#text} at (403,0) size 66x17
                    text run at (403,0) width 66: "medium"
                RenderText {#text} at (469,5) size 3x11
                  text run at (469,5) width 3: "."
              RenderBlock {P} at (4,213) size 761x17
                RenderText {#text} at (0,3) size 491x14
                  text run at (0,3) width 491: "This sentence should be small, but the last word in the sentence should be "
                RenderInline {SPAN} at (0,0) size 66x17
                  RenderText {#text} at (491,0) size 66x17
                    text run at (491,0) width 66: "medium"
                RenderText {#text} at (557,3) size 4x14
                  text run at (557,3) width 4: "."
              RenderBlock {P} at (4,248) size 761x19
                RenderText {#text} at (0,0) size 673x19
                  text run at (0,0) width 673: "This sentence should be large, but the last word in the sentence should be "
                RenderInline {SPAN} at (0,0) size 66x17
                  RenderText {#text} at (673,1) size 66x17
                    text run at (673,1) width 66: "medium"
                RenderText {#text} at (739,0) size 6x19
                  text run at (739,0) width 6: "."
              RenderBlock {P} at (4,291) size 761x50
                RenderText {#text} at (0,0) size 746x50
                  text run at (0,0) width 746: "This sentence should be rather large, but the last word in the"
                  text run at (0,25) width 244: "sentence should be "
                RenderInline {SPAN} at (0,0) size 66x17
                  RenderText {#text} at (244,31) size 66x17
                    text run at (244,31) width 66: "medium"
                RenderText {#text} at (310,25) size 8x25
                  text run at (310,25) width 8: "."
              RenderBlock {P} at (4,373) size 761x66
                RenderText {#text} at (0,0) size 699x66
                  text run at (0,0) width 699: "This sentence should be very large, but the"
                  text run at (0,33) width 583: "last word in the sentence should be "
                RenderInline {SPAN} at (0,0) size 66x17
                  RenderText {#text} at (583,45) size 66x17
                    text run at (583,45) width 66: "medium"
                RenderText {#text} at (649,33) size 10x33
                  text run at (649,33) width 10: "."
              RenderBlock {P} at (4,487) size 761x98
                RenderText {#text} at (0,0) size 758x98
                  text run at (0,0) width 758: "This sentence should be half an"
                  text run at (0,49) width 203: "inch tall."
              RenderBlock {P} at (4,633) size 761x78
                RenderText {#text} at (0,0) size 543x78
                  text run at (0,0) width 543: "This sentence should be one"
                  text run at (0,39) width 292: "centimeter tall."
              RenderBlock {P} at (4,748) size 761x78
                RenderText {#text} at (0,0) size 535x78
                  text run at (0,0) width 535: "This sentence should be ten"
                  text run at (0,39) width 299: "millimeters tall."
              RenderBlock {P} at (4,863) size 761x25
                RenderText {#text} at (0,0) size 545x25
                  text run at (0,0) width 545: "This sentence should be eighteen points tall."
              RenderBlock {P} at (4,912) size 761x25
                RenderText {#text} at (0,0) size 632x25
                  text run at (0,0) width 632: "This sentence should be one and one half picas tall."
              RenderBlock {P} at (4,969) size 761x33
                RenderText {#text} at (0,0) size 592x33
                  text run at (0,0) width 592: "This sentence should be two em tall."
              RenderBlock {P} at (4,1034) size 761x28
                RenderText {#text} at (0,0) size 518x28
                  text run at (0,0) width 518: "This sentence should be three ex tall."
              RenderBlock {P} at (4,1089) size 761x25
                RenderText {#text} at (0,0) size 588x25
                  text run at (0,0) width 588: "This sentence should be twenty-five pixels tall."
              RenderBlock {P} at (4,1146) size 761x33
                RenderText {#text} at (0,0) size 692x33
                  text run at (0,0) width 692: "This sentence should be twice normal size."
              RenderBlock {P} at (4,1211) size 761x34
                RenderText {#text} at (0,0) size 710x34
                  text run at (0,0) width 710: "This sentence should be normal size, since no negative values are allowed and therefore"
                  text run at (0,17) width 148: "should be ignored."
