layer at (0,0) size 800x703
  RenderView at (0,0) size 800x600
layer at (0,0) size 800x703
  RenderBlock {HTML} at (0,0) size 800x703
    RenderBody {BODY} at (8,8) size 784x687 [bgcolor=#CCCCCC]
      RenderBlock {P} at (0,0) size 784x17
        RenderText {#text} at (0,0) size 452x17
          text run at (0,0) width 452: "The style declarations which apply to the text below are:"
      RenderBlock {PRE} at (0,33) size 784x68
        RenderText {#text} at (0,0) size 360x68
          text run at (0,0) width 224: "P:first-line {color: green;}"
          text run at (224,0) width 0: " "
          text run at (0,17) width 272: ".two:first-line {font-size: 200%;}"
          text run at (272,17) width 0: " "
          text run at (0,34) width 360: ".three:first-line {font-variant: small-caps;}"
          text run at (360,34) width 0: " "
          text run at (0,51) width 0: " "
      RenderBlock {HR} at (0,114) size 784x2 [border: (1px inset #000000)]
      RenderBlock {P} at (0,132) size 784x51
        RenderText {#text} at (0,0) size 753x51
          text run at (0,0) width 542: "The first line of this paragraph, and only that one, should be green. "
          text run at (542,0) width 211: "If this precise combination"
          text run at (0,17) width 447: "does not occur, then the user agent has failed this test. "
          text run at (447,17) width 291: "Remember that in order to ensure a"
          text run at (0,34) width 572: "complete test, the paragraph must be displayed on more than one line."
      RenderBlock {P} at (0,199) size 784x84
        RenderText {#text} at (0,0) size 782x84
          text run at (0,0) width 722: "The first line of this paragraph, and only that"
          text run at (0,33) width 401: "one, should be a larger font size as well as green. "
          text run at (401,33) width 381: "If this precise combination does not occur, then"
          text run at (0,50) width 277: "the user agent has failed this test. "
          text run at (277,50) width 442: "Remember that in order to ensure a complete test, the"
          text run at (0,67) width 421: "paragraph must be displayed on more than one line."
      RenderBlock {P} at (0,299) size 784x85
        RenderText {#text} at (0,0) size 780x51
          text run at (0,0) width 721: "The first line of this paragraph, and only that one, should be displayed in small-caps style. "
          text run at (721,0) width 59: "Thus, if"
          text run at (0,17) width 778: "the first line is not in small-caps style, OR if the entire paragraph turns out in small-caps, then the"
          text run at (0,34) width 538: "user agent has failed this test (although the problem might be that "
        RenderInline {CODE} at (0,0) size 80x17
          RenderText {#text} at (538,34) size 80x17
            text run at (538,34) width 80: "small-caps"
        RenderText {#text} at (618,34) size 776x51
          text run at (618,34) width 158: " is not supported by"
          text run at (0,51) width 122: "your browser). "
          text run at (122,51) width 651: "This is extra text included for the purposes of making the paragraph long enough"
          text run at (0,68) width 222: "to have more than one line."
      RenderTable {TABLE} at (0,400) size 784x287 [border: (1px outset #808080)]
        RenderTableSection {TBODY} at (1,1) size 782x285
          RenderTableRow {TR} at (0,0) size 782x25
            RenderTableCell {TD} at (0,0) size 782x25 [bgcolor=#C0C0C0] [border: (1px inset #808080)] [r=0 c=0 rs=1 cs=2]
              RenderInline {STRONG} at (0,0) size 200x17
                RenderText {#text} at (4,4) size 200x17
                  text run at (4,4) width 200: "TABLE Testing Section"
          RenderTableRow {TR} at (0,25) size 782x260
            RenderTableCell {TD} at (0,142) size 13x25 [bgcolor=#C0C0C0] [border: (1px inset #808080)] [r=1 c=0 rs=1 cs=1]
              RenderText {#text} at (4,4) size 5x17
                text run at (4,4) width 5: " "
            RenderTableCell {TD} at (13,25) size 769x260 [border: (1px inset #808080)] [r=1 c=1 rs=1 cs=1]
              RenderBlock {P} at (4,4) size 761x51
                RenderText {#text} at (0,0) size 753x51
                  text run at (0,0) width 542: "The first line of this paragraph, and only that one, should be green. "
                  text run at (542,0) width 211: "If this precise combination"
                  text run at (0,17) width 447: "does not occur, then the user agent has failed this test. "
                  text run at (447,17) width 291: "Remember that in order to ensure a"
                  text run at (0,34) width 572: "complete test, the paragraph must be displayed on more than one line."
              RenderBlock {P} at (4,71) size 761x84
                RenderText {#text} at (0,0) size 760x84
                  text run at (0,0) width 722: "The first line of this paragraph, and only that"
                  text run at (0,33) width 401: "one, should be a larger font size as well as green. "
                  text run at (401,33) width 340: "If this precise combination does not occur,"
                  text run at (0,50) width 318: "then the user agent has failed this test. "
                  text run at (318,50) width 442: "Remember that in order to ensure a complete test, the"
                  text run at (0,67) width 421: "paragraph must be displayed on more than one line."
              RenderBlock {P} at (4,171) size 761x85
                RenderText {#text} at (0,0) size 728x51
                  text run at (0,0) width 716: "The first line of this paragraph, and only that one, should be displayed in small-caps style."
                  text run at (0,17) width 728: "Thus, if the first line is not in small-caps style, OR if the entire paragraph turns out in small-"
                  text run at (0,34) width 657: "caps, then the user agent has failed this test (although the problem might be that "
                RenderInline {CODE} at (0,0) size 80x17
                  RenderText {#text} at (657,34) size 80x17
                    text run at (657,34) width 80: "small-caps"
                RenderText {#text} at (737,34) size 754x51
                  text run at (737,34) width 17: " is"
                  text run at (0,51) width 263: "not supported by your browser). "
                  text run at (263,51) width 458: "This is extra text included for the purposes of making the"
                  text run at (0,68) width 415: "paragraph long enough to have more than one line."
