layer at (0,0) size 800x637
  RenderView at (0,0) size 800x600
layer at (0,0) size 800x637
  RenderBlock {HTML} at (0,0) size 800x637
    RenderBody {BODY} at (8,8) size 784x621 [bgcolor=#CCCCCC]
      RenderBlock {P} at (0,0) size 784x17
        RenderText {#text} at (0,0) size 516x17
          text run at (0,0) width 516: "The style declarations which apply to the text below are:"
      RenderBlock {PRE} at (0,33) size 784x68
        RenderText {#text} at (0,0) size 264x68
          text run at (0,0) width 264: "P:first-line {font-weight: bold;}"
          text run at (264,0) width 0: " "
          text run at (0,17) width 256: "P.two:first-line {color: green;}"
          text run at (256,17) width 0: " "
          text run at (0,34) width 256: "P:first-line.three {color: red;}"
          text run at (256,34) width 0: " "
          text run at (0,51) width 0: " "
      RenderBlock {HR} at (0,114) size 784x2 [border: (1px inset #000000)]
      RenderBlock {P} at (0,132) size 784x51
        RenderText {#text} at (0,0) size 771x51
          text run at (0,0) width 465: "The first line of this sentence should be boldfaced. "
          text run at (465,0) width 270: "This test is included simply to"
          text run at (0,17) width 771: "establish a baseline for the following tests, since if this test fails, then the rest of the tests on this"
          text run at (0,34) width 265: "page are expected to fail as well."
      RenderBlock {P} at (0,199) size 784x51
        RenderText {#text} at (0,0) size 781x51
          text run at (0,0) width 768: "The first line of this sentence should be boldfaced and green, thanks to its selector. "
          text run at (768,0) width 13: "If"
          text run at (0,17) width 775: "this is not the case, then the user agent may have failed to properly parse the selector, or it may"
          text run at (0,34) width 184: "simply not support the "
        RenderInline {TT} at (0,0) size 88x17
          RenderText {#text} at (184,34) size 88x17
            text run at (184,34) width 88: ":first-line"
        RenderText {#text} at (272,34) size 140x17
          text run at (272,34) width 140: " pseudo-element."
      RenderBlock {P} at (0,266) size 784x85
        RenderText {#text} at (0,0) size 776x85
          text run at (0,0) width 465: "The first line of this sentence should be boldfaced. "
          text run at (465,0) width 282: "If it is red, then the user agent"
          text run at (0,17) width 736: "has violated the specification in allowing pseudo-elements at a point other than the end of a"
          text run at (0,34) width 73: "selector. "
          text run at (73,34) width 688: "If neither is the case, then the user agent has correctly ignored the incorrect selector,"
          text run at (0,51) width 776: "but has suppressed other styles which are valid, and therefore must be considered to have failed"
          text run at (0,68) width 66: "the test."
      RenderTable {TABLE} at (0,367) size 784x254 [border: (1px outset #808080)]
        RenderTableSection {TBODY} at (1,1) size 782x252
          RenderTableRow {TR} at (0,0) size 782x25
            RenderTableCell {TD} at (0,0) size 782x25 [bgcolor=#C0C0C0] [border: (1px inset #808080)] [r=0 c=0 rs=1 cs=2]
              RenderInline {STRONG} at (0,0) size 200x17
                RenderText {#text} at (4,4) size 200x17
                  text run at (4,4) width 200: "TABLE Testing Section"
          RenderTableRow {TR} at (0,25) size 782x227
            RenderTableCell {TD} at (0,126) size 13x25 [bgcolor=#C0C0C0] [border: (1px inset #808080)] [r=1 c=0 rs=1 cs=1]
              RenderText {#text} at (4,4) size 5x17
                text run at (4,4) width 5: " "
            RenderTableCell {TD} at (13,25) size 769x227 [border: (1px inset #808080)] [r=1 c=1 rs=1 cs=1]
              RenderBlock {P} at (4,4) size 761x51
                RenderText {#text} at (0,0) size 738x51
                  text run at (0,0) width 465: "The first line of this sentence should be boldfaced. "
                  text run at (465,0) width 270: "This test is included simply to"
                  text run at (0,17) width 738: "establish a baseline for the following tests, since if this test fails, then the rest of the tests on"
                  text run at (0,34) width 298: "this page are expected to fail as well."
              RenderBlock {P} at (4,71) size 761x51
                RenderText {#text} at (0,0) size 713x51
                  text run at (0,0) width 678: "The first line of this sentence should be boldfaced and green, thanks to its"
                  text run at (0,17) width 73: "selector. "
                  text run at (73,17) width 640: "If this is not the case, then the user agent may have failed to properly parse the"
                  text run at (0,34) width 335: "selector, or it may simply not support the "
                RenderInline {TT} at (0,0) size 88x17
                  RenderText {#text} at (335,34) size 88x17
                    text run at (335,34) width 88: ":first-line"
                RenderText {#text} at (423,34) size 140x17
                  text run at (423,34) width 140: " pseudo-element."
              RenderBlock {P} at (4,138) size 761x85
                RenderText {#text} at (0,0) size 761x85
                  text run at (0,0) width 465: "The first line of this sentence should be boldfaced. "
                  text run at (465,0) width 282: "If it is red, then the user agent"
                  text run at (0,17) width 736: "has violated the specification in allowing pseudo-elements at a point other than the end of a"
                  text run at (0,34) width 73: "selector. "
                  text run at (73,34) width 688: "If neither is the case, then the user agent has correctly ignored the incorrect selector,"
                  text run at (0,51) width 727: "but has suppressed other styles which are valid, and therefore must be considered to have"
                  text run at (0,68) width 115: "failed the test."
