layer at (0,0) size 800x1325
  RenderView at (0,0) size 800x600
layer at (0,0) size 800x1325
  RenderBlock {HTML} at (0,0) size 800x1325
    RenderBody {BODY} at (8,8) size 784x1309 [bgcolor=#CCCCCC]
      RenderBlock {P} at (0,0) size 784x21
        RenderText {#text} at (0,1) size 356x19
          text run at (0,1) width 356: "The style declarations which apply to the text below are:"
      RenderBlock {PRE} at (0,37) size 784x135
        RenderText {#text} at (0,0) size 312x135
          text run at (0,0) width 216: "DIV.a {font-family: serif;}"
          text run at (216,0) width 0: " "
          text run at (0,15) width 248: "DIV.b {font-family: monospace;}"
          text run at (248,15) width 0: " "
          text run at (0,30) width 208: ".one {font-family: serif;}"
          text run at (208,30) width 0: " "
          text run at (0,45) width 248: ".two {font-family: sans-serif;}"
          text run at (248,45) width 0: " "
          text run at (0,60) width 240: ".three {font-family: cursive;}"
          text run at (240,60) width 0: " "
          text run at (0,75) width 232: ".four {font-family: fantasy;}"
          text run at (232,75) width 0: " "
          text run at (0,90) width 248: ".five {font-family: monospace;}"
          text run at (248,90) width 0: " "
          text run at (0,105) width 312: ".six {font-family: sans-serif,cursive;}"
          text run at (312,105) width 0: " "
          text run at (0,120) width 304: ".seven {font-family: monospace,serif;}"
          text run at (304,120) width 0: " "
      RenderBlock {HR} at (0,185) size 784x2 [border: (1px inset #000000)]
      RenderBlock {DIV} at (0,203) size 784x200
        RenderBlock {P} at (0,0) size 784x21
          RenderText {#text} at (0,1) size 638x19
            text run at (0,1) width 638: "This sentence is normal for the first division, which is the next five sentences; it should be a serif font."
        RenderBlock {P} at (0,37) size 784x21
          RenderText {#text} at (0,1) size 242x19
            text run at (0,1) width 242: "This sentence should be in a serif font."
        RenderBlock {P} at (0,74) size 784x21
          RenderText {#text} at (0,1) size 311x19
            text run at (0,1) width 311: "This sentence should be in a sans-serif font."
        RenderBlock {P} at (0,111) size 784x21
          RenderText {#text} at (0,1) size 260x19
            text run at (0,1) width 260: "This sentence should be in a cursive font."
        RenderBlock {P} at (0,148) size 784x21
          RenderText {#text} at (0,1) size 260x19
            text run at (0,1) width 260: "This sentence should be in a fantasy font."
        RenderBlock {P} at (0,185) size 784x15
          RenderText {#text} at (0,0) size 352x15
            text run at (0,0) width 352: "This sentence should be in a monospace font."
      RenderBlock {HR} at (0,416) size 784x2 [border: (1px inset #000000)]
      RenderBlock {P} at (0,434) size 784x21
        RenderText {#text} at (0,1) size 396x19
          text run at (0,1) width 396: "This sentence should be in a sans-serif font, not cursive."
      RenderBlock {P} at (0,471) size 784x19
        RenderText {#text} at (0,0) size 550x19
          text run at (0,0) width 550: "This sentence should be in a monospace font, not serif."
      RenderBlock {HR} at (0,506) size 784x2 [border: (1px inset #000000)]
      RenderBlock {DIV} at (0,521) size 784x209
        RenderBlock {P} at (0,0) size 784x30
          RenderText {#text} at (0,0) size 768x30
            text run at (0,0) width 768: "This sentence is normal for the first division, which is the next five sentences; it should be a"
            text run at (0,15) width 120: "monospace font."
        RenderBlock {P} at (0,46) size 784x21
          RenderText {#text} at (0,1) size 242x19
            text run at (0,1) width 242: "This sentence should be in a serif font."
        RenderBlock {P} at (0,83) size 784x21
          RenderText {#text} at (0,1) size 311x19
            text run at (0,1) width 311: "This sentence should be in a sans-serif font."
        RenderBlock {P} at (0,120) size 784x21
          RenderText {#text} at (0,1) size 260x19
            text run at (0,1) width 260: "This sentence should be in a cursive font."
        RenderBlock {P} at (0,157) size 784x21
          RenderText {#text} at (0,1) size 260x19
            text run at (0,1) width 260: "This sentence should be in a fantasy font."
        RenderBlock {P} at (0,194) size 784x15
          RenderText {#text} at (0,0) size 352x15
            text run at (0,0) width 352: "This sentence should be in a monospace font."
      RenderTable {TABLE} at (0,743) size 784x566 [border: (1px outset #808080)]
        RenderTableSection {TBODY} at (1,1) size 782x564
          RenderTableRow {TR} at (0,0) size 782x29
            RenderTableCell {TD} at (0,0) size 782x29 [bgcolor=#C0C0C0] [border: (1px inset #808080)] [r=0 c=0 rs=1 cs=2]
              RenderInline {STRONG} at (0,0) size 161x19
                RenderText {#text} at (4,5) size 161x19
                  text run at (4,5) width 161: "TABLE Testing Section"
          RenderTableRow {TR} at (0,29) size 782x535
            RenderTableCell {TD} at (0,282) size 12x29 [bgcolor=#C0C0C0] [border: (1px inset #808080)] [r=1 c=0 rs=1 cs=1]
              RenderText {#text} at (4,5) size 4x19
                text run at (4,5) width 4: " "
            RenderTableCell {TD} at (12,29) size 770x535 [border: (1px inset #808080)] [r=1 c=1 rs=1 cs=1]
              RenderBlock {DIV} at (4,4) size 762x200
                RenderBlock {P} at (0,0) size 762x21
                  RenderText {#text} at (0,1) size 638x19
                    text run at (0,1) width 638: "This sentence is normal for the first division, which is the next five sentences; it should be a serif font."
                RenderBlock {P} at (0,37) size 762x21
                  RenderText {#text} at (0,1) size 242x19
                    text run at (0,1) width 242: "This sentence should be in a serif font."
                RenderBlock {P} at (0,74) size 762x21
                  RenderText {#text} at (0,1) size 311x19
                    text run at (0,1) width 311: "This sentence should be in a sans-serif font."
                RenderBlock {P} at (0,111) size 762x21
                  RenderText {#text} at (0,1) size 260x19
                    text run at (0,1) width 260: "This sentence should be in a cursive font."
                RenderBlock {P} at (0,148) size 762x21
                  RenderText {#text} at (0,1) size 260x19
                    text run at (0,1) width 260: "This sentence should be in a fantasy font."
                RenderBlock {P} at (0,185) size 762x15
                  RenderText {#text} at (0,0) size 352x15
                    text run at (0,0) width 352: "This sentence should be in a monospace font."
              RenderBlock {HR} at (4,217) size 762x2 [border: (1px inset #000000)]
              RenderBlock {P} at (4,235) size 762x21
                RenderText {#text} at (0,1) size 396x19
                  text run at (0,1) width 396: "This sentence should be in a sans-serif font, not cursive."
              RenderBlock {P} at (4,272) size 762x19
                RenderText {#text} at (0,0) size 550x19
                  text run at (0,0) width 550: "This sentence should be in a monospace font, not serif."
              RenderBlock {HR} at (4,307) size 762x2 [border: (1px inset #000000)]
              RenderBlock {DIV} at (4,322) size 762x209
                RenderBlock {P} at (0,0) size 762x30
                  RenderText {#text} at (0,0) size 752x30
                    text run at (0,0) width 752: "This sentence is normal for the first division, which is the next five sentences; it should be"
                    text run at (0,15) width 136: "a monospace font."
                RenderBlock {P} at (0,46) size 762x21
                  RenderText {#text} at (0,1) size 242x19
                    text run at (0,1) width 242: "This sentence should be in a serif font."
                RenderBlock {P} at (0,83) size 762x21
                  RenderText {#text} at (0,1) size 311x19
                    text run at (0,1) width 311: "This sentence should be in a sans-serif font."
                RenderBlock {P} at (0,120) size 762x21
                  RenderText {#text} at (0,1) size 260x19
                    text run at (0,1) width 260: "This sentence should be in a cursive font."
                RenderBlock {P} at (0,157) size 762x21
                  RenderText {#text} at (0,1) size 260x19
                    text run at (0,1) width 260: "This sentence should be in a fantasy font."
                RenderBlock {P} at (0,194) size 762x15
                  RenderText {#text} at (0,0) size 352x15
                    text run at (0,0) width 352: "This sentence should be in a monospace font."
