layer at (0,0) size 800x600
  RenderView at (0,0) size 800x600
layer at (0,0) size 800x600
  RenderBlock {HTML} at (0,0) size 800x600
    RenderBody {BODY} at (8,8) size 784x576
      RenderBlock {CENTER} at (0,0) size 784x184
        RenderTable {TABLE} at (339,0) size 106x94 [border: none]
          RenderTableSection {THEAD} at (0,0) size 105x24
            RenderTableRow {TR} at (0,0) size 105x24
              RenderTableCell {TD} at (0,0) size 36x24 [border: (1px none #808080) none none (1px solid #808080)] [r=0 c=0 rs=1 cs=1]
                RenderText {#text} at (2,3) size 29x19
                  text run at (2,3) width 29: "EST"
              RenderTableCell {TD} at (36,0) size 30x24 [border: (1px none #808080) none none (1px solid #808080)] [r=0 c=1 rs=1 cs=1]
                RenderText {#text} at (2,3) size 27x19
                  text run at (2,3) width 27: "1am"
              RenderTableCell {TD} at (66,0) size 39x24 [border: (1px none #808080) none none (1px solid #808080)] [r=0 c=2 rs=1 cs=1]
                RenderText {#text} at (2,3) size 28x19
                  text run at (2,3) width 28: "8pm"
          RenderTableSection {TBODY} at (0,24) size 105x46
            RenderTableRow {TR} at (0,0) size 105x23
              RenderTableCell {TD} at (0,0) size 36x23 [border: none none none (1px solid #808080)] [r=0 c=0 rs=1 cs=1]
                RenderText {#text} at (2,2) size 30x19
                  text run at (2,2) width 30: "CST"
              RenderTableCell {TD} at (36,0) size 30x23 [border: none none none (1px solid #808080)] [r=0 c=1 rs=1 cs=1]
                RenderText {#text} at (2,2) size 27x19
                  text run at (2,2) width 27: "2am"
              RenderTableCell {TD} at (66,0) size 39x23 [border: none none none (1px solid #808080)] [r=0 c=2 rs=1 cs=1]
                RenderText {#text} at (2,2) size 28x19
                  text run at (2,2) width 28: "9pm"
            RenderTableRow {TR} at (0,23) size 105x23
              RenderTableCell {TD} at (0,23) size 36x23 [border: none none none (1px solid #808080)] [r=1 c=0 rs=1 cs=1]
                RenderText {#text} at (2,2) size 33x19
                  text run at (2,2) width 33: "MST"
              RenderTableCell {TD} at (36,23) size 30x23 [border: none none none (1px solid #808080)] [r=1 c=1 rs=1 cs=1]
                RenderText {#text} at (2,2) size 27x19
                  text run at (2,2) width 27: "3am"
              RenderTableCell {TD} at (66,23) size 39x23 [border: none none none (1px solid #808080)] [r=1 c=2 rs=1 cs=1]
                RenderText {#text} at (2,2) size 36x19
                  text run at (2,2) width 36: "10pm"
          RenderTableSection {TFOOT} at (0,70) size 105x23
            RenderTableRow {TR} at (0,0) size 105x23
              RenderTableCell {TD} at (0,0) size 36x23 [border: none none none (1px solid #808080)] [r=0 c=0 rs=1 cs=1]
                RenderText {#text} at (2,2) size 28x19
                  text run at (2,2) width 28: "PST"
              RenderTableCell {TD} at (36,0) size 30x23 [border: none none none (1px solid #808080)] [r=0 c=1 rs=1 cs=1]
                RenderText {#text} at (2,2) size 27x19
                  text run at (2,2) width 27: "4am"
              RenderTableCell {TD} at (66,0) size 39x23 [border: none none none (1px solid #808080)] [r=0 c=2 rs=1 cs=1]
                RenderText {#text} at (2,2) size 36x19
                  text run at (2,2) width 36: "11pm"
        RenderBlock {P} at (0,110) size 784x74
          RenderButton {BUTTON} at (240,2) size 89x31 [bgcolor=#C0C0C0] [border: (2px outset #C0C0C0)]
            RenderBlock (anonymous) at (8,5) size 73x21
              RenderText {#text} at (0,1) size 73x19
                text run at (0,1) width 25: "No "
                text run at (25,1) width 48: "borders"
          RenderButton {BUTTON} at (335,2) size 113x31 [bgcolor=#C0C0C0] [border: (2px outset #C0C0C0)]
            RenderBlock (anonymous) at (8,5) size 97x21
              RenderText {#text} at (0,1) size 97x19
                text run at (0,1) width 55: "Exterior "
                text run at (55,1) width 42: "border"
          RenderButton {BUTTON} at (454,2) size 88x31 [bgcolor=#C0C0C0] [border: (2px outset #C0C0C0)]
            RenderBlock (anonymous) at (8,5) size 72x21
              RenderText {#text} at (0,1) size 72x19
                text run at (0,1) width 24: "All "
                text run at (24,1) width 48: "borders"
          RenderBR {BR} at (546,23) size 0x0
          RenderButton {BUTTON} at (202,39) size 119x31 [bgcolor=#C0C0C0] [border: (2px outset #C0C0C0)]
            RenderBlock (anonymous) at (8,5) size 103x21
              RenderText {#text} at (0,1) size 103x19
                text run at (0,1) width 55: "Column "
                text run at (55,1) width 48: "borders"
          RenderButton {BUTTON} at (327,39) size 115x31 [bgcolor=#C0C0C0] [border: (2px outset #C0C0C0)]
            RenderBlock (anonymous) at (8,5) size 99x21
              RenderText {#text} at (0,1) size 99x19
                text run at (0,1) width 51: "Groups "
                text run at (51,1) width 48: "borders"
          RenderButton {BUTTON} at (448,39) size 132x31 [bgcolor=#C0C0C0] [border: (2px outset #C0C0C0)]
            RenderBlock (anonymous) at (8,5) size 116x21
              RenderText {#text} at (0,1) size 115x19
                text run at (0,1) width 39: "Table "
                text run at (39,1) width 76: "row borders"
          RenderText {#text} at (0,0) size 0x0
