layer at (0,0) size 800x600
  RenderView at (0,0) size 800x600
layer at (0,0) size 800x600
  RenderBlock {HTML} at (0,0) size 800x600
    RenderBody {BODY} at (8,8) size 784x584
      RenderBlock (anonymous) at (0,0) size 784x42
        RenderText {#text} at (0,1) size 598x19
          text run at (0,1) width 598: "This table uses a COLSPAN attribute in the TD tag. The COLSPAN attribute has a value of 6."
        RenderBR {BR} at (598,16) size 0x0
        RenderBR {BR} at (0,22) size 0x19
      RenderTable {TABLE} at (0,42) size 346x58 [border: (1px outset #808080)]
        RenderTableSection {TBODY} at (1,1) size 344x56
          RenderTableRow {TR} at (0,2) size 344x25
            RenderTableCell {TD} at (2,2) size 340x25 [border: (1px inset #808080)] [r=0 c=0 rs=1 cs=6]
              RenderText {#text} at (2,3) size 257x19
                text run at (2,3) width 257: "Netscape Communicator 4.0.6 Platforms"
          RenderTableRow {TR} at (0,29) size 344x25
            RenderTableCell {TD} at (2,29) size 60x25 [border: (1px inset #808080)] [r=1 c=0 rs=1 cs=1]
              RenderText {#text} at (2,3) size 56x19
                text run at (2,3) width 56: "Mac 68k"
            RenderTableCell {TD} at (64,29) size 77x25 [border: (1px inset #808080)] [r=1 c=1 rs=1 cs=1]
              RenderText {#text} at (2,3) size 73x19
                text run at (2,3) width 73: "Power Mac"
            RenderTableCell {TD} at (143,29) size 55x25 [border: (1px inset #808080)] [r=1 c=2 rs=1 cs=1]
              RenderText {#text} at (2,3) size 51x19
                text run at (2,3) width 51: "Win 3.1"
            RenderTableCell {TD} at (200,29) size 51x25 [border: (1px inset #808080)] [r=1 c=3 rs=1 cs=1]
              RenderText {#text} at (2,3) size 47x19
                text run at (2,3) width 47: "Win 95"
            RenderTableCell {TD} at (253,29) size 51x25 [border: (1px inset #808080)] [r=1 c=4 rs=1 cs=1]
              RenderText {#text} at (2,3) size 47x19
                text run at (2,3) width 47: "Win 98"
            RenderTableCell {TD} at (306,29) size 36x25 [border: (1px inset #808080)] [r=1 c=5 rs=1 cs=1]
              RenderText {#text} at (2,3) size 32x19
                text run at (2,3) width 32: "Unix"
