layer at (0,0) size 800x600
  RenderView at (0,0) size 800x600
layer at (0,0) size 800x600
  RenderBlock {HTML} at (0,0) size 800x600
    RenderBody {BODY} at (8,8) size 784x584
      RenderTable {TABLE} at (0,0) size 414x123 [border: (2px outset #808080)]
        RenderBlock {CAPTION} at (0,0) size 409x21
          RenderText {#text} at (10,1) size 388x19
            text run at (10,1) width 388: "Communicator 4.5 Installers for Mac and Windows Platforms"
        RenderTableSection {TBODY} at (2,23) size 409x97
          RenderTableRow {TR} at (0,0) size 409x26
            RenderTableCell {TH} at (0,10) size 119x5 [border: (3px none #000000)] [r=0 c=0 rs=1 cs=1]
            RenderTableCell {TH} at (119,0) size 109x26 [border: (3px none #000000)] [r=0 c=1 rs=1 cs=1]
              RenderText {#text} at (1,5) size 107x19
                text run at (1,5) width 107: "Macintosh PPC"
            RenderTableCell {TH} at (228,0) size 86x26 [border: (3px none #000000)] [r=0 c=2 rs=1 cs=1]
              RenderText {#text} at (1,5) size 84x19
                text run at (1,5) width 84: "Windows 95"
            RenderTableCell {TH} at (314,0) size 95x26 [border: (3px none #000000)] [r=0 c=3 rs=1 cs=1]
              RenderText {#text} at (1,5) size 91x19
                text run at (1,5) width 91: "Windows NT"
          RenderTableRow {TR} at (0,26) size 409x23
            RenderTableCell {TD} at (0,26) size 119x23 [border: none] [r=1 c=0 rs=1 cs=1]
              RenderText {#text} at (4,2) size 73x19
                text run at (4,2) width 73: "Base Install"
            RenderTableCell {TD} at (119,26) size 109x23 [r=1 c=1 rs=1 cs=1]
              RenderText {#text} at (1,2) size 21x19
                text run at (1,2) width 21: "yes"
            RenderTableCell {TD} at (228,26) size 86x23 [r=1 c=2 rs=1 cs=1]
              RenderText {#text} at (1,2) size 21x19
                text run at (1,2) width 21: "yes"
            RenderTableCell {TD} at (314,26) size 95x23 [border: none] [r=1 c=3 rs=1 cs=1]
              RenderText {#text} at (1,2) size 21x19
                text run at (1,2) width 21: "yes"
          RenderTableRow {TR} at (0,49) size 409x23
            RenderTableCell {TD} at (0,49) size 119x23 [border: none] [r=2 c=0 rs=1 cs=1]
              RenderText {#text} at (4,2) size 103x19
                text run at (4,2) width 103: "Complete Install"
            RenderTableCell {TD} at (119,49) size 109x23 [r=2 c=1 rs=1 cs=1]
              RenderText {#text} at (1,2) size 21x19
                text run at (1,2) width 21: "yes"
            RenderTableCell {TD} at (228,49) size 86x23 [r=2 c=2 rs=1 cs=1]
              RenderText {#text} at (1,2) size 21x19
                text run at (1,2) width 21: "yes"
            RenderTableCell {TD} at (314,49) size 95x23 [border: none] [r=2 c=3 rs=1 cs=1]
              RenderText {#text} at (1,2) size 21x19
                text run at (1,2) width 21: "yes"
          RenderTableRow {TR} at (0,72) size 409x25
            RenderTableCell {TD} at (0,72) size 119x25 [border: none] [r=3 c=0 rs=1 cs=1]
              RenderText {#text} at (4,2) size 114x19
                text run at (4,2) width 114: "Pro Edition Install"
            RenderTableCell {TD} at (119,72) size 109x25 [border: none] [r=3 c=1 rs=1 cs=1]
              RenderText {#text} at (1,2) size 21x19
                text run at (1,2) width 21: "yes"
            RenderTableCell {TD} at (228,72) size 86x25 [border: none] [r=3 c=2 rs=1 cs=1]
              RenderText {#text} at (1,2) size 21x19
                text run at (1,2) width 21: "yes"
            RenderTableCell {TD} at (314,72) size 95x25 [border: none] [r=3 c=3 rs=1 cs=1]
              RenderText {#text} at (1,2) size 21x19
                text run at (1,2) width 21: "yes"
