layer at (0,0) size 800x600
  RenderView at (0,0) size 800x600
layer at (0,0) size 800x600
  RenderBlock {HTML} at (0,0) size 800x600
    RenderBody {BODY} at (8,8) size 784x584
      RenderBlock (anonymous) at (0,0) size 784x42
        RenderText {#text} at (0,1) size 783x40
          text run at (0,1) width 528: "The table displayed is two rows by three columns. Each table row has been aligned "
          text run at (528,1) width 255: "left. The table has been assigned a width"
          text run at (0,22) width 237: "and border value so that it is easier to "
          text run at (237,22) width 113: "see the alignment."
        RenderBR {BR} at (350,37) size 0x0
      RenderTable {TABLE} at (0,42) size 300x58 [border: (1px outset #808080)]
        RenderTableSection {TBODY} at (1,1) size 298x56
          RenderTableRow {TR} at (0,2) size 298x25
            RenderTableCell {TD} at (2,2) size 97x25 [border: (1px inset #808080)] [r=0 c=0 rs=1 cs=1]
              RenderText {#text} at (16,3) size 64x19
                text run at (16,3) width 64: "Navigator"
            RenderTableCell {TD} at (101,2) size 102x25 [border: (1px inset #808080)] [r=0 c=1 rs=1 cs=1]
              RenderText {#text} at (17,3) size 68x19
                text run at (17,3) width 68: "Messenger"
            RenderTableCell {TD} at (205,2) size 91x25 [border: (1px inset #808080)] [r=0 c=2 rs=1 cs=1]
              RenderText {#text} at (18,3) size 54x19
                text run at (18,3) width 54: "Collabra"
          RenderTableRow {TR} at (0,29) size 298x25
            RenderTableCell {TD} at (2,29) size 97x25 [border: (1px inset #808080)] [r=1 c=0 rs=1 cs=1]
              RenderText {#text} at (16,3) size 65x19
                text run at (16,3) width 65: "Composer"
            RenderTableCell {TD} at (101,29) size 102x25 [border: (1px inset #808080)] [r=1 c=1 rs=1 cs=1]
              RenderText {#text} at (22,3) size 57x19
                text run at (22,3) width 57: "Calendar"
            RenderTableCell {TD} at (205,29) size 91x25 [border: (1px inset #808080)] [r=1 c=2 rs=1 cs=1]
              RenderText {#text} at (15,3) size 60x19
                text run at (15,3) width 60: "Netcaster"
