layer at (0,0) size 800x600
  RenderView at (0,0) size 800x600
layer at (0,0) size 800x600
  RenderBlock {HTML} at (0,0) size 800x600
    RenderBody {BODY} at (8,8) size 784x584
      RenderBlock (anonymous) at (0,0) size 784x42
        RenderText {#text} at (0,1) size 781x40
          text run at (0,1) width 598: "This test case shows how WIDTH can set the width of the table to a fixed size using PIXELS. "
          text run at (598,1) width 183: "This first table has a width of"
          text run at (0,22) width 69: "400 pixels."
      RenderTable {TABLE} at (0,42) size 400x52
        RenderTableSection {TBODY} at (0,0) size 400x52
          RenderTableRow {TR} at (0,2) size 400x23
            RenderTableCell {TD} at (2,2) size 131x23 [r=0 c=0 rs=1 cs=1]
              RenderText {#text} at (1,2) size 64x19
                text run at (1,2) width 64: "Navigator"
            RenderTableCell {TD} at (135,2) size 138x23 [r=0 c=1 rs=1 cs=1]
              RenderText {#text} at (1,2) size 68x19
                text run at (1,2) width 68: "Messenger"
            RenderTableCell {TD} at (275,2) size 123x23 [r=0 c=2 rs=1 cs=1]
              RenderText {#text} at (1,2) size 54x19
                text run at (1,2) width 54: "Collabra"
          RenderTableRow {TR} at (0,27) size 400x23
            RenderTableCell {TD} at (2,27) size 131x23 [r=1 c=0 rs=1 cs=1]
              RenderText {#text} at (1,2) size 65x19
                text run at (1,2) width 65: "Composer"
            RenderTableCell {TD} at (135,27) size 138x23 [r=1 c=1 rs=1 cs=1]
              RenderText {#text} at (1,2) size 57x19
                text run at (1,2) width 57: "Calendar"
            RenderTableCell {TD} at (275,27) size 123x23 [r=1 c=2 rs=1 cs=1]
              RenderText {#text} at (1,2) size 60x19
                text run at (1,2) width 60: "Netcaster"
      RenderBlock (anonymous) at (0,94) size 784x42
        RenderBR {BR} at (0,1) size 0x19
        RenderText {#text} at (0,22) size 316x19
          text run at (0,22) width 316: "While, this second table has a width of 300 pixels."
      RenderTable {TABLE} at (0,136) size 300x52
        RenderTableSection {TBODY} at (0,0) size 300x52
          RenderTableRow {TR} at (0,2) size 300x23
            RenderTableCell {TD} at (2,2) size 98x23 [r=0 c=0 rs=1 cs=1]
              RenderText {#text} at (1,2) size 64x19
                text run at (1,2) width 64: "Navigator"
            RenderTableCell {TD} at (102,2) size 102x23 [r=0 c=1 rs=1 cs=1]
              RenderText {#text} at (1,2) size 68x19
                text run at (1,2) width 68: "Messenger"
            RenderTableCell {TD} at (206,2) size 92x23 [r=0 c=2 rs=1 cs=1]
              RenderText {#text} at (1,2) size 54x19
                text run at (1,2) width 54: "Collabra"
          RenderTableRow {TR} at (0,27) size 300x23
            RenderTableCell {TD} at (2,27) size 98x23 [r=1 c=0 rs=1 cs=1]
              RenderText {#text} at (1,2) size 65x19
                text run at (1,2) width 65: "Composer"
            RenderTableCell {TD} at (102,27) size 102x23 [r=1 c=1 rs=1 cs=1]
              RenderText {#text} at (1,2) size 57x19
                text run at (1,2) width 57: "Calendar"
            RenderTableCell {TD} at (206,27) size 92x23 [r=1 c=2 rs=1 cs=1]
              RenderText {#text} at (1,2) size 60x19
                text run at (1,2) width 60: "Netcaster"
