layer at (0,0) size 800x600
  RenderView at (0,0) size 800x600
layer at (0,0) size 800x600
  RenderBlock {HTML} at (0,0) size 800x600
    RenderBody {BODY} at (8,8) size 784x584
      RenderBlock {P} at (0,0) size 784x21
        RenderText {#text} at (0,1) size 680x19
          text run at (0,1) width 680: "The TBODY element labels the body area of a table. In this test, the TBODY text should be center aligned."
      RenderTable {TABLE} at (0,37) size 688x91 [border: (1px outset #808080)]
        RenderTableSection {THEAD} at (1,1) size 686x29
          RenderTableRow {TR} at (0,2) size 686x25
            RenderTableCell {TD} at (2,2) size 340x25 [border: (1px inset #808080)] [r=0 c=0 rs=1 cs=1]
              RenderText {#text} at (2,3) size 336x19
                text run at (2,3) width 336: "This text is in the THEADThis text is in the THEAD"
            RenderTableCell {TD} at (344,2) size 340x25 [border: (1px inset #808080)] [r=0 c=1 rs=1 cs=1]
              RenderText {#text} at (2,3) size 336x19
                text run at (2,3) width 336: "This text is in the THEADThis text is in the THEAD"
        RenderTableSection {TFOOT} at (1,61) size 686x29
          RenderTableRow {TR} at (0,2) size 686x25
            RenderTableCell {TD} at (2,2) size 340x25 [border: (1px inset #808080)] [r=0 c=0 rs=1 cs=1]
              RenderText {#text} at (2,3) size 330x19
                text run at (2,3) width 330: "This text is in the TFOOTThis text is in the TFOOT"
            RenderTableCell {TD} at (344,2) size 340x25 [border: (1px inset #808080)] [r=0 c=1 rs=1 cs=1]
              RenderText {#text} at (2,3) size 330x19
                text run at (2,3) width 330: "This text is in the TFOOTThis text is in the TFOOT"
        RenderTableSection {TBODY} at (1,30) size 686x29
          RenderTableRow {TR} at (0,2) size 686x25
            RenderTableCell {TD} at (2,2) size 340x25 [border: (1px inset #808080)] [r=0 c=0 rs=1 cs=1]
              RenderText {#text} at (85,3) size 169x19
                text run at (85,3) width 169: "This text is in the TBODY"
            RenderTableCell {TD} at (344,2) size 340x25 [border: (1px inset #808080)] [r=0 c=1 rs=1 cs=1]
              RenderText {#text} at (85,3) size 169x19
                text run at (85,3) width 169: "This text is in the TBODY"
        RenderTableSection {TBODY} at (1,59) size 686x2
