layer at (0,0) size 800x600
  RenderView at (0,0) size 800x600
layer at (0,0) size 800x600
  RenderBlock {HTML} at (0,0) size 800x600
    RenderBody {BODY} at (8,8) size 784x584
      RenderBlock (anonymous) at (0,0) size 784x21
        RenderText {#text} at (0,1) size 214x19
          text run at (0,1) width 214: "The 2 tables should look the same"
      RenderTable {TABLE} at (0,21) size 541x31 [bgcolor=#FFA500] [border: (1px outset #808080)]
        RenderTableCol {COLGROUP} at (0,0) size 0x0
          RenderTableCol {COL} at (0,0) size 0x0
          RenderTableCol {COL} at (0,0) size 0x0
        RenderTableSection {TBODY} at (1,1) size 539x29
          RenderTableRow {TR} at (0,2) size 539x25
            RenderTableCell {TD} at (2,2) size 200x25 [border: (1px inset #808080)] [r=0 c=0 rs=1 cs=1]
              RenderText {#text} at (2,3) size 24x19
                text run at (2,3) width 24: "200"
            RenderTableCell {TD} at (204,2) size 300x25 [border: (1px inset #808080)] [r=0 c=1 rs=1 cs=1]
              RenderText {#text} at (2,3) size 24x19
                text run at (2,3) width 24: "300"
            RenderTableCell {TD} at (506,2) size 31x25 [border: (1px inset #808080)] [r=0 c=2 rs=1 cs=1]
              RenderText {#text} at (2,3) size 27x19
                text run at (2,3) width 27: "auto"
      RenderBlock (anonymous) at (0,52) size 784x21
        RenderBR {BR} at (0,1) size 0x19
      RenderTable {TABLE} at (0,73) size 541x31 [bgcolor=#FFA500] [border: (1px outset #808080)]
        RenderTableCol {COLGROUP} at (0,0) size 0x0
          RenderTableCol {COL} at (0,0) size 0x0
          RenderTableCol {COL} at (0,0) size 0x0
        RenderTableSection {TBODY} at (1,1) size 539x29
          RenderTableRow {TR} at (0,2) size 539x25
            RenderTableCell {TD} at (2,2) size 200x25 [border: (1px inset #808080)] [r=0 c=0 rs=1 cs=1]
              RenderText {#text} at (2,3) size 24x19
                text run at (2,3) width 24: "200"
            RenderTableCell {TD} at (204,2) size 300x25 [border: (1px inset #808080)] [r=0 c=1 rs=1 cs=1]
              RenderText {#text} at (2,3) size 24x19
                text run at (2,3) width 24: "300"
            RenderTableCell {TD} at (506,2) size 31x25 [border: (1px inset #808080)] [r=0 c=2 rs=1 cs=1]
              RenderText {#text} at (2,3) size 27x19
                text run at (2,3) width 27: "auto"
