layer at (0,0) size 800x600
  RenderView at (0,0) size 800x600
layer at (0,0) size 800x600
  RenderBlock {HTML} at (0,0) size 800x600
    RenderBody {BODY} at (8,8) size 784x584
      RenderBlock {FORM} at (0,0) size 784x74
        RenderMenuList {SELECT} at (2,2) size 121x32 [bgcolor=#FFFFFF] [border: (1px solid #000000)]
          RenderBlock (anonymous) at (9,5) size 75x21
            RenderText at (0,1) size 72x19
              text run at (0,1) width 72: "append cell"
        RenderText {#text} at (125,8) size 52x19
          text run at (125,8) width 52: "   tbody "
        RenderTextControl {INPUT} at (179,2) size 72x31 [bgcolor=#FFFFFF] [border: (2px inset #000000)]
        RenderText {#text} at (255,8) size 41x19
          text run at (255,8) width 41: "   row "
        RenderTextControl {INPUT} at (298,2) size 72x31 [bgcolor=#FFFFFF] [border: (2px inset #000000)]
        RenderText {#text} at (374,8) size 35x19
          text run at (374,8) width 35: "   col "
        RenderTextControl {INPUT} at (411,2) size 72x31 [bgcolor=#FFFFFF] [border: (2px inset #000000)]
        RenderText {#text} at (487,8) size 74x19
          text run at (487,8) width 74: "   row span "
        RenderTextControl {INPUT} at (563,2) size 72x31 [bgcolor=#FFFFFF] [border: (2px inset #000000)]
        RenderText {#text} at (639,8) size 68x19
          text run at (639,8) width 68: "   col span "
        RenderTextControl {INPUT} at (2,39) size 72x31 [bgcolor=#FFFFFF] [border: (2px inset #000000)]
        RenderText {#text} at (78,45) size 20x19
          text run at (78,45) width 20: "     "
        RenderButton {INPUT} at (100,39) size 49x31 [bgcolor=#C0C0C0] [border: (2px outset #C0C0C0)]
          RenderBlock (anonymous) at (8,5) size 33x21
            RenderText at (0,1) size 33x19
              text run at (0,1) width 33: "Do It"
        RenderText {#text} at (0,0) size 0x0
      RenderBlock (anonymous) at (0,90) size 784x21
        RenderBR {BR} at (0,1) size 0x19
      RenderTable {TABLE} at (0,111) size 62x58 [bgcolor=#FFA500] [border: (1px outset #808080)]
        RenderTableSection {TBODY} at (1,1) size 60x56
          RenderTableRow {TR} at (0,2) size 60x25
            RenderTableCell {TD} at (2,2) size 27x25 [border: (1px inset #808080)] [r=0 c=0 rs=1 cs=1]
              RenderText {#text} at (2,3) size 23x19
                text run at (2,3) width 23: "c11"
          RenderTableRow {TR} at (0,29) size 60x25
            RenderTableCell {TD} at (2,29) size 27x25 [border: (1px inset #808080)] [r=1 c=0 rs=1 cs=1]
              RenderText {#text} at (2,3) size 23x19
                text run at (2,3) width 23: "c21"
            RenderTableCell {TD} at (31,29) size 27x25 [border: (1px inset #808080)] [r=1 c=1 rs=1 cs=1]
              RenderText {#text} at (2,3) size 23x19
                text run at (2,3) width 23: "c22"
      RenderBlock (anonymous) at (0,169) size 784x21
        RenderBR {BR} at (0,1) size 0x19
layer at (190,15) size 66x21
  RenderBlock {DIV} at (3,5) size 66x21
    RenderText {#text} at (1,1) size 8x19
      text run at (1,1) width 8: "0"
layer at (309,15) size 66x21
  RenderBlock {DIV} at (3,5) size 66x21
    RenderText {#text} at (1,1) size 8x19
      text run at (1,1) width 8: "0"
layer at (422,15) size 66x21
  RenderBlock {DIV} at (3,5) size 66x21
    RenderText {#text} at (1,1) size 8x19
      text run at (1,1) width 8: "0"
layer at (574,15) size 66x21
  RenderBlock {DIV} at (3,5) size 66x21
    RenderText {#text} at (1,1) size 8x19
      text run at (1,1) width 8: "1"
layer at (13,52) size 66x21
  RenderBlock {DIV} at (3,5) size 66x21
    RenderText {#text} at (1,1) size 8x19
      text run at (1,1) width 8: "1"
