layer at (0,0) size 800x600
  RenderView at (0,0) size 800x600
layer at (0,0) size 800x600
  RenderBlock {HTML} at (0,0) size 800x600
    RenderBody {BODY} at (8,8) size 784x584
      RenderTable {TABLE} at (0,0) size 784x175
        RenderTableSection {TBODY} at (0,0) size 784x175
          RenderTableRow {TR} at (0,0) size 784x86
            RenderTableCell {TD} at (0,0) size 784x86 [r=0 c=0 rs=1 cs=4]
              RenderBR {BR} at (392,2) size 0x19
              RenderInline {FONT} at (0,0) size 728x61
                RenderText {#text} at (28,23) size 728x40
                  text run at (28,23) width 181: "The Supreme Court says "
                  text run at (209,23) width 547: "Wisconsin can continue using tuition vouchers to help poor parents send their"
                  text run at (212,44) width 221: "children to church-run schools. "
                  text run at (433,44) width 139: "What's your stand? "
                RenderBR {BR} at (572,59) size 0x0
                RenderBR {BR} at (392,65) size 0x19
              RenderText {#text} at (0,0) size 0x0
          RenderTableRow {TR} at (0,86) size 784x25
            RenderTableCell {TD} at (0,89) size 523x19 [r=1 c=0 rs=1 cs=1]
              RenderInline {FONT} at (0,0) size 140x15
                RenderText {#text} at (382,2) size 140x15
                  text run at (382,2) width 140: "I agree with the program"
              RenderText {#text} at (0,0) size 0x0
            RenderTableCell {TD} at (523,86) size 87x25 [r=1 c=1 rs=1 cs=1]
              RenderBlock {INPUT} at (5,4) size 16x16
          RenderTableRow {TR} at (0,111) size 784x25
            RenderTableCell {TD} at (0,114) size 523x19 [r=2 c=0 rs=1 cs=1]
              RenderInline {FONT} at (0,0) size 153x15
                RenderText {#text} at (369,2) size 153x15
                  text run at (369,2) width 153: "I think vouchers are wrong"
              RenderText {#text} at (0,0) size 0x0
            RenderTableCell {TD} at (523,111) size 87x25 [r=2 c=1 rs=1 cs=1]
              RenderBlock {INPUT} at (5,4) size 16x16
          RenderTableRow {TR} at (0,136) size 784x39
            RenderTableCell {TD} at (0,146) size 610x19 [r=3 c=0 rs=1 cs=2]
              RenderInline {A} at (0,0) size 76x19 [color=#0000EE]
                RenderInline {FONT} at (0,0) size 76x15
                  RenderText {#text} at (267,2) size 76x15
                    text run at (267,2) width 76: "View Results"
              RenderInline {FONT} at (0,0) size 0x0
                RenderText {#text} at (0,0) size 0x0
            RenderTableCell {TD} at (610,136) size 174x39 [r=3 c=2 rs=1 cs=2]
              RenderButton {INPUT} at (64,3) size 43x31 [bgcolor=#C0C0C0] [border: (2px outset #C0C0C0)]
                RenderBlock (anonymous) at (8,5) size 27x21
                  RenderText at (0,1) size 27x19
                    text run at (0,1) width 27: "vote"
              RenderText {#text} at (0,0) size 0x0
