layer at (0,0) size 800x1006
  RenderView at (0,0) size 800x600
layer at (0,0) size 800x1006
  RenderBlock {HTML} at (0,0) size 800x1006
    RenderBody {BODY} at (8,8) size 784x990
      RenderBlock {DIV} at (0,0) size 784x185
        RenderBlock {HR} at (0,0) size 784x2 [border: (1px inset #000000)]
        RenderBlock {P} at (0,18) size 784x21
          RenderInline {B} at (0,0) size 329x19
            RenderText {#text} at (227,1) size 329x19
              text run at (227,1) width 329: "Tables I, II, III, IV (cellpadding=0 cellspacing=5)"
        RenderTable {TABLE} at (98,55) size 587x130 [bgcolor=#FFCC00] [border: (1px outset #808080)]
          RenderTableSection {TBODY} at (1,1) size 585x128
            RenderTableRow {TR} at (0,2) size 585x124
              RenderTableCell {TD} at (2,2) size 154x124 [border: (1px inset #808080)] [r=0 c=0 rs=1 cs=1]
                RenderTable {TABLE} at (6,6) size 142x112 [bgcolor=#FFFFFF] [border: (1px outset #808080)]
                  RenderBlock {CAPTION} at (0,0) size 140x21
                    RenderInline {NOBR} at (0,0) size 44x19
                      RenderText {#text} at (48,1) size 44x19
                        text run at (48,1) width 44: "Table I"
                  RenderTableSection {TBODY} at (1,22) size 140x89
                    RenderTableRow {TR} at (0,5) size 140x23
                      RenderTableCell {TD} at (5,5) size 22x23 [border: (1px inset #808080)] [r=0 c=0 rs=1 cs=1]
                        RenderText {#text} at (1,2) size 20x19
                          text run at (1,2) width 20: "1,1"
                      RenderTableCell {TD} at (32,5) size 22x23 [border: (1px inset #808080)] [r=0 c=1 rs=1 cs=1]
                        RenderText {#text} at (1,2) size 20x19
                          text run at (1,2) width 20: "1,2"
                      RenderTableCell {TD} at (59,5) size 22x23 [border: (1px inset #808080)] [r=0 c=2 rs=1 cs=1]
                        RenderText {#text} at (1,2) size 20x19
                          text run at (1,2) width 20: "1,3"
                      RenderTableCell {TD} at (86,5) size 22x23 [border: (1px inset #808080)] [r=0 c=3 rs=1 cs=1]
                        RenderText {#text} at (1,2) size 20x19
                          text run at (1,2) width 20: "1,4"
                      RenderTableCell {TD} at (113,5) size 22x23 [border: (1px inset #808080)] [r=0 c=4 rs=1 cs=1]
                        RenderText {#text} at (1,2) size 20x19
                          text run at (1,2) width 20: "1,5"
                    RenderTableRow {TR} at (0,33) size 140x23
                      RenderTableCell {TD} at (5,33) size 22x23 [border: (1px inset #808080)] [r=1 c=0 rs=1 cs=1]
                        RenderText {#text} at (1,2) size 20x19
                          text run at (1,2) width 20: "2,1"
                      RenderTableCell {TD} at (32,33) size 22x23 [border: (1px inset #808080)] [r=1 c=1 rs=1 cs=1]
                        RenderText {#text} at (1,2) size 20x19
                          text run at (1,2) width 20: "2,2"
                      RenderTableCell {TD} at (59,33) size 22x23 [border: (1px inset #808080)] [r=1 c=2 rs=1 cs=1]
                        RenderText {#text} at (1,2) size 20x19
                          text run at (1,2) width 20: "2,3"
                      RenderTableCell {TD} at (86,33) size 22x23 [border: (1px inset #808080)] [r=1 c=3 rs=1 cs=1]
                        RenderText {#text} at (1,2) size 20x19
                          text run at (1,2) width 20: "2,4"
                      RenderTableCell {TD} at (113,33) size 22x23 [border: (1px inset #808080)] [r=1 c=4 rs=1 cs=1]
                        RenderText {#text} at (1,2) size 20x19
                          text run at (1,2) width 20: "2,5"
                    RenderTableRow {TR} at (0,61) size 140x23
                      RenderTableCell {TD} at (5,61) size 22x23 [border: (1px inset #808080)] [r=2 c=0 rs=1 cs=1]
                        RenderText {#text} at (1,2) size 20x19
                          text run at (1,2) width 20: "3,1"
                      RenderTableCell {TD} at (32,61) size 22x23 [bgcolor=#FFFF66] [border: (1px inset #808080)] [r=2 c=1 rs=1 cs=1]
                        RenderText {#text} at (1,2) size 20x19
                          text run at (1,2) width 20: "3,2"
                      RenderTableCell {TD} at (59,61) size 22x23 [bgcolor=#FFFF66] [border: (1px inset #808080)] [r=2 c=2 rs=1 cs=1]
                        RenderText {#text} at (1,2) size 20x19
                          text run at (1,2) width 20: "3,3"
                      RenderTableCell {TD} at (86,61) size 22x23 [bgcolor=#FFFF66] [border: (1px inset #808080)] [r=2 c=3 rs=1 cs=1]
                        RenderText {#text} at (1,2) size 20x19
                          text run at (1,2) width 20: "3,4"
                      RenderTableCell {TD} at (113,61) size 22x23 [border: (1px inset #808080)] [r=2 c=4 rs=1 cs=1]
                        RenderText {#text} at (1,2) size 20x19
                          text run at (1,2) width 20: "3,5"
              RenderTableCell {TD} at (158,2) size 154x124 [border: (1px inset #808080)] [r=0 c=1 rs=1 cs=1]
                RenderTable {TABLE} at (6,6) size 142x112 [bgcolor=#FFFFFF] [border: (1px outset #808080)]
                  RenderBlock {CAPTION} at (0,0) size 140x21
                    RenderInline {NOBR} at (0,0) size 49x19
                      RenderText {#text} at (45,1) size 49x19
                        text run at (45,1) width 49: "Table II"
                  RenderTableSection {TBODY} at (1,22) size 140x89
                    RenderTableRow {TR} at (0,5) size 140x23
                      RenderTableCell {TD} at (5,5) size 22x23 [border: (1px inset #808080)] [r=0 c=0 rs=1 cs=1]
                        RenderText {#text} at (1,2) size 20x19
                          text run at (1,2) width 20: "1,1"
                      RenderTableCell {TD} at (32,5) size 49x23 [border: (1px inset #808080)] [r=0 c=1 rs=1 cs=2]
                        RenderText {#text} at (1,2) size 20x19
                          text run at (1,2) width 20: "1,2"
                      RenderTableCell {TD} at (86,5) size 22x23 [border: (1px inset #808080)] [r=0 c=3 rs=1 cs=1]
                        RenderText {#text} at (1,2) size 20x19
                          text run at (1,2) width 20: "1,4"
                      RenderTableCell {TD} at (113,5) size 22x23 [border: (1px inset #808080)] [r=0 c=4 rs=1 cs=1]
                        RenderText {#text} at (1,2) size 20x19
                          text run at (1,2) width 20: "1,5"
                    RenderTableRow {TR} at (0,33) size 140x23
                      RenderTableCell {TD} at (5,33) size 22x23 [border: (1px inset #808080)] [r=1 c=0 rs=1 cs=1]
                        RenderText {#text} at (1,2) size 20x19
                          text run at (1,2) width 20: "2,1"
                      RenderTableCell {TD} at (32,33) size 22x23 [border: (1px inset #808080)] [r=1 c=1 rs=1 cs=1]
                        RenderText {#text} at (1,2) size 20x19
                          text run at (1,2) width 20: "2,2"
                      RenderTableCell {TD} at (59,33) size 49x23 [border: (1px inset #808080)] [r=1 c=2 rs=1 cs=2]
                        RenderText {#text} at (1,2) size 20x19
                          text run at (1,2) width 20: "2,3"
                      RenderTableCell {TD} at (113,33) size 22x23 [border: (1px inset #808080)] [r=1 c=4 rs=1 cs=1]
                        RenderText {#text} at (1,2) size 20x19
                          text run at (1,2) width 20: "2,5"
                    RenderTableRow {TR} at (0,61) size 140x23
                      RenderTableCell {TD} at (5,61) size 22x23 [border: (1px inset #808080)] [r=2 c=0 rs=1 cs=1]
                        RenderText {#text} at (1,2) size 20x19
                          text run at (1,2) width 20: "3,1"
                      RenderTableCell {TD} at (32,61) size 22x23 [bgcolor=#FFFF66] [border: (1px inset #808080)] [r=2 c=1 rs=1 cs=1]
                        RenderText {#text} at (1,2) size 20x19
                          text run at (1,2) width 20: "3,2"
                      RenderTableCell {TD} at (59,61) size 22x23 [bgcolor=#FFFF66] [border: (1px inset #808080)] [r=2 c=2 rs=1 cs=1]
                        RenderText {#text} at (1,2) size 20x19
                          text run at (1,2) width 20: "3,3"
                      RenderTableCell {TD} at (86,61) size 22x23 [bgcolor=#FFFF66] [border: (1px inset #808080)] [r=2 c=3 rs=1 cs=1]
                        RenderText {#text} at (1,2) size 20x19
                          text run at (1,2) width 20: "3,4"
                      RenderTableCell {TD} at (113,61) size 22x23 [border: (1px inset #808080)] [r=2 c=4 rs=1 cs=1]
                        RenderText {#text} at (1,2) size 20x19
                          text run at (1,2) width 20: "3,5"
              RenderTableCell {TD} at (314,2) size 134x124 [border: (1px inset #808080)] [r=0 c=2 rs=1 cs=1]
                RenderTable {TABLE} at (6,6) size 122x112 [bgcolor=#FFFFFF] [border: (1px outset #808080)]
                  RenderBlock {CAPTION} at (0,0) size 120x21
                    RenderInline {NOBR} at (0,0) size 54x19
                      RenderText {#text} at (33,1) size 54x19
                        text run at (33,1) width 54: "Table III"
                  RenderTableSection {TBODY} at (1,22) size 120x89
                    RenderTableRow {TR} at (0,5) size 120x23
                      RenderTableCell {TD} at (5,5) size 22x23 [border: (1px inset #808080)] [r=0 c=0 rs=1 cs=1]
                        RenderText {#text} at (1,2) size 20x19
                          text run at (1,2) width 20: "1,1"
                      RenderTableCell {TD} at (32,5) size 29x23 [border: (1px inset #808080)] [r=0 c=1 rs=1 cs=2]
                        RenderText {#text} at (1,2) size 20x19
                          text run at (1,2) width 20: "1,2"
                      RenderTableCell {TD} at (66,5) size 22x23 [border: (1px inset #808080)] [r=0 c=3 rs=1 cs=1]
                        RenderText {#text} at (1,2) size 20x19
                          text run at (1,2) width 20: "1,4"
                      RenderTableCell {TD} at (93,5) size 22x23 [border: (1px inset #808080)] [r=0 c=4 rs=1 cs=1]
                        RenderText {#text} at (1,2) size 20x19
                          text run at (1,2) width 20: "1,5"
                    RenderTableRow {TR} at (0,33) size 120x23
                      RenderTableCell {TD} at (5,33) size 22x23 [border: (1px inset #808080)] [r=1 c=0 rs=1 cs=1]
                        RenderText {#text} at (1,2) size 20x19
                          text run at (1,2) width 20: "2,1"
                      RenderTableCell {TD} at (32,33) size 22x23 [border: (1px inset #808080)] [r=1 c=1 rs=1 cs=1]
                        RenderText {#text} at (1,2) size 20x19
                          text run at (1,2) width 20: "2,2"
                      RenderTableCell {TD} at (59,33) size 29x23 [border: (1px inset #808080)] [r=1 c=2 rs=1 cs=2]
                        RenderText {#text} at (1,2) size 20x19
                          text run at (1,2) width 20: "2,3"
                      RenderTableCell {TD} at (93,33) size 22x23 [border: (1px inset #808080)] [r=1 c=4 rs=1 cs=1]
                        RenderText {#text} at (1,2) size 20x19
                          text run at (1,2) width 20: "2,5"
                    RenderTableRow {TR} at (0,61) size 120x23
                      RenderTableCell {TD} at (5,61) size 22x23 [border: (1px inset #808080)] [r=2 c=0 rs=1 cs=1]
                        RenderText {#text} at (1,2) size 20x19
                          text run at (1,2) width 20: "3,1"
                      RenderTableCell {TD} at (32,71) size 22x2 [bgcolor=#FFFF66] [border: (1px inset #808080)] [r=2 c=1 rs=1 cs=1]
                      RenderTableCell {TD} at (59,71) size 2x2 [bgcolor=#FFFF66] [border: (1px inset #808080)] [r=2 c=2 rs=1 cs=1]
                      RenderTableCell {TD} at (66,71) size 22x2 [bgcolor=#FFFF66] [border: (1px inset #808080)] [r=2 c=3 rs=1 cs=1]
                      RenderTableCell {TD} at (93,61) size 22x23 [border: (1px inset #808080)] [r=2 c=4 rs=1 cs=1]
                        RenderText {#text} at (1,2) size 20x19
                          text run at (1,2) width 20: "3,5"
              RenderTableCell {TD} at (450,2) size 133x96 [border: (1px inset #808080)] [r=0 c=3 rs=1 cs=1]
                RenderTable {TABLE} at (6,6) size 121x84 [bgcolor=#FFFFFF] [border: (1px outset #808080)]
                  RenderBlock {CAPTION} at (0,0) size 119x21
                    RenderInline {NOBR} at (0,0) size 56x19
                      RenderText {#text} at (31,1) size 56x19
                        text run at (31,1) width 56: "Table IV"
                  RenderTableSection {TBODY} at (1,22) size 119x61
                    RenderTableRow {TR} at (0,5) size 119x23
                      RenderTableCell {TD} at (5,5) size 22x23 [border: (1px inset #808080)] [r=0 c=0 rs=1 cs=1]
                        RenderText {#text} at (1,2) size 20x19
                          text run at (1,2) width 20: "1,1"
                      RenderTableCell {TD} at (32,5) size 28x23 [border: (1px inset #808080)] [r=0 c=1 rs=1 cs=2]
                        RenderText {#text} at (1,2) size 20x19
                          text run at (1,2) width 20: "1,2"
                      RenderTableCell {TD} at (65,5) size 22x23 [border: (1px inset #808080)] [r=0 c=3 rs=1 cs=1]
                        RenderText {#text} at (1,2) size 20x19
                          text run at (1,2) width 20: "1,4"
                      RenderTableCell {TD} at (92,5) size 22x23 [border: (1px inset #808080)] [r=0 c=4 rs=1 cs=1]
                        RenderText {#text} at (1,2) size 20x19
                          text run at (1,2) width 20: "1,5"
                    RenderTableRow {TR} at (0,33) size 119x23
                      RenderTableCell {TD} at (5,33) size 22x23 [border: (1px inset #808080)] [r=1 c=0 rs=1 cs=1]
                        RenderText {#text} at (1,2) size 20x19
                          text run at (1,2) width 20: "2,1"
                      RenderTableCell {TD} at (32,33) size 22x23 [border: (1px inset #808080)] [r=1 c=1 rs=1 cs=1]
                        RenderText {#text} at (1,2) size 20x19
                          text run at (1,2) width 20: "2,2"
                      RenderTableCell {TD} at (59,33) size 28x23 [border: (1px inset #808080)] [r=1 c=2 rs=1 cs=2]
                        RenderText {#text} at (1,2) size 20x19
                          text run at (1,2) width 20: "2,3"
                      RenderTableCell {TD} at (92,33) size 22x23 [border: (1px inset #808080)] [r=1 c=4 rs=1 cs=1]
                        RenderText {#text} at (1,2) size 20x19
                          text run at (1,2) width 20: "2,5"
      RenderBlock (anonymous) at (0,185) size 784x21
        RenderBR {BR} at (0,1) size 0x19
      RenderBlock {P} at (0,222) size 784x105
        RenderText {#text} at (0,1) size 774x103
          text run at (0,1) width 319: "This is a table colspan counting problem (IMHO). "
          text run at (319,1) width 387: "The oversize <TABLE> has two rows: one has *two* <TD>"
          text run at (0,22) width 744: "\"requesting\" total of 3 columns to span; second row has *one* <TD> \"requesting\" total of 3 columns to span. In other"
          text run at (0,43) width 554: "words, it's asking for one more column than the max number of 'real' elements in a row. "
          text run at (554,43) width 199: "Here's the simple case (first one"
          text run at (0,64) width 256: "shows the problem; the other adjusts the "
          text run at (256,64) width 471: "colspan values and it works) (Dec 19 Nightly Win 95): All the elements in "
          text run at (727,64) width 47: "the two"
          text run at (0,85) width 394: "tables below are width=auto (i.e., no width attribute specified)."
      RenderBlock (anonymous) at (0,343) size 784x21
        RenderBR {BR} at (0,1) size 0x19
      RenderTable {TABLE} at (0,364) size 654x60 [border: (1px outset #808080)]
        RenderTableSection {TBODY} at (1,1) size 652x58
          RenderTableRow {TR} at (0,0) size 652x29
            RenderTableCell {TD} at (0,0) size 243x29 [border: (1px inset #808080)] [r=0 c=0 rs=1 cs=2]
              RenderBlock {P} at (4,4) size 235x21
                RenderInline {B} at (0,0) size 116x19
                  RenderText {#text} at (0,1) size 116x19
                    text run at (0,1) width 116: "This is colspan=2"
            RenderTableCell {TD} at (243,0) size 409x29 [border: (1px inset #808080)] [r=0 c=2 rs=1 cs=1]
              RenderText {#text} at (4,5) size 200x19
                text run at (4,5) width 200: "Blah Blah Blah Blah Blah Blah"
          RenderTableRow {TR} at (0,29) size 652x29
            RenderTableCell {TD} at (0,29) size 652x29 [border: (1px inset #808080)] [r=1 c=0 rs=1 cs=3]
              RenderBlock {P} at (4,4) size 644x21
                RenderInline {B} at (0,0) size 116x19
                  RenderText {#text} at (0,1) size 116x19
                    text run at (0,1) width 116: "This is colspan=3"
                RenderText {#text} at (116,1) size 521x19
                  text run at (116,1) width 159: " blah blah blah blah blah "
                  text run at (275,1) width 362: "--- why doesn't this cell span the table (5.0 win95 jun17)?"
      RenderBlock (anonymous) at (0,424) size 784x42
        RenderBR {BR} at (0,1) size 0x19
        RenderBR {BR} at (0,22) size 0x19
      RenderTable {TABLE} at (0,466) size 515x60 [border: (1px outset #808080)]
        RenderTableSection {TBODY} at (1,1) size 513x58
          RenderTableRow {TR} at (0,0) size 513x29
            RenderTableCell {TD} at (0,0) size 191x29 [border: (1px inset #808080)] [r=0 c=0 rs=1 cs=1]
              RenderBlock {P} at (4,4) size 183x21
                RenderInline {B} at (0,0) size 116x19
                  RenderText {#text} at (0,1) size 116x19
                    text run at (0,1) width 116: "This is colspan=1"
            RenderTableCell {TD} at (191,0) size 322x29 [border: (1px inset #808080)] [r=0 c=1 rs=1 cs=1]
              RenderText {#text} at (4,5) size 200x19
                text run at (4,5) width 200: "Blah Blah Blah Blah Blah Blah"
          RenderTableRow {TR} at (0,29) size 513x29
            RenderTableCell {TD} at (0,29) size 513x29 [border: (1px inset #808080)] [r=1 c=0 rs=1 cs=2]
              RenderBlock {P} at (4,4) size 505x21
                RenderInline {B} at (0,0) size 116x19
                  RenderText {#text} at (0,1) size 116x19
                    text run at (0,1) width 116: "This is colspan=2"
                RenderText {#text} at (116,1) size 384x19
                  text run at (116,1) width 159: " blah blah blah blah blah "
                  text run at (275,1) width 225: "--- this cell spans the table correctly."
      RenderBlock (anonymous) at (0,526) size 784x21
        RenderBR {BR} at (0,1) size 0x19
      RenderBlock {P} at (0,563) size 784x21
        RenderText {#text} at (0,1) size 229x19
          text run at (0,1) width 229: "Here's the test case from bug #2645."
      RenderBlock {P} at (0,600) size 784x63
        RenderText {#text} at (0,1) size 776x61
          text run at (0,1) width 542: "This test case (below) is derived from home.netscape.com (although not much is left). "
          text run at (542,1) width 199: "[This was the table structure for"
          text run at (0,22) width 776: "\"Autos ... Local ...\" and the right-hand column (\"ABCNews.com...\"); added an extra column to differentiate this example a"
          text run at (0,43) width 188: "bit more from the one above]."
      RenderBlock {P} at (0,679) size 784x84
        RenderText {#text} at (0,1) size 782x82
          text run at (0,1) width 485: "The basic problem is \"competing colspan requests\". The table has two rows, "
          text run at (485,1) width 297: "both of which have COLSPAN requests. They"
          text run at (0,22) width 236: "are both asking for one more column "
          text run at (236,22) width 544: "than the max number of 'real' elements in either row (i.e., both ask for total of 5 but the"
          text run at (0,43) width 447: "maximum number of TD in either row is 4). This seems to confuse the "
          text run at (447,43) width 325: "algorithm. ;) (Note: all the column elements in these"
          text run at (0,64) width 393: "two tables are width=fixed except the TD with colspan=(4|3))."
      RenderTable {TABLE} at (0,779) size 680x58 [border: (1px outset #808080)]
        RenderTableSection {TBODY} at (1,1) size 678x56
          RenderTableRow {TR} at (0,2) size 678x25
            RenderTableCell {TD} at (2,2) size 84x25 [border: (1px inset #808080)] [r=0 c=0 rs=1 cs=1]
              RenderText {#text} at (2,3) size 8x19
                text run at (2,3) width 8: "x"
            RenderTableCell {TD} at (88,2) size 350x25 [border: (1px inset #808080)] [r=0 c=1 rs=1 cs=2]
              RenderText {#text} at (2,3) size 101x19
                text run at (2,3) width 101: "this (colspan=2)"
            RenderTableCell {TD} at (440,2) size 32x25 [bgcolor=#99CCCC] [border: (1px inset #808080)] [r=0 c=3 rs=1 cs=1]
              RenderText {#text} at (2,3) size 28x19
                text run at (2,3) width 28: "blue"
            RenderTableCell {TD} at (474,2) size 202x25 [border: (1px inset #808080)] [r=0 c=4 rs=1 cs=1]
              RenderText {#text} at (2,3) size 23x19
                text run at (2,3) width 23: "that"
          RenderTableRow {TR} at (0,29) size 678x25
            RenderTableCell {TD} at (2,29) size 84x25 [border: (1px inset #808080)] [r=1 c=0 rs=1 cs=1]
              RenderText {#text} at (2,3) size 8x19
                text run at (2,3) width 8: "x"
            RenderTableCell {TD} at (88,29) size 588x25 [bgcolor=#99CCCC] [border: (1px inset #808080)] [r=1 c=1 rs=1 cs=4]
              RenderText {#text} at (2,3) size 325x19
                text run at (2,3) width 325: "blue (colspan=4) --- doesn't span (5.0 win95 jun17)"
      RenderBlock (anonymous) at (0,837) size 784x21
        RenderBR {BR} at (0,1) size 0x19
      RenderBlock {P} at (0,874) size 784x21
        RenderText {#text} at (0,1) size 428x19
          text run at (0,1) width 428: "Here's the same table but the 'colspan' values have been normalized."
      RenderTable {TABLE} at (0,911) size 680x58 [border: (1px outset #808080)]
        RenderTableSection {TBODY} at (1,1) size 678x56
          RenderTableRow {TR} at (0,2) size 678x25
            RenderTableCell {TD} at (2,2) size 77x25 [border: (1px inset #808080)] [r=0 c=0 rs=1 cs=1]
              RenderText {#text} at (2,3) size 8x19
                text run at (2,3) width 8: "x"
            RenderTableCell {TD} at (81,2) size 373x25 [border: (1px inset #808080)] [r=0 c=1 rs=1 cs=1]
              RenderText {#text} at (2,3) size 101x19
                text run at (2,3) width 101: "this (colspan=1)"
            RenderTableCell {TD} at (456,2) size 32x25 [bgcolor=#99CCCC] [border: (1px inset #808080)] [r=0 c=2 rs=1 cs=1]
              RenderText {#text} at (2,3) size 28x19
                text run at (2,3) width 28: "blue"
            RenderTableCell {TD} at (490,2) size 186x25 [border: (1px inset #808080)] [r=0 c=3 rs=1 cs=1]
              RenderText {#text} at (2,3) size 23x19
                text run at (2,3) width 23: "that"
          RenderTableRow {TR} at (0,29) size 678x25
            RenderTableCell {TD} at (2,29) size 77x25 [border: (1px inset #808080)] [r=1 c=0 rs=1 cs=1]
              RenderText {#text} at (2,3) size 8x19
                text run at (2,3) width 8: "x"
            RenderTableCell {TD} at (81,29) size 595x25 [bgcolor=#99CCCC] [border: (1px inset #808080)] [r=1 c=1 rs=1 cs=3]
              RenderText {#text} at (2,3) size 224x19
                text run at (2,3) width 224: "blue (colspan=3) --- spans correctly"
      RenderBlock (anonymous) at (0,969) size 784x21
        RenderBR {BR} at (0,1) size 0x19
