layer at (0,0) size 800x639
  RenderView at (0,0) size 800x600
layer at (0,0) size 800x639
  RenderBlock {HTML} at (0,0) size 800x639
    RenderBody {BODY} at (8,8) size 784x623 [bgcolor=#C0C0C0]
      RenderTable {TABLE} at (0,0) size 136x150 [border: (20px outset #808080)]
        RenderTableSection {TBODY} at (20,20) size 96x110
          RenderTableRow {TR} at (0,10) size 96x90
            RenderTableCell {TD} at (10,42) size 76x25 [border: (1px inset #808080)] [r=0 c=0 rs=1 cs=1]
              RenderText {#text} at (2,3) size 72x19
                text run at (2,3) width 72: "cell content"
      RenderBlock {P} at (0,166) size 784x21
        RenderText {#text} at (0,1) size 616x19
          text run at (0,1) width 616: "The following two tables demostrates the bug with TD and TABLE both having height specified."
      RenderTable {TABLE} at (0,203) size 256x210 [border: (20px outset #808080)]
        RenderTableSection {TBODY} at (20,20) size 216x170
          RenderTableRow {TR} at (0,10) size 216x150
            RenderTableCell {TD} at (10,72) size 196x25 [border: (1px inset #808080)] [r=0 c=0 rs=1 cs=1]
              RenderText {#text} at (2,3) size 192x19
                text run at (2,3) width 192: "height=210 (150+2*10+2*20)"
      RenderTable {TABLE} at (0,413) size 273x210 [border: (20px outset #808080)]
        RenderTableSection {TBODY} at (20,20) size 233x170
          RenderTableRow {TR} at (0,10) size 233x150
            RenderTableCell {TD} at (10,72) size 213x25 [border: (1px inset #808080)] [r=0 c=0 rs=1 cs=1]
              RenderText {#text} at (2,3) size 209x19
                text run at (2,3) width 209: "height=211 (150+2*10+2*20+1)"
