layer at (0,0) size 808x600
  RenderView at (0,0) size 800x600
layer at (0,0) size 808x600
  RenderBlock {HTML} at (0,0) size 800x600
    RenderBody {BODY} at (8,8) size 784x584
      RenderTable {TABLE} at (0,0) size 800x584 [border: (1px outset #808080)]
        RenderTableSection {TBODY} at (1,1) size 798x582
          RenderTableRow {TR} at (0,2) size 798x578
            RenderTableCell {TD} at (2,2) size 794x578 [border: (1px inset #808080)] [r=0 c=0 rs=1 cs=1]
              RenderTable {TABLE} at (2,2) size 790x574 [border: (1px outset #808080)]
                RenderTableSection {TBODY} at (1,1) size 788x572
                  RenderTableRow {TR} at (0,2) size 788x568
                    RenderTableCell {TD} at (2,4) size 784x564 [border: (1px inset #808080)] [r=0 c=0 rs=1 cs=1]
                      RenderPartObject {IFRAME} at (2,2) size 790x560 [border: (5px solid #0000FF)]
                        layer at (0,0) size 780x2134
                          RenderView at (0,0) size 780x550
                        layer at (0,0) size 780x2134
                          RenderBlock {HTML} at (0,0) size 780x2134
                            RenderBody {BODY} at (0,0) size 780x2134 [bgcolor=#53799F]
                              RenderBlock {CENTER} at (0,0) size 780x2134
                                RenderBlock (anonymous) at (0,0) size 780x21
                                  RenderBR {BR} at (390,1) size 0x19
                                RenderTable {TABLE} at (19,21) size 741x2092 [border: (1px solid #000000)]
                                  RenderTableSection {TBODY} at (1,1) size 739x2090
                                    RenderTableRow {TR} at (0,0) size 739x23
                                      RenderTableCell {TD} at (0,0) size 739x23 [bgcolor=#3F5694] [border: (1px solid #000000)] [r=0 c=0 rs=1 cs=1]
                                        RenderText {#text} at (350,2) size 38x19
                                          text run at (350,2) width 38: "News"
                                    RenderTableRow {TR} at (0,23) size 739x44
                                      RenderTableCell {TD} at (0,23) size 739x44 [border: (1px solid #000000)] [r=1 c=0 rs=1 cs=1]
                                        RenderInline {B} at (0,0) size 96x19
                                          RenderText {#text} at (321,2) size 96x19
                                            text run at (321,2) width 96: "11. M\x{E4}rz 2002"
                                        RenderBR {BR} at (417,17) size 0x0
                                        RenderText {#text} at (56,23) size 626x19
                                          text run at (56,23) width 491: "nun gibt es auch eine kommerzielle Version vom PopUp-Manager, mehr Info "
                                          text run at (547,23) width 135: "unter komerz. Scripte"
                                    RenderTableRow {TR} at (0,67) size 739x44
                                      RenderTableCell {TD} at (0,67) size 739x44 [border: (1px solid #000000)] [r=2 c=0 rs=1 cs=1]
                                        RenderInline {B} at (0,0) size 93x19
                                          RenderText {#text} at (323,2) size 93x19
                                            text run at (323,2) width 93: "09.M\x{E4}rz 2002"
                                          RenderBR {BR} at (416,17) size 0x0
                                        RenderText {#text} at (166,23) size 406x19
                                          text run at (166,23) width 406: "neues Script ist online, PopUp-Manager, mehr Info unter Scripte"
                                    RenderTableRow {TR} at (0,111) size 739x44
                                      RenderTableCell {TD} at (0,111) size 739x44 [border: (1px solid #000000)] [r=3 c=0 rs=1 cs=1]
                                        RenderText {#text} at (305,2) size 128x19
                                          text run at (305,2) width 128: "17. November 2001"
                                        RenderBR {BR} at (433,17) size 0x0
                                        RenderText {#text} at (286,23) size 166x19
                                          text run at (286,23) width 166: "Endlich wieder Online! :-)"
                                    RenderTableRow {TR} at (0,155) size 739x191
                                      RenderTableCell {TD} at (0,155) size 739x191 [border: (1px solid #000000)] [r=4 c=0 rs=1 cs=1]
                                        RenderText {#text} at (274,2) size 191x19
                                          text run at (274,2) width 191: "23. Oktober 2001 (21:00 Uhr)"
                                        RenderBR {BR} at (465,17) size 0x0
                                        RenderText {#text} at (314,23) size 110x19
                                          text run at (314,23) width 110: "Es ist vollbracht! "
                                        RenderBR {BR} at (424,38) size 0x0
                                        RenderText {#text} at (210,44) size 319x19
                                          text run at (210,44) width 319: "Ich habe nun den .htaccess-BUG bei den Scripten:"
                                        RenderBR {BR} at (529,59) size 0x0
                                        RenderText {#text} at (108,65) size 522x19
                                          text run at (108,65) width 522: "The Real Topsites, Sponsor Manager, Download Manager und Password Manager"
                                        RenderBR {BR} at (630,80) size 0x0
                                        RenderText {#text} at (126,86) size 487x19
                                          text run at (126,86) width 427: "abgeschafft, brauchte 2 Tage daf\x{FC}r, dabei lag der Fehler vor meiner "
                                          text run at (553,86) width 60: "Nase ! :-)"
                                        RenderBR {BR} at (613,101) size 0x0
                                        RenderText {#text} at (7,107) size 724x82
                                          text run at (7,107) width 376: "F\x{FC}r Euch hei\x{DF}t es, wenn Ihr eines der Scripte benutzt, ladet "
                                          text run at (383,107) width 348: "Euch die admin.cgi runter und vereinbart unbedingt ein"
                                          text run at (9,128) width 110: "neues Password! "
                                          text run at (119,128) width 452: "Au\x{DF}erdem wurde bei der Toplist die Sache mit dem Button Load/Klick "
                                          text run at (571,128) width 158: "um programmiert, f\x{FC}r die"
                                          text run at (13,149) width 307: "Leute die den Button Load/Klick Modus haben, "
                                          text run at (320,149) width 406: "Ihr m\x{FC}st Euch auch die topsites.cgi laden und im Admin Bereich"
                                          text run at (193,170) width 36: "unter "
                                          text run at (229,170) width 317: "Modus unten die URL zu Eurem Button angeben!"
                                    RenderTableRow {TR} at (0,346) size 739x44
                                      RenderTableCell {TD} at (0,346) size 739x44 [border: (1px solid #000000)] [r=5 c=0 rs=1 cs=1]
                                        RenderText {#text} at (313,2) size 112x19
                                          text run at (313,2) width 112: "22. Oktober 2001"
                                        RenderBR {BR} at (425,17) size 0x0
                                        RenderText {#text} at (132,23) size 475x19
                                          text run at (132,23) width 429: "Download-Bereich ist vorrerst geschlo\x{DF}en, kommen Sie bitte sp\x{E4}ter "
                                          text run at (561,23) width 46: "wieder."
                                    RenderTableRow {TR} at (0,390) size 739x65
                                      RenderTableCell {TD} at (0,390) size 739x65 [border: (1px solid #000000)] [r=6 c=0 rs=1 cs=1]
                                        RenderText {#text} at (274,2) size 191x19
                                          text run at (274,2) width 191: "21. Oktober 2001 (22:45 Uhr)"
                                        RenderBR {BR} at (465,17) size 0x0
                                        RenderText {#text} at (2,23) size 735x40
                                          text run at (2,23) width 410: "OK, sorry f\x{FC}r die Unannehmlichkeiten, aber Ihr m\x{FC}sst Euch nun "
                                          text run at (412,23) width 325: "noch mal die Scripte runter laden und die admin.cgi"
                                          text run at (80,44) width 139: "erneuern, hier kommt "
                                          text run at (219,44) width 440: "noch das Password-Manager-Script dazu, sollte jetzt alles sicher sein! "
                                        RenderBR {BR} at (0,0) size 0x0
                                    RenderTableRow {TR} at (0,455) size 739x128
                                      RenderTableCell {TD} at (0,455) size 739x128 [border: (1px solid #000000)] [r=7 c=0 rs=1 cs=1]
                                        RenderText {#text} at (274,2) size 191x19
                                          text run at (274,2) width 191: "21. Oktober 2001 (20:50 Uhr)"
                                        RenderBR {BR} at (465,17) size 0x0
                                        RenderText {#text} at (177,23) size 385x19
                                          text run at (177,23) width 385: "An alle Leute die follgende Scripte von G5-Scripts benutzen:"
                                        RenderBR {BR} at (562,38) size 0x0
                                        RenderText {#text} at (187,44) size 364x19
                                          text run at (187,44) width 364: "The Real Topsites, Download Counter, Sponsor Manager"
                                        RenderBR {BR} at (551,59) size 0x0
                                        RenderText {#text} at (32,65) size 674x19
                                          text run at (32,65) width 467: "bitte noch ein mal runter laden und die admin.cgi erneuern, beim Sponsor "
                                          text run at (499,65) width 207: "Manager kommt noch eine Datei"
                                        RenderBR {BR} at (706,80) size 0x0
                                        RenderText {#text} at (311,86) size 116x19
                                          text run at (311,86) width 116: "'variable.pl' dazu!!"
                                        RenderBR {BR} at (427,101) size 0x0
                                        RenderText {#text} at (82,107) size 574x19
                                          text run at (82,107) width 472: "Der Grund : man hat festgestellt das .htaccess Password Schutz doch nicht "
                                          text run at (554,107) width 102: "das sicherste ist!"
                                    RenderTableRow {TR} at (0,583) size 739x207
                                      RenderTableCell {TD} at (0,583) size 739x207 [border: (1px solid #000000)] [r=8 c=0 rs=1 cs=1]
                                        RenderBlock {P} at (1,1) size 737x147
                                          RenderText {#text} at (312,1) size 112x19
                                            text run at (312,1) width 112: "13. Oktober 2001"
                                          RenderBR {BR} at (424,16) size 0x0
                                          RenderText {#text} at (88,22) size 561x19
                                            text run at (88,22) width 482: "Ich habe es nun endlich geschafft das Gateway bei der Toplist mit IP-Sperre "
                                            text run at (570,22) width 79: "zu versehen,"
                                          RenderBR {BR} at (649,37) size 0x0
                                          RenderText {#text} at (8,43) size 720x19
                                            text run at (8,43) width 442: "dabei war der Fehler den ich vorher nicht verstand eine simple Sache, "
                                            text run at (450,43) width 278: "h\x{E4}tte ich doch ein wenig mehr nachgedacht!"
                                          RenderBR {BR} at (728,58) size 0x0
                                          RenderText {#text} at (10,64) size 716x82
                                            text run at (10,64) width 430: "Des weiteren habe ich noch die Datensicherung umgeschrieben, f\x{FC}r "
                                            text run at (440,64) width 286: "alle die Listen deren Hits ab und zu mal auf 0"
                                            text run at (21,85) width 139: "gesetzt werden, sollte "
                                            text run at (160,85) width 457: "jetzt nicht mehr passieren und ich habe noch den Mail Versand aus dem "
                                            text run at (617,85) width 98: "Admin-Bereich"
                                            text run at (25,106) width 348: "umgeschrieben und zwar wurde fr\x{FC}her der Text immer "
                                            text run at (373,106) width 338: "zusammen gequetscht, die Enters wurden so zu sagen"
                                            text run at (287,127) width 91: "ignoriert, jetzt "
                                            text run at (378,127) width 72: "nicht mehr!"
                                        RenderBlock {P} at (1,164) size 737x42
                                          RenderText {#text} at (6,1) size 724x40
                                            text run at (6,1) width 373: ">> F\x{FC}r alle die das Script vor dem 11.10.01 runter geladen "
                                            text run at (379,1) width 351: "haben, Ihr solltet es Euch noch mal runter laden und die"
                                            text run at (140,22) width 120: "folgenden Dateien "
                                            text run at (260,22) width 336: "durch die neuen ersetzen: topsites.cgi und admin.cgi ."
                                    RenderTableRow {TR} at (0,790) size 739x44
                                      RenderTableCell {TD} at (0,790) size 739x44 [border: (1px solid #000000)] [r=9 c=0 rs=1 cs=1]
                                        RenderText {#text} at (313,2) size 112x19
                                          text run at (313,2) width 112: "11. Oktober 2001"
                                        RenderBR {BR} at (425,17) size 0x0
                                        RenderText {#text} at (128,23) size 483x19
                                          text run at (128,23) width 483: "neues Script ist online, .htaccess-Password-Manager, mehr Info unter Scripte"
                                    RenderTableRow {TR} at (0,834) size 739x44
                                      RenderTableCell {TD} at (0,834) size 739x44 [border: (1px solid #000000)] [r=10 c=0 rs=1 cs=1]
                                        RenderText {#text} at (306,2) size 127x19
                                          text run at (306,2) width 127: "08. September 2001"
                                        RenderBR {BR} at (433,17) size 0x0
                                        RenderText {#text} at (203,23) size 332x19
                                          text run at (203,23) width 332: "Eine neu Version des Download Counters ist online!"
                                    RenderTableRow {TR} at (0,878) size 739x65
                                      RenderTableCell {TD} at (0,878) size 739x65 [border: (1px solid #000000)] [r=11 c=0 rs=1 cs=1]
                                        RenderText {#text} at (316,2) size 106x19
                                          text run at (316,2) width 106: "11. August 2001"
                                        RenderBR {BR} at (422,17) size 0x0
                                        RenderText {#text} at (36,23) size 666x19
                                          text run at (36,23) width 444: "Ich habe so eben eine random.cgi f\x{FC}r den Topsites Script geschrieben. "
                                          text run at (480,23) width 222: "Die random.cgi f\x{FC}hrt den Besucher"
                                        RenderBR {BR} at (702,38) size 0x0
                                        RenderText {#text} at (258,44) size 222x19
                                          text run at (258,44) width 222: "auf eine zuf\x{E4}llig ausgew\x{E4}hlte Seite."
                                    RenderTableRow {TR} at (0,943) size 739x65
                                      RenderTableCell {TD} at (0,943) size 739x65 [border: (1px solid #000000)] [r=12 c=0 rs=1 cs=1]
                                        RenderText {#text} at (316,2) size 106x19
                                          text run at (316,2) width 106: "08. August 2001"
                                        RenderBR {BR} at (422,17) size 0x0
                                        RenderText {#text} at (101,23) size 537x19
                                          text run at (101,23) width 463: "Ich schreibe gerade eine neue Version von dem Download Counter, bitte "
                                          text run at (564,23) width 74: "schreibt mir"
                                        RenderBR {BR} at (638,38) size 0x0
                                        RenderText {#text} at (191,44) size 356x19
                                          text run at (191,44) width 356: "ins Forum was Ihr da alles haben wollt, wer das benutzt!"
                                    RenderTableRow {TR} at (0,1008) size 739x65
                                      RenderTableCell {TD} at (0,1008) size 739x65 [border: (1px solid #000000)] [r=13 c=0 rs=1 cs=1]
                                        RenderText {#text} at (328,2) size 82x19
                                          text run at (328,2) width 82: "09. Juli 2001"
                                        RenderBR {BR} at (410,17) size 0x0
                                        RenderText {#text} at (20,23) size 698x40
                                          text run at (20,23) width 449: "eine kleiner Bug in der Topsites.cgi wurde behoben! Wer m\x{F6}chte kann "
                                          text run at (469,23) width 249: "sich die jetzige Zip runter laden und die"
                                          text run at (187,44) width 169: "topsites.cgi auktualisieren, "
                                          text run at (356,44) width 195: "mu\x{DF} aber nicht unbedingt sein!"
                                    RenderTableRow {TR} at (0,1073) size 739x65
                                      RenderTableCell {TD} at (0,1073) size 739x65 [border: (1px solid #000000)] [r=14 c=0 rs=1 cs=1]
                                        RenderText {#text} at (328,2) size 82x19
                                          text run at (328,2) width 82: "01. Juli 2001"
                                        RenderBR {BR} at (410,17) size 0x0
                                        RenderText {#text} at (87,23) size 564x19
                                          text run at (87,23) width 499: "Jetzt haben wir einen Support Forum, postet Eure Fragen da rein und versuche "
                                          text run at (586,23) width 65: "Sie alle zu"
                                        RenderBR {BR} at (651,38) size 0x0
                                        RenderText {#text} at (61,44) size 616x19
                                          text run at (61,44) width 392: "beantworten! Au\x{DF}erdem k\x{F6}nnt Ihr dort auch Eure Vorschl\x{E4}ge "
                                          text run at (453,44) width 224: "zu den einzelnen Scripten abgeben!"
                                    RenderTableRow {TR} at (0,1138) size 739x65
                                      RenderTableCell {TD} at (0,1138) size 739x65 [border: (1px solid #000000)] [r=15 c=0 rs=1 cs=1]
                                        RenderText {#text} at (328,2) size 82x19
                                          text run at (328,2) width 82: "01. Juli 2001"
                                        RenderBR {BR} at (410,17) size 0x0
                                        RenderText {#text} at (115,23) size 508x19
                                          text run at (115,23) width 483: "Und wieder eine neue Version von The Real Topsites ist online, die Version "
                                          text run at (598,23) width 25: "3.4!"
                                        RenderBR {BR} at (623,38) size 0x0
                                        RenderText {#text} at (150,44) size 439x19
                                          text run at (150,44) width 439: "Es gibt einige neue Funktionen und es wurde auch einiges verbessert!"
                                    RenderTableRow {TR} at (0,1203) size 739x65
                                      RenderTableCell {TD} at (0,1203) size 739x65 [border: (1px solid #000000)] [r=16 c=0 rs=1 cs=1]
                                        RenderText {#text} at (326,2) size 86x19
                                          text run at (326,2) width 86: "20. Juni 2001"
                                        RenderBR {BR} at (412,17) size 0x0
                                        RenderText {#text} at (129,23) size 480x19
                                          text run at (129,23) width 449: "unser Hoster hat ein paar kleine Probleme also sollte irgend was an der "
                                          text run at (578,23) width 31: "Seite"
                                        RenderBR {BR} at (609,38) size 0x0
                                        RenderText {#text} at (246,44) size 247x19
                                          text run at (246,44) width 247: "nicht gehen, einfach wieder versuchen!"
                                    RenderTableRow {TR} at (0,1268) size 739x107
                                      RenderTableCell {TD} at (0,1268) size 739x107 [border: (1px solid #000000)] [r=17 c=0 rs=1 cs=1]
                                        RenderText {#text} at (326,2) size 86x19
                                          text run at (326,2) width 86: "09. Juni 2001"
                                        RenderBR {BR} at (412,17) size 0x0
                                        RenderText {#text} at (91,23) size 556x19
                                          text run at (91,23) width 446: "Die neue Version (3.3) von The Real Topsites ist online, es gibt einige "
                                          text run at (537,23) width 110: "neue Funktionen "
                                        RenderBR {BR} at (647,38) size 0x0
                                        RenderText {#text} at (252,44) size 235x19
                                          text run at (252,44) width 235: "und es wurde auch einiges ver\x{E4}ndert!"
                                        RenderBR {BR} at (487,59) size 0x0
                                        RenderText {#text} at (239,65) size 260x19
                                          text run at (239,65) width 260: "Mehr Info unter \"Perl Scripte\" im Men\x{FC}. "
                                        RenderBR {BR} at (499,80) size 0x0
                                        RenderText {#text} at (157,86) size 424x19
                                          text run at (157,86) width 424: "P.S. den Umstieg auf die Version3.3 kann ich Euch nur empfehlen!"
                                    RenderTableRow {TR} at (0,1375) size 739x86
                                      RenderTableCell {TD} at (0,1375) size 739x86 [border: (1px solid #000000)] [r=18 c=0 rs=1 cs=1]
                                        RenderText {#text} at (326,2) size 86x19
                                          text run at (326,2) width 86: "04. Juni 2001"
                                        RenderBR {BR} at (412,17) size 0x0
                                        RenderText {#text} at (140,23) size 458x19
                                          text run at (140,23) width 458: "Ein kleiner Bug bei Topsites Script wurde gefunden und sofort behoben!"
                                        RenderBR {BR} at (598,38) size 0x0
                                        RenderText {#text} at (146,44) size 446x19
                                          text run at (146,44) width 446: "Bug: es wurde immer wieder die selbe Site Of The Moment angezeigt!"
                                        RenderBR {BR} at (592,59) size 0x0
                                        RenderText {#text} at (150,65) size 438x19
                                          text run at (150,65) width 433: "Ladet Euch die jetzige Version runter und ersetzt nur die topsites.cgi "
                                          text run at (583,65) width 5: "!"
                                    RenderTableRow {TR} at (0,1461) size 739x65
                                      RenderTableCell {TD} at (0,1461) size 739x65 [border: (1px solid #000000)] [r=19 c=0 rs=1 cs=1]
                                        RenderText {#text} at (326,2) size 86x19
                                          text run at (326,2) width 86: "01. Juni 2001"
                                        RenderBR {BR} at (412,17) size 0x0
                                        RenderText {#text} at (217,23) size 305x19
                                          text run at (217,23) width 305: "Ein neues Script ist online! G5-ICQ Newsletter. "
                                        RenderBR {BR} at (522,38) size 0x0
                                        RenderText {#text} at (241,44) size 256x19
                                          text run at (241,44) width 256: "Mehr Info unter \"Perl Scripte\" im Men\x{FC}."
                                    RenderTableRow {TR} at (0,1526) size 739x65
                                      RenderTableCell {TD} at (0,1526) size 739x65 [border: (1px solid #000000)] [r=20 c=0 rs=1 cs=1]
                                        RenderText {#text} at (327,2) size 85x19
                                          text run at (327,2) width 85: "31. Mai 2001"
                                        RenderBR {BR} at (412,17) size 0x0
                                        RenderText {#text} at (162,23) size 415x19
                                          text run at (162,23) width 415: "Ich habe einen ICQ-Newsletter Script installiert, unter dem Men\x{FC}."
                                        RenderBR {BR} at (577,38) size 0x0
                                        RenderText {#text} at (181,44) size 376x19
                                          text run at (181,44) width 376: "Tragt Euch ein, dann seit Ihr immer auf dem neusten Stand!"
                                    RenderTableRow {TR} at (0,1591) size 739x44
                                      RenderTableCell {TD} at (0,1591) size 739x44 [border: (1px solid #000000)] [r=21 c=0 rs=1 cs=1]
                                        RenderText {#text} at (327,2) size 85x19
                                          text run at (327,2) width 85: "26. Mai 2001"
                                        RenderBR {BR} at (412,17) size 0x0
                                        RenderText {#text} at (263,23) size 212x19
                                          text run at (263,23) width 212: "The Real Topsites v3.0 ist online!"
                                    RenderTableRow {TR} at (0,1635) size 739x65
                                      RenderTableCell {TD} at (0,1635) size 739x65 [border: (1px solid #000000)] [r=22 c=0 rs=1 cs=1]
                                        RenderText {#text} at (327,2) size 85x19
                                          text run at (327,2) width 85: "25. Mai 2001"
                                        RenderBR {BR} at (412,17) size 0x0
                                        RenderText {#text} at (208,23) size 323x19
                                          text run at (208,23) width 323: "Ein neues Script ist online! G5-Download Counter."
                                        RenderBR {BR} at (531,38) size 0x0
                                        RenderText {#text} at (241,44) size 256x19
                                          text run at (241,44) width 256: "Mehr Info unter \"Perl Scripte\" im Men\x{FC}."
                                    RenderTableRow {TR} at (0,1700) size 739x107
                                      RenderTableCell {TD} at (0,1700) size 739x107 [border: (1px solid #000000)] [r=23 c=0 rs=1 cs=1]
                                        RenderText {#text} at (327,2) size 85x19
                                          text run at (327,2) width 85: "24. Mai 2001"
                                        RenderBR {BR} at (412,17) size 0x0
                                        RenderText {#text} at (120,23) size 498x19
                                          text run at (120,23) width 424: "Ich habe es mir sehr lange \x{FC}berlegt, die Entscheidung war wirklich "
                                          text run at (544,23) width 74: "nicht leicht!"
                                        RenderBR {BR} at (618,38) size 0x0
                                        RenderText {#text} at (94,44) size 551x19
                                          text run at (94,44) width 402: "Ich habe mich entschieden den Script \"The Real Topsites\" zum "
                                          text run at (496,44) width 149: "Download freizugeben."
                                        RenderBR {BR} at (645,59) size 0x0
                                        RenderText {#text} at (225,65) size 289x19
                                          text run at (225,65) width 289: "Ihr k\x{F6}nnt es Euch jetzt kostenlos runter laden!"
                                        RenderBR {BR} at (514,80) size 0x0
                                        RenderText {#text} at (316,86) size 106x19
                                          text run at (316,86) width 106: "Viel Spa\x{DF} damit!"
                                    RenderTableRow {TR} at (0,1807) size 739x65
                                      RenderTableCell {TD} at (0,1807) size 739x65 [border: (1px solid #000000)] [r=24 c=0 rs=1 cs=1]
                                        RenderText {#text} at (327,2) size 85x19
                                          text run at (327,2) width 85: "13. Mai 2001"
                                        RenderBR {BR} at (412,17) size 0x0
                                        RenderText {#text} at (6,23) size 727x40
                                          text run at (6,23) width 465: "Es gab nur eine kleine Ver\x{E4}nderung bei G5-Sponsor-Manager, man kann "
                                          text run at (471,23) width 262: "den Script jetzt auch via Java aufrufen, so"
                                          text run at (67,44) width 169: "das Euer Server jetzt nicht "
                                          text run at (236,44) width 364: "unbedingt SSI unterst\x{FC}tzen mu\x{DF} um den Script ausf\x{FC}hren "
                                          text run at (600,44) width 71: "zu k\x{F6}nnen!"
                                    RenderTableRow {TR} at (0,1872) size 739x65
                                      RenderTableCell {TD} at (0,1872) size 739x65 [border: (1px solid #000000)] [r=25 c=0 rs=1 cs=1]
                                        RenderText {#text} at (323,2) size 93x19
                                          text run at (323,2) width 93: "22. April 2001"
                                        RenderBR {BR} at (416,17) size 0x0
                                        RenderText {#text} at (212,23) size 314x19
                                          text run at (212,23) width 314: "Ein neues Script ist online! G5-Sponsor-Manager."
                                        RenderBR {BR} at (526,38) size 0x0
                                        RenderText {#text} at (241,44) size 256x19
                                          text run at (241,44) width 256: "Mehr Info unter \"Perl Scripte\" im Men\x{FC}."
                                    RenderTableRow {TR} at (0,1937) size 739x86
                                      RenderTableCell {TD} at (0,1937) size 739x86 [border: (1px solid #000000)] [r=26 c=0 rs=1 cs=1]
                                        RenderText {#text} at (323,2) size 93x19
                                          text run at (323,2) width 93: "20. April 2001"
                                        RenderBR {BR} at (416,17) size 0x0
                                        RenderText {#text} at (196,23) size 346x19
                                          text run at (196,23) width 346: "Auf einige Anfragen habe ich eine Demonstration von "
                                        RenderBR {BR} at (542,38) size 0x0
                                        RenderText {#text} at (210,44) size 319x19
                                          text run at (210,44) width 319: "\"The Real Topsites\" (Toplist Script) ver\x{F6}ffentlicht!"
                                        RenderBR {BR} at (529,59) size 0x0
                                        RenderText {#text} at (241,65) size 256x19
                                          text run at (241,65) width 256: "Mehr Info unter \"Perl Scripte\" im Men\x{FC}."
                                    RenderTableRow {TR} at (0,2023) size 739x44
                                      RenderTableCell {TD} at (0,2023) size 739x44 [border: (1px solid #000000)] [r=27 c=0 rs=1 cs=1]
                                        RenderText {#text} at (323,2) size 93x19
                                          text run at (323,2) width 93: "13. M\x{E4}rz 2001"
                                        RenderBR {BR} at (416,17) size 0x0
                                        RenderText {#text} at (227,23) size 284x19
                                          text run at (227,23) width 284: "An diesem Tag ging die G5-Script.de online!"
                                    RenderTableRow {TR} at (0,2067) size 739x23
                                      RenderTableCell {TD} at (0,2067) size 739x23 [border: (1px solid #000000)] [r=28 c=0 rs=1 cs=1]
                                        RenderText {#text} at (367,2) size 4x19
                                          text run at (367,2) width 4: " "
                                RenderBlock (anonymous) at (0,2113) size 780x21
                                  RenderBR {BR} at (390,1) size 0x19
