layer at (0,0) size 800x600
  RenderView at (0,0) size 800x600
layer at (0,0) size 800x600
  RenderBlock {HTML} at (0,0) size 800x600
    RenderBody {BODY} at (8,8) size 784x584
      RenderBlock (anonymous) at (0,0) size 784x36
        RenderText {#text} at (0,1) size 261x16
          text run at (0,1) width 261: "Tables: both lines should be 1 pixel thick."
        RenderBR {BR} at (261,13) size 0x0
        RenderBR {BR} at (0,19) size 0x16
      RenderTable {TABLE} at (0,36) size 37x5
        RenderTableSection {TBODY} at (0,0) size 37x5
          RenderTableRow {TR} at (0,2) size 37x1
            RenderTableCell {TD} at (2,2) size 31x1 [bgcolor=#FF0000] [r=0 c=0 rs=1 cs=1]
              RenderImage {IMG} at (0,0) size 30x1
            RenderTableCell {TD} at (35,2) size 0x0 [r=0 c=1 rs=1 cs=1]
      RenderBlock (anonymous) at (0,41) size 784x18
        RenderBR {BR} at (0,1) size 0x16
      RenderTable {TABLE} at (0,59) size 34x5
        RenderTableSection {TBODY} at (0,0) size 34x5
          RenderTableRow {TR} at (0,2) size 34x1
            RenderTableCell {TD} at (2,2) size 30x1 [bgcolor=#FF0000] [r=0 c=0 rs=1 cs=1]
              RenderImage {IMG} at (0,0) size 30x1
      RenderBlock (anonymous) at (0,64) size 784x184
        RenderBR {BR} at (0,1) size 0x16
        RenderBR {BR} at (0,19) size 0x16
        RenderBR {BR} at (0,37) size 0x16
        RenderText {#text} at (0,55) size 396x16
          text run at (0,55) width 221: "2 texts, FACE=\"Arial, Helvetica\", "
          text run at (221,55) width 175: "1st at size=0, 2nd at size=-4"
        RenderBR {BR} at (396,67) size 0x0
        RenderBR {BR} at (0,73) size 0x16
        RenderInline {FONT} at (0,0) size 160x34
          RenderText {#text} at (0,91) size 160x16
            text run at (0,91) width 160: "Detonator 3.53 Drivers"
          RenderBR {BR} at (160,103) size 0x0
          RenderText {#text} at (0,109) size 119x16
            text run at (0,109) width 119: "Available NOW! "
        RenderBR {BR} at (119,121) size 0x0
        RenderBR {BR} at (0,127) size 0x16
        RenderInline {FONT} at (0,0) size 104x21
          RenderText {#text} at (0,144) size 104x10
            text run at (0,144) width 104: "Detonator 3.53 Drivers"
          RenderBR {BR} at (104,152) size 0x0
          RenderText {#text} at (0,155) size 76x10
            text run at (0,155) width 76: "Available NOW! "
        RenderBR {BR} at (76,163) size 0x0
        RenderBR {BR} at (0,167) size 0x16
