layer at (0,0) size 800x1813
  RenderView at (0,0) size 800x600
layer at (0,0) size 800x1813
  RenderBlock {HTML} at (0,0) size 800x600
    RenderBody {BODY} at (8,8) size 784x584
      RenderText {#text} at (0,1) size 21x19
        text run at (0,1) width 21: "foo"
      RenderTable {TABLE} at (668,0) size 116x1805
        RenderTableSection {TBODY} at (0,0) size 116x1805
          RenderTableRow {TR} at (0,2) size 116x998
            RenderTableCell {TD} at (2,2) size 112x86 [r=0 c=0 rs=1 cs=1]
              RenderBR {BR} at (1,2) size 0x19
              RenderText {#text} at (1,23) size 101x61
                text run at (1,23) width 83: "Create a cool"
                text run at (1,44) width 101: "home page with"
                text run at (1,65) width 19: "the"
          RenderTableRow {TR} at (0,1002) size 116x801
            RenderTableCell {TD} at (2,1002) size 112x65 [r=1 c=0 rs=1 cs=1]
              RenderBR {BR} at (1,2) size 0x19
              RenderText {#text} at (1,23) size 94x40
                text run at (1,23) width 89: "Get organized"
                text run at (1,44) width 94: "online with the"
      RenderText {#text} at (0,0) size 0x0
