layer at (0,0) size 800x12865
  RenderView at (0,0) size 800x600
layer at (0,0) size 800x12865
  RenderBlock {HTML} at (0,0) size 800x12865
    RenderBody {BODY} at (8,8) size 784x12849
      RenderTable {TABLE} at (0,0) size 739x12849 [border: (1px outset #808080)]
        RenderTableSection {TBODY} at (1,1) size 737x12847
          RenderTableRow {TR} at (0,2) size 737x12843
            RenderTableCell {TD} at (2,2) size 12x25 [border: (1px inset #808080)] [r=0 c=0 rs=1 cs=1]
              RenderText {#text} at (2,3) size 8x19
                text run at (2,3) width 8: "x"
            RenderTableCell {TD} at (16,2) size 719x12843 [border: (1px inset #808080)] [r=0 c=1 rs=1 cs=1]
              RenderBlock (anonymous) at (2,2) size 715x0
                RenderInline {FONT} at (0,0) size 0x0
                  RenderText {#text} at (0,0) size 0x0
              RenderBlock (anonymous) at (2,2) size 715x12839
                RenderTable {TABLE} at (0,0) size 566x58 [border: (1px outset #808080)]
                  RenderTableSection {TBODY} at (1,1) size 564x56
                    RenderTableRow {TR} at (0,2) size 564x25
                      RenderTableCell {TD} at (2,2) size 111x25 [border: (1px inset #808080)] [r=0 c=0 rs=1 cs=1]
                        RenderText {#text} at (2,3) size 4x19
                          text run at (2,3) width 4: " "
                      RenderTableCell {TD} at (115,2) size 447x4 [border: (1px inset #808080)] [r=0 c=1 rs=1 cs=1]
                    RenderTableRow {TR} at (0,29) size 564x25
                      RenderTableCell {TD} at (2,29) size 111x25 [border: (1px inset #808080)] [r=1 c=0 rs=1 cs=1]
                        RenderText {#text} at (2,3) size 107x19
                          text run at (2,3) width 107: "Search again..."
                RenderBlock (anonymous) at (0,58) size 715x17
                  RenderText {#text} at (0,1) size 715x15
                    text run at (0,1) width 332: "This text node only exists once in the original document! "
                    text run at (332,1) width 307: "If it were a large collection of inlines, the page would "
                    text run at (639,1) width 76: "hang forever."
                  RenderInline {A} at (0,0) size 0x0
                RenderBlock {H2} at (0,91) size 715x27
                  RenderInline {A} at (0,0) size 168x24
                    RenderText {#text} at (0,1) size 168x24
                      text run at (0,1) width 168: "Table of Contents"
                RenderBlock {P} at (0,134) size 715x170
                  RenderInline {B} at (0,0) size 76x15
                    RenderInline {A} at (0,0) size 76x15 [color=#0000EE]
                      RenderText {#text} at (0,1) size 76x15
                        text run at (0,1) width 76: "Introduction"
                  RenderBR {BR} at (76,13) size 0x0
                  RenderBR {BR} at (0,18) size 0x15
                  RenderInline {A} at (0,0) size 160x15 [color=#0000EE]
                    RenderText {#text} at (0,35) size 160x15
                      text run at (0,35) width 160: "Who Should Use This Book"
                  RenderText {#text} at (160,35) size 4x15
                    text run at (160,35) width 4: " "
                  RenderBR {BR} at (164,47) size 0x0
                  RenderInline {A} at (0,0) size 133x15 [color=#0000EE]
                    RenderText {#text} at (0,52) size 133x15
                      text run at (0,52) width 133: "How To Use This Book"
                  RenderText {#text} at (133,52) size 4x15
                    text run at (133,52) width 4: " "
                  RenderBR {BR} at (137,64) size 0x0
                  RenderInline {A} at (0,0) size 166x15 [color=#0000EE]
                    RenderText {#text} at (0,69) size 166x15
                      text run at (0,69) width 166: "How This Book is Structured"
                  RenderText {#text} at (166,69) size 4x15
                    text run at (166,69) width 4: " "
                  RenderBR {BR} at (170,81) size 0x0
                  RenderInline {A} at (0,0) size 200x15 [color=#0000EE]
                    RenderText {#text} at (0,86) size 200x15
                      text run at (0,86) width 200: "How to Read the Syntax Diagrams"
                  RenderText {#text} at (200,86) size 4x15
                    text run at (200,86) width 4: " "
                  RenderBR {BR} at (204,98) size 0x0
                  RenderInline {A} at (0,0) size 195x15 [color=#0000EE]
                    RenderText {#text} at (0,103) size 195x15
                      text run at (0,103) width 195: "Conventions Used in This Manual"
                  RenderText {#text} at (195,103) size 4x15
                    text run at (195,103) width 4: " "
                  RenderBR {BR} at (199,115) size 0x0
                  RenderInline {A} at (0,0) size 93x15 [color=#0000EE]
                    RenderText {#text} at (0,120) size 93x15
                      text run at (0,120) width 93: "Error Conditions"
                  RenderText {#text} at (93,120) size 4x15
                    text run at (93,120) width 4: " "
                  RenderBR {BR} at (97,132) size 0x0
                  RenderInline {A} at (0,0) size 143x15 [color=#0000EE]
                    RenderText {#text} at (0,137) size 143x15
                      text run at (0,137) width 143: "Highlighting Conventions"
                  RenderText {#text} at (143,137) size 4x15
                    text run at (143,137) width 4: " "
                  RenderBR {BR} at (147,149) size 0x0
                  RenderInline {A} at (0,0) size 217x15 [color=#0000EE]
                    RenderText {#text} at (0,154) size 217x15
                      text run at (0,154) width 217: "Related Documentation for This Book"
                  RenderText {#text} at (0,0) size 0x0
                RenderBlock {P} at (0,317) size 715x1122
                  RenderInline {B} at (0,0) size 58x15
                    RenderInline {A} at (0,0) size 58x15 [color=#0000EE]
                      RenderText {#text} at (0,1) size 58x15
                        text run at (0,1) width 58: "Concepts"
                  RenderBR {BR} at (58,13) size 0x0
                  RenderBR {BR} at (0,18) size 0x15
                  RenderInline {A} at (0,0) size 116x15 [color=#0000EE]
                    RenderText {#text} at (0,35) size 116x15
                      text run at (0,35) width 116: "Relational Database"
                  RenderText {#text} at (116,35) size 4x15
                    text run at (116,35) width 4: " "
                  RenderBR {BR} at (120,47) size 0x0
                  RenderInline {A} at (0,0) size 197x15 [color=#0000EE]
                    RenderText {#text} at (0,52) size 197x15
                      text run at (0,52) width 197: "Structured Query Language (SQL)"
                  RenderText {#text} at (197,52) size 4x15
                    text run at (197,52) width 4: " "
                  RenderBR {BR} at (201,64) size 0x0
                  RenderInline {A} at (0,0) size 92x15 [color=#0000EE]
                    RenderText {#text} at (0,69) size 92x15
                      text run at (0,69) width 92: "Embedded SQL"
                  RenderText {#text} at (92,69) size 4x15
                    text run at (92,69) width 4: " "
                  RenderBR {BR} at (96,81) size 0x0
                  RenderInline {A} at (0,0) size 64x15 [color=#0000EE]
                    RenderText {#text} at (0,86) size 64x15
                      text run at (0,86) width 64: "Static SQL"
                  RenderText {#text} at (64,86) size 4x15
                    text run at (64,86) width 4: " "
                  RenderBR {BR} at (68,98) size 0x0
                  RenderInline {A} at (0,0) size 81x15 [color=#0000EE]
                    RenderText {#text} at (0,103) size 81x15
                      text run at (0,103) width 81: "Dynamic SQL"
                  RenderText {#text} at (81,103) size 4x15
                    text run at (81,103) width 4: " "
                  RenderBR {BR} at (85,115) size 0x0
                  RenderInline {A} at (0,0) size 405x15 [color=#0000EE]
                    RenderText {#text} at (0,120) size 405x15
                      text run at (0,120) width 405: "DB2 Call Level Interface (CLI) & Open Database Connectivity (ODBC)"
                  RenderText {#text} at (405,120) size 4x15
                    text run at (405,120) width 4: " "
                  RenderBR {BR} at (409,132) size 0x0
                  RenderInline {A} at (0,0) size 486x15 [color=#0000EE]
                    RenderText {#text} at (0,137) size 486x15
                      text run at (0,137) width 486: "Java Database Connectivity (JDBC) and Embedded SQL for Java (SQLJ) Programs"
                  RenderText {#text} at (486,137) size 4x15
                    text run at (486,137) width 4: " "
                  RenderBR {BR} at (490,149) size 0x0
                  RenderInline {A} at (0,0) size 91x15 [color=#0000EE]
                    RenderText {#text} at (0,154) size 91x15
                      text run at (0,154) width 91: "Interactive SQL"
                  RenderText {#text} at (91,154) size 4x15
                    text run at (91,154) width 4: " "
                  RenderBR {BR} at (95,166) size 0x0
                  RenderInline {A} at (0,0) size 55x15 [color=#0000EE]
                    RenderText {#text} at (0,171) size 55x15
                      text run at (0,171) width 55: "Schemas"
                  RenderText {#text} at (55,171) size 4x15
                    text run at (55,171) width 4: " "
                  RenderBR {BR} at (59,183) size 0x0
                  RenderInline {A} at (0,0) size 162x15 [color=#0000EE]
                    RenderText {#text} at (0,188) size 162x15
                      text run at (0,188) width 162: "Controlling Use of Schemas"
                  RenderText {#text} at (162,188) size 4x15
                    text run at (162,188) width 4: " "
                  RenderBR {BR} at (166,200) size 0x0
                  RenderInline {A} at (0,0) size 38x15 [color=#0000EE]
                    RenderText {#text} at (0,205) size 38x15
                      text run at (0,205) width 38: "Tables"
                  RenderText {#text} at (38,205) size 4x15
                    text run at (38,205) width 4: " "
                  RenderBR {BR} at (42,217) size 0x0
                  RenderInline {A} at (0,0) size 35x15 [color=#0000EE]
                    RenderText {#text} at (0,222) size 35x15
                      text run at (0,222) width 35: "Views"
                  RenderText {#text} at (35,222) size 4x15
                    text run at (35,222) width 4: " "
                  RenderBR {BR} at (39,234) size 0x0
                  RenderInline {A} at (0,0) size 44x15 [color=#0000EE]
                    RenderText {#text} at (0,239) size 44x15
                      text run at (0,239) width 44: "Aliases"
                  RenderText {#text} at (44,239) size 4x15
                    text run at (44,239) width 4: " "
                  RenderBR {BR} at (48,251) size 0x0
                  RenderInline {A} at (0,0) size 46x15 [color=#0000EE]
                    RenderText {#text} at (0,256) size 46x15
                      text run at (0,256) width 46: "Indexes"
                  RenderText {#text} at (46,256) size 4x15
                    text run at (46,256) width 4: " "
                  RenderBR {BR} at (50,268) size 0x0
                  RenderInline {A} at (0,0) size 30x15 [color=#0000EE]
                    RenderText {#text} at (0,273) size 30x15
                      text run at (0,273) width 30: "Keys"
                  RenderText {#text} at (30,273) size 4x15
                    text run at (30,273) width 4: " "
                  RenderBR {BR} at (34,285) size 0x0
                  RenderInline {A} at (0,0) size 74x15 [color=#0000EE]
                    RenderText {#text} at (0,290) size 74x15
                      text run at (0,290) width 74: "Unique Keys"
                  RenderText {#text} at (74,290) size 4x15
                    text run at (74,290) width 4: " "
                  RenderBR {BR} at (78,302) size 0x0
                  RenderInline {A} at (0,0) size 79x15 [color=#0000EE]
                    RenderText {#text} at (0,307) size 79x15
                      text run at (0,307) width 79: "Primary Keys"
                  RenderText {#text} at (79,307) size 4x15
                    text run at (79,307) width 4: " "
                  RenderBR {BR} at (83,319) size 0x0
                  RenderInline {A} at (0,0) size 77x15 [color=#0000EE]
                    RenderText {#text} at (0,324) size 77x15
                      text run at (0,324) width 77: "Foreign Keys"
                  RenderText {#text} at (77,324) size 4x15
                    text run at (77,324) width 4: " "
                  RenderBR {BR} at (81,336) size 0x0
                  RenderInline {A} at (0,0) size 99x15 [color=#0000EE]
                    RenderText {#text} at (0,341) size 99x15
                      text run at (0,341) width 99: "Partitioning Keys"
                  RenderText {#text} at (99,341) size 4x15
                    text run at (99,341) width 4: " "
                  RenderBR {BR} at (103,353) size 0x0
                  RenderInline {A} at (0,0) size 66x15 [color=#0000EE]
                    RenderText {#text} at (0,358) size 66x15
                      text run at (0,358) width 66: "Constraints"
                  RenderText {#text} at (66,358) size 4x15
                    text run at (66,358) width 4: " "
                  RenderBR {BR} at (70,370) size 0x0
                  RenderInline {A} at (0,0) size 110x15 [color=#0000EE]
                    RenderText {#text} at (0,375) size 110x15
                      text run at (0,375) width 110: "Unique Constraints"
                  RenderText {#text} at (110,375) size 4x15
                    text run at (110,375) width 4: " "
                  RenderBR {BR} at (114,387) size 0x0
                  RenderInline {A} at (0,0) size 132x15 [color=#0000EE]
                    RenderText {#text} at (0,392) size 132x15
                      text run at (0,392) width 132: "Referential Constraints"
                  RenderText {#text} at (132,392) size 4x15
                    text run at (132,392) width 4: " "
                  RenderBR {BR} at (136,404) size 0x0
                  RenderInline {A} at (0,0) size 142x15 [color=#0000EE]
                    RenderText {#text} at (0,409) size 142x15
                      text run at (0,409) width 142: "Table Check Constraints"
                  RenderText {#text} at (142,409) size 4x15
                    text run at (142,409) width 4: " "
                  RenderBR {BR} at (146,421) size 0x0
                  RenderInline {A} at (0,0) size 47x15 [color=#0000EE]
                    RenderText {#text} at (0,426) size 47x15
                      text run at (0,426) width 47: "Triggers"
                  RenderText {#text} at (47,426) size 4x15
                    text run at (47,426) width 4: " "
                  RenderBR {BR} at (51,438) size 0x0
                  RenderInline {A} at (0,0) size 88x15 [color=#0000EE]
                    RenderText {#text} at (0,443) size 88x15
                      text run at (0,443) width 88: "Event Monitors"
                  RenderText {#text} at (88,443) size 4x15
                    text run at (88,443) width 4: " "
                  RenderBR {BR} at (92,455) size 0x0
                  RenderInline {A} at (0,0) size 45x15 [color=#0000EE]
                    RenderText {#text} at (0,460) size 45x15
                      text run at (0,460) width 45: "Queries"
                  RenderText {#text} at (45,460) size 4x15
                    text run at (45,460) width 4: " "
                  RenderBR {BR} at (49,472) size 0x0
                  RenderInline {A} at (0,0) size 107x15 [color=#0000EE]
                    RenderText {#text} at (0,477) size 107x15
                      text run at (0,477) width 107: "Table Expressions"
                  RenderText {#text} at (107,477) size 4x15
                    text run at (107,477) width 4: " "
                  RenderBR {BR} at (111,489) size 0x0
                  RenderInline {A} at (0,0) size 163x15 [color=#0000EE]
                    RenderText {#text} at (0,494) size 163x15
                      text run at (0,494) width 163: "Common Table Expressions"
                  RenderText {#text} at (163,494) size 4x15
                    text run at (163,494) width 4: " "
                  RenderBR {BR} at (167,506) size 0x0
                  RenderInline {A} at (0,0) size 58x15 [color=#0000EE]
                    RenderText {#text} at (0,511) size 58x15
                      text run at (0,511) width 58: "Packages"
                  RenderText {#text} at (58,511) size 4x15
                    text run at (58,511) width 4: " "
                  RenderBR {BR} at (62,523) size 0x0
                  RenderInline {A} at (0,0) size 83x15 [color=#0000EE]
                    RenderText {#text} at (0,528) size 83x15
                      text run at (0,528) width 83: "Catalog Views"
                  RenderText {#text} at (83,528) size 4x15
                    text run at (83,528) width 4: " "
                  RenderBR {BR} at (87,540) size 0x0
                  RenderInline {A} at (0,0) size 300x15 [color=#0000EE]
                    RenderText {#text} at (0,545) size 300x15
                      text run at (0,545) width 300: "Application Processes, Concurrency, and Recovery"
                  RenderText {#text} at (300,545) size 4x15
                    text run at (300,545) width 4: " "
                  RenderBR {BR} at (304,557) size 0x0
                  RenderInline {A} at (0,0) size 84x15 [color=#0000EE]
                    RenderText {#text} at (0,562) size 84x15
                      text run at (0,562) width 84: "Isolation Level"
                  RenderText {#text} at (84,562) size 4x15
                    text run at (84,562) width 4: " "
                  RenderBR {BR} at (88,574) size 0x0
                  RenderInline {A} at (0,0) size 129x15 [color=#0000EE]
                    RenderText {#text} at (0,579) size 129x15
                      text run at (0,579) width 129: "Repeatable Read (RR)"
                  RenderText {#text} at (129,579) size 4x15
                    text run at (129,579) width 4: " "
                  RenderBR {BR} at (133,591) size 0x0
                  RenderInline {A} at (0,0) size 111x15 [color=#0000EE]
                    RenderText {#text} at (0,596) size 111x15
                      text run at (0,596) width 111: "Read Stability (RS)"
                  RenderText {#text} at (111,596) size 4x15
                    text run at (111,596) width 4: " "
                  RenderBR {BR} at (115,608) size 0x0
                  RenderInline {A} at (0,0) size 119x15 [color=#0000EE]
                    RenderText {#text} at (0,613) size 119x15
                      text run at (0,613) width 119: "Cursor Stability (CS)"
                  RenderText {#text} at (119,613) size 4x15
                    text run at (119,613) width 4: " "
                  RenderBR {BR} at (123,625) size 0x0
                  RenderInline {A} at (0,0) size 141x15 [color=#0000EE]
                    RenderText {#text} at (0,630) size 141x15
                      text run at (0,630) width 141: "Uncommitted Read (UR)"
                  RenderText {#text} at (141,630) size 4x15
                    text run at (141,630) width 4: " "
                  RenderBR {BR} at (145,642) size 0x0
                  RenderInline {A} at (0,0) size 179x15 [color=#0000EE]
                    RenderText {#text} at (0,647) size 179x15
                      text run at (0,647) width 179: "Comparison of Isolation Levels"
                  RenderText {#text} at (179,647) size 4x15
                    text run at (179,647) width 4: " "
                  RenderBR {BR} at (183,659) size 0x0
                  RenderInline {A} at (0,0) size 182x15 [color=#0000EE]
                    RenderText {#text} at (0,664) size 182x15
                      text run at (0,664) width 182: "Distributed Relational Database"
                  RenderText {#text} at (182,664) size 4x15
                    text run at (182,664) width 4: " "
                  RenderBR {BR} at (186,676) size 0x0
                  RenderInline {A} at (0,0) size 114x15 [color=#0000EE]
                    RenderText {#text} at (0,681) size 114x15
                      text run at (0,681) width 114: "Application Servers"
                  RenderText {#text} at (114,681) size 4x15
                    text run at (114,681) width 4: " "
                  RenderBR {BR} at (118,693) size 0x0
                  RenderInline {A} at (0,0) size 259x15 [color=#0000EE]
                    RenderText {#text} at (0,698) size 259x15
                      text run at (0,698) width 259: "CONNECT (Type 1) and CONNECT (Type 2)"
                  RenderText {#text} at (259,698) size 4x15
                    text run at (259,698) width 4: " "
                  RenderBR {BR} at (263,710) size 0x0
                  RenderInline {A} at (0,0) size 121x15 [color=#0000EE]
                    RenderText {#text} at (0,715) size 121x15
                      text run at (0,715) width 121: "Remote Unit of Work"
                  RenderText {#text} at (121,715) size 4x15
                    text run at (121,715) width 4: " "
                  RenderBR {BR} at (125,727) size 0x0
                  RenderInline {A} at (0,0) size 259x15 [color=#0000EE]
                    RenderText {#text} at (0,732) size 259x15
                      text run at (0,732) width 259: "Application-Directed Distributed Unit of Work"
                  RenderText {#text} at (259,732) size 4x15
                    text run at (259,732) width 4: " "
                  RenderBR {BR} at (263,744) size 0x0
                  RenderInline {A} at (0,0) size 208x15 [color=#0000EE]
                    RenderText {#text} at (0,749) size 208x15
                      text run at (0,749) width 208: "Data Representation Considerations"
                  RenderText {#text} at (208,749) size 4x15
                    text run at (208,749) width 4: " "
                  RenderBR {BR} at (212,761) size 0x0
                  RenderInline {A} at (0,0) size 143x15 [color=#0000EE]
                    RenderText {#text} at (0,766) size 143x15
                      text run at (0,766) width 143: "DB2 Federated Systems"
                  RenderText {#text} at (143,766) size 4x15
                    text run at (143,766) width 4: " "
                  RenderBR {BR} at (147,778) size 0x0
                  RenderInline {A} at (0,0) size 363x15 [color=#0000EE]
                    RenderText {#text} at (0,783) size 363x15
                      text run at (0,783) width 363: "The Federated Server, Federated Database, and Data Sources"
                  RenderText {#text} at (363,783) size 4x15
                    text run at (363,783) width 4: " "
                  RenderBR {BR} at (367,795) size 0x0
                  RenderInline {A} at (0,0) size 265x15 [color=#0000EE]
                    RenderText {#text} at (0,800) size 265x15
                      text run at (0,800) width 265: "Tasks to Perform in a DB2 Federated System"
                  RenderText {#text} at (265,800) size 4x15
                    text run at (265,800) width 4: " "
                  RenderBR {BR} at (269,812) size 0x0
                  RenderInline {A} at (0,0) size 185x15 [color=#0000EE]
                    RenderText {#text} at (0,817) size 185x15
                      text run at (0,817) width 185: "Wrappers and Wrapper Modules"
                  RenderText {#text} at (185,817) size 4x15
                    text run at (185,817) width 4: " "
                  RenderBR {BR} at (189,829) size 0x0
                  RenderInline {A} at (0,0) size 219x15 [color=#0000EE]
                    RenderText {#text} at (0,834) size 219x15
                      text run at (0,834) width 219: "Server Definitions and Server Options"
                  RenderText {#text} at (219,834) size 4x15
                    text run at (219,834) width 4: " "
                  RenderBR {BR} at (223,846) size 0x0
                  RenderInline {A} at (0,0) size 192x15 [color=#0000EE]
                    RenderText {#text} at (0,851) size 192x15
                      text run at (0,851) width 192: "User Mappings and User Options"
                  RenderText {#text} at (192,851) size 4x15
                    text run at (192,851) width 4: " "
                  RenderBR {BR} at (196,863) size 0x0
                  RenderInline {A} at (0,0) size 120x15 [color=#0000EE]
                    RenderText {#text} at (0,868) size 120x15
                      text run at (0,868) width 120: "Data Type Mappings"
                  RenderText {#text} at (120,868) size 4x15
                    text run at (120,868) width 4: " "
                  RenderBR {BR} at (124,880) size 0x0
                  RenderInline {A} at (0,0) size 417x15 [color=#0000EE]
                    RenderText {#text} at (0,885) size 417x15
                      text run at (0,885) width 417: "Function Mappings, Function Templates, and Function Mapping Options"
                  RenderText {#text} at (417,885) size 4x15
                    text run at (417,885) width 4: " "
                  RenderBR {BR} at (421,897) size 0x0
                  RenderInline {A} at (0,0) size 187x15 [color=#0000EE]
                    RenderText {#text} at (0,902) size 187x15
                      text run at (0,902) width 187: "Nicknames and Column Options"
                  RenderText {#text} at (187,902) size 4x15
                    text run at (187,902) width 4: " "
                  RenderBR {BR} at (191,914) size 0x0
                  RenderInline {A} at (0,0) size 118x15 [color=#0000EE]
                    RenderText {#text} at (0,919) size 118x15
                      text run at (0,919) width 118: "Index Specifications"
                  RenderText {#text} at (118,919) size 4x15
                    text run at (118,919) width 4: " "
                  RenderBR {BR} at (122,931) size 0x0
                  RenderInline {A} at (0,0) size 121x15 [color=#0000EE]
                    RenderText {#text} at (0,936) size 121x15
                      text run at (0,936) width 121: "Distributed Requests"
                  RenderText {#text} at (121,936) size 4x15
                    text run at (121,936) width 4: " "
                  RenderBR {BR} at (125,948) size 0x0
                  RenderInline {A} at (0,0) size 83x15 [color=#0000EE]
                    RenderText {#text} at (0,953) size 83x15
                      text run at (0,953) width 83: "Compensation"
                  RenderText {#text} at (83,953) size 4x15
                    text run at (83,953) width 4: " "
                  RenderBR {BR} at (87,965) size 0x0
                  RenderInline {A} at (0,0) size 81x15 [color=#0000EE]
                    RenderText {#text} at (0,970) size 81x15
                      text run at (0,970) width 81: "Pass-Through"
                  RenderText {#text} at (81,970) size 4x15
                    text run at (81,970) width 4: " "
                  RenderBR {BR} at (85,982) size 0x0
                  RenderInline {A} at (0,0) size 125x15 [color=#0000EE]
                    RenderText {#text} at (0,987) size 125x15
                      text run at (0,987) width 125: "Character Conversion"
                  RenderText {#text} at (125,987) size 4x15
                    text run at (125,987) width 4: " "
                  RenderBR {BR} at (129,999) size 0x0
                  RenderInline {A} at (0,0) size 187x15 [color=#0000EE]
                    RenderText {#text} at (0,1004) size 187x15
                      text run at (0,1004) width 187: "Character Sets and Code Pages"
                  RenderText {#text} at (187,1004) size 4x15
                    text run at (187,1004) width 4: " "
                  RenderBR {BR} at (191,1016) size 0x0
                  RenderInline {A} at (0,0) size 125x15 [color=#0000EE]
                    RenderText {#text} at (0,1021) size 125x15
                      text run at (0,1021) width 125: "Code Page Attributes"
                  RenderText {#text} at (125,1021) size 4x15
                    text run at (125,1021) width 4: " "
                  RenderBR {BR} at (129,1033) size 0x0
                  RenderInline {A} at (0,0) size 163x15 [color=#0000EE]
                    RenderText {#text} at (0,1038) size 163x15
                      text run at (0,1038) width 163: "Authorization and Privileges"
                  RenderText {#text} at (163,1038) size 4x15
                    text run at (163,1038) width 4: " "
                  RenderBR {BR} at (167,1050) size 0x0
                  RenderInline {A} at (0,0) size 253x15 [color=#0000EE]
                    RenderText {#text} at (0,1055) size 253x15
                      text run at (0,1055) width 253: "Table Spaces and Other Storage Structures"
                  RenderText {#text} at (253,1055) size 4x15
                    text run at (253,1055) width 4: " "
                  RenderBR {BR} at (257,1067) size 0x0
                  RenderInline {A} at (0,0) size 250x15 [color=#0000EE]
                    RenderText {#text} at (0,1072) size 250x15
                      text run at (0,1072) width 250: "Data Partitioning Across Multiple Partitions"
                  RenderText {#text} at (250,1072) size 4x15
                    text run at (250,1072) width 4: " "
                  RenderBR {BR} at (254,1084) size 0x0
                  RenderInline {A} at (0,0) size 101x15 [color=#0000EE]
                    RenderText {#text} at (0,1089) size 101x15
                      text run at (0,1089) width 101: "Partitioning Maps"
                  RenderText {#text} at (101,1089) size 4x15
                    text run at (101,1089) width 4: " "
                  RenderBR {BR} at (105,1101) size 0x0
                  RenderInline {A} at (0,0) size 99x15 [color=#0000EE]
                    RenderText {#text} at (0,1106) size 99x15
                      text run at (0,1106) width 99: "Table Collocation"
                  RenderText {#text} at (0,0) size 0x0
                RenderBlock {P} at (0,1452) size 715x2261
                  RenderInline {B} at (0,0) size 123x15
                    RenderInline {A} at (0,0) size 123x15 [color=#0000EE]
                      RenderText {#text} at (0,1) size 123x15
                        text run at (0,1) width 123: "Language Elements"
                  RenderBR {BR} at (123,13) size 0x0
                  RenderBR {BR} at (0,18) size 0x15
                  RenderInline {A} at (0,0) size 63x15 [color=#0000EE]
                    RenderText {#text} at (0,35) size 63x15
                      text run at (0,35) width 63: "Characters"
                  RenderText {#text} at (63,35) size 4x15
                    text run at (63,35) width 4: " "
                  RenderBR {BR} at (67,47) size 0x0
                  RenderInline {A} at (0,0) size 128x15 [color=#0000EE]
                    RenderText {#text} at (0,52) size 128x15
                      text run at (0,52) width 128: "MBCS Considerations"
                  RenderText {#text} at (128,52) size 4x15
                    text run at (128,52) width 4: " "
                  RenderBR {BR} at (132,64) size 0x0
                  RenderInline {A} at (0,0) size 42x15 [color=#0000EE]
                    RenderText {#text} at (0,69) size 42x15
                      text run at (0,69) width 42: "Tokens"
                  RenderText {#text} at (42,69) size 4x15
                    text run at (42,69) width 4: " "
                  RenderBR {BR} at (46,81) size 0x0
                  RenderInline {A} at (0,0) size 128x15 [color=#0000EE]
                    RenderText {#text} at (0,86) size 128x15
                      text run at (0,86) width 128: "MBCS Considerations"
                  RenderText {#text} at (128,86) size 4x15
                    text run at (128,86) width 4: " "
                  RenderBR {BR} at (132,98) size 0x0
                  RenderInline {A} at (0,0) size 57x15 [color=#0000EE]
                    RenderText {#text} at (0,103) size 57x15
                      text run at (0,103) width 57: "Identifiers"
                  RenderText {#text} at (57,103) size 4x15
                    text run at (57,103) width 4: " "
                  RenderBR {BR} at (61,115) size 0x0
                  RenderInline {A} at (0,0) size 87x15 [color=#0000EE]
                    RenderText {#text} at (0,120) size 87x15
                      text run at (0,120) width 87: "SQL Identifiers"
                  RenderText {#text} at (87,120) size 4x15
                    text run at (87,120) width 4: " "
                  RenderBR {BR} at (91,132) size 0x0
                  RenderInline {A} at (0,0) size 88x15 [color=#0000EE]
                    RenderText {#text} at (0,137) size 88x15
                      text run at (0,137) width 88: "Host Identifiers"
                  RenderText {#text} at (88,137) size 4x15
                    text run at (88,137) width 4: " "
                  RenderBR {BR} at (92,149) size 0x0
                  RenderInline {A} at (0,0) size 354x15 [color=#0000EE]
                    RenderText {#text} at (0,154) size 354x15
                      text run at (0,154) width 354: "Naming Conventions and Implicit Object Name Qualifications"
                  RenderText {#text} at (354,154) size 4x15
                    text run at (354,154) width 4: " "
                  RenderBR {BR} at (358,166) size 0x0
                  RenderInline {A} at (0,0) size 44x15 [color=#0000EE]
                    RenderText {#text} at (0,171) size 44x15
                      text run at (0,171) width 44: "Aliases"
                  RenderText {#text} at (44,171) size 4x15
                    text run at (44,171) width 4: " "
                  RenderBR {BR} at (48,183) size 0x0
                  RenderInline {A} at (0,0) size 247x15 [color=#0000EE]
                    RenderText {#text} at (0,188) size 247x15
                      text run at (0,188) width 247: "Authorization IDs and authorization-names"
                  RenderText {#text} at (247,188) size 4x15
                    text run at (247,188) width 4: " "
                  RenderBR {BR} at (251,200) size 0x0
                  RenderInline {A} at (0,0) size 238x15 [color=#0000EE]
                    RenderText {#text} at (0,205) size 238x15
                      text run at (0,205) width 238: "Dynamic SQL Characteristics at run-time"
                  RenderText {#text} at (238,205) size 4x15
                    text run at (238,205) width 4: " "
                  RenderBR {BR} at (242,217) size 0x0
                  RenderInline {A} at (0,0) size 260x15 [color=#0000EE]
                    RenderText {#text} at (0,222) size 260x15
                      text run at (0,222) width 260: "Authorization IDs and Statement Preparation"
                  RenderText {#text} at (260,222) size 4x15
                    text run at (260,222) width 4: " "
                  RenderBR {BR} at (264,234) size 0x0
                  RenderInline {A} at (0,0) size 67x15 [color=#0000EE]
                    RenderText {#text} at (0,239) size 67x15
                      text run at (0,239) width 67: "Data Types"
                  RenderText {#text} at (67,239) size 4x15
                    text run at (67,239) width 4: " "
                  RenderBR {BR} at (71,251) size 0x0
                  RenderInline {A} at (0,0) size 29x15 [color=#0000EE]
                    RenderText {#text} at (0,256) size 29x15
                      text run at (0,256) width 29: "Nulls"
                  RenderText {#text} at (29,256) size 4x15
                    text run at (29,256) width 4: " "
                  RenderBR {BR} at (33,268) size 0x0
                  RenderInline {A} at (0,0) size 126x15 [color=#0000EE]
                    RenderText {#text} at (0,273) size 126x15
                      text run at (0,273) width 126: "Large Objects (LOBs)"
                  RenderText {#text} at (126,273) size 4x15
                    text run at (126,273) width 4: " "
                  RenderBR {BR} at (130,285) size 0x0
                  RenderInline {A} at (0,0) size 101x15 [color=#0000EE]
                    RenderText {#text} at (0,290) size 101x15
                      text run at (0,290) width 101: "Character Strings"
                  RenderText {#text} at (101,290) size 4x15
                    text run at (101,290) width 4: " "
                  RenderBR {BR} at (105,302) size 0x0
                  RenderInline {A} at (0,0) size 90x15 [color=#0000EE]
                    RenderText {#text} at (0,307) size 90x15
                      text run at (0,307) width 90: "Graphic Strings"
                  RenderText {#text} at (90,307) size 4x15
                    text run at (90,307) width 4: " "
                  RenderBR {BR} at (94,319) size 0x0
                  RenderInline {A} at (0,0) size 75x15 [color=#0000EE]
                    RenderText {#text} at (0,324) size 75x15
                      text run at (0,324) width 75: "Binary String"
                  RenderText {#text} at (75,324) size 4x15
                    text run at (75,324) width 4: " "
                  RenderBR {BR} at (79,336) size 0x0
                  RenderInline {A} at (0,0) size 52x15 [color=#0000EE]
                    RenderText {#text} at (0,341) size 52x15
                      text run at (0,341) width 52: "Numbers"
                  RenderText {#text} at (52,341) size 4x15
                    text run at (52,341) width 4: " "
                  RenderBR {BR} at (56,353) size 0x0
                  RenderInline {A} at (0,0) size 96x15 [color=#0000EE]
                    RenderText {#text} at (0,358) size 96x15
                      text run at (0,358) width 96: "Datetime Values"
                  RenderText {#text} at (96,358) size 4x15
                    text run at (96,358) width 4: " "
                  RenderBR {BR} at (100,370) size 0x0
                  RenderInline {A} at (0,0) size 108x15 [color=#0000EE]
                    RenderText {#text} at (0,375) size 108x15
                      text run at (0,375) width 108: "DATALINK Values"
                  RenderText {#text} at (108,375) size 4x15
                    text run at (108,375) width 4: " "
                  RenderBR {BR} at (112,387) size 0x0
                  RenderInline {A} at (0,0) size 115x15 [color=#0000EE]
                    RenderText {#text} at (0,392) size 115x15
                      text run at (0,392) width 115: "User Defined Types"
                  RenderText {#text} at (115,392) size 4x15
                    text run at (115,392) width 4: " "
                  RenderBR {BR} at (119,404) size 0x0
                  RenderInline {A} at (0,0) size 145x15 [color=#0000EE]
                    RenderText {#text} at (0,409) size 145x15
                      text run at (0,409) width 145: "Promotion of Data Types"
                  RenderText {#text} at (145,409) size 4x15
                    text run at (145,409) width 4: " "
                  RenderBR {BR} at (149,421) size 0x0
                  RenderInline {A} at (0,0) size 169x15 [color=#0000EE]
                    RenderText {#text} at (0,426) size 169x15
                      text run at (0,426) width 169: "Casting Between Data Types"
                  RenderText {#text} at (169,426) size 4x15
                    text run at (169,426) width 4: " "
                  RenderBR {BR} at (173,438) size 0x0
                  RenderInline {A} at (0,0) size 182x15 [color=#0000EE]
                    RenderText {#text} at (0,443) size 182x15
                      text run at (0,443) width 182: "Assignments and Comparisons"
                  RenderText {#text} at (182,443) size 4x15
                    text run at (182,443) width 4: " "
                  RenderBR {BR} at (186,455) size 0x0
                  RenderInline {A} at (0,0) size 129x15 [color=#0000EE]
                    RenderText {#text} at (0,460) size 129x15
                      text run at (0,460) width 129: "Numeric Assignments"
                  RenderText {#text} at (129,460) size 4x15
                    text run at (129,460) width 4: " "
                  RenderBR {BR} at (133,472) size 0x0
                  RenderInline {A} at (0,0) size 115x15 [color=#0000EE]
                    RenderText {#text} at (0,477) size 115x15
                      text run at (0,477) width 115: "String Assignments"
                  RenderText {#text} at (115,477) size 4x15
                    text run at (115,477) width 4: " "
                  RenderBR {BR} at (119,489) size 0x0
                  RenderInline {A} at (0,0) size 133x15 [color=#0000EE]
                    RenderText {#text} at (0,494) size 133x15
                      text run at (0,494) width 133: "Datetime Assignments"
                  RenderText {#text} at (133,494) size 4x15
                    text run at (133,494) width 4: " "
                  RenderBR {BR} at (137,506) size 0x0
                  RenderInline {A} at (0,0) size 145x15 [color=#0000EE]
                    RenderText {#text} at (0,511) size 145x15
                      text run at (0,511) width 145: "DATALINK Assignments"
                  RenderText {#text} at (145,511) size 4x15
                    text run at (145,511) width 4: " "
                  RenderBR {BR} at (149,523) size 0x0
                  RenderInline {A} at (0,0) size 187x15 [color=#0000EE]
                    RenderText {#text} at (0,528) size 187x15
                      text run at (0,528) width 187: "User-defined Type Assignments"
                  RenderText {#text} at (187,528) size 4x15
                    text run at (187,528) width 4: " "
                  RenderBR {BR} at (191,540) size 0x0
                  RenderInline {A} at (0,0) size 173x15 [color=#0000EE]
                    RenderText {#text} at (0,545) size 173x15
                      text run at (0,545) width 173: "Reference Type Assignments"
                  RenderText {#text} at (173,545) size 4x15
                    text run at (173,545) width 4: " "
                  RenderBR {BR} at (177,557) size 0x0
                  RenderInline {A} at (0,0) size 128x15 [color=#0000EE]
                    RenderText {#text} at (0,562) size 128x15
                      text run at (0,562) width 128: "Numeric Comparisons"
                  RenderText {#text} at (128,562) size 4x15
                    text run at (128,562) width 4: " "
                  RenderBR {BR} at (132,574) size 0x0
                  RenderInline {A} at (0,0) size 114x15 [color=#0000EE]
                    RenderText {#text} at (0,579) size 114x15
                      text run at (0,579) width 114: "String Comparisons"
                  RenderText {#text} at (114,579) size 4x15
                    text run at (114,579) width 4: " "
                  RenderBR {BR} at (118,591) size 0x0
                  RenderInline {A} at (0,0) size 132x15 [color=#0000EE]
                    RenderText {#text} at (0,596) size 132x15
                      text run at (0,596) width 132: "Datetime Comparisons"
                  RenderText {#text} at (132,596) size 4x15
                    text run at (132,596) width 4: " "
                  RenderBR {BR} at (136,608) size 0x0
                  RenderInline {A} at (0,0) size 186x15 [color=#0000EE]
                    RenderText {#text} at (0,613) size 186x15
                      text run at (0,613) width 186: "User-defined Type Comparisons"
                  RenderText {#text} at (186,613) size 4x15
                    text run at (186,613) width 4: " "
                  RenderBR {BR} at (190,625) size 0x0
                  RenderInline {A} at (0,0) size 172x15 [color=#0000EE]
                    RenderText {#text} at (0,630) size 172x15
                      text run at (0,630) width 172: "Reference Type Comparisons"
                  RenderText {#text} at (172,630) size 4x15
                    text run at (172,630) width 4: " "
                  RenderBR {BR} at (176,642) size 0x0
                  RenderInline {A} at (0,0) size 164x15 [color=#0000EE]
                    RenderText {#text} at (0,647) size 164x15
                      text run at (0,647) width 164: "Rules for Result Data Types"
                  RenderText {#text} at (164,647) size 4x15
                    text run at (164,647) width 4: " "
                  RenderBR {BR} at (168,659) size 0x0
                  RenderInline {A} at (0,0) size 101x15 [color=#0000EE]
                    RenderText {#text} at (0,664) size 101x15
                      text run at (0,664) width 101: "Character Strings"
                  RenderText {#text} at (101,664) size 4x15
                    text run at (101,664) width 4: " "
                  RenderBR {BR} at (105,676) size 0x0
                  RenderInline {A} at (0,0) size 90x15 [color=#0000EE]
                    RenderText {#text} at (0,681) size 90x15
                      text run at (0,681) width 90: "Graphic Strings"
                  RenderText {#text} at (90,681) size 4x15
                    text run at (90,681) width 4: " "
                  RenderBR {BR} at (94,693) size 0x0
                  RenderInline {A} at (0,0) size 162x15 [color=#0000EE]
                    RenderText {#text} at (0,698) size 162x15
                      text run at (0,698) width 162: "Binary Large Object (BLOB)"
                  RenderText {#text} at (162,698) size 4x15
                    text run at (162,698) width 4: " "
                  RenderBR {BR} at (166,710) size 0x0
                  RenderInline {A} at (0,0) size 48x15 [color=#0000EE]
                    RenderText {#text} at (0,715) size 48x15
                      text run at (0,715) width 48: "Numeric"
                  RenderText {#text} at (48,715) size 4x15
                    text run at (48,715) width 4: " "
                  RenderBR {BR} at (52,727) size 0x0
                  RenderInline {A} at (0,0) size 35x15 [color=#0000EE]
                    RenderText {#text} at (0,732) size 35x15
                      text run at (0,732) width 35: "DATE"
                  RenderText {#text} at (35,732) size 4x15
                    text run at (35,732) width 4: " "
                  RenderBR {BR} at (39,744) size 0x0
                  RenderInline {A} at (0,0) size 32x15 [color=#0000EE]
                    RenderText {#text} at (0,749) size 32x15
                      text run at (0,749) width 32: "TIME"
                  RenderText {#text} at (32,749) size 4x15
                    text run at (32,749) width 4: " "
                  RenderBR {BR} at (36,761) size 0x0
                  RenderInline {A} at (0,0) size 78x15 [color=#0000EE]
                    RenderText {#text} at (0,766) size 78x15
                      text run at (0,766) width 78: "TIMESTAMP"
                  RenderText {#text} at (78,766) size 4x15
                    text run at (78,766) width 4: " "
                  RenderBR {BR} at (82,778) size 0x0
                  RenderInline {A} at (0,0) size 64x15 [color=#0000EE]
                    RenderText {#text} at (0,783) size 64x15
                      text run at (0,783) width 64: "DATALINK"
                  RenderText {#text} at (64,783) size 4x15
                    text run at (64,783) width 4: " "
                  RenderBR {BR} at (68,795) size 0x0
                  RenderInline {A} at (0,0) size 113x15 [color=#0000EE]
                    RenderText {#text} at (0,800) size 113x15
                      text run at (0,800) width 113: "User-defined Types"
                  RenderText {#text} at (113,800) size 4x15
                    text run at (113,800) width 4: " "
                  RenderBR {BR} at (117,812) size 0x0
                  RenderInline {A} at (0,0) size 156x15 [color=#0000EE]
                    RenderText {#text} at (0,817) size 156x15
                      text run at (0,817) width 156: "Nullable Attribute of Result"
                  RenderText {#text} at (156,817) size 4x15
                    text run at (156,817) width 4: " "
                  RenderBR {BR} at (160,829) size 0x0
                  RenderInline {A} at (0,0) size 166x15 [color=#0000EE]
                    RenderText {#text} at (0,834) size 166x15
                      text run at (0,834) width 166: "Rules for String Conversions"
                  RenderText {#text} at (166,834) size 4x15
                    text run at (166,834) width 4: " "
                  RenderBR {BR} at (170,846) size 0x0
                  RenderInline {A} at (0,0) size 127x15 [color=#0000EE]
                    RenderText {#text} at (0,851) size 127x15
                      text run at (0,851) width 127: "Partition Compatibility"
                  RenderText {#text} at (127,851) size 4x15
                    text run at (127,851) width 4: " "
                  RenderBR {BR} at (131,863) size 0x0
                  RenderInline {A} at (0,0) size 59x15 [color=#0000EE]
                    RenderText {#text} at (0,868) size 59x15
                      text run at (0,868) width 59: "Constants"
                  RenderText {#text} at (59,868) size 4x15
                    text run at (59,868) width 4: " "
                  RenderBR {BR} at (63,880) size 0x0
                  RenderInline {A} at (0,0) size 103x15 [color=#0000EE]
                    RenderText {#text} at (0,885) size 103x15
                      text run at (0,885) width 103: "Integer Constants"
                  RenderText {#text} at (103,885) size 4x15
                    text run at (103,885) width 4: " "
                  RenderBR {BR} at (107,897) size 0x0
                  RenderInline {A} at (0,0) size 143x15 [color=#0000EE]
                    RenderText {#text} at (0,902) size 143x15
                      text run at (0,902) width 143: "Floating-Point Constants"
                  RenderText {#text} at (143,902) size 4x15
                    text run at (143,902) width 4: " "
                  RenderBR {BR} at (147,914) size 0x0
                  RenderInline {A} at (0,0) size 110x15 [color=#0000EE]
                    RenderText {#text} at (0,919) size 110x15
                      text run at (0,919) width 110: "Decimal Constants"
                  RenderText {#text} at (110,919) size 4x15
                    text run at (110,919) width 4: " "
                  RenderBR {BR} at (114,931) size 0x0
                  RenderInline {A} at (0,0) size 157x15 [color=#0000EE]
                    RenderText {#text} at (0,936) size 157x15
                      text run at (0,936) width 157: "Character String Constants"
                  RenderText {#text} at (157,936) size 4x15
                    text run at (157,936) width 4: " "
                  RenderBR {BR} at (161,948) size 0x0
                  RenderInline {A} at (0,0) size 138x15 [color=#0000EE]
                    RenderText {#text} at (0,953) size 138x15
                      text run at (0,953) width 138: "Hexadecimal Constants"
                  RenderText {#text} at (138,953) size 4x15
                    text run at (138,953) width 4: " "
                  RenderBR {BR} at (142,965) size 0x0
                  RenderInline {A} at (0,0) size 146x15 [color=#0000EE]
                    RenderText {#text} at (0,970) size 146x15
                      text run at (0,970) width 146: "Graphic String Constants"
                  RenderText {#text} at (146,970) size 4x15
                    text run at (146,970) width 4: " "
                  RenderBR {BR} at (150,982) size 0x0
                  RenderInline {A} at (0,0) size 240x15 [color=#0000EE]
                    RenderText {#text} at (0,987) size 240x15
                      text run at (0,987) width 240: "Using Constants with User-defined Types"
                  RenderText {#text} at (240,987) size 4x15
                    text run at (240,987) width 4: " "
                  RenderBR {BR} at (244,999) size 0x0
                  RenderInline {A} at (0,0) size 102x15 [color=#0000EE]
                    RenderText {#text} at (0,1004) size 102x15
                      text run at (0,1004) width 102: "Special Registers"
                  RenderText {#text} at (102,1004) size 4x15
                    text run at (102,1004) width 4: " "
                  RenderBR {BR} at (106,1016) size 0x0
                  RenderInline {A} at (0,0) size 101x15 [color=#0000EE]
                    RenderText {#text} at (0,1021) size 101x15
                      text run at (0,1021) width 101: "CURRENT DATE"
                  RenderText {#text} at (101,1021) size 4x15
                    text run at (101,1021) width 4: " "
                  RenderBR {BR} at (105,1033) size 0x0
                  RenderInline {A} at (0,0) size 262x15 [color=#0000EE]
                    RenderText {#text} at (0,1038) size 262x15
                      text run at (0,1038) width 262: "CURRENT DEFAULT TRANSFORM GROUP"
                  RenderText {#text} at (262,1038) size 4x15
                    text run at (262,1038) width 4: " "
                  RenderBR {BR} at (266,1050) size 0x0
                  RenderInline {A} at (0,0) size 121x15 [color=#0000EE]
                    RenderText {#text} at (0,1055) size 121x15
                      text run at (0,1055) width 121: "CURRENT DEGREE"
                  RenderText {#text} at (121,1055) size 4x15
                    text run at (121,1055) width 4: " "
                  RenderBR {BR} at (125,1067) size 0x0
                  RenderInline {A} at (0,0) size 165x15 [color=#0000EE]
                    RenderText {#text} at (0,1072) size 165x15
                      text run at (0,1072) width 165: "CURRENT EXPLAIN MODE"
                  RenderText {#text} at (165,1072) size 4x15
                    text run at (165,1072) width 4: " "
                  RenderBR {BR} at (169,1084) size 0x0
                  RenderInline {A} at (0,0) size 198x15 [color=#0000EE]
                    RenderText {#text} at (0,1089) size 198x15
                      text run at (0,1089) width 198: "CURRENT EXPLAIN SNAPSHOT"
                  RenderText {#text} at (198,1089) size 4x15
                    text run at (198,1089) width 4: " "
                  RenderBR {BR} at (202,1101) size 0x0
                  RenderInline {A} at (0,0) size 103x15 [color=#0000EE]
                    RenderText {#text} at (0,1106) size 103x15
                      text run at (0,1106) width 103: "CURRENT NODE"
                  RenderText {#text} at (103,1106) size 4x15
                    text run at (103,1106) width 4: " "
                  RenderBR {BR} at (107,1118) size 0x0
                  RenderInline {A} at (0,0) size 101x15 [color=#0000EE]
                    RenderText {#text} at (0,1123) size 101x15
                      text run at (0,1123) width 101: "CURRENT PATH"
                  RenderText {#text} at (101,1123) size 4x15
                    text run at (101,1123) width 4: " "
                  RenderBR {BR} at (105,1135) size 0x0
                  RenderInline {A} at (0,0) size 210x15 [color=#0000EE]
                    RenderText {#text} at (0,1140) size 210x15
                      text run at (0,1140) width 210: "CURRENT QUERY OPTIMIZATION"
                  RenderText {#text} at (210,1140) size 4x15
                    text run at (210,1140) width 4: " "
                  RenderBR {BR} at (214,1152) size 0x0
                  RenderInline {A} at (0,0) size 161x15 [color=#0000EE]
                    RenderText {#text} at (0,1157) size 161x15
                      text run at (0,1157) width 161: "CURRENT REFRESH AGE"
                  RenderText {#text} at (161,1157) size 4x15
                    text run at (161,1157) width 4: " "
                  RenderBR {BR} at (165,1169) size 0x0
                  RenderInline {A} at (0,0) size 122x15 [color=#0000EE]
                    RenderText {#text} at (0,1174) size 122x15
                      text run at (0,1174) width 122: "CURRENT SCHEMA"
                  RenderText {#text} at (122,1174) size 4x15
                    text run at (122,1174) width 4: " "
                  RenderBR {BR} at (126,1186) size 0x0
                  RenderInline {A} at (0,0) size 120x15 [color=#0000EE]
                    RenderText {#text} at (0,1191) size 120x15
                      text run at (0,1191) width 120: "CURRENT SERVER"
                  RenderText {#text} at (120,1191) size 4x15
                    text run at (120,1191) width 4: " "
                  RenderBR {BR} at (124,1203) size 0x0
                  RenderInline {A} at (0,0) size 98x15 [color=#0000EE]
                    RenderText {#text} at (0,1208) size 98x15
                      text run at (0,1208) width 98: "CURRENT TIME"
                  RenderText {#text} at (98,1208) size 4x15
                    text run at (98,1208) width 4: " "
                  RenderBR {BR} at (102,1220) size 0x0
                  RenderInline {A} at (0,0) size 144x15 [color=#0000EE]
                    RenderText {#text} at (0,1225) size 144x15
                      text run at (0,1225) width 144: "CURRENT TIMESTAMP"
                  RenderText {#text} at (144,1225) size 4x15
                    text run at (144,1225) width 4: " "
                  RenderBR {BR} at (148,1237) size 0x0
                  RenderInline {A} at (0,0) size 134x15 [color=#0000EE]
                    RenderText {#text} at (0,1242) size 134x15
                      text run at (0,1242) width 134: "CURRENT TIMEZONE"
                  RenderText {#text} at (134,1242) size 4x15
                    text run at (134,1242) width 4: " "
                  RenderBR {BR} at (138,1254) size 0x0
                  RenderInline {A} at (0,0) size 36x15 [color=#0000EE]
                    RenderText {#text} at (0,1259) size 36x15
                      text run at (0,1259) width 36: "USER"
                  RenderText {#text} at (36,1259) size 4x15
                    text run at (36,1259) width 4: " "
                  RenderBR {BR} at (40,1271) size 0x0
                  RenderInline {A} at (0,0) size 89x15 [color=#0000EE]
                    RenderText {#text} at (0,1276) size 89x15
                      text run at (0,1276) width 89: "Column Names"
                  RenderText {#text} at (89,1276) size 4x15
                    text run at (89,1276) width 4: " "
                  RenderBR {BR} at (93,1288) size 0x0
                  RenderInline {A} at (0,0) size 144x15 [color=#0000EE]
                    RenderText {#text} at (0,1293) size 144x15
                      text run at (0,1293) width 144: "Qualified Column Names"
                  RenderText {#text} at (144,1293) size 4x15
                    text run at (144,1293) width 4: " "
                  RenderBR {BR} at (148,1305) size 0x0
                  RenderInline {A} at (0,0) size 107x15 [color=#0000EE]
                    RenderText {#text} at (0,1310) size 107x15
                      text run at (0,1310) width 107: "Correlation Names"
                  RenderText {#text} at (107,1310) size 4x15
                    text run at (107,1310) width 4: " "
                  RenderBR {BR} at (111,1322) size 0x0
                  RenderInline {A} at (0,0) size 257x15 [color=#0000EE]
                    RenderText {#text} at (0,1327) size 257x15
                      text run at (0,1327) width 257: "Column Name Qualifiers to Avoid Ambiguity"
                  RenderText {#text} at (257,1327) size 4x15
                    text run at (257,1327) width 4: " "
                  RenderBR {BR} at (261,1339) size 0x0
                  RenderInline {A} at (0,0) size 288x15 [color=#0000EE]
                    RenderText {#text} at (0,1344) size 288x15
                      text run at (0,1344) width 288: "Column Name Qualifiers in Correlated References"
                  RenderText {#text} at (288,1344) size 4x15
                    text run at (288,1344) width 4: " "
                  RenderBR {BR} at (292,1356) size 0x0
                  RenderInline {A} at (0,0) size 170x15 [color=#0000EE]
                    RenderText {#text} at (0,1361) size 170x15
                      text run at (0,1361) width 170: "References to Host Variables"
                  RenderText {#text} at (170,1361) size 4x15
                    text run at (170,1361) width 4: " "
                  RenderBR {BR} at (174,1373) size 0x0
                  RenderInline {A} at (0,0) size 184x15 [color=#0000EE]
                    RenderText {#text} at (0,1378) size 184x15
                      text run at (0,1378) width 184: "Host Variables in Dynamic SQL"
                  RenderText {#text} at (184,1378) size 4x15
                    text run at (184,1378) width 4: " "
                  RenderBR {BR} at (188,1390) size 0x0
                  RenderInline {A} at (0,0) size 338x15 [color=#0000EE]
                    RenderText {#text} at (0,1395) size 338x15
                      text run at (0,1395) width 338: "References to BLOB, CLOB, and DBCLOB Host Variables"
                  RenderText {#text} at (338,1395) size 4x15
                    text run at (338,1395) width 4: " "
                  RenderBR {BR} at (342,1407) size 0x0
                  RenderInline {A} at (0,0) size 186x15 [color=#0000EE]
                    RenderText {#text} at (0,1412) size 186x15
                      text run at (0,1412) width 186: "References to Locator Variables"
                  RenderText {#text} at (186,1412) size 4x15
                    text run at (186,1412) width 4: " "
                  RenderBR {BR} at (190,1424) size 0x0
                  RenderInline {A} at (0,0) size 395x15 [color=#0000EE]
                    RenderText {#text} at (0,1429) size 395x15
                      text run at (0,1429) width 395: "References to BLOB, CLOB, and DBCLOB File Reference Variables"
                  RenderText {#text} at (395,1429) size 4x15
                    text run at (395,1429) width 4: " "
                  RenderBR {BR} at (399,1441) size 0x0
                  RenderInline {A} at (0,0) size 267x15 [color=#0000EE]
                    RenderText {#text} at (0,1446) size 267x15
                      text run at (0,1446) width 267: "References to Structured Type Host Variables"
                  RenderText {#text} at (267,1446) size 4x15
                    text run at (267,1446) width 4: " "
                  RenderBR {BR} at (271,1458) size 0x0
                  RenderInline {A} at (0,0) size 57x15 [color=#0000EE]
                    RenderText {#text} at (0,1463) size 57x15
                      text run at (0,1463) width 57: "Functions"
                  RenderText {#text} at (57,1463) size 4x15
                    text run at (57,1463) width 4: " "
                  RenderBR {BR} at (61,1475) size 0x0
                  RenderInline {A} at (0,0) size 299x15 [color=#0000EE]
                    RenderText {#text} at (0,1480) size 299x15
                      text run at (0,1480) width 299: "External, SQL and Sourced User-Defined Functions"
                  RenderText {#text} at (299,1480) size 4x15
                    text run at (299,1480) width 4: " "
                  RenderBR {BR} at (303,1492) size 0x0
                  RenderInline {A} at (0,0) size 322x15 [color=#0000EE]
                    RenderText {#text} at (0,1497) size 322x15
                      text run at (0,1497) width 322: "Scalar, Column, Row and Table User-Defined Functions"
                  RenderText {#text} at (322,1497) size 4x15
                    text run at (322,1497) width 4: " "
                  RenderBR {BR} at (326,1509) size 0x0
                  RenderInline {A} at (0,0) size 114x15 [color=#0000EE]
                    RenderText {#text} at (0,1514) size 114x15
                      text run at (0,1514) width 114: "Function signatures"
                  RenderText {#text} at (114,1514) size 4x15
                    text run at (114,1514) width 4: " "
                  RenderBR {BR} at (118,1526) size 0x0
                  RenderInline {A} at (0,0) size 57x15 [color=#0000EE]
                    RenderText {#text} at (0,1531) size 57x15
                      text run at (0,1531) width 57: "SQL Path"
                  RenderText {#text} at (57,1531) size 4x15
                    text run at (57,1531) width 4: " "
                  RenderBR {BR} at (61,1543) size 0x0
                  RenderInline {A} at (0,0) size 115x15 [color=#0000EE]
                    RenderText {#text} at (0,1548) size 115x15
                      text run at (0,1548) width 115: "Function Resolution"
                  RenderText {#text} at (115,1548) size 4x15
                    text run at (115,1548) width 4: " "
                  RenderBR {BR} at (119,1560) size 0x0
                  RenderInline {A} at (0,0) size 114x15 [color=#0000EE]
                    RenderText {#text} at (0,1565) size 114x15
                      text run at (0,1565) width 114: "Function Invocation"
                  RenderText {#text} at (114,1565) size 4x15
                    text run at (114,1565) width 4: " "
                  RenderBR {BR} at (118,1577) size 0x0
                  RenderInline {A} at (0,0) size 50x15 [color=#0000EE]
                    RenderText {#text} at (0,1582) size 50x15
                      text run at (0,1582) width 50: "Methods"
                  RenderText {#text} at (50,1582) size 4x15
                    text run at (50,1582) width 4: " "
                  RenderBR {BR} at (54,1594) size 0x0
                  RenderInline {A} at (0,0) size 236x15 [color=#0000EE]
                    RenderText {#text} at (0,1599) size 236x15
                      text run at (0,1599) width 236: "External and SQL User-Defined Methods"
                  RenderText {#text} at (236,1599) size 4x15
                    text run at (236,1599) width 4: " "
                  RenderBR {BR} at (240,1611) size 0x0
                  RenderInline {A} at (0,0) size 109x15 [color=#0000EE]
                    RenderText {#text} at (0,1616) size 109x15
                      text run at (0,1616) width 109: "Method Signatures"
                  RenderText {#text} at (109,1616) size 4x15
                    text run at (109,1616) width 4: " "
                  RenderBR {BR} at (113,1628) size 0x0
                  RenderInline {A} at (0,0) size 107x15 [color=#0000EE]
                    RenderText {#text} at (0,1633) size 107x15
                      text run at (0,1633) width 107: "Method Invocation"
                  RenderText {#text} at (107,1633) size 4x15
                    text run at (107,1633) width 4: " "
                  RenderBR {BR} at (111,1645) size 0x0
                  RenderInline {A} at (0,0) size 108x15 [color=#0000EE]
                    RenderText {#text} at (0,1650) size 108x15
                      text run at (0,1650) width 108: "Method Resolution"
                  RenderText {#text} at (108,1650) size 4x15
                    text run at (108,1650) width 4: " "
                  RenderBR {BR} at (112,1662) size 0x0
                  RenderInline {A} at (0,0) size 188x15 [color=#0000EE]
                    RenderText {#text} at (0,1667) size 188x15
                      text run at (0,1667) width 188: "Method of Choosing the Best Fit"
                  RenderText {#text} at (188,1667) size 4x15
                    text run at (188,1667) width 4: " "
                  RenderBR {BR} at (192,1679) size 0x0
                  RenderInline {A} at (0,0) size 178x15 [color=#0000EE]
                    RenderText {#text} at (0,1684) size 178x15
                      text run at (0,1684) width 178: "Example of Method Resolution"
                  RenderText {#text} at (178,1684) size 4x15
                    text run at (178,1684) width 4: " "
                  RenderBR {BR} at (182,1696) size 0x0
                  RenderInline {A} at (0,0) size 107x15 [color=#0000EE]
                    RenderText {#text} at (0,1701) size 107x15
                      text run at (0,1701) width 107: "Method Invocation"
                  RenderText {#text} at (107,1701) size 4x15
                    text run at (107,1701) width 4: " "
                  RenderBR {BR} at (111,1713) size 0x0
                  RenderInline {A} at (0,0) size 189x15 [color=#0000EE]
                    RenderText {#text} at (0,1718) size 189x15
                      text run at (0,1718) width 189: "Conservative Binding Semantics"
                  RenderText {#text} at (189,1718) size 4x15
                    text run at (189,1718) width 4: " "
                  RenderBR {BR} at (193,1730) size 0x0
                  RenderInline {A} at (0,0) size 72x15 [color=#0000EE]
                    RenderText {#text} at (0,1735) size 72x15
                      text run at (0,1735) width 72: "Expressions"
                  RenderText {#text} at (72,1735) size 4x15
                    text run at (72,1735) width 4: " "
                  RenderBR {BR} at (76,1747) size 0x0
                  RenderInline {A} at (0,0) size 105x15 [color=#0000EE]
                    RenderText {#text} at (0,1752) size 105x15
                      text run at (0,1752) width 105: "Without Operators"
                  RenderText {#text} at (105,1752) size 4x15
                    text run at (105,1752) width 4: " "
                  RenderBR {BR} at (109,1764) size 0x0
                  RenderInline {A} at (0,0) size 189x15 [color=#0000EE]
                    RenderText {#text} at (0,1769) size 189x15
                      text run at (0,1769) width 189: "With the Concatenation Operator"
                  RenderText {#text} at (189,1769) size 4x15
                    text run at (189,1769) width 4: " "
                  RenderBR {BR} at (193,1781) size 0x0
                  RenderInline {A} at (0,0) size 151x15 [color=#0000EE]
                    RenderText {#text} at (0,1786) size 151x15
                      text run at (0,1786) width 151: "With Arithmetic Operators"
                  RenderText {#text} at (151,1786) size 4x15
                    text run at (151,1786) width 4: " "
                  RenderBR {BR} at (155,1798) size 0x0
                  RenderInline {A} at (0,0) size 128x15 [color=#0000EE]
                    RenderText {#text} at (0,1803) size 128x15
                      text run at (0,1803) width 128: "Two Integer Operands"
                  RenderText {#text} at (128,1803) size 4x15
                    text run at (128,1803) width 4: " "
                  RenderBR {BR} at (132,1815) size 0x0
                  RenderInline {A} at (0,0) size 176x15 [color=#0000EE]
                    RenderText {#text} at (0,1820) size 176x15
                      text run at (0,1820) width 176: "Integer and Decimal Operands"
                  RenderText {#text} at (176,1820) size 4x15
                    text run at (176,1820) width 4: " "
                  RenderBR {BR} at (180,1832) size 0x0
                  RenderInline {A} at (0,0) size 135x15 [color=#0000EE]
                    RenderText {#text} at (0,1837) size 135x15
                      text run at (0,1837) width 135: "Two Decimal Operands"
                  RenderText {#text} at (135,1837) size 4x15
                    text run at (135,1837) width 4: " "
                  RenderBR {BR} at (139,1849) size 0x0
                  RenderInline {A} at (0,0) size 155x15 [color=#0000EE]
                    RenderText {#text} at (0,1854) size 155x15
                      text run at (0,1854) width 155: "Decimal Arithmetic in SQL"
                  RenderText {#text} at (155,1854) size 4x15
                    text run at (155,1854) width 4: " "
                  RenderBR {BR} at (159,1866) size 0x0
                  RenderInline {A} at (0,0) size 140x15 [color=#0000EE]
                    RenderText {#text} at (0,1871) size 140x15
                      text run at (0,1871) width 140: "Floating-Point Operands"
                  RenderText {#text} at (140,1871) size 4x15
                    text run at (140,1871) width 4: " "
                  RenderBR {BR} at (144,1883) size 0x0
                  RenderInline {A} at (0,0) size 191x15 [color=#0000EE]
                    RenderText {#text} at (0,1888) size 191x15
                      text run at (0,1888) width 191: "User-defined Types as Operands"
                  RenderText {#text} at (191,1888) size 4x15
                    text run at (191,1888) width 4: " "
                  RenderBR {BR} at (195,1900) size 0x0
                  RenderInline {A} at (0,0) size 97x15 [color=#0000EE]
                    RenderText {#text} at (0,1905) size 97x15
                      text run at (0,1905) width 97: "Scalar Fullselect"
                  RenderText {#text} at (97,1905) size 4x15
                    text run at (97,1905) width 4: " "
                  RenderBR {BR} at (101,1917) size 0x0
                  RenderInline {A} at (0,0) size 203x15 [color=#0000EE]
                    RenderText {#text} at (0,1922) size 203x15
                      text run at (0,1922) width 203: "Datetime Operations and Durations"
                  RenderText {#text} at (203,1922) size 4x15
                    text run at (203,1922) width 4: " "
                  RenderBR {BR} at (207,1934) size 0x0
                  RenderInline {A} at (0,0) size 160x15 [color=#0000EE]
                    RenderText {#text} at (0,1939) size 160x15
                      text run at (0,1939) width 160: "Datetime Arithmetic in SQL"
                  RenderText {#text} at (160,1939) size 4x15
                    text run at (160,1939) width 4: " "
                  RenderBR {BR} at (164,1951) size 0x0
                  RenderInline {A} at (0,0) size 151x15 [color=#0000EE]
                    RenderText {#text} at (0,1956) size 151x15
                      text run at (0,1956) width 151: "Precedence of Operations"
                  RenderText {#text} at (151,1956) size 4x15
                    text run at (151,1956) width 4: " "
                  RenderBR {BR} at (155,1968) size 0x0
                  RenderInline {A} at (0,0) size 112x15 [color=#0000EE]
                    RenderText {#text} at (0,1973) size 112x15
                      text run at (0,1973) width 112: "CASE Expressions"
                  RenderText {#text} at (112,1973) size 4x15
                    text run at (112,1973) width 4: " "
                  RenderBR {BR} at (116,1985) size 0x0
                  RenderInline {A} at (0,0) size 121x15 [color=#0000EE]
                    RenderText {#text} at (0,1990) size 121x15
                      text run at (0,1990) width 121: "CAST Specifications"
                  RenderText {#text} at (121,1990) size 4x15
                    text run at (121,1990) width 4: " "
                  RenderBR {BR} at (125,2002) size 0x0
                  RenderInline {A} at (0,0) size 137x15 [color=#0000EE]
                    RenderText {#text} at (0,2007) size 137x15
                      text run at (0,2007) width 137: "Dereference Operations"
                  RenderText {#text} at (137,2007) size 4x15
                    text run at (137,2007) width 4: " "
                  RenderBR {BR} at (141,2019) size 0x0
                  RenderInline {A} at (0,0) size 96x15 [color=#0000EE]
                    RenderText {#text} at (0,2024) size 96x15
                      text run at (0,2024) width 96: "OLAP Functions"
                  RenderText {#text} at (96,2024) size 4x15
                    text run at (96,2024) width 4: " "
                  RenderBR {BR} at (100,2036) size 0x0
                  RenderInline {A} at (0,0) size 107x15 [color=#0000EE]
                    RenderText {#text} at (0,2041) size 107x15
                      text run at (0,2041) width 107: "Method Invocation"
                  RenderText {#text} at (107,2041) size 4x15
                    text run at (107,2041) width 4: " "
                  RenderBR {BR} at (111,2053) size 0x0
                  RenderInline {A} at (0,0) size 111x15 [color=#0000EE]
                    RenderText {#text} at (0,2058) size 111x15
                      text run at (0,2058) width 111: "Subtype Treatment"
                  RenderText {#text} at (111,2058) size 4x15
                    text run at (111,2058) width 4: " "
                  RenderBR {BR} at (115,2070) size 0x0
                  RenderInline {A} at (0,0) size 62x15 [color=#0000EE]
                    RenderText {#text} at (0,2075) size 62x15
                      text run at (0,2075) width 62: "Predicates"
                  RenderText {#text} at (62,2075) size 4x15
                    text run at (62,2075) width 4: " "
                  RenderBR {BR} at (66,2087) size 0x0
                  RenderInline {A} at (0,0) size 92x15 [color=#0000EE]
                    RenderText {#text} at (0,2092) size 92x15
                      text run at (0,2092) width 92: "Basic Predicate"
                  RenderText {#text} at (92,2092) size 4x15
                    text run at (92,2092) width 4: " "
                  RenderBR {BR} at (96,2104) size 0x0
                  RenderInline {A} at (0,0) size 118x15 [color=#0000EE]
                    RenderText {#text} at (0,2109) size 118x15
                      text run at (0,2109) width 118: "Quantified Predicate"
                  RenderText {#text} at (118,2109) size 4x15
                    text run at (118,2109) width 4: " "
                  RenderBR {BR} at (122,2121) size 0x0
                  RenderInline {A} at (0,0) size 124x15 [color=#0000EE]
                    RenderText {#text} at (0,2126) size 124x15
                      text run at (0,2126) width 124: "BETWEEN Predicate"
                  RenderText {#text} at (124,2126) size 4x15
                    text run at (124,2126) width 4: " "
                  RenderBR {BR} at (128,2138) size 0x0
                  RenderInline {A} at (0,0) size 107x15 [color=#0000EE]
                    RenderText {#text} at (0,2143) size 107x15
                      text run at (0,2143) width 107: "EXISTS Predicate"
                  RenderText {#text} at (107,2143) size 4x15
                    text run at (107,2143) width 4: " "
                  RenderBR {BR} at (111,2155) size 0x0
                  RenderInline {A} at (0,0) size 72x15 [color=#0000EE]
                    RenderText {#text} at (0,2160) size 72x15
                      text run at (0,2160) width 72: "IN Predicate"
                  RenderText {#text} at (72,2160) size 4x15
                    text run at (72,2160) width 4: " "
                  RenderBR {BR} at (76,2172) size 0x0
                  RenderInline {A} at (0,0) size 88x15 [color=#0000EE]
                    RenderText {#text} at (0,2177) size 88x15
                      text run at (0,2177) width 88: "LIKE Predicate"
                  RenderText {#text} at (88,2177) size 4x15
                    text run at (88,2177) width 4: " "
                  RenderBR {BR} at (92,2189) size 0x0
                  RenderInline {A} at (0,0) size 91x15 [color=#0000EE]
                    RenderText {#text} at (0,2194) size 91x15
                      text run at (0,2194) width 91: "NULL Predicate"
                  RenderText {#text} at (91,2194) size 4x15
                    text run at (91,2194) width 4: " "
                  RenderBR {BR} at (95,2206) size 0x0
                  RenderInline {A} at (0,0) size 94x15 [color=#0000EE]
                    RenderText {#text} at (0,2211) size 94x15
                      text run at (0,2211) width 94: "TYPE Predicate"
                  RenderText {#text} at (94,2211) size 4x15
                    text run at (94,2211) width 4: " "
                  RenderBR {BR} at (98,2223) size 0x0
                  RenderInline {A} at (0,0) size 106x15 [color=#0000EE]
                    RenderText {#text} at (0,2228) size 106x15
                      text run at (0,2228) width 106: "Search Conditions"
                  RenderText {#text} at (106,2228) size 4x15
                    text run at (106,2228) width 4: " "
                  RenderBR {BR} at (110,2240) size 0x0
                  RenderInline {A} at (0,0) size 58x15 [color=#0000EE]
                    RenderText {#text} at (0,2245) size 58x15
                      text run at (0,2245) width 58: "Examples"
                  RenderText {#text} at (0,0) size 0x0
                RenderBlock {P} at (0,3726) size 715x2193
                  RenderInline {B} at (0,0) size 62x15
                    RenderInline {A} at (0,0) size 62x15 [color=#0000EE]
                      RenderText {#text} at (0,1) size 62x15
                        text run at (0,1) width 62: "Functions"
                  RenderBR {BR} at (62,13) size 0x0
                  RenderBR {BR} at (0,18) size 0x15
                  RenderInline {A} at (0,0) size 105x15 [color=#0000EE]
                    RenderText {#text} at (0,35) size 105x15
                      text run at (0,35) width 105: "Column Functions"
                  RenderText {#text} at (105,35) size 4x15
                    text run at (105,35) width 4: " "
                  RenderBR {BR} at (109,47) size 0x0
                  RenderInline {A} at (0,0) size 29x15 [color=#0000EE]
                    RenderText {#text} at (0,52) size 29x15
                      text run at (0,52) width 29: "AVG"
                  RenderText {#text} at (29,52) size 4x15
                    text run at (29,52) width 4: " "
                  RenderBR {BR} at (33,64) size 0x0
                  RenderInline {A} at (0,0) size 93x15 [color=#0000EE]
                    RenderText {#text} at (0,69) size 93x15
                      text run at (0,69) width 93: "CORRELATION"
                  RenderText {#text} at (93,69) size 4x15
                    text run at (93,69) width 4: " "
                  RenderBR {BR} at (97,81) size 0x0
                  RenderInline {A} at (0,0) size 45x15 [color=#0000EE]
                    RenderText {#text} at (0,86) size 45x15
                      text run at (0,86) width 45: "COUNT"
                  RenderText {#text} at (45,86) size 4x15
                    text run at (45,86) width 4: " "
                  RenderBR {BR} at (49,98) size 0x0
                  RenderInline {A} at (0,0) size 75x15 [color=#0000EE]
                    RenderText {#text} at (0,103) size 75x15
                      text run at (0,103) width 75: "COUNT_BIG"
                  RenderText {#text} at (75,103) size 4x15
                    text run at (75,103) width 4: " "
                  RenderBR {BR} at (79,115) size 0x0
                  RenderInline {A} at (0,0) size 86x15 [color=#0000EE]
                    RenderText {#text} at (0,120) size 86x15
                      text run at (0,120) width 86: "COVARIANCE"
                  RenderText {#text} at (86,120) size 4x15
                    text run at (86,120) width 4: " "
                  RenderBR {BR} at (90,132) size 0x0
                  RenderInline {A} at (0,0) size 70x15 [color=#0000EE]
                    RenderText {#text} at (0,137) size 70x15
                      text run at (0,137) width 70: "GROUPING"
                  RenderText {#text} at (70,137) size 4x15
                    text run at (70,137) width 4: " "
                  RenderBR {BR} at (74,149) size 0x0
                  RenderInline {A} at (0,0) size 29x15 [color=#0000EE]
                    RenderText {#text} at (0,154) size 29x15
                      text run at (0,154) width 29: "MAX"
                  RenderText {#text} at (29,154) size 4x15
                    text run at (29,154) width 4: " "
                  RenderBR {BR} at (33,166) size 0x0
                  RenderInline {A} at (0,0) size 24x15 [color=#0000EE]
                    RenderText {#text} at (0,171) size 24x15
                      text run at (0,171) width 24: "MIN"
                  RenderText {#text} at (24,171) size 4x15
                    text run at (24,171) width 4: " "
                  RenderBR {BR} at (28,183) size 0x0
                  RenderInline {A} at (0,0) size 148x15 [color=#0000EE]
                    RenderText {#text} at (0,188) size 148x15
                      text run at (0,188) width 148: "REGRESSION Functions"
                  RenderText {#text} at (148,188) size 4x15
                    text run at (148,188) width 4: " "
                  RenderBR {BR} at (152,200) size 0x0
                  RenderInline {A} at (0,0) size 53x15 [color=#0000EE]
                    RenderText {#text} at (0,205) size 53x15
                      text run at (0,205) width 53: "STDDEV"
                  RenderText {#text} at (53,205) size 4x15
                    text run at (53,205) width 4: " "
                  RenderBR {BR} at (57,217) size 0x0
                  RenderInline {A} at (0,0) size 29x15 [color=#0000EE]
                    RenderText {#text} at (0,222) size 29x15
                      text run at (0,222) width 29: "SUM"
                  RenderText {#text} at (29,222) size 4x15
                    text run at (29,222) width 4: " "
                  RenderBR {BR} at (33,234) size 0x0
                  RenderInline {A} at (0,0) size 67x15 [color=#0000EE]
                    RenderText {#text} at (0,239) size 67x15
                      text run at (0,239) width 67: "VARIANCE"
                  RenderText {#text} at (67,239) size 4x15
                    text run at (67,239) width 4: " "
                  RenderBR {BR} at (71,251) size 0x0
                  RenderInline {A} at (0,0) size 98x15 [color=#0000EE]
                    RenderText {#text} at (0,256) size 98x15
                      text run at (0,256) width 98: "Scalar Functions"
                  RenderText {#text} at (98,256) size 4x15
                    text run at (98,256) width 4: " "
                  RenderBR {BR} at (102,268) size 0x0
                  RenderInline {A} at (0,0) size 100x15 [color=#0000EE]
                    RenderText {#text} at (0,273) size 100x15
                      text run at (0,273) width 100: "ABS or ABSVAL"
                  RenderText {#text} at (100,273) size 4x15
                    text run at (100,273) width 4: " "
                  RenderBR {BR} at (104,285) size 0x0
                  RenderInline {A} at (0,0) size 38x15 [color=#0000EE]
                    RenderText {#text} at (0,290) size 38x15
                      text run at (0,290) width 38: "ACOS"
                  RenderText {#text} at (38,290) size 4x15
                    text run at (38,290) width 4: " "
                  RenderBR {BR} at (42,302) size 0x0
                  RenderInline {A} at (0,0) size 36x15 [color=#0000EE]
                    RenderText {#text} at (0,307) size 36x15
                      text run at (0,307) width 36: "ASCII"
                  RenderText {#text} at (36,307) size 4x15
                    text run at (36,307) width 4: " "
                  RenderBR {BR} at (40,319) size 0x0
                  RenderInline {A} at (0,0) size 32x15 [color=#0000EE]
                    RenderText {#text} at (0,324) size 32x15
                      text run at (0,324) width 32: "ASIN"
                  RenderText {#text} at (32,324) size 4x15
                    text run at (32,324) width 4: " "
                  RenderBR {BR} at (36,336) size 0x0
                  RenderInline {A} at (0,0) size 36x15 [color=#0000EE]
                    RenderText {#text} at (0,341) size 36x15
                      text run at (0,341) width 36: "ATAN"
                  RenderText {#text} at (36,341) size 4x15
                    text run at (36,341) width 4: " "
                  RenderBR {BR} at (40,353) size 0x0
                  RenderInline {A} at (0,0) size 43x15 [color=#0000EE]
                    RenderText {#text} at (0,358) size 43x15
                      text run at (0,358) width 43: "ATAN2"
                  RenderText {#text} at (43,358) size 4x15
                    text run at (43,358) width 4: " "
                  RenderBR {BR} at (47,370) size 0x0
                  RenderInline {A} at (0,0) size 44x15 [color=#0000EE]
                    RenderText {#text} at (0,375) size 44x15
                      text run at (0,375) width 44: "BIGINT"
                  RenderText {#text} at (44,375) size 4x15
                    text run at (44,375) width 4: " "
                  RenderBR {BR} at (48,387) size 0x0
                  RenderInline {A} at (0,0) size 35x15 [color=#0000EE]
                    RenderText {#text} at (0,392) size 35x15
                      text run at (0,392) width 35: "BLOB"
                  RenderText {#text} at (35,392) size 4x15
                    text run at (35,392) width 4: " "
                  RenderBR {BR} at (39,404) size 0x0
                  RenderInline {A} at (0,0) size 100x15 [color=#0000EE]
                    RenderText {#text} at (0,409) size 100x15
                      text run at (0,409) width 100: "CEILING or CEIL"
                  RenderText {#text} at (100,409) size 4x15
                    text run at (100,409) width 4: " "
                  RenderBR {BR} at (104,421) size 0x0
                  RenderInline {A} at (0,0) size 36x15 [color=#0000EE]
                    RenderText {#text} at (0,426) size 36x15
                      text run at (0,426) width 36: "CHAR"
                  RenderText {#text} at (36,426) size 4x15
                    text run at (36,426) width 4: " "
                  RenderBR {BR} at (40,438) size 0x0
                  RenderInline {A} at (0,0) size 27x15 [color=#0000EE]
                    RenderText {#text} at (0,443) size 27x15
                      text run at (0,443) width 27: "CHR"
                  RenderText {#text} at (27,443) size 4x15
                    text run at (27,443) width 4: " "
                  RenderBR {BR} at (31,455) size 0x0
                  RenderInline {A} at (0,0) size 35x15 [color=#0000EE]
                    RenderText {#text} at (0,460) size 35x15
                      text run at (0,460) width 35: "CLOB"
                  RenderText {#text} at (35,460) size 4x15
                    text run at (35,460) width 4: " "
                  RenderBR {BR} at (39,472) size 0x0
                  RenderInline {A} at (0,0) size 71x15 [color=#0000EE]
                    RenderText {#text} at (0,477) size 71x15
                      text run at (0,477) width 71: "COALESCE"
                  RenderText {#text} at (71,477) size 4x15
                    text run at (71,477) width 4: " "
                  RenderBR {BR} at (75,489) size 0x0
                  RenderInline {A} at (0,0) size 54x15 [color=#0000EE]
                    RenderText {#text} at (0,494) size 54x15
                      text run at (0,494) width 54: "CONCAT"
                  RenderText {#text} at (54,494) size 4x15
                    text run at (54,494) width 4: " "
                  RenderBR {BR} at (58,506) size 0x0
                  RenderInline {A} at (0,0) size 28x15 [color=#0000EE]
                    RenderText {#text} at (0,511) size 28x15
                      text run at (0,511) width 28: "COS"
                  RenderText {#text} at (28,511) size 4x15
                    text run at (28,511) width 4: " "
                  RenderBR {BR} at (32,523) size 0x0
                  RenderInline {A} at (0,0) size 27x15 [color=#0000EE]
                    RenderText {#text} at (0,528) size 27x15
                      text run at (0,528) width 27: "COT"
                  RenderText {#text} at (27,528) size 4x15
                    text run at (27,528) width 4: " "
                  RenderBR {BR} at (31,540) size 0x0
                  RenderInline {A} at (0,0) size 35x15 [color=#0000EE]
                    RenderText {#text} at (0,545) size 35x15
                      text run at (0,545) width 35: "DATE"
                  RenderText {#text} at (35,545) size 4x15
                    text run at (35,545) width 4: " "
                  RenderBR {BR} at (39,557) size 0x0
                  RenderInline {A} at (0,0) size 27x15 [color=#0000EE]
                    RenderText {#text} at (0,562) size 27x15
                      text run at (0,562) width 27: "DAY"
                  RenderText {#text} at (27,562) size 4x15
                    text run at (27,562) width 4: " "
                  RenderBR {BR} at (31,574) size 0x0
                  RenderInline {A} at (0,0) size 65x15 [color=#0000EE]
                    RenderText {#text} at (0,579) size 65x15
                      text run at (0,579) width 65: "DAYNAME"
                  RenderText {#text} at (65,579) size 4x15
                    text run at (65,579) width 4: " "
                  RenderBR {BR} at (69,591) size 0x0
                  RenderInline {A} at (0,0) size 84x15 [color=#0000EE]
                    RenderText {#text} at (0,596) size 84x15
                      text run at (0,596) width 84: "DAYOFWEEK"
                  RenderText {#text} at (84,596) size 4x15
                    text run at (84,596) width 4: " "
                  RenderBR {BR} at (88,608) size 0x0
                  RenderInline {A} at (0,0) size 114x15 [color=#0000EE]
                    RenderText {#text} at (0,613) size 114x15
                      text run at (0,613) width 114: "DAYOFWEEK_ISO"
                  RenderText {#text} at (114,613) size 4x15
                    text run at (114,613) width 4: " "
                  RenderBR {BR} at (118,625) size 0x0
                  RenderInline {A} at (0,0) size 81x15 [color=#0000EE]
                    RenderText {#text} at (0,630) size 81x15
                      text run at (0,630) width 81: "DAYOFYEAR"
                  RenderText {#text} at (81,630) size 4x15
                    text run at (81,630) width 4: " "
                  RenderBR {BR} at (85,642) size 0x0
                  RenderInline {A} at (0,0) size 36x15 [color=#0000EE]
                    RenderText {#text} at (0,647) size 36x15
                      text run at (0,647) width 36: "DAYS"
                  RenderText {#text} at (36,647) size 4x15
                    text run at (36,647) width 4: " "
                  RenderBR {BR} at (40,659) size 0x0
                  RenderInline {A} at (0,0) size 53x15 [color=#0000EE]
                    RenderText {#text} at (0,664) size 53x15
                      text run at (0,664) width 53: "DBCLOB"
                  RenderText {#text} at (53,664) size 4x15
                    text run at (53,664) width 4: " "
                  RenderBR {BR} at (57,676) size 0x0
                  RenderInline {A} at (0,0) size 58x15 [color=#0000EE]
                    RenderText {#text} at (0,681) size 58x15
                      text run at (0,681) width 58: "DECIMAL"
                  RenderText {#text} at (58,681) size 4x15
                    text run at (58,681) width 4: " "
                  RenderBR {BR} at (62,693) size 0x0
                  RenderInline {A} at (0,0) size 64x15 [color=#0000EE]
                    RenderText {#text} at (0,698) size 64x15
                      text run at (0,698) width 64: "DEGREES"
                  RenderText {#text} at (64,698) size 4x15
                    text run at (64,698) width 4: " "
                  RenderBR {BR} at (68,710) size 0x0
                  RenderInline {A} at (0,0) size 44x15 [color=#0000EE]
                    RenderText {#text} at (0,715) size 44x15
                      text run at (0,715) width 44: "DEREF"
                  RenderText {#text} at (44,715) size 4x15
                    text run at (44,715) width 4: " "
                  RenderBR {BR} at (48,727) size 0x0
                  RenderInline {A} at (0,0) size 83x15 [color=#0000EE]
                    RenderText {#text} at (0,732) size 83x15
                      text run at (0,732) width 83: "DIFFERENCE"
                  RenderText {#text} at (83,732) size 4x15
                    text run at (83,732) width 4: " "
                  RenderBR {BR} at (87,744) size 0x0
                  RenderInline {A} at (0,0) size 44x15 [color=#0000EE]
                    RenderText {#text} at (0,749) size 44x15
                      text run at (0,749) width 44: "DIGITS"
                  RenderText {#text} at (44,749) size 4x15
                    text run at (44,749) width 4: " "
                  RenderBR {BR} at (48,761) size 0x0
                  RenderInline {A} at (0,0) size 83x15 [color=#0000EE]
                    RenderText {#text} at (0,766) size 83x15
                      text run at (0,766) width 83: "DLCOMMENT"
                  RenderText {#text} at (83,766) size 4x15
                    text run at (83,766) width 4: " "
                  RenderBR {BR} at (87,778) size 0x0
                  RenderInline {A} at (0,0) size 80x15 [color=#0000EE]
                    RenderText {#text} at (0,783) size 80x15
                      text run at (0,783) width 80: "DLLINKTYPE"
                  RenderText {#text} at (80,783) size 4x15
                    text run at (80,783) width 4: " "
                  RenderBR {BR} at (84,795) size 0x0
                  RenderInline {A} at (0,0) size 113x15 [color=#0000EE]
                    RenderText {#text} at (0,800) size 113x15
                      text run at (0,800) width 113: "DLURLCOMPLETE"
                  RenderText {#text} at (113,800) size 4x15
                    text run at (113,800) width 4: " "
                  RenderBR {BR} at (117,812) size 0x0
                  RenderInline {A} at (0,0) size 76x15 [color=#0000EE]
                    RenderText {#text} at (0,817) size 76x15
                      text run at (0,817) width 76: "DLURLPATH"
                  RenderText {#text} at (76,817) size 4x15
                    text run at (76,817) width 4: " "
                  RenderBR {BR} at (80,829) size 0x0
                  RenderInline {A} at (0,0) size 111x15 [color=#0000EE]
                    RenderText {#text} at (0,834) size 111x15
                      text run at (0,834) width 111: "DLURLPATHONLY"
                  RenderText {#text} at (111,834) size 4x15
                    text run at (111,834) width 4: " "
                  RenderBR {BR} at (115,846) size 0x0
                  RenderInline {A} at (0,0) size 97x15 [color=#0000EE]
                    RenderText {#text} at (0,851) size 97x15
                      text run at (0,851) width 97: "DLURLSCHEME"
                  RenderText {#text} at (97,851) size 4x15
                    text run at (97,851) width 4: " "
                  RenderBR {BR} at (101,863) size 0x0
                  RenderInline {A} at (0,0) size 95x15 [color=#0000EE]
                    RenderText {#text} at (0,868) size 95x15
                      text run at (0,868) width 95: "DLURLSERVER"
                  RenderText {#text} at (95,868) size 4x15
                    text run at (95,868) width 4: " "
                  RenderBR {BR} at (99,880) size 0x0
                  RenderInline {A} at (0,0) size 59x15 [color=#0000EE]
                    RenderText {#text} at (0,885) size 59x15
                      text run at (0,885) width 59: "DLVALUE"
                  RenderText {#text} at (59,885) size 4x15
                    text run at (59,885) width 4: " "
                  RenderBR {BR} at (63,897) size 0x0
                  RenderInline {A} at (0,0) size 53x15 [color=#0000EE]
                    RenderText {#text} at (0,902) size 53x15
                      text run at (0,902) width 53: "DOUBLE"
                  RenderText {#text} at (53,902) size 4x15
                    text run at (53,902) width 4: " "
                  RenderBR {BR} at (57,914) size 0x0
                  RenderInline {A} at (0,0) size 131x15 [color=#0000EE]
                    RenderText {#text} at (0,919) size 131x15
                      text run at (0,919) width 131: "EVENT_MON_STATE"
                  RenderText {#text} at (131,919) size 4x15
                    text run at (131,919) width 4: " "
                  RenderBR {BR} at (135,931) size 0x0
                  RenderInline {A} at (0,0) size 27x15 [color=#0000EE]
                    RenderText {#text} at (0,936) size 27x15
                      text run at (0,936) width 27: "EXP"
                  RenderText {#text} at (27,936) size 4x15
                    text run at (27,936) width 4: " "
                  RenderBR {BR} at (31,948) size 0x0
                  RenderInline {A} at (0,0) size 42x15 [color=#0000EE]
                    RenderText {#text} at (0,953) size 42x15
                      text run at (0,953) width 42: "FLOAT"
                  RenderText {#text} at (42,953) size 4x15
                    text run at (42,953) width 4: " "
                  RenderBR {BR} at (46,965) size 0x0
                  RenderInline {A} at (0,0) size 44x15 [color=#0000EE]
                    RenderText {#text} at (0,970) size 44x15
                      text run at (0,970) width 44: "FLOOR"
                  RenderText {#text} at (44,970) size 4x15
                    text run at (44,970) width 4: " "
                  RenderBR {BR} at (48,982) size 0x0
                  RenderInline {A} at (0,0) size 129x15 [color=#0000EE]
                    RenderText {#text} at (0,987) size 129x15
                      text run at (0,987) width 129: "GENERATE_UNIQUE"
                  RenderText {#text} at (129,987) size 4x15
                    text run at (129,987) width 4: " "
                  RenderBR {BR} at (133,999) size 0x0
                  RenderInline {A} at (0,0) size 59x15 [color=#0000EE]
                    RenderText {#text} at (0,1004) size 59x15
                      text run at (0,1004) width 59: "GRAPHIC"
                  RenderText {#text} at (59,1004) size 4x15
                    text run at (59,1004) width 4: " "
                  RenderBR {BR} at (63,1016) size 0x0
                  RenderInline {A} at (0,0) size 27x15 [color=#0000EE]
                    RenderText {#text} at (0,1021) size 27x15
                      text run at (0,1021) width 27: "HEX"
                  RenderText {#text} at (27,1021) size 4x15
                    text run at (27,1021) width 4: " "
                  RenderBR {BR} at (31,1033) size 0x0
                  RenderInline {A} at (0,0) size 37x15 [color=#0000EE]
                    RenderText {#text} at (0,1038) size 37x15
                      text run at (0,1038) width 37: "HOUR"
                  RenderText {#text} at (37,1038) size 4x15
                    text run at (37,1038) width 4: " "
                  RenderBR {BR} at (41,1050) size 0x0
                  RenderInline {A} at (0,0) size 48x15 [color=#0000EE]
                    RenderText {#text} at (0,1055) size 48x15
                      text run at (0,1055) width 48: "INSERT"
                  RenderText {#text} at (48,1055) size 4x15
                    text run at (48,1055) width 4: " "
                  RenderBR {BR} at (52,1067) size 0x0
                  RenderInline {A} at (0,0) size 58x15 [color=#0000EE]
                    RenderText {#text} at (0,1072) size 58x15
                      text run at (0,1072) width 58: "INTEGER"
                  RenderText {#text} at (58,1072) size 4x15
                    text run at (58,1072) width 4: " "
                  RenderBR {BR} at (62,1084) size 0x0
                  RenderInline {A} at (0,0) size 79x15 [color=#0000EE]
                    RenderText {#text} at (0,1089) size 79x15
                      text run at (0,1089) width 79: "JULIAN_DAY"
                  RenderText {#text} at (79,1089) size 4x15
                    text run at (79,1089) width 4: " "
                  RenderBR {BR} at (83,1101) size 0x0
                  RenderInline {A} at (0,0) size 109x15 [color=#0000EE]
                    RenderText {#text} at (0,1106) size 109x15
                      text run at (0,1106) width 109: "LCASE or LOWER"
                  RenderText {#text} at (109,1106) size 4x15
                    text run at (109,1106) width 4: " "
                  RenderBR {BR} at (113,1118) size 0x0
                  RenderInline {A} at (0,0) size 158x15 [color=#0000EE]
                    RenderText {#text} at (0,1123) size 158x15
                      text run at (0,1123) width 158: "LCASE (SYSFUN schema)"
                  RenderText {#text} at (158,1123) size 4x15
                    text run at (158,1123) width 4: " "
                  RenderBR {BR} at (162,1135) size 0x0
                  RenderInline {A} at (0,0) size 32x15 [color=#0000EE]
                    RenderText {#text} at (0,1140) size 32x15
                      text run at (0,1140) width 32: "LEFT"
                  RenderText {#text} at (32,1140) size 4x15
                    text run at (32,1140) width 4: " "
                  RenderBR {BR} at (36,1152) size 0x0
                  RenderInline {A} at (0,0) size 52x15 [color=#0000EE]
                    RenderText {#text} at (0,1157) size 52x15
                      text run at (0,1157) width 52: "LENGTH"
                  RenderText {#text} at (52,1157) size 4x15
                    text run at (52,1157) width 4: " "
                  RenderBR {BR} at (56,1169) size 0x0
                  RenderInline {A} at (0,0) size 16x15 [color=#0000EE]
                    RenderText {#text} at (0,1174) size 16x15
                      text run at (0,1174) width 16: "LN"
                  RenderText {#text} at (16,1174) size 4x15
                    text run at (16,1174) width 4: " "
                  RenderBR {BR} at (20,1186) size 0x0
                  RenderInline {A} at (0,0) size 52x15 [color=#0000EE]
                    RenderText {#text} at (0,1191) size 52x15
                      text run at (0,1191) width 52: "LOCATE"
                  RenderText {#text} at (52,1191) size 4x15
                    text run at (52,1191) width 4: " "
                  RenderBR {BR} at (56,1203) size 0x0
                  RenderInline {A} at (0,0) size 27x15 [color=#0000EE]
                    RenderText {#text} at (0,1208) size 27x15
                      text run at (0,1208) width 27: "LOG"
                  RenderText {#text} at (27,1208) size 4x15
                    text run at (27,1208) width 4: " "
                  RenderBR {BR} at (31,1220) size 0x0
                  RenderInline {A} at (0,0) size 41x15 [color=#0000EE]
                    RenderText {#text} at (0,1225) size 41x15
                      text run at (0,1225) width 41: "LOG10"
                  RenderText {#text} at (41,1225) size 4x15
                    text run at (41,1225) width 4: " "
                  RenderBR {BR} at (45,1237) size 0x0
                  RenderInline {A} at (0,0) size 106x15 [color=#0000EE]
                    RenderText {#text} at (0,1242) size 106x15
                      text run at (0,1242) width 106: "LONG_VARCHAR"
                  RenderText {#text} at (106,1242) size 4x15
                    text run at (106,1242) width 4: " "
                  RenderBR {BR} at (110,1254) size 0x0
                  RenderInline {A} at (0,0) size 129x15 [color=#0000EE]
                    RenderText {#text} at (0,1259) size 129x15
                      text run at (0,1259) width 129: "LONG_VARGRAPHIC"
                  RenderText {#text} at (129,1259) size 4x15
                    text run at (129,1259) width 4: " "
                  RenderBR {BR} at (133,1271) size 0x0
                  RenderInline {A} at (0,0) size 39x15 [color=#0000EE]
                    RenderText {#text} at (0,1276) size 39x15
                      text run at (0,1276) width 39: "LTRIM"
                  RenderText {#text} at (39,1276) size 4x15
                    text run at (39,1276) width 4: " "
                  RenderBR {BR} at (43,1288) size 0x0
                  RenderInline {A} at (0,0) size 154x15 [color=#0000EE]
                    RenderText {#text} at (0,1293) size 154x15
                      text run at (0,1293) width 154: "LTRIM (SYSFUN schema)"
                  RenderText {#text} at (154,1293) size 4x15
                    text run at (154,1293) width 4: " "
                  RenderBR {BR} at (158,1305) size 0x0
                  RenderInline {A} at (0,0) size 98x15 [color=#0000EE]
                    RenderText {#text} at (0,1310) size 98x15
                      text run at (0,1310) width 98: "MICROSECOND"
                  RenderText {#text} at (98,1310) size 4x15
                    text run at (98,1310) width 4: " "
                  RenderBR {BR} at (102,1322) size 0x0
                  RenderInline {A} at (0,0) size 135x15 [color=#0000EE]
                    RenderText {#text} at (0,1327) size 135x15
                      text run at (0,1327) width 135: "MIDNIGHT_SECONDS"
                  RenderText {#text} at (135,1327) size 4x15
                    text run at (135,1327) width 4: " "
                  RenderBR {BR} at (139,1339) size 0x0
                  RenderInline {A} at (0,0) size 50x15 [color=#0000EE]
                    RenderText {#text} at (0,1344) size 50x15
                      text run at (0,1344) width 50: "MINUTE"
                  RenderText {#text} at (50,1344) size 4x15
                    text run at (50,1344) width 4: " "
                  RenderBR {BR} at (54,1356) size 0x0
                  RenderInline {A} at (0,0) size 30x15 [color=#0000EE]
                    RenderText {#text} at (0,1361) size 30x15
                      text run at (0,1361) width 30: "MOD"
                  RenderText {#text} at (30,1361) size 4x15
                    text run at (30,1361) width 4: " "
                  RenderBR {BR} at (34,1373) size 0x0
                  RenderInline {A} at (0,0) size 47x15 [color=#0000EE]
                    RenderText {#text} at (0,1378) size 47x15
                      text run at (0,1378) width 47: "MONTH"
                  RenderText {#text} at (47,1378) size 4x15
                    text run at (47,1378) width 4: " "
                  RenderBR {BR} at (51,1390) size 0x0
                  RenderInline {A} at (0,0) size 85x15 [color=#0000EE]
                    RenderText {#text} at (0,1395) size 85x15
                      text run at (0,1395) width 85: "MONTHNAME"
                  RenderText {#text} at (85,1395) size 4x15
                    text run at (85,1395) width 4: " "
                  RenderBR {BR} at (89,1407) size 0x0
                  RenderInline {A} at (0,0) size 93x15 [color=#0000EE]
                    RenderText {#text} at (0,1412) size 93x15
                      text run at (0,1412) width 93: "NODENUMBER"
                  RenderText {#text} at (93,1412) size 4x15
                    text run at (93,1412) width 4: " "
                  RenderBR {BR} at (97,1424) size 0x0
                  RenderInline {A} at (0,0) size 44x15 [color=#0000EE]
                    RenderText {#text} at (0,1429) size 44x15
                      text run at (0,1429) width 44: "NULLIF"
                  RenderText {#text} at (44,1429) size 4x15
                    text run at (44,1429) width 4: " "
                  RenderBR {BR} at (48,1441) size 0x0
                  RenderInline {A} at (0,0) size 70x15 [color=#0000EE]
                    RenderText {#text} at (0,1446) size 70x15
                      text run at (0,1446) width 70: "PARTITION"
                  RenderText {#text} at (70,1446) size 4x15
                    text run at (70,1446) width 4: " "
                  RenderBR {BR} at (74,1458) size 0x0
                  RenderInline {A} at (0,0) size 54x15 [color=#0000EE]
                    RenderText {#text} at (0,1463) size 54x15
                      text run at (0,1463) width 54: "POSSTR"
                  RenderText {#text} at (54,1463) size 4x15
                    text run at (54,1463) width 4: " "
                  RenderBR {BR} at (58,1475) size 0x0
                  RenderInline {A} at (0,0) size 49x15 [color=#0000EE]
                    RenderText {#text} at (0,1480) size 49x15
                      text run at (0,1480) width 49: "POWER"
                  RenderText {#text} at (49,1480) size 4x15
                    text run at (49,1480) width 4: " "
                  RenderBR {BR} at (53,1492) size 0x0
                  RenderInline {A} at (0,0) size 63x15 [color=#0000EE]
                    RenderText {#text} at (0,1497) size 63x15
                      text run at (0,1497) width 63: "QUARTER"
                  RenderText {#text} at (63,1497) size 4x15
                    text run at (63,1497) width 4: " "
                  RenderBR {BR} at (67,1509) size 0x0
                  RenderInline {A} at (0,0) size 58x15 [color=#0000EE]
                    RenderText {#text} at (0,1514) size 58x15
                      text run at (0,1514) width 58: "RADIANS"
                  RenderText {#text} at (58,1514) size 4x15
                    text run at (58,1514) width 4: " "
                  RenderBR {BR} at (62,1526) size 0x0
                  RenderInline {A} at (0,0) size 93x15 [color=#0000EE]
                    RenderText {#text} at (0,1531) size 93x15
                      text run at (0,1531) width 93: "RAISE_ERROR"
                  RenderText {#text} at (93,1531) size 4x15
                    text run at (93,1531) width 4: " "
                  RenderBR {BR} at (97,1543) size 0x0
                  RenderInline {A} at (0,0) size 36x15 [color=#0000EE]
                    RenderText {#text} at (0,1548) size 36x15
                      text run at (0,1548) width 36: "RAND"
                  RenderText {#text} at (36,1548) size 4x15
                    text run at (36,1548) width 4: " "
                  RenderBR {BR} at (40,1560) size 0x0
                  RenderInline {A} at (0,0) size 34x15 [color=#0000EE]
                    RenderText {#text} at (0,1565) size 34x15
                      text run at (0,1565) width 34: "REAL"
                  RenderText {#text} at (34,1565) size 4x15
                    text run at (34,1565) width 4: " "
                  RenderBR {BR} at (38,1577) size 0x0
                  RenderInline {A} at (0,0) size 53x15 [color=#0000EE]
                    RenderText {#text} at (0,1582) size 53x15
                      text run at (0,1582) width 53: "REPEAT"
                  RenderText {#text} at (53,1582) size 4x15
                    text run at (53,1582) width 4: " "
                  RenderBR {BR} at (57,1594) size 0x0
                  RenderInline {A} at (0,0) size 61x15 [color=#0000EE]
                    RenderText {#text} at (0,1599) size 61x15
                      text run at (0,1599) width 61: "REPLACE"
                  RenderText {#text} at (61,1599) size 4x15
                    text run at (61,1599) width 4: " "
                  RenderBR {BR} at (65,1611) size 0x0
                  RenderInline {A} at (0,0) size 40x15 [color=#0000EE]
                    RenderText {#text} at (0,1616) size 40x15
                      text run at (0,1616) width 40: "RIGHT"
                  RenderText {#text} at (40,1616) size 4x15
                    text run at (40,1616) width 4: " "
                  RenderBR {BR} at (44,1628) size 0x0
                  RenderInline {A} at (0,0) size 46x15 [color=#0000EE]
                    RenderText {#text} at (0,1633) size 46x15
                      text run at (0,1633) width 46: "ROUND"
                  RenderText {#text} at (46,1633) size 4x15
                    text run at (46,1633) width 4: " "
                  RenderBR {BR} at (50,1645) size 0x0
                  RenderInline {A} at (0,0) size 41x15 [color=#0000EE]
                    RenderText {#text} at (0,1650) size 41x15
                      text run at (0,1650) width 41: "RTRIM"
                  RenderText {#text} at (41,1650) size 4x15
                    text run at (41,1650) width 4: " "
                  RenderBR {BR} at (45,1662) size 0x0
                  RenderInline {A} at (0,0) size 156x15 [color=#0000EE]
                    RenderText {#text} at (0,1667) size 156x15
                      text run at (0,1667) width 156: "RTRIM (SYSFUN schema)"
                  RenderText {#text} at (156,1667) size 4x15
                    text run at (156,1667) width 4: " "
                  RenderBR {BR} at (160,1679) size 0x0
                  RenderInline {A} at (0,0) size 55x15 [color=#0000EE]
                    RenderText {#text} at (0,1684) size 55x15
                      text run at (0,1684) width 55: "SECOND"
                  RenderText {#text} at (55,1684) size 4x15
                    text run at (55,1684) width 4: " "
                  RenderBR {BR} at (59,1696) size 0x0
                  RenderInline {A} at (0,0) size 32x15 [color=#0000EE]
                    RenderText {#text} at (0,1701) size 32x15
                      text run at (0,1701) width 32: "SIGN"
                  RenderText {#text} at (32,1701) size 4x15
                    text run at (32,1701) width 4: " "
                  RenderBR {BR} at (36,1713) size 0x0
                  RenderInline {A} at (0,0) size 22x15 [color=#0000EE]
                    RenderText {#text} at (0,1718) size 22x15
                      text run at (0,1718) width 22: "SIN"
                  RenderText {#text} at (22,1718) size 4x15
                    text run at (22,1718) width 4: " "
                  RenderBR {BR} at (26,1730) size 0x0
                  RenderInline {A} at (0,0) size 64x15 [color=#0000EE]
                    RenderText {#text} at (0,1735) size 64x15
                      text run at (0,1735) width 64: "SMALLINT"
                  RenderText {#text} at (64,1735) size 4x15
                    text run at (64,1735) width 4: " "
                  RenderBR {BR} at (68,1747) size 0x0
                  RenderInline {A} at (0,0) size 64x15 [color=#0000EE]
                    RenderText {#text} at (0,1752) size 64x15
                      text run at (0,1752) width 64: "SOUNDEX"
                  RenderText {#text} at (64,1752) size 4x15
                    text run at (64,1752) width 4: " "
                  RenderBR {BR} at (68,1764) size 0x0
                  RenderInline {A} at (0,0) size 45x15 [color=#0000EE]
                    RenderText {#text} at (0,1769) size 45x15
                      text run at (0,1769) width 45: "SPACE"
                  RenderText {#text} at (45,1769) size 4x15
                    text run at (45,1769) width 4: " "
                  RenderBR {BR} at (49,1781) size 0x0
                  RenderInline {A} at (0,0) size 36x15 [color=#0000EE]
                    RenderText {#text} at (0,1786) size 36x15
                      text run at (0,1786) width 36: "SQRT"
                  RenderText {#text} at (36,1786) size 4x15
                    text run at (36,1786) width 4: " "
                  RenderBR {BR} at (40,1798) size 0x0
                  RenderInline {A} at (0,0) size 53x15 [color=#0000EE]
                    RenderText {#text} at (0,1803) size 53x15
                      text run at (0,1803) width 53: "SUBSTR"
                  RenderText {#text} at (53,1803) size 4x15
                    text run at (53,1803) width 4: " "
                  RenderBR {BR} at (57,1815) size 0x0
                  RenderInline {A} at (0,0) size 87x15 [color=#0000EE]
                    RenderText {#text} at (0,1820) size 87x15
                      text run at (0,1820) width 87: "TABLE_NAME"
                  RenderText {#text} at (87,1820) size 4x15
                    text run at (87,1820) width 4: " "
                  RenderBR {BR} at (91,1832) size 0x0
                  RenderInline {A} at (0,0) size 105x15 [color=#0000EE]
                    RenderText {#text} at (0,1837) size 105x15
                      text run at (0,1837) width 105: "TABLE_SCHEMA"
                  RenderText {#text} at (105,1837) size 4x15
                    text run at (105,1837) width 4: " "
                  RenderBR {BR} at (109,1849) size 0x0
                  RenderInline {A} at (0,0) size 26x15 [color=#0000EE]
                    RenderText {#text} at (0,1854) size 26x15
                      text run at (0,1854) width 26: "TAN"
                  RenderText {#text} at (26,1854) size 4x15
                    text run at (26,1854) width 4: " "
                  RenderBR {BR} at (30,1866) size 0x0
                  RenderInline {A} at (0,0) size 32x15 [color=#0000EE]
                    RenderText {#text} at (0,1871) size 32x15
                      text run at (0,1871) width 32: "TIME"
                  RenderText {#text} at (32,1871) size 4x15
                    text run at (32,1871) width 4: " "
                  RenderBR {BR} at (36,1883) size 0x0
                  RenderInline {A} at (0,0) size 78x15 [color=#0000EE]
                    RenderText {#text} at (0,1888) size 78x15
                      text run at (0,1888) width 78: "TIMESTAMP"
                  RenderText {#text} at (78,1888) size 4x15
                    text run at (78,1888) width 4: " "
                  RenderBR {BR} at (82,1900) size 0x0
                  RenderInline {A} at (0,0) size 108x15 [color=#0000EE]
                    RenderText {#text} at (0,1905) size 108x15
                      text run at (0,1905) width 108: "TIMESTAMP_ISO"
                  RenderText {#text} at (108,1905) size 4x15
                    text run at (108,1905) width 4: " "
                  RenderBR {BR} at (112,1917) size 0x0
                  RenderInline {A} at (0,0) size 107x15 [color=#0000EE]
                    RenderText {#text} at (0,1922) size 107x15
                      text run at (0,1922) width 107: "TIMESTAMPDIFF"
                  RenderText {#text} at (107,1922) size 4x15
                    text run at (107,1922) width 4: " "
                  RenderBR {BR} at (111,1934) size 0x0
                  RenderInline {A} at (0,0) size 77x15 [color=#0000EE]
                    RenderText {#text} at (0,1939) size 77x15
                      text run at (0,1939) width 77: "TRANSLATE"
                  RenderText {#text} at (77,1939) size 4x15
                    text run at (77,1939) width 4: " "
                  RenderBR {BR} at (81,1951) size 0x0
                  RenderInline {A} at (0,0) size 133x15 [color=#0000EE]
                    RenderText {#text} at (0,1956) size 133x15
                      text run at (0,1956) width 133: "TRUNCATE or TRUNC"
                  RenderText {#text} at (133,1956) size 4x15
                    text run at (133,1956) width 4: " "
                  RenderBR {BR} at (137,1968) size 0x0
                  RenderInline {A} at (0,0) size 55x15 [color=#0000EE]
                    RenderText {#text} at (0,1973) size 55x15
                      text run at (0,1973) width 55: "TYPE_ID"
                  RenderText {#text} at (55,1973) size 4x15
                    text run at (55,1973) width 4: " "
                  RenderBR {BR} at (59,1985) size 0x0
                  RenderInline {A} at (0,0) size 80x15 [color=#0000EE]
                    RenderText {#text} at (0,1990) size 80x15
                      text run at (0,1990) width 80: "TYPE_NAME"
                  RenderText {#text} at (80,1990) size 4x15
                    text run at (80,1990) width 4: " "
                  RenderBR {BR} at (84,2002) size 0x0
                  RenderInline {A} at (0,0) size 98x15 [color=#0000EE]
                    RenderText {#text} at (0,2007) size 98x15
                      text run at (0,2007) width 98: "TYPE_SCHEMA"
                  RenderText {#text} at (98,2007) size 4x15
                    text run at (98,2007) width 4: " "
                  RenderBR {BR} at (102,2019) size 0x0
                  RenderInline {A} at (0,0) size 109x15 [color=#0000EE]
                    RenderText {#text} at (0,2024) size 109x15
                      text run at (0,2024) width 109: "UCASE or UPPER"
                  RenderText {#text} at (109,2024) size 4x15
                    text run at (109,2024) width 4: " "
                  RenderBR {BR} at (113,2036) size 0x0
                  RenderInline {A} at (0,0) size 43x15 [color=#0000EE]
                    RenderText {#text} at (0,2041) size 43x15
                      text run at (0,2041) width 43: "VALUE"
                  RenderText {#text} at (43,2041) size 4x15
                    text run at (43,2041) width 4: " "
                  RenderBR {BR} at (47,2053) size 0x0
                  RenderInline {A} at (0,0) size 63x15 [color=#0000EE]
                    RenderText {#text} at (0,2058) size 63x15
                      text run at (0,2058) width 63: "VARCHAR"
                  RenderText {#text} at (63,2058) size 4x15
                    text run at (63,2058) width 4: " "
                  RenderBR {BR} at (67,2070) size 0x0
                  RenderInline {A} at (0,0) size 86x15 [color=#0000EE]
                    RenderText {#text} at (0,2075) size 86x15
                      text run at (0,2075) width 86: "VARGRAPHIC"
                  RenderText {#text} at (86,2075) size 4x15
                    text run at (86,2075) width 4: " "
                  RenderBR {BR} at (90,2087) size 0x0
                  RenderInline {A} at (0,0) size 39x15 [color=#0000EE]
                    RenderText {#text} at (0,2092) size 39x15
                      text run at (0,2092) width 39: "WEEK"
                  RenderText {#text} at (39,2092) size 4x15
                    text run at (39,2092) width 4: " "
                  RenderBR {BR} at (43,2104) size 0x0
                  RenderInline {A} at (0,0) size 69x15 [color=#0000EE]
                    RenderText {#text} at (0,2109) size 69x15
                      text run at (0,2109) width 69: "WEEK_ISO"
                  RenderText {#text} at (69,2109) size 4x15
                    text run at (69,2109) width 4: " "
                  RenderBR {BR} at (73,2121) size 0x0
                  RenderInline {A} at (0,0) size 36x15 [color=#0000EE]
                    RenderText {#text} at (0,2126) size 36x15
                      text run at (0,2126) width 36: "YEAR"
                  RenderText {#text} at (36,2126) size 4x15
                    text run at (36,2126) width 4: " "
                  RenderBR {BR} at (40,2138) size 0x0
                  RenderInline {A} at (0,0) size 92x15 [color=#0000EE]
                    RenderText {#text} at (0,2143) size 92x15
                      text run at (0,2143) width 92: "Table Functions"
                  RenderText {#text} at (92,2143) size 4x15
                    text run at (92,2143) width 4: " "
                  RenderBR {BR} at (96,2155) size 0x0
                  RenderInline {A} at (0,0) size 150x15 [color=#0000EE]
                    RenderText {#text} at (0,2160) size 150x15
                      text run at (0,2160) width 150: "SQLCACHE_SNAPSHOT"
                  RenderText {#text} at (150,2160) size 4x15
                    text run at (150,2160) width 4: " "
                  RenderBR {BR} at (154,2172) size 0x0
                  RenderInline {A} at (0,0) size 136x15 [color=#0000EE]
                    RenderText {#text} at (0,2177) size 136x15
                      text run at (0,2177) width 136: "User-Defined Functions"
                  RenderText {#text} at (0,0) size 0x0
                RenderBlock {P} at (0,5932) size 715x391
                  RenderInline {B} at (0,0) size 48x15
                    RenderInline {A} at (0,0) size 48x15 [color=#0000EE]
                      RenderText {#text} at (0,1) size 48x15
                        text run at (0,1) width 48: "Queries"
                  RenderBR {BR} at (48,13) size 0x0
                  RenderBR {BR} at (0,18) size 0x15
                  RenderInline {A} at (0,0) size 56x15 [color=#0000EE]
                    RenderText {#text} at (0,35) size 56x15
                      text run at (0,35) width 56: "subselect"
                  RenderText {#text} at (56,35) size 4x15
                    text run at (56,35) width 4: " "
                  RenderBR {BR} at (60,47) size 0x0
                  RenderInline {A} at (0,0) size 77x15 [color=#0000EE]
                    RenderText {#text} at (0,52) size 77x15
                      text run at (0,52) width 77: "select-clause"
                  RenderText {#text} at (77,52) size 4x15
                    text run at (77,52) width 4: " "
                  RenderBR {BR} at (81,64) size 0x0
                  RenderInline {A} at (0,0) size 68x15 [color=#0000EE]
                    RenderText {#text} at (0,69) size 68x15
                      text run at (0,69) width 68: "from-clause"
                  RenderText {#text} at (68,69) size 4x15
                    text run at (68,69) width 4: " "
                  RenderBR {BR} at (72,81) size 0x0
                  RenderInline {A} at (0,0) size 86x15 [color=#0000EE]
                    RenderText {#text} at (0,86) size 86x15
                      text run at (0,86) width 86: "table-reference"
                  RenderText {#text} at (86,86) size 4x15
                    text run at (86,86) width 4: " "
                  RenderBR {BR} at (90,98) size 0x0
                  RenderInline {A} at (0,0) size 67x15 [color=#0000EE]
                    RenderText {#text} at (0,103) size 67x15
                      text run at (0,103) width 67: "joined-table"
                  RenderText {#text} at (67,103) size 4x15
                    text run at (67,103) width 4: " "
                  RenderBR {BR} at (71,115) size 0x0
                  RenderInline {A} at (0,0) size 76x15 [color=#0000EE]
                    RenderText {#text} at (0,120) size 76x15
                      text run at (0,120) width 76: "where-clause"
                  RenderText {#text} at (76,120) size 4x15
                    text run at (76,120) width 4: " "
                  RenderBR {BR} at (80,132) size 0x0
                  RenderInline {A} at (0,0) size 92x15 [color=#0000EE]
                    RenderText {#text} at (0,137) size 92x15
                      text run at (0,137) width 92: "group-by-clause"
                  RenderText {#text} at (92,137) size 4x15
                    text run at (92,137) width 4: " "
                  RenderBR {BR} at (96,149) size 0x0
                  RenderInline {A} at (0,0) size 80x15 [color=#0000EE]
                    RenderText {#text} at (0,154) size 80x15
                      text run at (0,154) width 80: "having-clause"
                  RenderText {#text} at (80,154) size 4x15
                    text run at (80,154) width 4: " "
                  RenderBR {BR} at (84,166) size 0x0
                  RenderInline {A} at (0,0) size 140x15 [color=#0000EE]
                    RenderText {#text} at (0,171) size 140x15
                      text run at (0,171) width 140: "Examples of subselects"
                  RenderText {#text} at (140,171) size 4x15
                    text run at (140,171) width 4: " "
                  RenderBR {BR} at (144,183) size 0x0
                  RenderInline {A} at (0,0) size 108x15 [color=#0000EE]
                    RenderText {#text} at (0,188) size 108x15
                      text run at (0,188) width 108: "Examples of Joins"
                  RenderText {#text} at (108,188) size 4x15
                    text run at (108,188) width 4: " "
                  RenderBR {BR} at (112,200) size 0x0
                  RenderInline {A} at (0,0) size 267x15 [color=#0000EE]
                    RenderText {#text} at (0,205) size 267x15
                      text run at (0,205) width 267: "Examples of Grouping Sets, Cube, and Rollup"
                  RenderText {#text} at (267,205) size 4x15
                    text run at (267,205) width 4: " "
                  RenderBR {BR} at (271,217) size 0x0
                  RenderInline {A} at (0,0) size 52x15 [color=#0000EE]
                    RenderText {#text} at (0,222) size 52x15
                      text run at (0,222) width 52: "fullselect"
                  RenderText {#text} at (52,222) size 4x15
                    text run at (52,222) width 4: " "
                  RenderBR {BR} at (56,234) size 0x0
                  RenderInline {A} at (0,0) size 140x15 [color=#0000EE]
                    RenderText {#text} at (0,239) size 140x15
                      text run at (0,239) width 140: "Examples of a fullselect"
                  RenderText {#text} at (140,239) size 4x15
                    text run at (140,239) width 4: " "
                  RenderBR {BR} at (144,251) size 0x0
                  RenderInline {A} at (0,0) size 97x15 [color=#0000EE]
                    RenderText {#text} at (0,256) size 97x15
                      text run at (0,256) width 97: "select-statement"
                  RenderText {#text} at (97,256) size 4x15
                    text run at (97,256) width 4: " "
                  RenderBR {BR} at (101,268) size 0x0
                  RenderInline {A} at (0,0) size 149x15 [color=#0000EE]
                    RenderText {#text} at (0,273) size 149x15
                      text run at (0,273) width 149: "common-table-expression"
                  RenderText {#text} at (149,273) size 4x15
                    text run at (149,273) width 4: " "
                  RenderBR {BR} at (153,285) size 0x0
                  RenderInline {A} at (0,0) size 89x15 [color=#0000EE]
                    RenderText {#text} at (0,290) size 89x15
                      text run at (0,290) width 89: "order-by-clause"
                  RenderText {#text} at (89,290) size 4x15
                    text run at (89,290) width 4: " "
                  RenderBR {BR} at (93,302) size 0x0
                  RenderInline {A} at (0,0) size 81x15 [color=#0000EE]
                    RenderText {#text} at (0,307) size 81x15
                      text run at (0,307) width 81: "update-clause"
                  RenderText {#text} at (81,307) size 4x15
                    text run at (81,307) width 4: " "
                  RenderBR {BR} at (85,319) size 0x0
                  RenderInline {A} at (0,0) size 95x15 [color=#0000EE]
                    RenderText {#text} at (0,324) size 95x15
                      text run at (0,324) width 95: "read-only-clause"
                  RenderText {#text} at (95,324) size 4x15
                    text run at (95,324) width 4: " "
                  RenderBR {BR} at (99,336) size 0x0
                  RenderInline {A} at (0,0) size 97x15 [color=#0000EE]
                    RenderText {#text} at (0,341) size 97x15
                      text run at (0,341) width 97: "fetch-first-clause"
                  RenderText {#text} at (97,341) size 4x15
                    text run at (97,341) width 4: " "
                  RenderBR {BR} at (101,353) size 0x0
                  RenderInline {A} at (0,0) size 110x15 [color=#0000EE]
                    RenderText {#text} at (0,358) size 110x15
                      text run at (0,358) width 110: "optimize-for-clause"
                  RenderText {#text} at (110,358) size 4x15
                    text run at (110,358) width 4: " "
                  RenderBR {BR} at (114,370) size 0x0
                  RenderInline {A} at (0,0) size 185x15 [color=#0000EE]
                    RenderText {#text} at (0,375) size 185x15
                      text run at (0,375) width 185: "Examples of a select-statement"
                  RenderText {#text} at (0,0) size 0x0
                RenderBlock {P} at (0,6336) size 715x2006
                  RenderInline {B} at (0,0) size 100x15
                    RenderInline {A} at (0,0) size 100x15 [color=#0000EE]
                      RenderText {#text} at (0,1) size 100x15
                        text run at (0,1) width 100: "SQL Statements"
                  RenderBR {BR} at (100,13) size 0x0
                  RenderBR {BR} at (0,18) size 0x15
                  RenderInline {A} at (0,0) size 201x15 [color=#0000EE]
                    RenderText {#text} at (0,35) size 201x15
                      text run at (0,35) width 201: "How SQL Statements Are Invoked"
                  RenderText {#text} at (201,35) size 4x15
                    text run at (201,35) width 4: " "
                  RenderBR {BR} at (205,47) size 0x0
                  RenderInline {A} at (0,0) size 294x15 [color=#0000EE]
                    RenderText {#text} at (0,52) size 294x15
                      text run at (0,52) width 294: "Embedding a Statement in an Application Program"
                  RenderText {#text} at (294,52) size 4x15
                    text run at (294,52) width 4: " "
                  RenderBR {BR} at (298,64) size 0x0
                  RenderInline {A} at (0,0) size 208x15 [color=#0000EE]
                    RenderText {#text} at (0,69) size 208x15
                      text run at (0,69) width 208: "Dynamic Preparation and Execution"
                  RenderText {#text} at (208,69) size 4x15
                    text run at (208,69) width 4: " "
                  RenderBR {BR} at (212,81) size 0x0
                  RenderInline {A} at (0,0) size 225x15 [color=#0000EE]
                    RenderText {#text} at (0,86) size 225x15
                      text run at (0,86) width 225: "Static Invocation of a select-statement"
                  RenderText {#text} at (225,86) size 4x15
                    text run at (225,86) width 4: " "
                  RenderBR {BR} at (229,98) size 0x0
                  RenderInline {A} at (0,0) size 242x15 [color=#0000EE]
                    RenderText {#text} at (0,103) size 242x15
                      text run at (0,103) width 242: "Dynamic Invocation of a select-statement"
                  RenderText {#text} at (242,103) size 4x15
                    text run at (242,103) width 4: " "
                  RenderBR {BR} at (246,115) size 0x0
                  RenderInline {A} at (0,0) size 125x15 [color=#0000EE]
                    RenderText {#text} at (0,120) size 125x15
                      text run at (0,120) width 125: "Interactive Invocation"
                  RenderText {#text} at (125,120) size 4x15
                    text run at (125,120) width 4: " "
                  RenderBR {BR} at (129,132) size 0x0
                  RenderInline {A} at (0,0) size 109x15 [color=#0000EE]
                    RenderText {#text} at (0,137) size 109x15
                      text run at (0,137) width 109: "SQL Return Codes"
                  RenderText {#text} at (109,137) size 4x15
                    text run at (109,137) width 4: " "
                  RenderBR {BR} at (113,149) size 0x0
                  RenderInline {A} at (0,0) size 63x15 [color=#0000EE]
                    RenderText {#text} at (0,154) size 63x15
                      text run at (0,154) width 63: "SQLCODE"
                  RenderText {#text} at (63,154) size 4x15
                    text run at (63,154) width 4: " "
                  RenderBR {BR} at (67,166) size 0x0
                  RenderInline {A} at (0,0) size 69x15 [color=#0000EE]
                    RenderText {#text} at (0,171) size 69x15
                      text run at (0,171) width 69: "SQLSTATE"
                  RenderText {#text} at (69,171) size 4x15
                    text run at (69,171) width 4: " "
                  RenderBR {BR} at (73,183) size 0x0
                  RenderInline {A} at (0,0) size 93x15 [color=#0000EE]
                    RenderText {#text} at (0,188) size 93x15
                      text run at (0,188) width 93: "SQL Comments"
                  RenderText {#text} at (93,188) size 4x15
                    text run at (93,188) width 4: " "
                  RenderBR {BR} at (97,200) size 0x0
                  RenderInline {A} at (0,0) size 135x15 [color=#0000EE]
                    RenderText {#text} at (0,205) size 135x15
                      text run at (0,205) width 135: "ALTER BUFFERPOOL"
                  RenderText {#text} at (135,205) size 4x15
                    text run at (135,205) width 4: " "
                  RenderBR {BR} at (139,217) size 0x0
                  RenderInline {A} at (0,0) size 116x15 [color=#0000EE]
                    RenderText {#text} at (0,222) size 116x15
                      text run at (0,222) width 116: "ALTER NICKNAME"
                  RenderText {#text} at (116,222) size 4x15
                    text run at (116,222) width 4: " "
                  RenderBR {BR} at (120,234) size 0x0
                  RenderInline {A} at (0,0) size 131x15 [color=#0000EE]
                    RenderText {#text} at (0,239) size 131x15
                      text run at (0,239) width 131: "ALTER NODEGROUP"
                  RenderText {#text} at (131,239) size 4x15
                    text run at (131,239) width 4: " "
                  RenderBR {BR} at (135,251) size 0x0
                  RenderInline {A} at (0,0) size 101x15 [color=#0000EE]
                    RenderText {#text} at (0,256) size 101x15
                      text run at (0,256) width 101: "ALTER SERVER"
                  RenderText {#text} at (101,256) size 4x15
                    text run at (101,256) width 4: " "
                  RenderBR {BR} at (105,268) size 0x0
                  RenderInline {A} at (0,0) size 89x15 [color=#0000EE]
                    RenderText {#text} at (0,273) size 89x15
                      text run at (0,273) width 89: "ALTER TABLE"
                  RenderText {#text} at (89,273) size 4x15
                    text run at (89,273) width 4: " "
                  RenderBR {BR} at (93,285) size 0x0
                  RenderInline {A} at (0,0) size 134x15 [color=#0000EE]
                    RenderText {#text} at (0,290) size 134x15
                      text run at (0,290) width 134: "ALTER TABLESPACE"
                  RenderText {#text} at (134,290) size 4x15
                    text run at (134,290) width 4: " "
                  RenderBR {BR} at (138,302) size 0x0
                  RenderInline {A} at (0,0) size 154x15 [color=#0000EE]
                    RenderText {#text} at (0,307) size 154x15
                      text run at (0,307) width 154: "ALTER TYPE (Structured)"
                  RenderText {#text} at (154,307) size 4x15
                    text run at (154,307) width 4: " "
                  RenderBR {BR} at (158,319) size 0x0
                  RenderInline {A} at (0,0) size 148x15 [color=#0000EE]
                    RenderText {#text} at (0,324) size 148x15
                      text run at (0,324) width 148: "ALTER USER MAPPING"
                  RenderText {#text} at (148,324) size 4x15
                    text run at (148,324) width 4: " "
                  RenderBR {BR} at (152,336) size 0x0
                  RenderInline {A} at (0,0) size 81x15 [color=#0000EE]
                    RenderText {#text} at (0,341) size 81x15
                      text run at (0,341) width 81: "ALTER VIEW"
                  RenderText {#text} at (81,341) size 4x15
                    text run at (81,341) width 4: " "
                  RenderBR {BR} at (85,353) size 0x0
                  RenderInline {A} at (0,0) size 168x15 [color=#0000EE]
                    RenderText {#text} at (0,358) size 168x15
                      text run at (0,358) width 168: "BEGIN DECLARE SECTION"
                  RenderText {#text} at (168,358) size 4x15
                    text run at (168,358) width 4: " "
                  RenderBR {BR} at (172,370) size 0x0
                  RenderInline {A} at (0,0) size 32x15 [color=#0000EE]
                    RenderText {#text} at (0,375) size 32x15
                      text run at (0,375) width 32: "CALL"
                  RenderText {#text} at (32,375) size 4x15
                    text run at (32,375) width 4: " "
                  RenderBR {BR} at (36,387) size 0x0
                  RenderInline {A} at (0,0) size 44x15 [color=#0000EE]
                    RenderText {#text} at (0,392) size 44x15
                      text run at (0,392) width 44: "CLOSE"
                  RenderText {#text} at (44,392) size 4x15
                    text run at (44,392) width 4: " "
                  RenderBR {BR} at (48,404) size 0x0
                  RenderInline {A} at (0,0) size 90x15 [color=#0000EE]
                    RenderText {#text} at (0,409) size 90x15
                      text run at (0,409) width 90: "COMMENT ON"
                  RenderText {#text} at (90,409) size 4x15
                    text run at (90,409) width 4: " "
                  RenderBR {BR} at (94,421) size 0x0
                  RenderInline {A} at (0,0) size 53x15 [color=#0000EE]
                    RenderText {#text} at (0,426) size 53x15
                      text run at (0,426) width 53: "COMMIT"
                  RenderText {#text} at (53,426) size 4x15
                    text run at (53,426) width 4: " "
                  RenderBR {BR} at (57,438) size 0x0
                  RenderInline {A} at (0,0) size 166x15 [color=#0000EE]
                    RenderText {#text} at (0,443) size 166x15
                      text run at (0,443) width 166: "Compound SQL (Embedded)"
                  RenderText {#text} at (166,443) size 4x15
                    text run at (166,443) width 4: " "
                  RenderBR {BR} at (170,455) size 0x0
                  RenderInline {A} at (0,0) size 115x15 [color=#0000EE]
                    RenderText {#text} at (0,460) size 115x15
                      text run at (0,460) width 115: "CONNECT (Type 1)"
                  RenderText {#text} at (115,460) size 4x15
                    text run at (115,460) width 4: " "
                  RenderBR {BR} at (119,472) size 0x0
                  RenderInline {A} at (0,0) size 115x15 [color=#0000EE]
                    RenderText {#text} at (0,477) size 115x15
                      text run at (0,477) width 115: "CONNECT (Type 2)"
                  RenderText {#text} at (115,477) size 4x15
                    text run at (115,477) width 4: " "
                  RenderBR {BR} at (119,489) size 0x0
                  RenderInline {A} at (0,0) size 96x15 [color=#0000EE]
                    RenderText {#text} at (0,494) size 96x15
                      text run at (0,494) width 96: "CREATE ALIAS"
                  RenderText {#text} at (96,494) size 4x15
                    text run at (96,494) width 4: " "
                  RenderBR {BR} at (100,506) size 0x0
                  RenderInline {A} at (0,0) size 145x15 [color=#0000EE]
                    RenderText {#text} at (0,511) size 145x15
                      text run at (0,511) width 145: "CREATE BUFFERPOOL"
                  RenderText {#text} at (145,511) size 4x15
                    text run at (145,511) width 4: " "
                  RenderBR {BR} at (149,523) size 0x0
                  RenderInline {A} at (0,0) size 156x15 [color=#0000EE]
                    RenderText {#text} at (0,528) size 156x15
                      text run at (0,528) width 156: "CREATE DISTINCT TYPE"
                  RenderText {#text} at (156,528) size 4x15
                    text run at (156,528) width 4: " "
                  RenderBR {BR} at (160,540) size 0x0
                  RenderInline {A} at (0,0) size 166x15 [color=#0000EE]
                    RenderText {#text} at (0,545) size 166x15
                      text run at (0,545) width 166: "CREATE EVENT MONITOR"
                  RenderText {#text} at (166,545) size 4x15
                    text run at (166,545) width 4: " "
                  RenderBR {BR} at (170,557) size 0x0
                  RenderInline {A} at (0,0) size 123x15 [color=#0000EE]
                    RenderText {#text} at (0,562) size 123x15
                      text run at (0,562) width 123: "CREATE FUNCTION"
                  RenderText {#text} at (123,562) size 4x15
                    text run at (123,562) width 4: " "
                  RenderBR {BR} at (127,574) size 0x0
                  RenderInline {A} at (0,0) size 224x15 [color=#0000EE]
                    RenderText {#text} at (0,579) size 224x15
                      text run at (0,579) width 224: "CREATE FUNCTION (External Scalar)"
                  RenderText {#text} at (224,579) size 4x15
                    text run at (224,579) width 4: " "
                  RenderBR {BR} at (228,591) size 0x0
                  RenderInline {A} at (0,0) size 218x15 [color=#0000EE]
                    RenderText {#text} at (0,596) size 218x15
                      text run at (0,596) width 218: "CREATE FUNCTION (External Table)"
                  RenderText {#text} at (218,596) size 4x15
                    text run at (218,596) width 4: " "
                  RenderBR {BR} at (222,608) size 0x0
                  RenderInline {A} at (0,0) size 270x15 [color=#0000EE]
                    RenderText {#text} at (0,613) size 270x15
                      text run at (0,613) width 270: "CREATE FUNCTION (OLE DB External Table)"
                  RenderText {#text} at (270,613) size 4x15
                    text run at (270,613) width 4: " "
                  RenderBR {BR} at (274,625) size 0x0
                  RenderInline {A} at (0,0) size 248x15 [color=#0000EE]
                    RenderText {#text} at (0,630) size 248x15
                      text run at (0,630) width 248: "CREATE FUNCTION (Source or Template)"
                  RenderText {#text} at (248,630) size 4x15
                    text run at (248,630) width 4: " "
                  RenderBR {BR} at (252,642) size 0x0
                  RenderInline {A} at (0,0) size 285x15 [color=#0000EE]
                    RenderText {#text} at (0,647) size 285x15
                      text run at (0,647) width 285: "CREATE FUNCTION (SQL Scalar, Table or Row)"
                  RenderText {#text} at (285,647) size 4x15
                    text run at (285,647) width 4: " "
                  RenderBR {BR} at (289,659) size 0x0
                  RenderInline {A} at (0,0) size 188x15 [color=#0000EE]
                    RenderText {#text} at (0,664) size 188x15
                      text run at (0,664) width 188: "CREATE FUNCTION MAPPING"
                  RenderText {#text} at (188,664) size 4x15
                    text run at (188,664) width 4: " "
                  RenderBR {BR} at (192,676) size 0x0
                  RenderInline {A} at (0,0) size 97x15 [color=#0000EE]
                    RenderText {#text} at (0,681) size 97x15
                      text run at (0,681) width 97: "CREATE INDEX"
                  RenderText {#text} at (97,681) size 4x15
                    text run at (97,681) width 4: " "
                  RenderBR {BR} at (101,693) size 0x0
                  RenderInline {A} at (0,0) size 177x15 [color=#0000EE]
                    RenderText {#text} at (0,698) size 177x15
                      text run at (0,698) width 177: "CREATE INDEX EXTENSION"
                  RenderText {#text} at (177,698) size 4x15
                    text run at (177,698) width 4: " "
                  RenderBR {BR} at (181,710) size 0x0
                  RenderInline {A} at (0,0) size 113x15 [color=#0000EE]
                    RenderText {#text} at (0,715) size 113x15
                      text run at (0,715) width 113: "CREATE METHOD"
                  RenderText {#text} at (113,715) size 4x15
                    text run at (113,715) width 4: " "
                  RenderBR {BR} at (117,727) size 0x0
                  RenderInline {A} at (0,0) size 126x15 [color=#0000EE]
                    RenderText {#text} at (0,732) size 126x15
                      text run at (0,732) width 126: "CREATE NICKNAME"
                  RenderText {#text} at (126,732) size 4x15
                    text run at (126,732) width 4: " "
                  RenderBR {BR} at (130,744) size 0x0
                  RenderInline {A} at (0,0) size 141x15 [color=#0000EE]
                    RenderText {#text} at (0,749) size 141x15
                      text run at (0,749) width 141: "CREATE NODEGROUP"
                  RenderText {#text} at (141,749) size 4x15
                    text run at (141,749) width 4: " "
                  RenderBR {BR} at (145,761) size 0x0
                  RenderInline {A} at (0,0) size 139x15 [color=#0000EE]
                    RenderText {#text} at (0,766) size 139x15
                      text run at (0,766) width 139: "CREATE PROCEDURE"
                  RenderText {#text} at (139,766) size 4x15
                    text run at (139,766) width 4: " "
                  RenderBR {BR} at (143,778) size 0x0
                  RenderInline {A} at (0,0) size 113x15 [color=#0000EE]
                    RenderText {#text} at (0,783) size 113x15
                      text run at (0,783) width 113: "CREATE SCHEMA"
                  RenderText {#text} at (113,783) size 4x15
                    text run at (113,783) width 4: " "
                  RenderBR {BR} at (117,795) size 0x0
                  RenderInline {A} at (0,0) size 111x15 [color=#0000EE]
                    RenderText {#text} at (0,800) size 111x15
                      text run at (0,800) width 111: "CREATE SERVER"
                  RenderText {#text} at (111,800) size 4x15
                    text run at (111,800) width 4: " "
                  RenderBR {BR} at (115,812) size 0x0
                  RenderInline {A} at (0,0) size 99x15 [color=#0000EE]
                    RenderText {#text} at (0,817) size 99x15
                      text run at (0,817) width 99: "CREATE TABLE"
                  RenderText {#text} at (99,817) size 4x15
                    text run at (99,817) width 4: " "
                  RenderBR {BR} at (103,829) size 0x0
                  RenderInline {A} at (0,0) size 144x15 [color=#0000EE]
                    RenderText {#text} at (0,834) size 144x15
                      text run at (0,834) width 144: "CREATE TABLESPACE"
                  RenderText {#text} at (144,834) size 4x15
                    text run at (144,834) width 4: " "
                  RenderBR {BR} at (148,846) size 0x0
                  RenderInline {A} at (0,0) size 139x15 [color=#0000EE]
                    RenderText {#text} at (0,851) size 139x15
                      text run at (0,851) width 139: "CREATE TRANSFORM"
                  RenderText {#text} at (139,851) size 4x15
                    text run at (139,851) width 4: " "
                  RenderBR {BR} at (143,863) size 0x0
                  RenderInline {A} at (0,0) size 116x15 [color=#0000EE]
                    RenderText {#text} at (0,868) size 116x15
                      text run at (0,868) width 116: "CREATE TRIGGER"
                  RenderText {#text} at (116,868) size 4x15
                    text run at (116,868) width 4: " "
                  RenderBR {BR} at (120,880) size 0x0
                  RenderInline {A} at (0,0) size 164x15 [color=#0000EE]
                    RenderText {#text} at (0,885) size 164x15
                      text run at (0,885) width 164: "CREATE TYPE (Structured)"
                  RenderText {#text} at (164,885) size 4x15
                    text run at (164,885) width 4: " "
                  RenderBR {BR} at (168,897) size 0x0
                  RenderInline {A} at (0,0) size 157x15 [color=#0000EE]
                    RenderText {#text} at (0,902) size 157x15
                      text run at (0,902) width 157: "CREATE TYPE MAPPING"
                  RenderText {#text} at (157,902) size 4x15
                    text run at (157,902) width 4: " "
                  RenderBR {BR} at (161,914) size 0x0
                  RenderInline {A} at (0,0) size 158x15 [color=#0000EE]
                    RenderText {#text} at (0,919) size 158x15
                      text run at (0,919) width 158: "CREATE USER MAPPING"
                  RenderText {#text} at (158,919) size 4x15
                    text run at (158,919) width 4: " "
                  RenderBR {BR} at (162,931) size 0x0
                  RenderInline {A} at (0,0) size 91x15 [color=#0000EE]
                    RenderText {#text} at (0,936) size 91x15
                      text run at (0,936) width 91: "CREATE VIEW"
                  RenderText {#text} at (91,936) size 4x15
                    text run at (91,936) width 4: " "
                  RenderBR {BR} at (95,948) size 0x0
                  RenderInline {A} at (0,0) size 123x15 [color=#0000EE]
                    RenderText {#text} at (0,953) size 123x15
                      text run at (0,953) width 123: "CREATE WRAPPER"
                  RenderText {#text} at (123,953) size 4x15
                    text run at (123,953) width 4: " "
                  RenderBR {BR} at (127,965) size 0x0
                  RenderInline {A} at (0,0) size 120x15 [color=#0000EE]
                    RenderText {#text} at (0,970) size 120x15
                      text run at (0,970) width 120: "DECLARE CURSOR"
                  RenderText {#text} at (120,970) size 4x15
                    text run at (120,970) width 4: " "
                  RenderBR {BR} at (124,982) size 0x0
                  RenderInline {A} at (0,0) size 250x15 [color=#0000EE]
                    RenderText {#text} at (0,987) size 250x15
                      text run at (0,987) width 250: "DECLARE GLOBAL TEMPORARY TABLE"
                  RenderText {#text} at (250,987) size 4x15
                    text run at (250,987) width 4: " "
                  RenderBR {BR} at (254,999) size 0x0
                  RenderInline {A} at (0,0) size 51x15 [color=#0000EE]
                    RenderText {#text} at (0,1004) size 51x15
                      text run at (0,1004) width 51: "DELETE"
                  RenderText {#text} at (51,1004) size 4x15
                    text run at (51,1004) width 4: " "
                  RenderBR {BR} at (55,1016) size 0x0
                  RenderInline {A} at (0,0) size 67x15 [color=#0000EE]
                    RenderText {#text} at (0,1021) size 67x15
                      text run at (0,1021) width 67: "DESCRIBE"
                  RenderText {#text} at (67,1021) size 4x15
                    text run at (67,1021) width 4: " "
                  RenderBR {BR} at (71,1033) size 0x0
                  RenderInline {A} at (0,0) size 85x15 [color=#0000EE]
                    RenderText {#text} at (0,1038) size 85x15
                      text run at (0,1038) width 85: "DISCONNECT"
                  RenderText {#text} at (85,1038) size 4x15
                    text run at (85,1038) width 4: " "
                  RenderBR {BR} at (89,1050) size 0x0
                  RenderInline {A} at (0,0) size 37x15 [color=#0000EE]
                    RenderText {#text} at (0,1055) size 37x15
                      text run at (0,1055) width 37: "DROP"
                  RenderText {#text} at (37,1055) size 4x15
                    text run at (37,1055) width 4: " "
                  RenderBR {BR} at (41,1067) size 0x0
                  RenderInline {A} at (0,0) size 154x15 [color=#0000EE]
                    RenderText {#text} at (0,1072) size 154x15
                      text run at (0,1072) width 154: "END DECLARE SECTION"
                  RenderText {#text} at (154,1072) size 4x15
                    text run at (154,1072) width 4: " "
                  RenderBR {BR} at (158,1084) size 0x0
                  RenderInline {A} at (0,0) size 62x15 [color=#0000EE]
                    RenderText {#text} at (0,1089) size 62x15
                      text run at (0,1089) width 62: "EXECUTE"
                  RenderText {#text} at (62,1089) size 4x15
                    text run at (62,1089) width 4: " "
                  RenderBR {BR} at (66,1101) size 0x0
                  RenderInline {A} at (0,0) size 140x15 [color=#0000EE]
                    RenderText {#text} at (0,1106) size 140x15
                      text run at (0,1106) width 140: "EXECUTE IMMEDIATE"
                  RenderText {#text} at (140,1106) size 4x15
                    text run at (140,1106) width 4: " "
                  RenderBR {BR} at (144,1118) size 0x0
                  RenderInline {A} at (0,0) size 56x15 [color=#0000EE]
                    RenderText {#text} at (0,1123) size 56x15
                      text run at (0,1123) width 56: "EXPLAIN"
                  RenderText {#text} at (56,1123) size 4x15
                    text run at (56,1123) width 4: " "
                  RenderBR {BR} at (60,1135) size 0x0
                  RenderInline {A} at (0,0) size 43x15 [color=#0000EE]
                    RenderText {#text} at (0,1140) size 43x15
                      text run at (0,1140) width 43: "FETCH"
                  RenderText {#text} at (43,1140) size 4x15
                    text run at (43,1140) width 4: " "
                  RenderBR {BR} at (47,1152) size 0x0
                  RenderInline {A} at (0,0) size 155x15 [color=#0000EE]
                    RenderText {#text} at (0,1157) size 155x15
                      text run at (0,1157) width 155: "FLUSH EVENT MONITOR"
                  RenderText {#text} at (155,1157) size 4x15
                    text run at (155,1157) width 4: " "
                  RenderBR {BR} at (159,1169) size 0x0
                  RenderInline {A} at (0,0) size 101x15 [color=#0000EE]
                    RenderText {#text} at (0,1174) size 101x15
                      text run at (0,1174) width 101: "FREE LOCATOR"
                  RenderText {#text} at (101,1174) size 4x15
                    text run at (101,1174) width 4: " "
                  RenderBR {BR} at (105,1186) size 0x0
                  RenderInline {A} at (0,0) size 179x15 [color=#0000EE]
                    RenderText {#text} at (0,1191) size 179x15
                      text run at (0,1191) width 179: "GRANT (Database Authorities)"
                  RenderText {#text} at (179,1191) size 4x15
                    text run at (179,1191) width 4: " "
                  RenderBR {BR} at (183,1203) size 0x0
                  RenderInline {A} at (0,0) size 150x15 [color=#0000EE]
                    RenderText {#text} at (0,1208) size 150x15
                      text run at (0,1208) width 150: "GRANT (Index Privileges)"
                  RenderText {#text} at (150,1208) size 4x15
                    text run at (150,1208) width 4: " "
                  RenderBR {BR} at (154,1220) size 0x0
                  RenderInline {A} at (0,0) size 169x15 [color=#0000EE]
                    RenderText {#text} at (0,1225) size 169x15
                      text run at (0,1225) width 169: "GRANT (Package Privileges)"
                  RenderText {#text} at (169,1225) size 4x15
                    text run at (169,1225) width 4: " "
                  RenderBR {BR} at (173,1237) size 0x0
                  RenderInline {A} at (0,0) size 166x15 [color=#0000EE]
                    RenderText {#text} at (0,1242) size 166x15
                      text run at (0,1242) width 166: "GRANT (Schema Privileges)"
                  RenderText {#text} at (166,1242) size 4x15
                    text run at (166,1242) width 4: " "
                  RenderBR {BR} at (170,1254) size 0x0
                  RenderInline {A} at (0,0) size 156x15 [color=#0000EE]
                    RenderText {#text} at (0,1259) size 156x15
                      text run at (0,1259) width 156: "GRANT (Server Privileges)"
                  RenderText {#text} at (156,1259) size 4x15
                    text run at (156,1259) width 4: " "
                  RenderBR {BR} at (160,1271) size 0x0
                  RenderInline {A} at (0,0) size 266x15 [color=#0000EE]
                    RenderText {#text} at (0,1276) size 266x15
                      text run at (0,1276) width 266: "GRANT (Table, View, or Nickname Privileges)"
                  RenderText {#text} at (266,1276) size 4x15
                    text run at (266,1276) width 4: " "
                  RenderBR {BR} at (270,1288) size 0x0
                  RenderInline {A} at (0,0) size 190x15 [color=#0000EE]
                    RenderText {#text} at (0,1293) size 190x15
                      text run at (0,1293) width 190: "GRANT (Table Space Privileges)"
                  RenderText {#text} at (190,1293) size 4x15
                    text run at (190,1293) width 4: " "
                  RenderBR {BR} at (194,1305) size 0x0
                  RenderInline {A} at (0,0) size 56x15 [color=#0000EE]
                    RenderText {#text} at (0,1310) size 56x15
                      text run at (0,1310) width 56: "INCLUDE"
                  RenderText {#text} at (56,1310) size 4x15
                    text run at (56,1310) width 4: " "
                  RenderBR {BR} at (60,1322) size 0x0
                  RenderInline {A} at (0,0) size 48x15 [color=#0000EE]
                    RenderText {#text} at (0,1327) size 48x15
                      text run at (0,1327) width 48: "INSERT"
                  RenderText {#text} at (48,1327) size 4x15
                    text run at (48,1327) width 4: " "
                  RenderBR {BR} at (52,1339) size 0x0
                  RenderInline {A} at (0,0) size 81x15 [color=#0000EE]
                    RenderText {#text} at (0,1344) size 81x15
                      text run at (0,1344) width 81: "LOCK TABLE"
                  RenderText {#text} at (81,1344) size 4x15
                    text run at (81,1344) width 4: " "
                  RenderBR {BR} at (85,1356) size 0x0
                  RenderInline {A} at (0,0) size 37x15 [color=#0000EE]
                    RenderText {#text} at (0,1361) size 37x15
                      text run at (0,1361) width 37: "OPEN"
                  RenderText {#text} at (37,1361) size 4x15
                    text run at (37,1361) width 4: " "
                  RenderBR {BR} at (41,1373) size 0x0
                  RenderInline {A} at (0,0) size 63x15 [color=#0000EE]
                    RenderText {#text} at (0,1378) size 63x15
                      text run at (0,1378) width 63: "PREPARE"
                  RenderText {#text} at (63,1378) size 4x15
                    text run at (63,1378) width 4: " "
                  RenderBR {BR} at (67,1390) size 0x0
                  RenderInline {A} at (0,0) size 108x15 [color=#0000EE]
                    RenderText {#text} at (0,1395) size 108x15
                      text run at (0,1395) width 108: "REFRESH TABLE"
                  RenderText {#text} at (108,1395) size 4x15
                    text run at (108,1395) width 4: " "
                  RenderBR {BR} at (112,1407) size 0x0
                  RenderInline {A} at (0,0) size 138x15 [color=#0000EE]
                    RenderText {#text} at (0,1412) size 138x15
                      text run at (0,1412) width 138: "RELEASE (Connection)"
                  RenderText {#text} at (138,1412) size 4x15
                    text run at (138,1412) width 4: " "
                  RenderBR {BR} at (142,1424) size 0x0
                  RenderInline {A} at (0,0) size 141x15 [color=#0000EE]
                    RenderText {#text} at (0,1429) size 141x15
                      text run at (0,1429) width 141: "RELEASE SAVEPOINT"
                  RenderText {#text} at (141,1429) size 4x15
                    text run at (141,1429) width 4: " "
                  RenderBR {BR} at (145,1441) size 0x0
                  RenderInline {A} at (0,0) size 102x15 [color=#0000EE]
                    RenderText {#text} at (0,1446) size 102x15
                      text run at (0,1446) width 102: "RENAME TABLE"
                  RenderText {#text} at (102,1446) size 4x15
                    text run at (102,1446) width 4: " "
                  RenderBR {BR} at (106,1458) size 0x0
                  RenderInline {A} at (0,0) size 147x15 [color=#0000EE]
                    RenderText {#text} at (0,1463) size 147x15
                      text run at (0,1463) width 147: "RENAME TABLESPACE"
                  RenderText {#text} at (147,1463) size 4x15
                    text run at (147,1463) width 4: " "
                  RenderBR {BR} at (151,1475) size 0x0
                  RenderInline {A} at (0,0) size 189x15 [color=#0000EE]
                    RenderText {#text} at (0,1480) size 189x15
                      text run at (0,1480) width 189: "REVOKE (Database Authorities)"
                  RenderText {#text} at (189,1480) size 4x15
                    text run at (189,1480) width 4: " "
                  RenderBR {BR} at (193,1492) size 0x0
                  RenderInline {A} at (0,0) size 160x15 [color=#0000EE]
                    RenderText {#text} at (0,1497) size 160x15
                      text run at (0,1497) width 160: "REVOKE (Index Privileges)"
                  RenderText {#text} at (160,1497) size 4x15
                    text run at (160,1497) width 4: " "
                  RenderBR {BR} at (164,1509) size 0x0
                  RenderInline {A} at (0,0) size 179x15 [color=#0000EE]
                    RenderText {#text} at (0,1514) size 179x15
                      text run at (0,1514) width 179: "REVOKE (Package Privileges)"
                  RenderText {#text} at (179,1514) size 4x15
                    text run at (179,1514) width 4: " "
                  RenderBR {BR} at (183,1526) size 0x0
                  RenderInline {A} at (0,0) size 176x15 [color=#0000EE]
                    RenderText {#text} at (0,1531) size 176x15
                      text run at (0,1531) width 176: "REVOKE (Schema Privileges)"
                  RenderText {#text} at (176,1531) size 4x15
                    text run at (176,1531) width 4: " "
                  RenderBR {BR} at (180,1543) size 0x0
                  RenderInline {A} at (0,0) size 166x15 [color=#0000EE]
                    RenderText {#text} at (0,1548) size 166x15
                      text run at (0,1548) width 166: "REVOKE (Server Privileges)"
                  RenderText {#text} at (166,1548) size 4x15
                    text run at (166,1548) width 4: " "
                  RenderBR {BR} at (170,1560) size 0x0
                  RenderInline {A} at (0,0) size 276x15 [color=#0000EE]
                    RenderText {#text} at (0,1565) size 276x15
                      text run at (0,1565) width 276: "REVOKE (Table, View, or Nickname Privileges)"
                  RenderText {#text} at (276,1565) size 4x15
                    text run at (276,1565) width 4: " "
                  RenderBR {BR} at (280,1577) size 0x0
                  RenderInline {A} at (0,0) size 200x15 [color=#0000EE]
                    RenderText {#text} at (0,1582) size 200x15
                      text run at (0,1582) width 200: "REVOKE (Table Space Privileges)"
                  RenderText {#text} at (200,1582) size 4x15
                    text run at (200,1582) width 4: " "
                  RenderBR {BR} at (204,1594) size 0x0
                  RenderInline {A} at (0,0) size 69x15 [color=#0000EE]
                    RenderText {#text} at (0,1599) size 69x15
                      text run at (0,1599) width 69: "ROLLBACK"
                  RenderText {#text} at (69,1599) size 4x15
                    text run at (69,1599) width 4: " "
                  RenderBR {BR} at (73,1611) size 0x0
                  RenderInline {A} at (0,0) size 76x15 [color=#0000EE]
                    RenderText {#text} at (0,1616) size 76x15
                      text run at (0,1616) width 76: "SAVEPOINT"
                  RenderText {#text} at (76,1616) size 4x15
                    text run at (76,1616) width 4: " "
                  RenderBR {BR} at (80,1628) size 0x0
                  RenderInline {A} at (0,0) size 51x15 [color=#0000EE]
                    RenderText {#text} at (0,1633) size 51x15
                      text run at (0,1633) width 51: "SELECT"
                  RenderText {#text} at (51,1633) size 4x15
                    text run at (51,1633) width 4: " "
                  RenderBR {BR} at (55,1645) size 0x0
                  RenderInline {A} at (0,0) size 86x15 [color=#0000EE]
                    RenderText {#text} at (0,1650) size 86x15
                      text run at (0,1650) width 86: "SELECT INTO"
                  RenderText {#text} at (86,1650) size 4x15
                    text run at (86,1650) width 4: " "
                  RenderBR {BR} at (90,1662) size 0x0
                  RenderInline {A} at (0,0) size 116x15 [color=#0000EE]
                    RenderText {#text} at (0,1667) size 116x15
                      text run at (0,1667) width 116: "SET CONNECTION"
                  RenderText {#text} at (116,1667) size 4x15
                    text run at (116,1667) width 4: " "
                  RenderBR {BR} at (120,1679) size 0x0
                  RenderInline {A} at (0,0) size 292x15 [color=#0000EE]
                    RenderText {#text} at (0,1684) size 292x15
                      text run at (0,1684) width 292: "SET CURRENT DEFAULT TRANSFORM GROUP"
                  RenderText {#text} at (292,1684) size 4x15
                    text run at (292,1684) width 4: " "
                  RenderBR {BR} at (296,1696) size 0x0
                  RenderInline {A} at (0,0) size 151x15 [color=#0000EE]
                    RenderText {#text} at (0,1701) size 151x15
                      text run at (0,1701) width 151: "SET CURRENT DEGREE"
                  RenderText {#text} at (151,1701) size 4x15
                    text run at (151,1701) width 4: " "
                  RenderBR {BR} at (155,1713) size 0x0
                  RenderInline {A} at (0,0) size 195x15 [color=#0000EE]
                    RenderText {#text} at (0,1718) size 195x15
                      text run at (0,1718) width 195: "SET CURRENT EXPLAIN MODE"
                  RenderText {#text} at (195,1718) size 4x15
                    text run at (195,1718) width 4: " "
                  RenderBR {BR} at (199,1730) size 0x0
                  RenderInline {A} at (0,0) size 228x15 [color=#0000EE]
                    RenderText {#text} at (0,1735) size 228x15
                      text run at (0,1735) width 228: "SET CURRENT EXPLAIN SNAPSHOT"
                  RenderText {#text} at (228,1735) size 4x15
                    text run at (228,1735) width 4: " "
                  RenderBR {BR} at (232,1747) size 0x0
                  RenderInline {A} at (0,0) size 186x15 [color=#0000EE]
                    RenderText {#text} at (0,1752) size 186x15
                      text run at (0,1752) width 186: "SET CURRENT PACKAGESET"
                  RenderText {#text} at (186,1752) size 4x15
                    text run at (186,1752) width 4: " "
                  RenderBR {BR} at (190,1764) size 0x0
                  RenderInline {A} at (0,0) size 240x15 [color=#0000EE]
                    RenderText {#text} at (0,1769) size 240x15
                      text run at (0,1769) width 240: "SET CURRENT QUERY OPTIMIZATION"
                  RenderText {#text} at (240,1769) size 4x15
                    text run at (240,1769) width 4: " "
                  RenderBR {BR} at (244,1781) size 0x0
                  RenderInline {A} at (0,0) size 191x15 [color=#0000EE]
                    RenderText {#text} at (0,1786) size 191x15
                      text run at (0,1786) width 191: "SET CURRENT REFRESH AGE"
                  RenderText {#text} at (191,1786) size 4x15
                    text run at (191,1786) width 4: " "
                  RenderBR {BR} at (195,1798) size 0x0
                  RenderInline {A} at (0,0) size 186x15 [color=#0000EE]
                    RenderText {#text} at (0,1803) size 186x15
                      text run at (0,1803) width 186: "SET EVENT MONITOR STATE"
                  RenderText {#text} at (186,1803) size 4x15
                    text run at (186,1803) width 4: " "
                  RenderBR {BR} at (190,1815) size 0x0
                  RenderInline {A} at (0,0) size 100x15 [color=#0000EE]
                    RenderText {#text} at (0,1820) size 100x15
                      text run at (0,1820) width 100: "SET INTEGRITY"
                  RenderText {#text} at (100,1820) size 4x15
                    text run at (100,1820) width 4: " "
                  RenderBR {BR} at (104,1832) size 0x0
                  RenderInline {A} at (0,0) size 101x15 [color=#0000EE]
                    RenderText {#text} at (0,1837) size 101x15
                      text run at (0,1837) width 101: "SET PASSTHRU"
                  RenderText {#text} at (101,1837) size 4x15
                    text run at (101,1837) width 4: " "
                  RenderBR {BR} at (105,1849) size 0x0
                  RenderInline {A} at (0,0) size 65x15 [color=#0000EE]
                    RenderText {#text} at (0,1854) size 65x15
                      text run at (0,1854) width 65: "SET PATH"
                  RenderText {#text} at (65,1854) size 4x15
                    text run at (65,1854) width 4: " "
                  RenderBR {BR} at (69,1866) size 0x0
                  RenderInline {A} at (0,0) size 86x15 [color=#0000EE]
                    RenderText {#text} at (0,1871) size 86x15
                      text run at (0,1871) width 86: "SET SCHEMA"
                  RenderText {#text} at (86,1871) size 4x15
                    text run at (86,1871) width 4: " "
                  RenderBR {BR} at (90,1883) size 0x0
                  RenderInline {A} at (0,0) size 138x15 [color=#0000EE]
                    RenderText {#text} at (0,1888) size 138x15
                      text run at (0,1888) width 138: "SET SERVER OPTION"
                  RenderText {#text} at (138,1888) size 4x15
                    text run at (138,1888) width 4: " "
                  RenderBR {BR} at (142,1900) size 0x0
                  RenderInline {A} at (0,0) size 132x15 [color=#0000EE]
                    RenderText {#text} at (0,1905) size 132x15
                      text run at (0,1905) width 132: "SET transition-variable"
                  RenderText {#text} at (132,1905) size 4x15
                    text run at (132,1905) width 4: " "
                  RenderBR {BR} at (136,1917) size 0x0
                  RenderInline {A} at (0,0) size 121x15 [color=#0000EE]
                    RenderText {#text} at (0,1922) size 121x15
                      text run at (0,1922) width 121: "SIGNAL SQLSTATE"
                  RenderText {#text} at (121,1922) size 4x15
                    text run at (121,1922) width 4: " "
                  RenderBR {BR} at (125,1934) size 0x0
                  RenderInline {A} at (0,0) size 53x15 [color=#0000EE]
                    RenderText {#text} at (0,1939) size 53x15
                      text run at (0,1939) width 53: "UPDATE"
                  RenderText {#text} at (53,1939) size 4x15
                    text run at (53,1939) width 4: " "
                  RenderBR {BR} at (57,1951) size 0x0
                  RenderInline {A} at (0,0) size 52x15 [color=#0000EE]
                    RenderText {#text} at (0,1956) size 52x15
                      text run at (0,1956) width 52: "VALUES"
                  RenderText {#text} at (52,1956) size 4x15
                    text run at (52,1956) width 4: " "
                  RenderBR {BR} at (56,1968) size 0x0
                  RenderInline {A} at (0,0) size 87x15 [color=#0000EE]
                    RenderText {#text} at (0,1973) size 87x15
                      text run at (0,1973) width 87: "VALUES INTO"
                  RenderText {#text} at (87,1973) size 4x15
                    text run at (87,1973) width 4: " "
                  RenderBR {BR} at (91,1985) size 0x0
                  RenderInline {A} at (0,0) size 75x15 [color=#0000EE]
                    RenderText {#text} at (0,1990) size 75x15
                      text run at (0,1990) width 75: "WHENEVER"
                  RenderText {#text} at (0,0) size 0x0
                RenderBlock {P} at (0,8355) size 715x340
                  RenderInline {B} at (0,0) size 102x15
                    RenderInline {A} at (0,0) size 102x15 [color=#0000EE]
                      RenderText {#text} at (0,1) size 102x15
                        text run at (0,1) width 102: "SQL Procedures"
                  RenderBR {BR} at (102,13) size 0x0
                  RenderBR {BR} at (0,18) size 0x15
                  RenderInline {A} at (0,0) size 153x15 [color=#0000EE]
                    RenderText {#text} at (0,35) size 153x15
                      text run at (0,35) width 153: "SQL Procedure Statement"
                  RenderText {#text} at (153,35) size 4x15
                    text run at (153,35) width 4: " "
                  RenderBR {BR} at (157,47) size 0x0
                  RenderInline {A} at (0,0) size 192x15 [color=#0000EE]
                    RenderText {#text} at (0,52) size 192x15
                      text run at (0,52) width 192: "ALLOCATE CURSOR Statement"
                  RenderText {#text} at (192,52) size 4x15
                    text run at (192,52) width 4: " "
                  RenderBR {BR} at (196,64) size 0x0
                  RenderInline {A} at (0,0) size 134x15 [color=#0000EE]
                    RenderText {#text} at (0,69) size 134x15
                      text run at (0,69) width 134: "Assignment Statement"
                  RenderText {#text} at (134,69) size 4x15
                    text run at (134,69) width 4: " "
                  RenderBR {BR} at (138,81) size 0x0
                  RenderInline {A} at (0,0) size 216x15 [color=#0000EE]
                    RenderText {#text} at (0,86) size 216x15
                      text run at (0,86) width 216: "ASSOCIATE LOCATORS Statement"
                  RenderText {#text} at (216,86) size 4x15
                    text run at (216,86) width 4: " "
                  RenderBR {BR} at (220,98) size 0x0
                  RenderInline {A} at (0,0) size 100x15 [color=#0000EE]
                    RenderText {#text} at (0,103) size 100x15
                      text run at (0,103) width 100: "CASE Statement"
                  RenderText {#text} at (100,103) size 4x15
                    text run at (100,103) width 4: " "
                  RenderBR {BR} at (104,115) size 0x0
                  RenderInline {A} at (0,0) size 126x15 [color=#0000EE]
                    RenderText {#text} at (0,120) size 126x15
                      text run at (0,120) width 126: "Compound Statement"
                  RenderText {#text} at (126,120) size 4x15
                    text run at (126,120) width 4: " "
                  RenderBR {BR} at (130,132) size 0x0
                  RenderInline {A} at (0,0) size 91x15 [color=#0000EE]
                    RenderText {#text} at (0,137) size 91x15
                      text run at (0,137) width 91: "FOR Statement"
                  RenderText {#text} at (91,137) size 4x15
                    text run at (91,137) width 4: " "
                  RenderBR {BR} at (95,149) size 0x0
                  RenderInline {A} at (0,0) size 185x15 [color=#0000EE]
                    RenderText {#text} at (0,154) size 185x15
                      text run at (0,154) width 185: "GET DIAGNOSTICS Statement"
                  RenderText {#text} at (185,154) size 4x15
                    text run at (185,154) width 4: " "
                  RenderBR {BR} at (189,166) size 0x0
                  RenderInline {A} at (0,0) size 102x15 [color=#0000EE]
                    RenderText {#text} at (0,171) size 102x15
                      text run at (0,171) width 102: "GOTO Statement"
                  RenderText {#text} at (102,171) size 4x15
                    text run at (102,171) width 4: " "
                  RenderBR {BR} at (106,183) size 0x0
                  RenderInline {A} at (0,0) size 76x15 [color=#0000EE]
                    RenderText {#text} at (0,188) size 76x15
                      text run at (0,188) width 76: "IF Statement"
                  RenderText {#text} at (76,188) size 4x15
                    text run at (76,188) width 4: " "
                  RenderBR {BR} at (80,200) size 0x0
                  RenderInline {A} at (0,0) size 120x15 [color=#0000EE]
                    RenderText {#text} at (0,205) size 120x15
                      text run at (0,205) width 120: "ITERATE Statement"
                  RenderText {#text} at (120,205) size 4x15
                    text run at (120,205) width 4: " "
                  RenderBR {BR} at (124,217) size 0x0
                  RenderInline {A} at (0,0) size 107x15 [color=#0000EE]
                    RenderText {#text} at (0,222) size 107x15
                      text run at (0,222) width 107: "LEAVE Statement"
                  RenderText {#text} at (107,222) size 4x15
                    text run at (107,222) width 4: " "
                  RenderBR {BR} at (111,234) size 0x0
                  RenderInline {A} at (0,0) size 100x15 [color=#0000EE]
                    RenderText {#text} at (0,239) size 100x15
                      text run at (0,239) width 100: "LOOP Statement"
                  RenderText {#text} at (100,239) size 4x15
                    text run at (100,239) width 4: " "
                  RenderBR {BR} at (104,251) size 0x0
                  RenderInline {A} at (0,0) size 117x15 [color=#0000EE]
                    RenderText {#text} at (0,256) size 117x15
                      text run at (0,256) width 117: "REPEAT Statement"
                  RenderText {#text} at (117,256) size 4x15
                    text run at (117,256) width 4: " "
                  RenderBR {BR} at (121,268) size 0x0
                  RenderInline {A} at (0,0) size 130x15 [color=#0000EE]
                    RenderText {#text} at (0,273) size 130x15
                      text run at (0,273) width 130: "RESIGNAL Statement"
                  RenderText {#text} at (130,273) size 4x15
                    text run at (130,273) width 4: " "
                  RenderBR {BR} at (134,285) size 0x0
                  RenderInline {A} at (0,0) size 117x15 [color=#0000EE]
                    RenderText {#text} at (0,290) size 117x15
                      text run at (0,290) width 117: "RETURN Statement"
                  RenderText {#text} at (117,290) size 4x15
                    text run at (117,290) width 4: " "
                  RenderBR {BR} at (121,302) size 0x0
                  RenderInline {A} at (0,0) size 112x15 [color=#0000EE]
                    RenderText {#text} at (0,307) size 112x15
                      text run at (0,307) width 112: "SIGNAL Statement"
                  RenderText {#text} at (112,307) size 4x15
                    text run at (112,307) width 4: " "
                  RenderBR {BR} at (116,319) size 0x0
                  RenderInline {A} at (0,0) size 105x15 [color=#0000EE]
                    RenderText {#text} at (0,324) size 105x15
                      text run at (0,324) width 105: "WHILE Statement"
                  RenderText {#text} at (0,0) size 0x0
                RenderBlock {P} at (0,8708) size 715x17
                  RenderInline {B} at (0,0) size 150x15
                    RenderInline {A} at (0,0) size 150x15 [color=#0000EE]
                      RenderText {#text} at (0,1) size 150x15
                        text run at (0,1) width 150: "Appendix A. SQL Limits"
                  RenderBR {BR} at (150,13) size 0x0
                RenderBlock {P} at (0,8738) size 715x102
                  RenderInline {B} at (0,0) size 274x15
                    RenderInline {A} at (0,0) size 274x15 [color=#0000EE]
                      RenderText {#text} at (0,1) size 274x15
                        text run at (0,1) width 274: "Appendix B. SQL Communications (SQLCA)"
                  RenderBR {BR} at (274,13) size 0x0
                  RenderBR {BR} at (0,18) size 0x15
                  RenderInline {A} at (0,0) size 190x15 [color=#0000EE]
                    RenderText {#text} at (0,35) size 190x15
                      text run at (0,35) width 190: "Viewing the SQLCA Interactively"
                  RenderText {#text} at (190,35) size 4x15
                    text run at (190,35) width 4: " "
                  RenderBR {BR} at (194,47) size 0x0
                  RenderInline {A} at (0,0) size 152x15 [color=#0000EE]
                    RenderText {#text} at (0,52) size 152x15
                      text run at (0,52) width 152: "SQLCA Field Descriptions"
                  RenderText {#text} at (152,52) size 4x15
                    text run at (152,52) width 4: " "
                  RenderBR {BR} at (156,64) size 0x0
                  RenderInline {A} at (0,0) size 138x15 [color=#0000EE]
                    RenderText {#text} at (0,69) size 138x15
                      text run at (0,69) width 138: "Order of Error Reporting"
                  RenderText {#text} at (138,69) size 4x15
                    text run at (138,69) width 4: " "
                  RenderBR {BR} at (142,81) size 0x0
                  RenderInline {A} at (0,0) size 325x15 [color=#0000EE]
                    RenderText {#text} at (0,86) size 325x15
                      text run at (0,86) width 325: "DB2 Enterprise - Extended Edition Usage of the SQLCA"
                  RenderText {#text} at (0,0) size 0x0
                RenderBlock {P} at (0,8853) size 715x187
                  RenderInline {B} at (0,0) size 264x15
                    RenderInline {A} at (0,0) size 264x15 [color=#0000EE]
                      RenderText {#text} at (0,1) size 264x15
                        text run at (0,1) width 264: "Appendix C. SQL Descriptor Area (SQLDA)"
                  RenderBR {BR} at (264,13) size 0x0
                  RenderBR {BR} at (0,18) size 0x15
                  RenderInline {A} at (0,0) size 104x15 [color=#0000EE]
                    RenderText {#text} at (0,35) size 104x15
                      text run at (0,35) width 104: "Field Descriptions"
                  RenderText {#text} at (104,35) size 4x15
                    text run at (104,35) width 4: " "
                  RenderBR {BR} at (108,47) size 0x0
                  RenderInline {A} at (0,0) size 164x15 [color=#0000EE]
                    RenderText {#text} at (0,52) size 164x15
                      text run at (0,52) width 164: "Fields in the SQLDA Header"
                  RenderText {#text} at (164,52) size 4x15
                    text run at (164,52) width 4: " "
                  RenderBR {BR} at (168,64) size 0x0
                  RenderInline {A} at (0,0) size 255x15 [color=#0000EE]
                    RenderText {#text} at (0,69) size 255x15
                      text run at (0,69) width 255: "Fields in an Occurrence of a Base SQLVAR"
                  RenderText {#text} at (255,69) size 4x15
                    text run at (255,69) width 4: " "
                  RenderBR {BR} at (259,81) size 0x0
                  RenderInline {A} at (0,0) size 287x15 [color=#0000EE]
                    RenderText {#text} at (0,86) size 287x15
                      text run at (0,86) width 287: "Fields in an Occurrence of a Secondary SQLVAR"
                  RenderText {#text} at (287,86) size 4x15
                    text run at (287,86) width 4: " "
                  RenderBR {BR} at (291,98) size 0x0
                  RenderInline {A} at (0,0) size 209x15 [color=#0000EE]
                    RenderText {#text} at (0,103) size 209x15
                      text run at (0,103) width 209: "Effect of DESCRIBE on the SQLDA"
                  RenderText {#text} at (209,103) size 4x15
                    text run at (209,103) width 4: " "
                  RenderBR {BR} at (213,115) size 0x0
                  RenderInline {A} at (0,0) size 141x15 [color=#0000EE]
                    RenderText {#text} at (0,120) size 141x15
                      text run at (0,120) width 141: "SQLTYPE and SQLLEN"
                  RenderText {#text} at (141,120) size 4x15
                    text run at (141,120) width 4: " "
                  RenderBR {BR} at (145,132) size 0x0
                  RenderInline {A} at (0,0) size 255x15 [color=#0000EE]
                    RenderText {#text} at (0,137) size 255x15
                      text run at (0,137) width 255: "Unrecognized and Unsupported SQLTYPES"
                  RenderText {#text} at (255,137) size 4x15
                    text run at (255,137) width 4: " "
                  RenderBR {BR} at (259,149) size 0x0
                  RenderInline {A} at (0,0) size 151x15 [color=#0000EE]
                    RenderText {#text} at (0,154) size 151x15
                      text run at (0,154) width 151: "Packed Decimal Numbers"
                  RenderText {#text} at (151,154) size 4x15
                    text run at (151,154) width 4: " "
                  RenderBR {BR} at (155,166) size 0x0
                  RenderInline {A} at (0,0) size 153x15 [color=#0000EE]
                    RenderText {#text} at (0,171) size 153x15
                      text run at (0,171) width 153: "SQLLEN Field for Decimal"
                  RenderText {#text} at (0,0) size 0x0
                RenderBlock {P} at (0,9053) size 715x1241
                  RenderInline {B} at (0,0) size 168x15
                    RenderInline {A} at (0,0) size 168x15 [color=#0000EE]
                      RenderText {#text} at (0,1) size 168x15
                        text run at (0,1) width 168: "Appendix D. Catalog Views"
                  RenderBR {BR} at (168,13) size 0x0
                  RenderBR {BR} at (0,18) size 0x15
                  RenderInline {A} at (0,0) size 145x15 [color=#0000EE]
                    RenderText {#text} at (0,35) size 145x15
                      text run at (0,35) width 145: "Updatable Catalog Views"
                  RenderText {#text} at (145,35) size 4x15
                    text run at (145,35) width 4: " "
                  RenderBR {BR} at (149,47) size 0x0
                  RenderInline {A} at (0,0) size 161x15 [color=#0000EE]
                    RenderText {#text} at (0,52) size 161x15
                      text run at (0,52) width 161: "'Roadmap' to Catalog Views"
                  RenderText {#text} at (161,52) size 4x15
                    text run at (161,52) width 4: " "
                  RenderBR {BR} at (165,64) size 0x0
                  RenderInline {A} at (0,0) size 223x15 [color=#0000EE]
                    RenderText {#text} at (0,69) size 223x15
                      text run at (0,69) width 223: "'Roadmap' to Updatable Catalog Views"
                  RenderText {#text} at (223,69) size 4x15
                    text run at (223,69) width 4: " "
                  RenderBR {BR} at (227,81) size 0x0
                  RenderInline {A} at (0,0) size 138x15 [color=#0000EE]
                    RenderText {#text} at (0,86) size 138x15
                      text run at (0,86) width 138: "SYSIBM.SYSDUMMY1"
                  RenderText {#text} at (138,86) size 4x15
                    text run at (138,86) width 4: " "
                  RenderBR {BR} at (142,98) size 0x0
                  RenderInline {A} at (0,0) size 138x15 [color=#0000EE]
                    RenderText {#text} at (0,103) size 138x15
                      text run at (0,103) width 138: "SYSCAT.ATTRIBUTES"
                  RenderText {#text} at (138,103) size 4x15
                    text run at (138,103) width 4: " "
                  RenderBR {BR} at (142,115) size 0x0
                  RenderInline {A} at (0,0) size 190x15 [color=#0000EE]
                    RenderText {#text} at (0,120) size 190x15
                      text run at (0,120) width 190: "SYSCAT.BUFFERPOOLNODES"
                  RenderText {#text} at (190,120) size 4x15
                    text run at (190,120) width 4: " "
                  RenderBR {BR} at (194,132) size 0x0
                  RenderInline {A} at (0,0) size 153x15 [color=#0000EE]
                    RenderText {#text} at (0,137) size 153x15
                      text run at (0,137) width 153: "SYSCAT.BUFFERPOOLS"
                  RenderText {#text} at (153,137) size 4x15
                    text run at (153,137) width 4: " "
                  RenderBR {BR} at (157,149) size 0x0
                  RenderInline {A} at (0,0) size 166x15 [color=#0000EE]
                    RenderText {#text} at (0,154) size 166x15
                      text run at (0,154) width 166: "SYSCAT.CASTFUNCTIONS"
                  RenderText {#text} at (166,154) size 4x15
                    text run at (166,154) width 4: " "
                  RenderBR {BR} at (170,166) size 0x0
                  RenderInline {A} at (0,0) size 110x15 [color=#0000EE]
                    RenderText {#text} at (0,171) size 110x15
                      text run at (0,171) width 110: "SYSCAT.CHECKS"
                  RenderText {#text} at (110,171) size 4x15
                    text run at (110,171) width 4: " "
                  RenderBR {BR} at (114,183) size 0x0
                  RenderInline {A} at (0,0) size 117x15 [color=#0000EE]
                    RenderText {#text} at (0,188) size 117x15
                      text run at (0,188) width 117: "SYSCAT.COLAUTH"
                  RenderText {#text} at (117,188) size 4x15
                    text run at (117,188) width 4: " "
                  RenderBR {BR} at (121,200) size 0x0
                  RenderInline {A} at (0,0) size 136x15 [color=#0000EE]
                    RenderText {#text} at (0,205) size 136x15
                      text run at (0,205) width 136: "SYSCAT.COLCHECKS"
                  RenderText {#text} at (136,205) size 4x15
                    text run at (136,205) width 4: " "
                  RenderBR {BR} at (140,217) size 0x0
                  RenderInline {A} at (0,0) size 112x15 [color=#0000EE]
                    RenderText {#text} at (0,222) size 112x15
                      text run at (0,222) width 112: "SYSCAT.COLDIST"
                  RenderText {#text} at (112,222) size 4x15
                    text run at (112,222) width 4: " "
                  RenderBR {BR} at (116,234) size 0x0
                  RenderInline {A} at (0,0) size 141x15 [color=#0000EE]
                    RenderText {#text} at (0,239) size 141x15
                      text run at (0,239) width 141: "SYSCAT.COLOPTIONS"
                  RenderText {#text} at (141,239) size 4x15
                    text run at (141,239) width 4: " "
                  RenderBR {BR} at (145,251) size 0x0
                  RenderInline {A} at (0,0) size 120x15 [color=#0000EE]
                    RenderText {#text} at (0,256) size 120x15
                      text run at (0,256) width 120: "SYSCAT.COLUMNS"
                  RenderText {#text} at (120,256) size 4x15
                    text run at (120,256) width 4: " "
                  RenderBR {BR} at (124,268) size 0x0
                  RenderInline {A} at (0,0) size 128x15 [color=#0000EE]
                    RenderText {#text} at (0,273) size 128x15
                      text run at (0,273) width 128: "SYSCAT.CONSTDEP"
                  RenderText {#text} at (128,273) size 4x15
                    text run at (128,273) width 4: " "
                  RenderBR {BR} at (132,285) size 0x0
                  RenderInline {A} at (0,0) size 135x15 [color=#0000EE]
                    RenderText {#text} at (0,290) size 135x15
                      text run at (0,290) width 135: "SYSCAT.DATATYPES"
                  RenderText {#text} at (135,290) size 4x15
                    text run at (135,290) width 4: " "
                  RenderBR {BR} at (139,302) size 0x0
                  RenderInline {A} at (0,0) size 109x15 [color=#0000EE]
                    RenderText {#text} at (0,307) size 109x15
                      text run at (0,307) width 109: "SYSCAT.DBAUTH"
                  RenderText {#text} at (109,307) size 4x15
                    text run at (109,307) width 4: " "
                  RenderBR {BR} at (113,319) size 0x0
                  RenderInline {A} at (0,0) size 170x15 [color=#0000EE]
                    RenderText {#text} at (0,324) size 170x15
                      text run at (0,324) width 170: "SYSCAT.EVENTMONITORS"
                  RenderText {#text} at (170,324) size 4x15
                    text run at (170,324) width 4: " "
                  RenderBR {BR} at (174,336) size 0x0
                  RenderInline {A} at (0,0) size 109x15 [color=#0000EE]
                    RenderText {#text} at (0,341) size 109x15
                      text run at (0,341) width 109: "SYSCAT.EVENTS"
                  RenderText {#text} at (109,341) size 4x15
                    text run at (109,341) width 4: " "
                  RenderBR {BR} at (113,353) size 0x0
                  RenderInline {A} at (0,0) size 176x15 [color=#0000EE]
                    RenderText {#text} at (0,358) size 176x15
                      text run at (0,358) width 176: "SYSCAT.FULLHIERARCHIES"
                  RenderText {#text} at (176,358) size 4x15
                    text run at (176,358) width 4: " "
                  RenderBR {BR} at (180,370) size 0x0
                  RenderInline {A} at (0,0) size 118x15 [color=#0000EE]
                    RenderText {#text} at (0,375) size 118x15
                      text run at (0,375) width 118: "SYSCAT.FUNCDEP"
                  RenderText {#text} at (118,375) size 4x15
                    text run at (118,375) width 4: " "
                  RenderBR {BR} at (122,387) size 0x0
                  RenderInline {A} at (0,0) size 179x15 [color=#0000EE]
                    RenderText {#text} at (0,392) size 179x15
                      text run at (0,392) width 179: "SYSCAT.FUNCMAPOPTIONS"
                  RenderText {#text} at (179,392) size 4x15
                    text run at (179,392) width 4: " "
                  RenderBR {BR} at (183,404) size 0x0
                  RenderInline {A} at (0,0) size 217x15 [color=#0000EE]
                    RenderText {#text} at (0,409) size 217x15
                      text run at (0,409) width 217: "SYSCAT.FUNCMAPPARMOPTIONS"
                  RenderText {#text} at (217,409) size 4x15
                    text run at (217,409) width 4: " "
                  RenderBR {BR} at (221,421) size 0x0
                  RenderInline {A} at (0,0) size 161x15 [color=#0000EE]
                    RenderText {#text} at (0,426) size 161x15
                      text run at (0,426) width 161: "SYSCAT.FUNCMAPPINGS"
                  RenderText {#text} at (161,426) size 4x15
                    text run at (161,426) width 4: " "
                  RenderBR {BR} at (165,438) size 0x0
                  RenderInline {A} at (0,0) size 138x15 [color=#0000EE]
                    RenderText {#text} at (0,443) size 138x15
                      text run at (0,443) width 138: "SYSCAT.FUNCPARMS"
                  RenderText {#text} at (138,443) size 4x15
                    text run at (138,443) width 4: " "
                  RenderBR {BR} at (142,455) size 0x0
                  RenderInline {A} at (0,0) size 131x15 [color=#0000EE]
                    RenderText {#text} at (0,460) size 131x15
                      text run at (0,460) width 131: "SYSCAT.FUNCTIONS"
                  RenderText {#text} at (131,460) size 4x15
                    text run at (131,460) width 4: " "
                  RenderBR {BR} at (135,472) size 0x0
                  RenderInline {A} at (0,0) size 145x15 [color=#0000EE]
                    RenderText {#text} at (0,477) size 145x15
                      text run at (0,477) width 145: "SYSCAT.HIERARCHIES"
                  RenderText {#text} at (145,477) size 4x15
                    text run at (145,477) width 4: " "
                  RenderBR {BR} at (149,489) size 0x0
                  RenderInline {A} at (0,0) size 131x15 [color=#0000EE]
                    RenderText {#text} at (0,494) size 131x15
                      text run at (0,494) width 131: "SYSCAT.INDEXAUTH"
                  RenderText {#text} at (131,494) size 4x15
                    text run at (131,494) width 4: " "
                  RenderBR {BR} at (135,506) size 0x0
                  RenderInline {A} at (0,0) size 149x15 [color=#0000EE]
                    RenderText {#text} at (0,511) size 149x15
                      text run at (0,511) width 149: "SYSCAT.INDEXCOLUSE"
                  RenderText {#text} at (149,511) size 4x15
                    text run at (149,511) width 4: " "
                  RenderBR {BR} at (153,523) size 0x0
                  RenderInline {A} at (0,0) size 123x15 [color=#0000EE]
                    RenderText {#text} at (0,528) size 123x15
                      text run at (0,528) width 123: "SYSCAT.INDEXDEP"
                  RenderText {#text} at (123,528) size 4x15
                    text run at (123,528) width 4: " "
                  RenderBR {BR} at (127,540) size 0x0
                  RenderInline {A} at (0,0) size 114x15 [color=#0000EE]
                    RenderText {#text} at (0,545) size 114x15
                      text run at (0,545) width 114: "SYSCAT.INDEXES"
                  RenderText {#text} at (114,545) size 4x15
                    text run at (114,545) width 4: " "
                  RenderBR {BR} at (118,557) size 0x0
                  RenderInline {A} at (0,0) size 155x15 [color=#0000EE]
                    RenderText {#text} at (0,562) size 155x15
                      text run at (0,562) width 155: "SYSCAT.INDEXOPTIONS"
                  RenderText {#text} at (155,562) size 4x15
                    text run at (155,562) width 4: " "
                  RenderBR {BR} at (159,574) size 0x0
                  RenderInline {A} at (0,0) size 136x15 [color=#0000EE]
                    RenderText {#text} at (0,579) size 136x15
                      text run at (0,579) width 136: "SYSCAT.KEYCOLUSE"
                  RenderText {#text} at (136,579) size 4x15
                    text run at (136,579) width 4: " "
                  RenderBR {BR} at (140,591) size 0x0
                  RenderInline {A} at (0,0) size 164x15 [color=#0000EE]
                    RenderText {#text} at (0,596) size 164x15
                      text run at (0,596) width 164: "SYSCAT.NAMEMAPPINGS"
                  RenderText {#text} at (164,596) size 4x15
                    text run at (164,596) width 4: " "
                  RenderBR {BR} at (168,608) size 0x0
                  RenderInline {A} at (0,0) size 166x15 [color=#0000EE]
                    RenderText {#text} at (0,613) size 166x15
                      text run at (0,613) width 166: "SYSCAT.NODEGROUPDEF"
                  RenderText {#text} at (166,613) size 4x15
                    text run at (166,613) width 4: " "
                  RenderBR {BR} at (170,625) size 0x0
                  RenderInline {A} at (0,0) size 149x15 [color=#0000EE]
                    RenderText {#text} at (0,630) size 149x15
                      text run at (0,630) width 149: "SYSCAT.NODEGROUPS"
                  RenderText {#text} at (149,630) size 4x15
                    text run at (149,630) width 4: " "
                  RenderBR {BR} at (153,642) size 0x0
                  RenderInline {A} at (0,0) size 155x15 [color=#0000EE]
                    RenderText {#text} at (0,647) size 155x15
                      text run at (0,647) width 155: "SYSCAT.PACKAGEAUTH"
                  RenderText {#text} at (155,647) size 4x15
                    text run at (155,647) width 4: " "
                  RenderBR {BR} at (159,659) size 0x0
                  RenderInline {A} at (0,0) size 147x15 [color=#0000EE]
                    RenderText {#text} at (0,664) size 147x15
                      text run at (0,664) width 147: "SYSCAT.PACKAGEDEP"
                  RenderText {#text} at (147,664) size 4x15
                    text run at (147,664) width 4: " "
                  RenderBR {BR} at (151,676) size 0x0
                  RenderInline {A} at (0,0) size 129x15 [color=#0000EE]
                    RenderText {#text} at (0,681) size 129x15
                      text run at (0,681) width 129: "SYSCAT.PACKAGES"
                  RenderText {#text} at (129,681) size 4x15
                    text run at (129,681) width 4: " "
                  RenderBR {BR} at (133,693) size 0x0
                  RenderInline {A} at (0,0) size 164x15 [color=#0000EE]
                    RenderText {#text} at (0,698) size 164x15
                      text run at (0,698) width 164: "SYSCAT.PARTITIONMAPS"
                  RenderText {#text} at (164,698) size 4x15
                    text run at (164,698) width 4: " "
                  RenderBR {BR} at (168,710) size 0x0
                  RenderInline {A} at (0,0) size 162x15 [color=#0000EE]
                    RenderText {#text} at (0,715) size 162x15
                      text run at (0,715) width 162: "SYSCAT.PASSTHRUAUTH"
                  RenderText {#text} at (162,715) size 4x15
                    text run at (162,715) width 4: " "
                  RenderBR {BR} at (166,727) size 0x0
                  RenderInline {A} at (0,0) size 147x15 [color=#0000EE]
                    RenderText {#text} at (0,732) size 147x15
                      text run at (0,732) width 147: "SYSCAT.PROCEDURES"
                  RenderText {#text} at (147,732) size 4x15
                    text run at (147,732) width 4: " "
                  RenderBR {BR} at (151,744) size 0x0
                  RenderInline {A} at (0,0) size 152x15 [color=#0000EE]
                    RenderText {#text} at (0,749) size 152x15
                      text run at (0,749) width 152: "SYSCAT.PROCOPTIONS"
                  RenderText {#text} at (152,749) size 4x15
                    text run at (152,749) width 4: " "
                  RenderBR {BR} at (156,761) size 0x0
                  RenderInline {A} at (0,0) size 190x15 [color=#0000EE]
                    RenderText {#text} at (0,766) size 190x15
                      text run at (0,766) width 190: "SYSCAT.PROCPARMOPTIONS"
                  RenderText {#text} at (190,766) size 4x15
                    text run at (190,766) width 4: " "
                  RenderBR {BR} at (194,778) size 0x0
                  RenderInline {A} at (0,0) size 140x15 [color=#0000EE]
                    RenderText {#text} at (0,783) size 140x15
                      text run at (0,783) width 140: "SYSCAT.PROCPARMS"
                  RenderText {#text} at (140,783) size 4x15
                    text run at (140,783) width 4: " "
                  RenderBR {BR} at (144,795) size 0x0
                  RenderInline {A} at (0,0) size 145x15 [color=#0000EE]
                    RenderText {#text} at (0,800) size 145x15
                      text run at (0,800) width 145: "SYSCAT.REFERENCES"
                  RenderText {#text} at (145,800) size 4x15
                    text run at (145,800) width 4: " "
                  RenderBR {BR} at (149,812) size 0x0
                  RenderInline {A} at (0,0) size 188x15 [color=#0000EE]
                    RenderText {#text} at (0,817) size 188x15
                      text run at (0,817) width 188: "SYSCAT.REVTYPEMAPPINGS"
                  RenderText {#text} at (188,817) size 4x15
                    text run at (188,817) width 4: " "
                  RenderBR {BR} at (192,829) size 0x0
                  RenderInline {A} at (0,0) size 147x15 [color=#0000EE]
                    RenderText {#text} at (0,834) size 147x15
                      text run at (0,834) width 147: "SYSCAT.SCHEMAAUTH"
                  RenderText {#text} at (147,834) size 4x15
                    text run at (147,834) width 4: " "
                  RenderBR {BR} at (151,846) size 0x0
                  RenderInline {A} at (0,0) size 129x15 [color=#0000EE]
                    RenderText {#text} at (0,851) size 129x15
                      text run at (0,851) width 129: "SYSCAT.SCHEMATA"
                  RenderText {#text} at (129,851) size 4x15
                    text run at (129,851) width 4: " "
                  RenderBR {BR} at (133,863) size 0x0
                  RenderInline {A} at (0,0) size 169x15 [color=#0000EE]
                    RenderText {#text} at (0,868) size 169x15
                      text run at (0,868) width 169: "SYSCAT.SERVEROPTIONS"
                  RenderText {#text} at (169,868) size 4x15
                    text run at (169,868) width 4: " "
                  RenderBR {BR} at (173,880) size 0x0
                  RenderInline {A} at (0,0) size 119x15 [color=#0000EE]
                    RenderText {#text} at (0,885) size 119x15
                      text run at (0,885) width 119: "SYSCAT.SERVERS"
                  RenderText {#text} at (119,885) size 4x15
                    text run at (119,885) width 4: " "
                  RenderBR {BR} at (123,897) size 0x0
                  RenderInline {A} at (0,0) size 145x15 [color=#0000EE]
                    RenderText {#text} at (0,902) size 145x15
                      text run at (0,902) width 145: "SYSCAT.STATEMENTS"
                  RenderText {#text} at (145,902) size 4x15
                    text run at (145,902) width 4: " "
                  RenderBR {BR} at (149,914) size 0x0
                  RenderInline {A} at (0,0) size 117x15 [color=#0000EE]
                    RenderText {#text} at (0,919) size 117x15
                      text run at (0,919) width 117: "SYSCAT.TABAUTH"
                  RenderText {#text} at (117,919) size 4x15
                    text run at (117,919) width 4: " "
                  RenderBR {BR} at (121,931) size 0x0
                  RenderInline {A} at (0,0) size 127x15 [color=#0000EE]
                    RenderText {#text} at (0,936) size 127x15
                      text run at (0,936) width 127: "SYSCAT.TABCONST"
                  RenderText {#text} at (127,936) size 4x15
                    text run at (127,936) width 4: " "
                  RenderBR {BR} at (131,948) size 0x0
                  RenderInline {A} at (0,0) size 107x15 [color=#0000EE]
                    RenderText {#text} at (0,953) size 107x15
                      text run at (0,953) width 107: "SYSCAT.TABLES"
                  RenderText {#text} at (107,953) size 4x15
                    text run at (107,953) width 4: " "
                  RenderBR {BR} at (111,965) size 0x0
                  RenderInline {A} at (0,0) size 152x15 [color=#0000EE]
                    RenderText {#text} at (0,970) size 152x15
                      text run at (0,970) width 152: "SYSCAT.TABLESPACES"
                  RenderText {#text} at (152,970) size 4x15
                    text run at (152,970) width 4: " "
                  RenderBR {BR} at (156,982) size 0x0
                  RenderInline {A} at (0,0) size 141x15 [color=#0000EE]
                    RenderText {#text} at (0,987) size 141x15
                      text run at (0,987) width 141: "SYSCAT.TABOPTIONS"
                  RenderText {#text} at (141,987) size 4x15
                    text run at (141,987) width 4: " "
                  RenderBR {BR} at (145,999) size 0x0
                  RenderInline {A} at (0,0) size 153x15 [color=#0000EE]
                    RenderText {#text} at (0,1004) size 153x15
                      text run at (0,1004) width 153: "SYSCAT.TBSPACEAUTH"
                  RenderText {#text} at (153,1004) size 4x15
                    text run at (153,1004) width 4: " "
                  RenderBR {BR} at (157,1016) size 0x0
                  RenderInline {A} at (0,0) size 114x15 [color=#0000EE]
                    RenderText {#text} at (0,1021) size 114x15
                      text run at (0,1021) width 114: "SYSCAT.TRIGDEP"
                  RenderText {#text} at (114,1021) size 4x15
                    text run at (114,1021) width 4: " "
                  RenderBR {BR} at (118,1033) size 0x0
                  RenderInline {A} at (0,0) size 124x15 [color=#0000EE]
                    RenderText {#text} at (0,1038) size 124x15
                      text run at (0,1038) width 124: "SYSCAT.TRIGGERS"
                  RenderText {#text} at (124,1038) size 4x15
                    text run at (124,1038) width 4: " "
                  RenderBR {BR} at (128,1050) size 0x0
                  RenderInline {A} at (0,0) size 161x15 [color=#0000EE]
                    RenderText {#text} at (0,1055) size 161x15
                      text run at (0,1055) width 161: "SYSCAT.TYPEMAPPINGS"
                  RenderText {#text} at (161,1055) size 4x15
                    text run at (161,1055) width 4: " "
                  RenderBR {BR} at (165,1067) size 0x0
                  RenderInline {A} at (0,0) size 151x15 [color=#0000EE]
                    RenderText {#text} at (0,1072) size 151x15
                      text run at (0,1072) width 151: "SYSCAT.USEROPTIONS"
                  RenderText {#text} at (151,1072) size 4x15
                    text run at (151,1072) width 4: " "
                  RenderBR {BR} at (155,1084) size 0x0
                  RenderInline {A} at (0,0) size 117x15 [color=#0000EE]
                    RenderText {#text} at (0,1089) size 117x15
                      text run at (0,1089) width 117: "SYSCAT.VIEWDEP"
                  RenderText {#text} at (117,1089) size 4x15
                    text run at (117,1089) width 4: " "
                  RenderBR {BR} at (121,1101) size 0x0
                  RenderInline {A} at (0,0) size 99x15 [color=#0000EE]
                    RenderText {#text} at (0,1106) size 99x15
                      text run at (0,1106) width 99: "SYSCAT.VIEWS"
                  RenderText {#text} at (99,1106) size 4x15
                    text run at (99,1106) width 4: " "
                  RenderBR {BR} at (103,1118) size 0x0
                  RenderInline {A} at (0,0) size 154x15 [color=#0000EE]
                    RenderText {#text} at (0,1123) size 154x15
                      text run at (0,1123) width 154: "SYSCAT.WRAPOPTIONS"
                  RenderText {#text} at (154,1123) size 4x15
                    text run at (154,1123) width 4: " "
                  RenderBR {BR} at (158,1135) size 0x0
                  RenderInline {A} at (0,0) size 131x15 [color=#0000EE]
                    RenderText {#text} at (0,1140) size 131x15
                      text run at (0,1140) width 131: "SYSCAT.WRAPPERS"
                  RenderText {#text} at (131,1140) size 4x15
                    text run at (131,1140) width 4: " "
                  RenderBR {BR} at (135,1152) size 0x0
                  RenderInline {A} at (0,0) size 120x15 [color=#0000EE]
                    RenderText {#text} at (0,1157) size 120x15
                      text run at (0,1157) width 120: "SYSSTAT.COLDIST"
                  RenderText {#text} at (120,1157) size 4x15
                    text run at (120,1157) width 4: " "
                  RenderBR {BR} at (124,1169) size 0x0
                  RenderInline {A} at (0,0) size 128x15 [color=#0000EE]
                    RenderText {#text} at (0,1174) size 128x15
                      text run at (0,1174) width 128: "SYSSTAT.COLUMNS"
                  RenderText {#text} at (128,1174) size 4x15
                    text run at (128,1174) width 4: " "
                  RenderBR {BR} at (132,1186) size 0x0
                  RenderInline {A} at (0,0) size 139x15 [color=#0000EE]
                    RenderText {#text} at (0,1191) size 139x15
                      text run at (0,1191) width 139: "SYSSTAT.FUNCTIONS"
                  RenderText {#text} at (139,1191) size 4x15
                    text run at (139,1191) width 4: " "
                  RenderBR {BR} at (143,1203) size 0x0
                  RenderInline {A} at (0,0) size 122x15 [color=#0000EE]
                    RenderText {#text} at (0,1208) size 122x15
                      text run at (0,1208) width 122: "SYSSTAT.INDEXES"
                  RenderText {#text} at (122,1208) size 4x15
                    text run at (122,1208) width 4: " "
                  RenderBR {BR} at (126,1220) size 0x0
                  RenderInline {A} at (0,0) size 115x15 [color=#0000EE]
                    RenderText {#text} at (0,1225) size 115x15
                      text run at (0,1225) width 115: "SYSSTAT.TABLES"
                  RenderText {#text} at (0,0) size 0x0
                RenderBlock {P} at (0,10307) size 715x187
                  RenderInline {B} at (0,0) size 362x15
                    RenderInline {A} at (0,0) size 362x15 [color=#0000EE]
                      RenderText {#text} at (0,1) size 362x15
                        text run at (0,1) width 362: "Appendix E. Catalog Views For Use With Structured Types"
                  RenderBR {BR} at (362,13) size 0x0
                  RenderBR {BR} at (0,18) size 0x15
                  RenderInline {A} at (0,0) size 161x15 [color=#0000EE]
                    RenderText {#text} at (0,35) size 161x15
                      text run at (0,35) width 161: "'Roadmap' to Catalog Views"
                  RenderText {#text} at (161,35) size 4x15
                    text run at (161,35) width 4: " "
                  RenderBR {BR} at (165,47) size 0x0
                  RenderInline {A} at (0,0) size 113x15 [color=#0000EE]
                    RenderText {#text} at (0,52) size 113x15
                      text run at (0,52) width 113: "OBJCAT.INDEXES"
                  RenderText {#text} at (113,52) size 4x15
                    text run at (113,52) width 4: " "
                  RenderBR {BR} at (117,64) size 0x0
                  RenderInline {A} at (0,0) size 194x15 [color=#0000EE]
                    RenderText {#text} at (0,69) size 194x15
                      text run at (0,69) width 194: "OBJCAT.INDEXEXPLOITRULES"
                  RenderText {#text} at (194,69) size 4x15
                    text run at (194,69) width 4: " "
                  RenderBR {BR} at (198,81) size 0x0
                  RenderInline {A} at (0,0) size 198x15 [color=#0000EE]
                    RenderText {#text} at (0,86) size 198x15
                      text run at (0,86) width 198: "OBJCAT.INDEXEXTENSIONDEP"
                  RenderText {#text} at (198,86) size 4x15
                    text run at (198,86) width 4: " "
                  RenderBR {BR} at (202,98) size 0x0
                  RenderInline {A} at (0,0) size 236x15 [color=#0000EE]
                    RenderText {#text} at (0,103) size 236x15
                      text run at (0,103) width 236: "OBJCAT.INDEXEXTENSIONMETHODS"
                  RenderText {#text} at (236,103) size 4x15
                    text run at (236,103) width 4: " "
                  RenderBR {BR} at (240,115) size 0x0
                  RenderInline {A} at (0,0) size 218x15 [color=#0000EE]
                    RenderText {#text} at (0,120) size 218x15
                      text run at (0,120) width 218: "OBJCAT.INDEXEXTENSIONPARMS"
                  RenderText {#text} at (218,120) size 4x15
                    text run at (218,120) width 4: " "
                  RenderBR {BR} at (222,132) size 0x0
                  RenderInline {A} at (0,0) size 180x15 [color=#0000EE]
                    RenderText {#text} at (0,137) size 180x15
                      text run at (0,137) width 180: "OBJCAT.INDEXEXTENSIONS"
                  RenderText {#text} at (180,137) size 4x15
                    text run at (180,137) width 4: " "
                  RenderBR {BR} at (184,149) size 0x0
                  RenderInline {A} at (0,0) size 175x15 [color=#0000EE]
                    RenderText {#text} at (0,154) size 175x15
                      text run at (0,154) width 175: "OBJCAT.PREDICATESPECS"
                  RenderText {#text} at (175,154) size 4x15
                    text run at (175,154) width 4: " "
                  RenderBR {BR} at (179,166) size 0x0
                  RenderInline {A} at (0,0) size 146x15 [color=#0000EE]
                    RenderText {#text} at (0,171) size 146x15
                      text run at (0,171) width 146: "OBJCAT.TRANSFORMS"
                  RenderText {#text} at (0,0) size 0x0
                RenderBlock {P} at (0,10507) size 715x272
                  RenderInline {B} at (0,0) size 196x15
                    RenderInline {A} at (0,0) size 196x15 [color=#0000EE]
                      RenderText {#text} at (0,1) size 196x15
                        text run at (0,1) width 196: "Appendix F. Federated Systems"
                  RenderBR {BR} at (196,13) size 0x0
                  RenderBR {BR} at (0,18) size 0x15
                  RenderInline {A} at (0,0) size 78x15 [color=#0000EE]
                    RenderText {#text} at (0,35) size 78x15
                      text run at (0,35) width 78: "Server Types"
                  RenderText {#text} at (78,35) size 4x15
                    text run at (78,35) width 4: " "
                  RenderBR {BR} at (82,47) size 0x0
                  RenderInline {A} at (0,0) size 212x15 [color=#0000EE]
                    RenderText {#text} at (0,52) size 212x15
                      text run at (0,52) width 212: "SQL Options for Federated Systems"
                  RenderText {#text} at (212,52) size 4x15
                    text run at (212,52) width 4: " "
                  RenderBR {BR} at (216,64) size 0x0
                  RenderInline {A} at (0,0) size 93x15 [color=#0000EE]
                    RenderText {#text} at (0,69) size 93x15
                      text run at (0,69) width 93: "Column Options"
                  RenderText {#text} at (93,69) size 4x15
                    text run at (93,69) width 4: " "
                  RenderBR {BR} at (97,81) size 0x0
                  RenderInline {A} at (0,0) size 152x15 [color=#0000EE]
                    RenderText {#text} at (0,86) size 152x15
                      text run at (0,86) width 152: "Function Mapping Options"
                  RenderText {#text} at (152,86) size 4x15
                    text run at (152,86) width 4: " "
                  RenderBR {BR} at (156,98) size 0x0
                  RenderInline {A} at (0,0) size 87x15 [color=#0000EE]
                    RenderText {#text} at (0,103) size 87x15
                      text run at (0,103) width 87: "Server Options"
                  RenderText {#text} at (87,103) size 4x15
                    text run at (87,103) width 4: " "
                  RenderBR {BR} at (91,115) size 0x0
                  RenderInline {A} at (0,0) size 76x15 [color=#0000EE]
                    RenderText {#text} at (0,120) size 76x15
                      text run at (0,120) width 76: "User Options"
                  RenderText {#text} at (76,120) size 4x15
                    text run at (76,120) width 4: " "
                  RenderBR {BR} at (80,132) size 0x0
                  RenderInline {A} at (0,0) size 165x15 [color=#0000EE]
                    RenderText {#text} at (0,137) size 165x15
                      text run at (0,137) width 165: "Default Data Type Mappings"
                  RenderText {#text} at (165,137) size 4x15
                    text run at (165,137) width 4: " "
                  RenderBR {BR} at (169,149) size 0x0
                  RenderInline {A} at (0,0) size 681x15 [color=#0000EE]
                    RenderText {#text} at (0,154) size 681x15
                      text run at (0,154) width 681: "Default Type Mappings between DB2 and DB2 Universal Database for OS/390 (and DB2 for MVS/ESA) Data Sources"
                  RenderText {#text} at (681,154) size 4x15
                    text run at (681,154) width 4: " "
                  RenderBR {BR} at (685,166) size 0x0
                  RenderInline {A} at (0,0) size 647x15 [color=#0000EE]
                    RenderText {#text} at (0,171) size 647x15
                      text run at (0,171) width 647: "Default Type Mappings between DB2 and 2 Universal Database for AS/400 (and DB2 for OS/400) Data Sources"
                  RenderText {#text} at (647,171) size 4x15
                    text run at (647,171) width 4: " "
                  RenderBR {BR} at (651,183) size 0x0
                  RenderInline {A} at (0,0) size 365x15 [color=#0000EE]
                    RenderText {#text} at (0,188) size 365x15
                      text run at (0,188) width 365: "Default Type Mappings between DB2 and Oracle Data Sources"
                  RenderText {#text} at (365,188) size 4x15
                    text run at (365,188) width 4: " "
                  RenderBR {BR} at (369,200) size 0x0
                  RenderInline {A} at (0,0) size 536x15 [color=#0000EE]
                    RenderText {#text} at (0,205) size 536x15
                      text run at (0,205) width 536: "Default Type Mappings between DB2 and DB2 for VM and VSE (and SQL/DS) Data Sources"
                  RenderText {#text} at (536,205) size 4x15
                    text run at (536,205) width 4: " "
                  RenderBR {BR} at (540,217) size 0x0
                  RenderInline {A} at (0,0) size 196x15 [color=#0000EE]
                    RenderText {#text} at (0,222) size 196x15
                      text run at (0,222) width 196: "Pass-Through Facility Processing"
                  RenderText {#text} at (196,222) size 4x15
                    text run at (196,222) width 4: " "
                  RenderBR {BR} at (200,234) size 0x0
                  RenderInline {A} at (0,0) size 252x15 [color=#0000EE]
                    RenderText {#text} at (0,239) size 252x15
                      text run at (0,239) width 252: "SQL Processing in Pass-Through Sessions"
                  RenderText {#text} at (252,239) size 4x15
                    text run at (252,239) width 4: " "
                  RenderBR {BR} at (256,251) size 0x0
                  RenderInline {A} at (0,0) size 184x15 [color=#0000EE]
                    RenderText {#text} at (0,256) size 184x15
                      text run at (0,256) width 184: "Considerations and Restrictions"
                  RenderText {#text} at (0,0) size 0x0
                RenderBlock {P} at (0,10792) size 715x442
                  RenderInline {B} at (0,0) size 233x15
                    RenderInline {A} at (0,0) size 233x15 [color=#0000EE]
                      RenderText {#text} at (0,1) size 233x15
                        text run at (0,1) width 233: "Appendix G. Sample Database Tables"
                  RenderBR {BR} at (233,13) size 0x0
                  RenderBR {BR} at (0,18) size 0x15
                  RenderInline {A} at (0,0) size 129x15 [color=#0000EE]
                    RenderText {#text} at (0,35) size 129x15
                      text run at (0,35) width 129: "The Sample Database"
                  RenderText {#text} at (129,35) size 4x15
                    text run at (129,35) width 4: " "
                  RenderBR {BR} at (133,47) size 0x0
                  RenderInline {A} at (0,0) size 185x15 [color=#0000EE]
                    RenderText {#text} at (0,52) size 185x15
                      text run at (0,52) width 185: "To Create the Sample Database"
                  RenderText {#text} at (185,52) size 4x15
                    text run at (185,52) width 4: " "
                  RenderBR {BR} at (189,64) size 0x0
                  RenderInline {A} at (0,0) size 181x15 [color=#0000EE]
                    RenderText {#text} at (0,69) size 181x15
                      text run at (0,69) width 181: "To Erase the Sample Database"
                  RenderText {#text} at (181,69) size 4x15
                    text run at (181,69) width 4: " "
                  RenderBR {BR} at (185,81) size 0x0
                  RenderInline {A} at (0,0) size 103x15 [color=#0000EE]
                    RenderText {#text} at (0,86) size 103x15
                      text run at (0,86) width 103: "CL_SCHED Table"
                  RenderText {#text} at (103,86) size 4x15
                    text run at (103,86) width 4: " "
                  RenderBR {BR} at (107,98) size 0x0
                  RenderInline {A} at (0,0) size 125x15 [color=#0000EE]
                    RenderText {#text} at (0,103) size 125x15
                      text run at (0,103) width 125: "DEPARTMENT Table"
                  RenderText {#text} at (125,103) size 4x15
                    text run at (125,103) width 4: " "
                  RenderBR {BR} at (129,115) size 0x0
                  RenderInline {A} at (0,0) size 108x15 [color=#0000EE]
                    RenderText {#text} at (0,120) size 108x15
                      text run at (0,120) width 108: "EMPLOYEE Table"
                  RenderText {#text} at (108,120) size 4x15
                    text run at (108,120) width 4: " "
                  RenderBR {BR} at (112,132) size 0x0
                  RenderInline {A} at (0,0) size 97x15 [color=#0000EE]
                    RenderText {#text} at (0,137) size 97x15
                      text run at (0,137) width 97: "EMP_ACT Table"
                  RenderText {#text} at (97,137) size 4x15
                    text run at (97,137) width 4: " "
                  RenderBR {BR} at (101,149) size 0x0
                  RenderInline {A} at (0,0) size 117x15 [color=#0000EE]
                    RenderText {#text} at (0,154) size 117x15
                      text run at (0,154) width 117: "EMP_PHOTO Table"
                  RenderText {#text} at (117,154) size 4x15
                    text run at (117,154) width 4: " "
                  RenderBR {BR} at (121,166) size 0x0
                  RenderInline {A} at (0,0) size 127x15 [color=#0000EE]
                    RenderText {#text} at (0,171) size 127x15
                      text run at (0,171) width 127: "EMP_RESUME Table"
                  RenderText {#text} at (127,171) size 4x15
                    text run at (127,171) width 4: " "
                  RenderBR {BR} at (131,183) size 0x0
                  RenderInline {A} at (0,0) size 90x15 [color=#0000EE]
                    RenderText {#text} at (0,188) size 90x15
                      text run at (0,188) width 90: "IN_TRAY Table"
                  RenderText {#text} at (90,188) size 4x15
                    text run at (90,188) width 4: " "
                  RenderBR {BR} at (94,200) size 0x0
                  RenderInline {A} at (0,0) size 64x15 [color=#0000EE]
                    RenderText {#text} at (0,205) size 64x15
                      text run at (0,205) width 64: "ORG Table"
                  RenderText {#text} at (64,205) size 4x15
                    text run at (64,205) width 4: " "
                  RenderBR {BR} at (68,217) size 0x0
                  RenderInline {A} at (0,0) size 96x15 [color=#0000EE]
                    RenderText {#text} at (0,222) size 96x15
                      text run at (0,222) width 96: "PROJECT Table"
                  RenderText {#text} at (96,222) size 4x15
                    text run at (96,222) width 4: " "
                  RenderBR {BR} at (100,234) size 0x0
                  RenderInline {A} at (0,0) size 78x15 [color=#0000EE]
                    RenderText {#text} at (0,239) size 78x15
                      text run at (0,239) width 78: "SALES Table"
                  RenderText {#text} at (78,239) size 4x15
                    text run at (78,239) width 4: " "
                  RenderBR {BR} at (82,251) size 0x0
                  RenderInline {A} at (0,0) size 77x15 [color=#0000EE]
                    RenderText {#text} at (0,256) size 77x15
                      text run at (0,256) width 77: "STAFF Table"
                  RenderText {#text} at (77,256) size 4x15
                    text run at (77,256) width 4: " "
                  RenderBR {BR} at (81,268) size 0x0
                  RenderInline {A} at (0,0) size 87x15 [color=#0000EE]
                    RenderText {#text} at (0,273) size 87x15
                      text run at (0,273) width 87: "STAFFG Table"
                  RenderText {#text} at (87,273) size 4x15
                    text run at (87,273) width 4: " "
                  RenderBR {BR} at (91,285) size 0x0
                  RenderInline {A} at (0,0) size 270x15 [color=#0000EE]
                    RenderText {#text} at (0,290) size 270x15
                      text run at (0,290) width 270: "Sample Files with BLOB and CLOB Data Type"
                  RenderText {#text} at (270,290) size 4x15
                    text run at (270,290) width 4: " "
                  RenderBR {BR} at (274,302) size 0x0
                  RenderInline {A} at (0,0) size 90x15 [color=#0000EE]
                    RenderText {#text} at (0,307) size 90x15
                      text run at (0,307) width 90: "Quintana Photo"
                  RenderText {#text} at (90,307) size 4x15
                    text run at (90,307) width 4: " "
                  RenderBR {BR} at (94,319) size 0x0
                  RenderInline {A} at (0,0) size 104x15 [color=#0000EE]
                    RenderText {#text} at (0,324) size 104x15
                      text run at (0,324) width 104: "Quintana Resume"
                  RenderText {#text} at (104,324) size 4x15
                    text run at (104,324) width 4: " "
                  RenderBR {BR} at (108,336) size 0x0
                  RenderInline {A} at (0,0) size 84x15 [color=#0000EE]
                    RenderText {#text} at (0,341) size 84x15
                      text run at (0,341) width 84: "Nicholls Photo"
                  RenderText {#text} at (84,341) size 4x15
                    text run at (84,341) width 4: " "
                  RenderBR {BR} at (88,353) size 0x0
                  RenderInline {A} at (0,0) size 98x15 [color=#0000EE]
                    RenderText {#text} at (0,358) size 98x15
                      text run at (0,358) width 98: "Nicholls Resume"
                  RenderText {#text} at (98,358) size 4x15
                    text run at (98,358) width 4: " "
                  RenderBR {BR} at (102,370) size 0x0
                  RenderInline {A} at (0,0) size 94x15 [color=#0000EE]
                    RenderText {#text} at (0,375) size 94x15
                      text run at (0,375) width 94: "Adamson Photo"
                  RenderText {#text} at (94,375) size 4x15
                    text run at (94,375) width 4: " "
                  RenderBR {BR} at (98,387) size 0x0
                  RenderInline {A} at (0,0) size 108x15 [color=#0000EE]
                    RenderText {#text} at (0,392) size 108x15
                      text run at (0,392) width 108: "Adamson Resume"
                  RenderText {#text} at (108,392) size 4x15
                    text run at (108,392) width 4: " "
                  RenderBR {BR} at (112,404) size 0x0
                  RenderInline {A} at (0,0) size 78x15 [color=#0000EE]
                    RenderText {#text} at (0,409) size 78x15
                      text run at (0,409) width 78: "Walker Photo"
                  RenderText {#text} at (78,409) size 4x15
                    text run at (78,409) width 4: " "
                  RenderBR {BR} at (82,421) size 0x0
                  RenderInline {A} at (0,0) size 92x15 [color=#0000EE]
                    RenderText {#text} at (0,426) size 92x15
                      text run at (0,426) width 92: "Walker Resume"
                  RenderText {#text} at (0,0) size 0x0
                RenderBlock {P} at (0,11247) size 715x102
                  RenderInline {B} at (0,0) size 369x15
                    RenderInline {A} at (0,0) size 369x15 [color=#0000EE]
                      RenderText {#text} at (0,1) size 369x15
                        text run at (0,1) width 369: "Appendix H. Reserved Schema Names and Reserved Words"
                  RenderBR {BR} at (369,13) size 0x0
                  RenderBR {BR} at (0,18) size 0x15
                  RenderInline {A} at (0,0) size 114x15 [color=#0000EE]
                    RenderText {#text} at (0,35) size 114x15
                      text run at (0,35) width 114: "Reserved Schemas"
                  RenderText {#text} at (114,35) size 4x15
                    text run at (114,35) width 4: " "
                  RenderBR {BR} at (118,47) size 0x0
                  RenderInline {A} at (0,0) size 96x15 [color=#0000EE]
                    RenderText {#text} at (0,52) size 96x15
                      text run at (0,52) width 96: "Reserved Words"
                  RenderText {#text} at (96,52) size 4x15
                    text run at (96,52) width 4: " "
                  RenderBR {BR} at (100,64) size 0x0
                  RenderInline {A} at (0,0) size 154x15 [color=#0000EE]
                    RenderText {#text} at (0,69) size 154x15
                      text run at (0,69) width 154: "IBM SQL Reserved Words"
                  RenderText {#text} at (154,69) size 4x15
                    text run at (154,69) width 4: " "
                  RenderBR {BR} at (158,81) size 0x0
                  RenderInline {A} at (0,0) size 198x15 [color=#0000EE]
                    RenderText {#text} at (0,86) size 198x15
                      text run at (0,86) width 198: "ISO/ANS SQL92 Reserved Words"
                  RenderText {#text} at (0,0) size 0x0
                RenderBlock {P} at (0,11362) size 715x17
                  RenderInline {B} at (0,0) size 269x15
                    RenderInline {A} at (0,0) size 269x15 [color=#0000EE]
                      RenderText {#text} at (0,1) size 269x15
                        text run at (0,1) width 269: "Appendix I. Comparison of Isolation Levels"
                  RenderBR {BR} at (269,13) size 0x0
                RenderBlock {P} at (0,11392) size 715x17
                  RenderInline {B} at (0,0) size 318x15
                    RenderInline {A} at (0,0) size 318x15 [color=#0000EE]
                      RenderText {#text} at (0,1) size 318x15
                        text run at (0,1) width 318: "Appendix J. Interaction of Triggers and Constraints"
                  RenderBR {BR} at (318,13) size 0x0
                RenderBlock {P} at (0,11422) size 715x357
                  RenderInline {B} at (0,0) size 270x15
                    RenderInline {A} at (0,0) size 270x15 [color=#0000EE]
                      RenderText {#text} at (0,1) size 270x15
                        text run at (0,1) width 270: "Appendix K. Explain Tables and Definitions"
                  RenderBR {BR} at (270,13) size 0x0
                  RenderBR {BR} at (0,18) size 0x15
                  RenderInline {A} at (0,0) size 172x15 [color=#0000EE]
                    RenderText {#text} at (0,35) size 172x15
                      text run at (0,35) width 172: "EXPLAIN_ARGUMENT Table"
                  RenderText {#text} at (172,35) size 4x15
                    text run at (172,35) width 4: " "
                  RenderBR {BR} at (176,47) size 0x0
                  RenderInline {A} at (0,0) size 164x15 [color=#0000EE]
                    RenderText {#text} at (0,52) size 164x15
                      text run at (0,52) width 164: "EXPLAIN_INSTANCE Table"
                  RenderText {#text} at (164,52) size 4x15
                    text run at (164,52) width 4: " "
                  RenderBR {BR} at (168,64) size 0x0
                  RenderInline {A} at (0,0) size 150x15 [color=#0000EE]
                    RenderText {#text} at (0,69) size 150x15
                      text run at (0,69) width 150: "EXPLAIN_OBJECT Table"
                  RenderText {#text} at (150,69) size 4x15
                    text run at (150,69) width 4: " "
                  RenderBR {BR} at (154,81) size 0x0
                  RenderInline {A} at (0,0) size 171x15 [color=#0000EE]
                    RenderText {#text} at (0,86) size 171x15
                      text run at (0,86) width 171: "EXPLAIN_OPERATOR Table"
                  RenderText {#text} at (171,86) size 4x15
                    text run at (171,86) width 4: " "
                  RenderBR {BR} at (175,98) size 0x0
                  RenderInline {A} at (0,0) size 173x15 [color=#0000EE]
                    RenderText {#text} at (0,103) size 173x15
                      text run at (0,103) width 173: "EXPLAIN_PREDICATE Table"
                  RenderText {#text} at (173,103) size 4x15
                    text run at (173,103) width 4: " "
                  RenderBR {BR} at (177,115) size 0x0
                  RenderInline {A} at (0,0) size 178x15 [color=#0000EE]
                    RenderText {#text} at (0,120) size 178x15
                      text run at (0,120) width 178: "EXPLAIN_STATEMENT Table"
                  RenderText {#text} at (178,120) size 4x15
                    text run at (178,120) width 4: " "
                  RenderBR {BR} at (182,132) size 0x0
                  RenderInline {A} at (0,0) size 153x15 [color=#0000EE]
                    RenderText {#text} at (0,137) size 153x15
                      text run at (0,137) width 153: "EXPLAIN_STREAM Table"
                  RenderText {#text} at (153,137) size 4x15
                    text run at (153,137) width 4: " "
                  RenderBR {BR} at (157,149) size 0x0
                  RenderInline {A} at (0,0) size 132x15 [color=#0000EE]
                    RenderText {#text} at (0,154) size 132x15
                      text run at (0,154) width 132: "ADVISE_INDEX Table"
                  RenderText {#text} at (132,154) size 4x15
                    text run at (132,154) width 4: " "
                  RenderBR {BR} at (136,166) size 0x0
                  RenderInline {A} at (0,0) size 167x15 [color=#0000EE]
                    RenderText {#text} at (0,171) size 167x15
                      text run at (0,171) width 167: "ADVISE_WORKLOAD Table"
                  RenderText {#text} at (167,171) size 4x15
                    text run at (167,171) width 4: " "
                  RenderBR {BR} at (171,183) size 0x0
                  RenderInline {A} at (0,0) size 204x15 [color=#0000EE]
                    RenderText {#text} at (0,188) size 204x15
                      text run at (0,188) width 204: "Table Definitions for Explain Tables"
                  RenderText {#text} at (204,188) size 4x15
                    text run at (204,188) width 4: " "
                  RenderBR {BR} at (208,200) size 0x0
                  RenderInline {A} at (0,0) size 230x15 [color=#0000EE]
                    RenderText {#text} at (0,205) size 230x15
                      text run at (0,205) width 230: "EXPLAIN_ARGUMENT Table Definition"
                  RenderText {#text} at (230,205) size 4x15
                    text run at (230,205) width 4: " "
                  RenderBR {BR} at (234,217) size 0x0
                  RenderInline {A} at (0,0) size 222x15 [color=#0000EE]
                    RenderText {#text} at (0,222) size 222x15
                      text run at (0,222) width 222: "EXPLAIN_INSTANCE Table Definition"
                  RenderText {#text} at (222,222) size 4x15
                    text run at (222,222) width 4: " "
                  RenderBR {BR} at (226,234) size 0x0
                  RenderInline {A} at (0,0) size 208x15 [color=#0000EE]
                    RenderText {#text} at (0,239) size 208x15
                      text run at (0,239) width 208: "EXPLAIN_OBJECT Table Definition"
                  RenderText {#text} at (208,239) size 4x15
                    text run at (208,239) width 4: " "
                  RenderBR {BR} at (212,251) size 0x0
                  RenderInline {A} at (0,0) size 229x15 [color=#0000EE]
                    RenderText {#text} at (0,256) size 229x15
                      text run at (0,256) width 229: "EXPLAIN_OPERATOR Table Definition"
                  RenderText {#text} at (229,256) size 4x15
                    text run at (229,256) width 4: " "
                  RenderBR {BR} at (233,268) size 0x0
                  RenderInline {A} at (0,0) size 231x15 [color=#0000EE]
                    RenderText {#text} at (0,273) size 231x15
                      text run at (0,273) width 231: "EXPLAIN_PREDICATE Table Definition"
                  RenderText {#text} at (231,273) size 4x15
                    text run at (231,273) width 4: " "
                  RenderBR {BR} at (235,285) size 0x0
                  RenderInline {A} at (0,0) size 236x15 [color=#0000EE]
                    RenderText {#text} at (0,290) size 236x15
                      text run at (0,290) width 236: "EXPLAIN_STATEMENT Table Definition"
                  RenderText {#text} at (236,290) size 4x15
                    text run at (236,290) width 4: " "
                  RenderBR {BR} at (240,302) size 0x0
                  RenderInline {A} at (0,0) size 211x15 [color=#0000EE]
                    RenderText {#text} at (0,307) size 211x15
                      text run at (0,307) width 211: "EXPLAIN_STREAM Table Definition"
                  RenderText {#text} at (211,307) size 4x15
                    text run at (211,307) width 4: " "
                  RenderBR {BR} at (215,319) size 0x0
                  RenderInline {A} at (0,0) size 190x15 [color=#0000EE]
                    RenderText {#text} at (0,324) size 190x15
                      text run at (0,324) width 190: "ADVISE_INDEX Table Definition"
                  RenderText {#text} at (190,324) size 4x15
                    text run at (190,324) width 4: " "
                  RenderBR {BR} at (194,336) size 0x0
                  RenderInline {A} at (0,0) size 225x15 [color=#0000EE]
                    RenderText {#text} at (0,341) size 225x15
                      text run at (0,341) width 225: "ADVISE_WORKLOAD Table Definition"
                  RenderText {#text} at (0,0) size 0x0
                RenderBlock {P} at (0,11792) size 715x17
                  RenderInline {B} at (0,0) size 227x15
                    RenderInline {A} at (0,0) size 227x15 [color=#0000EE]
                      RenderText {#text} at (0,1) size 227x15
                        text run at (0,1) width 227: "Appendix L. Explain Register Values"
                  RenderBR {BR} at (227,13) size 0x0
                RenderBlock {P} at (0,11822) size 715x85
                  RenderInline {B} at (0,0) size 308x15
                    RenderInline {A} at (0,0) size 308x15 [color=#0000EE]
                      RenderText {#text} at (0,1) size 308x15
                        text run at (0,1) width 308: "Appendix M. Recursion Example: Bill of Materials"
                  RenderBR {BR} at (308,13) size 0x0
                  RenderBR {BR} at (0,18) size 0x15
                  RenderInline {A} at (0,0) size 202x15 [color=#0000EE]
                    RenderText {#text} at (0,35) size 202x15
                      text run at (0,35) width 202: "Example 1: Single Level Explosion"
                  RenderText {#text} at (202,35) size 4x15
                    text run at (202,35) width 4: " "
                  RenderBR {BR} at (206,47) size 0x0
                  RenderInline {A} at (0,0) size 204x15 [color=#0000EE]
                    RenderText {#text} at (0,52) size 204x15
                      text run at (0,52) width 204: "Example 2: Summarized Explosion"
                  RenderText {#text} at (204,52) size 4x15
                    text run at (204,52) width 4: " "
                  RenderBR {BR} at (208,64) size 0x0
                  RenderInline {A} at (0,0) size 169x15 [color=#0000EE]
                    RenderText {#text} at (0,69) size 169x15
                      text run at (0,69) width 169: "Example 3: Controlling Depth"
                  RenderText {#text} at (0,0) size 0x0
                RenderBlock {P} at (0,11920) size 715x85
                  RenderInline {B} at (0,0) size 187x15
                    RenderInline {A} at (0,0) size 187x15 [color=#0000EE]
                      RenderText {#text} at (0,1) size 187x15
                        text run at (0,1) width 187: "Appendix N. Exception Tables"
                  RenderBR {BR} at (187,13) size 0x0
                  RenderBR {BR} at (0,18) size 0x15
                  RenderInline {A} at (0,0) size 219x15 [color=#0000EE]
                    RenderText {#text} at (0,35) size 219x15
                      text run at (0,35) width 219: "Rules for Creating an Exception Table"
                  RenderText {#text} at (219,35) size 4x15
                    text run at (219,35) width 4: " "
                  RenderBR {BR} at (223,47) size 0x0
                  RenderInline {A} at (0,0) size 226x15 [color=#0000EE]
                    RenderText {#text} at (0,52) size 226x15
                      text run at (0,52) width 226: "Handling Rows in the Exception Tables"
                  RenderText {#text} at (226,52) size 4x15
                    text run at (226,52) width 4: " "
                  RenderBR {BR} at (230,64) size 0x0
                  RenderInline {A} at (0,0) size 178x15 [color=#0000EE]
                    RenderText {#text} at (0,69) size 178x15
                      text run at (0,69) width 178: "Querying the Exception Tables"
                  RenderText {#text} at (0,0) size 0x0
                RenderBlock {P} at (0,12018) size 715x374
                  RenderInline {B} at (0,0) size 420x15
                    RenderInline {A} at (0,0) size 420x15 [color=#0000EE]
                      RenderText {#text} at (0,1) size 420x15
                        text run at (0,1) width 420: "Appendix O. Japanese and Traditional-Chinese EUC Considerations"
                  RenderBR {BR} at (420,13) size 0x0
                  RenderBR {BR} at (0,18) size 0x15
                  RenderInline {A} at (0,0) size 115x15 [color=#0000EE]
                    RenderText {#text} at (0,35) size 115x15
                      text run at (0,35) width 115: "Language Elements"
                  RenderText {#text} at (115,35) size 4x15
                    text run at (115,35) width 4: " "
                  RenderBR {BR} at (119,47) size 0x0
                  RenderInline {A} at (0,0) size 63x15 [color=#0000EE]
                    RenderText {#text} at (0,52) size 63x15
                      text run at (0,52) width 63: "Characters"
                  RenderText {#text} at (63,52) size 4x15
                    text run at (63,52) width 4: " "
                  RenderBR {BR} at (67,64) size 0x0
                  RenderInline {A} at (0,0) size 42x15 [color=#0000EE]
                    RenderText {#text} at (0,69) size 42x15
                      text run at (0,69) width 42: "Tokens"
                  RenderText {#text} at (42,69) size 4x15
                    text run at (42,69) width 4: " "
                  RenderBR {BR} at (46,81) size 0x0
                  RenderInline {A} at (0,0) size 57x15 [color=#0000EE]
                    RenderText {#text} at (0,86) size 57x15
                      text run at (0,86) width 57: "Identifiers"
                  RenderText {#text} at (57,86) size 4x15
                    text run at (57,86) width 4: " "
                  RenderBR {BR} at (61,98) size 0x0
                  RenderInline {A} at (0,0) size 67x15 [color=#0000EE]
                    RenderText {#text} at (0,103) size 67x15
                      text run at (0,103) width 67: "Data Types"
                  RenderText {#text} at (67,103) size 4x15
                    text run at (67,103) width 4: " "
                  RenderBR {BR} at (71,115) size 0x0
                  RenderInline {A} at (0,0) size 182x15 [color=#0000EE]
                    RenderText {#text} at (0,120) size 182x15
                      text run at (0,120) width 182: "Assignments and Comparisons"
                  RenderText {#text} at (182,120) size 4x15
                    text run at (182,120) width 4: " "
                  RenderBR {BR} at (186,132) size 0x0
                  RenderInline {A} at (0,0) size 164x15 [color=#0000EE]
                    RenderText {#text} at (0,137) size 164x15
                      text run at (0,137) width 164: "Rules for Result Data Types"
                  RenderText {#text} at (164,137) size 4x15
                    text run at (164,137) width 4: " "
                  RenderBR {BR} at (168,149) size 0x0
                  RenderInline {A} at (0,0) size 166x15 [color=#0000EE]
                    RenderText {#text} at (0,154) size 166x15
                      text run at (0,154) width 166: "Rules for String Conversions"
                  RenderText {#text} at (166,154) size 4x15
                    text run at (166,154) width 4: " "
                  RenderBR {BR} at (170,166) size 0x0
                  RenderInline {A} at (0,0) size 59x15 [color=#0000EE]
                    RenderText {#text} at (0,171) size 59x15
                      text run at (0,171) width 59: "Constants"
                  RenderText {#text} at (59,171) size 4x15
                    text run at (59,171) width 4: " "
                  RenderBR {BR} at (63,183) size 0x0
                  RenderInline {A} at (0,0) size 57x15 [color=#0000EE]
                    RenderText {#text} at (0,188) size 57x15
                      text run at (0,188) width 57: "Functions"
                  RenderText {#text} at (57,188) size 4x15
                    text run at (57,188) width 4: " "
                  RenderBR {BR} at (61,200) size 0x0
                  RenderInline {A} at (0,0) size 72x15 [color=#0000EE]
                    RenderText {#text} at (0,205) size 72x15
                      text run at (0,205) width 72: "Expressions"
                  RenderText {#text} at (72,205) size 4x15
                    text run at (72,205) width 4: " "
                  RenderBR {BR} at (76,217) size 0x0
                  RenderInline {A} at (0,0) size 62x15 [color=#0000EE]
                    RenderText {#text} at (0,222) size 62x15
                      text run at (0,222) width 62: "Predicates"
                  RenderText {#text} at (62,222) size 4x15
                    text run at (62,222) width 4: " "
                  RenderBR {BR} at (66,234) size 0x0
                  RenderInline {A} at (0,0) size 57x15 [color=#0000EE]
                    RenderText {#text} at (0,239) size 57x15
                      text run at (0,239) width 57: "Functions"
                  RenderText {#text} at (57,239) size 4x15
                    text run at (57,239) width 4: " "
                  RenderBR {BR} at (61,251) size 0x0
                  RenderInline {A} at (0,0) size 52x15 [color=#0000EE]
                    RenderText {#text} at (0,256) size 52x15
                      text run at (0,256) width 52: "LENGTH"
                  RenderText {#text} at (52,256) size 4x15
                    text run at (52,256) width 4: " "
                  RenderBR {BR} at (56,268) size 0x0
                  RenderInline {A} at (0,0) size 53x15 [color=#0000EE]
                    RenderText {#text} at (0,273) size 53x15
                      text run at (0,273) width 53: "SUBSTR"
                  RenderText {#text} at (53,273) size 4x15
                    text run at (53,273) width 4: " "
                  RenderBR {BR} at (57,285) size 0x0
                  RenderInline {A} at (0,0) size 77x15 [color=#0000EE]
                    RenderText {#text} at (0,290) size 77x15
                      text run at (0,290) width 77: "TRANSLATE"
                  RenderText {#text} at (77,290) size 4x15
                    text run at (77,290) width 4: " "
                  RenderBR {BR} at (81,302) size 0x0
                  RenderInline {A} at (0,0) size 86x15 [color=#0000EE]
                    RenderText {#text} at (0,307) size 86x15
                      text run at (0,307) width 86: "VARGRAPHIC"
                  RenderText {#text} at (86,307) size 4x15
                    text run at (86,307) width 4: " "
                  RenderBR {BR} at (90,319) size 0x0
                  RenderInline {A} at (0,0) size 67x15 [color=#0000EE]
                    RenderText {#text} at (0,324) size 67x15
                      text run at (0,324) width 67: "Statements"
                  RenderText {#text} at (67,324) size 4x15
                    text run at (67,324) width 4: " "
                  RenderBR {BR} at (71,336) size 0x0
                  RenderInline {A} at (0,0) size 63x15 [color=#0000EE]
                    RenderText {#text} at (0,341) size 63x15
                      text run at (0,341) width 63: "CONNECT"
                  RenderText {#text} at (63,341) size 4x15
                    text run at (63,341) width 4: " "
                  RenderBR {BR} at (67,353) size 0x0
                  RenderInline {A} at (0,0) size 63x15 [color=#0000EE]
                    RenderText {#text} at (0,358) size 63x15
                      text run at (0,358) width 63: "PREPARE"
                  RenderText {#text} at (0,0) size 0x0
                RenderBlock {P} at (0,12405) size 715x17
                  RenderInline {B} at (0,0) size 294x15
                    RenderInline {A} at (0,0) size 294x15 [color=#0000EE]
                      RenderText {#text} at (0,1) size 294x15
                        text run at (0,1) width 294: "Appendix P. BNF Specifications for DATALINKs"
                  RenderBR {BR} at (294,13) size 0x0
                RenderBlock {P} at (0,12435) size 715x204
                  RenderInline {B} at (0,0) size 217x15
                    RenderInline {A} at (0,0) size 217x15 [color=#0000EE]
                      RenderText {#text} at (0,1) size 217x15
                        text run at (0,1) width 217: "Appendix Q. Using the DB2 Library"
                  RenderBR {BR} at (217,13) size 0x0
                  RenderBR {BR} at (0,18) size 0x15
                  RenderInline {A} at (0,0) size 198x15 [color=#0000EE]
                    RenderText {#text} at (0,35) size 198x15
                      text run at (0,35) width 198: "DB2 PDF Files and Printed Books"
                  RenderText {#text} at (198,35) size 4x15
                    text run at (198,35) width 4: " "
                  RenderBR {BR} at (202,47) size 0x0
                  RenderInline {A} at (0,0) size 94x15 [color=#0000EE]
                    RenderText {#text} at (0,52) size 94x15
                      text run at (0,52) width 94: "DB2 Information"
                  RenderText {#text} at (94,52) size 4x15
                    text run at (94,52) width 4: " "
                  RenderBR {BR} at (98,64) size 0x0
                  RenderInline {A} at (0,0) size 137x15 [color=#0000EE]
                    RenderText {#text} at (0,69) size 137x15
                      text run at (0,69) width 137: "Printing the PDF Books"
                  RenderText {#text} at (137,69) size 4x15
                    text run at (137,69) width 4: " "
                  RenderBR {BR} at (141,81) size 0x0
                  RenderInline {A} at (0,0) size 157x15 [color=#0000EE]
                    RenderText {#text} at (0,86) size 157x15
                      text run at (0,86) width 157: "Ordering the Printed Books"
                  RenderText {#text} at (157,86) size 4x15
                    text run at (157,86) width 4: " "
                  RenderBR {BR} at (161,98) size 0x0
                  RenderInline {A} at (0,0) size 157x15 [color=#0000EE]
                    RenderText {#text} at (0,103) size 157x15
                      text run at (0,103) width 157: "DB2 Online Documentation"
                  RenderText {#text} at (157,103) size 4x15
                    text run at (157,103) width 4: " "
                  RenderBR {BR} at (161,115) size 0x0
                  RenderInline {A} at (0,0) size 133x15 [color=#0000EE]
                    RenderText {#text} at (0,120) size 133x15
                      text run at (0,120) width 133: "Accessing Online Help"
                  RenderText {#text} at (133,120) size 4x15
                    text run at (133,120) width 4: " "
                  RenderBR {BR} at (137,132) size 0x0
                  RenderInline {A} at (0,0) size 155x15 [color=#0000EE]
                    RenderText {#text} at (0,137) size 155x15
                      text run at (0,137) width 155: "Viewing Information Online"
                  RenderText {#text} at (155,137) size 4x15
                    text run at (155,137) width 4: " "
                  RenderBR {BR} at (159,149) size 0x0
                  RenderInline {A} at (0,0) size 113x15 [color=#0000EE]
                    RenderText {#text} at (0,154) size 113x15
                      text run at (0,154) width 113: "Using DB2 Wizards"
                  RenderText {#text} at (113,154) size 4x15
                    text run at (113,154) width 4: " "
                  RenderBR {BR} at (117,166) size 0x0
                  RenderInline {A} at (0,0) size 177x15 [color=#0000EE]
                    RenderText {#text} at (0,171) size 177x15
                      text run at (0,171) width 177: "Setting Up a Document Server"
                  RenderText {#text} at (177,171) size 4x15
                    text run at (177,171) width 4: " "
                  RenderBR {BR} at (181,183) size 0x0
                  RenderInline {A} at (0,0) size 168x15 [color=#0000EE]
                    RenderText {#text} at (0,188) size 168x15
                      text run at (0,188) width 168: "Searching Information Online"
                  RenderText {#text} at (0,0) size 0x0
                RenderBlock {P} at (0,12652) size 715x51
                  RenderInline {B} at (0,0) size 126x15
                    RenderInline {A} at (0,0) size 126x15 [color=#0000EE]
                      RenderText {#text} at (0,1) size 126x15
                        text run at (0,1) width 126: "Appendix R. Notices"
                  RenderBR {BR} at (126,13) size 0x0
                  RenderBR {BR} at (0,18) size 0x15
                  RenderInline {A} at (0,0) size 69x15 [color=#0000EE]
                    RenderText {#text} at (0,35) size 69x15
                      text run at (0,35) width 69: "Trademarks"
                  RenderText {#text} at (0,0) size 0x0
                RenderBlock {P} at (0,12716) size 715x17
                  RenderInline {B} at (0,0) size 34x15
                    RenderInline {A} at (0,0) size 34x15 [color=#0000EE]
                      RenderText {#text} at (0,1) size 34x15
                        text run at (0,1) width 34: "Index"
                  RenderBR {BR} at (34,13) size 0x0
                RenderBlock {P} at (0,12746) size 715x51
                  RenderInline {B} at (0,0) size 95x15
                    RenderInline {A} at (0,0) size 95x15 [color=#0000EE]
                      RenderText {#text} at (0,1) size 95x15
                        text run at (0,1) width 95: "Contacting IBM"
                  RenderBR {BR} at (95,13) size 0x0
                  RenderBR {BR} at (0,18) size 0x15
                  RenderInline {A} at (0,0) size 114x15 [color=#0000EE]
                    RenderText {#text} at (0,35) size 114x15
                      text run at (0,35) width 114: "Product Information"
                  RenderText {#text} at (0,0) size 0x0
                  RenderInline {A} at (0,0) size 0x0
                  RenderText {#text} at (0,0) size 0x0
                RenderTable {TABLE} at (0,12810) size 26x29
                  RenderTableSection {TBODY} at (0,0) size 26x29
                    RenderTableRow {TR} at (0,2) size 26x0
                    RenderTableRow {TR} at (0,4) size 26x23
                      RenderTableCell {TD} at (2,4) size 10x23 [r=1 c=0 rs=1 cs=1]
                        RenderText {#text} at (1,2) size 8x19
                          text run at (1,2) width 8: "x"
                      RenderTableCell {TD} at (14,4) size 10x23 [r=1 c=1 rs=1 cs=1]
                        RenderText {#text} at (1,2) size 8x19
                          text run at (1,2) width 8: "x"
              RenderBlock (anonymous) at (2,12841) size 715x0
                RenderInline {FONT} at (0,0) size 0x0
