layer at (0,0) size 800x787
  RenderView at (0,0) size 800x600
layer at (0,0) size 800x787
  RenderBlock {HTML} at (0,0) size 800x787
    RenderBody {BODY} at (8,8) size 784x771
      RenderBlock {P} at (0,0) size 784x21
        RenderText {#text} at (0,1) size 283x19
          text run at (0,1) width 283: "TABLE 1 - without 'height' style on TABLE"
      RenderTable {TABLE} at (0,37) size 69x87 [border: (3px solid #000000)]
        RenderTableSection {THEAD} at (3,3) size 63x27
          RenderTableRow {TR} at (0,2) size 63x23
            RenderTableCell {TD} at (2,2) size 59x23 [r=0 c=0 rs=1 cs=1]
              RenderText {#text} at (1,2) size 56x19
                text run at (1,2) width 56: "THEAD"
        RenderTableSection {TFOOT} at (3,57) size 63x27
          RenderTableRow {TR} at (0,2) size 63x23
            RenderTableCell {TD} at (2,2) size 59x23 [r=0 c=0 rs=1 cs=1]
              RenderText {#text} at (1,2) size 53x19
                text run at (1,2) width 53: "TFOOT"
        RenderTableSection {TBODY} at (3,30) size 63x27
          RenderTableRow {TR} at (0,2) size 63x23
            RenderTableCell {TD} at (2,2) size 59x23 [r=0 c=0 rs=1 cs=1]
              RenderText {#text} at (1,2) size 57x19
                text run at (1,2) width 57: "TBODY"
      RenderBlock {HR} at (0,132) size 784x2 [border: (1px inset #000000)]
      RenderBlock {P} at (0,150) size 784x21
        RenderText {#text} at (0,1) size 263x19
          text run at (0,1) width 263: "TABLE 2 - with 'height' style on TABLE"
      RenderTable {TABLE} at (0,187) size 69x584 [border: (3px solid #000000)]
        RenderTableSection {THEAD} at (3,3) size 63x27
          RenderTableRow {TR} at (0,2) size 63x23
            RenderTableCell {TD} at (2,2) size 59x23 [r=0 c=0 rs=1 cs=1]
              RenderText {#text} at (1,2) size 56x19
                text run at (1,2) width 56: "THEAD"
        RenderTableSection {TFOOT} at (3,554) size 63x27
          RenderTableRow {TR} at (0,2) size 63x23
            RenderTableCell {TD} at (2,2) size 59x23 [r=0 c=0 rs=1 cs=1]
              RenderText {#text} at (1,2) size 53x19
                text run at (1,2) width 53: "TFOOT"
        RenderTableSection {TBODY} at (3,30) size 63x524
          RenderTableRow {TR} at (0,2) size 63x520
            RenderTableCell {TD} at (2,250) size 59x23 [r=0 c=0 rs=1 cs=1]
              RenderText {#text} at (1,2) size 57x19
                text run at (1,2) width 57: "TBODY"
