layer at (0,0) size 800x600
  RenderView at (0,0) size 800x600
layer at (0,0) size 800x600
  RenderBlock {HTML} at (0,0) size 800x600
    RenderBody {BODY} at (8,8) size 784x584
      RenderTable {TABLE} at (0,0) size 784x42
        RenderTableSection {TBODY} at (0,0) size 784x42
          RenderTableRow {TR} at (0,0) size 784x42
            RenderTableCell {TD} at (0,10) size 135x21 [bgcolor=#DDDDDD] [r=0 c=0 rs=1 cs=1]
              RenderTable {TABLE} at (0,0) size 135x21
                RenderTableSection {TBODY} at (0,0) size 135x21
                  RenderTableRow {TR} at (0,0) size 135x21
                    RenderTableCell {TD} at (0,0) size 135x21 [r=0 c=0 rs=1 cs=1]
                      RenderText {#text} at (0,1) size 137x19
                        text run at (0,1) width 137: "should be 135 pixels-"
            RenderTableCell {TD} at (135,0) size 649x42 [r=0 c=1 rs=1 cs=1]
              RenderText {#text} at (0,1) size 647x40
                text run at (0,1) width 469: "Spain stretched their unbeaten streak to six games as they beat Croatia 3-1 "
                text run at (469,1) width 178: "in a friendly at Seville's new"
                text run at (0,22) width 282: "Olympic stadium which was inaugurated on "
                text run at (282,22) width 76: "Wednesday."
