layer at (0,0) size 800x762
  RenderView at (0,0) size 800x600
layer at (0,0) size 800x762
  RenderBlock {HTML} at (0,0) size 800x762
    RenderBody {BODY} at (8,21) size 784x725
      RenderBlock {H1} at (0,0) size 784x41
        RenderText {#text} at (0,2) size 309x36
          text run at (0,2) width 309: "Generic Table Tests - 1"
      RenderBlock {P} at (0,62) size 784x21
        RenderText {#text} at (0,1) size 387x19
          text run at (0,1) width 387: "If you have any comments to make regarding this test, e-mail "
        RenderInline {A} at (0,0) size 183x19 [color=#0000EE]
          RenderText {#text} at (387,1) size 183x19
            text run at (387,1) width 183: "py8ieh=eviltests@bath.ac.uk"
        RenderText {#text} at (570,1) size 4x19
          text run at (570,1) width 4: "."
      RenderBlock {DL} at (0,99) size 784x42
        RenderBlock {DT} at (0,0) size 784x21
          RenderText {#text} at (0,1) size 80x19
            text run at (0,1) width 80: "Prerequisites"
        RenderBlock {DD} at (40,21) size 744x21
          RenderText {#text} at (0,1) size 683x19
            text run at (0,1) width 683: "Browsers that are subjected to this test should support CSS1 and the CSS2 table model, and multiple classes."
      RenderBlock {P} at (0,157) size 784x110 [border: (5px double #FF0000)]
        RenderBlock (anonymous) at (13,13) size 758x21
          RenderText {#text} at (0,1) size 233x19
            text run at (0,1) width 233: "If this paragraph breaks the line here:"
        RenderTable {SPAN} at (13,34) size 58x21
          RenderTableSection (anonymous) at (0,0) size 58x21
            RenderTableRow (anonymous) at (0,0) size 58x21
              RenderTableCell (anonymous) at (0,0) size 58x21 [r=0 c=0 rs=1 cs=1]
                RenderText {#text} at (0,1) size 58x19
                  text run at (0,1) width 58: "and here:"
        RenderBlock (anonymous) at (13,55) size 758x42
          RenderText {#text} at (0,1) size 119x19
            text run at (0,1) width 119: "then your browser "
          RenderInline {EM} at (0,0) size 82x19
            RenderText {#text} at (119,1) size 82x19
              text run at (119,1) width 82: "does support"
          RenderText {#text} at (201,1) size 161x19
            text run at (201,1) width 161: " table values on 'display'. "
          RenderInline {STRONG} at (0,0) size 743x40
            RenderText {#text} at (362,1) size 743x40
              text run at (362,1) width 381: "If this paragraphs flows without any undue breaks, then"
              text run at (0,22) width 421: "you should mark your browser as not supporting table values!"
      RenderBlock {H2} at (0,286) size 784x32
        RenderText {#text} at (0,2) size 220x28
          text run at (0,2) width 220: "1. Table -> Table Cell"
      RenderBlock {P} at (0,337) size 784x42
        RenderText {#text} at (0,1) size 774x40
          text run at (0,1) width 774: "Below there should be a gray bar, spanning the width of the BODY, with the text \"Left\" to the left and the text \"Right\", on"
          text run at (0,22) width 197: "the same line, flush to the right."
      RenderTable {DIV} at (0,395) size 784x21 [bgcolor=#C0C0C0]
        RenderTableSection (anonymous) at (0,0) size 784x21
          RenderTableRow (anonymous) at (0,0) size 784x21
            RenderTableCell {DIV} at (0,0) size 334x21 [r=0 c=0 rs=1 cs=1]
              RenderText {#text} at (0,1) size 26x19
                text run at (0,1) width 26: "Left"
            RenderTableCell {DIV} at (334,0) size 450x21 [r=0 c=1 rs=1 cs=1]
              RenderText {#text} at (415,1) size 35x19
                text run at (415,1) width 35: "Right"
      RenderBlock {H2} at (0,435) size 784x32
        RenderText {#text} at (0,2) size 154x28
          text run at (0,2) width 154: "Submit Results"
      RenderBlock {FORM} at (0,486) size 784x73
        RenderBlock {P} at (0,0) size 784x73
          RenderText {#text} at (0,8) size 263x19
            text run at (0,8) width 263: "How does your browser fare on this test? "
          RenderMenuList {SELECT} at (265,2) size 296x32 [bgcolor=#FFFFFF] [border: (1px solid #000000)]
            RenderBlock (anonymous) at (9,5) size 250x21
              RenderText at (0,1) size 162x19
                text run at (0,1) width 162: "The test renders correctly."
          RenderText {#text} at (563,8) size 4x19
            text run at (563,8) width 4: " "
          RenderInline {LABEL} at (0,0) size 637x55
            RenderText {#text} at (567,8) size 70x19
              text run at (567,8) width 70: "Comment: "
            RenderTextControl {INPUT} at (2,38) size 192x31 [bgcolor=#FFFFFF] [border: (2px inset #000000)]
          RenderText {#text} at (198,44) size 4x19
            text run at (198,44) width 4: " "
          RenderButton {INPUT} at (204,38) size 61x31 [bgcolor=#C0C0C0] [border: (2px outset #C0C0C0)]
            RenderBlock (anonymous) at (8,5) size 45x21
              RenderText at (0,1) size 45x19
                text run at (0,1) width 45: "Submit"
          RenderText {#text} at (0,0) size 0x0
      RenderBlock {HR} at (0,575) size 784x2 [border: (1px inset #000000)]
      RenderBlock {P} at (0,593) size 784x21
        RenderText {#text} at (0,1) size 63x19
          text run at (0,1) width 63: "Up to the "
        RenderInline {A} at (0,0) size 71x19 [color=#0000EE]
          RenderText {#text} at (63,1) size 71x19
            text run at (63,1) width 71: "Table Tests"
        RenderText {#text} at (134,1) size 4x19
          text run at (134,1) width 4: "."
      RenderBlock {P} at (0,630) size 784x21
        RenderText {#text} at (0,1) size 63x19
          text run at (0,1) width 63: "Up to the "
        RenderInline {A} at (0,0) size 97x19 [color=#0000EE]
          RenderText {#text} at (63,1) size 97x19
            text run at (63,1) width 97: "Evil Tests Page"
        RenderText {#text} at (160,1) size 4x19
          text run at (160,1) width 4: "."
      RenderBlock {P} at (0,667) size 784x21
        RenderText {#text} at (0,1) size 175x19
          text run at (0,1) width 175: "This page is maintained by "
        RenderInline {A} at (0,0) size 77x19 [color=#0000EE]
          RenderText {#text} at (175,1) size 77x19
            text run at (175,1) width 77: "Ian Hickson"
        RenderText {#text} at (252,1) size 9x19
          text run at (252,1) width 9: " ("
        RenderInline {A} at (0,0) size 124x19 [color=#0000EE]
          RenderText {#text} at (261,1) size 124x19
            text run at (261,1) width 124: "py8ieh@bath.ac.uk"
        RenderText {#text} at (385,1) size 9x19
          text run at (385,1) width 9: ")."
      RenderBlock {P} at (0,704) size 784x21
        RenderText {#text} at (0,1) size 182x19
          text run at (0,1) width 182: "Last updated in March 1999."
layer at (13,550) size 186x21
  RenderBlock {DIV} at (3,5) size 186x21
