layer at (0,0) size 800x600
  RenderView at (0,0) size 800x600
layer at (0,0) size 800x600
  RenderBlock {HTML} at (0,0) size 800x600
    RenderBody {BODY} at (8,8) size 784x584
      RenderBlock (anonymous) at (0,0) size 784x0
        RenderInline {B} at (0,0) size 0x0
          RenderText {#text} at (0,0) size 0x0
          RenderText {#text} at (0,0) size 0x0
      RenderTable {TABLE} at (0,0) size 225x88 [border: (1px outset #808080)]
        RenderTableSection {TBODY} at (1,1) size 223x86
          RenderTableRow {TR} at (0,5) size 223x22
            RenderTableCell {TD} at (5,5) size 116x22 [border: (1px inset #808080)] [r=0 c=0 rs=1 cs=1]
              RenderText {#text} at (2,3) size 112x16
                text run at (2,3) width 112: "Click name to see"
            RenderTableCell {TD} at (126,18) size 92x22 [bgcolor=#00FF00] [border: (1px inset #808080)] [r=0 c=1 rs=2 cs=1]
              RenderText {#text} at (2,3) size 88x16
                text run at (2,3) width 88: "Mac Clbr Opt"
          RenderTableRow {TR} at (0,32) size 223x22
            RenderTableCell {TD} at (5,32) size 116x22 [border: (1px inset #808080)] [r=1 c=0 rs=1 cs=1]
              RenderText {#text} at (2,3) size 40x16
                text run at (2,3) width 40: "Guilty"
          RenderTableRow {TR} at (0,59) size 223x22
            RenderTableCell {TD} at (5,59) size 116x22 [border: (1px inset #808080)] [r=2 c=0 rs=1 cs=1]
              RenderText {#text} at (2,3) size 4x16
                text run at (2,3) width 4: " "
            RenderTableCell {TD} at (126,59) size 92x22 [bgcolor=#FFFF00] [border: (1px inset #808080)] [r=2 c=1 rs=1 cs=1]
              RenderText {#text} at (2,3) size 25x16
                text run at (2,3) width 25: "L C"
      RenderBlock (anonymous) at (0,88) size 784x18
        RenderBR {BR} at (0,1) size 0x16
        RenderInline {B} at (0,0) size 0x0
          RenderText {#text} at (0,0) size 0x0
          RenderText {#text} at (0,0) size 0x0
      RenderTable {TABLE} at (0,106) size 225x115 [border: (1px outset #808080)]
        RenderTableSection {TBODY} at (1,1) size 223x113
          RenderTableRow {TR} at (0,5) size 223x22
            RenderTableCell {TD} at (5,5) size 116x22 [border: (1px inset #808080)] [r=0 c=0 rs=1 cs=1]
              RenderText {#text} at (2,3) size 21x16
                text run at (2,3) width 21: "foo"
            RenderTableCell {TD} at (126,5) size 92x22 [border: (1px inset #808080)] [r=0 c=1 rs=1 cs=1]
              RenderText {#text} at (2,3) size 21x16
                text run at (2,3) width 21: "bar"
          RenderTableRow {TR} at (0,32) size 223x22
            RenderTableCell {TD} at (5,32) size 116x22 [border: (1px inset #808080)] [r=1 c=0 rs=1 cs=1]
              RenderText {#text} at (2,3) size 112x16
                text run at (2,3) width 112: "Click name to see"
            RenderTableCell {TD} at (126,45) size 92x22 [bgcolor=#00FF00] [border: (1px inset #808080)] [r=1 c=1 rs=2 cs=1]
              RenderText {#text} at (2,3) size 88x16
                text run at (2,3) width 88: "Mac Clbr Opt"
          RenderTableRow {TR} at (0,59) size 223x22
            RenderTableCell {TD} at (5,59) size 116x22 [border: (1px inset #808080)] [r=2 c=0 rs=1 cs=1]
              RenderText {#text} at (2,3) size 40x16
                text run at (2,3) width 40: "Guilty"
          RenderTableRow {TR} at (0,86) size 223x22
            RenderTableCell {TD} at (5,86) size 116x22 [border: (1px inset #808080)] [r=3 c=0 rs=1 cs=1]
              RenderText {#text} at (2,3) size 4x16
                text run at (2,3) width 4: " "
            RenderTableCell {TD} at (126,86) size 92x22 [bgcolor=#FFFF00] [border: (1px inset #808080)] [r=3 c=1 rs=1 cs=1]
              RenderText {#text} at (2,3) size 25x16
                text run at (2,3) width 25: "L C"
      RenderBlock (anonymous) at (0,221) size 784x18
        RenderBR {BR} at (0,1) size 0x16
        RenderInline {B} at (0,0) size 0x0
          RenderText {#text} at (0,0) size 0x0
          RenderText {#text} at (0,0) size 0x0
      RenderTable {TABLE} at (0,239) size 259x88 [border: (1px outset #808080)]
        RenderTableSection {TBODY} at (1,1) size 257x86
          RenderTableRow {TR} at (0,5) size 257x22
            RenderTableCell {TD} at (5,5) size 116x22 [border: (1px inset #808080)] [r=0 c=0 rs=1 cs=1]
              RenderText {#text} at (2,3) size 112x16
                text run at (2,3) width 112: "Click name to see"
            RenderTableCell {TD} at (126,32) size 92x22 [bgcolor=#00FF00] [border: (1px inset #808080)] [r=0 c=1 rs=3 cs=1]
              RenderText {#text} at (2,3) size 88x16
                text run at (2,3) width 88: "Mac Clbr Opt"
          RenderTableRow {TR} at (0,32) size 257x22
            RenderTableCell {TD} at (5,32) size 116x22 [border: (1px inset #808080)] [r=1 c=0 rs=1 cs=1]
              RenderText {#text} at (2,3) size 40x16
                text run at (2,3) width 40: "Guilty"
          RenderTableRow {TR} at (0,59) size 257x22
            RenderTableCell {TD} at (5,59) size 116x22 [border: (1px inset #808080)] [r=2 c=0 rs=1 cs=1]
              RenderText {#text} at (2,3) size 4x16
                text run at (2,3) width 4: " "
            RenderTableCell {TD} at (223,59) size 29x22 [bgcolor=#FFFF00] [border: (1px inset #808080)] [r=2 c=2 rs=1 cs=1]
              RenderText {#text} at (2,3) size 25x16
                text run at (2,3) width 25: "L C"
      RenderBlock (anonymous) at (0,327) size 784x18
        RenderBR {BR} at (0,1) size 0x16
        RenderInline {B} at (0,0) size 0x0
          RenderText {#text} at (0,0) size 0x0
          RenderText {#text} at (0,0) size 0x0
      RenderTable {TABLE} at (0,345) size 259x115 [border: (1px outset #808080)]
        RenderTableSection {TBODY} at (1,1) size 257x113
          RenderTableRow {TR} at (0,5) size 257x22
            RenderTableCell {TD} at (5,5) size 116x22 [border: (1px inset #808080)] [r=0 c=0 rs=1 cs=1]
              RenderText {#text} at (2,3) size 21x16
                text run at (2,3) width 21: "foo"
            RenderTableCell {TD} at (126,5) size 92x22 [border: (1px inset #808080)] [r=0 c=1 rs=1 cs=1]
              RenderText {#text} at (2,3) size 21x16
                text run at (2,3) width 21: "bar"
          RenderTableRow {TR} at (0,32) size 257x22
            RenderTableCell {TD} at (5,32) size 116x22 [border: (1px inset #808080)] [r=1 c=0 rs=1 cs=1]
              RenderText {#text} at (2,3) size 112x16
                text run at (2,3) width 112: "Click name to see"
            RenderTableCell {TD} at (126,59) size 92x22 [bgcolor=#00FF00] [border: (1px inset #808080)] [r=1 c=1 rs=3 cs=1]
              RenderText {#text} at (2,3) size 88x16
                text run at (2,3) width 88: "Mac Clbr Opt"
          RenderTableRow {TR} at (0,59) size 257x22
            RenderTableCell {TD} at (5,59) size 116x22 [border: (1px inset #808080)] [r=2 c=0 rs=1 cs=1]
              RenderText {#text} at (2,3) size 40x16
                text run at (2,3) width 40: "Guilty"
          RenderTableRow {TR} at (0,86) size 257x22
            RenderTableCell {TD} at (5,86) size 116x22 [border: (1px inset #808080)] [r=3 c=0 rs=1 cs=1]
              RenderText {#text} at (2,3) size 4x16
                text run at (2,3) width 4: " "
            RenderTableCell {TD} at (223,86) size 29x22 [bgcolor=#FFFF00] [border: (1px inset #808080)] [r=3 c=2 rs=1 cs=1]
              RenderText {#text} at (2,3) size 25x16
                text run at (2,3) width 25: "L C"
