layer at (0,0) size 800x600
  RenderView at (0,0) size 800x600
layer at (0,0) size 800x600
  RenderBlock {HTML} at (0,0) size 800x600
    RenderBody {BODY} at (8,8) size 784x584
      RenderTable {TABLE} at (0,0) size 784x41 [border: (1px outset #808080)]
        RenderTableSection {TBODY} at (1,1) size 782x39
          RenderTableRow {TR} at (0,2) size 782x35
            RenderTableCell {TD} at (2,7) size 388x25 [border: (1px inset #808080)] [r=0 c=0 rs=1 cs=1]
              RenderText {#text} at (2,3) size 27x19
                text run at (2,3) width 27: "One"
            RenderTableCell {TD} at (392,2) size 388x35 [border: (1px inset #808080)] [r=0 c=1 rs=1 cs=1]
              RenderTable {TABLE} at (2,2) size 384x31 [border: (1px outset #808080)]
                RenderTableSection {TBODY} at (1,1) size 382x29
                  RenderTableRow {TR} at (0,2) size 382x25
                    RenderTableCell {TD} at (2,2) size 188x25 [border: (1px inset #808080)] [r=0 c=0 rs=1 cs=1]
                      RenderText {#text} at (2,3) size 29x19
                        text run at (2,3) width 29: "Two"
                    RenderTableCell {TD} at (192,2) size 188x25 [border: (1px inset #808080)] [r=0 c=1 rs=1 cs=1]
                      RenderText {#text} at (2,3) size 37x19
                        text run at (2,3) width 37: "Three"
