layer at (0,0) size 800x610
  RenderView at (0,0) size 800x600
layer at (0,0) size 800x610
  RenderBlock {HTML} at (0,0) size 800x610 [bgcolor=#00FF99]
    RenderBody {BODY} at (57,64) size 686x482 [bgcolor=#99FFCC] [border: (3px solid #000000)]
      RenderBlock {P} at (3,3) size 680x64
        RenderText {#text} at (0,5) size 636x53
          text run at (0,5) width 597: "These links are in an element with display table-row, and the li elements "
          text run at (597,5) width 39: "have"
          text run at (0,37) width 153: "display: table-cell. "
          text run at (153,37) width 131: "They disappear:"
      RenderTable at (3,67) size 308x23
        RenderTableSection (anonymous) at (0,0) size 308x23
          RenderTableRow {UL} at (0,0) size 308x23 [bgcolor=#00CC99]
            RenderTableCell {LI} at (0,0) size 77x23 [r=0 c=0 rs=1 cs=1]
              RenderInline {A} at (0,0) size 54x21 [color=#0000EE]
                RenderText {#text} at (11,1) size 54x21
                  text run at (11,1) width 54: "people"
            RenderTableCell {LI} at (77,0) size 77x23 [r=0 c=1 rs=1 cs=1]
              RenderInline {A} at (0,0) size 50x21 [color=#0000EE]
                RenderText {#text} at (13,1) size 50x21
                  text run at (13,1) width 50: "places"
            RenderTableCell {LI} at (154,0) size 77x23 [r=0 c=2 rs=1 cs=1]
              RenderInline {A} at (0,0) size 77x21 [color=#0000EE]
                RenderText {#text} at (0,1) size 77x21
                  text run at (0,1) width 77: "members"
            RenderTableCell {LI} at (231,0) size 77x23 [r=0 c=3 rs=1 cs=1]
              RenderInline {A} at (0,0) size 35x21 [color=#0000EE]
                RenderText {#text} at (21,1) size 35x21
                  text run at (21,1) width 35: "links"
      RenderBlock {DIV} at (3,90) size 680x389
        RenderBlock (anonymous) at (16,16) size 648x23
          RenderText {#text} at (0,1) size 514x21
            text run at (0,1) width 228: "This text is not in the form. "
            text run at (228,1) width 286: "The form should be indented 40px."
        RenderBlock {FORM} at (96,39) size 568x334
          RenderBlock {P} at (0,0) size 568x64
            RenderText {#text} at (0,5) size 545x53
              text run at (0,5) width 196: "This is text in the form. "
              text run at (196,5) width 230: "It should be indented 40px. "
              text run at (426,5) width 119: "The form itself"
              text run at (0,37) width 376: "has the same table-row/table-cell problem as "
              text run at (376,37) width 55: "above."
          RenderBlock {P} at (0,64) size 568x77
            RenderTable {SPAN} at (0,0) size 173x67
              RenderTableSection (anonymous) at (0,0) size 173x67
                RenderTableRow {SPAN} at (0,0) size 173x28
                  RenderTableCell (anonymous) at (0,0) size 173x28 [r=0 c=0 rs=1 cs=1]
                    RenderText {#text} at (0,6) size 137x16
                      text run at (0,6) width 137: "First Name (required)"
                RenderTableRow (anonymous) at (0,28) size 173x39
                  RenderTableCell (anonymous) at (0,28) size 173x39 [r=1 c=0 rs=1 cs=1]
                    RenderTextControl {INPUT} at (2,2) size 167x33 [bgcolor=#FFFFFF] [border: (2px inset #000000)]
            RenderText {#text} at (173,50) size 6x21
              text run at (173,50) width 6: " "
            RenderTable {SPAN} at (179,0) size 173x67
              RenderTableSection (anonymous) at (0,0) size 173x67
                RenderTableRow {SPAN} at (0,0) size 173x28
                  RenderTableCell (anonymous) at (0,0) size 173x28 [r=0 c=0 rs=1 cs=1]
                    RenderText {#text} at (0,6) size 136x16
                      text run at (0,6) width 136: "Last Name (required)"
                RenderTableRow (anonymous) at (0,28) size 173x39
                  RenderTableCell (anonymous) at (0,28) size 173x39 [r=1 c=0 rs=1 cs=1]
                    RenderTextControl {INPUT} at (2,2) size 167x33 [bgcolor=#FFFFFF] [border: (2px inset #000000)]
            RenderText {#text} at (0,0) size 0x0
          RenderBlock {P} at (0,141) size 568x77
            RenderTable {SPAN} at (0,0) size 389x67
              RenderTableSection (anonymous) at (0,0) size 389x67
                RenderTableRow {SPAN} at (0,0) size 389x28
                  RenderTableCell (anonymous) at (0,0) size 389x28 [r=0 c=0 rs=1 cs=1]
                    RenderText {#text} at (0,6) size 92x16
                      text run at (0,6) width 92: "Email Address"
                RenderTableRow (anonymous) at (0,28) size 389x39
                  RenderTableCell (anonymous) at (0,28) size 389x39 [r=1 c=0 rs=1 cs=1]
                    RenderTextControl {INPUT} at (2,2) size 383x33 [bgcolor=#FFFFFF] [border: (2px inset #000000)]
            RenderText {#text} at (0,0) size 0x0
          RenderBlock {P} at (0,218) size 568x77
            RenderTable {SPAN} at (0,0) size 173x67
              RenderTableSection (anonymous) at (0,0) size 173x67
                RenderTableRow {SPAN} at (0,0) size 173x28
                  RenderTableCell (anonymous) at (0,0) size 173x28 [r=0 c=0 rs=1 cs=1]
                    RenderText {#text} at (0,6) size 103x16
                      text run at (0,6) width 103: "Company Name"
                RenderTableRow (anonymous) at (0,28) size 173x39
                  RenderTableCell (anonymous) at (0,28) size 173x39 [r=1 c=0 rs=1 cs=1]
                    RenderTextControl {INPUT} at (2,2) size 167x33 [bgcolor=#FFFFFF] [border: (2px inset #000000)]
            RenderText {#text} at (173,50) size 6x21
              text run at (173,50) width 6: " "
            RenderTable {SPAN} at (179,0) size 173x67
              RenderTableSection (anonymous) at (0,0) size 173x67
                RenderTableRow {SPAN} at (0,0) size 173x28
                  RenderTableCell (anonymous) at (0,0) size 173x28 [r=0 c=0 rs=1 cs=1]
                    RenderText {#text} at (0,6) size 27x16
                      text run at (0,6) width 27: "Title"
                RenderTableRow (anonymous) at (0,28) size 173x39
                  RenderTableCell (anonymous) at (0,28) size 173x39 [r=1 c=0 rs=1 cs=1]
                    RenderTextControl {INPUT} at (2,2) size 167x33 [bgcolor=#FFFFFF] [border: (2px inset #000000)]
            RenderText {#text} at (0,0) size 0x0
          RenderBlock {P} at (0,295) size 568x39
            RenderButton {INPUT} at (2,2) size 79x33 [bgcolor=#C0C0C0] [border: (2px outset #C0C0C0)]
              RenderBlock (anonymous) at (8,5) size 63x23
                RenderText at (0,1) size 63x21
                  text run at (0,1) width 63: "Submit!"
            RenderText {#text} at (85,8) size 6x21
              text run at (85,8) width 6: " "
            RenderButton {INPUT} at (93,2) size 106x33 [bgcolor=#C0C0C0] [border: (2px outset #C0C0C0)]
              RenderBlock (anonymous) at (8,5) size 90x23
                RenderText at (0,1) size 90x21
                  text run at (0,1) width 90: "Clear Form"
            RenderText {#text} at (0,0) size 0x0
layer at (161,292) size 161x23
  RenderBlock {DIV} at (3,5) size 161x23
layer at (340,292) size 161x23
  RenderBlock {DIV} at (3,5) size 161x23
layer at (161,369) size 377x23
  RenderBlock {DIV} at (3,5) size 377x23
layer at (161,446) size 161x23
  RenderBlock {DIV} at (3,5) size 161x23
layer at (340,446) size 161x23
  RenderBlock {DIV} at (3,5) size 161x23
