layer at (0,0) size 800x600
  RenderView at (0,0) size 800x600
layer at (0,0) size 800x600
  RenderBlock {HTML} at (0,0) size 800x600
    RenderBody {BODY} at (8,8) size 784x584
      RenderTable {TABLE} at (0,0) size 74x60 [border: (1px outset #808080)]
        RenderTableSection {THEAD} at (1,1) size 72x29
          RenderTableRow {TR} at (0,2) size 72x25
            RenderTableCell {TH} at (2,2) size 68x25 [border: (1px inset #808080)] [r=0 c=0 rs=1 cs=1]
              RenderText {#text} at (2,3) size 64x19
                text run at (2,3) width 64: "thead cell"
        RenderTableSection {TBODY} at (1,30) size 72x29
          RenderTableRow {TR} at (0,2) size 72x25
            RenderTableCell {TD} at (2,2) size 68x25 [border: (1px inset #808080)] [r=0 c=0 rs=1 cs=1]
              RenderText {#text} at (2,3) size 62x19
                text run at (2,3) width 62: "tbody cell"
