layer at (0,0) size 800x600
  RenderView at (0,0) size 800x600
layer at (0,0) size 800x600
  RenderBlock {HTML} at (0,0) size 800x600
    RenderBody {BODY} at (8,8) size 784x576 [bgcolor=#FFFFFF]
      RenderBlock {FORM} at (0,0) size 784x43
        RenderTable {TABLE} at (0,0) size 784x43
          RenderTableSection {TBODY} at (0,0) size 784x43
            RenderTableRow {TR} at (0,2) size 784x39 [bgcolor=#FFFFFF]
              RenderTableCell {TD} at (2,2) size 81x39 [r=0 c=0 rs=1 cs=1]
                RenderButton {INPUT} at (3,3) size 73x31 [bgcolor=#C0C0C0] [border: (2px outset #C0C0C0)]
                  RenderBlock (anonymous) at (8,5) size 57x21
                    RenderText at (0,1) size 57x19
                      text run at (0,1) width 57: "Select all"
              RenderTableCell {TD} at (85,2) size 65x39 [r=0 c=1 rs=1 cs=1]
                RenderButton {INPUT} at (3,3) size 57x31 [bgcolor=#C0C0C0] [border: (2px outset #C0C0C0)]
                  RenderBlock (anonymous) at (8,5) size 41x21
                    RenderText at (0,1) size 41x19
                      text run at (0,1) width 41: "Delete"
              RenderTableCell {TD} at (152,2) size 100x39 [r=0 c=2 rs=1 cs=1]
                RenderButton {INPUT} at (3,3) size 92x31 [bgcolor=#C0C0C0] [border: (2px outset #C0C0C0)]
                  RenderBlock (anonymous) at (8,5) size 76x21
                    RenderText at (0,1) size 76x19
                      text run at (0,1) width 76: "Empty trash"
              RenderTableCell {TD} at (254,18) size 298x23 [r=0 c=3 rs=1 cs=1]
                RenderText {#text} at (1,2) size 4x19
                  text run at (1,2) width 4: " "
              RenderTableCell {TD} at (554,2) size 81x39 [r=0 c=4 rs=1 cs=1]
                RenderButton {INPUT} at (3,3) size 73x31 [bgcolor=#C0C0C0] [border: (2px outset #C0C0C0)]
                  RenderBlock (anonymous) at (8,5) size 57x21
                    RenderText at (0,1) size 57x19
                      text run at (0,1) width 57: "Move to:"
              RenderTableCell {TD} at (637,3) size 145x38 [r=0 c=5 rs=1 cs=1]
                RenderMenuList {SELECT} at (3,3) size 139x32 [bgcolor=#FFFFFF] [border: (1px solid #000000)]
                  RenderBlock (anonymous) at (9,5) size 93x21
                    RenderText at (0,1) size 93x19
                      text run at (0,1) width 93: "Choose folder "
                RenderText {#text} at (0,0) size 0x0
