layer at (0,0) size 800x688
  RenderView at (0,0) size 800x600
layer at (0,0) size 800x688
  RenderBlock {HTML} at (0,0) size 800x688
    RenderBody {BODY} at (8,8) size 784x672 [bgcolor=#FFFFFF]
      RenderTable {TABLE} at (0,0) size 308x58 [border: (1px outset #808080)]
        RenderTableCol {COLGROUP} at (0,0) size 0x0
          RenderTableCol {COL} at (0,0) size 0x0
          RenderTableCol {COL} at (0,0) size 0x0
        RenderTableSection {TBODY} at (1,1) size 306x56
          RenderTableRow {TR} at (0,2) size 306x25
          RenderTableRow {TR} at (0,29) size 306x25
      RenderTable {TABLE} at (0,58) size 308x58 [border: (1px outset #808080)]
        RenderTableCol {COLGROUP} at (0,0) size 0x0
          RenderTableCol {COL} at (0,0) size 0x0
          RenderTableCol {COL} at (0,0) size 0x0
        RenderTableSection {TBODY} at (1,1) size 306x56
          RenderTableRow {TR} at (0,2) size 306x25
          RenderTableRow {TR} at (0,29) size 306x25
      RenderTable {TABLE} at (0,116) size 300x58 [border: (1px outset #808080)]
        RenderTableSection {TBODY} at (1,1) size 298x56
          RenderTableRow {TR} at (0,2) size 298x25
          RenderTableRow {TR} at (0,29) size 298x25
      RenderTable {TABLE} at (0,174) size 300x58 [border: (1px outset #808080)]
        RenderTableSection {TBODY} at (1,1) size 298x56
          RenderTableRow {TR} at (0,2) size 298x25
          RenderTableRow {TR} at (0,29) size 298x25
      RenderTable {TABLE} at (0,232) size 300x74 [border: (1px outset #808080)]
        RenderTableSection {TBODY} at (1,1) size 298x72
          RenderTableRow {TR} at (0,2) size 298x41
          RenderTableRow {TR} at (0,45) size 298x25
      RenderTable {TABLE} at (0,306) size 300x74 [border: (1px outset #808080)]
        RenderTableSection {TBODY} at (1,1) size 298x72
          RenderTableRow {TR} at (0,2) size 298x41
          RenderTableRow {TR} at (0,45) size 298x25
      RenderTable {TABLE} at (0,380) size 300x100 [border: (1px outset #808080)]
        RenderTableSection {TBODY} at (1,1) size 298x98
          RenderTableRow {TR} at (0,2) size 298x49
          RenderTableRow {TR} at (0,53) size 298x43
      RenderTable {TABLE} at (0,576) size 300x96 [border: (1px outset #808080)]
        RenderTableSection {TBODY} at (1,1) size 298x94
          RenderTableRow {TR} at (0,2) size 298x63
          RenderTableRow {TR} at (0,67) size 298x25
layer at (11,11) size 200x25 clip at (12,12) size 198x23
  RenderTableCell {TD} at (2,2) size 200x25 [bgcolor=#0000FF] [border: (1px inset #808080)] [r=0 c=0 rs=1 cs=1]
    RenderText {#text} at (2,3) size 4x19
      text run at (2,3) width 4: " "
layer at (213,11) size 100x25 clip at (214,12) size 98x23
  RenderTableCell {TD} at (204,2) size 100x25 [bgcolor=#0000FF] [border: (1px inset #808080)] [r=0 c=1 rs=1 cs=1]
    RenderText {#text} at (2,3) size 4x19
      text run at (2,3) width 4: " "
layer at (11,38) size 200x25 clip at (12,39) size 198x23
  RenderTableCell {TD} at (2,29) size 200x25 [bgcolor=#0000FF] [border: (1px inset #808080)] [r=1 c=0 rs=1 cs=1]
    RenderText {#text} at (2,3) size 4x19
      text run at (2,3) width 4: " "
layer at (213,38) size 100x25 clip at (214,39) size 98x23
  RenderTableCell {TD} at (204,29) size 100x25 [bgcolor=#0000FF] [border: (1px inset #808080)] [r=1 c=1 rs=1 cs=1]
    RenderText {#text} at (2,3) size 4x19
      text run at (2,3) width 4: " "
layer at (11,69) size 200x25 clip at (12,70) size 198x23
  RenderTableCell {TD} at (2,2) size 200x25 [bgcolor=#0000FF] [border: (1px inset #808080)] [r=0 c=0 rs=1 cs=1]
    RenderText {#text} at (2,3) size 4x19
      text run at (2,3) width 4: " "
layer at (213,69) size 100x25 clip at (214,70) size 98x23
  RenderTableCell {TD} at (204,2) size 100x25 [bgcolor=#0000FF] [border: (1px inset #808080)] [r=0 c=1 rs=1 cs=1]
    RenderText {#text} at (2,3) size 4x19
      text run at (2,3) width 4: " "
layer at (11,96) size 200x25 clip at (12,97) size 198x23
  RenderTableCell {TD} at (2,29) size 200x25 [bgcolor=#0000FF] [border: (1px inset #808080)] [r=1 c=0 rs=1 cs=1]
    RenderText {#text} at (2,3) size 4x19
      text run at (2,3) width 4: " "
layer at (213,96) size 100x25 clip at (214,97) size 98x23
  RenderTableCell {TD} at (204,29) size 100x25 [bgcolor=#0000FF] [border: (1px inset #808080)] [r=1 c=1 rs=1 cs=1]
    RenderText {#text} at (2,3) size 4x19
      text run at (2,3) width 4: " "
layer at (11,127) size 233x25 clip at (12,128) size 231x23
  RenderTableCell {TD} at (2,2) size 233x25 [bgcolor=#0000FF] [border: (1px inset #808080)] [r=0 c=0 rs=1 cs=1]
    RenderText {#text} at (2,3) size 4x19
      text run at (2,3) width 4: " "
layer at (246,127) size 59x25 clip at (247,128) size 57x23
  RenderTableCell {TD} at (237,2) size 59x25 [bgcolor=#0000FF] [border: (1px inset #808080)] [r=0 c=1 rs=1 cs=1]
    RenderText {#text} at (2,3) size 4x19
      text run at (2,3) width 4: " "
layer at (11,154) size 233x25 clip at (12,155) size 231x23
  RenderTableCell {TD} at (2,29) size 233x25 [bgcolor=#0000FF] [border: (1px inset #808080)] [r=1 c=0 rs=1 cs=1]
    RenderText {#text} at (2,3) size 4x19
      text run at (2,3) width 4: " "
layer at (246,154) size 59x25 clip at (247,155) size 57x23
  RenderTableCell {TD} at (237,29) size 59x25 [bgcolor=#0000FF] [border: (1px inset #808080)] [r=1 c=1 rs=1 cs=1]
    RenderText {#text} at (2,3) size 4x19
      text run at (2,3) width 4: " "
layer at (11,185) size 150x25 clip at (12,186) size 148x23
  RenderTableCell {TD} at (2,2) size 150x25 [bgcolor=#0000FF] [border: (1px inset #808080)] [r=0 c=0 rs=1 cs=1]
    RenderText {#text} at (2,3) size 4x19
      text run at (2,3) width 4: " "
layer at (163,185) size 142x25 clip at (164,186) size 140x23
  RenderTableCell {TD} at (154,2) size 142x25 [bgcolor=#0000FF] [border: (1px inset #808080)] [r=0 c=1 rs=1 cs=1]
    RenderText {#text} at (2,3) size 4x19
      text run at (2,3) width 4: " "
layer at (11,212) size 150x25 clip at (12,213) size 148x23
  RenderTableCell {TD} at (2,29) size 150x25 [bgcolor=#0000FF] [border: (1px inset #808080)] [r=1 c=0 rs=1 cs=1]
    RenderText {#text} at (2,3) size 4x19
      text run at (2,3) width 4: " "
layer at (163,212) size 142x25 clip at (164,213) size 140x23
  RenderTableCell {TD} at (154,29) size 142x25 [bgcolor=#0000FF] [border: (1px inset #808080)] [r=1 c=1 rs=1 cs=1]
    RenderText {#text} at (2,3) size 4x19
      text run at (2,3) width 4: " "
layer at (11,243) size 150x41 clip at (12,244) size 148x39 scrollWidth 205
  RenderTableCell {TD} at (2,2) size 150x41 [bgcolor=#0000FF] [border: (1px inset #808080)] [r=0 c=0 rs=1 cs=1]
    RenderBlock {FORM} at (2,2) size 146x37
      RenderButton {BUTTON} at (0,2) size 200x31 [bgcolor=#C0C0C0] [border: (2px outset #C0C0C0)]
        RenderBlock (anonymous) at (8,5) size 184x21
          RenderText {#text} at (71,1) size 41x19
            text run at (71,1) width 41: "button"
layer at (163,243) size 142x41 clip at (164,244) size 140x39
  RenderTableCell {TD} at (154,10) size 142x25 [bgcolor=#0000FF] [border: (1px inset #808080)] [r=0 c=1 rs=1 cs=1]
    RenderText {#text} at (2,3) size 4x19
      text run at (2,3) width 4: " "
layer at (11,286) size 150x25 clip at (12,287) size 148x23
  RenderTableCell {TD} at (2,45) size 150x25 [bgcolor=#0000FF] [border: (1px inset #808080)] [r=1 c=0 rs=1 cs=1]
    RenderText {#text} at (2,3) size 4x19
      text run at (2,3) width 4: " "
layer at (163,286) size 142x25 clip at (164,287) size 140x23
  RenderTableCell {TD} at (154,45) size 142x25 [bgcolor=#0000FF] [border: (1px inset #808080)] [r=1 c=1 rs=1 cs=1]
    RenderText {#text} at (2,3) size 4x19
      text run at (2,3) width 4: " "
layer at (11,317) size 281x41 clip at (12,318) size 279x39
  RenderTableCell {TD} at (2,2) size 281x41 [bgcolor=#0000FF] [border: (1px inset #808080)] [r=0 c=0 rs=1 cs=1]
    RenderBlock {FORM} at (2,2) size 277x37
      RenderButton {BUTTON} at (0,2) size 200x31 [bgcolor=#C0C0C0] [border: (2px outset #C0C0C0)]
        RenderBlock (anonymous) at (8,5) size 184x21
          RenderText {#text} at (71,1) size 41x19
            text run at (71,1) width 41: "button"
layer at (294,317) size 11x41 clip at (295,318) size 9x39
  RenderTableCell {TD} at (285,10) size 11x25 [bgcolor=#0000FF] [border: (1px inset #808080)] [r=0 c=1 rs=1 cs=1]
    RenderText {#text} at (2,3) size 4x19
      text run at (2,3) width 4: " "
layer at (11,360) size 281x25 clip at (12,361) size 279x23
  RenderTableCell {TD} at (2,45) size 281x25 [bgcolor=#0000FF] [border: (1px inset #808080)] [r=1 c=0 rs=1 cs=1]
    RenderText {#text} at (2,3) size 4x19
      text run at (2,3) width 4: " "
layer at (294,360) size 11x25 clip at (295,361) size 9x23
  RenderTableCell {TD} at (285,45) size 11x25 [bgcolor=#0000FF] [border: (1px inset #808080)] [r=1 c=1 rs=1 cs=1]
    RenderText {#text} at (2,3) size 4x19
      text run at (2,3) width 4: " "
layer at (11,391) size 150x49 clip at (12,392) size 148x47 scrollWidth 216
  RenderTableCell {TD} at (2,2) size 150x49 [bgcolor=#0000FF] [border: (1px inset #808080)] [r=0 c=0 rs=1 cs=1]
    RenderBlock {DIV} at (11,11) size 206x27 [border: (3px solid #000000)]
      RenderText {#text} at (3,4) size 20x19
        text run at (3,4) width 20: "div"
layer at (163,391) size 142x49 clip at (164,392) size 140x47
  RenderTableCell {TD} at (154,5) size 142x43 [bgcolor=#0000FF] [border: (1px inset #808080)] [r=0 c=1 rs=1 cs=1]
    RenderText {#text} at (11,12) size 4x19
      text run at (11,12) width 4: " "
layer at (11,442) size 150x43 clip at (12,443) size 148x41
  RenderTableCell {TD} at (2,53) size 150x43 [bgcolor=#0000FF] [border: (1px inset #808080)] [r=1 c=0 rs=1 cs=1]
    RenderText {#text} at (11,12) size 4x19
      text run at (11,12) width 4: " "
layer at (163,442) size 142x43 clip at (164,443) size 140x41
  RenderTableCell {TD} at (154,53) size 142x43 [bgcolor=#0000FF] [border: (1px inset #808080)] [r=1 c=1 rs=1 cs=1]
    RenderText {#text} at (11,12) size 4x19
      text run at (11,12) width 4: " "
layer at (8,488) size 300x96 clip at (9,489) size 298x94
  RenderTable {TABLE} at (0,480) size 300x96 [border: (1px outset #808080)]
    RenderTableSection {TBODY} at (1,1) size 298x94
      RenderTableRow {TR} at (0,2) size 298x63
      RenderTableRow {TR} at (0,67) size 298x25
layer at (11,491) size 150x63 clip at (12,492) size 148x61 scrollWidth 207
  RenderTableCell {TD} at (2,2) size 150x63 [bgcolor=#0000FF] [border: (1px inset #808080)] [r=0 c=0 rs=1 cs=1]
    RenderBlock {P} at (2,18) size 206x27 [border: (3px solid #000000)]
      RenderText {#text} at (3,4) size 28x19
        text run at (3,4) width 28: "para"
layer at (163,491) size 142x63 clip at (164,492) size 140x61
  RenderTableCell {TD} at (154,21) size 142x25 [bgcolor=#0000FF] [border: (1px inset #808080)] [r=0 c=1 rs=1 cs=1]
    RenderText {#text} at (2,3) size 4x19
      text run at (2,3) width 4: " "
layer at (11,556) size 150x25 clip at (12,557) size 148x23
  RenderTableCell {TD} at (2,67) size 150x25 [bgcolor=#0000FF] [border: (1px inset #808080)] [r=1 c=0 rs=1 cs=1]
    RenderText {#text} at (2,3) size 4x19
      text run at (2,3) width 4: " "
layer at (163,556) size 142x25 clip at (164,557) size 140x23
  RenderTableCell {TD} at (154,67) size 142x25 [bgcolor=#0000FF] [border: (1px inset #808080)] [r=1 c=1 rs=1 cs=1]
    RenderText {#text} at (2,3) size 4x19
      text run at (2,3) width 4: " "
layer at (11,587) size 254x63 clip at (12,588) size 252x61
  RenderTableCell {TD} at (2,2) size 254x63 [bgcolor=#0000FF] [border: (1px inset #808080)] [r=0 c=0 rs=1 cs=1]
    RenderBlock {P} at (2,18) size 206x27 [border: (3px solid #000000)]
      RenderText {#text} at (3,4) size 28x19
        text run at (3,4) width 28: "para"
layer at (267,587) size 38x63 clip at (268,588) size 36x61
  RenderTableCell {TD} at (258,21) size 38x25 [bgcolor=#0000FF] [border: (1px inset #808080)] [r=0 c=1 rs=1 cs=1]
    RenderText {#text} at (2,3) size 4x19
      text run at (2,3) width 4: " "
layer at (11,652) size 254x25 clip at (12,653) size 252x23
  RenderTableCell {TD} at (2,67) size 254x25 [bgcolor=#0000FF] [border: (1px inset #808080)] [r=1 c=0 rs=1 cs=1]
    RenderText {#text} at (2,3) size 4x19
      text run at (2,3) width 4: " "
layer at (267,652) size 38x25 clip at (268,653) size 36x23
  RenderTableCell {TD} at (258,67) size 38x25 [bgcolor=#0000FF] [border: (1px inset #808080)] [r=1 c=1 rs=1 cs=1]
    RenderText {#text} at (2,3) size 4x19
      text run at (2,3) width 4: " "
