layer at (0,0) size 800x600
  RenderView at (0,0) size 800x600
layer at (0,0) size 800x600
  RenderBlock {HTML} at (0,0) size 800x600
    RenderBody {BODY} at (8,8) size 784x584
      RenderTable {TABLE} at (0,0) size 784x124 [bgcolor=#00FFFF] [border: (1px outset #808080)]
        RenderTableSection {TBODY} at (1,1) size 782x122
          RenderTableRow {TR} at (0,2) size 782x118
            RenderTableCell {TD} at (2,2) size 453x118 [border: (1px inset #808080)] [r=0 c=0 rs=1 cs=1]
              RenderTable {TABLE} at (2,2) size 449x114 [bgcolor=#FF00FF] [border: (1px outset #808080)]
                RenderTableSection {TBODY} at (1,1) size 447x112
                  RenderTableRow {TR} at (0,2) size 447x108
                    RenderTableCell {TD} at (2,2) size 443x108 [border: (1px inset #808080)] [r=0 c=0 rs=1 cs=1]
                      RenderText {#text} at (2,3) size 200x19
                        text run at (2,3) width 200: "Mozilla To Be Dually-Licensed"
                      RenderBR {BR} at (202,18) size 0x0
                      RenderText {#text} at (2,39) size 205x19
                        text run at (2,39) width 205: "Plans are underway to make the "
                      RenderInline {FONT} at (0,0) size 99x36 [color=#0000FF]
                        RenderText {#text} at (207,25) size 99x36
                          text run at (207,25) width 99: "Mozilla"
                      RenderText {#text} at (306,39) size 438x66
                        text run at (306,39) width 134: " code available under"
                        text run at (2,65) width 11: "a "
                        text run at (13,65) width 154: "dual MPL/GPL license. "
                        text run at (167,65) width 240: "See the for more info. We're gathering"
                        text run at (2,86) width 257: "contributor input now, in the newsgroup."
                      RenderBR {BR} at (259,101) size 0x0
            RenderTableCell {TD} at (457,27) size 323x67 [border: (1px inset #808080)] [r=0 c=1 rs=1 cs=1]
              RenderText {#text} at (2,3) size 315x61
                text run at (2,3) width 266: "This status update contains information on"
                text run at (2,24) width 315: "MailNews, XML/DOM, XPToolkit, Architecture,"
                text run at (2,45) width 201: "Bidi, Necko/Imglib, and more..."
      RenderBlock (anonymous) at (0,124) size 784x58
        RenderBR {BR} at (0,1) size 0x19
        RenderButton {INPUT} at (2,23) size 61x31 [bgcolor=#C0C0C0] [border: (2px outset #C0C0C0)]
          RenderBlock (anonymous) at (8,5) size 45x21
            RenderText at (0,1) size 45x19
              text run at (0,1) width 45: "Reload"
        RenderText {#text} at (67,29) size 8x19
          text run at (67,29) width 8: "  "
        RenderButton {INPUT} at (77,23) size 98x31 [bgcolor=#C0C0C0] [border: (2px outset #C0C0C0)]
          RenderBlock (anonymous) at (8,5) size 82x21
            RenderText at (0,1) size 82x19
              text run at (0,1) width 82: "Change Font"
        RenderText {#text} at (179,29) size 8x19
          text run at (179,29) width 8: "  "
        RenderTextControl {INPUT} at (189,23) size 192x31 [bgcolor=#FFFFFF] [border: (2px inset #000000)]
        RenderText {#text} at (0,0) size 0x0
layer at (200,160) size 186x21
  RenderBlock {DIV} at (3,5) size 186x21
    RenderText {#text} at (1,1) size 8x19
      text run at (1,1) width 8: "6"
