layer at (0,0) size 800x600
  RenderView at (0,0) size 800x600
layer at (0,0) size 800x600
  RenderBlock {HTML} at (0,0) size 800x600
    RenderBody {BODY} at (8,8) size 784x576
      RenderBlock (anonymous) at (0,0) size 784x21
        RenderText {#text} at (0,1) size 265x19
          text run at (0,1) width 265: "The select should not contain blank items "
        RenderBR {BR} at (265,16) size 0x0
      RenderBlock {FORM} at (0,21) size 784x37
        RenderInline {B} at (0,0) size 47x19
          RenderText {#text} at (0,8) size 47x19
            text run at (0,8) width 47: "Search"
        RenderText {#text} at (47,8) size 4x19
          text run at (47,8) width 4: " "
        RenderTextControl {INPUT} at (53,2) size 176x31 [bgcolor=#FFFFFF] [border: (2px inset #000000)]
        RenderText {#text} at (233,8) size 4x19
          text run at (233,8) width 4: " "
        RenderMenuList {SELECT} at (239,2) size 100x32 [bgcolor=#FFFFFF] [border: (1px solid #000000)]
          RenderBlock (anonymous) at (9,5) size 54x21
            RenderText at (0,1) size 40x19
              text run at (0,1) width 40: "Excite"
        RenderText {#text} at (0,0) size 0x0
      RenderBlock (anonymous) at (0,74) size 784x42
        RenderBR {BR} at (0,1) size 0x19
        RenderText {#text} at (0,22) size 264x19
          text run at (0,22) width 264: "The select should not contain blank items "
        RenderBR {BR} at (264,37) size 0x0
      RenderBlock {FORM} at (0,116) size 784x36
        RenderMenuList {SELECT} at (2,2) size 274x32 [bgcolor=#FFFFFF] [border: (1px solid #000000)]
          RenderBlock (anonymous) at (9,5) size 228x21
            RenderText at (0,1) size 73x19
              text run at (0,1) width 73: "Quick Link"
layer at (64,36) size 170x21
  RenderBlock {DIV} at (3,5) size 170x21
