layer at (0,0) size 800x600
  RenderView at (0,0) size 800x600
layer at (0,0) size 800x600
  RenderBlock {HTML} at (0,0) size 800x600
    RenderBody {BODY} at (8,8) size 784x584 [bgcolor=#FFFFFF]
      RenderTable {TABLE} at (0,0) size 360x104 [border: (1px outset #808080)]
        RenderTableSection {TBODY} at (1,1) size 358x102
          RenderTableRow {TR} at (0,2) size 358x98
            RenderTableCell {TD} at (2,2) size 354x98 [border: (1px inset #808080)] [r=0 c=0 rs=1 cs=1]
              RenderTable {TABLE} at (2,2) size 350x94 [bgcolor=#FFCC99] [border: (1px outset #808080)]
                RenderTableSection {TBODY} at (1,1) size 348x92
                  RenderTableRow {TR} at (0,2) size 348x88
                    RenderTableCell {TD} at (2,16) size 248x59 [border: (1px inset #808080)] [r=0 c=0 rs=1 cs=2]
                      RenderInline {B} at (0,0) size 100x19
                        RenderText {#text} at (2,3) size 100x19
                          text run at (2,3) width 100: "Contact MPG:"
                      RenderText {#text} at (102,3) size 4x19
                        text run at (102,3) width 4: " "
                      RenderBR {BR} at (0,0) size 0x0
                      RenderInline {FONT} at (0,0) size 239x32
                        RenderInline {B} at (0,0) size 149x15
                          RenderInline {A} at (0,0) size 149x15 [color=#0000EE]
                            RenderText {#text} at (2,24) size 149x15
                              text run at (2,24) width 33: "Click "
                              text run at (35,24) width 116: "here to email full list"
                        RenderText {#text} at (151,24) size 73x15
                          text run at (151,24) width 73: ", or copy this "
                        RenderInline {A} at (0,0) size 239x32 [color=#0000EE]
                          RenderText {#text} at (224,24) size 239x32
                            text run at (224,24) width 17: "list"
                            text run at (2,41) width 65: "of addresses"
                        RenderText {#text} at (67,41) size 40x15
                          text run at (67,41) width 40: ".  View "
                        RenderInline {A} at (0,0) size 83x15 [color=#0000EE]
                          RenderText {#text} at (107,41) size 83x15
                            text run at (107,41) width 83: "Who is in MPG"
                        RenderText {#text} at (190,41) size 3x15
                          text run at (190,41) width 3: "."
                      RenderText {#text} at (0,0) size 0x0
                    RenderTableCell {TD} at (252,2) size 94x88 [border: (1px inset #808080)] [r=0 c=2 rs=1 cs=1]
                      RenderInline {B} at (0,0) size 84x19
                        RenderText {#text} at (2,3) size 84x19
                          text run at (2,3) width 84: "MPG Rules:"
                      RenderText {#text} at (86,3) size 4x19
                        text run at (86,3) width 4: " "
                      RenderBR {BR} at (0,0) size 0x0
                      RenderText {#text} at (2,24) size 59x61
                        text run at (2,24) width 59: "Not at all"
                        text run at (2,45) width 44: "serious"
                        text run at (2,66) width 50: "bylaws."
