layer at (0,0) size 800x600
  RenderView at (0,0) size 800x600
layer at (0,0) size 800x113
  RenderBlock {HTML} at (0,0) size 800x113
    RenderBody {BODY} at (8,8) size 784x97
      RenderTable {TABLE} at (0,0) size 210x97 [bgcolor=#FF0000] [border: (1px outset #808080)]
        RenderTableSection {TBODY} at (1,1) size 208x95
          RenderTableRow {TR} at (0,5) size 208x25 [bgcolor=#0000FF]
            RenderTableCell {TD} at (5,5) size 46x25 [bgcolor=#008000] [border: (1px inset #808080)] [r=0 c=0 rs=1 cs=1]
              RenderText {#text} at (2,3) size 42x19
                text run at (2,3) width 42: "Cell A"
            RenderTableCell {TD} at (56,5) size 45x25 [border: (1px inset #808080)] [r=0 c=1 rs=1 cs=1]
              RenderText {#text} at (2,3) size 41x19
                text run at (2,3) width 41: "Cell B"
            RenderTableCell {TD} at (106,5) size 46x25 [border: (1px inset #808080)] [r=0 c=2 rs=1 cs=1]
              RenderText {#text} at (2,3) size 41x19
                text run at (2,3) width 41: "Cell C"
            RenderTableCell {TD} at (157,5) size 46x25 [border: (1px inset #808080)] [r=0 c=3 rs=1 cs=1]
              RenderText {#text} at (2,3) size 42x19
                text run at (2,3) width 42: "Cell D"
          RenderTableRow {TR} at (0,35) size 208x25
            RenderTableCell {TD} at (5,35) size 46x25 [border: (1px inset #808080)] [r=1 c=0 rs=1 cs=1]
              RenderText {#text} at (2,3) size 40x19
                text run at (2,3) width 40: "Cell E"
            RenderTableCell {TD} at (56,35) size 45x25 [border: (1px inset #808080)] [r=1 c=1 rs=1 cs=1]
              RenderText {#text} at (2,3) size 39x19
                text run at (2,3) width 39: "Cell F"
            RenderTableCell {TD} at (106,35) size 46x25 [border: (1px inset #808080)] [r=1 c=2 rs=1 cs=1]
              RenderText {#text} at (2,3) size 42x19
                text run at (2,3) width 42: "Cell G"
            RenderTableCell {TD} at (157,35) size 46x25 [border: (1px inset #808080)] [r=1 c=3 rs=1 cs=1]
              RenderText {#text} at (2,3) size 42x19
                text run at (2,3) width 42: "Cell H"
          RenderTableRow {TR} at (0,65) size 208x25
            RenderTableCell {TD} at (5,65) size 46x25 [border: (1px inset #808080)] [r=2 c=0 rs=1 cs=1]
              RenderText {#text} at (2,3) size 35x19
                text run at (2,3) width 35: "Cell I"
            RenderTableCell {TD} at (56,65) size 45x25 [border: (1px inset #808080)] [r=2 c=1 rs=1 cs=1]
              RenderText {#text} at (2,3) size 36x19
                text run at (2,3) width 36: "Cell J"
            RenderTableCell {TD} at (106,65) size 46x25 [border: (1px inset #808080)] [r=2 c=2 rs=1 cs=1]
              RenderText {#text} at (2,3) size 42x19
                text run at (2,3) width 42: "Cell K"
            RenderTableCell {TD} at (157,65) size 46x25 [border: (1px inset #808080)] [r=2 c=3 rs=1 cs=1]
              RenderText {#text} at (2,3) size 40x19
                text run at (2,3) width 40: "Cell L"
