layer at (0,0) size 800x600
  RenderView at (0,0) size 800x600
layer at (0,0) size 800x600
  RenderBlock {HTML} at (0,0) size 800x600
    RenderBody {BODY} at (8,8) size 784x584
      RenderTable {TABLE} at (0,0) size 784x400 [border: none]
        RenderTableSection {TBODY} at (0,0) size 783x399
          RenderTableRow {TR} at (0,0) size 783x24
            RenderTableCell {TH} at (0,0) size 111x24 [border: (1px solid #005A8C)] [r=0 c=0 rs=1 cs=1]
              RenderText {#text} at (42,3) size 27x19
                text run at (42,3) width 27: "Sun"
            RenderTableCell {TH} at (111,0) size 112x24 [border: (1px solid #005A8C)] [r=0 c=1 rs=1 cs=1]
              RenderText {#text} at (40,3) size 32x19
                text run at (40,3) width 32: "Mon"
            RenderTableCell {TH} at (223,0) size 112x24 [border: (1px solid #005A8C)] [r=0 c=2 rs=1 cs=1]
              RenderText {#text} at (43,3) size 26x19
                text run at (43,3) width 26: "Tue"
            RenderTableCell {TH} at (335,0) size 112x24 [border: (1px solid #005A8C)] [r=0 c=3 rs=1 cs=1]
              RenderText {#text} at (41,3) size 31x19
                text run at (41,3) width 31: "Wed"
            RenderTableCell {TH} at (447,0) size 112x24 [border: (1px solid #005A8C)] [r=0 c=4 rs=1 cs=1]
              RenderText {#text} at (42,3) size 29x19
                text run at (42,3) width 29: "Thu"
            RenderTableCell {TH} at (559,0) size 112x24 [border: (1px solid #005A8C)] [r=0 c=5 rs=1 cs=1]
              RenderText {#text} at (46,3) size 21x19
                text run at (46,3) width 21: "Fri"
            RenderTableCell {TH} at (671,0) size 112x24 [border: (1px solid #005A8C)] [r=0 c=6 rs=1 cs=1]
              RenderText {#text} at (45,3) size 22x19
                text run at (45,3) width 22: "Sat"
          RenderTableRow {TR} at (0,24) size 783x45
            RenderTableCell {TD} at (0,24) size 559x3 [border: (1px solid #005A8C)] [r=1 c=0 rs=1 cs=5]
            RenderTableCell {TD} at (559,24) size 112x45 [border: (1px solid #005A8C)] [r=1 c=5 rs=1 cs=1]
              RenderBlock {DIV} at (2,2) size 109x21
                RenderText {#text} at (0,1) size 8x19
                  text run at (0,1) width 8: "1"
              RenderBlock {DIV} at (2,23) size 109x21
                RenderText {#text} at (0,1) size 28x19
                  text run at (0,1) width 28: "7:50"
            RenderTableCell {TD} at (671,24) size 112x45 [border: (1px solid #005A8C)] [r=1 c=6 rs=1 cs=1]
              RenderBlock {DIV} at (2,2) size 109x21
                RenderText {#text} at (0,1) size 8x19
                  text run at (0,1) width 8: "2"
              RenderBlock (anonymous) at (2,23) size 109x21
                RenderText {#text} at (0,1) size 100x19
                  text run at (0,1) width 100: "Althea Halliday"
                RenderBR {BR} at (100,16) size 0x0
          RenderTableRow {TR} at (0,69) size 783x87
            RenderTableCell {TD} at (0,69) size 111x87 [border: (1px solid #005A8C)] [r=2 c=0 rs=1 cs=1]
              RenderBlock {DIV} at (2,2) size 108x21
                RenderText {#text} at (0,1) size 8x19
                  text run at (0,1) width 8: "3"
              RenderBlock (anonymous) at (2,23) size 108x63
                RenderText {#text} at (0,1) size 66x19
                  text run at (0,1) width 66: "CHORTle"
                RenderBR {BR} at (66,16) size 0x0
                RenderText {#text} at (0,22) size 67x40
                  text run at (0,22) width 61: "Avondale"
                  text run at (0,43) width 67: "graduation"
            RenderTableCell {TD} at (111,69) size 112x45 [border: (1px solid #005A8C)] [r=2 c=1 rs=1 cs=1]
              RenderBlock {DIV} at (2,2) size 109x21
                RenderText {#text} at (0,1) size 8x19
                  text run at (0,1) width 8: "4"
              RenderBlock (anonymous) at (2,23) size 109x21
                RenderBR {BR} at (0,1) size 0x19
            RenderTableCell {TD} at (223,69) size 112x66 [border: (1px solid #005A8C)] [r=2 c=2 rs=1 cs=1]
              RenderBlock {DIV} at (2,2) size 109x21
                RenderText {#text} at (0,1) size 8x19
                  text run at (0,1) width 8: "5"
              RenderBlock (anonymous) at (2,23) size 109x42
                RenderText {#text} at (0,1) size 82x40
                  text run at (0,1) width 82: "SAC Speech"
                  text run at (0,22) width 32: "night"
            RenderTableCell {TD} at (335,69) size 112x66 [border: (1px solid #005A8C)] [r=2 c=3 rs=1 cs=1]
              RenderBlock {DIV} at (2,2) size 109x21
                RenderText {#text} at (0,1) size 8x19
                  text run at (0,1) width 8: "6"
              RenderBlock (anonymous) at (2,23) size 109x42
                RenderText {#text} at (0,1) size 82x40
                  text run at (0,1) width 82: "Management"
                  text run at (0,22) width 65: "committee"
            RenderTableCell {TD} at (447,69) size 112x87 [border: (1px solid #005A8C)] [r=2 c=4 rs=1 cs=1]
              RenderBlock {DIV} at (2,2) size 109x21
                RenderText {#text} at (0,1) size 8x19
                  text run at (0,1) width 8: "7"
              RenderBlock (anonymous) at (2,23) size 109x63
                RenderText {#text} at (0,1) size 99x61
                  text run at (0,1) width 94: "Castle Hill and"
                  text run at (0,22) width 99: "Mountain View"
                  text run at (0,43) width 88: "Speech nights"
            RenderTableCell {TD} at (559,69) size 112x45 [border: (1px solid #005A8C)] [r=2 c=5 rs=1 cs=1]
              RenderBlock {DIV} at (2,2) size 109x21
                RenderText {#text} at (0,1) size 8x19
                  text run at (0,1) width 8: "8"
              RenderBlock {DIV} at (2,23) size 109x21
                RenderText {#text} at (0,1) size 28x19
                  text run at (0,1) width 28: "7:56"
            RenderTableCell {TD} at (671,69) size 112x45 [border: (1px solid #005A8C)] [r=2 c=6 rs=1 cs=1]
              RenderBlock {DIV} at (2,2) size 109x21
                RenderText {#text} at (0,1) size 8x19
                  text run at (0,1) width 8: "9"
              RenderBlock (anonymous) at (2,23) size 109x21
                RenderText {#text} at (0,1) size 91x19
                  text run at (0,1) width 91: "Reconciliation"
          RenderTableRow {TR} at (0,156) size 783x87
            RenderTableCell {TD} at (0,156) size 111x45 [border: (1px solid #005A8C)] [r=3 c=0 rs=1 cs=1]
              RenderBlock {DIV} at (2,2) size 108x21
                RenderText {#text} at (0,1) size 16x19
                  text run at (0,1) width 16: "10"
              RenderBlock (anonymous) at (2,23) size 108x21
                RenderText {#text} at (0,1) size 100x19
                  text run at (0,1) width 100: "Christmas party"
                RenderBR {BR} at (100,16) size 0x0
            RenderTableCell {TD} at (111,156) size 112x45 [border: (1px solid #005A8C)] [r=3 c=1 rs=1 cs=1]
              RenderBlock {DIV} at (2,2) size 109x21
                RenderText {#text} at (0,1) size 16x19
                  text run at (0,1) width 16: "11"
              RenderBlock (anonymous) at (2,23) size 109x21
                RenderBR {BR} at (0,1) size 0x19
            RenderTableCell {TD} at (223,156) size 112x45 [border: (1px solid #005A8C)] [r=3 c=2 rs=1 cs=1]
              RenderBlock {DIV} at (2,2) size 109x21
                RenderText {#text} at (0,1) size 16x19
                  text run at (0,1) width 16: "12"
              RenderBlock (anonymous) at (2,23) size 109x21
                RenderBR {BR} at (0,1) size 0x19
            RenderTableCell {TD} at (335,156) size 112x87 [border: (1px solid #005A8C)] [r=3 c=3 rs=1 cs=1]
              RenderBlock {DIV} at (2,2) size 109x21
                RenderText {#text} at (0,1) size 16x19
                  text run at (0,1) width 16: "13"
              RenderBlock (anonymous) at (2,23) size 109x63
                RenderText {#text} at (0,1) size 75x61
                  text run at (0,1) width 75: "Community"
                  text run at (0,22) width 62: "Ministries"
                  text run at (0,43) width 65: "committee"
            RenderTableCell {TD} at (447,156) size 112x45 [border: (1px solid #005A8C)] [r=3 c=4 rs=1 cs=1]
              RenderBlock {DIV} at (2,2) size 109x21
                RenderText {#text} at (0,1) size 16x19
                  text run at (0,1) width 16: "14"
              RenderBlock (anonymous) at (2,23) size 109x21
                RenderBR {BR} at (0,1) size 0x19
            RenderTableCell {TD} at (559,156) size 112x45 [border: (1px solid #005A8C)] [r=3 c=5 rs=1 cs=1]
              RenderBlock {DIV} at (2,2) size 109x21
                RenderText {#text} at (0,1) size 16x19
                  text run at (0,1) width 16: "15"
              RenderBlock {DIV} at (2,23) size 109x21
                RenderText {#text} at (0,1) size 28x19
                  text run at (0,1) width 28: "8:02"
            RenderTableCell {TD} at (671,156) size 112x45 [border: (1px solid #005A8C)] [r=3 c=6 rs=1 cs=1]
              RenderBlock {DIV} at (2,2) size 109x21
                RenderText {#text} at (0,1) size 16x19
                  text run at (0,1) width 16: "16"
              RenderBlock (anonymous) at (2,23) size 109x21
                RenderText {#text} at (0,1) size 67x19
                  text run at (0,1) width 67: "Paul Goltz"
                RenderBR {BR} at (67,16) size 0x0
          RenderTableRow {TR} at (0,243) size 783x66
            RenderTableCell {TD} at (0,243) size 111x45 [border: (1px solid #005A8C)] [r=4 c=0 rs=1 cs=1]
              RenderBlock {DIV} at (2,2) size 108x21
                RenderText {#text} at (0,1) size 16x19
                  text run at (0,1) width 16: "17"
              RenderBlock (anonymous) at (2,23) size 108x21
                RenderBR {BR} at (0,1) size 0x19
            RenderTableCell {TD} at (111,243) size 112x45 [border: (1px solid #005A8C)] [r=4 c=1 rs=1 cs=1]
              RenderBlock {DIV} at (2,2) size 109x21
                RenderText {#text} at (0,1) size 16x19
                  text run at (0,1) width 16: "18"
              RenderBlock (anonymous) at (2,23) size 109x21
                RenderBR {BR} at (0,1) size 0x19
            RenderTableCell {TD} at (223,243) size 112x66 [border: (1px solid #005A8C)] [r=4 c=2 rs=1 cs=1]
              RenderBlock {DIV} at (2,2) size 109x21
                RenderText {#text} at (0,1) size 16x19
                  text run at (0,1) width 16: "19"
              RenderBlock (anonymous) at (2,23) size 109x42
                RenderText {#text} at (0,1) size 103x40
                  text run at (0,1) width 103: "End school term"
                  text run at (0,22) width 8: "4"
            RenderTableCell {TD} at (335,243) size 112x45 [border: (1px solid #005A8C)] [r=4 c=3 rs=1 cs=1]
              RenderBlock {DIV} at (2,2) size 109x21
                RenderText {#text} at (0,1) size 16x19
                  text run at (0,1) width 16: "20"
              RenderBlock (anonymous) at (2,23) size 109x21
                RenderBR {BR} at (0,1) size 0x19
            RenderTableCell {TD} at (447,243) size 112x45 [border: (1px solid #005A8C)] [r=4 c=4 rs=1 cs=1]
              RenderBlock {DIV} at (2,2) size 109x21
                RenderText {#text} at (0,1) size 16x19
                  text run at (0,1) width 16: "21"
              RenderBlock (anonymous) at (2,23) size 109x21
                RenderBR {BR} at (0,1) size 0x19
            RenderTableCell {TD} at (559,243) size 112x45 [border: (1px solid #005A8C)] [r=4 c=5 rs=1 cs=1]
              RenderBlock {DIV} at (2,2) size 109x21
                RenderText {#text} at (0,1) size 16x19
                  text run at (0,1) width 16: "22"
              RenderBlock {DIV} at (2,23) size 109x21
                RenderText {#text} at (0,1) size 28x19
                  text run at (0,1) width 28: "8:06"
            RenderTableCell {TD} at (671,243) size 112x66 [border: (1px solid #005A8C)] [r=4 c=6 rs=1 cs=1]
              RenderBlock {DIV} at (2,2) size 109x21
                RenderText {#text} at (0,1) size 16x19
                  text run at (0,1) width 16: "23"
              RenderBlock (anonymous) at (2,23) size 109x42
                RenderText {#text} at (0,1) size 73x40
                  text run at (0,1) width 63: "Christmas"
                  text run at (0,22) width 73: "programme"
                RenderBR {BR} at (73,37) size 0x0
          RenderTableRow {TR} at (0,309) size 783x45
            RenderTableCell {TD} at (0,309) size 111x45 [border: (1px solid #005A8C)] [r=5 c=0 rs=1 cs=1]
              RenderBlock {DIV} at (2,2) size 108x21
                RenderText {#text} at (0,1) size 16x19
                  text run at (0,1) width 16: "24"
              RenderBlock (anonymous) at (2,23) size 108x21
                RenderBR {BR} at (0,1) size 0x19
            RenderTableCell {TD} at (111,309) size 112x45 [border: (1px solid #005A8C)] [r=5 c=1 rs=1 cs=1]
              RenderBlock {DIV} at (2,2) size 109x21
                RenderText {#text} at (0,1) size 16x19
                  text run at (0,1) width 16: "25"
              RenderBlock (anonymous) at (2,23) size 109x21
                RenderText {#text} at (0,1) size 90x19
                  text run at (0,1) width 90: "Christmas day"
                RenderBR {BR} at (90,16) size 0x0
            RenderTableCell {TD} at (223,309) size 112x45 [border: (1px solid #005A8C)] [r=5 c=2 rs=1 cs=1]
              RenderBlock {DIV} at (2,2) size 109x21
                RenderText {#text} at (0,1) size 16x19
                  text run at (0,1) width 16: "26"
              RenderBlock (anonymous) at (2,23) size 109x21
                RenderText {#text} at (0,1) size 74x19
                  text run at (0,1) width 74: "Boxing day"
                RenderBR {BR} at (74,16) size 0x0
            RenderTableCell {TD} at (335,309) size 112x45 [border: (1px solid #005A8C)] [r=5 c=3 rs=1 cs=1]
              RenderBlock {DIV} at (2,2) size 109x21
                RenderText {#text} at (0,1) size 16x19
                  text run at (0,1) width 16: "27"
              RenderBlock (anonymous) at (2,23) size 109x21
                RenderBR {BR} at (0,1) size 0x19
            RenderTableCell {TD} at (447,309) size 112x45 [border: (1px solid #005A8C)] [r=5 c=4 rs=1 cs=1]
              RenderBlock {DIV} at (2,2) size 109x21
                RenderText {#text} at (0,1) size 16x19
                  text run at (0,1) width 16: "28"
              RenderBlock (anonymous) at (2,23) size 109x21
                RenderBR {BR} at (0,1) size 0x19
            RenderTableCell {TD} at (559,309) size 112x45 [border: (1px solid #005A8C)] [r=5 c=5 rs=1 cs=1]
              RenderBlock {DIV} at (2,2) size 109x21
                RenderText {#text} at (0,1) size 16x19
                  text run at (0,1) width 16: "29"
              RenderBlock {DIV} at (2,23) size 109x21
                RenderText {#text} at (0,1) size 28x19
                  text run at (0,1) width 28: "8:09"
            RenderTableCell {TD} at (671,309) size 112x45 [border: (1px solid #005A8C)] [r=5 c=6 rs=1 cs=1]
              RenderBlock {DIV} at (2,2) size 109x21
                RenderText {#text} at (0,1) size 16x19
                  text run at (0,1) width 16: "30"
              RenderBlock (anonymous) at (2,23) size 109x21
                RenderText {#text} at (0,1) size 94x19
                  text run at (0,1) width 94: "David Holman"
                RenderBR {BR} at (94,16) size 0x0
          RenderTableRow {TR} at (0,354) size 783x45
            RenderTableCell {TD} at (0,354) size 111x45 [border: (1px solid #005A8C)] [r=6 c=0 rs=1 cs=1]
              RenderBlock {DIV} at (2,2) size 108x21
                RenderText {#text} at (0,1) size 16x19
                  text run at (0,1) width 16: "31"
              RenderBlock (anonymous) at (2,23) size 108x21
                RenderBR {BR} at (0,1) size 0x19
            RenderTableCell {TD} at (111,354) size 672x3 [border: (1px solid #005A8C)] [r=6 c=1 rs=1 cs=6]
