layer at (0,0) size 800x600
  RenderView at (0,0) size 800x600
layer at (0,0) size 800x144
  RenderBlock {HTML} at (0,0) size 800x8
    RenderBody {BODY} at (8,8) size 784x0 [bgcolor=#FFFFFF]
      RenderTable {TABLE} at (0,0) size 86x136
        RenderBlock {CAPTION} at (0,0) size 86x21
          RenderText {#text} at (0,1) size 86x19
            text run at (0,1) width 86: "height=\"105\""
        RenderTableSection {TBODY} at (0,21) size 86x115
          RenderTableRow {TR} at (0,0) size 86x23
            RenderTableCell {TD} at (0,0) size 86x23 [r=0 c=0 rs=1 cs=1]
              RenderText {#text} at (1,2) size 63x19
                text run at (1,2) width 63: "Entry #01"
          RenderTableRow {TR} at (0,23) size 86x23
            RenderTableCell {TD} at (0,23) size 86x23 [r=1 c=0 rs=1 cs=1]
              RenderText {#text} at (1,2) size 63x19
                text run at (1,2) width 63: "Entry #02"
          RenderTableRow {TR} at (0,46) size 86x23
            RenderTableCell {TD} at (0,46) size 86x23 [r=2 c=0 rs=1 cs=1]
              RenderText {#text} at (1,2) size 63x19
                text run at (1,2) width 63: "Entry #03"
          RenderTableRow {TR} at (0,69) size 86x23
            RenderTableCell {TD} at (0,69) size 86x23 [r=3 c=0 rs=1 cs=1]
              RenderText {#text} at (1,2) size 63x19
                text run at (1,2) width 63: "Entry #04"
          RenderTableRow {TR} at (0,92) size 86x23
            RenderTableCell {TD} at (0,92) size 86x23 [r=4 c=0 rs=1 cs=1]
              RenderText {#text} at (1,2) size 63x19
                text run at (1,2) width 63: "Entry #05"
      RenderTable {TABLE} at (86,0) size 86x136
        RenderBlock {CAPTION} at (0,0) size 86x21
          RenderText {#text} at (0,1) size 86x19
            text run at (0,1) width 86: "height=\"106\""
        RenderTableSection {TBODY} at (0,21) size 86x115
          RenderTableRow {TR} at (0,0) size 86x23
            RenderTableCell {TD} at (0,0) size 86x23 [r=0 c=0 rs=1 cs=1]
              RenderText {#text} at (1,2) size 63x19
                text run at (1,2) width 63: "Entry #01"
          RenderTableRow {TR} at (0,23) size 86x23
            RenderTableCell {TD} at (0,23) size 86x23 [r=1 c=0 rs=1 cs=1]
              RenderText {#text} at (1,2) size 63x19
                text run at (1,2) width 63: "Entry #02"
          RenderTableRow {TR} at (0,46) size 86x23
            RenderTableCell {TD} at (0,46) size 86x23 [r=2 c=0 rs=1 cs=1]
              RenderText {#text} at (1,2) size 63x19
                text run at (1,2) width 63: "Entry #03"
          RenderTableRow {TR} at (0,69) size 86x23
            RenderTableCell {TD} at (0,69) size 86x23 [r=3 c=0 rs=1 cs=1]
              RenderText {#text} at (1,2) size 63x19
                text run at (1,2) width 63: "Entry #04"
          RenderTableRow {TR} at (0,92) size 86x23
            RenderTableCell {TD} at (0,92) size 86x23 [r=4 c=0 rs=1 cs=1]
              RenderText {#text} at (1,2) size 63x19
                text run at (1,2) width 63: "Entry #05"
      RenderTable {TABLE} at (172,0) size 86x136
        RenderBlock {CAPTION} at (0,0) size 86x21
          RenderText {#text} at (0,1) size 86x19
            text run at (0,1) width 86: "height=\"107\""
        RenderTableSection {TBODY} at (0,21) size 86x115
          RenderTableRow {TR} at (0,0) size 86x23
            RenderTableCell {TD} at (0,0) size 86x23 [r=0 c=0 rs=1 cs=1]
              RenderText {#text} at (1,2) size 63x19
                text run at (1,2) width 63: "Entry #01"
          RenderTableRow {TR} at (0,23) size 86x23
            RenderTableCell {TD} at (0,23) size 86x23 [r=1 c=0 rs=1 cs=1]
              RenderText {#text} at (1,2) size 63x19
                text run at (1,2) width 63: "Entry #02"
          RenderTableRow {TR} at (0,46) size 86x23
            RenderTableCell {TD} at (0,46) size 86x23 [r=2 c=0 rs=1 cs=1]
              RenderText {#text} at (1,2) size 63x19
                text run at (1,2) width 63: "Entry #03"
          RenderTableRow {TR} at (0,69) size 86x23
            RenderTableCell {TD} at (0,69) size 86x23 [r=3 c=0 rs=1 cs=1]
              RenderText {#text} at (1,2) size 63x19
                text run at (1,2) width 63: "Entry #04"
          RenderTableRow {TR} at (0,92) size 86x23
            RenderTableCell {TD} at (0,92) size 86x23 [r=4 c=0 rs=1 cs=1]
              RenderText {#text} at (1,2) size 63x19
                text run at (1,2) width 63: "Entry #05"
      RenderTable {TABLE} at (258,0) size 86x136
        RenderBlock {CAPTION} at (0,0) size 86x21
          RenderText {#text} at (0,1) size 86x19
            text run at (0,1) width 86: "height=\"108\""
        RenderTableSection {TBODY} at (0,21) size 86x115
          RenderTableRow {TR} at (0,0) size 86x23
            RenderTableCell {TD} at (0,0) size 86x23 [r=0 c=0 rs=1 cs=1]
              RenderText {#text} at (1,2) size 63x19
                text run at (1,2) width 63: "Entry #01"
          RenderTableRow {TR} at (0,23) size 86x23
            RenderTableCell {TD} at (0,23) size 86x23 [r=1 c=0 rs=1 cs=1]
              RenderText {#text} at (1,2) size 63x19
                text run at (1,2) width 63: "Entry #02"
          RenderTableRow {TR} at (0,46) size 86x23
            RenderTableCell {TD} at (0,46) size 86x23 [r=2 c=0 rs=1 cs=1]
              RenderText {#text} at (1,2) size 63x19
                text run at (1,2) width 63: "Entry #03"
          RenderTableRow {TR} at (0,69) size 86x23
            RenderTableCell {TD} at (0,69) size 86x23 [r=3 c=0 rs=1 cs=1]
              RenderText {#text} at (1,2) size 63x19
                text run at (1,2) width 63: "Entry #04"
          RenderTableRow {TR} at (0,92) size 86x23
            RenderTableCell {TD} at (0,92) size 86x23 [r=4 c=0 rs=1 cs=1]
              RenderText {#text} at (1,2) size 63x19
                text run at (1,2) width 63: "Entry #05"
      RenderTable {TABLE} at (344,0) size 86x136
        RenderBlock {CAPTION} at (0,0) size 86x21
          RenderText {#text} at (0,1) size 86x19
            text run at (0,1) width 86: "height=\"109\""
        RenderTableSection {TBODY} at (0,21) size 86x115
          RenderTableRow {TR} at (0,0) size 86x23
            RenderTableCell {TD} at (0,0) size 86x23 [r=0 c=0 rs=1 cs=1]
              RenderText {#text} at (1,2) size 63x19
                text run at (1,2) width 63: "Entry #01"
          RenderTableRow {TR} at (0,23) size 86x23
            RenderTableCell {TD} at (0,23) size 86x23 [r=1 c=0 rs=1 cs=1]
              RenderText {#text} at (1,2) size 63x19
                text run at (1,2) width 63: "Entry #02"
          RenderTableRow {TR} at (0,46) size 86x23
            RenderTableCell {TD} at (0,46) size 86x23 [r=2 c=0 rs=1 cs=1]
              RenderText {#text} at (1,2) size 63x19
                text run at (1,2) width 63: "Entry #03"
          RenderTableRow {TR} at (0,69) size 86x23
            RenderTableCell {TD} at (0,69) size 86x23 [r=3 c=0 rs=1 cs=1]
              RenderText {#text} at (1,2) size 63x19
                text run at (1,2) width 63: "Entry #04"
          RenderTableRow {TR} at (0,92) size 86x23
            RenderTableCell {TD} at (0,92) size 86x23 [r=4 c=0 rs=1 cs=1]
              RenderText {#text} at (1,2) size 63x19
                text run at (1,2) width 63: "Entry #05"
      RenderTable {TABLE} at (430,0) size 86x136
        RenderBlock {CAPTION} at (0,0) size 86x21
          RenderText {#text} at (0,1) size 86x19
            text run at (0,1) width 86: "height=\"110\""
        RenderTableSection {TBODY} at (0,21) size 86x115
          RenderTableRow {TR} at (0,0) size 86x23
            RenderTableCell {TD} at (0,0) size 86x23 [r=0 c=0 rs=1 cs=1]
              RenderText {#text} at (1,2) size 63x19
                text run at (1,2) width 63: "Entry #01"
          RenderTableRow {TR} at (0,23) size 86x23
            RenderTableCell {TD} at (0,23) size 86x23 [r=1 c=0 rs=1 cs=1]
              RenderText {#text} at (1,2) size 63x19
                text run at (1,2) width 63: "Entry #02"
          RenderTableRow {TR} at (0,46) size 86x23
            RenderTableCell {TD} at (0,46) size 86x23 [r=2 c=0 rs=1 cs=1]
              RenderText {#text} at (1,2) size 63x19
                text run at (1,2) width 63: "Entry #03"
          RenderTableRow {TR} at (0,69) size 86x23
            RenderTableCell {TD} at (0,69) size 86x23 [r=3 c=0 rs=1 cs=1]
              RenderText {#text} at (1,2) size 63x19
                text run at (1,2) width 63: "Entry #04"
          RenderTableRow {TR} at (0,92) size 86x23
            RenderTableCell {TD} at (0,92) size 86x23 [r=4 c=0 rs=1 cs=1]
              RenderText {#text} at (1,2) size 63x19
                text run at (1,2) width 63: "Entry #05"
