layer at (0,0) size 800x600
  RenderView at (0,0) size 800x600
layer at (0,0) size 800x600
  RenderBlock {HTML} at (0,0) size 800x600
    RenderBody {BODY} at (8,8) size 784x584
      RenderTable {TABLE} at (0,0) size 287x143 [border: (1px outset #808080)]
        RenderTableSection {TBODY} at (1,1) size 285x141
          RenderTableRow {TR} at (0,2) size 285x137
            RenderTableCell {TD} at (2,2) size 204x137 [border: (1px inset #808080)] [r=0 c=0 rs=1 cs=1]
              RenderTable {TABLE} at (2,2) size 200x133 [border: (10px outset #808080)]
                RenderTableSection {TBODY} at (10,10) size 180x113
                  RenderTableRow {TR} at (0,2) size 180x109
                    RenderTableCell {TD} at (2,34) size 44x44 [border: (1px inset #808080)] [r=0 c=0 rs=1 cs=1]
                      RenderImage {IMG} at (2,2) size 40x40
                    RenderTableCell {TD} at (48,2) size 130x109 [border: (1px inset #808080)] [r=0 c=1 rs=1 cs=1]
                      RenderText {#text} at (2,3) size 108x103
                        text run at (2,3) width 108: "xxx xxx xxx xxx"
                        text run at (2,24) width 108: "xxx xxx xxx xxx"
                        text run at (2,45) width 108: "xxx xxx xxx xxx"
                        text run at (2,66) width 108: "xxx xxx xxx xxx"
                        text run at (2,87) width 108: "xxx xxx xxx xxx"
            RenderTableCell {TD} at (208,58) size 75x25 [border: (1px inset #808080)] [r=0 c=1 rs=1 cs=1]
              RenderText {#text} at (2,3) size 71x19
                text run at (2,3) width 71: "row2, cell2"
