layer at (0,0) size 800x600
  RenderView at (0,0) size 800x600
layer at (0,0) size 800x328
  RenderBlock {HTML} at (0,0) size 800x328
    RenderBody {BODY} at (8,8) size 784x312 [bgcolor=#FFFFFF]
      RenderTable {TABLE} at (0,0) size 184x312
        RenderTableSection {TBODY} at (0,0) size 184x312
          RenderTableRow {TR} at (0,0) size 184x39
            RenderTableCell {TD} at (0,0) size 46x39 [border: (1px solid #000000)] [r=0 c=0 rs=1 cs=1]
              RenderText {#text} at (9,10) size 28x19
                text run at (9,10) width 28: "blah"
            RenderTableCell {TD} at (46,0) size 46x39 [border: (1px solid #000000)] [r=0 c=1 rs=1 cs=1]
              RenderText {#text} at (9,10) size 28x19
                text run at (9,10) width 28: "blah"
            RenderTableCell {TD} at (92,0) size 46x39 [border: (1px solid #000000)] [r=0 c=2 rs=1 cs=1]
              RenderText {#text} at (9,10) size 28x19
                text run at (9,10) width 28: "blah"
            RenderTableCell {TD} at (138,0) size 46x39 [border: (1px solid #000000)] [r=0 c=3 rs=1 cs=1]
              RenderText {#text} at (9,10) size 28x19
                text run at (9,10) width 28: "blah"
          RenderTableRow {TR} at (0,39) size 184x39
            RenderTableCell {TD} at (0,39) size 46x39 [border: (1px solid #000000)] [r=1 c=0 rs=1 cs=1]
              RenderText {#text} at (9,10) size 28x19
                text run at (9,10) width 28: "blah"
            RenderTableCell {TD} at (46,39) size 46x39 [border: (1px solid #000000)] [r=1 c=1 rs=1 cs=1]
              RenderText {#text} at (9,10) size 28x19
                text run at (9,10) width 28: "blah"
            RenderTableCell {TD} at (92,39) size 46x39 [border: (1px solid #000000)] [r=1 c=2 rs=1 cs=1]
              RenderText {#text} at (9,10) size 28x19
                text run at (9,10) width 28: "blah"
            RenderTableCell {TD} at (138,39) size 46x39 [border: (1px solid #000000)] [r=1 c=3 rs=1 cs=1]
              RenderText {#text} at (9,10) size 28x19
                text run at (9,10) width 28: "blah"
          RenderTableRow {TR} at (0,78) size 184x39
            RenderTableCell {TD} at (0,78) size 46x39 [border: (1px solid #000000)] [r=2 c=0 rs=1 cs=1]
              RenderText {#text} at (9,10) size 28x19
                text run at (9,10) width 28: "blah"
            RenderTableCell {TD} at (46,78) size 46x39 [border: (1px solid #000000)] [r=2 c=1 rs=1 cs=1]
              RenderText {#text} at (9,10) size 28x19
                text run at (9,10) width 28: "blah"
            RenderTableCell {TD} at (92,78) size 46x39 [border: (1px solid #000000)] [r=2 c=2 rs=1 cs=1]
              RenderText {#text} at (9,10) size 28x19
                text run at (9,10) width 28: "blah"
            RenderTableCell {TD} at (138,78) size 46x39 [border: (1px solid #000000)] [r=2 c=3 rs=1 cs=1]
              RenderText {#text} at (9,10) size 28x19
                text run at (9,10) width 28: "blah"
          RenderTableRow {TR} at (0,117) size 184x39
            RenderTableCell {TD} at (0,117) size 46x39 [border: (1px solid #000000)] [r=3 c=0 rs=1 cs=1]
              RenderText {#text} at (9,10) size 28x19
                text run at (9,10) width 28: "blah"
            RenderTableCell {TD} at (46,117) size 46x39 [border: (1px solid #000000)] [r=3 c=1 rs=1 cs=1]
              RenderText {#text} at (9,10) size 28x19
                text run at (9,10) width 28: "blah"
            RenderTableCell {TD} at (92,117) size 46x39 [border: (1px solid #000000)] [r=3 c=2 rs=1 cs=1]
              RenderText {#text} at (9,10) size 28x19
                text run at (9,10) width 28: "blah"
            RenderTableCell {TD} at (138,117) size 46x39 [border: (1px solid #000000)] [r=3 c=3 rs=1 cs=1]
              RenderText {#text} at (9,10) size 28x19
                text run at (9,10) width 28: "blah"
          RenderTableRow {TR} at (0,156) size 184x39
            RenderTableCell {TD} at (0,156) size 46x39 [border: (1px solid #000000)] [r=4 c=0 rs=1 cs=1]
              RenderText {#text} at (9,10) size 28x19
                text run at (9,10) width 28: "blah"
            RenderTableCell {TD} at (46,156) size 46x39 [border: (1px solid #000000)] [r=4 c=1 rs=1 cs=1]
              RenderText {#text} at (9,10) size 28x19
                text run at (9,10) width 28: "blah"
            RenderTableCell {TD} at (92,156) size 46x39 [border: (1px solid #000000)] [r=4 c=2 rs=1 cs=1]
              RenderText {#text} at (9,10) size 28x19
                text run at (9,10) width 28: "blah"
            RenderTableCell {TD} at (138,156) size 46x39 [border: (1px solid #000000)] [r=4 c=3 rs=1 cs=1]
              RenderText {#text} at (9,10) size 28x19
                text run at (9,10) width 28: "blah"
          RenderTableRow {TR} at (0,195) size 184x39
            RenderTableCell {TD} at (0,195) size 46x39 [border: (1px solid #000000)] [r=5 c=0 rs=1 cs=1]
              RenderText {#text} at (9,10) size 28x19
                text run at (9,10) width 28: "blah"
            RenderTableCell {TD} at (46,195) size 46x39 [border: (1px solid #000000)] [r=5 c=1 rs=1 cs=1]
              RenderText {#text} at (9,10) size 28x19
                text run at (9,10) width 28: "blah"
            RenderTableCell {TD} at (92,195) size 46x39 [border: (1px solid #000000)] [r=5 c=2 rs=1 cs=1]
              RenderText {#text} at (9,10) size 28x19
                text run at (9,10) width 28: "blah"
            RenderTableCell {TD} at (138,195) size 46x39 [border: (1px solid #000000)] [r=5 c=3 rs=1 cs=1]
              RenderText {#text} at (9,10) size 28x19
                text run at (9,10) width 28: "blah"
          RenderTableRow {TR} at (0,234) size 184x39
            RenderTableCell {TD} at (0,234) size 46x39 [border: (1px solid #000000)] [r=6 c=0 rs=1 cs=1]
              RenderText {#text} at (9,10) size 28x19
                text run at (9,10) width 28: "blah"
            RenderTableCell {TD} at (46,234) size 46x39 [border: (1px solid #000000)] [r=6 c=1 rs=1 cs=1]
              RenderText {#text} at (9,10) size 28x19
                text run at (9,10) width 28: "blah"
            RenderTableCell {TD} at (92,234) size 46x39 [border: (1px solid #000000)] [r=6 c=2 rs=1 cs=1]
              RenderText {#text} at (9,10) size 28x19
                text run at (9,10) width 28: "blah"
            RenderTableCell {TD} at (138,234) size 46x39 [border: (1px solid #000000)] [r=6 c=3 rs=1 cs=1]
              RenderText {#text} at (9,10) size 28x19
                text run at (9,10) width 28: "blah"
          RenderTableRow {TR} at (0,273) size 184x39
            RenderTableCell {TD} at (0,273) size 46x39 [border: (1px solid #000000)] [r=7 c=0 rs=1 cs=1]
              RenderText {#text} at (9,10) size 28x19
                text run at (9,10) width 28: "blah"
            RenderTableCell {TD} at (46,273) size 46x39 [border: (1px solid #000000)] [r=7 c=1 rs=1 cs=1]
              RenderText {#text} at (9,10) size 28x19
                text run at (9,10) width 28: "blah"
            RenderTableCell {TD} at (92,273) size 46x39 [border: (1px solid #000000)] [r=7 c=2 rs=1 cs=1]
              RenderText {#text} at (9,10) size 28x19
                text run at (9,10) width 28: "blah"
            RenderTableCell {TD} at (138,273) size 46x39 [border: (1px solid #000000)] [r=7 c=3 rs=1 cs=1]
              RenderText {#text} at (9,10) size 28x19
                text run at (9,10) width 28: "blah"
