layer at (0,0) size 800x600
  RenderView at (0,0) size 800x600
layer at (0,0) size 800x154
  RenderBlock {HTML} at (0,0) size 800x154
    RenderBody {BODY} at (8,8) size 784x138
      RenderBlock {FORM} at (0,0) size 784x66
        RenderButton {INPUT} at (2,0) size 211x31 [bgcolor=#C0C0C0] [border: (2px outset #C0C0C0)]
          RenderBlock (anonymous) at (8,5) size 195x21
            RenderText at (0,1) size 195x19
              text run at (0,1) width 195: "[Step 1] Set cell height to 60px"
        RenderButton {INPUT} at (2,35) size 211x31 [bgcolor=#C0C0C0] [border: (2px outset #C0C0C0)]
          RenderBlock (anonymous) at (8,5) size 195x21
            RenderText at (0,1) size 195x19
              text run at (0,1) width 195: "[Step 2] Set cell height to 20px"
      RenderTable {TABLE} at (0,70) size 42x68
        RenderTableSection {TBODY} at (0,0) size 42x68
          RenderTableRow {TR} at (0,2) size 42x31
            RenderTableCell {TD} at (2,2) size 18x31 [border: (4px solid #000000)] [r=0 c=0 rs=1 cs=1]
              RenderText {#text} at (5,6) size 8x19
                text run at (5,6) width 8: "1"
            RenderTableCell {TD} at (22,2) size 18x31 [border: (4px solid #000000)] [r=0 c=1 rs=1 cs=1]
              RenderText {#text} at (5,6) size 8x19
                text run at (5,6) width 8: "2"
          RenderTableRow {TR} at (0,35) size 42x31
            RenderTableCell {TD} at (2,35) size 18x31 [border: (4px solid #000000)] [r=1 c=0 rs=1 cs=1]
              RenderText {#text} at (5,6) size 8x19
                text run at (5,6) width 8: "2"
            RenderTableCell {TD} at (22,35) size 18x31 [border: (4px solid #000000)] [r=1 c=1 rs=1 cs=1]
              RenderText {#text} at (5,6) size 8x19
                text run at (5,6) width 8: "2"
