layer at (0,0) size 800x600
  RenderView at (0,0) size 800x600
layer at (0,0) size 800x600
  RenderBlock {HTML} at (0,0) size 800x600
    RenderBody {BODY} at (8,8) size 784x584
      RenderTable {TABLE} at (0,0) size 63x138
        RenderBlock {CAPTION} at (0,0) size 63x111
          RenderTable {TABLE} at (0,0) size 63x111
            RenderTableSection {TBODY} at (0,0) size 63x111
              RenderTableRow {TR} at (0,2) size 63x107
                RenderTableCell {TD} at (2,2) size 59x107 [r=0 c=0 rs=1 cs=1]
                  RenderText {#text} at (1,2) size 52x103
                    text run at (1,2) width 52: "Another"
                    text run at (1,23) width 30: "table"
                    text run at (1,44) width 37: "inside"
                    text run at (1,65) width 19: "the"
                    text run at (1,86) width 46: "caption"
        RenderTableSection {TBODY} at (0,111) size 63x27
          RenderTableRow {TR} at (0,2) size 63x23
            RenderTableCell {TD} at (2,2) size 59x23 [r=0 c=0 rs=1 cs=1]
              RenderText {#text} at (1,2) size 57x19
                text run at (1,2) width 57: "First row"
