layer at (0,0) size 800x600
  RenderView at (0,0) size 800x600
layer at (0,0) size 800x600
  RenderBlock {HTML} at (0,0) size 800x600
    RenderBody {BODY} at (8,8) size 784x584
      RenderTable {TABLE} at (0,0) size 784x73 [border: (1px outset #808080)]
        RenderTableSection {TBODY} at (1,1) size 782x71
          RenderTableRow {TR} at (0,0) size 782x46
            RenderTableCell {TD} at (0,0) size 782x46 [border: (1px inset #808080)] [r=0 c=0 rs=1 cs=2]
              RenderText {#text} at (2,3) size 770x40
                text run at (2,3) width 160: "The Supreme Court says "
                text run at (162,3) width 491: "Wisconsin can continue using tuition vouchers to help poor parents send their "
                text run at (653,3) width 119: "children to church-"
                text run at (2,24) width 80: "run schools. "
                text run at (82,24) width 120: "What's your stand?"
          RenderTableRow {TR} at (0,46) size 782x25
            RenderTableCell {TD} at (0,46) size 391x25 [border: (1px inset #808080)] [r=1 c=0 rs=1 cs=1]
              RenderText {#text} at (2,3) size 31x19
                text run at (2,3) width 31: "hello"
            RenderTableCell {TD} at (391,46) size 391x25 [border: (1px inset #808080)] [r=1 c=1 rs=1 cs=1]
              RenderText {#text} at (2,3) size 31x19
                text run at (2,3) width 31: "hello"
      RenderBlock (anonymous) at (0,73) size 784x21
        RenderBR {BR} at (0,1) size 0x19
      RenderTable {TABLE} at (0,94) size 600x48 [border: (1px outset #808080)]
        RenderTableSection {TBODY} at (1,1) size 598x46
          RenderTableRow {TR} at (0,0) size 598x46
            RenderTableCell {TD} at (0,10) size 35x25 [border: (1px inset #808080)] [r=0 c=0 rs=1 cs=1]
              RenderText {#text} at (2,3) size 31x19
                text run at (2,3) width 31: "hello"
            RenderTableCell {TD} at (35,0) size 563x46 [border: (1px inset #808080)] [r=0 c=1 rs=1 cs=1]
              RenderText {#text} at (2,3) size 533x40
                text run at (2,3) width 160: "The Supreme Court says "
                text run at (162,3) width 373: "Wisconsin can continue using tuition vouchers to help poor"
                text run at (2,24) width 115: "parents send their "
                text run at (117,24) width 199: "children to church-run schools. "
                text run at (316,24) width 120: "What's your stand?"
          RenderTableRow {TR} at (0,46) size 598x0
      RenderBlock (anonymous) at (0,142) size 784x21
        RenderBR {BR} at (0,1) size 0x19
