layer at (0,0) size 800x600
  RenderView at (0,0) size 800x600
layer at (0,0) size 800x600
  RenderBlock {HTML} at (0,0) size 800x600
    RenderBody {BODY} at (8,8) size 784x576
      RenderBlock {DIV} at (0,0) size 784x223
        RenderBlock {P} at (0,0) size 784x21
          RenderText {#text} at (227,1) size 329x19
            text run at (227,1) width 329: "Tables I, II, III, IV (cellpadding=0 cellspacing=5)"
        RenderTable {TABLE} at (199,37) size 385x186 [bgcolor=#FFCC00] [border: (1px outset #808080)]
          RenderTableSection {TBODY} at (1,1) size 383x184
            RenderTableRow {TR} at (0,2) size 383x180
              RenderTableCell {TD} at (2,2) size 100x180 [border: (1px inset #808080)] [r=0 c=0 rs=1 cs=1]
                RenderTable {TABLE} at (6,6) size 88x168 [bgcolor=#FFFFFF] [border: (1px outset #808080)]
                  RenderBlock {CAPTION} at (0,0) size 86x21
                    RenderInline {NOBR} at (0,0) size 44x19
                      RenderText {#text} at (21,1) size 44x19
                        text run at (21,1) width 44: "Table I"
                  RenderTableSection {TBODY} at (1,22) size 86x145
                    RenderTableRow {TR} at (0,5) size 86x23
                      RenderTableCell {TD} at (5,5) size 22x23 [border: (1px inset #808080)] [r=0 c=0 rs=1 cs=1]
                        RenderText {#text} at (1,2) size 20x19
                          text run at (1,2) width 20: "1,1"
                      RenderTableCell {TD} at (32,5) size 22x23 [border: (1px inset #808080)] [r=0 c=1 rs=1 cs=1]
                        RenderText {#text} at (1,2) size 20x19
                          text run at (1,2) width 20: "1,2"
                      RenderTableCell {TD} at (59,5) size 22x23 [border: (1px inset #808080)] [r=0 c=2 rs=1 cs=1]
                        RenderText {#text} at (1,2) size 20x19
                          text run at (1,2) width 20: "1,3"
                    RenderTableRow {TR} at (0,33) size 86x23
                      RenderTableCell {TD} at (5,33) size 22x23 [border: (1px inset #808080)] [r=1 c=0 rs=1 cs=1]
                        RenderText {#text} at (1,2) size 20x19
                          text run at (1,2) width 20: "2,1"
                      RenderTableCell {TD} at (32,33) size 22x23 [border: (1px inset #808080)] [r=1 c=1 rs=1 cs=1]
                        RenderText {#text} at (1,2) size 20x19
                          text run at (1,2) width 20: "2,2"
                      RenderTableCell {TD} at (59,33) size 22x23 [bgcolor=#FFFF66] [border: (1px inset #808080)] [r=1 c=2 rs=1 cs=1]
                        RenderText {#text} at (1,2) size 20x19
                          text run at (1,2) width 20: "2,3"
                    RenderTableRow {TR} at (0,61) size 86x23
                      RenderTableCell {TD} at (5,61) size 22x23 [border: (1px inset #808080)] [r=2 c=0 rs=1 cs=1]
                        RenderText {#text} at (1,2) size 20x19
                          text run at (1,2) width 20: "3,1"
                      RenderTableCell {TD} at (32,61) size 22x23 [border: (1px inset #808080)] [r=2 c=1 rs=1 cs=1]
                        RenderText {#text} at (1,2) size 20x19
                          text run at (1,2) width 20: "3,2"
                      RenderTableCell {TD} at (59,61) size 22x23 [bgcolor=#FFFF66] [border: (1px inset #808080)] [r=2 c=2 rs=1 cs=1]
                        RenderText {#text} at (1,2) size 20x19
                          text run at (1,2) width 20: "3,3"
                    RenderTableRow {TR} at (0,89) size 86x23
                      RenderTableCell {TD} at (5,89) size 22x23 [border: (1px inset #808080)] [r=3 c=0 rs=1 cs=1]
                        RenderText {#text} at (1,2) size 20x19
                          text run at (1,2) width 20: "4,1"
                      RenderTableCell {TD} at (32,89) size 22x23 [border: (1px inset #808080)] [r=3 c=1 rs=1 cs=1]
                        RenderText {#text} at (1,2) size 20x19
                          text run at (1,2) width 20: "4,2"
                      RenderTableCell {TD} at (59,89) size 22x23 [bgcolor=#FFFF66] [border: (1px inset #808080)] [r=3 c=2 rs=1 cs=1]
                        RenderText {#text} at (1,2) size 20x19
                          text run at (1,2) width 20: "4,3"
                    RenderTableRow {TR} at (0,117) size 86x23
                      RenderTableCell {TD} at (5,117) size 22x23 [border: (1px inset #808080)] [r=4 c=0 rs=1 cs=1]
                        RenderText {#text} at (1,2) size 20x19
                          text run at (1,2) width 20: "5,1"
                      RenderTableCell {TD} at (32,117) size 22x23 [border: (1px inset #808080)] [r=4 c=1 rs=1 cs=1]
                        RenderText {#text} at (1,2) size 20x19
                          text run at (1,2) width 20: "5,2"
                      RenderTableCell {TD} at (59,117) size 22x23 [border: (1px inset #808080)] [r=4 c=2 rs=1 cs=1]
                        RenderText {#text} at (1,2) size 20x19
                          text run at (1,2) width 20: "5,3"
              RenderTableCell {TD} at (104,2) size 100x180 [border: (1px inset #808080)] [r=0 c=1 rs=1 cs=1]
                RenderTable {TABLE} at (6,6) size 88x168 [bgcolor=#FFFFFF] [border: (1px outset #808080)]
                  RenderBlock {CAPTION} at (0,0) size 86x21
                    RenderInline {NOBR} at (0,0) size 49x19
                      RenderText {#text} at (18,1) size 49x19
                        text run at (18,1) width 49: "Table II"
                  RenderTableSection {TBODY} at (1,22) size 86x145
                    RenderTableRow {TR} at (0,5) size 86x23
                      RenderTableCell {TD} at (5,5) size 22x23 [border: (1px inset #808080)] [r=0 c=0 rs=1 cs=1]
                        RenderText {#text} at (1,2) size 20x19
                          text run at (1,2) width 20: "1,1"
                      RenderTableCell {TD} at (32,5) size 22x23 [border: (1px inset #808080)] [r=0 c=1 rs=1 cs=1]
                        RenderText {#text} at (1,2) size 20x19
                          text run at (1,2) width 20: "1,2"
                      RenderTableCell {TD} at (59,5) size 22x23 [border: (1px inset #808080)] [r=0 c=2 rs=1 cs=1]
                        RenderText {#text} at (1,2) size 20x19
                          text run at (1,2) width 20: "1,3"
                    RenderTableRow {TR} at (0,33) size 86x23
                      RenderTableCell {TD} at (5,33) size 22x23 [border: (1px inset #808080)] [r=1 c=0 rs=1 cs=1]
                        RenderText {#text} at (1,2) size 20x19
                          text run at (1,2) width 20: "2,1"
                      RenderTableCell {TD} at (32,47) size 22x23 [border: (1px inset #808080)] [r=1 c=1 rs=2 cs=1]
                        RenderText {#text} at (1,2) size 20x19
                          text run at (1,2) width 20: "2,2"
                      RenderTableCell {TD} at (59,33) size 22x23 [bgcolor=#FFFF66] [border: (1px inset #808080)] [r=1 c=2 rs=1 cs=1]
                        RenderText {#text} at (1,2) size 20x19
                          text run at (1,2) width 20: "2,3"
                    RenderTableRow {TR} at (0,61) size 86x23
                      RenderTableCell {TD} at (5,75) size 22x23 [border: (1px inset #808080)] [r=2 c=0 rs=2 cs=1]
                        RenderText {#text} at (1,2) size 20x19
                          text run at (1,2) width 20: "3,1"
                      RenderTableCell {TD} at (59,61) size 22x23 [bgcolor=#FFFF66] [border: (1px inset #808080)] [r=2 c=2 rs=1 cs=1]
                        RenderText {#text} at (1,2) size 20x19
                          text run at (1,2) width 20: "3,3"
                    RenderTableRow {TR} at (0,89) size 86x23
                      RenderTableCell {TD} at (32,89) size 22x23 [border: (1px inset #808080)] [r=3 c=1 rs=1 cs=1]
                        RenderText {#text} at (1,2) size 20x19
                          text run at (1,2) width 20: "4,2"
                      RenderTableCell {TD} at (59,89) size 22x23 [bgcolor=#FFFF66] [border: (1px inset #808080)] [r=3 c=2 rs=1 cs=1]
                        RenderText {#text} at (1,2) size 20x19
                          text run at (1,2) width 20: "4,3"
                    RenderTableRow {TR} at (0,117) size 86x23
                      RenderTableCell {TD} at (5,117) size 22x23 [border: (1px inset #808080)] [r=4 c=0 rs=1 cs=1]
                        RenderText {#text} at (1,2) size 20x19
                          text run at (1,2) width 20: "5,1"
                      RenderTableCell {TD} at (32,117) size 22x23 [border: (1px inset #808080)] [r=4 c=1 rs=1 cs=1]
                        RenderText {#text} at (1,2) size 20x19
                          text run at (1,2) width 20: "5,2"
                      RenderTableCell {TD} at (59,117) size 22x23 [border: (1px inset #808080)] [r=4 c=2 rs=1 cs=1]
                        RenderText {#text} at (1,2) size 20x19
                          text run at (1,2) width 20: "5,3"
              RenderTableCell {TD} at (206,2) size 100x159 [border: (1px inset #808080)] [r=0 c=2 rs=1 cs=1]
                RenderTable {TABLE} at (6,6) size 88x147 [bgcolor=#FFFFFF] [border: (1px outset #808080)]
                  RenderBlock {CAPTION} at (0,0) size 86x21
                    RenderInline {NOBR} at (0,0) size 54x19
                      RenderText {#text} at (16,1) size 54x19
                        text run at (16,1) width 54: "Table III"
                  RenderTableSection {TBODY} at (1,22) size 86x124
                    RenderTableRow {TR} at (0,5) size 86x23
                      RenderTableCell {TD} at (5,5) size 22x23 [border: (1px inset #808080)] [r=0 c=0 rs=1 cs=1]
                        RenderText {#text} at (1,2) size 20x19
                          text run at (1,2) width 20: "1,1"
                      RenderTableCell {TD} at (32,5) size 22x23 [border: (1px inset #808080)] [r=0 c=1 rs=1 cs=1]
                        RenderText {#text} at (1,2) size 20x19
                          text run at (1,2) width 20: "1,2"
                      RenderTableCell {TD} at (59,5) size 22x23 [border: (1px inset #808080)] [r=0 c=2 rs=1 cs=1]
                        RenderText {#text} at (1,2) size 20x19
                          text run at (1,2) width 20: "1,3"
                    RenderTableRow {TR} at (0,33) size 86x23
                      RenderTableCell {TD} at (5,33) size 22x23 [border: (1px inset #808080)] [r=1 c=0 rs=1 cs=1]
                        RenderText {#text} at (1,2) size 20x19
                          text run at (1,2) width 20: "2,1"
                      RenderTableCell {TD} at (32,36) size 22x23 [border: (1px inset #808080)] [r=1 c=1 rs=2 cs=1]
                        RenderText {#text} at (1,2) size 20x19
                          text run at (1,2) width 20: "2,2"
                      RenderTableCell {TD} at (59,43) size 22x2 [bgcolor=#FFFF66] [border: (1px inset #808080)] [r=1 c=2 rs=1 cs=1]
                    RenderTableRow {TR} at (0,61) size 86x2
                      RenderTableCell {TD} at (5,64) size 22x23 [border: (1px inset #808080)] [r=2 c=0 rs=2 cs=1]
                        RenderText {#text} at (1,2) size 20x19
                          text run at (1,2) width 20: "3,1"
                      RenderTableCell {TD} at (59,61) size 22x2 [bgcolor=#FFFF66] [border: (1px inset #808080)] [r=2 c=2 rs=1 cs=1]
                    RenderTableRow {TR} at (0,68) size 86x23
                      RenderTableCell {TD} at (32,68) size 22x23 [border: (1px inset #808080)] [r=3 c=1 rs=1 cs=1]
                        RenderText {#text} at (1,2) size 20x19
                          text run at (1,2) width 20: "4,2"
                      RenderTableCell {TD} at (59,78) size 22x2 [bgcolor=#FFFF66] [border: (1px inset #808080)] [r=3 c=2 rs=1 cs=1]
                    RenderTableRow {TR} at (0,96) size 86x23
                      RenderTableCell {TD} at (5,96) size 22x23 [border: (1px inset #808080)] [r=4 c=0 rs=1 cs=1]
                        RenderText {#text} at (1,2) size 20x19
                          text run at (1,2) width 20: "5,1"
                      RenderTableCell {TD} at (32,96) size 22x23 [border: (1px inset #808080)] [r=4 c=1 rs=1 cs=1]
                        RenderText {#text} at (1,2) size 20x19
                          text run at (1,2) width 20: "5,2"
                      RenderTableCell {TD} at (59,96) size 22x23 [border: (1px inset #808080)] [r=4 c=2 rs=1 cs=1]
                        RenderText {#text} at (1,2) size 20x19
                          text run at (1,2) width 20: "5,3"
              RenderTableCell {TD} at (308,2) size 73x157 [border: (1px inset #808080)] [r=0 c=3 rs=1 cs=1]
                RenderTable {TABLE} at (6,6) size 61x145 [bgcolor=#FFFFFF] [border: (1px outset #808080)]
                  RenderBlock {CAPTION} at (0,0) size 59x21
                    RenderInline {NOBR} at (0,0) size 56x19
                      RenderText {#text} at (1,1) size 56x19
                        text run at (1,1) width 56: "Table IV"
                  RenderTableSection {TBODY} at (1,22) size 59x122
                    RenderTableRow {TR} at (0,5) size 59x23
                      RenderTableCell {TD} at (5,5) size 22x23 [border: (1px inset #808080)] [r=0 c=0 rs=1 cs=1]
                        RenderText {#text} at (1,2) size 20x19
                          text run at (1,2) width 20: "1,1"
                      RenderTableCell {TD} at (32,5) size 22x23 [border: (1px inset #808080)] [r=0 c=1 rs=1 cs=1]
                        RenderText {#text} at (1,2) size 20x19
                          text run at (1,2) width 20: "1,2"
                    RenderTableRow {TR} at (0,33) size 59x23
                      RenderTableCell {TD} at (5,33) size 22x23 [border: (1px inset #808080)] [r=1 c=0 rs=1 cs=1]
                        RenderText {#text} at (1,2) size 20x19
                          text run at (1,2) width 20: "2,1"
                      RenderTableCell {TD} at (32,35) size 22x23 [border: (1px inset #808080)] [r=1 c=1 rs=2 cs=1]
                        RenderText {#text} at (1,2) size 20x19
                          text run at (1,2) width 20: "2,2"
                    RenderTableRow {TR} at (0,61) size 59x0
                      RenderTableCell {TD} at (5,63) size 22x23 [border: (1px inset #808080)] [r=2 c=0 rs=2 cs=1]
                        RenderText {#text} at (1,2) size 20x19
                          text run at (1,2) width 20: "3,1"
                    RenderTableRow {TR} at (0,66) size 59x23
                      RenderTableCell {TD} at (32,66) size 22x23 [border: (1px inset #808080)] [r=3 c=1 rs=1 cs=1]
                        RenderText {#text} at (1,2) size 20x19
                          text run at (1,2) width 20: "4,2"
                    RenderTableRow {TR} at (0,94) size 59x23
                      RenderTableCell {TD} at (5,94) size 22x23 [border: (1px inset #808080)] [r=4 c=0 rs=1 cs=1]
                        RenderText {#text} at (1,2) size 20x19
                          text run at (1,2) width 20: "5,1"
                      RenderTableCell {TD} at (32,94) size 22x23 [border: (1px inset #808080)] [r=4 c=1 rs=1 cs=1]
                        RenderText {#text} at (1,2) size 20x19
                          text run at (1,2) width 20: "5,2"
      RenderBlock {HR} at (0,231) size 784x2 [border: (1px inset #000000)]
      RenderBlock {P} at (0,249) size 784x21
        RenderInline {B} at (0,0) size 557x19
          RenderText {#text} at (113,1) size 557x19
            text run at (113,1) width 557: "This demonstrates a problem with \"overlapping rowspan cells\" (look at Table IV)."
      RenderBlock {P} at (0,286) size 784x21
        RenderInline {B} at (0,0) size 53x19
          RenderText {#text} at (0,1) size 53x19
            text run at (0,1) width 53: "Table I:"
        RenderText {#text} at (53,1) size 121x19
          text run at (53,1) width 121: " a regular 5x3 table"
      RenderBlock {P} at (0,323) size 784x21
        RenderInline {B} at (0,0) size 59x19
          RenderText {#text} at (0,1) size 59x19
            text run at (0,1) width 59: "Table II:"
        RenderText {#text} at (59,1) size 401x19
          text run at (59,1) width 401: " introduces rowspan=2 for cells (2,2) and (3,1), which 'overlap'."
      RenderBlock {P} at (0,360) size 784x63
        RenderInline {B} at (0,0) size 65x19
          RenderText {#text} at (0,1) size 65x19
            text run at (0,1) width 65: "Table III:"
        RenderText {#text} at (65,1) size 768x61
          text run at (65,1) width 703: " is Table II, but cells (2,3),(3,3) and (4,3) now have 'empty' contents; the resulting table is still OK. Note that the"
          text run at (0,22) width 767: "height of (2,3) and (4,3) is determined by cells (2,1) and (4,2) respectively, whereas (3,3) has ~0 height since no 'effective'"
          text run at (0,43) width 633: "cell in the row has any definite height requirement (except for border, margin, padding if applicable)."
      RenderBlock {P} at (0,439) size 784x42
        RenderInline {B} at (0,0) size 64x19
          RenderText {#text} at (0,1) size 64x19
            text run at (0,1) width 64: "Table IV:"
        RenderText {#text} at (64,1) size 761x40
          text run at (64,1) width 697: " is Table III, but column 3 has been removed (cells (1,3),(2,3),(3,3),(4,3),(5,3)). This should mirror the first two"
          text run at (0,22) width 283: "columns of Table III (but currently does not)."
      RenderBlock {P} at (0,497) size 784x42
        RenderText {#text} at (0,1) size 766x40
          text run at (0,1) width 766: "Note that cells (2,2) and (3,1) are still in the correct position, with the same size as Table III, but that their cellspacing with"
          text run at (0,22) width 153: "(5,1) and (4,2) is absent."
      RenderBlock {P} at (0,555) size 784x21
        RenderText {#text} at (0,1) size 480x19
          text run at (0,1) width 480: "Tested with Apr25, M4 and 1999051109 (win95, opt.) Dated: May 11 1999"
