layer at (0,0) size 800x1460
  RenderView at (0,0) size 800x600
layer at (0,0) size 800x1460
  RenderBlock {HTML} at (0,0) size 800x1460
    RenderBody {BODY} at (8,8) size 784x1444 [bgcolor=#555555]
      RenderBlock {H1} at (16,37) size 752x105 [bgcolor=#CCCCCC]
        RenderText {#text} at (94,34) size 163x36
          text run at (94,34) width 163: "Simplified "
        RenderInline {A} at (0,0) size 162x36 [color=#0000EE]
          RenderText {#text} at (257,34) size 162x36
            text run at (257,34) width 162: "Linux.com"
        RenderText {#text} at (419,34) size 238x36
          text run at (419,34) width 238: " Table Testcase"
      RenderTable {TABLE} at (16,163) size 752x1265
        RenderTableSection {TBODY} at (0,0) size 752x1265
          RenderTableRow {TR} at (0,2) size 752x419
            RenderTableCell {TD} at (2,2) size 135x752 [bgcolor=#FFFFFF] [r=0 c=0 rs=2 cs=1]
              RenderBlock {H2} at (5,18) size 125x21
                RenderText {#text} at (0,1) size 117x19
                  text run at (0,1) width 117: "Weekly Feature"
              RenderBlock {P} at (5,52) size 125x119
                RenderText {#text} at (0,1) size 108x117
                  text run at (0,1) width 108: "blah blah blah blah"
                  text run at (0,18) width 108: "blah blah blah blah"
                  text run at (0,35) width 108: "blah blah blah blah"
                  text run at (0,52) width 108: "blah blah blah blah"
                  text run at (0,69) width 108: "blah blah blah blah"
                  text run at (0,86) width 108: "blah blah blah blah"
                  text run at (0,103) width 108: "blah blah blah blah"
              RenderBlock {H2} at (5,184) size 125x21
                RenderText {#text} at (0,1) size 81x19
                  text run at (0,1) width 81: "Contribute"
              RenderBlock {P} at (5,218) size 125x119
                RenderText {#text} at (0,1) size 108x117
                  text run at (0,1) width 108: "blah blah blah blah"
                  text run at (0,18) width 108: "blah blah blah blah"
                  text run at (0,35) width 108: "blah blah blah blah"
                  text run at (0,52) width 108: "blah blah blah blah"
                  text run at (0,69) width 108: "blah blah blah blah"
                  text run at (0,86) width 108: "blah blah blah blah"
                  text run at (0,103) width 108: "blah blah blah blah"
              RenderBlock {H2} at (5,350) size 125x21
                RenderText {#text} at (0,1) size 82x19
                  text run at (0,1) width 82: "Newsforge"
              RenderBlock {P} at (5,384) size 125x34
                RenderText {#text} at (0,1) size 108x32
                  text run at (0,1) width 108: "blah blah blah blah"
                  text run at (0,18) width 108: "blah blah blah blah"
              RenderBlock {P} at (5,431) size 125x34
                RenderText {#text} at (0,1) size 108x32
                  text run at (0,1) width 108: "blah blah blah blah"
                  text run at (0,18) width 108: "blah blah blah blah"
              RenderBlock {P} at (5,478) size 125x34
                RenderText {#text} at (0,1) size 108x32
                  text run at (0,1) width 108: "blah blah blah blah"
                  text run at (0,18) width 108: "blah blah blah blah"
              RenderBlock {P} at (5,525) size 125x34
                RenderText {#text} at (0,1) size 108x32
                  text run at (0,1) width 108: "blah blah blah blah"
                  text run at (0,18) width 108: "blah blah blah blah"
              RenderBlock {P} at (5,572) size 125x34
                RenderText {#text} at (0,1) size 108x32
                  text run at (0,1) width 108: "blah blah blah blah"
                  text run at (0,18) width 108: "blah blah blah blah"
              RenderBlock {P} at (5,619) size 125x34
                RenderText {#text} at (0,1) size 108x32
                  text run at (0,1) width 108: "blah blah blah blah"
                  text run at (0,18) width 108: "blah blah blah blah"
              RenderBlock {H2} at (5,666) size 125x21
                RenderText {#text} at (0,1) size 83x19
                  text run at (0,1) width 83: "Resources"
              RenderBlock {P} at (5,700) size 125x34
                RenderText {#text} at (0,1) size 108x32
                  text run at (0,1) width 108: "blah blah blah blah"
                  text run at (0,18) width 108: "blah blah blah blah"
            RenderTableCell {TD} at (139,2) size 474x1261 [bgcolor=#FFFFFF] [r=0 c=1 rs=2 cs=1]
              RenderBlock {H2} at (5,18) size 464x21
                RenderText {#text} at (0,1) size 188x19
                  text run at (0,1) width 188: "The Latest of Linux.com!"
              RenderBlock {P} at (5,52) size 464x255
                RenderText {#text} at (0,1) size 444x253
                  text run at (0,1) width 444: "blah blah blah blah blah blah blah blah blah blah blah blah blah blah blah blah"
                  text run at (0,18) width 444: "blah blah blah blah blah blah blah blah blah blah blah blah blah blah blah blah"
                  text run at (0,35) width 444: "blah blah blah blah blah blah blah blah blah blah blah blah blah blah blah blah"
                  text run at (0,52) width 444: "blah blah blah blah blah blah blah blah blah blah blah blah blah blah blah blah"
                  text run at (0,69) width 444: "blah blah blah blah blah blah blah blah blah blah blah blah blah blah blah blah"
                  text run at (0,86) width 444: "blah blah blah blah blah blah blah blah blah blah blah blah blah blah blah blah"
                  text run at (0,103) width 444: "blah blah blah blah blah blah blah blah blah blah blah blah blah blah blah blah"
                  text run at (0,120) width 444: "blah blah blah blah blah blah blah blah blah blah blah blah blah blah blah blah"
                  text run at (0,137) width 444: "blah blah blah blah blah blah blah blah blah blah blah blah blah blah blah blah"
                  text run at (0,154) width 444: "blah blah blah blah blah blah blah blah blah blah blah blah blah blah blah blah"
                  text run at (0,171) width 444: "blah blah blah blah blah blah blah blah blah blah blah blah blah blah blah blah"
                  text run at (0,188) width 444: "blah blah blah blah blah blah blah blah blah blah blah blah blah blah blah blah"
                  text run at (0,205) width 444: "blah blah blah blah blah blah blah blah blah blah blah blah blah blah blah blah"
                  text run at (0,222) width 444: "blah blah blah blah blah blah blah blah blah blah blah blah blah blah blah blah"
                  text run at (0,239) width 108: "blah blah blah blah"
              RenderBlock {P} at (5,320) size 464x255
                RenderText {#text} at (0,1) size 444x253
                  text run at (0,1) width 444: "blah blah blah blah blah blah blah blah blah blah blah blah blah blah blah blah"
                  text run at (0,18) width 444: "blah blah blah blah blah blah blah blah blah blah blah blah blah blah blah blah"
                  text run at (0,35) width 444: "blah blah blah blah blah blah blah blah blah blah blah blah blah blah blah blah"
                  text run at (0,52) width 444: "blah blah blah blah blah blah blah blah blah blah blah blah blah blah blah blah"
                  text run at (0,69) width 444: "blah blah blah blah blah blah blah blah blah blah blah blah blah blah blah blah"
                  text run at (0,86) width 444: "blah blah blah blah blah blah blah blah blah blah blah blah blah blah blah blah"
                  text run at (0,103) width 444: "blah blah blah blah blah blah blah blah blah blah blah blah blah blah blah blah"
                  text run at (0,120) width 444: "blah blah blah blah blah blah blah blah blah blah blah blah blah blah blah blah"
                  text run at (0,137) width 444: "blah blah blah blah blah blah blah blah blah blah blah blah blah blah blah blah"
                  text run at (0,154) width 444: "blah blah blah blah blah blah blah blah blah blah blah blah blah blah blah blah"
                  text run at (0,171) width 444: "blah blah blah blah blah blah blah blah blah blah blah blah blah blah blah blah"
                  text run at (0,188) width 444: "blah blah blah blah blah blah blah blah blah blah blah blah blah blah blah blah"
                  text run at (0,205) width 444: "blah blah blah blah blah blah blah blah blah blah blah blah blah blah blah blah"
                  text run at (0,222) width 444: "blah blah blah blah blah blah blah blah blah blah blah blah blah blah blah blah"
                  text run at (0,239) width 108: "blah blah blah blah"
              RenderBlock {H2} at (5,588) size 464x21
                RenderText {#text} at (0,1) size 121x19
                  text run at (0,1) width 121: "Linux.com Live!"
              RenderBlock {P} at (5,622) size 464x255
                RenderText {#text} at (0,1) size 444x253
                  text run at (0,1) width 444: "blah blah blah blah blah blah blah blah blah blah blah blah blah blah blah blah"
                  text run at (0,18) width 444: "blah blah blah blah blah blah blah blah blah blah blah blah blah blah blah blah"
                  text run at (0,35) width 444: "blah blah blah blah blah blah blah blah blah blah blah blah blah blah blah blah"
                  text run at (0,52) width 444: "blah blah blah blah blah blah blah blah blah blah blah blah blah blah blah blah"
                  text run at (0,69) width 444: "blah blah blah blah blah blah blah blah blah blah blah blah blah blah blah blah"
                  text run at (0,86) width 444: "blah blah blah blah blah blah blah blah blah blah blah blah blah blah blah blah"
                  text run at (0,103) width 444: "blah blah blah blah blah blah blah blah blah blah blah blah blah blah blah blah"
                  text run at (0,120) width 444: "blah blah blah blah blah blah blah blah blah blah blah blah blah blah blah blah"
                  text run at (0,137) width 444: "blah blah blah blah blah blah blah blah blah blah blah blah blah blah blah blah"
                  text run at (0,154) width 444: "blah blah blah blah blah blah blah blah blah blah blah blah blah blah blah blah"
                  text run at (0,171) width 444: "blah blah blah blah blah blah blah blah blah blah blah blah blah blah blah blah"
                  text run at (0,188) width 444: "blah blah blah blah blah blah blah blah blah blah blah blah blah blah blah blah"
                  text run at (0,205) width 444: "blah blah blah blah blah blah blah blah blah blah blah blah blah blah blah blah"
                  text run at (0,222) width 444: "blah blah blah blah blah blah blah blah blah blah blah blah blah blah blah blah"
                  text run at (0,239) width 108: "blah blah blah blah"
              RenderBlock {H2} at (5,890) size 464x21
                RenderText {#text} at (0,1) size 58x19
                  text run at (0,1) width 58: "Tuneup"
              RenderBlock {P} at (5,924) size 464x255
                RenderText {#text} at (0,1) size 444x253
                  text run at (0,1) width 444: "blah blah blah blah blah blah blah blah blah blah blah blah blah blah blah blah"
                  text run at (0,18) width 444: "blah blah blah blah blah blah blah blah blah blah blah blah blah blah blah blah"
                  text run at (0,35) width 444: "blah blah blah blah blah blah blah blah blah blah blah blah blah blah blah blah"
                  text run at (0,52) width 444: "blah blah blah blah blah blah blah blah blah blah blah blah blah blah blah blah"
                  text run at (0,69) width 444: "blah blah blah blah blah blah blah blah blah blah blah blah blah blah blah blah"
                  text run at (0,86) width 444: "blah blah blah blah blah blah blah blah blah blah blah blah blah blah blah blah"
                  text run at (0,103) width 444: "blah blah blah blah blah blah blah blah blah blah blah blah blah blah blah blah"
                  text run at (0,120) width 444: "blah blah blah blah blah blah blah blah blah blah blah blah blah blah blah blah"
                  text run at (0,137) width 444: "blah blah blah blah blah blah blah blah blah blah blah blah blah blah blah blah"
                  text run at (0,154) width 444: "blah blah blah blah blah blah blah blah blah blah blah blah blah blah blah blah"
                  text run at (0,171) width 444: "blah blah blah blah blah blah blah blah blah blah blah blah blah blah blah blah"
                  text run at (0,188) width 444: "blah blah blah blah blah blah blah blah blah blah blah blah blah blah blah blah"
                  text run at (0,205) width 444: "blah blah blah blah blah blah blah blah blah blah blah blah blah blah blah blah"
                  text run at (0,222) width 444: "blah blah blah blah blah blah blah blah blah blah blah blah blah blah blah blah"
                  text run at (0,239) width 108: "blah blah blah blah"
              RenderBlock {H2} at (5,1192) size 464x21
                RenderText {#text} at (0,1) size 29x19
                  text run at (0,1) width 29: "Poll"
              RenderBlock {P} at (5,1226) size 464x17
                RenderText {#text} at (0,1) size 315x15
                  text run at (0,1) width 315: "This stuff is cropped off in Mozilla for whatever reason"
            RenderTableCell {TD} at (615,2) size 135x419 [bgcolor=#FFFFFF] [r=0 c=2 rs=1 cs=1]
              RenderBlock {H2} at (5,18) size 125x21
                RenderText {#text} at (0,1) size 47x19
                  text run at (0,1) width 47: "OSDN"
              RenderBlock {P} at (5,52) size 125x85
                RenderText {#text} at (0,1) size 108x83
                  text run at (0,1) width 108: "blah blah blah blah"
                  text run at (0,18) width 108: "blah blah blah blah"
                  text run at (0,35) width 108: "blah blah blah blah"
                  text run at (0,52) width 108: "blah blah blah blah"
                  text run at (0,69) width 52: "blah blah"
              RenderBlock {H2} at (5,150) size 125x21
                RenderText {#text} at (0,1) size 45x19
                  text run at (0,1) width 45: "POTD"
              RenderBlock {P} at (5,184) size 125x85
                RenderText {#text} at (0,1) size 108x83
                  text run at (0,1) width 108: "blah blah blah blah"
                  text run at (0,18) width 108: "blah blah blah blah"
                  text run at (0,35) width 108: "blah blah blah blah"
                  text run at (0,52) width 108: "blah blah blah blah"
                  text run at (0,69) width 52: "blah blah"
              RenderBlock {H2} at (5,282) size 125x21
                RenderText {#text} at (0,1) size 48x19
                  text run at (0,1) width 48: "Log In"
              RenderBlock {P} at (5,316) size 125x85
                RenderText {#text} at (0,1) size 108x83
                  text run at (0,1) width 108: "blah blah blah blah"
                  text run at (0,18) width 108: "blah blah blah blah"
                  text run at (0,35) width 108: "blah blah blah blah"
                  text run at (0,52) width 108: "blah blah blah blah"
                  text run at (0,69) width 52: "blah blah"
          RenderTableRow {TR} at (0,423) size 752x840
            RenderTableCell {TD} at (615,1087) size 135x176 [bgcolor=#FFFFFF] [r=1 c=2 rs=1 cs=1]
              RenderBlock {H2} at (5,18) size 125x42
                RenderText {#text} at (0,1) size 88x40
                  text run at (0,1) width 88: "Community"
                  text run at (0,22) width 56: "Banner"
              RenderBlock {P} at (5,73) size 125x85
                RenderText {#text} at (0,1) size 108x83
                  text run at (0,1) width 108: "blah blah blah blah"
                  text run at (0,18) width 108: "blah blah blah blah"
                  text run at (0,35) width 108: "blah blah blah blah"
                  text run at (0,52) width 108: "blah blah blah blah"
                  text run at (0,69) width 52: "blah blah"
