layer at (0,0) size 2410x600
  RenderView at (0,0) size 800x600
layer at (0,0) size 2410x600
  RenderBlock {HTML} at (0,0) size 800x600
    RenderBody {BODY} at (8,8) size 784x584
      RenderBlock (anonymous) at (0,0) size 784x21
        RenderBR {BR} at (0,1) size 0x19
      RenderTable {TABLE} at (0,21) size 324x67 [border: (1px outset #808080)]
        RenderTableSection {TBODY} at (1,1) size 322x65
          RenderTableRow {TR} at (0,0) size 322x65
            RenderTableCell {TD} at (0,0) size 322x65 [border: (1px inset #808080)] [r=0 c=0 rs=1 cs=1]
              RenderText {#text} at (1,2) size 315x61
                text run at (1,2) width 280: "Hotmail's Junk Mail spreading effort just got"
                text run at (1,23) width 45: "better! "
                text run at (46,23) width 270: "Now you can choose from 3 levels of junk"
                text run at (1,44) width 32: "mail!"
      RenderBlock (anonymous) at (0,88) size 784x84
        RenderBR {BR} at (0,1) size 0x19
        RenderBR {BR} at (0,22) size 0x19
        RenderText {#text} at (0,43) size 437x19
          text run at (0,43) width 437: "the next table must overrun the visible part of the view (width=2400) "
        RenderBR {BR} at (0,0) size 0x0
        RenderBR {BR} at (0,64) size 0x19
      RenderTable {TABLE} at (0,172) size 2402x67 [border: (1px outset #808080)]
        RenderTableSection {TBODY} at (1,1) size 2400x65
          RenderTableRow {TR} at (0,0) size 2400x65
            RenderTableCell {TD} at (0,0) size 2400x65 [border: (1px inset #808080)] [r=0 c=0 rs=1 cs=1]
              RenderText {#text} at (1,2) size 2377x61
                text run at (1,2) width 328: "Hotmail's Junk Mail spreading effort just got better! "
                text run at (329,2) width 310: "Now you can choose from 3 levels of junk mail! "
                text run at (639,2) width 328: "Hotmail's Junk Mail spreading effort just got better! "
                text run at (967,2) width 310: "Now you can choose from 3 levels of junk mail! "
                text run at (1277,2) width 328: "Hotmail's Junk Mail spreading effort just got better! "
                text run at (1605,2) width 310: "Now you can choose from 3 levels of junk mail! "
                text run at (1915,2) width 328: "Hotmail's Junk Mail spreading effort just got better! "
                text run at (2243,2) width 135: "Now you can choose"
                text run at (1,23) width 171: "from 3 levels of junk mail! "
                text run at (172,23) width 328: "Hotmail's Junk Mail spreading effort just got better! "
                text run at (500,23) width 310: "Now you can choose from 3 levels of junk mail! "
                text run at (810,23) width 328: "Hotmail's Junk Mail spreading effort just got better! "
                text run at (1138,23) width 310: "Now you can choose from 3 levels of junk mail! "
                text run at (1448,23) width 328: "Hotmail's Junk Mail spreading effort just got better! "
                text run at (1776,23) width 310: "Now you can choose from 3 levels of junk mail! "
                text run at (2086,23) width 280: "Hotmail's Junk Mail spreading effort just got"
                text run at (1,44) width 45: "better! "
                text run at (46,44) width 310: "Now you can choose from 3 levels of junk mail! "
                text run at (356,44) width 328: "Hotmail's Junk Mail spreading effort just got better! "
                text run at (684,44) width 310: "Now you can choose from 3 levels of junk mail! "
                text run at (994,44) width 328: "Hotmail's Junk Mail spreading effort just got better! "
                text run at (1322,44) width 306: "Now you can choose from 3 levels of junk mail!"
