layer at (0,0) size 800x600
  RenderView at (0,0) size 800x600
layer at (0,0) size 800x390
  RenderBlock {HTML} at (0,0) size 800x390
    RenderBody {BODY} at (8,8) size 784x374
      RenderTable {TABLE} at (0,0) size 142x58 [border: (1px outset #808080)]
        RenderTableSection {TBODY} at (1,1) size 140x56
          RenderTableRow {TR} at (0,2) size 140x25
            RenderTableCell {TD} at (2,2) size 70x25 [border: (1px inset #808080)] [r=0 c=0 rs=1 cs=1]
              RenderText {#text} at (2,3) size 66x19
                text run at (2,3) width 66: "rowspan 0"
            RenderTableCell {TD} at (74,2) size 64x25 [border: (1px inset #808080)] [r=0 c=1 rs=1 cs=1]
              RenderText {#text} at (2,3) size 60x19
                text run at (2,3) width 60: "colspan 0"
          RenderTableRow {TR} at (0,29) size 140x25
            RenderTableCell {TD} at (2,29) size 70x25 [border: (1px inset #808080)] [r=1 c=0 rs=1 cs=1]
              RenderText {#text} at (2,3) size 8x19
                text run at (2,3) width 8: "5"
            RenderTableCell {TD} at (74,29) size 64x25 [border: (1px inset #808080)] [r=1 c=1 rs=1 cs=1]
              RenderText {#text} at (2,3) size 8x19
                text run at (2,3) width 8: "6"
      RenderBlock (anonymous) at (0,58) size 784x21
        RenderBR {BR} at (0,1) size 0x19
      RenderTable {TABLE} at (0,79) size 98x58 [border: (1px outset #808080)]
        RenderTableSection {TBODY} at (1,1) size 96x56
          RenderTableRow {TR} at (0,2) size 96x25
            RenderTableCell {TD} at (2,2) size 64x25 [border: (1px inset #808080)] [r=0 c=0 rs=1 cs=1]
              RenderText {#text} at (2,3) size 60x19
                text run at (2,3) width 60: "colspan 0"
            RenderTableCell {TD} at (68,2) size 12x25 [border: (1px inset #808080)] [r=0 c=1 rs=1 cs=1]
              RenderText {#text} at (2,3) size 8x19
                text run at (2,3) width 8: "3"
          RenderTableRow {TR} at (0,29) size 96x25
            RenderTableCell {TD} at (2,29) size 64x25 [border: (1px inset #808080)] [r=1 c=0 rs=1 cs=1]
              RenderText {#text} at (2,3) size 8x19
                text run at (2,3) width 8: "4"
            RenderTableCell {TD} at (68,29) size 12x25 [border: (1px inset #808080)] [r=1 c=1 rs=1 cs=1]
              RenderText {#text} at (2,3) size 8x19
                text run at (2,3) width 8: "5"
            RenderTableCell {TD} at (82,29) size 12x25 [border: (1px inset #808080)] [r=1 c=2 rs=1 cs=1]
              RenderText {#text} at (2,3) size 8x19
                text run at (2,3) width 8: "6"
      RenderBlock (anonymous) at (0,137) size 784x21
        RenderBR {BR} at (0,1) size 0x19
      RenderTable {TABLE} at (0,158) size 168x58 [border: (1px outset #808080)]
        RenderTableSection {TBODY} at (1,1) size 166x56
          RenderTableRow {TR} at (0,2) size 166x25
            RenderTableCell {TD} at (2,2) size 12x25 [border: (1px inset #808080)] [r=0 c=0 rs=1 cs=1]
              RenderText {#text} at (2,3) size 8x19
                text run at (2,3) width 8: "1"
            RenderTableCell {TD} at (16,15) size 134x25 [border: (1px inset #808080)] [r=0 c=1 rs=2 cs=1]
              RenderText {#text} at (2,3) size 130x19
                text run at (2,3) width 130: "rowspan 0 colspan 0"
          RenderTableRow {TR} at (0,29) size 166x25
            RenderTableCell {TD} at (2,29) size 12x25 [border: (1px inset #808080)] [r=1 c=0 rs=1 cs=1]
              RenderText {#text} at (2,3) size 8x19
                text run at (2,3) width 8: "4"
            RenderTableCell {TD} at (152,29) size 12x25 [border: (1px inset #808080)] [r=1 c=2 rs=1 cs=1]
              RenderText {#text} at (2,3) size 8x19
                text run at (2,3) width 8: "6"
      RenderBlock (anonymous) at (0,216) size 784x21
        RenderBR {BR} at (0,1) size 0x19
      RenderTable {TABLE} at (0,237) size 32x58 [border: (1px outset #808080)]
        RenderTableSection {TBODY} at (1,1) size 30x56
          RenderTableRow {TR} at (0,2) size 30x25
            RenderTableCell {TD} at (2,2) size 12x25 [border: (1px inset #808080)] [r=0 c=0 rs=1 cs=1]
              RenderText {#text} at (2,3) size 8x19
                text run at (2,3) width 8: "1"
            RenderTableCell {TD} at (16,15) size 12x25 [border: (1px inset #808080)] [r=0 c=1 rs=2 cs=1]
              RenderText {#text} at (2,3) size 8x19
                text run at (2,3) width 8: "2"
          RenderTableRow {TR} at (0,29) size 30x25
            RenderTableCell {TD} at (2,29) size 12x25 [border: (1px inset #808080)] [r=1 c=0 rs=1 cs=1]
              RenderText {#text} at (2,3) size 8x19
                text run at (2,3) width 8: "3"
      RenderBlock (anonymous) at (0,295) size 784x21
        RenderBR {BR} at (0,1) size 0x19
      RenderTable {TABLE} at (0,316) size 142x58 [border: (1px outset #808080)]
        RenderTableSection {TBODY} at (1,1) size 140x56
          RenderTableRow {TR} at (0,2) size 140x25
            RenderTableCell {TD} at (2,2) size 31x25 [border: (1px inset #808080)] [r=0 c=0 rs=1 cs=1]
              RenderText {#text} at (2,3) size 27x19
                text run at (2,3) width 27: "auto"
            RenderTableCell {TD} at (35,2) size 70x25 [border: (1px inset #808080)] [r=0 c=1 rs=1 cs=1]
              RenderText {#text} at (2,3) size 66x19
                text run at (2,3) width 66: "rowspan 0"
            RenderTableCell {TD} at (107,2) size 31x25 [border: (1px inset #808080)] [r=0 c=2 rs=1 cs=1]
              RenderText {#text} at (2,3) size 27x19
                text run at (2,3) width 27: "auto"
          RenderTableRow {TR} at (0,29) size 140x25
            RenderTableCell {TD} at (2,29) size 31x25 [border: (1px inset #808080)] [r=1 c=0 rs=1 cs=1]
              RenderText {#text} at (2,3) size 27x19
                text run at (2,3) width 27: "auto"
            RenderTableCell {TD} at (35,29) size 70x25 [border: (1px inset #808080)] [r=1 c=1 rs=1 cs=1]
              RenderText {#text} at (2,3) size 27x19
                text run at (2,3) width 27: "auto"
            RenderTableCell {TD} at (107,29) size 31x25 [border: (1px inset #808080)] [r=1 c=2 rs=1 cs=1]
              RenderText {#text} at (2,3) size 27x19
                text run at (2,3) width 27: "auto"
