layer at (0,0) size 800x1516
  RenderView at (0,0) size 800x600
layer at (0,0) size 800x1516
  RenderBlock {HTML} at (0,0) size 800x1516
    RenderBody {BODY} at (8,8) size 784x1500
      RenderTable {TABLE} at (0,0) size 227x500
        RenderTableSection {TBODY} at (0,0) size 227x500
          RenderTableRow {TR} at (0,2) size 227x23
            RenderTableCell {TD} at (2,2) size 223x23 [r=0 c=0 rs=1 cs=1]
              RenderText {#text} at (1,2) size 221x19
                text run at (1,2) width 221: "Occasional height/width on images"
          RenderTableRow {TR} at (0,27) size 227x34
            RenderTableCell {TD} at (2,27) size 223x34 [r=1 c=0 rs=1 cs=1]
              RenderImage {IMG} at (1,1) size 75x32
          RenderTableRow {TR} at (0,63) size 227x24
            RenderTableCell {TD} at (2,63) size 223x24 [r=2 c=0 rs=1 cs=1]
              RenderImage {IMG} at (1,1) size 44x22
          RenderTableRow {TR} at (0,89) size 227x15
            RenderTableCell {TD} at (2,89) size 223x15 [r=3 c=0 rs=1 cs=1]
              RenderImage {IMG} at (1,1) size 89x13
          RenderTableRow {TR} at (0,106) size 227x15
            RenderTableCell {TD} at (2,106) size 223x15 [r=4 c=0 rs=1 cs=1]
              RenderImage {IMG} at (1,1) size 89x13
          RenderTableRow {TR} at (0,123) size 227x31
            RenderTableCell {TD} at (2,123) size 223x31 [r=5 c=0 rs=1 cs=1]
              RenderImage {IMG} at (1,1) size 31x29
          RenderTableRow {TR} at (0,156) size 227x23
            RenderTableCell {TD} at (2,156) size 223x23 [r=6 c=0 rs=1 cs=1]
              RenderImage {IMG} at (1,1) size 62x21
          RenderTableRow {TR} at (0,181) size 227x17
            RenderTableCell {TD} at (2,181) size 223x17 [r=7 c=0 rs=1 cs=1]
              RenderImage {IMG} at (1,1) size 70x15
          RenderTableRow {TR} at (0,200) size 227x28
            RenderTableCell {TD} at (2,200) size 223x28 [r=8 c=0 rs=1 cs=1]
              RenderImage {IMG} at (1,1) size 42x26
          RenderTableRow {TR} at (0,230) size 227x17
            RenderTableCell {TD} at (2,230) size 223x17 [r=9 c=0 rs=1 cs=1]
              RenderImage {IMG} at (1,1) size 84x15
          RenderTableRow {TR} at (0,249) size 227x17
            RenderTableCell {TD} at (2,249) size 223x17 [r=10 c=0 rs=1 cs=1]
              RenderImage {IMG} at (1,1) size 90x15
          RenderTableRow {TR} at (0,268) size 227x34
            RenderTableCell {TD} at (2,268) size 223x34 [r=11 c=0 rs=1 cs=1]
              RenderImage {IMG} at (1,1) size 59x32
          RenderTableRow {TR} at (0,304) size 227x17
            RenderTableCell {TD} at (2,304) size 223x17 [r=12 c=0 rs=1 cs=1]
              RenderImage {IMG} at (1,1) size 90x15
          RenderTableRow {TR} at (0,323) size 227x17
            RenderTableCell {TD} at (2,323) size 223x17 [r=13 c=0 rs=1 cs=1]
              RenderImage {IMG} at (1,1) size 90x15
          RenderTableRow {TR} at (0,342) size 227x21
            RenderTableCell {TD} at (2,342) size 223x21 [r=14 c=0 rs=1 cs=1]
              RenderImage {IMG} at (1,1) size 83x19
          RenderTableRow {TR} at (0,365) size 227x33
            RenderTableCell {TD} at (2,365) size 223x33 [r=15 c=0 rs=1 cs=1]
              RenderImage {IMG} at (1,1) size 54x31
          RenderTableRow {TR} at (0,400) size 227x27
            RenderTableCell {TD} at (2,400) size 223x27 [r=16 c=0 rs=1 cs=1]
              RenderImage {IMG} at (1,1) size 56x25
          RenderTableRow {TR} at (0,429) size 227x17
            RenderTableCell {TD} at (2,429) size 223x17 [r=17 c=0 rs=1 cs=1]
              RenderImage {IMG} at (1,1) size 53x15
          RenderTableRow {TR} at (0,448) size 227x31
            RenderTableCell {TD} at (2,448) size 223x31 [r=18 c=0 rs=1 cs=1]
              RenderImage {IMG} at (1,1) size 31x29
          RenderTableRow {TR} at (0,481) size 227x17
            RenderTableCell {TD} at (2,481) size 223x17 [r=19 c=0 rs=1 cs=1]
              RenderImage {IMG} at (1,1) size 53x15
      RenderTable {TABLE} at (0,500) size 265x500
        RenderTableSection {TBODY} at (0,0) size 265x500
          RenderTableRow {TR} at (0,2) size 265x23
            RenderTableCell {TD} at (2,2) size 261x23 [r=0 c=0 rs=1 cs=1]
              RenderText {#text} at (1,2) size 259x19
                text run at (1,2) width 259: "Images with height/width never specified"
          RenderTableRow {TR} at (0,27) size 265x34
            RenderTableCell {TD} at (2,27) size 261x34 [r=1 c=0 rs=1 cs=1]
              RenderImage {IMG} at (1,1) size 75x32
          RenderTableRow {TR} at (0,63) size 265x24
            RenderTableCell {TD} at (2,63) size 261x24 [r=2 c=0 rs=1 cs=1]
              RenderImage {IMG} at (1,1) size 44x22
          RenderTableRow {TR} at (0,89) size 265x15
            RenderTableCell {TD} at (2,89) size 261x15 [r=3 c=0 rs=1 cs=1]
              RenderImage {IMG} at (1,1) size 89x13
          RenderTableRow {TR} at (0,106) size 265x15
            RenderTableCell {TD} at (2,106) size 261x15 [r=4 c=0 rs=1 cs=1]
              RenderImage {IMG} at (1,1) size 89x13
          RenderTableRow {TR} at (0,123) size 265x31
            RenderTableCell {TD} at (2,123) size 261x31 [r=5 c=0 rs=1 cs=1]
              RenderImage {IMG} at (1,1) size 31x29
          RenderTableRow {TR} at (0,156) size 265x23
            RenderTableCell {TD} at (2,156) size 261x23 [r=6 c=0 rs=1 cs=1]
              RenderImage {IMG} at (1,1) size 62x21
          RenderTableRow {TR} at (0,181) size 265x17
            RenderTableCell {TD} at (2,181) size 261x17 [r=7 c=0 rs=1 cs=1]
              RenderImage {IMG} at (1,1) size 70x15
          RenderTableRow {TR} at (0,200) size 265x28
            RenderTableCell {TD} at (2,200) size 261x28 [r=8 c=0 rs=1 cs=1]
              RenderImage {IMG} at (1,1) size 42x26
          RenderTableRow {TR} at (0,230) size 265x17
            RenderTableCell {TD} at (2,230) size 261x17 [r=9 c=0 rs=1 cs=1]
              RenderImage {IMG} at (1,1) size 84x15
          RenderTableRow {TR} at (0,249) size 265x17
            RenderTableCell {TD} at (2,249) size 261x17 [r=10 c=0 rs=1 cs=1]
              RenderImage {IMG} at (1,1) size 90x15
          RenderTableRow {TR} at (0,268) size 265x34
            RenderTableCell {TD} at (2,268) size 261x34 [r=11 c=0 rs=1 cs=1]
              RenderImage {IMG} at (1,1) size 59x32
          RenderTableRow {TR} at (0,304) size 265x17
            RenderTableCell {TD} at (2,304) size 261x17 [r=12 c=0 rs=1 cs=1]
              RenderImage {IMG} at (1,1) size 90x15
          RenderTableRow {TR} at (0,323) size 265x17
            RenderTableCell {TD} at (2,323) size 261x17 [r=13 c=0 rs=1 cs=1]
              RenderImage {IMG} at (1,1) size 90x15
          RenderTableRow {TR} at (0,342) size 265x21
            RenderTableCell {TD} at (2,342) size 261x21 [r=14 c=0 rs=1 cs=1]
              RenderImage {IMG} at (1,1) size 83x19
          RenderTableRow {TR} at (0,365) size 265x33
            RenderTableCell {TD} at (2,365) size 261x33 [r=15 c=0 rs=1 cs=1]
              RenderImage {IMG} at (1,1) size 54x31
          RenderTableRow {TR} at (0,400) size 265x27
            RenderTableCell {TD} at (2,400) size 261x27 [r=16 c=0 rs=1 cs=1]
              RenderImage {IMG} at (1,1) size 56x25
          RenderTableRow {TR} at (0,429) size 265x17
            RenderTableCell {TD} at (2,429) size 261x17 [r=17 c=0 rs=1 cs=1]
              RenderImage {IMG} at (1,1) size 53x15
          RenderTableRow {TR} at (0,448) size 265x31
            RenderTableCell {TD} at (2,448) size 261x31 [r=18 c=0 rs=1 cs=1]
              RenderImage {IMG} at (1,1) size 31x29
          RenderTableRow {TR} at (0,481) size 265x17
            RenderTableCell {TD} at (2,481) size 261x17 [r=19 c=0 rs=1 cs=1]
              RenderImage {IMG} at (1,1) size 53x15
      RenderTable {TABLE} at (0,1000) size 274x500
        RenderTableSection {TBODY} at (0,0) size 274x500
          RenderTableRow {TR} at (0,2) size 274x23
            RenderTableCell {TD} at (2,2) size 270x23 [r=0 c=0 rs=1 cs=1]
              RenderText {#text} at (1,2) size 268x19
                text run at (1,2) width 268: "Images with height/width always specified"
          RenderTableRow {TR} at (0,27) size 274x34
            RenderTableCell {TD} at (2,27) size 270x34 [r=1 c=0 rs=1 cs=1]
              RenderImage {IMG} at (1,1) size 75x32
          RenderTableRow {TR} at (0,63) size 274x24
            RenderTableCell {TD} at (2,63) size 270x24 [r=2 c=0 rs=1 cs=1]
              RenderImage {IMG} at (1,1) size 44x22
          RenderTableRow {TR} at (0,89) size 274x15
            RenderTableCell {TD} at (2,89) size 270x15 [r=3 c=0 rs=1 cs=1]
              RenderImage {IMG} at (1,1) size 89x13
          RenderTableRow {TR} at (0,106) size 274x15
            RenderTableCell {TD} at (2,106) size 270x15 [r=4 c=0 rs=1 cs=1]
              RenderImage {IMG} at (1,1) size 89x13
          RenderTableRow {TR} at (0,123) size 274x31
            RenderTableCell {TD} at (2,123) size 270x31 [r=5 c=0 rs=1 cs=1]
              RenderImage {IMG} at (1,1) size 31x29
          RenderTableRow {TR} at (0,156) size 274x23
            RenderTableCell {TD} at (2,156) size 270x23 [r=6 c=0 rs=1 cs=1]
              RenderImage {IMG} at (1,1) size 62x21
          RenderTableRow {TR} at (0,181) size 274x17
            RenderTableCell {TD} at (2,181) size 270x17 [r=7 c=0 rs=1 cs=1]
              RenderImage {IMG} at (1,1) size 70x15
          RenderTableRow {TR} at (0,200) size 274x28
            RenderTableCell {TD} at (2,200) size 270x28 [r=8 c=0 rs=1 cs=1]
              RenderImage {IMG} at (1,1) size 42x26
          RenderTableRow {TR} at (0,230) size 274x17
            RenderTableCell {TD} at (2,230) size 270x17 [r=9 c=0 rs=1 cs=1]
              RenderImage {IMG} at (1,1) size 84x15
          RenderTableRow {TR} at (0,249) size 274x17
            RenderTableCell {TD} at (2,249) size 270x17 [r=10 c=0 rs=1 cs=1]
              RenderImage {IMG} at (1,1) size 90x15
          RenderTableRow {TR} at (0,268) size 274x34
            RenderTableCell {TD} at (2,268) size 270x34 [r=11 c=0 rs=1 cs=1]
              RenderImage {IMG} at (1,1) size 59x32
          RenderTableRow {TR} at (0,304) size 274x17
            RenderTableCell {TD} at (2,304) size 270x17 [r=12 c=0 rs=1 cs=1]
              RenderImage {IMG} at (1,1) size 90x15
          RenderTableRow {TR} at (0,323) size 274x17
            RenderTableCell {TD} at (2,323) size 270x17 [r=13 c=0 rs=1 cs=1]
              RenderImage {IMG} at (1,1) size 90x15
          RenderTableRow {TR} at (0,342) size 274x21
            RenderTableCell {TD} at (2,342) size 270x21 [r=14 c=0 rs=1 cs=1]
              RenderImage {IMG} at (1,1) size 83x19
          RenderTableRow {TR} at (0,365) size 274x33
            RenderTableCell {TD} at (2,365) size 270x33 [r=15 c=0 rs=1 cs=1]
              RenderImage {IMG} at (1,1) size 54x31
          RenderTableRow {TR} at (0,400) size 274x27
            RenderTableCell {TD} at (2,400) size 270x27 [r=16 c=0 rs=1 cs=1]
              RenderImage {IMG} at (1,1) size 56x25
          RenderTableRow {TR} at (0,429) size 274x17
            RenderTableCell {TD} at (2,429) size 270x17 [r=17 c=0 rs=1 cs=1]
              RenderImage {IMG} at (1,1) size 53x15
          RenderTableRow {TR} at (0,448) size 274x31
            RenderTableCell {TD} at (2,448) size 270x31 [r=18 c=0 rs=1 cs=1]
              RenderImage {IMG} at (1,1) size 31x29
          RenderTableRow {TR} at (0,481) size 274x17
            RenderTableCell {TD} at (2,481) size 270x17 [r=19 c=0 rs=1 cs=1]
              RenderImage {IMG} at (1,1) size 53x15
