layer at (0,0) size 800x600
  RenderView at (0,0) size 800x600
layer at (0,0) size 800x600
  RenderBlock {HTML} at (0,0) size 800x600
    RenderBody {BODY} at (8,8) size 784x584 [bgcolor=#FFFFFF]
      RenderInline {A} at (0,0) size 65x19 [color=#0000EE]
        RenderText {#text} at (0,1) size 65x19
          text run at (0,1) width 65: "Hide Blue"
      RenderText {#text} at (65,1) size 12x19
        text run at (65,1) width 12: "   "
      RenderInline {A} at (0,0) size 71x19 [color=#0000EE]
        RenderText {#text} at (77,1) size 71x19
          text run at (77,1) width 71: "Show Blue"
      RenderText {#text} at (148,1) size 12x19
        text run at (148,1) width 12: "   "
      RenderBR {BR} at (0,0) size 0x0
      RenderText {#text} at (0,22) size 182x19
        text run at (0,22) width 182: "Should not see the blue table"
      RenderBR {BR} at (182,37) size 0x0
      RenderBR {BR} at (0,43) size 0x19
