layer at (0,0) size 800x635
  RenderView at (0,0) size 800x600
layer at (0,0) size 800x635
  RenderBlock {HTML} at (0,0) size 800x635
    RenderBody {BODY} at (8,8) size 784x619
layer at (8,8) size 784x619
  RenderBlock {DIV} at (0,0) size 784x619 [border: (5px solid #000000)]
    RenderText {#text} at (15,6) size 240x1804
      text run at (15,6) width 177: "Lorem ipsum dolor sit amet,"
      text run at (15,27) width 212: "consectetuer adipiscing elit. Nulla"
      text run at (15,48) width 179: "varius enim ac mi. Curabitur"
      text run at (15,69) width 230: "sollicitudin felis quis lectus. Quisque"
      text run at (15,90) width 224: "adipiscing rhoncus sem. Proin nulla"
      text run at (15,111) width 191: "purus, vulputate vel, varius ut,"
      text run at (15,132) width 217: "euismod et, nisi. Sed vitae felis vel"
      text run at (15,153) width 222: "orci sagittis aliquam. Cras convallis"
      text run at (15,174) width 239: "adipiscing sem. Nam nonummy enim."
      text run at (15,195) width 212: "Nullam bibendum lobortis neque."
      text run at (15,216) width 184: "Vestibulum velit orci, tempus"
      text run at (15,237) width 203: "euismod, pretium quis, interdum"
      text run at (15,258) width 211: "vitae, nulla. Phasellus eget ante et"
      text run at (15,279) width 201: "tortor condimentum vestibulum."
      text run at (15,300) width 236: "Suspendisse hendrerit quam nec felis."
      text run at (15,321) width 223: "Sed varius turpis vitae pede. Lorem"
      text run at (15,342) width 213: "ipsum dolor sit amet, consectetuer"
      text run at (15,363) width 230: "adipiscing elit. Proin bibendum justo"
      text run at (15,384) width 226: "ac enim. Class aptent taciti sociosqu"
      text run at (15,405) width 231: "ad litora torquent per conubia nostra,"
      text run at (15,426) width 207: "per inceptos hymenaeos. Sed leo"
      text run at (15,447) width 224: "nulla, rutrum eu, dictum ut, posuere"
      text run at (15,468) width 212: "vel, arcu. Nam libero. Morbi orci."
      text run at (15,489) width 240: "Maecenas pellentesque. Curabitur erat"
      text run at (15,510) width 214: "erat, ullamcorper at, gravida vitae,"
      text run at (15,531) width 199: "iaculis vitae, elit. Nullam quam."
      text run at (15,552) width 227: "Quisque orci lectus, ullamcorper eu,"
      text run at (15,573) width 216: "imperdiet sed, accumsan et, ligula."
      text run at (15,594) width 204: "Duis diam nisl, sagittis a, blandit"
      text run at (15,615) width 179: "volutpat, interdum sed, velit."
      text run at (15,636) width 208: "Vestibulum quam. Nulla a purus."
      text run at (15,657) width 240: "Phasellus semper semper lectus. Nulla"
      text run at (15,678) width 212: "porttitor, dolor dictum scelerisque"
      text run at (15,699) width 233: "luctus, velit ipsum lobortis mauris, ac"
      text run at (15,720) width 217: "pretium enim nunc vel risus. Proin"
      text run at (15,741) width 201: "gravida mi ut sem cursus mattis."
      text run at (15,762) width 184: "Fusce laoreet, nisi quis luctus"
      text run at (15,783) width 218: "volutpat, arcu pede tincidunt enim,"
      text run at (15,804) width 208: "nec malesuada urna nisl eu enim."
      text run at (15,825) width 201: "Vivamus varius augue ac purus."
      text run at (15,846) width 227: "Vestibulum vestibulum. Phasellus et"
      text run at (15,867) width 205: "est vitae ante accumsan rhoncus."
      text run at (15,888) width 209: "Morbi convallis, arcu at hendrerit"
      text run at (15,909) width 216: "gravida, sem diam dignissim risus,"
      text run at (15,930) width 237: "sed aliquet erat mi ut mi. Nunc cursus"
      text run at (15,951) width 240: "lacinia elit. Nunc nisi. Quisque at erat."
      text run at (15,972) width 228: "Vestibulum dictum quam vitae nibh."
      text run at (15,993) width 220: "Nunc vitae ante non odio interdum"
      text run at (15,1014) width 178: "blandit. Curabitur leo quam,"
      text run at (15,1035) width 164: "fermentum sed, feugiat in,"
      text run at (15,1056) width 230: "ullamcorper id, nibh. Suspendisse ac"
      text run at (15,1077) width 201: "turpis. In iaculis sollicitudin dui."
      text run at (15,1098) width 192: "Aenean vitae lectus vitae nulla"
      text run at (15,1119) width 195: "pellentesque sollicitudin. Nunc"
      text run at (15,1140) width 223: "gravida pharetra lectus. Etiam lacus"
      text run at (15,1161) width 197: "ligula, placerat ut, dictum vitae,"
      text run at (15,1182) width 200: "tempus vel, risus. Cras rhoncus."
      text run at (15,1203) width 226: "Praesent varius ultricies orci. Donec"
      text run at (15,1224) width 230: "mattis, neque ut ornare fringilla, ante"
      text run at (15,1245) width 231: "urna placerat eros, vel commodo nisi"
      text run at (15,1266) width 217: "tortor ut mauris. Morbi magna dui,"
      text run at (15,1287) width 177: "sagittis sit amet, tincidunt et,"
      text run at (15,1308) width 187: "elementum eget, quam. Fusce"
      text run at (15,1329) width 229: "molestie nisl vitae nisi. Vestibulum a"
      text run at (15,1350) width 234: "sapien. Phasellus ante lacus, vehicula"
      text run at (15,1371) width 205: "non, cursus a, tempor ut, magna."
      text run at (15,1392) width 219: "Suspendisse potenti. Fusce aliquet,"
      text run at (15,1413) width 224: "odio viverra vulputate dictum, enim"
      text run at (15,1434) width 240: "odio luctus purus, ut scelerisque quam"
      text run at (15,1455) width 200: "nulla non est. Donec eros lacus,"
      text run at (15,1476) width 210: "egestas vitae, lacinia quis, tempor"
      text run at (15,1497) width 234: "quis, pede. Morbi orci erat, iaculis id,"
      text run at (15,1518) width 226: "ornare ac, elementum at, sem. Nunc"
      text run at (15,1539) width 223: "ornare sodales nisi. Morbi interdum"
      text run at (15,1560) width 222: "commodo nisl. Fusce eget eros non"
      text run at (15,1581) width 227: "nisi ornare facilisis. Sed placerat, est"
      text run at (15,1602) width 202: "non posuere posuere, purus sem"
      text run at (15,1623) width 237: "dignissim libero, a viverra tellus dolor"
      text run at (15,1644) width 236: "vel lorem. Cras augue. Etiam ultricies"
      text run at (15,1665) width 209: "consequat odio. Mauris ac libero."
      text run at (15,1686) width 225: "Etiam posuere, libero vitae euismod"
      text run at (15,1707) width 219: "gravida, urna elit imperdiet magna,"
      text run at (15,1728) width 240: "vel cursus elit felis non mauris. Donec"
      text run at (15,1749) width 195: "orci erat, porta id, dignissim ut,"
      text run at (15,1770) width 209: "posuere dictum, leo. Suspendisse"
      text run at (15,1791) width 157: "scelerisque egestas nulla."
