layer at (0,0) size 800x772
  RenderView at (0,0) size 800x600
layer at (0,0) size 800x772
  RenderBlock {HTML} at (0,0) size 800x772
    RenderBody {BODY} at (8,8) size 784x756
layer at (8,8) size 784x756
  RenderBlock {DIV} at (0,0) size 784x756
    RenderText {#text} at (0,1) size 383x1510
      text run at (0,1) width 372: "This content should be split into two columns. This content"
      text run at (0,22) width 355: "should be split into two columns. This content should be"
      text run at (0,43) width 376: "split into two columns. This content should be split into two"
      text run at (0,64) width 383: "columns. This content should be split into two columns. This"
      text run at (0,85) width 340: "content should be split into two columns. This content"
      text run at (0,106) width 355: "should be split into two columns. This content should be"
      text run at (0,127) width 376: "split into two columns. This content should be split into two"
      text run at (0,148) width 383: "columns. This content should be split into two columns. This"
      text run at (0,169) width 340: "content should be split into two columns. This content"
      text run at (0,190) width 355: "should be split into two columns. This content should be"
      text run at (0,211) width 376: "split into two columns. This content should be split into two"
      text run at (0,232) width 383: "columns. This content should be split into two columns. This"
      text run at (0,253) width 340: "content should be split into two columns. This content"
      text run at (0,274) width 355: "should be split into two columns. This content should be"
      text run at (0,295) width 376: "split into two columns. This content should be split into two"
      text run at (0,316) width 383: "columns. This content should be split into two columns. This"
      text run at (0,337) width 340: "content should be split into two columns. This content"
      text run at (0,358) width 355: "should be split into two columns. This content should be"
      text run at (0,379) width 376: "split into two columns. This content should be split into two"
      text run at (0,400) width 383: "columns. This content should be split into two columns. This"
      text run at (0,421) width 340: "content should be split into two columns. This content"
      text run at (0,442) width 355: "should be split into two columns. This content should be"
      text run at (0,463) width 376: "split into two columns. This content should be split into two"
      text run at (0,484) width 383: "columns. This content should be split into two columns. This"
      text run at (0,505) width 340: "content should be split into two columns. This content"
      text run at (0,526) width 355: "should be split into two columns. This content should be"
      text run at (0,547) width 376: "split into two columns. This content should be split into two"
      text run at (0,568) width 383: "columns. This content should be split into two columns. This"
      text run at (0,589) width 340: "content should be split into two columns. This content"
      text run at (0,610) width 355: "should be split into two columns. This content should be"
      text run at (0,631) width 376: "split into two columns. This content should be split into two"
      text run at (0,652) width 383: "columns. This content should be split into two columns. This"
      text run at (0,673) width 340: "content should be split into two columns. This content"
      text run at (0,694) width 355: "should be split into two columns. This content should be"
      text run at (0,715) width 376: "split into two columns. This content should be split into two"
      text run at (0,736) width 383: "columns. This content should be split into two columns. This"
      text run at (0,757) width 340: "content should be split into two columns. This content"
      text run at (0,778) width 355: "should be split into two columns. This content should be"
      text run at (0,799) width 376: "split into two columns. This content should be split into two"
      text run at (0,820) width 383: "columns. This content should be split into two columns. This"
      text run at (0,841) width 340: "content should be split into two columns. This content"
      text run at (0,862) width 355: "should be split into two columns. This content should be"
      text run at (0,883) width 376: "split into two columns. This content should be split into two"
      text run at (0,904) width 383: "columns. This content should be split into two columns. This"
      text run at (0,925) width 340: "content should be split into two columns. This content"
      text run at (0,946) width 355: "should be split into two columns. This content should be"
      text run at (0,967) width 376: "split into two columns. This content should be split into two"
      text run at (0,988) width 383: "columns. This content should be split into two columns. This"
      text run at (0,1009) width 340: "content should be split into two columns. This content"
      text run at (0,1030) width 355: "should be split into two columns. This content should be"
      text run at (0,1051) width 376: "split into two columns. This content should be split into two"
      text run at (0,1072) width 383: "columns. This content should be split into two columns. This"
      text run at (0,1093) width 340: "content should be split into two columns. This content"
      text run at (0,1114) width 355: "should be split into two columns. This content should be"
      text run at (0,1135) width 376: "split into two columns. This content should be split into two"
      text run at (0,1156) width 383: "columns. This content should be split into two columns. This"
      text run at (0,1177) width 340: "content should be split into two columns. This content"
      text run at (0,1198) width 355: "should be split into two columns. This content should be"
      text run at (0,1219) width 376: "split into two columns. This content should be split into two"
      text run at (0,1240) width 383: "columns. This content should be split into two columns. This"
      text run at (0,1261) width 340: "content should be split into two columns. This content"
      text run at (0,1282) width 355: "should be split into two columns. This content should be"
      text run at (0,1303) width 376: "split into two columns. This content should be split into two"
      text run at (0,1324) width 383: "columns. This content should be split into two columns. This"
      text run at (0,1345) width 340: "content should be split into two columns. This content"
      text run at (0,1366) width 355: "should be split into two columns. This content should be"
      text run at (0,1387) width 376: "split into two columns. This content should be split into two"
      text run at (0,1408) width 383: "columns. This content should be split into two columns. This"
      text run at (0,1429) width 340: "content should be split into two columns. This content"
      text run at (0,1450) width 355: "should be split into two columns. This content should be"
      text run at (0,1471) width 376: "split into two columns. This content should be split into two"
      text run at (0,1492) width 351: "columns. This content should be split into two columns."
