layer at (0,0) size 800x600
  RenderView at (0,0) size 800x600
layer at (0,0) size 800x600
  RenderBlock {HTML} at (0,0) size 800x600
layer at (8,8) size 750x500
  RenderBody {BODY} at (8,8) size 750x500
    RenderBlock {H1} at (0,0) size 367x37
      RenderText {#text} at (0,2) size 166x32
        text run at (0,2) width 166: "Header One"
    RenderBlock (anonymous) at (0,58) size 367x198
      RenderText {#text} at (0,1) size 362x196
        text run at (0,1) width 354: "Lorem ipsum dolor sit amet, consectetuer adipiscing elit."
        text run at (0,19) width 352: "Nulla varius enim ac mi. Curabitur sollicitudin felis quis"
        text run at (0,37) width 325: "lectus. Quisque adipiscing rhoncus sem. Proin nulla"
        text run at (0,55) width 359: "purus, vulputate vel, varius ut, euismod et, nisi. Sed vitae"
        text run at (0,73) width 343: "felis vel orci sagittis aliquam. Cras convallis adipiscing"
        text run at (0,91) width 340: "sem. Nam nonummy enim. Nullam bibendum lobortis"
        text run at (0,109) width 343: "neque. Vestibulum velit orci, tempus euismod, pretium"
        text run at (0,127) width 343: "quis, interdum vitae, nulla. Phasellus eget ante et tortor"
        text run at (0,145) width 343: "condimentum vestibulum. Suspendisse hendrerit quam"
        text run at (0,163) width 362: "nec felis. Sed varius turpis vitae pede. Lorem ipsum dolor"
        text run at (0,181) width 229: "sit amet, consectetuer adipiscing elit."
    RenderBlock {H1} at (0,277) size 367x37
      RenderText {#text} at (0,2) size 167x32
        text run at (0,2) width 167: "Header Two"
    RenderBlock (anonymous) at (0,335) size 367x198
      RenderText {#text} at (0,1) size 362x196
        text run at (0,1) width 354: "Lorem ipsum dolor sit amet, consectetuer adipiscing elit."
        text run at (0,19) width 352: "Nulla varius enim ac mi. Curabitur sollicitudin felis quis"
        text run at (0,37) width 325: "lectus. Quisque adipiscing rhoncus sem. Proin nulla"
        text run at (0,55) width 359: "purus, vulputate vel, varius ut, euismod et, nisi. Sed vitae"
        text run at (0,73) width 343: "felis vel orci sagittis aliquam. Cras convallis adipiscing"
        text run at (0,91) width 340: "sem. Nam nonummy enim. Nullam bibendum lobortis"
        text run at (0,109) width 343: "neque. Vestibulum velit orci, tempus euismod, pretium"
        text run at (0,127) width 343: "quis, interdum vitae, nulla. Phasellus eget ante et tortor"
        text run at (0,145) width 343: "condimentum vestibulum. Suspendisse hendrerit quam"
        text run at (0,163) width 362: "nec felis. Sed varius turpis vitae pede. Lorem ipsum dolor"
        text run at (0,181) width 229: "sit amet, consectetuer adipiscing elit."
    RenderBlock {H1} at (0,554) size 367x37
      RenderText {#text} at (0,2) size 189x32
        text run at (0,2) width 189: "Header Three"
    RenderBlock {H1} at (0,849) size 367x37
      RenderText {#text} at (0,2) size 177x32
        text run at (0,2) width 177: "Header Four"
    RenderBlock (anonymous) at (0,907) size 367x36
      RenderText {#text} at (0,1) size 354x34
        text run at (0,1) width 354: "Lorem ipsum dolor sit amet, consectetuer adipiscing elit."
        text run at (0,19) width 155: "Nulla varius enim ac mi."
      RenderText {#text} at (0,0) size 0x0
      RenderText {#text} at (0,0) size 0x0
