layer at (0,0) size 1212x600
  RenderView at (0,0) size 800x600
layer at (0,0) size 800x600
  RenderBlock {HTML} at (0,0) size 800x600
    RenderBody {BODY} at (8,8) size 784x584
layer at (8,8) size 1204x300
  RenderBlock (positioned) {DIV} at (8,8) size 106x300 [bgcolor=#00FF00]
    RenderText {#text} at (0,1) size 106x19
      text run at (0,1) width 106: "This is some text"
    RenderBR {BR} at (106,16) size 0x0
    RenderText {#text} at (0,22) size 106x19
      text run at (0,22) width 106: "This is some text"
    RenderBR {BR} at (106,37) size 0x0
    RenderText {#text} at (0,43) size 106x19
      text run at (0,43) width 106: "This is some text"
    RenderBR {BR} at (106,58) size 0x0
    RenderText {#text} at (0,64) size 106x19
      text run at (0,64) width 106: "This is some text"
    RenderBR {BR} at (106,79) size 0x0
    RenderText {#text} at (0,85) size 106x19
      text run at (0,85) width 106: "This is some text"
    RenderBR {BR} at (106,100) size 0x0
    RenderText {#text} at (0,106) size 106x19
      text run at (0,106) width 106: "This is some text"
    RenderBR {BR} at (106,121) size 0x0
    RenderText {#text} at (0,127) size 106x19
      text run at (0,127) width 106: "This is some text"
    RenderBR {BR} at (106,142) size 0x0
    RenderText {#text} at (0,148) size 106x19
      text run at (0,148) width 106: "This is some text"
    RenderBR {BR} at (106,163) size 0x0
    RenderText {#text} at (0,169) size 106x19
      text run at (0,169) width 106: "This is some text"
    RenderBR {BR} at (106,184) size 0x0
    RenderText {#text} at (0,190) size 106x19
      text run at (0,190) width 106: "This is some text"
    RenderBR {BR} at (106,205) size 0x0
    RenderText {#text} at (0,211) size 106x19
      text run at (0,211) width 106: "This is some text"
    RenderBR {BR} at (106,226) size 0x0
    RenderText {#text} at (0,232) size 106x19
      text run at (0,232) width 106: "This is some text"
    RenderBR {BR} at (106,247) size 0x0
    RenderText {#text} at (0,253) size 106x19
      text run at (0,253) width 106: "This is some text"
    RenderBR {BR} at (106,268) size 0x0
    RenderText {#text} at (0,274) size 106x19
      text run at (0,274) width 106: "This is some text"
    RenderBR {BR} at (106,289) size 0x0
    RenderText {#text} at (0,295) size 106x19
      text run at (0,295) width 106: "This is some text"
    RenderBR {BR} at (106,310) size 0x0
    RenderText {#text} at (0,316) size 106x19
      text run at (0,316) width 106: "This is some text"
    RenderBR {BR} at (106,331) size 0x0
    RenderText {#text} at (0,337) size 106x19
      text run at (0,337) width 106: "This is some text"
    RenderBR {BR} at (106,352) size 0x0
    RenderText {#text} at (0,358) size 106x19
      text run at (0,358) width 106: "This is some text"
    RenderBR {BR} at (106,373) size 0x0
    RenderText {#text} at (0,379) size 106x19
      text run at (0,379) width 106: "This is some text"
    RenderBR {BR} at (106,394) size 0x0
    RenderText {#text} at (0,400) size 106x19
      text run at (0,400) width 106: "This is some text"
    RenderBR {BR} at (106,415) size 0x0
    RenderText {#text} at (0,421) size 106x19
      text run at (0,421) width 106: "This is some text"
    RenderBR {BR} at (106,436) size 0x0
    RenderText {#text} at (0,442) size 106x19
      text run at (0,442) width 106: "This is some text"
    RenderBR {BR} at (106,457) size 0x0
    RenderText {#text} at (0,463) size 106x19
      text run at (0,463) width 106: "This is some text"
    RenderBR {BR} at (106,478) size 0x0
    RenderText {#text} at (0,484) size 106x19
      text run at (0,484) width 106: "This is some text"
    RenderBR {BR} at (106,499) size 0x0
    RenderText {#text} at (0,505) size 106x19
      text run at (0,505) width 106: "This is some text"
    RenderBR {BR} at (106,520) size 0x0
    RenderText {#text} at (0,526) size 106x19
      text run at (0,526) width 106: "This is some text"
    RenderBR {BR} at (106,541) size 0x0
    RenderText {#text} at (0,547) size 106x19
      text run at (0,547) width 106: "This is some text"
    RenderBR {BR} at (106,562) size 0x0
    RenderText {#text} at (0,568) size 106x19
      text run at (0,568) width 106: "This is some text"
    RenderBR {BR} at (106,583) size 0x0
    RenderText {#text} at (0,589) size 106x19
      text run at (0,589) width 106: "This is some text"
    RenderBR {BR} at (106,604) size 0x0
    RenderText {#text} at (0,610) size 106x19
      text run at (0,610) width 106: "This is some text"
    RenderBR {BR} at (106,625) size 0x0
    RenderText {#text} at (0,631) size 106x19
      text run at (0,631) width 106: "This is some text"
    RenderBR {BR} at (106,646) size 0x0
    RenderText {#text} at (0,652) size 106x19
      text run at (0,652) width 106: "This is some text"
    RenderBR {BR} at (106,667) size 0x0
    RenderText {#text} at (0,673) size 106x19
      text run at (0,673) width 106: "This is some text"
    RenderBR {BR} at (106,688) size 0x0
    RenderText {#text} at (0,694) size 106x19
      text run at (0,694) width 106: "This is some text"
    RenderBR {BR} at (106,709) size 0x0
    RenderText {#text} at (0,715) size 106x19
      text run at (0,715) width 106: "This is some text"
    RenderBR {BR} at (106,730) size 0x0
    RenderText {#text} at (0,736) size 106x19
      text run at (0,736) width 106: "This is some text"
    RenderBR {BR} at (106,751) size 0x0
    RenderText {#text} at (0,757) size 106x19
      text run at (0,757) width 106: "This is some text"
    RenderBR {BR} at (106,772) size 0x0
    RenderText {#text} at (0,778) size 106x19
      text run at (0,778) width 106: "This is some text"
    RenderBR {BR} at (106,793) size 0x0
    RenderText {#text} at (0,799) size 106x19
      text run at (0,799) width 106: "This is some text"
    RenderBR {BR} at (106,814) size 0x0
    RenderText {#text} at (0,820) size 106x19
      text run at (0,820) width 106: "This is some text"
    RenderBR {BR} at (106,835) size 0x0
    RenderText {#text} at (0,841) size 106x19
      text run at (0,841) width 106: "This is some text"
    RenderBR {BR} at (106,856) size 0x0
    RenderText {#text} at (0,862) size 106x19
      text run at (0,862) width 106: "This is some text"
    RenderBR {BR} at (106,877) size 0x0
    RenderText {#text} at (0,883) size 106x19
      text run at (0,883) width 106: "This is some text"
    RenderBR {BR} at (106,898) size 0x0
    RenderText {#text} at (0,904) size 106x19
      text run at (0,904) width 106: "This is some text"
    RenderBR {BR} at (106,919) size 0x0
    RenderText {#text} at (0,925) size 106x19
      text run at (0,925) width 106: "This is some text"
    RenderBR {BR} at (106,940) size 0x0
    RenderText {#text} at (0,946) size 106x19
      text run at (0,946) width 106: "This is some text"
    RenderBR {BR} at (106,961) size 0x0
    RenderText {#text} at (0,967) size 106x19
      text run at (0,967) width 106: "This is some text"
    RenderBR {BR} at (106,982) size 0x0
    RenderText {#text} at (0,988) size 106x19
      text run at (0,988) width 106: "This is some text"
    RenderBR {BR} at (106,1003) size 0x0
    RenderText {#text} at (0,1009) size 106x19
      text run at (0,1009) width 106: "This is some text"
    RenderBR {BR} at (106,1024) size 0x0
    RenderText {#text} at (0,1030) size 106x19
      text run at (0,1030) width 106: "This is some text"
    RenderBR {BR} at (106,1045) size 0x0
    RenderText {#text} at (0,1051) size 106x19
      text run at (0,1051) width 106: "This is some text"
    RenderBR {BR} at (106,1066) size 0x0
    RenderText {#text} at (0,1072) size 106x19
      text run at (0,1072) width 106: "This is some text"
    RenderBR {BR} at (106,1087) size 0x0
    RenderText {#text} at (0,1093) size 106x19
      text run at (0,1093) width 106: "This is some text"
    RenderBR {BR} at (106,1108) size 0x0
    RenderText {#text} at (0,1114) size 106x19
      text run at (0,1114) width 106: "This is some text"
    RenderBR {BR} at (106,1129) size 0x0
    RenderText {#text} at (0,1135) size 106x19
      text run at (0,1135) width 106: "This is some text"
    RenderBR {BR} at (106,1150) size 0x0
    RenderText {#text} at (0,1156) size 106x19
      text run at (0,1156) width 106: "This is some text"
    RenderBR {BR} at (106,1171) size 0x0
    RenderText {#text} at (0,1177) size 106x19
      text run at (0,1177) width 106: "This is some text"
    RenderBR {BR} at (106,1192) size 0x0
    RenderText {#text} at (0,1198) size 106x19
      text run at (0,1198) width 106: "This is some text"
    RenderBR {BR} at (106,1213) size 0x0
    RenderText {#text} at (0,1219) size 106x19
      text run at (0,1219) width 106: "This is some text"
    RenderBR {BR} at (106,1234) size 0x0
    RenderText {#text} at (0,1240) size 106x19
      text run at (0,1240) width 106: "This is some text"
    RenderBR {BR} at (106,1255) size 0x0
    RenderText {#text} at (0,1261) size 106x19
      text run at (0,1261) width 106: "This is some text"
    RenderBR {BR} at (106,1276) size 0x0
    RenderText {#text} at (0,1282) size 106x19
      text run at (0,1282) width 106: "This is some text"
    RenderBR {BR} at (106,1297) size 0x0
    RenderText {#text} at (0,1303) size 106x19
      text run at (0,1303) width 106: "This is some text"
    RenderBR {BR} at (106,1318) size 0x0
    RenderText {#text} at (0,1324) size 106x19
      text run at (0,1324) width 106: "This is some text"
    RenderBR {BR} at (106,1339) size 0x0
    RenderText {#text} at (0,1345) size 106x19
      text run at (0,1345) width 106: "This is some text"
    RenderBR {BR} at (106,1360) size 0x0
    RenderText {#text} at (0,1366) size 106x19
      text run at (0,1366) width 106: "This is some text"
    RenderBR {BR} at (106,1381) size 0x0
    RenderText {#text} at (0,1387) size 106x19
      text run at (0,1387) width 106: "This is some text"
    RenderBR {BR} at (106,1402) size 0x0
    RenderText {#text} at (0,1408) size 106x19
      text run at (0,1408) width 106: "This is some text"
    RenderBR {BR} at (106,1423) size 0x0
    RenderText {#text} at (0,1429) size 106x19
      text run at (0,1429) width 106: "This is some text"
    RenderBR {BR} at (106,1444) size 0x0
    RenderText {#text} at (0,1450) size 106x19
      text run at (0,1450) width 106: "This is some text"
    RenderBR {BR} at (106,1465) size 0x0
    RenderText {#text} at (0,1471) size 106x19
      text run at (0,1471) width 106: "This is some text"
    RenderBR {BR} at (106,1486) size 0x0
    RenderText {#text} at (0,1492) size 106x19
      text run at (0,1492) width 106: "This is some text"
    RenderBR {BR} at (106,1507) size 0x0
    RenderText {#text} at (0,1513) size 106x19
      text run at (0,1513) width 106: "This is some text"
    RenderBR {BR} at (106,1528) size 0x0
    RenderText {#text} at (0,1534) size 106x19
      text run at (0,1534) width 106: "This is some text"
    RenderBR {BR} at (106,1549) size 0x0
    RenderText {#text} at (0,1555) size 106x19
      text run at (0,1555) width 106: "This is some text"
    RenderBR {BR} at (106,1570) size 0x0
    RenderText {#text} at (0,1576) size 106x19
      text run at (0,1576) width 106: "This is some text"
    RenderBR {BR} at (106,1591) size 0x0
    RenderText {#text} at (0,1597) size 106x19
      text run at (0,1597) width 106: "This is some text"
    RenderBR {BR} at (106,1612) size 0x0
    RenderText {#text} at (0,1618) size 106x19
      text run at (0,1618) width 106: "This is some text"
    RenderBR {BR} at (106,1633) size 0x0
    RenderText {#text} at (0,1639) size 106x19
      text run at (0,1639) width 106: "This is some text"
    RenderBR {BR} at (106,1654) size 0x0
    RenderText {#text} at (0,1660) size 106x19
      text run at (0,1660) width 106: "This is some text"
    RenderBR {BR} at (106,1675) size 0x0
    RenderText {#text} at (0,1681) size 106x19
      text run at (0,1681) width 106: "This is some text"
    RenderBR {BR} at (106,1696) size 0x0
    RenderText {#text} at (0,1702) size 106x19
      text run at (0,1702) width 106: "This is some text"
    RenderBR {BR} at (106,1717) size 0x0
    RenderText {#text} at (0,1723) size 106x19
      text run at (0,1723) width 106: "This is some text"
    RenderBR {BR} at (106,1738) size 0x0
    RenderText {#text} at (0,1744) size 106x19
      text run at (0,1744) width 106: "This is some text"
    RenderBR {BR} at (106,1759) size 0x0
    RenderText {#text} at (0,1765) size 106x19
      text run at (0,1765) width 106: "This is some text"
    RenderBR {BR} at (106,1780) size 0x0
    RenderText {#text} at (0,1786) size 106x19
      text run at (0,1786) width 106: "This is some text"
    RenderBR {BR} at (106,1801) size 0x0
    RenderText {#text} at (0,1807) size 106x19
      text run at (0,1807) width 106: "This is some text"
    RenderBR {BR} at (106,1822) size 0x0
    RenderText {#text} at (0,1828) size 106x19
      text run at (0,1828) width 106: "This is some text"
    RenderBR {BR} at (106,1843) size 0x0
    RenderText {#text} at (0,1849) size 106x19
      text run at (0,1849) width 106: "This is some text"
    RenderBR {BR} at (106,1864) size 0x0
    RenderText {#text} at (0,1870) size 106x19
      text run at (0,1870) width 106: "This is some text"
    RenderBR {BR} at (106,1885) size 0x0
    RenderText {#text} at (0,1891) size 106x19
      text run at (0,1891) width 106: "This is some text"
    RenderBR {BR} at (106,1906) size 0x0
    RenderText {#text} at (0,1912) size 106x19
      text run at (0,1912) width 106: "This is some text"
    RenderBR {BR} at (106,1927) size 0x0
    RenderText {#text} at (0,1933) size 106x19
      text run at (0,1933) width 106: "This is some text"
    RenderBR {BR} at (106,1948) size 0x0
    RenderText {#text} at (0,1954) size 106x19
      text run at (0,1954) width 106: "This is some text"
    RenderBR {BR} at (106,1969) size 0x0
    RenderText {#text} at (0,1975) size 106x19
      text run at (0,1975) width 106: "This is some text"
    RenderBR {BR} at (106,1990) size 0x0
    RenderText {#text} at (0,1996) size 106x19
      text run at (0,1996) width 106: "This is some text"
    RenderBR {BR} at (106,2011) size 0x0
    RenderText {#text} at (0,2017) size 106x19
      text run at (0,2017) width 106: "This is some text"
    RenderBR {BR} at (106,2032) size 0x0
    RenderText {#text} at (0,2038) size 106x19
      text run at (0,2038) width 106: "This is some text"
    RenderBR {BR} at (106,2053) size 0x0
    RenderText {#text} at (0,2059) size 106x19
      text run at (0,2059) width 106: "This is some text"
    RenderBR {BR} at (106,2074) size 0x0
    RenderText {#text} at (0,2080) size 106x19
      text run at (0,2080) width 106: "This is some text"
    RenderBR {BR} at (106,2095) size 0x0
    RenderText {#text} at (0,2101) size 106x19
      text run at (0,2101) width 106: "This is some text"
    RenderBR {BR} at (106,2116) size 0x0
    RenderText {#text} at (0,2122) size 106x19
      text run at (0,2122) width 106: "This is some text"
    RenderBR {BR} at (106,2137) size 0x0
    RenderText {#text} at (0,2143) size 106x19
      text run at (0,2143) width 106: "This is some text"
    RenderBR {BR} at (106,2158) size 0x0
    RenderText {#text} at (0,2164) size 106x19
      text run at (0,2164) width 106: "This is some text"
    RenderBR {BR} at (106,2179) size 0x0
    RenderText {#text} at (0,2185) size 106x19
      text run at (0,2185) width 106: "This is some text"
    RenderBR {BR} at (106,2200) size 0x0
    RenderText {#text} at (0,2206) size 106x19
      text run at (0,2206) width 106: "This is some text"
    RenderBR {BR} at (106,2221) size 0x0
    RenderText {#text} at (0,2227) size 106x19
      text run at (0,2227) width 106: "This is some text"
    RenderBR {BR} at (106,2242) size 0x0
    RenderText {#text} at (0,2248) size 106x19
      text run at (0,2248) width 106: "This is some text"
    RenderBR {BR} at (106,2263) size 0x0
    RenderText {#text} at (0,2269) size 106x19
      text run at (0,2269) width 106: "This is some text"
    RenderBR {BR} at (106,2284) size 0x0
    RenderText {#text} at (0,2290) size 106x19
      text run at (0,2290) width 106: "This is some text"
    RenderBR {BR} at (106,2305) size 0x0
    RenderText {#text} at (0,2311) size 106x19
      text run at (0,2311) width 106: "This is some text"
    RenderBR {BR} at (106,2326) size 0x0
    RenderText {#text} at (0,2332) size 106x19
      text run at (0,2332) width 106: "This is some text"
    RenderBR {BR} at (106,2347) size 0x0
    RenderText {#text} at (0,2353) size 106x19
      text run at (0,2353) width 106: "This is some text"
    RenderBR {BR} at (106,2368) size 0x0
    RenderText {#text} at (0,2374) size 106x19
      text run at (0,2374) width 106: "This is some text"
    RenderBR {BR} at (106,2389) size 0x0
    RenderText {#text} at (0,2395) size 106x19
      text run at (0,2395) width 106: "This is some text"
    RenderBR {BR} at (106,2410) size 0x0
    RenderText {#text} at (0,2416) size 106x19
      text run at (0,2416) width 106: "This is some text"
    RenderBR {BR} at (106,2431) size 0x0
    RenderText {#text} at (0,2437) size 106x19
      text run at (0,2437) width 106: "This is some text"
    RenderBR {BR} at (106,2452) size 0x0
    RenderText {#text} at (0,2458) size 106x19
      text run at (0,2458) width 106: "This is some text"
    RenderBR {BR} at (106,2473) size 0x0
    RenderText {#text} at (0,2479) size 106x19
      text run at (0,2479) width 106: "This is some text"
    RenderBR {BR} at (106,2494) size 0x0
    RenderText {#text} at (0,2500) size 106x19
      text run at (0,2500) width 106: "This is some text"
    RenderBR {BR} at (106,2515) size 0x0
    RenderText {#text} at (0,2521) size 106x19
      text run at (0,2521) width 106: "This is some text"
    RenderBR {BR} at (106,2536) size 0x0
    RenderText {#text} at (0,2542) size 106x19
      text run at (0,2542) width 106: "This is some text"
    RenderBR {BR} at (106,2557) size 0x0
    RenderText {#text} at (0,2563) size 106x19
      text run at (0,2563) width 106: "This is some text"
    RenderBR {BR} at (106,2578) size 0x0
    RenderText {#text} at (0,2584) size 106x19
      text run at (0,2584) width 106: "This is some text"
    RenderBR {BR} at (106,2599) size 0x0
    RenderText {#text} at (0,2605) size 106x19
      text run at (0,2605) width 106: "This is some text"
    RenderBR {BR} at (106,2620) size 0x0
    RenderText {#text} at (0,2626) size 106x19
      text run at (0,2626) width 106: "This is some text"
    RenderBR {BR} at (106,2641) size 0x0
    RenderText {#text} at (0,2647) size 106x19
      text run at (0,2647) width 106: "This is some text"
    RenderBR {BR} at (106,2662) size 0x0
    RenderText {#text} at (0,2668) size 106x19
      text run at (0,2668) width 106: "This is some text"
    RenderBR {BR} at (106,2683) size 0x0
    RenderText {#text} at (0,2689) size 106x19
      text run at (0,2689) width 106: "This is some text"
    RenderBR {BR} at (106,2704) size 0x0
    RenderText {#text} at (0,2710) size 106x19
      text run at (0,2710) width 106: "This is some text"
    RenderBR {BR} at (106,2725) size 0x0
    RenderText {#text} at (0,2731) size 106x19
      text run at (0,2731) width 106: "This is some text"
    RenderBR {BR} at (106,2746) size 0x0
    RenderText {#text} at (0,2752) size 106x19
      text run at (0,2752) width 106: "This is some text"
    RenderBR {BR} at (106,2767) size 0x0
    RenderText {#text} at (0,2773) size 106x19
      text run at (0,2773) width 106: "This is some text"
    RenderBR {BR} at (106,2788) size 0x0
    RenderText {#text} at (0,2794) size 106x19
      text run at (0,2794) width 106: "This is some text"
    RenderBR {BR} at (106,2809) size 0x0
    RenderText {#text} at (0,2815) size 106x19
      text run at (0,2815) width 106: "This is some text"
    RenderBR {BR} at (106,2830) size 0x0
