layer at (0,0) size 800x807
  RenderView at (0,0) size 800x600
layer at (0,0) size 800x807
  RenderBlock {HTML} at (0,0) size 800x807
    RenderBody {BODY} at (8,8) size 784x791 [bgcolor=#CCCCCC]
      RenderBlock {P} at (0,0) size 784x21
        RenderText {#text} at (0,1) size 356x19
          text run at (0,1) width 356: "The style declarations which apply to the text below are:"
      RenderBlock {PRE} at (0,37) size 784x90
        RenderText {#text} at (0,0) size 440x90
          text run at (0,0) width 432: ".zero {background-color: silver; border-top-width: 0;}"
          text run at (432,0) width 0: " "
          text run at (0,15) width 408: ".one {border-top-width: 25px; border-style: solid;}"
          text run at (408,15) width 0: " "
          text run at (0,30) width 416: ".two {border-top-width: thick; border-style: solid;}"
          text run at (416,30) width 0: " "
          text run at (0,45) width 440: ".three {border-top-width: medium; border-style: solid;}"
          text run at (440,45) width 0: " "
          text run at (0,60) width 416: ".four {border-top-width: thin; border-style: solid;}"
          text run at (416,60) width 0: " "
          text run at (0,75) width 248: ".five {border-top-width: 25px;}"
          text run at (248,75) width 0: " "
      RenderBlock {HR} at (0,140) size 784x2 [border: (1px inset #000000)]
      RenderBlock {P} at (0,158) size 784x21
        RenderText {#text} at (0,1) size 157x19
          text run at (0,1) width 157: "(These will only work if "
        RenderInline {CODE} at (0,0) size 96x15
          RenderText {#text} at (157,5) size 96x15
            text run at (157,5) width 96: "border-style"
        RenderText {#text} at (253,1) size 89x19
          text run at (253,1) width 89: " is supported.)"
      RenderBlock {P} at (0,195) size 784x21 [bgcolor=#C0C0C0]
        RenderText {#text} at (0,1) size 203x19
          text run at (0,1) width 203: "This element has a class of zero."
      RenderBlock {P} at (0,232) size 784x49 [border: (25px solid #000000) (3px solid #000000)]
        RenderText {#text} at (3,26) size 377x19
          text run at (3,26) width 377: "This paragraph should have a top border width of 25 pixels."
      RenderBlock {P} at (0,297) size 784x29 [border: (5px solid #000000) (3px solid #000000)]
        RenderText {#text} at (3,6) size 334x19
          text run at (3,6) width 334: "This paragraph should have a thick top border width."
      RenderBlock {P} at (0,342) size 784x27 [border: (3px solid #000000)]
        RenderText {#text} at (3,4) size 354x19
          text run at (3,4) width 354: "This paragraph should have a medium top border width."
      RenderBlock {P} at (0,385) size 784x25 [border: (1px solid #000000) (3px solid #000000)]
        RenderText {#text} at (3,2) size 327x19
          text run at (3,2) width 327: "This paragraph should have a thin top border width."
      RenderBlock {P} at (0,426) size 784x21
        RenderText {#text} at (0,1) size 527x19
          text run at (0,1) width 527: "This paragraph should have no border and no extra \"padding\" on its top side, as no "
        RenderInline {CODE} at (0,0) size 96x15
          RenderText {#text} at (527,5) size 96x15
            text run at (527,5) width 96: "border-style"
        RenderText {#text} at (623,1) size 54x19
          text run at (623,1) width 54: " was set."
      RenderTable {TABLE} at (0,463) size 701x328 [border: (1px outset #808080)]
        RenderTableSection {TBODY} at (1,1) size 699x326
          RenderTableRow {TR} at (0,0) size 699x29
            RenderTableCell {TD} at (0,0) size 699x29 [bgcolor=#C0C0C0] [border: (1px inset #808080)] [r=0 c=0 rs=1 cs=2]
              RenderInline {STRONG} at (0,0) size 161x19
                RenderText {#text} at (4,5) size 161x19
                  text run at (4,5) width 161: "TABLE Testing Section"
          RenderTableRow {TR} at (0,29) size 699x297
            RenderTableCell {TD} at (0,163) size 12x29 [bgcolor=#C0C0C0] [border: (1px inset #808080)] [r=1 c=0 rs=1 cs=1]
              RenderText {#text} at (4,5) size 4x19
                text run at (4,5) width 4: " "
            RenderTableCell {TD} at (12,29) size 687x297 [border: (1px inset #808080)] [r=1 c=1 rs=1 cs=1]
              RenderBlock {P} at (4,4) size 679x21
                RenderText {#text} at (0,1) size 157x19
                  text run at (0,1) width 157: "(These will only work if "
                RenderInline {CODE} at (0,0) size 96x15
                  RenderText {#text} at (157,5) size 96x15
                    text run at (157,5) width 96: "border-style"
                RenderText {#text} at (253,1) size 89x19
                  text run at (253,1) width 89: " is supported.)"
              RenderBlock {P} at (4,41) size 679x21 [bgcolor=#C0C0C0]
                RenderText {#text} at (0,1) size 203x19
                  text run at (0,1) width 203: "This element has a class of zero."
              RenderBlock {P} at (4,78) size 679x49 [border: (25px solid #000000) (3px solid #000000)]
                RenderText {#text} at (3,26) size 377x19
                  text run at (3,26) width 377: "This paragraph should have a top border width of 25 pixels."
              RenderBlock {P} at (4,143) size 679x29 [border: (5px solid #000000) (3px solid #000000)]
                RenderText {#text} at (3,6) size 334x19
                  text run at (3,6) width 334: "This paragraph should have a thick top border width."
              RenderBlock {P} at (4,188) size 679x27 [border: (3px solid #000000)]
                RenderText {#text} at (3,4) size 354x19
                  text run at (3,4) width 354: "This paragraph should have a medium top border width."
              RenderBlock {P} at (4,231) size 679x25 [border: (1px solid #000000) (3px solid #000000)]
                RenderText {#text} at (3,2) size 327x19
                  text run at (3,2) width 327: "This paragraph should have a thin top border width."
              RenderBlock {P} at (4,272) size 679x21
                RenderText {#text} at (0,1) size 527x19
                  text run at (0,1) width 527: "This paragraph should have no border and no extra \"padding\" on its top side, as no "
                RenderInline {CODE} at (0,0) size 96x15
                  RenderText {#text} at (527,5) size 96x15
                    text run at (527,5) width 96: "border-style"
                RenderText {#text} at (623,1) size 54x19
                  text run at (623,1) width 54: " was set."
