layer at (0,0) size 800x1481
  RenderView at (0,0) size 800x600
layer at (0,0) size 800x1481
  RenderBlock {HTML} at (0,0) size 800x1481
    RenderBody {BODY} at (8,8) size 784x1465 [bgcolor=#CCCCCC]
      RenderBlock {P} at (0,0) size 784x21
        RenderText {#text} at (0,1) size 356x19
          text run at (0,1) width 356: "The style declarations which apply to the text below are:"
      RenderBlock {PRE} at (0,37) size 784x135
        RenderText {#text} at (0,0) size 272x135
          text run at (0,0) width 272: ".one {border: medium black solid;}"
          text run at (272,0) width 0: " "
          text run at (0,15) width 264: ".two {border: thin maroon ridge;}"
          text run at (264,15) width 0: " "
          text run at (0,30) width 272: ".three {border: 10px teal outset;}"
          text run at (272,30) width 0: " "
          text run at (0,45) width 264: ".four {border: 10px olive inset;}"
          text run at (264,45) width 0: " "
          text run at (0,60) width 224: ".five {border: 10px maroon;}"
          text run at (224,60) width 0: " "
          text run at (0,75) width 232: ".six {border: maroon double;}"
          text run at (232,75) width 0: " "
          text run at (0,90) width 256: ".seven {border: left red solid;}"
          text run at (256,90) width 0: " "
          text run at (0,105) width 168: ".eight {border: 0px;}"
          text run at (168,105) width 0: " "
          text run at (0,120) width 232: "TD {border: 2px solid green;}"
          text run at (232,120) width 0: " "
      RenderBlock {HR} at (0,185) size 784x2 [border: (1px inset #000000)]
      RenderBlock {P} at (0,203) size 784x42
        RenderText {#text} at (0,1) size 781x40
          text run at (0,1) width 628: "Note that all table cells on this page should have a two-pixel solid green border along all four sides. "
          text run at (628,1) width 153: "This border applies only"
          text run at (0,22) width 285: "to the cells, not the rows which contain them."
      RenderBlock {P} at (0,261) size 784x27 [border: (3px solid #000000)]
        RenderText {#text} at (3,4) size 483x19
          text run at (3,4) width 483: "This paragraph should have a medium black solid border all the way around."
      RenderBlock {P} at (0,304) size 784x23 [border: (1px ridge #800000)]
        RenderText {#text} at (1,2) size 480x19
          text run at (1,2) width 480: "This paragraph should have a thin maroon ridged border all the way around."
      RenderBlock {P} at (0,343) size 784x41 [border: (10px outset #008080)]
        RenderText {#text} at (10,11) size 518x19
          text run at (10,11) width 518: "This paragraph should have a ten-pixel-wide teal outset border all the way around."
      RenderBlock {P} at (0,400) size 784x41 [border: (10px inset #808000)]
        RenderText {#text} at (10,11) size 519x19
          text run at (10,11) width 519: "This paragraph should have a ten-pixel-wide olive inset border all the way around."
      RenderBlock {P} at (0,457) size 784x21
        RenderText {#text} at (0,1) size 348x19
          text run at (0,1) width 348: "This paragraph should have no border around it, as the "
        RenderInline {TT} at (0,0) size 96x15
          RenderText {#text} at (348,5) size 96x15
            text run at (348,5) width 96: "border-style"
        RenderText {#text} at (444,1) size 322x19
          text run at (444,1) width 322: " was not set, and it should not be offset in any way."
      RenderBlock {P} at (0,494) size 784x27 [border: (3px double #800000)]
        RenderText {#text} at (3,4) size 535x19
          text run at (3,4) width 535: "This paragraph should have a medium maroon double border around it, even though "
        RenderInline {CODE} at (0,0) size 96x15
          RenderText {#text} at (538,8) size 96x15
            text run at (538,8) width 96: "border-width"
        RenderText {#text} at (634,4) size 140x19
          text run at (634,4) width 140: " was not explicitly set."
      RenderBlock {P} at (0,537) size 784x21
        RenderText {#text} at (0,1) size 621x19
          text run at (0,1) width 621: "This paragraph should have no border around it, as its declaration is invalid and should be ignored."
      RenderBlock {P} at (0,574) size 784x21
        RenderInline {A} at (0,0) size 25x19
          RenderText {#text} at (0,1) size 25x19
            text run at (0,1) width 25: "The"
        RenderText {#text} at (25,1) size 719x19
          text run at (25,1) width 719: " following image is also an anchor which points to a target on this page, but it should not have a border around it: "
        RenderInline {A} at (0,0) size 15x19 [color=#0000FF]
          RenderImage {IMG} at (744,1) size 15x15
        RenderText {#text} at (759,1) size 4x19
          text run at (759,1) width 4: "."
      RenderTable {TABLE} at (0,611) size 784x125 [border: (1px outset #808080)]
        RenderTableSection {TBODY} at (1,1) size 782x123
          RenderTableRow {TR} at (0,5) size 782x48
            RenderTableCell {TD} at (5,5) size 772x48 [border: (2px solid #008000)] [r=0 c=0 rs=1 cs=2]
              RenderText {#text} at (3,4) size 758x40
                text run at (3,4) width 404: "Every cell in this table should have a 2-pixel solid green border. "
                text run at (407,4) width 354: "This is also true of the table-testing section in the second"
                text run at (3,25) width 127: "half of the test page."
          RenderTableRow {TR} at (0,58) size 782x60
            RenderTableCell {TD} at (5,74) size 197x27 [border: (2px solid #008000)] [r=1 c=0 rs=1 cs=1]
              RenderText {#text} at (3,4) size 53x19
                text run at (3,4) width 53: "Cell one"
            RenderTableCell {TD} at (207,58) size 570x60 [border: (2px solid #008000)] [r=1 c=1 rs=1 cs=1]
              RenderBlock (anonymous) at (3,3) size 564x21
                RenderText {#text} at (0,1) size 54x19
                  text run at (0,1) width 54: "Cell two"
              RenderTable {TABLE} at (3,24) size 164x33 [border: (1px outset #808080)]
                RenderTableSection {TBODY} at (1,1) size 162x31
                  RenderTableRow {TR} at (0,2) size 162x27
                    RenderTableCell {TD} at (2,2) size 158x27 [border: (2px solid #008000)] [r=0 c=0 rs=1 cs=1]
                      RenderText {#text} at (3,4) size 152x19
                        text run at (3,4) width 152: "Nested single-cell table!"
      RenderBlock {P} at (0,752) size 784x21
        RenderText {#text} at (0,1) size 175x19
          text run at (0,1) width 175: "This is an unstyled element."
      RenderTable {TABLE} at (0,789) size 784x676 [border: (1px outset #808080)]
        RenderTableSection {TBODY} at (1,1) size 782x674
          RenderTableRow {TR} at (0,0) size 782x31
            RenderTableCell {TD} at (0,0) size 782x31 [bgcolor=#C0C0C0] [border: (2px solid #008000)] [r=0 c=0 rs=1 cs=2]
              RenderInline {STRONG} at (0,0) size 161x19
                RenderText {#text} at (5,6) size 161x19
                  text run at (5,6) width 161: "TABLE Testing Section"
          RenderTableRow {TR} at (0,31) size 782x643
            RenderTableCell {TD} at (0,337) size 14x31 [bgcolor=#C0C0C0] [border: (2px solid #008000)] [r=1 c=0 rs=1 cs=1]
              RenderText {#text} at (5,6) size 4x19
                text run at (5,6) width 4: " "
            RenderTableCell {TD} at (14,31) size 768x643 [border: (2px solid #008000)] [r=1 c=1 rs=1 cs=1]
              RenderBlock {P} at (5,5) size 758x42
                RenderText {#text} at (0,1) size 749x40
                  text run at (0,1) width 628: "Note that all table cells on this page should have a two-pixel solid green border along all four sides. "
                  text run at (628,1) width 121: "This border applies"
                  text run at (0,22) width 317: "only to the cells, not the rows which contain them."
              RenderBlock {P} at (5,63) size 758x27 [border: (3px solid #000000)]
                RenderText {#text} at (3,4) size 483x19
                  text run at (3,4) width 483: "This paragraph should have a medium black solid border all the way around."
              RenderBlock {P} at (5,106) size 758x23 [border: (1px ridge #800000)]
                RenderText {#text} at (1,2) size 480x19
                  text run at (1,2) width 480: "This paragraph should have a thin maroon ridged border all the way around."
              RenderBlock {P} at (5,145) size 758x41 [border: (10px outset #008080)]
                RenderText {#text} at (10,11) size 518x19
                  text run at (10,11) width 518: "This paragraph should have a ten-pixel-wide teal outset border all the way around."
              RenderBlock {P} at (5,202) size 758x41 [border: (10px inset #808000)]
                RenderText {#text} at (10,11) size 519x19
                  text run at (10,11) width 519: "This paragraph should have a ten-pixel-wide olive inset border all the way around."
              RenderBlock {P} at (5,259) size 758x42
                RenderText {#text} at (0,1) size 348x19
                  text run at (0,1) width 348: "This paragraph should have no border around it, as the "
                RenderInline {TT} at (0,0) size 96x15
                  RenderText {#text} at (348,5) size 96x15
                    text run at (348,5) width 96: "border-style"
                RenderText {#text} at (444,1) size 732x40
                  text run at (444,1) width 288: " was not set, and it should not be offset in any"
                  text run at (0,22) width 30: "way."
              RenderBlock {P} at (5,317) size 758x48 [border: (3px double #800000)]
                RenderText {#text} at (3,4) size 535x19
                  text run at (3,4) width 535: "This paragraph should have a medium maroon double border around it, even though "
                RenderInline {CODE} at (0,0) size 96x15
                  RenderText {#text} at (538,8) size 96x15
                    text run at (538,8) width 96: "border-width"
                RenderText {#text} at (634,4) size 746x40
                  text run at (634,4) width 115: " was not explicitly"
                  text run at (3,25) width 21: "set."
              RenderBlock {P} at (5,381) size 758x21
                RenderText {#text} at (0,1) size 621x19
                  text run at (0,1) width 621: "This paragraph should have no border around it, as its declaration is invalid and should be ignored."
              RenderBlock {P} at (5,418) size 758x42
                RenderInline {A} at (0,0) size 25x19
                  RenderText {#text} at (0,1) size 25x19
                    text run at (0,1) width 25: "The"
                RenderText {#text} at (25,1) size 719x19
                  text run at (25,1) width 719: " following image is also an anchor which points to a target on this page, but it should not have a border around it: "
                RenderInline {A} at (0,0) size 15x19 [color=#0000FF]
                  RenderImage {IMG} at (744,1) size 15x15
                RenderText {#text} at (0,22) size 4x19
                  text run at (0,22) width 4: "."
              RenderTable {TABLE} at (5,476) size 758x125 [border: (1px outset #808080)]
                RenderTableSection {TBODY} at (1,1) size 756x123
                  RenderTableRow {TR} at (0,5) size 756x48
                    RenderTableCell {TD} at (5,5) size 746x48 [border: (2px solid #008000)] [r=0 c=0 rs=1 cs=2]
                      RenderText {#text} at (3,4) size 710x40
                        text run at (3,4) width 404: "Every cell in this table should have a 2-pixel solid green border. "
                        text run at (407,4) width 306: "This is also true of the table-testing section in the"
                        text run at (3,25) width 175: "second half of the test page."
                  RenderTableRow {TR} at (0,58) size 756x60
                    RenderTableCell {TD} at (5,74) size 190x27 [border: (2px solid #008000)] [r=1 c=0 rs=1 cs=1]
                      RenderText {#text} at (3,4) size 53x19
                        text run at (3,4) width 53: "Cell one"
                    RenderTableCell {TD} at (200,58) size 551x60 [border: (2px solid #008000)] [r=1 c=1 rs=1 cs=1]
                      RenderBlock (anonymous) at (3,3) size 545x21
                        RenderText {#text} at (0,1) size 54x19
                          text run at (0,1) width 54: "Cell two"
                      RenderTable {TABLE} at (3,24) size 164x33 [border: (1px outset #808080)]
                        RenderTableSection {TBODY} at (1,1) size 162x31
                          RenderTableRow {TR} at (0,2) size 162x27
                            RenderTableCell {TD} at (2,2) size 158x27 [border: (2px solid #008000)] [r=0 c=0 rs=1 cs=1]
                              RenderText {#text} at (3,4) size 152x19
                                text run at (3,4) width 152: "Nested single-cell table!"
              RenderBlock {P} at (5,617) size 758x21
                RenderText {#text} at (0,1) size 175x19
                  text run at (0,1) width 175: "This is an unstyled element."
