layer at (0,0) size 800x951
  RenderView at (0,0) size 800x600
layer at (0,0) size 800x951
  RenderBlock {HTML} at (0,0) size 800x951
    RenderBody {BODY} at (8,8) size 784x935 [bgcolor=#CCCCCC]
      RenderBlock {P} at (0,0) size 784x21
        RenderText {#text} at (0,1) size 356x19
          text run at (0,1) width 356: "The style declarations which apply to the text below are:"
      RenderBlock {PRE} at (0,37) size 784x90
        RenderText {#text} at (0,0) size 408x90
          text run at (0,0) width 400: ".zero {background-color: silver; border-width: 0;}"
          text run at (400,0) width 0: " "
          text run at (0,15) width 376: ".one {border-width: 50px; border-style: solid;}"
          text run at (376,15) width 0: " "
          text run at (0,30) width 384: ".two {border-width: thick; border-style: solid;}"
          text run at (384,30) width 0: " "
          text run at (0,45) width 408: ".three {border-width: medium; border-style: solid;}"
          text run at (408,45) width 0: " "
          text run at (0,60) width 384: ".four {border-width: thin; border-style: solid;}"
          text run at (384,60) width 0: " "
          text run at (0,75) width 216: ".five {border-width: 25px;}"
          text run at (216,75) width 0: " "
      RenderBlock {HR} at (0,140) size 784x2 [border: (1px inset #000000)]
      RenderBlock {P} at (0,158) size 784x21
        RenderText {#text} at (0,1) size 157x19
          text run at (0,1) width 157: "(These will only work if "
        RenderInline {CODE} at (0,0) size 96x15
          RenderText {#text} at (157,5) size 96x15
            text run at (157,5) width 96: "border-style"
        RenderText {#text} at (253,1) size 89x19
          text run at (253,1) width 89: " is supported.)"
      RenderBlock {P} at (0,195) size 784x21 [bgcolor=#C0C0C0]
        RenderText {#text} at (0,1) size 203x19
          text run at (0,1) width 203: "This element has a class of zero."
      RenderBlock {P} at (0,232) size 784x121 [border: (50px solid #000000)]
        RenderText {#text} at (50,51) size 394x19
          text run at (50,51) width 394: "This element should have an overall border width of 50 pixels."
      RenderBlock {P} at (0,369) size 784x31 [border: (5px solid #000000)]
        RenderText {#text} at (5,6) size 343x19
          text run at (5,6) width 343: "This element should have a thick overall border width."
      RenderBlock {P} at (0,416) size 784x27 [border: (3px solid #000000)]
        RenderText {#text} at (3,4) size 363x19
          text run at (3,4) width 363: "This element should have a medium overall border width."
      RenderBlock {P} at (0,459) size 784x23 [border: (1px solid #000000)]
        RenderText {#text} at (1,2) size 336x19
          text run at (1,2) width 336: "This element should have a thin overall border width."
      RenderBlock {P} at (0,498) size 784x21
        RenderText {#text} at (0,1) size 498x19
          text run at (0,1) width 498: "This element should have no border and no extra \"padding\" on any side, as no "
        RenderInline {CODE} at (0,0) size 96x15
          RenderText {#text} at (498,5) size 96x15
            text run at (498,5) width 96: "border-style"
        RenderText {#text} at (594,1) size 54x19
          text run at (594,1) width 54: " was set."
      RenderTable {TABLE} at (0,535) size 671x400 [border: (1px outset #808080)]
        RenderTableSection {TBODY} at (1,1) size 669x398
          RenderTableRow {TR} at (0,0) size 669x29
            RenderTableCell {TD} at (0,0) size 669x29 [bgcolor=#C0C0C0] [border: (1px inset #808080)] [r=0 c=0 rs=1 cs=2]
              RenderInline {STRONG} at (0,0) size 161x19
                RenderText {#text} at (4,5) size 161x19
                  text run at (4,5) width 161: "TABLE Testing Section"
          RenderTableRow {TR} at (0,29) size 669x369
            RenderTableCell {TD} at (0,199) size 12x29 [bgcolor=#C0C0C0] [border: (1px inset #808080)] [r=1 c=0 rs=1 cs=1]
              RenderText {#text} at (4,5) size 4x19
                text run at (4,5) width 4: " "
            RenderTableCell {TD} at (12,29) size 657x369 [border: (1px inset #808080)] [r=1 c=1 rs=1 cs=1]
              RenderBlock {P} at (4,4) size 649x21
                RenderText {#text} at (0,1) size 157x19
                  text run at (0,1) width 157: "(These will only work if "
                RenderInline {CODE} at (0,0) size 96x15
                  RenderText {#text} at (157,5) size 96x15
                    text run at (157,5) width 96: "border-style"
                RenderText {#text} at (253,1) size 89x19
                  text run at (253,1) width 89: " is supported.)"
              RenderBlock {P} at (4,41) size 649x21 [bgcolor=#C0C0C0]
                RenderText {#text} at (0,1) size 203x19
                  text run at (0,1) width 203: "This element has a class of zero."
              RenderBlock {P} at (4,78) size 649x121 [border: (50px solid #000000)]
                RenderText {#text} at (50,51) size 394x19
                  text run at (50,51) width 394: "This element should have an overall border width of 50 pixels."
              RenderBlock {P} at (4,215) size 649x31 [border: (5px solid #000000)]
                RenderText {#text} at (5,6) size 343x19
                  text run at (5,6) width 343: "This element should have a thick overall border width."
              RenderBlock {P} at (4,262) size 649x27 [border: (3px solid #000000)]
                RenderText {#text} at (3,4) size 363x19
                  text run at (3,4) width 363: "This element should have a medium overall border width."
              RenderBlock {P} at (4,305) size 649x23 [border: (1px solid #000000)]
                RenderText {#text} at (1,2) size 336x19
                  text run at (1,2) width 336: "This element should have a thin overall border width."
              RenderBlock {P} at (4,344) size 649x21
                RenderText {#text} at (0,1) size 498x19
                  text run at (0,1) width 498: "This element should have no border and no extra \"padding\" on any side, as no "
                RenderInline {CODE} at (0,0) size 96x15
                  RenderText {#text} at (498,5) size 96x15
                    text run at (498,5) width 96: "border-style"
                RenderText {#text} at (594,1) size 54x19
                  text run at (594,1) width 54: " was set."
