layer at (0,0) size 800x600
  RenderView at (0,0) size 800x600
layer at (0,0) size 800x600
  RenderBlock {HTML} at (0,0) size 800x600
    RenderBody {BODY} at (8,8) size 784x584 [bgcolor=#CCCCCC]
      RenderBlock {P} at (20,0) size 764x21
        RenderText {#text} at (0,1) size 356x19
          text run at (0,1) width 356: "The style declarations which apply to the text below are:"
      RenderBlock {PRE} at (0,37) size 784x60
        RenderText {#text} at (0,0) size 312x60
          text run at (0,0) width 176: "P {margin-left: 20px;}"
          text run at (176,0) width 0: " "
          text run at (0,15) width 312: ".one {border-left: purple double 10px;}"
          text run at (312,15) width 0: " "
          text run at (0,30) width 304: ".two {border-left: purple thin solid;}"
          text run at (304,30) width 0: " "
          text run at (0,45) width 0: " "
      RenderBlock {HR} at (0,110) size 784x2 [border: (1px inset #000000)]
      RenderBlock {P} at (20,128) size 764x63 [bgcolor=#C0C0C0]
        RenderText {#text} at (0,1) size 760x19
          text run at (0,1) width 760: "This paragraph has a background color of silver and a 20-pixel left margin, and it contains inline elements with classes of"
        RenderInline {SPAN} at (0,0) size 67x19 [border: (10px double #800080)]
          RenderText {#text} at (10,22) size 57x19
            text run at (10,22) width 57: "class one"
        RenderText {#text} at (67,22) size 392x19
          text run at (67,22) width 392: ", which should have a 10-pixel purple double left border; and "
        RenderInline {SPAN} at (0,0) size 59x19 [border: (1px solid #800080)]
          RenderText {#text} at (460,22) size 58x19
            text run at (460,22) width 58: "class two"
        RenderText {#text} at (518,22) size 762x40
          text run at (518,22) width 244: ", which should have a thin solid purple"
          text run at (0,43) width 72: "left border. "
          text run at (72,43) width 429: "The line-height of the parent element should not change on any line."
      RenderTable {TABLE} at (0,207) size 784x102 [border: (1px outset #808080)]
        RenderTableSection {TBODY} at (1,1) size 782x100
          RenderTableRow {TR} at (0,0) size 782x29
            RenderTableCell {TD} at (0,0) size 782x29 [bgcolor=#C0C0C0] [border: (1px inset #808080)] [r=0 c=0 rs=1 cs=2]
              RenderInline {STRONG} at (0,0) size 161x19
                RenderText {#text} at (4,5) size 161x19
                  text run at (4,5) width 161: "TABLE Testing Section"
          RenderTableRow {TR} at (0,29) size 782x71
            RenderTableCell {TD} at (0,50) size 12x29 [bgcolor=#C0C0C0] [border: (1px inset #808080)] [r=1 c=0 rs=1 cs=1]
              RenderText {#text} at (4,5) size 4x19
                text run at (4,5) width 4: " "
            RenderTableCell {TD} at (12,29) size 770x71 [border: (1px inset #808080)] [r=1 c=1 rs=1 cs=1]
              RenderBlock {P} at (24,4) size 742x63 [bgcolor=#C0C0C0]
                RenderText {#text} at (0,1) size 696x40
                  text run at (0,1) width 696: "This paragraph has a background color of silver and a 20-pixel left margin, and it contains inline elements with"
                  text run at (0,22) width 64: "classes of "
                RenderInline {SPAN} at (0,0) size 67x19 [border: (10px double #800080)]
                  RenderText {#text} at (74,22) size 57x19
                    text run at (74,22) width 57: "class one"
                RenderText {#text} at (131,22) size 392x19
                  text run at (131,22) width 392: ", which should have a 10-pixel purple double left border; and "
                RenderInline {SPAN} at (0,0) size 59x19 [border: (1px solid #800080)]
                  RenderText {#text} at (524,22) size 58x19
                    text run at (524,22) width 58: "class two"
                RenderText {#text} at (582,22) size 720x40
                  text run at (582,22) width 138: ", which should have a"
                  text run at (0,43) width 178: "thin solid purple left border. "
                  text run at (178,43) width 429: "The line-height of the parent element should not change on any line."
