layer at (0,0) size 800x600
  RenderView at (0,0) size 800x600
layer at (0,0) size 800x600
  RenderBlock {HTML} at (0,0) size 800x600
    RenderBody {BODY} at (8,8) size 784x584 [bgcolor=#CCCCCC]
      RenderBlock {P} at (0,0) size 784x21
        RenderText {#text} at (0,1) size 356x19
          text run at (0,1) width 356: "The style declarations which apply to the text below are:"
      RenderBlock {PRE} at (0,37) size 784x45
        RenderText {#text} at (0,0) size 376x45
          text run at (0,0) width 376: ".one {border-width: 25px; border-style: solid;}"
          text run at (376,0) width 0: " "
          text run at (0,15) width 376: ".two {border-width: thin; border-style: solid;}"
          text run at (376,15) width 0: " "
          text run at (0,30) width 224: ".three {border-width: 25px;}"
          text run at (224,30) width 0: " "
      RenderBlock {HR} at (0,95) size 784x2 [border: (1px inset #000000)]
      RenderBlock {P} at (0,113) size 784x113 [border: (25px solid #000000)]
        RenderText {#text} at (25,26) size 172x19
          text run at (25,26) width 172: "This element has a class of "
        RenderInline {TT} at (0,0) size 24x15
          RenderText {#text} at (197,30) size 24x15
            text run at (197,30) width 24: "one"
        RenderText {#text} at (221,26) size 162x19
          text run at (221,26) width 8: ". "
          text run at (229,26) width 154: "However, it contains an "
        RenderInline {SPAN} at (0,0) size 169x21 [border: (1px solid #000000)]
          RenderText {#text} at (384,26) size 143x19
            text run at (384,26) width 143: "inline element of class "
          RenderInline {TT} at (0,0) size 24x15
            RenderText {#text} at (527,30) size 24x15
              text run at (527,30) width 24: "two"
        RenderText {#text} at (552,26) size 713x40
          text run at (552,26) width 186: ", which should result in a thin"
          text run at (25,47) width 374: "solid border on each side of each box in the inline element. "
          text run at (399,47) width 103: "There is also an "
        RenderInline {SPAN} at (0,0) size 183x19
          RenderText {#text} at (502,47) size 143x19
            text run at (502,47) width 143: "inline element of class "
          RenderInline {TT} at (0,0) size 40x15
            RenderText {#text} at (645,51) size 40x15
              text run at (645,51) width 40: "three"
        RenderText {#text} at (685,47) size 707x40
          text run at (685,47) width 47: ", which"
          text run at (25,68) width 387: "should have no border width because no border style was set."
      RenderTable {TABLE} at (0,242) size 784x152 [border: (1px outset #808080)]
        RenderTableSection {TBODY} at (1,1) size 782x150
          RenderTableRow {TR} at (0,0) size 782x29
            RenderTableCell {TD} at (0,0) size 782x29 [bgcolor=#C0C0C0] [border: (1px inset #808080)] [r=0 c=0 rs=1 cs=2]
              RenderInline {STRONG} at (0,0) size 161x19
                RenderText {#text} at (4,5) size 161x19
                  text run at (4,5) width 161: "TABLE Testing Section"
          RenderTableRow {TR} at (0,29) size 782x121
            RenderTableCell {TD} at (0,75) size 12x29 [bgcolor=#C0C0C0] [border: (1px inset #808080)] [r=1 c=0 rs=1 cs=1]
              RenderText {#text} at (4,5) size 4x19
                text run at (4,5) width 4: " "
            RenderTableCell {TD} at (12,29) size 770x121 [border: (1px inset #808080)] [r=1 c=1 rs=1 cs=1]
              RenderBlock {P} at (4,4) size 762x113 [border: (25px solid #000000)]
                RenderText {#text} at (25,26) size 172x19
                  text run at (25,26) width 172: "This element has a class of "
                RenderInline {TT} at (0,0) size 24x15
                  RenderText {#text} at (197,30) size 24x15
                    text run at (197,30) width 24: "one"
                RenderText {#text} at (221,26) size 162x19
                  text run at (221,26) width 8: ". "
                  text run at (229,26) width 154: "However, it contains an "
                RenderInline {SPAN} at (0,0) size 169x21 [border: (1px solid #000000)]
                  RenderText {#text} at (384,26) size 143x19
                    text run at (384,26) width 143: "inline element of class "
                  RenderInline {TT} at (0,0) size 24x15
                    RenderText {#text} at (527,30) size 24x15
                      text run at (527,30) width 24: "two"
                RenderText {#text} at (552,26) size 685x40
                  text run at (552,26) width 158: ", which should result in a"
                  text run at (25,47) width 402: "thin solid border on each side of each box in the inline element. "
                  text run at (427,47) width 103: "There is also an "
                RenderInline {SPAN} at (0,0) size 183x19
                  RenderText {#text} at (530,47) size 143x19
                    text run at (530,47) width 143: "inline element of class "
                  RenderInline {TT} at (0,0) size 40x15
                    RenderText {#text} at (673,51) size 40x15
                      text run at (673,51) width 40: "three"
                RenderText {#text} at (713,47) size 692x40
                  text run at (713,47) width 4: ","
                  text run at (25,68) width 430: "which should have no border width because no border style was set."
