layer at (0,0) size 800x868
  RenderView at (0,0) size 800x600
layer at (0,0) size 800x868
  RenderBlock {HTML} at (0,0) size 800x868
    RenderBody {BODY} at (8,8) size 784x852 [bgcolor=#CCCCCC]
      RenderBlock {P} at (0,0) size 784x21
        RenderText {#text} at (0,1) size 356x19
          text run at (0,1) width 356: "The style declarations which apply to the text below are:"
      RenderBlock {PRE} at (0,37) size 784x90
        RenderText {#text} at (0,0) size 448x90
          text run at (0,0) width 440: ".zero {background-color: silver; border-left-width: 0;}"
          text run at (440,0) width 0: " "
          text run at (0,15) width 416: ".one {border-left-width: 50px; border-style: solid;}"
          text run at (416,15) width 0: " "
          text run at (0,30) width 424: ".two {border-left-width: thick; border-style: solid;}"
          text run at (424,30) width 0: " "
          text run at (0,45) width 448: ".three {border-left-width: medium; border-style: solid;}"
          text run at (448,45) width 0: " "
          text run at (0,60) width 424: ".four {border-left-width: thin; border-style: solid;}"
          text run at (424,60) width 0: " "
          text run at (0,75) width 256: ".five {border-left-width: 25px;}"
          text run at (256,75) width 0: " "
      RenderBlock {HR} at (0,140) size 784x2 [border: (1px inset #000000)]
      RenderBlock {P} at (0,158) size 784x21
        RenderText {#text} at (0,1) size 157x19
          text run at (0,1) width 157: "(These will only work if "
        RenderInline {CODE} at (0,0) size 96x15
          RenderText {#text} at (157,5) size 96x15
            text run at (157,5) width 96: "border-style"
        RenderText {#text} at (253,1) size 89x19
          text run at (253,1) width 89: " is supported.)"
      RenderBlock {P} at (0,195) size 784x21 [bgcolor=#C0C0C0]
        RenderText {#text} at (0,1) size 203x19
          text run at (0,1) width 203: "This element has a class of zero."
      RenderBlock {P} at (0,232) size 784x48 [border: (3px solid #000000) (50px solid #000000)]
        RenderText {#text} at (50,4) size 713x40
          text run at (50,4) width 713: "This element should have a left border width of 50 pixels, which will be more obvious if the element is more than"
          text run at (50,25) width 86: "one line long."
      RenderBlock {P} at (0,296) size 784x27 [border: (3px solid #000000) (5px solid #000000)]
        RenderText {#text} at (5,4) size 760x19
          text run at (5,4) width 760: "This element should have a thick left border width, which will be more obvious if the element is more than one line long."
      RenderBlock {P} at (0,339) size 784x48 [border: (3px solid #000000)]
        RenderText {#text} at (3,4) size 744x40
          text run at (3,4) width 744: "This element should have a medium left border width, which will be more obvious if the element is more than one line"
          text run at (3,25) width 32: "long."
      RenderBlock {P} at (0,403) size 784x27 [border: (3px solid #000000) (1px solid #000000)]
        RenderText {#text} at (1,4) size 753x19
          text run at (1,4) width 753: "This element should have a thin left border width, which will be more obvious if the element is more than one line long."
      RenderBlock {P} at (0,446) size 784x21
        RenderText {#text} at (0,1) size 513x19
          text run at (0,1) width 513: "This element should have no border and no extra \"padding\" on its left side, as no "
        RenderInline {CODE} at (0,0) size 96x15
          RenderText {#text} at (513,5) size 96x15
            text run at (513,5) width 96: "border-style"
        RenderText {#text} at (609,1) size 54x19
          text run at (609,1) width 54: " was set."
      RenderTable {TABLE} at (0,483) size 784x369 [border: (1px outset #808080)]
        RenderTableSection {TBODY} at (1,1) size 782x367
          RenderTableRow {TR} at (0,0) size 782x29
            RenderTableCell {TD} at (0,0) size 782x29 [bgcolor=#C0C0C0] [border: (1px inset #808080)] [r=0 c=0 rs=1 cs=2]
              RenderInline {STRONG} at (0,0) size 161x19
                RenderText {#text} at (4,5) size 161x19
                  text run at (4,5) width 161: "TABLE Testing Section"
          RenderTableRow {TR} at (0,29) size 782x338
            RenderTableCell {TD} at (0,183) size 12x29 [bgcolor=#C0C0C0] [border: (1px inset #808080)] [r=1 c=0 rs=1 cs=1]
              RenderText {#text} at (4,5) size 4x19
                text run at (4,5) width 4: " "
            RenderTableCell {TD} at (12,29) size 770x338 [border: (1px inset #808080)] [r=1 c=1 rs=1 cs=1]
              RenderBlock {P} at (4,4) size 762x21
                RenderText {#text} at (0,1) size 157x19
                  text run at (0,1) width 157: "(These will only work if "
                RenderInline {CODE} at (0,0) size 96x15
                  RenderText {#text} at (157,5) size 96x15
                    text run at (157,5) width 96: "border-style"
                RenderText {#text} at (253,1) size 89x19
                  text run at (253,1) width 89: " is supported.)"
              RenderBlock {P} at (4,41) size 762x21 [bgcolor=#C0C0C0]
                RenderText {#text} at (0,1) size 203x19
                  text run at (0,1) width 203: "This element has a class of zero."
              RenderBlock {P} at (4,78) size 762x48 [border: (3px solid #000000) (50px solid #000000)]
                RenderText {#text} at (50,4) size 682x40
                  text run at (50,4) width 682: "This element should have a left border width of 50 pixels, which will be more obvious if the element is more"
                  text run at (50,25) width 117: "than one line long."
              RenderBlock {P} at (4,142) size 762x48 [border: (3px solid #000000) (5px solid #000000)]
                RenderText {#text} at (5,4) size 724x40
                  text run at (5,4) width 724: "This element should have a thick left border width, which will be more obvious if the element is more than one line"
                  text run at (5,25) width 32: "long."
              RenderBlock {P} at (4,206) size 762x48 [border: (3px solid #000000)]
                RenderText {#text} at (3,4) size 744x40
                  text run at (3,4) width 744: "This element should have a medium left border width, which will be more obvious if the element is more than one line"
                  text run at (3,25) width 32: "long."
              RenderBlock {P} at (4,270) size 762x27 [border: (3px solid #000000) (1px solid #000000)]
                RenderText {#text} at (1,4) size 753x19
                  text run at (1,4) width 753: "This element should have a thin left border width, which will be more obvious if the element is more than one line long."
              RenderBlock {P} at (4,313) size 762x21
                RenderText {#text} at (0,1) size 513x19
                  text run at (0,1) width 513: "This element should have no border and no extra \"padding\" on its left side, as no "
                RenderInline {CODE} at (0,0) size 96x15
                  RenderText {#text} at (513,5) size 96x15
                    text run at (513,5) width 96: "border-style"
                RenderText {#text} at (609,1) size 54x19
                  text run at (609,1) width 54: " was set."
