layer at (0,0) size 800x600
  RenderView at (0,0) size 800x600
layer at (0,0) size 800x600
  RenderBlock {HTML} at (0,0) size 800x600
    RenderBody {BODY} at (8,8) size 784x584 [bgcolor=#CCCCCC]
      RenderBlock {P} at (0,0) size 784x21
        RenderText {#text} at (0,1) size 356x19
          text run at (0,1) width 356: "The style declarations which apply to the text below are:"
      RenderBlock {PRE} at (0,37) size 784x45
        RenderText {#text} at (0,0) size 160x45
          text run at (0,0) width 152: ".one {float: left;}"
          text run at (152,0) width 0: " "
          text run at (0,15) width 160: ".two {float: right;}"
          text run at (160,15) width 0: " "
          text run at (0,30) width 0: " "
      RenderBlock {HR} at (0,95) size 784x2 [border: (1px inset #000000)]
      RenderImage {IMG} at (0,105) size 15x50
      RenderBlock {P} at (0,113) size 784x42
        RenderText {#text} at (15,1) size 763x40
          text run at (15,1) width 598: "This text should be flowing past a tall orange rectangle on the left side of the browser window. "
          text run at (613,1) width 165: "In this case, it is the image"
          text run at (15,22) width 212: "which has been floated to the left."
      RenderBlock (anonymous) at (0,171) size 784x21
        RenderBR {BR} at (0,1) size 0x19
      RenderBlock {HR} at (0,200) size 784x2 [border: (1px inset #000000)]
      RenderImage {IMG} at (769,210) size 15x50
      RenderBlock {P} at (0,218) size 784x42
        RenderText {#text} at (0,1) size 730x40
          text run at (0,1) width 607: "This text should be flowing past a tall orange rectangle on the right side of the browser window. "
          text run at (607,1) width 123: "In this case, it is the"
          text run at (0,22) width 263: "image which has been floated to the right."
      RenderTable {TABLE} at (0,276) size 784x186 [border: (1px outset #808080)]
        RenderTableSection {TBODY} at (1,1) size 782x184
          RenderTableRow {TR} at (0,0) size 782x29
            RenderTableCell {TD} at (0,0) size 782x29 [bgcolor=#C0C0C0] [border: (1px inset #808080)] [r=0 c=0 rs=1 cs=2]
              RenderInline {STRONG} at (0,0) size 161x19
                RenderText {#text} at (4,5) size 161x19
                  text run at (4,5) width 161: "TABLE Testing Section"
          RenderTableRow {TR} at (0,29) size 782x155
            RenderTableCell {TD} at (0,92) size 12x29 [bgcolor=#C0C0C0] [border: (1px inset #808080)] [r=1 c=0 rs=1 cs=1]
              RenderText {#text} at (4,5) size 4x19
                text run at (4,5) width 4: " "
            RenderTableCell {TD} at (12,29) size 770x155 [border: (1px inset #808080)] [r=1 c=1 rs=1 cs=1]
              RenderImage {IMG} at (4,4) size 15x50
              RenderBlock {P} at (4,4) size 762x42
                RenderText {#text} at (15,1) size 721x40
                  text run at (15,1) width 598: "This text should be flowing past a tall orange rectangle on the left side of the browser window. "
                  text run at (613,1) width 123: "In this case, it is the"
                  text run at (15,22) width 254: "image which has been floated to the left."
              RenderBlock (anonymous) at (4,62) size 762x21
                RenderBR {BR} at (0,1) size 0x19
              RenderBlock {HR} at (4,91) size 762x2 [border: (1px inset #000000)]
              RenderImage {IMG} at (751,101) size 15x50
              RenderBlock {P} at (4,109) size 762x42
                RenderText {#text} at (0,1) size 730x40
                  text run at (0,1) width 607: "This text should be flowing past a tall orange rectangle on the right side of the browser window. "
                  text run at (607,1) width 123: "In this case, it is the"
                  text run at (0,22) width 263: "image which has been floated to the right."
