layer at (0,0) size 800x2094
  RenderView at (0,0) size 800x600
layer at (0,0) size 800x2094
  RenderBlock {HTML} at (0,0) size 800x2094
    RenderBody {BODY} at (8,8) size 784x2078 [bgcolor=#CCCCCC]
      RenderBlock {P} at (0,0) size 784x21
        RenderText {#text} at (0,1) size 356x19
          text run at (0,1) width 356: "The style declarations which apply to the text below are:"
      RenderBlock {PRE} at (0,37) size 784x135
        RenderText {#text} at (0,0) size 560x135
          text run at (0,0) width 344: "P.test {background: white; font-size: 20px;"
          text run at (344,0) width 0: " "
          text run at (0,15) width 560: "        margin-left: 30px; margin-right: 10px; padding: 0; border: 0;}"
          text run at (560,15) width 0: " "
          text run at (0,30) width 312: "IMG {padding: 0; border: 0; margin: 0;}"
          text run at (312,30) width 0: " "
          text run at (0,45) width 200: "P.test IMG {float: left;}"
          text run at (200,45) width 0: " "
          text run at (0,60) width 352: "#img2 {margin-top: 30px; margin-left: 30px;}"
          text run at (352,60) width 0: " "
          text run at (0,75) width 368: "#img3 {margin-top: -30px; margin-left: -30px;}"
          text run at (368,75) width 0: " "
          text run at (0,90) width 384: "#img4 {margin-right: 30px; margin-bottom: 30px;}"
          text run at (384,90) width 0: " "
          text run at (0,105) width 400: "#img5 {margin-right: -30px; margin-bottom: -30px;}"
          text run at (400,105) width 0: " "
          text run at (0,120) width 0: " "
      RenderBlock {HR} at (0,185) size 784x2 [border: (1px inset #000000)]
      RenderBlock {P} at (30,207) size 744x104 [bgcolor=#FFFFFF]
        RenderText {#text} at (0,1) size 738x101
          text run at (0,1) width 663: "This paragraph should have a white background which extends to the edges of the"
          text run at (0,27) width 122: "element's box. "
          text run at (122,27) width 441: "There is no padding set on this paragraph whatsoever. "
          text run at (563,27) width 166: "If the background of"
          text run at (0,53) width 738: "the entire box is not white, this may cause problems with the following tests; at any rate, it"
          text run at (0,79) width 223: "must be taken into account."
      RenderBlock {P} at (30,331) size 744x130 [bgcolor=#FFFFFF]
        RenderImage {IMG} at (0,0) size 60x60
        RenderText {#text} at (60,1) size 741x127
          text run at (60,1) width 638: "The image in the upper left corner of this paragraph should be floated left, and"
          text run at (60,27) width 119: "nothing more. "
          text run at (179,27) width 540: "The edges of the white background should line up with the top and"
          text run at (60,53) width 196: "left edges of the image. "
          text run at (256,53) width 485: "This paragraph should have a white background, first of all,"
          text run at (0,79) width 397: "which extends to the edges of the element's box. "
          text run at (397,79) width 335: "There is no padding set on this paragraph"
          text run at (0,105) width 96: "whatsoever."
      RenderBlock {P} at (30,481) size 744x130 [bgcolor=#FFFFFF]
        RenderImage {IMG} at (30,30) size 60x60
        RenderText {#text} at (90,1) size 741x127
          text run at (90,1) width 649: "The image in the upper left corner of this paragraph should be pushed down and"
          text run at (90,27) width 651: "to the right 30 pixels each from the upper left corner of the paragraph's box, and"
          text run at (90,53) width 329: "displace the paragraph text accordingly. "
          text run at (419,53) width 288: "This paragraph should have a white"
          text run at (90,79) width 595: "background, first of all, which extends to the edges of the element's box. "
          text run at (685,79) width 47: "There"
          text run at (0,105) width 384: "is no padding set on this paragraph whatsoever."
      RenderBlock {P} at (30,631) size 744x130 [bgcolor=#FFFFFF]
        RenderImage {IMG} at (-30,-30) size 60x60
        RenderText {#text} at (30,1) size 739x127
          text run at (30,1) width 709: "The image in the upper left corner of this paragraph should be pushed up and to the left"
          text run at (30,27) width 709: "30 pixels each from the upper left corner of the paragraph's box, thus causing the edges"
          text run at (0,53) width 582: "of the white background to align with the thick gray lines in the image. "
          text run at (582,53) width 122: "This paragraph"
          text run at (0,79) width 715: "should have a white background, first of all, which extends to the edges of the element's"
          text run at (0,105) width 41: "box. "
          text run at (41,105) width 436: "There is no padding set on this paragraph whatsoever."
      RenderBlock {P} at (30,781) size 744x156 [bgcolor=#FFFFFF]
        RenderImage {IMG} at (0,0) size 60x60
        RenderText {#text} at (90,1) size 730x153
          text run at (90,1) width 638: "The image in the upper left corner of this paragraph should be floated left, and"
          text run at (90,27) width 640: "the edges of the white background should line up with the top and left edges of"
          text run at (90,53) width 90: "the image. "
          text run at (180,53) width 537: "However, there should be 30 pixels of space between the right and"
          text run at (90,79) width 491: "bottom edges of the image and the paragraph text around it. "
          text run at (581,79) width 122: "This paragraph"
          text run at (0,105) width 715: "should have a white background, first of all, which extends to the edges of the element's"
          text run at (0,131) width 41: "box. "
          text run at (41,131) width 436: "There is no padding set on this paragraph whatsoever."
      RenderBlock {P} at (30,957) size 744x156 [bgcolor=#FFFFFF]
        RenderImage {IMG} at (0,0) size 60x60
        RenderText {#text} at (30,1) size 732x153
          text run at (30,1) width 668: "The image in the upper left corner of this paragraph should be floated left, and the"
          text run at (30,27) width 700: "edges of the white background should line up with the top and left edges of the image."
          text run at (0,53) width 706: "However, the text should overlap the image's right and bottom sides, lining up with the"
          text run at (0,79) width 242: "thick gray lines in the image. "
          text run at (242,79) width 485: "This paragraph should have a white background, first of all,"
          text run at (0,105) width 397: "which extends to the edges of the element's box. "
          text run at (397,105) width 335: "There is no padding set on this paragraph"
          text run at (0,131) width 96: "whatsoever."
      RenderTable {TABLE} at (0,1133) size 784x945 [border: (1px outset #808080)]
        RenderTableSection {TBODY} at (1,1) size 782x943
          RenderTableRow {TR} at (0,0) size 782x29
            RenderTableCell {TD} at (0,0) size 782x29 [bgcolor=#C0C0C0] [border: (1px inset #808080)] [r=0 c=0 rs=1 cs=2]
              RenderInline {STRONG} at (0,0) size 161x19
                RenderText {#text} at (4,5) size 161x19
                  text run at (4,5) width 161: "TABLE Testing Section"
          RenderTableRow {TR} at (0,29) size 782x914
            RenderTableCell {TD} at (0,471) size 12x29 [bgcolor=#C0C0C0] [border: (1px inset #808080)] [r=1 c=0 rs=1 cs=1]
              RenderText {#text} at (4,5) size 4x19
                text run at (4,5) width 4: " "
            RenderTableCell {TD} at (12,29) size 770x914 [border: (1px inset #808080)] [r=1 c=1 rs=1 cs=1]
              RenderBlock {P} at (34,4) size 722x104 [bgcolor=#FFFFFF]
                RenderText {#text} at (0,1) size 707x101
                  text run at (0,1) width 663: "This paragraph should have a white background which extends to the edges of the"
                  text run at (0,27) width 122: "element's box. "
                  text run at (122,27) width 441: "There is no padding set on this paragraph whatsoever. "
                  text run at (563,27) width 144: "If the background"
                  text run at (0,53) width 702: "of the entire box is not white, this may cause problems with the following tests; at any"
                  text run at (0,79) width 281: "rate, it must be taken into account."
              RenderBlock {P} at (34,128) size 722x130 [bgcolor=#FFFFFF]
                RenderImage {IMG} at (0,0) size 60x60
                RenderText {#text} at (60,1) size 719x127
                  text run at (60,1) width 638: "The image in the upper left corner of this paragraph should be floated left, and"
                  text run at (60,27) width 119: "nothing more. "
                  text run at (179,27) width 540: "The edges of the white background should line up with the top and"
                  text run at (60,53) width 196: "left edges of the image. "
                  text run at (256,53) width 454: "This paragraph should have a white background, first of"
                  text run at (0,79) width 428: "all, which extends to the edges of the element's box. "
                  text run at (428,79) width 249: "There is no padding set on this"
                  text run at (0,105) width 183: "paragraph whatsoever."
              RenderBlock {P} at (34,278) size 722x130 [bgcolor=#FFFFFF]
                RenderImage {IMG} at (30,30) size 60x60
                RenderText {#text} at (90,1) size 718x127
                  text run at (90,1) width 615: "The image in the upper left corner of this paragraph should be pushed down"
                  text run at (90,27) width 611: "and to the right 30 pixels each from the upper left corner of the paragraph's"
                  text run at (90,53) width 404: "box, and displace the paragraph text accordingly. "
                  text run at (494,53) width 224: "This paragraph should have"
                  text run at (90,79) width 613: "a white background, first of all, which extends to the edges of the element's"
                  text run at (0,105) width 41: "box. "
                  text run at (41,105) width 436: "There is no padding set on this paragraph whatsoever."
              RenderBlock {P} at (34,428) size 722x130 [bgcolor=#FFFFFF]
                RenderImage {IMG} at (-30,-30) size 60x60
                RenderText {#text} at (30,1) size 721x127
                  text run at (30,1) width 676: "The image in the upper left corner of this paragraph should be pushed up and to the"
                  text run at (30,27) width 691: "left 30 pixels each from the upper left corner of the paragraph's box, thus causing the"
                  text run at (0,53) width 633: "edges of the white background to align with the thick gray lines in the image. "
                  text run at (633,53) width 36: "This"
                  text run at (0,79) width 720: "paragraph should have a white background, first of all, which extends to the edges of the"
                  text run at (0,105) width 122: "element's box. "
                  text run at (122,105) width 436: "There is no padding set on this paragraph whatsoever."
              RenderBlock {P} at (34,578) size 722x156 [bgcolor=#FFFFFF]
                RenderImage {IMG} at (0,0) size 60x60
                RenderText {#text} at (90,1) size 720x153
                  text run at (90,1) width 604: "The image in the upper left corner of this paragraph should be floated left,"
                  text run at (90,27) width 601: "and the edges of the white background should line up with the top and left"
                  text run at (90,53) width 163: "edges of the image. "
                  text run at (253,53) width 459: "However, there should be 30 pixels of space between the"
                  text run at (90,79) width 568: "right and bottom edges of the image and the paragraph text around it. "
                  text run at (658,79) width 36: "This"
                  text run at (0,105) width 720: "paragraph should have a white background, first of all, which extends to the edges of the"
                  text run at (0,131) width 122: "element's box. "
                  text run at (122,131) width 436: "There is no padding set on this paragraph whatsoever."
              RenderBlock {P} at (34,754) size 722x156 [bgcolor=#FFFFFF]
                RenderImage {IMG} at (0,0) size 60x60
                RenderText {#text} at (30,1) size 706x153
                  text run at (30,1) width 668: "The image in the upper left corner of this paragraph should be floated left, and the"
                  text run at (30,27) width 640: "edges of the white background should line up with the top and left edges of the"
                  text run at (0,53) width 60: "image. "
                  text run at (60,53) width 635: "However, the text should overlap the image's right and bottom sides, lining up"
                  text run at (0,79) width 313: "with the thick gray lines in the image. "
                  text run at (313,79) width 393: "This paragraph should have a white background,"
                  text run at (0,105) width 489: "first of all, which extends to the edges of the element's box. "
                  text run at (489,105) width 214: "There is no padding set on"
                  text run at (0,131) width 217: "this paragraph whatsoever."
