layer at (0,0) size 802x1104
  RenderView at (0,0) size 800x600
layer at (0,0) size 802x1104
  RenderBlock {HTML} at (0,0) size 800x1104
    RenderBody {BODY} at (8,8) size 784x1088 [bgcolor=#CCCCCC]
      RenderBlock {P} at (0,0) size 784x21
        RenderText {#text} at (0,1) size 356x19
          text run at (0,1) width 356: "The style declarations which apply to the text below are:"
      RenderBlock {PRE} at (0,37) size 784x90
        RenderText {#text} at (0,0) size 560x90
          text run at (0,0) width 552: ".zero {background-color: silver; margin-right: 0; text-align: right;}"
          text run at (552,0) width 0: " "
          text run at (0,15) width 560: ".one {margin-right: 0.5in; text-align: right; background-color: aqua;}"
          text run at (560,15) width 0: " "
          text run at (0,30) width 552: ".two {margin-right: 25px; text-align: right; background-color: aqua;}"
          text run at (552,30) width 0: " "
          text run at (0,45) width 560: ".three {margin-right: 5em; text-align: right; background-color: aqua;}"
          text run at (560,45) width 0: " "
          text run at (0,60) width 552: ".four {margin-right: 25%; text-align: right; background-color: aqua;}"
          text run at (552,60) width 0: " "
          text run at (0,75) width 416: ".five {margin-right: -10px; background-color: aqua;}"
          text run at (416,75) width 0: " "
      RenderBlock {HR} at (0,140) size 784x2 [border: (1px inset #000000)]
      RenderBlock {P} at (0,158) size 784x21 [bgcolor=#C0C0C0]
        RenderText {#text} at (581,1) size 203x19
          text run at (581,1) width 203: "This element has a class of zero."
      RenderBlock {P} at (0,195) size 736x21 [bgcolor=#00FFFF]
        RenderText {#text} at (379,1) size 357x19
          text run at (379,1) width 357: "This sentence should have a right margin of half an inch."
      RenderBlock {P} at (0,232) size 759x21 [bgcolor=#00FFFF]
        RenderText {#text} at (419,1) size 340x19
          text run at (419,1) width 340: "This sentence should have a right margin of 25 pixels."
      RenderBlock {P} at (0,269) size 704x21 [bgcolor=#00FFFF]
        RenderText {#text} at (390,1) size 314x19
          text run at (390,1) width 314: "This sentence should have a right margin of 5 em."
      RenderBlock {P} at (0,306) size 588x42 [bgcolor=#00FFFF]
        RenderText {#text} at (33,1) size 555x40
          text run at (33,1) width 555: "This sentence should have a right margin of 25%, which is calculated with respect to the"
          text run at (412,22) width 176: "width of the parent element."
      RenderBlock {UL} at (0,364) size 759x105 [bgcolor=#808080]
        RenderListItem {LI} at (40,0) size 719x21
          RenderListMarker at (-18,1) size 7x19: bullet
          RenderText {#text} at (16,1) size 703x19
            text run at (16,1) width 703: "The right margin on this unordered list has been set to 25 pixels, and the background color has been set to gray."
        RenderListItem {LI} at (40,21) size 694x63 [bgcolor=#FFFFFF]
          RenderListMarker at (-18,1) size 7x19: bullet
          RenderText {#text} at (38,1) size 693x61
            text run at (38,1) width 656: "Another list item might not be such a bad idea, either, considering that such things do need to be double-"
            text run at (1,22) width 60: "checked. "
            text run at (61,22) width 633: "This list item has its right margin also set to 25 pixels, which should combine with the list's margin to"
            text run at (230,43) width 464: "make 50 pixels of margin, and its background-color has been set to white."
        RenderListItem {LI} at (40,84) size 719x21
          RenderListMarker at (-18,1) size 7x19: bullet
          RenderText {#text} at (540,1) size 179x19
            text run at (540,1) width 179: "This is an unclassed list item"
      RenderBlock {P} at (0,485) size 784x21 [bgcolor=#C0C0C0]
        RenderText {#text} at (581,1) size 203x19
          text run at (581,1) width 203: "This element has a class of zero."
      RenderBlock {P} at (0,522) size 794x63 [bgcolor=#00FFFF]
        RenderText {#text} at (0,1) size 780x61
          text run at (0,1) width 767: "This paragraph has a right margin of -10px, which should cause it to be wider than it might otherwise be, and it has a light"
          text run at (0,22) width 115: "blue background. "
          text run at (115,22) width 386: "In all other respects, however, the element should be normal. "
          text run at (501,22) width 279: "No styles have been applied to it besides the"
          text run at (0,43) width 302: "negative right margin and the background color."
      RenderTable {TABLE} at (0,601) size 784x487 [border: (1px outset #808080)]
        RenderTableSection {TBODY} at (1,1) size 782x485
          RenderTableRow {TR} at (0,0) size 782x29
            RenderTableCell {TD} at (0,0) size 782x29 [bgcolor=#C0C0C0] [border: (1px inset #808080)] [r=0 c=0 rs=1 cs=2]
              RenderInline {STRONG} at (0,0) size 161x19
                RenderText {#text} at (4,5) size 161x19
                  text run at (4,5) width 161: "TABLE Testing Section"
          RenderTableRow {TR} at (0,29) size 782x456
            RenderTableCell {TD} at (0,242) size 12x29 [bgcolor=#C0C0C0] [border: (1px inset #808080)] [r=1 c=0 rs=1 cs=1]
              RenderText {#text} at (4,5) size 4x19
                text run at (4,5) width 4: " "
            RenderTableCell {TD} at (12,29) size 770x456 [border: (1px inset #808080)] [r=1 c=1 rs=1 cs=1]
              RenderBlock {P} at (4,4) size 762x21 [bgcolor=#C0C0C0]
                RenderText {#text} at (559,1) size 203x19
                  text run at (559,1) width 203: "This element has a class of zero."
              RenderBlock {P} at (4,41) size 714x21 [bgcolor=#00FFFF]
                RenderText {#text} at (357,1) size 357x19
                  text run at (357,1) width 357: "This sentence should have a right margin of half an inch."
              RenderBlock {P} at (4,78) size 737x21 [bgcolor=#00FFFF]
                RenderText {#text} at (397,1) size 340x19
                  text run at (397,1) width 340: "This sentence should have a right margin of 25 pixels."
              RenderBlock {P} at (4,115) size 682x21 [bgcolor=#00FFFF]
                RenderText {#text} at (368,1) size 314x19
                  text run at (368,1) width 314: "This sentence should have a right margin of 5 em."
              RenderBlock {P} at (4,152) size 572x42 [bgcolor=#00FFFF]
                RenderText {#text} at (17,1) size 555x40
                  text run at (17,1) width 555: "This sentence should have a right margin of 25%, which is calculated with respect to the"
                  text run at (396,22) width 176: "width of the parent element."
              RenderBlock {UL} at (4,210) size 737x126 [bgcolor=#808080]
                RenderListItem {LI} at (40,0) size 697x42
                  RenderListMarker at (-18,1) size 7x19: bullet
                  RenderText {#text} at (33,1) size 664x40
                    text run at (33,1) width 664: "The right margin on this unordered list has been set to 25 pixels, and the background color has been set to"
                    text run at (666,22) width 31: "gray."
                RenderListItem {LI} at (40,42) size 672x63 [bgcolor=#FFFFFF]
                  RenderListMarker at (-18,1) size 7x19: bullet
                  RenderText {#text} at (16,1) size 656x61
                    text run at (16,1) width 656: "Another list item might not be such a bad idea, either, considering that such things do need to be double-"
                    text run at (43,22) width 60: "checked. "
                    text run at (103,22) width 569: "This list item has its right margin also set to 25 pixels, which should combine with the list's"
                    text run at (144,43) width 528: "margin to make 50 pixels of margin, and its background-color has been set to white."
                RenderListItem {LI} at (40,105) size 697x21
                  RenderListMarker at (-18,1) size 7x19: bullet
                  RenderText {#text} at (518,1) size 179x19
                    text run at (518,1) width 179: "This is an unclassed list item"
              RenderBlock {P} at (4,352) size 762x21 [bgcolor=#C0C0C0]
                RenderText {#text} at (559,1) size 203x19
                  text run at (559,1) width 203: "This element has a class of zero."
              RenderBlock {P} at (4,389) size 772x63 [bgcolor=#00FFFF]
                RenderText {#text} at (0,1) size 767x61
                  text run at (0,1) width 767: "This paragraph has a right margin of -10px, which should cause it to be wider than it might otherwise be, and it has a light"
                  text run at (0,22) width 115: "blue background. "
                  text run at (115,22) width 386: "In all other respects, however, the element should be normal. "
                  text run at (501,22) width 256: "No styles have been applied to it besides"
                  text run at (0,43) width 325: "the negative right margin and the background color."
