layer at (0,0) size 802x2749
  RenderView at (0,0) size 800x600
layer at (0,0) size 802x2749
  RenderBlock {HTML} at (0,0) size 800x2749
    RenderBody {BODY} at (8,8) size 784x2733 [bgcolor=#CCCCCC]
      RenderBlock {P} at (0,0) size 784x21
        RenderText {#text} at (0,1) size 356x19
          text run at (0,1) width 356: "The style declarations which apply to the text below are:"
      RenderBlock {PRE} at (0,37) size 784x105
        RenderText {#text} at (0,0) size 360x105
          text run at (0,0) width 352: ".zero {background-color: silver; margin: 0;}"
          text run at (352,0) width 0: " "
          text run at (0,15) width 360: ".one {margin: 0.5in; background-color: aqua;}"
          text run at (360,15) width 0: " "
          text run at (0,30) width 352: ".two {margin: 25px; background-color: aqua;}"
          text run at (352,30) width 0: " "
          text run at (0,45) width 360: ".three {margin: 5em; background-color: aqua;}"
          text run at (360,45) width 0: " "
          text run at (0,60) width 352: ".four {margin: 25%; background-color: aqua;}"
          text run at (352,60) width 0: " "
          text run at (0,75) width 168: ".five {margin: 25px;}"
          text run at (168,75) width 0: " "
          text run at (0,90) width 360: ".six {margin: -10px; background-color: aqua;}"
          text run at (360,90) width 0: " "
      RenderBlock {HR} at (0,155) size 784x2 [border: (1px inset #000000)]
      RenderBlock {P} at (0,173) size 784x42
        RenderText {#text} at (0,1) size 739x40
          text run at (0,1) width 739: "NOTE: The following tests are separated by class-zero paragraphs, so as to prevent margin-collapsing as described in"
          text run at (0,22) width 248: "section 4.1.1 of the CSS1 specification."
      RenderBlock {P} at (0,231) size 784x21 [bgcolor=#C0C0C0]
        RenderText {#text} at (0,1) size 203x19
          text run at (0,1) width 203: "This element has a class of zero."
      RenderBlock {P} at (48,300) size 688x21 [bgcolor=#00FFFF]
        RenderText {#text} at (0,1) size 658x19
          text run at (0,1) width 658: "This sentence should have an overall margin of half an inch, which will require extra text in order to test."
      RenderBlock {P} at (0,369) size 784x21 [bgcolor=#C0C0C0]
        RenderText {#text} at (0,1) size 203x19
          text run at (0,1) width 203: "This element has a class of zero."
      RenderBlock {P} at (25,415) size 734x21 [bgcolor=#00FFFF]
        RenderText {#text} at (0,1) size 641x19
          text run at (0,1) width 641: "This sentence should have an overall margin of 25 pixels, which will require extra text in order to test."
      RenderBlock {P} at (0,461) size 784x21 [bgcolor=#C0C0C0]
        RenderText {#text} at (0,1) size 203x19
          text run at (0,1) width 203: "This element has a class of zero."
      RenderBlock {P} at (80,562) size 624x21 [bgcolor=#00FFFF]
        RenderText {#text} at (0,1) size 615x19
          text run at (0,1) width 615: "This sentence should have an overall margin of 5 em, which will require extra text in order to test."
      RenderBlock {P} at (0,663) size 784x21 [bgcolor=#C0C0C0]
        RenderText {#text} at (0,1) size 203x19
          text run at (0,1) width 203: "This element has a class of zero."
      RenderBlock {P} at (196,880) size 392x63 [bgcolor=#00FFFF]
        RenderText {#text} at (0,1) size 391x61
          text run at (0,1) width 391: "This sentence should have an overall margin of 25%, which is"
          text run at (0,22) width 362: "calculated with respect to the width of the parent element."
          text run at (0,43) width 264: "This will require extra text in order to test."
      RenderBlock {P} at (0,1139) size 784x21 [bgcolor=#C0C0C0]
        RenderText {#text} at (0,1) size 203x19
          text run at (0,1) width 203: "This element has a class of zero."
      RenderBlock {UL} at (25,1185) size 734x134 [bgcolor=#00FFFF]
        RenderListItem {LI} at (40,0) size 694x21
          RenderListMarker at (-18,1) size 7x19: bullet
          RenderText {#text} at (0,1) size 375x19
            text run at (0,1) width 375: "This list has a margin of 25px, and a light blue background."
        RenderListItem {LI} at (40,21) size 694x21
          RenderListMarker at (-18,1) size 7x19: bullet
          RenderText {#text} at (0,1) size 264x19
            text run at (0,1) width 264: "Therefore, it ought to have such a margin."
        RenderListItem {LI} at (65,67) size 644x21
          RenderListMarker at (-18,1) size 7x19: bullet
          RenderText {#text} at (0,1) size 543x19
            text run at (0,1) width 543: "This list item has a margin of 25px, which should cause it to be offset in some fashion."
        RenderListItem {LI} at (40,113) size 694x21
          RenderListMarker at (-18,1) size 7x19: bullet
          RenderText {#text} at (0,1) size 294x19
            text run at (0,1) width 294: "This list item has no special styles applied to it."
      RenderBlock {P} at (0,1344) size 784x21 [bgcolor=#C0C0C0]
        RenderText {#text} at (0,1) size 203x19
          text run at (0,1) width 203: "This element has a class of zero."
      RenderBlock {P} at (-10,1355) size 804x63 [bgcolor=#00FFFF]
        RenderText {#text} at (0,1) size 776x61
          text run at (0,1) width 758: "This paragraph has an overall margin of -10px, which should make it wider than usual as well as shift it upward and pull"
          text run at (0,22) width 369: "subsequent text up toward it, and a light blue background. "
          text run at (369,22) width 386: "In all other respects, however, the element should be normal. "
          text run at (755,22) width 21: "No"
          text run at (0,43) width 527: "styles have been applied to it besides the negative margin and the background color."
      RenderBlock {P} at (0,1408) size 784x21 [bgcolor=#C0C0C0]
        RenderText {#text} at (0,1) size 203x19
          text run at (0,1) width 203: "This element has a class of zero."
      RenderTable {TABLE} at (0,1429) size 784x1304 [border: (1px outset #808080)]
        RenderTableSection {TBODY} at (1,1) size 782x1302
          RenderTableRow {TR} at (0,0) size 782x29
            RenderTableCell {TD} at (0,0) size 782x29 [bgcolor=#C0C0C0] [border: (1px inset #808080)] [r=0 c=0 rs=1 cs=2]
              RenderInline {STRONG} at (0,0) size 161x19
                RenderText {#text} at (4,5) size 161x19
                  text run at (4,5) width 161: "TABLE Testing Section"
          RenderTableRow {TR} at (0,29) size 782x1273
            RenderTableCell {TD} at (0,651) size 12x29 [bgcolor=#C0C0C0] [border: (1px inset #808080)] [r=1 c=0 rs=1 cs=1]
              RenderText {#text} at (4,5) size 4x19
                text run at (4,5) width 4: " "
            RenderTableCell {TD} at (12,29) size 770x1273 [border: (1px inset #808080)] [r=1 c=1 rs=1 cs=1]
              RenderBlock {P} at (4,4) size 762x42
                RenderText {#text} at (0,1) size 739x40
                  text run at (0,1) width 739: "NOTE: The following tests are separated by class-zero paragraphs, so as to prevent margin-collapsing as described in"
                  text run at (0,22) width 248: "section 4.1.1 of the CSS1 specification."
              RenderBlock {P} at (4,62) size 762x21 [bgcolor=#C0C0C0]
                RenderText {#text} at (0,1) size 203x19
                  text run at (0,1) width 203: "This element has a class of zero."
              RenderBlock {P} at (52,131) size 666x21 [bgcolor=#00FFFF]
                RenderText {#text} at (0,1) size 658x19
                  text run at (0,1) width 658: "This sentence should have an overall margin of half an inch, which will require extra text in order to test."
              RenderBlock {P} at (4,200) size 762x21 [bgcolor=#C0C0C0]
                RenderText {#text} at (0,1) size 203x19
                  text run at (0,1) width 203: "This element has a class of zero."
              RenderBlock {P} at (29,246) size 712x21 [bgcolor=#00FFFF]
                RenderText {#text} at (0,1) size 641x19
                  text run at (0,1) width 641: "This sentence should have an overall margin of 25 pixels, which will require extra text in order to test."
              RenderBlock {P} at (4,292) size 762x21 [bgcolor=#C0C0C0]
                RenderText {#text} at (0,1) size 203x19
                  text run at (0,1) width 203: "This element has a class of zero."
              RenderBlock {P} at (84,393) size 602x42 [bgcolor=#00FFFF]
                RenderText {#text} at (0,1) size 586x40
                  text run at (0,1) width 586: "This sentence should have an overall margin of 5 em, which will require extra text in order to"
                  text run at (0,22) width 25: "test."
              RenderBlock {P} at (4,515) size 762x21 [bgcolor=#C0C0C0]
                RenderText {#text} at (0,1) size 203x19
                  text run at (0,1) width 203: "This element has a class of zero."
              RenderBlock {P} at (194,726) size 382x63 [bgcolor=#00FFFF]
                RenderText {#text} at (0,1) size 377x61
                  text run at (0,1) width 377: "This sentence should have an overall margin of 25%, which"
                  text run at (0,22) width 376: "is calculated with respect to the width of the parent element."
                  text run at (0,43) width 264: "This will require extra text in order to test."
              RenderBlock {P} at (4,979) size 762x21 [bgcolor=#C0C0C0]
                RenderText {#text} at (0,1) size 203x19
                  text run at (0,1) width 203: "This element has a class of zero."
              RenderBlock {UL} at (29,1025) size 712x134 [bgcolor=#00FFFF]
                RenderListItem {LI} at (40,0) size 672x21
                  RenderListMarker at (-18,1) size 7x19: bullet
                  RenderText {#text} at (0,1) size 375x19
                    text run at (0,1) width 375: "This list has a margin of 25px, and a light blue background."
                RenderListItem {LI} at (40,21) size 672x21
                  RenderListMarker at (-18,1) size 7x19: bullet
                  RenderText {#text} at (0,1) size 264x19
                    text run at (0,1) width 264: "Therefore, it ought to have such a margin."
                RenderListItem {LI} at (65,67) size 622x21
                  RenderListMarker at (-18,1) size 7x19: bullet
                  RenderText {#text} at (0,1) size 543x19
                    text run at (0,1) width 543: "This list item has a margin of 25px, which should cause it to be offset in some fashion."
                RenderListItem {LI} at (40,113) size 672x21
                  RenderListMarker at (-18,1) size 7x19: bullet
                  RenderText {#text} at (0,1) size 294x19
                    text run at (0,1) width 294: "This list item has no special styles applied to it."
              RenderBlock {P} at (4,1184) size 762x21 [bgcolor=#C0C0C0]
                RenderText {#text} at (0,1) size 203x19
                  text run at (0,1) width 203: "This element has a class of zero."
              RenderBlock {P} at (-6,1195) size 782x63 [bgcolor=#00FFFF]
                RenderText {#text} at (0,1) size 776x61
                  text run at (0,1) width 758: "This paragraph has an overall margin of -10px, which should make it wider than usual as well as shift it upward and pull"
                  text run at (0,22) width 369: "subsequent text up toward it, and a light blue background. "
                  text run at (369,22) width 386: "In all other respects, however, the element should be normal. "
                  text run at (755,22) width 21: "No"
                  text run at (0,43) width 527: "styles have been applied to it besides the negative margin and the background color."
              RenderBlock {P} at (4,1248) size 762x21 [bgcolor=#C0C0C0]
                RenderText {#text} at (0,1) size 203x19
                  text run at (0,1) width 203: "This element has a class of zero."
