layer at (0,0) size 800x1617
  RenderView at (0,0) size 800x600
layer at (0,0) size 800x1617
  RenderBlock {HTML} at (0,0) size 800x1617
    RenderBody {BODY} at (8,8) size 784x1601 [bgcolor=#CCCCCC]
      RenderBlock {P} at (0,0) size 784x21
        RenderText {#text} at (0,1) size 356x19
          text run at (0,1) width 356: "The style declarations which apply to the text below are:"
      RenderBlock {PRE} at (0,37) size 784x90
        RenderText {#text} at (0,0) size 432x90
          text run at (0,0) width 416: ".zero {background-color: silver; padding-bottom: 0;}"
          text run at (416,0) width 0: " "
          text run at (0,15) width 424: ".one {padding-bottom: 0.5in; background-color: aqua;}"
          text run at (424,15) width 0: " "
          text run at (0,30) width 416: ".two {padding-bottom: 25px; background-color: aqua;}"
          text run at (416,30) width 0: " "
          text run at (0,45) width 424: ".three {padding-bottom: 5em; background-color: aqua;}"
          text run at (424,45) width 0: " "
          text run at (0,60) width 416: ".four {padding-bottom: 25%; background-color: aqua;}"
          text run at (416,60) width 0: " "
          text run at (0,75) width 432: ".five {padding-bottom: -20px; background-color: aqua;}"
          text run at (432,75) width 0: " "
      RenderBlock {HR} at (0,140) size 784x2 [border: (1px inset #000000)]
      RenderBlock {P} at (0,158) size 784x21 [bgcolor=#C0C0C0]
        RenderText {#text} at (0,1) size 203x19
          text run at (0,1) width 203: "This element has a class of zero."
      RenderBlock {P} at (0,195) size 784x90 [bgcolor=#00FFFF]
        RenderText {#text} at (0,1) size 761x40
          text run at (0,1) width 657: "This element should have a bottom padding of half an inch, which will require extra text in order to test. "
          text run at (657,1) width 104: "Both the content"
          text run at (0,22) width 357: "background and the padding should be aqua (light blue)."
      RenderBlock {P} at (0,301) size 784x67 [bgcolor=#00FFFF]
        RenderText {#text} at (0,1) size 744x40
          text run at (0,1) width 640: "This element should have a bottom padding of 25 pixels, which will require extra text in order to test. "
          text run at (640,1) width 104: "Both the content"
          text run at (0,22) width 357: "background and the padding should be aqua (light blue)."
      RenderBlock {P} at (0,384) size 784x122 [bgcolor=#00FFFF]
        RenderText {#text} at (0,1) size 718x40
          text run at (0,1) width 614: "This element should have a bottom padding of 5 em, which will require extra text in order to test. "
          text run at (614,1) width 104: "Both the content"
          text run at (0,22) width 357: "background and the padding should be aqua (light blue)."
      RenderBlock {P} at (0,522) size 784x238 [bgcolor=#00FFFF]
        RenderText {#text} at (0,1) size 784x40
          text run at (0,1) width 756: "This element should have a bottom padding of 25%, which is calculated with respect to the width of the parent element. "
          text run at (756,1) width 28: "This"
          text run at (0,22) width 236: "will require extra text in order to test. "
          text run at (236,22) width 464: "Both the content background and the padding should be aqua (light blue)."
      RenderBlock {P} at (0,776) size 784x21 [bgcolor=#C0C0C0]
        RenderText {#text} at (0,1) size 203x19
          text run at (0,1) width 203: "This element has a class of zero."
      RenderBlock {P} at (0,813) size 784x42 [bgcolor=#00FFFF]
        RenderText {#text} at (0,1) size 772x40
          text run at (0,1) width 589: "This element should have no bottom padding, since negative padding values are not allowed. "
          text run at (589,1) width 183: "Both the content background"
          text run at (0,22) width 325: "and the normal padding should be aqua (light blue)."
      RenderTable {TABLE} at (0,871) size 784x730 [border: (1px outset #808080)]
        RenderTableSection {TBODY} at (1,1) size 782x728
          RenderTableRow {TR} at (0,0) size 782x29
            RenderTableCell {TD} at (0,0) size 782x29 [bgcolor=#C0C0C0] [border: (1px inset #808080)] [r=0 c=0 rs=1 cs=2]
              RenderInline {STRONG} at (0,0) size 161x19
                RenderText {#text} at (4,5) size 161x19
                  text run at (4,5) width 161: "TABLE Testing Section"
          RenderTableRow {TR} at (0,29) size 782x699
            RenderTableCell {TD} at (0,364) size 12x29 [bgcolor=#C0C0C0] [border: (1px inset #808080)] [r=1 c=0 rs=1 cs=1]
              RenderText {#text} at (4,5) size 4x19
                text run at (4,5) width 4: " "
            RenderTableCell {TD} at (12,29) size 770x699 [border: (1px inset #808080)] [r=1 c=1 rs=1 cs=1]
              RenderBlock {P} at (4,4) size 762x21 [bgcolor=#C0C0C0]
                RenderText {#text} at (0,1) size 203x19
                  text run at (0,1) width 203: "This element has a class of zero."
              RenderBlock {P} at (4,41) size 762x90 [bgcolor=#00FFFF]
                RenderText {#text} at (0,1) size 761x40
                  text run at (0,1) width 657: "This element should have a bottom padding of half an inch, which will require extra text in order to test. "
                  text run at (657,1) width 104: "Both the content"
                  text run at (0,22) width 357: "background and the padding should be aqua (light blue)."
              RenderBlock {P} at (4,147) size 762x67 [bgcolor=#00FFFF]
                RenderText {#text} at (0,1) size 744x40
                  text run at (0,1) width 640: "This element should have a bottom padding of 25 pixels, which will require extra text in order to test. "
                  text run at (640,1) width 104: "Both the content"
                  text run at (0,22) width 357: "background and the padding should be aqua (light blue)."
              RenderBlock {P} at (4,230) size 762x122 [bgcolor=#00FFFF]
                RenderText {#text} at (0,1) size 718x40
                  text run at (0,1) width 614: "This element should have a bottom padding of 5 em, which will require extra text in order to test. "
                  text run at (614,1) width 104: "Both the content"
                  text run at (0,22) width 357: "background and the padding should be aqua (light blue)."
              RenderBlock {P} at (4,368) size 762x232 [bgcolor=#00FFFF]
                RenderText {#text} at (0,1) size 752x40
                  text run at (0,1) width 752: "This element should have a bottom padding of 25%, which is calculated with respect to the width of the parent element."
                  text run at (0,22) width 268: "This will require extra text in order to test. "
                  text run at (268,22) width 464: "Both the content background and the padding should be aqua (light blue)."
              RenderBlock {P} at (4,616) size 762x21 [bgcolor=#C0C0C0]
                RenderText {#text} at (0,1) size 203x19
                  text run at (0,1) width 203: "This element has a class of zero."
              RenderBlock {P} at (4,653) size 762x42 [bgcolor=#00FFFF]
                RenderText {#text} at (0,1) size 693x40
                  text run at (0,1) width 589: "This element should have no bottom padding, since negative padding values are not allowed. "
                  text run at (589,1) width 104: "Both the content"
                  text run at (0,22) width 405: "background and the normal padding should be aqua (light blue)."
