layer at (0,0) size 800x600
  RenderView at (0,0) size 800x600
layer at (0,0) size 800x600
  RenderBlock {HTML} at (0,0) size 800x600
    RenderBody {BODY} at (8,8) size 784x584
      RenderBlock (anonymous) at (0,0) size 784x21
        RenderText {#text} at (0,1) size 373x19
          text run at (0,1) width 373: "auto table - % width single cell has no effect (not so in IE5)"
      RenderTable {TABLE} at (0,21) size 682x47 [border: (1px outset #808080)]
        RenderTableSection {TBODY} at (1,1) size 680x45
          RenderTableRow {TR} at (0,10) size 680x25
            RenderTableCell {TD} at (10,10) size 660x25 [border: (1px inset #808080)] [r=0 c=0 rs=1 cs=1]
              RenderText {#text} at (2,3) size 62x19
                text run at (2,3) width 62: "10% 10%"
      RenderBlock (anonymous) at (0,68) size 784x63
        RenderBR {BR} at (0,1) size 0x19
        RenderText {#text} at (0,22) size 783x40
          text run at (0,22) width 783: "auto table - % width cell increases table width based on % cell which makes it largest. Nav4.x does not increase the table too"
          text run at (0,43) width 175: "much if the only cells are %"
      RenderTable {TABLE} at (0,131) size 784x47 [border: (1px outset #808080)]
        RenderTableSection {TBODY} at (1,1) size 782x45
          RenderTableRow {TR} at (0,10) size 782x25
            RenderTableCell {TD} at (10,10) size 84x25 [border: (1px inset #808080)] [r=0 c=0 rs=1 cs=1]
              RenderText {#text} at (2,3) size 21x19
                text run at (2,3) width 21: "1%"
            RenderTableCell {TD} at (104,10) size 668x25 [border: (1px inset #808080)] [r=0 c=1 rs=1 cs=1]
              RenderText {#text} at (2,3) size 29x19
                text run at (2,3) width 29: "10%"
      RenderBlock (anonymous) at (0,178) size 784x21
        RenderBR {BR} at (0,1) size 0x19
