layer at (0,0) size 800x600
  RenderView at (0,0) size 800x600
layer at (0,0) size 800x600
  RenderBlock {HTML} at (0,0) size 800x600
    RenderBody {BODY} at (8,8) size 784x584
      RenderBlock (anonymous) at (0,0) size 784x21
        RenderText {#text} at (0,1) size 61x19
          text run at (0,1) width 61: "auto table"
      RenderTable {TABLE} at (0,21) size 139x31 [border: (1px outset #808080)]
        RenderTableSection {TBODY} at (1,1) size 137x29
          RenderTableRow {TR} at (0,2) size 137x25
            RenderTableCell {TD} at (2,2) size 100x25 [border: (1px inset #808080)] [r=0 c=0 rs=1 cs=1]
              RenderText {#text} at (2,3) size 96x19
                text run at (2,3) width 96: "0% 0% 0% 0%"
            RenderTableCell {TD} at (104,2) size 31x25 [border: (1px inset #808080)] [r=0 c=1 rs=1 cs=1]
              RenderText {#text} at (2,3) size 27x19
                text run at (2,3) width 27: "auto"
      RenderBlock (anonymous) at (0,52) size 784x42
        RenderBR {BR} at (0,1) size 0x19
        RenderText {#text} at (0,22) size 391x19
          text run at (0,22) width 391: "auto table - % width cell increases table width based on % cell"
      RenderTable {TABLE} at (0,94) size 784x86 [border: (1px outset #808080)]
        RenderTableSection {TBODY} at (1,1) size 782x84
          RenderTableRow {TR} at (0,10) size 782x64
            RenderTableCell {TD} at (10,10) size 75x64 [border: (1px inset #808080)] [r=0 c=0 rs=1 cs=1]
              RenderText {#text} at (11,12) size 29x40
                text run at (11,12) width 29: "10%"
                text run at (11,33) width 29: "10%"
            RenderTableCell {TD} at (95,20) size 677x43 [border: (1px inset #808080)] [r=0 c=1 rs=1 cs=1]
              RenderText {#text} at (11,12) size 27x19
                text run at (11,12) width 27: "auto"
      RenderBlock (anonymous) at (0,180) size 784x21
        RenderText {#text} at (0,1) size 391x19
          text run at (0,1) width 391: "auto table - % width cell increases table width based on % cell"
      RenderTable {TABLE} at (0,201) size 362x47 [border: (1px outset #808080)]
        RenderTableSection {TBODY} at (1,1) size 360x45
          RenderTableRow {TR} at (0,10) size 360x25
            RenderTableCell {TD} at (10,10) size 33x25 [border: (1px inset #808080)] [r=0 c=0 rs=1 cs=1]
              RenderText {#text} at (2,3) size 29x19
                text run at (2,3) width 29: "10%"
            RenderTableCell {TD} at (53,10) size 297x25 [border: (1px inset #808080)] [r=0 c=1 rs=1 cs=1]
              RenderText {#text} at (2,3) size 27x19
                text run at (2,3) width 27: "auto"
      RenderBlock (anonymous) at (0,248) size 784x42
        RenderBR {BR} at (0,1) size 0x19
        RenderText {#text} at (0,22) size 535x19
          text run at (0,22) width 535: "auto table - % width cell increases table width based on % cell which makes it largest"
      RenderTable {TABLE} at (0,290) size 784x47 [border: (1px outset #808080)]
        RenderTableSection {TBODY} at (1,1) size 782x45
          RenderTableRow {TR} at (0,10) size 782x25
            RenderTableCell {TD} at (10,10) size 74x25 [border: (1px inset #808080)] [r=0 c=0 rs=1 cs=1]
              RenderText {#text} at (2,3) size 29x19
                text run at (2,3) width 29: "10%"
            RenderTableCell {TD} at (94,10) size 25x25 [border: (1px inset #808080)] [r=0 c=1 rs=1 cs=1]
              RenderText {#text} at (2,3) size 21x19
                text run at (2,3) width 21: "1%"
            RenderTableCell {TD} at (129,10) size 643x25 [border: (1px inset #808080)] [r=0 c=2 rs=1 cs=1]
              RenderText {#text} at (2,3) size 27x19
                text run at (2,3) width 27: "auto"
      RenderBlock (anonymous) at (0,337) size 784x21
        RenderBR {BR} at (0,1) size 0x19
