layer at (0,0) size 800x600
  RenderView at (0,0) size 800x600
layer at (0,0) size 800x600
  RenderBlock {HTML} at (0,0) size 800x600
    RenderBody {BODY} at (8,8) size 784x584
      RenderTable {TABLE} at (0,0) size 784x31 [border: (1px outset #808080)]
        RenderTableSection {TBODY} at (1,1) size 782x29
          RenderTableRow {TR} at (0,2) size 782x25
            RenderTableCell {TD} at (2,2) size 81x25 [bgcolor=#FF0000] [border: (1px inset #808080)] [r=0 c=0 rs=1 cs=1]
              RenderText {#text} at (2,3) size 77x19
                text run at (2,3) width 77: "fooooooooo"
            RenderTableCell {TD} at (85,2) size 81x25 [bgcolor=#008000] [border: (1px inset #808080)] [r=0 c=1 rs=1 cs=1]
              RenderText {#text} at (2,3) size 77x19
                text run at (2,3) width 77: "fooooooooo"
            RenderTableCell {TD} at (168,2) size 305x25 [bgcolor=#FFA500] [border: (1px inset #808080)] [r=0 c=2 rs=1 cs=1]
              RenderText {#text} at (2,3) size 96x19
                text run at (2,3) width 96: "foo foo foo foo"
            RenderTableCell {TD} at (475,2) size 305x25 [bgcolor=#0000FF] [border: (1px inset #808080)] [r=0 c=3 rs=1 cs=1]
              RenderText {#text} at (2,3) size 96x19
                text run at (2,3) width 96: "foo foo foo foo"
      RenderBlock (anonymous) at (0,31) size 784x21
        RenderBR {BR} at (0,1) size 0x19
      RenderTable {TABLE} at (0,52) size 784x94 [border: (1px outset #808080)]
        RenderTableSection {TBODY} at (1,1) size 782x92
          RenderTableRow {TR} at (0,2) size 782x88
            RenderTableCell {TD} at (2,2) size 25x88 [bgcolor=#FF0000] [border: (1px inset #808080)] [r=0 c=0 rs=1 cs=1]
              RenderText {#text} at (2,3) size 21x82
                text run at (2,3) width 21: "foo"
                text run at (2,24) width 21: "foo"
                text run at (2,45) width 21: "foo"
                text run at (2,66) width 21: "foo"
            RenderTableCell {TD} at (29,33) size 144x25 [bgcolor=#FFA500] [border: (1px inset #808080)] [r=0 c=1 rs=1 cs=1]
              RenderText {#text} at (2,3) size 96x19
                text run at (2,3) width 96: "foo foo foo foo"
            RenderTableCell {TD} at (175,33) size 145x25 [bgcolor=#0000FF] [border: (1px inset #808080)] [r=0 c=2 rs=1 cs=1]
              RenderText {#text} at (2,3) size 96x19
                text run at (2,3) width 96: "foo foo foo foo"
            RenderTableCell {TD} at (322,33) size 431x25 [bgcolor=#008000] [border: (1px inset #808080)] [r=0 c=3 rs=1 cs=1]
              RenderText {#text} at (333,3) size 96x19
                text run at (333,3) width 96: "foo foo foo foo"
            RenderTableCell {TD} at (755,2) size 25x88 [bgcolor=#FF0000] [border: (1px inset #808080)] [r=0 c=4 rs=1 cs=1]
              RenderText {#text} at (2,3) size 21x82
                text run at (2,3) width 21: "foo"
                text run at (2,24) width 21: "foo"
                text run at (2,45) width 21: "foo"
                text run at (2,66) width 21: "foo"
      RenderBlock (anonymous) at (0,146) size 784x42
        RenderBR {BR} at (0,1) size 0x19
        RenderText {#text} at (0,22) size 535x19
          text run at (0,22) width 535: "auto table - % width cell increases table width based on % cell which makes it largest"
      RenderTable {TABLE} at (0,188) size 784x47 [border: (1px outset #808080)]
        RenderTableSection {TBODY} at (1,1) size 782x45
          RenderTableRow {TR} at (0,10) size 782x25
            RenderTableCell {TD} at (10,10) size 25x25 [border: (1px inset #808080)] [r=0 c=0 rs=1 cs=1]
              RenderText {#text} at (2,3) size 21x19
                text run at (2,3) width 21: "1%"
            RenderTableCell {TD} at (45,10) size 74x25 [border: (1px inset #808080)] [r=0 c=1 rs=1 cs=1]
              RenderText {#text} at (2,3) size 29x19
                text run at (2,3) width 29: "10%"
            RenderTableCell {TD} at (129,10) size 643x25 [border: (1px inset #808080)] [r=0 c=2 rs=1 cs=1]
              RenderText {#text} at (2,3) size 32x19
                text run at (2,3) width 32: "20px"
      RenderBlock (anonymous) at (0,235) size 784x21
        RenderBR {BR} at (0,1) size 0x19
