layer at (0,0) size 800x1090
  RenderView at (0,0) size 800x600
layer at (0,0) size 800x1090
  RenderBlock {HTML} at (0,0) size 800x1090
    RenderBody {BODY} at (8,8) size 784x1074
      RenderBlock {CENTER} at (0,0) size 784x17
        RenderText {#text} at (309,0) size 165x17
          text run at (309,0) width 165: "bottom caption tests"
      RenderBlock (anonymous) at (0,17) size 784x17
        RenderText {#text} at (0,0) size 130x17
          text run at (0,0) width 130: "table 1 - original"
      RenderTable {TABLE} at (5,44) size 106x112 [border: (10px solid #008000)]
        RenderBlock {CAPTION} at (10,0) size 76x46 [border: (3px solid #800080)]
          RenderText {#text} at (8,3) size 59x17
            text run at (8,3) width 59: "caption"
          RenderBlock {INPUT} at (30,23) size 16x16
        RenderTableSection {TBODY} at (10,58) size 86x44
          RenderTableRow {TR} at (0,2) size 86x19
            RenderTableCell {TD} at (2,2) size 40x19 [r=0 c=0 rs=1 cs=1]
              RenderText {#text} at (1,1) size 38x17
                text run at (1,1) width 38: "Data"
            RenderTableCell {TD} at (44,2) size 40x19 [r=0 c=1 rs=1 cs=1]
              RenderText {#text} at (1,1) size 38x17
                text run at (1,1) width 38: "Data"
          RenderTableRow {TR} at (0,23) size 86x19
            RenderTableCell {TD} at (2,23) size 40x19 [r=1 c=0 rs=1 cs=1]
              RenderText {#text} at (1,1) size 38x17
                text run at (1,1) width 38: "Data"
            RenderTableCell {TD} at (44,23) size 40x19 [r=1 c=1 rs=1 cs=1]
              RenderText {#text} at (1,1) size 38x17
                text run at (1,1) width 38: "Data"
      RenderBlock (anonymous) at (0,161) size 784x17
        RenderText {#text} at (0,0) size 243x17
          text run at (0,0) width 243: "table 2 - caption gains content"
      RenderTable {TABLE} at (5,188) size 106x129 [border: (10px solid #008000)]
        RenderBlock {CAPTION} at (10,0) size 76x63 [border: (3px solid #800080)]
          RenderText {#text} at (8,3) size 59x17
            text run at (8,3) width 59: "caption"
          RenderBlock {INPUT} at (17,23) size 16x16
          RenderText {#text} at (37,26) size 38x34
            text run at (37,26) width 26: "foo"
            text run at (25,43) width 26: "foo"
        RenderTableSection {TBODY} at (10,75) size 86x44
          RenderTableRow {TR} at (0,2) size 86x19
            RenderTableCell {TD} at (2,2) size 40x19 [r=0 c=0 rs=1 cs=1]
              RenderText {#text} at (1,1) size 38x17
                text run at (1,1) width 38: "Data"
            RenderTableCell {TD} at (44,2) size 40x19 [r=0 c=1 rs=1 cs=1]
              RenderText {#text} at (1,1) size 38x17
                text run at (1,1) width 38: "Data"
          RenderTableRow {TR} at (0,23) size 86x19
            RenderTableCell {TD} at (2,23) size 40x19 [r=1 c=0 rs=1 cs=1]
              RenderText {#text} at (1,1) size 38x17
                text run at (1,1) width 38: "Data"
            RenderTableCell {TD} at (44,23) size 40x19 [r=1 c=1 rs=1 cs=1]
              RenderText {#text} at (1,1) size 38x17
                text run at (1,1) width 38: "Data"
      RenderBlock (anonymous) at (0,322) size 784x17
        RenderText {#text} at (0,0) size 496x17
          text run at (0,0) width 496: "table 3 - caption gains content extending its max element size"
      RenderTable {TABLE} at (5,349) size 182x112 [border: (10px solid #008000)]
        RenderBlock {CAPTION} at (10,0) size 152x46 [border: (3px solid #800080)]
          RenderText {#text} at (34,9) size 59x17
            text run at (34,9) width 59: "caption"
          RenderBlock {INPUT} at (97,6) size 16x16
          RenderText {#text} at (3,26) size 176x17
            text run at (3,26) width 176: "very_large_very_large"
        RenderTableSection {TBODY} at (10,58) size 162x44
          RenderTableRow {TR} at (0,2) size 162x19
            RenderTableCell {TD} at (2,2) size 78x19 [r=0 c=0 rs=1 cs=1]
              RenderText {#text} at (1,1) size 38x17
                text run at (1,1) width 38: "Data"
            RenderTableCell {TD} at (82,2) size 78x19 [r=0 c=1 rs=1 cs=1]
              RenderText {#text} at (1,1) size 38x17
                text run at (1,1) width 38: "Data"
          RenderTableRow {TR} at (0,23) size 162x19
            RenderTableCell {TD} at (2,23) size 78x19 [r=1 c=0 rs=1 cs=1]
              RenderText {#text} at (1,1) size 38x17
                text run at (1,1) width 38: "Data"
            RenderTableCell {TD} at (82,23) size 78x19 [r=1 c=1 rs=1 cs=1]
              RenderText {#text} at (1,1) size 38x17
                text run at (1,1) width 38: "Data"
      RenderBlock (anonymous) at (0,466) size 784x17
        RenderText {#text} at (0,0) size 241x17
          text run at (0,0) width 241: "table 4 - caption loses content"
      RenderTable {TABLE} at (5,493) size 106x89 [border: (10px solid #008000)]
        RenderBlock {CAPTION} at (10,0) size 76x23 [border: (3px solid #800080)]
          RenderText {#text} at (8,3) size 59x17
            text run at (8,3) width 59: "caption"
        RenderTableSection {TBODY} at (10,35) size 86x44
          RenderTableRow {TR} at (0,2) size 86x19
            RenderTableCell {TD} at (2,2) size 40x19 [r=0 c=0 rs=1 cs=1]
              RenderText {#text} at (1,1) size 38x17
                text run at (1,1) width 38: "Data"
            RenderTableCell {TD} at (44,2) size 40x19 [r=0 c=1 rs=1 cs=1]
              RenderText {#text} at (1,1) size 38x17
                text run at (1,1) width 38: "Data"
          RenderTableRow {TR} at (0,23) size 86x19
            RenderTableCell {TD} at (2,23) size 40x19 [r=1 c=0 rs=1 cs=1]
              RenderText {#text} at (1,1) size 38x17
                text run at (1,1) width 38: "Data"
            RenderTableCell {TD} at (44,23) size 40x19 [r=1 c=1 rs=1 cs=1]
              RenderText {#text} at (1,1) size 38x17
                text run at (1,1) width 38: "Data"
      RenderBlock (anonymous) at (0,587) size 784x17
        RenderText {#text} at (0,0) size 199x17
          text run at (0,0) width 199: "table 5 - table gets wider"
      RenderTable {TABLE} at (5,614) size 163x95 [border: (10px solid #008000)]
        RenderBlock {CAPTION} at (10,0) size 133x29 [border: (3px solid #800080)]
          RenderText {#text} at (25,9) size 59x17
            text run at (25,9) width 59: "caption"
          RenderBlock {INPUT} at (88,6) size 16x16
        RenderTableSection {TBODY} at (10,41) size 143x44
          RenderTableRow {TR} at (0,2) size 143x19
            RenderTableCell {TD} at (2,2) size 40x19 [r=0 c=0 rs=1 cs=1]
              RenderText {#text} at (1,1) size 38x17
                text run at (1,1) width 38: "Data"
            RenderTableCell {TD} at (44,2) size 97x19 [r=0 c=1 rs=1 cs=1]
              RenderText {#text} at (1,1) size 38x17
                text run at (1,1) width 38: "Data"
              RenderText {#text} at (39,1) size 57x17
                text run at (39,1) width 57: "foo foo"
          RenderTableRow {TR} at (0,23) size 143x19
            RenderTableCell {TD} at (2,23) size 40x19 [r=1 c=0 rs=1 cs=1]
              RenderText {#text} at (1,1) size 38x17
                text run at (1,1) width 38: "Data"
            RenderTableCell {TD} at (44,23) size 97x19 [r=1 c=1 rs=1 cs=1]
              RenderText {#text} at (1,1) size 38x17
                text run at (1,1) width 38: "Data"
      RenderBlock (anonymous) at (0,714) size 784x17
        RenderText {#text} at (0,0) size 196x17
          text run at (0,0) width 196: "table 6 - table gets taller"
      RenderTable {TABLE} at (5,741) size 125x116 [border: (10px solid #008000)]
        RenderBlock {CAPTION} at (10,0) size 95x29 [border: (3px solid #800080)]
          RenderText {#text} at (6,9) size 59x17
            text run at (6,9) width 59: "caption"
          RenderBlock {INPUT} at (69,6) size 16x16
        RenderTableSection {TBODY} at (10,41) size 105x65
          RenderTableRow {TR} at (0,2) size 105x19
            RenderTableCell {TD} at (2,2) size 59x19 [r=0 c=0 rs=1 cs=1]
              RenderText {#text} at (1,1) size 38x17
                text run at (1,1) width 38: "Data"
            RenderTableCell {TD} at (63,2) size 40x19 [r=0 c=1 rs=1 cs=1]
              RenderText {#text} at (1,1) size 38x17
                text run at (1,1) width 38: "Data"
          RenderTableRow {TR} at (0,23) size 105x19
            RenderTableCell {TD} at (2,23) size 59x19 [r=1 c=0 rs=1 cs=1]
              RenderText {#text} at (1,1) size 38x17
                text run at (1,1) width 38: "Data"
            RenderTableCell {TD} at (63,23) size 40x19 [r=1 c=1 rs=1 cs=1]
              RenderText {#text} at (1,1) size 38x17
                text run at (1,1) width 38: "Data"
          RenderTableRow {TR} at (0,44) size 105x19
            RenderTableCell {TD} at (2,44) size 59x19 [r=2 c=0 rs=1 cs=1]
              RenderText {#text} at (1,1) size 57x17
                text run at (1,1) width 57: "foo foo"
      RenderBlock (anonymous) at (0,862) size 784x17
        RenderText {#text} at (0,0) size 180x17
          text run at (0,0) width 180: "table 7 - insert caption"
      RenderTable {TABLE} at (5,889) size 106x89 [border: (10px solid #008000)]
        RenderTableSection {TBODY} at (10,35) size 86x44
          RenderTableRow {TR} at (0,2) size 86x19
            RenderTableCell {TD} at (2,2) size 40x19 [r=0 c=0 rs=1 cs=1]
              RenderText {#text} at (1,1) size 38x17
                text run at (1,1) width 38: "Data"
            RenderTableCell {TD} at (44,2) size 40x19 [r=0 c=1 rs=1 cs=1]
              RenderText {#text} at (1,1) size 38x17
                text run at (1,1) width 38: "Data"
          RenderTableRow {TR} at (0,23) size 86x19
            RenderTableCell {TD} at (2,23) size 40x19 [r=1 c=0 rs=1 cs=1]
              RenderText {#text} at (1,1) size 38x17
                text run at (1,1) width 38: "Data"
            RenderTableCell {TD} at (44,23) size 40x19 [r=1 c=1 rs=1 cs=1]
              RenderText {#text} at (1,1) size 38x17
                text run at (1,1) width 38: "Data"
        RenderBlock {CAPTION} at (10,0) size 76x23 [border: (3px solid #800080)]
          RenderText {#text} at (4,3) size 67x17
            text run at (4,3) width 67: "new cap"
      RenderBlock (anonymous) at (0,983) size 784x17
        RenderText {#text} at (0,0) size 197x17
          text run at (0,0) width 197: "table 8 - remove caption"
      RenderTable {TABLE} at (5,1010) size 106x64 [border: (10px solid #008000)]
        RenderTableSection {TBODY} at (10,10) size 86x44
          RenderTableRow {TR} at (0,2) size 86x19
            RenderTableCell {TD} at (2,2) size 40x19 [r=0 c=0 rs=1 cs=1]
              RenderText {#text} at (1,1) size 38x17
                text run at (1,1) width 38: "Data"
            RenderTableCell {TD} at (44,2) size 40x19 [r=0 c=1 rs=1 cs=1]
              RenderText {#text} at (1,1) size 38x17
                text run at (1,1) width 38: "Data"
          RenderTableRow {TR} at (0,23) size 86x19
            RenderTableCell {TD} at (2,23) size 40x19 [r=1 c=0 rs=1 cs=1]
              RenderText {#text} at (1,1) size 38x17
                text run at (1,1) width 38: "Data"
            RenderTableCell {TD} at (44,23) size 40x19 [r=1 c=1 rs=1 cs=1]
              RenderText {#text} at (1,1) size 38x17
                text run at (1,1) width 38: "Data"
