layer at (0,0) size 800x772
  RenderView at (0,0) size 800x600
layer at (0,0) size 800x772
  RenderBlock {HTML} at (0,0) size 800x772
    RenderBody {BODY} at (8,8) size 784x756 [color=#008000] [bgcolor=#CCCCCC]
      RenderBlock {P} at (0,0) size 784x21
        RenderText {#text} at (0,1) size 356x19
          text run at (0,1) width 356: "The style declarations which apply to the text below are:"
      RenderBlock {PRE} at (0,37) size 784x105
        RenderText {#text} at (0,0) size 272x105
          text run at (0,0) width 160: "BODY {color: green;}"
          text run at (160,0) width 0: " "
          text run at (0,15) width 136: "H3 {color: blue;}"
          text run at (136,15) width 0: " "
          text run at (0,30) width 152: "EM {color: purple;}"
          text run at (152,30) width 0: " "
          text run at (0,45) width 208: ".one {font-style: italic;}"
          text run at (208,45) width 0: " "
          text run at (0,60) width 272: ".two {text-decoration: underline;}"
          text run at (272,60) width 0: " "
          text run at (0,75) width 152: "#two {color: navy;}"
          text run at (152,75) width 0: " "
          text run at (0,90) width 184: ".three {color: purple;}"
          text run at (184,90) width 0: " "
      RenderBlock {HR} at (0,155) size 784x2 [border: (1px inset #008000)]
      RenderBlock {H3} at (0,175) size 784x25 [color=#0000FF]
        RenderText {#text} at (0,1) size 220x22
          text run at (0,1) width 220: "This sentence should show "
        RenderInline {STRONG} at (0,0) size 39x22
          RenderText {#text} at (220,1) size 39x22
            text run at (220,1) width 39: "blue"
        RenderText {#text} at (259,1) size 42x22
          text run at (259,1) width 42: " and "
        RenderInline {EM} at (0,0) size 54x22 [color=#800080]
          RenderText {#text} at (301,1) size 54x22
            text run at (301,1) width 54: "purple"
        RenderText {#text} at (355,1) size 5x22
          text run at (355,1) width 5: "."
      RenderBlock {H3} at (0,218) size 784x25 [color=#0000FF]
        RenderText {#text} at (0,1) size 197x22
          text run at (0,1) width 197: "This sentence should be "
        RenderInline {SPAN} at (0,0) size 34x22
          RenderText {#text} at (197,1) size 34x22
            text run at (197,1) width 34: "blue"
        RenderText {#text} at (231,1) size 104x22
          text run at (231,1) width 104: " throughout."
      RenderBlock {P} at (0,261) size 784x21
        RenderText {#text} at (0,1) size 226x19
          text run at (0,1) width 226: "This should be green except for the "
        RenderInline {EM} at (0,0) size 117x19 [color=#800080]
          RenderText {#text} at (226,1) size 117x19
            text run at (226,1) width 117: "emphasized words"
        RenderText {#text} at (343,1) size 160x19
          text run at (343,1) width 160: ", which should be purple."
      RenderBlock {H3} at (0,300) size 784x25 [color=#0000FF]
        RenderText {#text} at (0,1) size 296x22
          text run at (0,1) width 296: "This should be blue and underlined."
      RenderBlock {P} at (0,343) size 784x21
        RenderText {#text} at (0,1) size 293x19
          text run at (0,1) width 293: "This sentence should be underlined, including "
        RenderInline {TT} at (0,0) size 72x15
          RenderText {#text} at (293,5) size 72x15
            text run at (293,5) width 72: "this part"
        RenderText {#text} at (365,1) size 8x19
          text run at (365,1) width 8: ", "
        RenderInline {I} at (0,0) size 54x19
          RenderText {#text} at (373,1) size 54x19
            text run at (373,1) width 54: "this part"
        RenderText {#text} at (427,1) size 8x19
          text run at (427,1) width 8: ", "
        RenderInline {EM} at (0,0) size 54x19 [color=#800080]
          RenderText {#text} at (435,1) size 54x19
            text run at (435,1) width 54: "this part"
        RenderText {#text} at (489,1) size 35x19
          text run at (489,1) width 35: ", and "
        RenderInline {STRONG} at (0,0) size 57x19
          RenderText {#text} at (524,1) size 57x19
            text run at (524,1) width 57: "this part"
        RenderText {#text} at (581,1) size 4x19
          text run at (581,1) width 4: "."
      RenderBlock {P} at (0,380) size 784x21 [color=#000080]
        RenderText {#text} at (0,1) size 436x19
          text run at (0,1) width 436: "This sentence should also be underlined, as well as dark blue (navy), "
        RenderInline {TT} at (0,0) size 152x15
          RenderText {#text} at (436,5) size 152x15
            text run at (436,5) width 152: "including this part"
        RenderText {#text} at (588,1) size 4x19
          text run at (588,1) width 4: "."
      RenderBlock {P} at (0,417) size 784x21 [color=#800080]
        RenderText {#text} at (0,1) size 266x19
          text run at (0,1) width 266: "This sentence should be purple, including "
        RenderInline {STRONG} at (0,0) size 57x19
          RenderText {#text} at (266,1) size 57x19
            text run at (266,1) width 57: "this part"
        RenderText {#text} at (323,1) size 31x19
          text run at (323,1) width 31: " and "
        RenderInline {SPAN} at (0,0) size 174x19
          RenderText {#text} at (354,1) size 174x19
            text run at (354,1) width 174: "this part (which is spanned)"
        RenderText {#text} at (528,1) size 4x19
          text run at (528,1) width 4: "."
      RenderTable {TABLE} at (0,454) size 616x302 [border: (1px outset #808080)]
        RenderTableSection {TBODY} at (1,1) size 614x300
          RenderTableRow {TR} at (0,0) size 614x29
            RenderTableCell {TD} at (0,0) size 614x29 [bgcolor=#C0C0C0] [border: (1px inset #808080)] [r=0 c=0 rs=1 cs=2]
              RenderInline {STRONG} at (0,0) size 161x19
                RenderText {#text} at (4,5) size 161x19
                  text run at (4,5) width 161: "TABLE Testing Section"
          RenderTableRow {TR} at (0,29) size 614x271
            RenderTableCell {TD} at (0,150) size 12x29 [bgcolor=#C0C0C0] [border: (1px inset #808080)] [r=1 c=0 rs=1 cs=1]
              RenderText {#text} at (4,5) size 4x19
                text run at (4,5) width 4: " "
            RenderTableCell {TD} at (12,29) size 602x271 [border: (1px inset #808080)] [r=1 c=1 rs=1 cs=1]
              RenderBlock {H3} at (4,4) size 594x25 [color=#0000FF]
                RenderText {#text} at (0,1) size 220x22
                  text run at (0,1) width 220: "This sentence should show "
                RenderInline {STRONG} at (0,0) size 39x22
                  RenderText {#text} at (220,1) size 39x22
                    text run at (220,1) width 39: "blue"
                RenderText {#text} at (259,1) size 42x22
                  text run at (259,1) width 42: " and "
                RenderInline {EM} at (0,0) size 54x22 [color=#800080]
                  RenderText {#text} at (301,1) size 54x22
                    text run at (301,1) width 54: "purple"
                RenderText {#text} at (355,1) size 5x22
                  text run at (355,1) width 5: "."
              RenderBlock {H3} at (4,47) size 594x25 [color=#0000FF]
                RenderText {#text} at (0,1) size 197x22
                  text run at (0,1) width 197: "This sentence should be "
                RenderInline {SPAN} at (0,0) size 34x22
                  RenderText {#text} at (197,1) size 34x22
                    text run at (197,1) width 34: "blue"
                RenderText {#text} at (231,1) size 104x22
                  text run at (231,1) width 104: " throughout."
              RenderBlock {P} at (4,90) size 594x21
                RenderText {#text} at (0,1) size 226x19
                  text run at (0,1) width 226: "This should be green except for the "
                RenderInline {EM} at (0,0) size 117x19 [color=#800080]
                  RenderText {#text} at (226,1) size 117x19
                    text run at (226,1) width 117: "emphasized words"
                RenderText {#text} at (343,1) size 160x19
                  text run at (343,1) width 160: ", which should be purple."
              RenderBlock {H3} at (4,129) size 594x25 [color=#0000FF]
                RenderText {#text} at (0,1) size 296x22
                  text run at (0,1) width 296: "This should be blue and underlined."
              RenderBlock {P} at (4,172) size 594x21
                RenderText {#text} at (0,1) size 293x19
                  text run at (0,1) width 293: "This sentence should be underlined, including "
                RenderInline {TT} at (0,0) size 72x15
                  RenderText {#text} at (293,5) size 72x15
                    text run at (293,5) width 72: "this part"
                RenderText {#text} at (365,1) size 8x19
                  text run at (365,1) width 8: ", "
                RenderInline {I} at (0,0) size 54x19
                  RenderText {#text} at (373,1) size 54x19
                    text run at (373,1) width 54: "this part"
                RenderText {#text} at (427,1) size 8x19
                  text run at (427,1) width 8: ", "
                RenderInline {EM} at (0,0) size 54x19 [color=#800080]
                  RenderText {#text} at (435,1) size 54x19
                    text run at (435,1) width 54: "this part"
                RenderText {#text} at (489,1) size 35x19
                  text run at (489,1) width 35: ", and "
                RenderInline {STRONG} at (0,0) size 57x19
                  RenderText {#text} at (524,1) size 57x19
                    text run at (524,1) width 57: "this part"
                RenderText {#text} at (581,1) size 4x19
                  text run at (581,1) width 4: "."
              RenderBlock {P} at (4,209) size 594x21 [color=#000080]
                RenderText {#text} at (0,1) size 436x19
                  text run at (0,1) width 436: "This sentence should also be underlined, as well as dark blue (navy), "
                RenderInline {TT} at (0,0) size 152x15
                  RenderText {#text} at (436,5) size 152x15
                    text run at (436,5) width 152: "including this part"
                RenderText {#text} at (588,1) size 4x19
                  text run at (588,1) width 4: "."
              RenderBlock {P} at (4,246) size 594x21 [color=#800080]
                RenderText {#text} at (0,1) size 266x19
                  text run at (0,1) width 266: "This sentence should be purple, including "
                RenderInline {STRONG} at (0,0) size 57x19
                  RenderText {#text} at (266,1) size 57x19
                    text run at (266,1) width 57: "this part"
                RenderText {#text} at (323,1) size 31x19
                  text run at (323,1) width 31: " and "
                RenderInline {SPAN} at (0,0) size 174x19
                  RenderText {#text} at (354,1) size 174x19
                    text run at (354,1) width 174: "this part (which is spanned)"
                RenderText {#text} at (528,1) size 4x19
                  text run at (528,1) width 4: "."
