layer at (0,0) size 800x600
  RenderView at (0,0) size 800x600
layer at (0,0) size 800x600
  RenderBlock {HTML} at (0,0) size 800x600
    RenderBody {BODY} at (8,8) size 784x584 [bgcolor=#CCCCCC]
      RenderBlock {P} at (0,0) size 784x17
        RenderText {#text} at (0,0) size 452x17
          text run at (0,0) width 452: "The style declarations which apply to the text below are:"
      RenderBlock {PRE} at (0,33) size 784x51
        RenderText {#text} at (0,0) size 728x51
          text run at (0,0) width 392: ".one {border-color: purple; border-style: solid;}"
          text run at (392,0) width 0: " "
          text run at (0,17) width 568: ".two {border-color: purple; border-width: medium; border-style: solid;}"
          text run at (568,17) width 0: " "
          text run at (0,34) width 728: ".three {border-color: purple green blue yellow; border-width: medium; border-style: solid;}"
          text run at (728,34) width 0: " "
      RenderBlock {HR} at (0,97) size 784x2 [border: (1px inset #000000)]
      RenderBlock {P} at (0,115) size 784x23 [border: (3px solid #800080)]
        RenderText {#text} at (3,3) size 456x17
          text run at (3,3) width 456: "This element should have a purple border surrounding it."
      RenderBlock {P} at (0,154) size 784x23 [border: (3px solid #800080)]
        RenderText {#text} at (3,3) size 576x17
          text run at (3,3) width 576: "This element should have a medium-width purple border surrounding it."
      RenderBlock {P} at (0,193) size 784x40 [border: (3px solid #800080) (3px solid #008000) (3px solid #0000FF) (3px solid #FFFF00)]
        RenderText {#text} at (3,3) size 762x34
          text run at (3,3) width 762: "This element should be surrounded by a medium width border which is purple on top, green on"
          text run at (3,20) width 492: "the right side, blue on the bottom, and yellow on the left side."
      RenderTable {TABLE} at (0,249) size 784x153 [border: (1px outset #808080)]
        RenderTableSection {TBODY} at (1,1) size 782x151
          RenderTableRow {TR} at (0,0) size 782x25
            RenderTableCell {TD} at (0,0) size 782x25 [bgcolor=#C0C0C0] [border: (1px inset #808080)] [r=0 c=0 rs=1 cs=2]
              RenderInline {STRONG} at (0,0) size 200x17
                RenderText {#text} at (4,4) size 200x17
                  text run at (4,4) width 200: "TABLE Testing Section"
          RenderTableRow {TR} at (0,25) size 782x126
            RenderTableCell {TD} at (0,75) size 13x25 [bgcolor=#C0C0C0] [border: (1px inset #808080)] [r=1 c=0 rs=1 cs=1]
              RenderText {#text} at (4,4) size 5x17
                text run at (4,4) width 5: " "
            RenderTableCell {TD} at (13,25) size 769x126 [border: (1px inset #808080)] [r=1 c=1 rs=1 cs=1]
              RenderBlock {P} at (4,4) size 761x23 [border: (3px solid #800080)]
                RenderText {#text} at (3,3) size 456x17
                  text run at (3,3) width 456: "This element should have a purple border surrounding it."
              RenderBlock {P} at (4,43) size 761x23 [border: (3px solid #800080)]
                RenderText {#text} at (3,3) size 576x17
                  text run at (3,3) width 576: "This element should have a medium-width purple border surrounding it."
              RenderBlock {P} at (4,82) size 761x40 [border: (3px solid #800080) (3px solid #008000) (3px solid #0000FF) (3px solid #FFFF00)]
                RenderText {#text} at (3,3) size 737x34
                  text run at (3,3) width 737: "This element should be surrounded by a medium width border which is purple on top, green"
                  text run at (3,20) width 517: "on the right side, blue on the bottom, and yellow on the left side."
