layer at (0,0) size 800x905
  RenderView at (0,0) size 800x600
layer at (0,0) size 800x905
  RenderBlock {HTML} at (0,0) size 800x905
    RenderBody {BODY} at (8,8) size 784x889 [bgcolor=#CCCCCC]
      RenderBlock {P} at (0,0) size 784x17
        RenderText {#text} at (0,0) size 452x17
          text run at (0,0) width 452: "The style declarations which apply to the text below are:"
      RenderBlock {PRE} at (0,33) size 784x102
        RenderText {#text} at (0,0) size 464x102
          text run at (0,0) width 456: ".zero {background-color: silver; border-bottom-width: 0;}"
          text run at (456,0) width 0: " "
          text run at (0,17) width 432: ".one {border-bottom-width: 50px; border-style: solid;}"
          text run at (432,17) width 0: " "
          text run at (0,34) width 440: ".two {border-bottom-width: thick; border-style: solid;}"
          text run at (440,34) width 0: " "
          text run at (0,51) width 464: ".three {border-bottom-width: medium; border-style: solid;}"
          text run at (464,51) width 0: " "
          text run at (0,68) width 440: ".four {border-bottom-width: thin; border-style: solid;}"
          text run at (440,68) width 0: " "
          text run at (0,85) width 272: ".five {border-bottom-width: 25px;}"
          text run at (272,85) width 0: " "
      RenderBlock {HR} at (0,148) size 784x2 [border: (1px inset #000000)]
      RenderBlock {P} at (0,166) size 784x17
        RenderText {#text} at (0,0) size 186x17
          text run at (0,0) width 186: "(These will only work if "
        RenderInline {CODE} at (0,0) size 96x17
          RenderText {#text} at (186,0) size 96x17
            text run at (186,0) width 96: "border-style"
        RenderText {#text} at (282,0) size 114x17
          text run at (282,0) width 114: " is supported.)"
      RenderBlock {P} at (0,199) size 784x17 [bgcolor=#C0C0C0]
        RenderText {#text} at (0,0) size 262x17
          text run at (0,0) width 262: "This element has a class of zero."
      RenderBlock {P} at (0,232) size 784x70 [border: (3px solid #000000) (50px solid #000000) (3px solid #000000)]
        RenderText {#text} at (3,3) size 491x17
          text run at (3,3) width 491: "This element should have a bottom border width of 50 pixels."
      RenderBlock {P} at (0,318) size 784x25 [border: (3px solid #000000) (5px solid #000000) (3px solid #000000)]
        RenderText {#text} at (3,3) size 438x17
          text run at (3,3) width 438: "This element should have a thick bottom border width."
      RenderBlock {P} at (0,359) size 784x23 [border: (3px solid #000000)]
        RenderText {#text} at (3,3) size 466x17
          text run at (3,3) width 466: "This element should have a medium bottom border width."
      RenderBlock {P} at (0,398) size 784x21 [border: (3px solid #000000) (1px solid #000000) (3px solid #000000)]
        RenderText {#text} at (3,3) size 430x17
          text run at (3,3) width 430: "This element should have a thin bottom border width."
      RenderBlock {P} at (0,435) size 784x34
        RenderText {#text} at (0,0) size 685x17
          text run at (0,0) width 685: "This element should have no border and no extra \"padding\" on its bottom side, as no "
        RenderInline {CODE} at (0,0) size 96x17
          RenderText {#text} at (685,0) size 96x17
            text run at (685,0) width 96: "border-style"
        RenderText {#text} at (0,17) size 65x17
          text run at (0,17) width 65: "was set."
      RenderBlock {P} at (0,485) size 784x17 [bgcolor=#C0C0C0]
        RenderText {#text} at (0,0) size 262x17
          text run at (0,0) width 262: "This element has a class of zero."
      RenderTable {TABLE} at (0,518) size 784x371 [border: (1px outset #808080)]
        RenderTableSection {TBODY} at (1,1) size 782x369
          RenderTableRow {TR} at (0,0) size 782x25
            RenderTableCell {TD} at (0,0) size 782x25 [bgcolor=#C0C0C0] [border: (1px inset #808080)] [r=0 c=0 rs=1 cs=2]
              RenderInline {STRONG} at (0,0) size 200x17
                RenderText {#text} at (4,4) size 200x17
                  text run at (4,4) width 200: "TABLE Testing Section"
          RenderTableRow {TR} at (0,25) size 782x344
            RenderTableCell {TD} at (0,184) size 13x25 [bgcolor=#C0C0C0] [border: (1px inset #808080)] [r=1 c=0 rs=1 cs=1]
              RenderText {#text} at (4,4) size 5x17
                text run at (4,4) width 5: " "
            RenderTableCell {TD} at (13,25) size 769x344 [border: (1px inset #808080)] [r=1 c=1 rs=1 cs=1]
              RenderBlock {P} at (4,4) size 761x17
                RenderText {#text} at (0,0) size 186x17
                  text run at (0,0) width 186: "(These will only work if "
                RenderInline {CODE} at (0,0) size 96x17
                  RenderText {#text} at (186,0) size 96x17
                    text run at (186,0) width 96: "border-style"
                RenderText {#text} at (282,0) size 114x17
                  text run at (282,0) width 114: " is supported.)"
              RenderBlock {P} at (4,37) size 761x17 [bgcolor=#C0C0C0]
                RenderText {#text} at (0,0) size 262x17
                  text run at (0,0) width 262: "This element has a class of zero."
              RenderBlock {P} at (4,70) size 761x70 [border: (3px solid #000000) (50px solid #000000) (3px solid #000000)]
                RenderText {#text} at (3,3) size 491x17
                  text run at (3,3) width 491: "This element should have a bottom border width of 50 pixels."
              RenderBlock {P} at (4,156) size 761x25 [border: (3px solid #000000) (5px solid #000000) (3px solid #000000)]
                RenderText {#text} at (3,3) size 438x17
                  text run at (3,3) width 438: "This element should have a thick bottom border width."
              RenderBlock {P} at (4,197) size 761x23 [border: (3px solid #000000)]
                RenderText {#text} at (3,3) size 466x17
                  text run at (3,3) width 466: "This element should have a medium bottom border width."
              RenderBlock {P} at (4,236) size 761x21 [border: (3px solid #000000) (1px solid #000000) (3px solid #000000)]
                RenderText {#text} at (3,3) size 430x17
                  text run at (3,3) width 430: "This element should have a thin bottom border width."
              RenderBlock {P} at (4,273) size 761x34
                RenderText {#text} at (0,0) size 685x17
                  text run at (0,0) width 685: "This element should have no border and no extra \"padding\" on its bottom side, as no "
                RenderInline {CODE} at (0,0) size 741x34
                  RenderText {#text} at (685,0) size 741x34
                    text run at (685,0) width 56: "border-"
                    text run at (0,17) width 40: "style"
                RenderText {#text} at (40,17) size 70x17
                  text run at (40,17) width 70: " was set."
              RenderBlock {P} at (4,323) size 761x17 [bgcolor=#C0C0C0]
                RenderText {#text} at (0,0) size 262x17
                  text run at (0,0) width 262: "This element has a class of zero."
