layer at (0,0) size 800x1020
  RenderView at (0,0) size 800x600
layer at (0,0) size 800x1020
  RenderBlock {HTML} at (0,0) size 800x1020
    RenderBody {BODY} at (8,8) size 784x1004 [bgcolor=#CCCCCC]
      RenderBlock {P} at (0,0) size 784x17
        RenderText {#text} at (0,0) size 452x17
          text run at (0,0) width 452: "The style declarations which apply to the text below are:"
      RenderBlock {PRE} at (0,33) size 784x102
        RenderText {#text} at (0,0) size 416x102
          text run at (0,0) width 400: ".zero {background-color: silver; padding-left: 0;}"
          text run at (400,0) width 0: " "
          text run at (0,17) width 408: ".one {padding-left: 0.5in; background-color: aqua;}"
          text run at (408,17) width 0: " "
          text run at (0,34) width 400: ".two {padding-left: 25px; background-color: aqua;}"
          text run at (400,34) width 0: " "
          text run at (0,51) width 408: ".three {padding-left: 5em; background-color: aqua;}"
          text run at (408,51) width 0: " "
          text run at (0,68) width 400: ".four {padding-left: 25%; background-color: aqua;}"
          text run at (400,68) width 0: " "
          text run at (0,85) width 416: ".five {padding-left: -20px; background-color: aqua;}"
          text run at (416,85) width 0: " "
      RenderBlock {HR} at (0,148) size 784x2 [border: (1px inset #000000)]
      RenderBlock {P} at (0,166) size 784x17 [bgcolor=#C0C0C0]
        RenderText {#text} at (0,0) size 262x17
          text run at (0,0) width 262: "This element has a class of zero."
      RenderBlock {P} at (0,199) size 784x34 [bgcolor=#00FFFF]
        RenderText {#text} at (48,0) size 701x34
          text run at (48,0) width 690: "This element should have a left padding of half an inch, which will require extra text in"
          text run at (48,17) width 110: "order to test. "
          text run at (158,17) width 591: "Both the content background and the padding should be aqua (light blue)."
      RenderBlock {P} at (0,249) size 784x34 [bgcolor=#00FFFF]
        RenderText {#text} at (25,0) size 737x34
          text run at (25,0) width 737: "This element should have a left padding of 25 pixels, which will require extra text in order to"
          text run at (25,17) width 40: "test. "
          text run at (65,17) width 591: "Both the content background and the padding should be aqua (light blue)."
      RenderBlock {P} at (0,299) size 784x34 [bgcolor=#00FFFF]
        RenderText {#text} at (80,0) size 703x34
          text run at (80,0) width 703: "This element should have a left padding of 5em, which will require extra text in order to"
          text run at (80,17) width 40: "test. "
          text run at (120,17) width 591: "Both the content background and the padding should be aqua (light blue)."
      RenderBlock {P} at (0,349) size 784x51 [bgcolor=#00FFFF]
        RenderText {#text} at (196,0) size 585x51
          text run at (196,0) width 579: "This element should have a left padding of 25%, which is calculated with"
          text run at (196,17) width 351: "respect to the width of the parent element. "
          text run at (547,17) width 234: "Both the content background"
          text run at (196,34) width 352: "and the padding should be aqua (light blue)."
      RenderBlock {UL} at (0,416) size 784x85 [bgcolor=#808080]
        RenderListItem {LI} at (25,0) size 759x34
          RenderListMarker at (-16,0) size 6x17: bullet
          RenderText {#text} at (0,0) size 753x34
            text run at (0,0) width 753: "The left padding on this unordered list has been set to 25 pixels, which will require some extra"
            text run at (0,17) width 159: "test in order to test."
        RenderListItem {LI} at (25,34) size 759x51 [bgcolor=#FFFFFF]
          RenderListMarker at (-16,0) size 6x17: bullet
          RenderText {#text} at (25,0) size 731x51
            text run at (25,0) width 731: "Another list item might not be such a bad idea, either, considering that such things do need"
            text run at (25,17) width 183: "to be double-checked. "
            text run at (208,17) width 532: "This list item has its left padding also set to 25 pixels, which should"
            text run at (25,34) width 480: "combine with the list's padding to make 50 pixels of margin."
      RenderBlock {P} at (0,517) size 784x34 [bgcolor=#00FFFF]
        RenderText {#text} at (0,0) size 756x34
          text run at (0,0) width 719: "This element should have no left padding, since negative padding values are not allowed. "
          text run at (719,0) width 37: "Both"
          text run at (0,17) width 611: "the content background and the normal padding should be aqua (light blue)."
      RenderTable {TABLE} at (0,567) size 784x437 [border: (1px outset #808080)]
        RenderTableSection {TBODY} at (1,1) size 782x435
          RenderTableRow {TR} at (0,0) size 782x25
            RenderTableCell {TD} at (0,0) size 782x25 [bgcolor=#C0C0C0] [border: (1px inset #808080)] [r=0 c=0 rs=1 cs=2]
              RenderInline {STRONG} at (0,0) size 200x17
                RenderText {#text} at (4,4) size 200x17
                  text run at (4,4) width 200: "TABLE Testing Section"
          RenderTableRow {TR} at (0,25) size 782x410
            RenderTableCell {TD} at (0,217) size 13x25 [bgcolor=#C0C0C0] [border: (1px inset #808080)] [r=1 c=0 rs=1 cs=1]
              RenderText {#text} at (4,4) size 5x17
                text run at (4,4) width 5: " "
            RenderTableCell {TD} at (13,25) size 769x410 [border: (1px inset #808080)] [r=1 c=1 rs=1 cs=1]
              RenderBlock {P} at (4,4) size 761x17 [bgcolor=#C0C0C0]
                RenderText {#text} at (0,0) size 262x17
                  text run at (0,0) width 262: "This element has a class of zero."
              RenderBlock {P} at (4,37) size 761x34 [bgcolor=#00FFFF]
                RenderText {#text} at (48,0) size 701x34
                  text run at (48,0) width 690: "This element should have a left padding of half an inch, which will require extra text in"
                  text run at (48,17) width 110: "order to test. "
                  text run at (158,17) width 591: "Both the content background and the padding should be aqua (light blue)."
              RenderBlock {P} at (4,87) size 761x34 [bgcolor=#00FFFF]
                RenderText {#text} at (25,0) size 716x34
                  text run at (25,0) width 716: "This element should have a left padding of 25 pixels, which will require extra text in order"
                  text run at (25,17) width 61: "to test. "
                  text run at (86,17) width 591: "Both the content background and the padding should be aqua (light blue)."
              RenderBlock {P} at (4,137) size 761x51 [bgcolor=#00FFFF]
                RenderText {#text} at (80,0) size 651x51
                  text run at (80,0) width 633: "This element should have a left padding of 5em, which will require extra text in"
                  text run at (80,17) width 110: "order to test. "
                  text run at (190,17) width 541: "Both the content background and the padding should be aqua (light"
                  text run at (80,34) width 45: "blue)."
              RenderBlock {P} at (4,204) size 761x51 [bgcolor=#00FFFF]
                RenderText {#text} at (190,0) size 541x51
                  text run at (190,0) width 541: "This element should have a left padding of 25%, which is calculated"
                  text run at (190,17) width 389: "with respect to the width of the parent element. "
                  text run at (579,17) width 134: "Both the content"
                  text run at (190,34) width 452: "background and the padding should be aqua (light blue)."
              RenderBlock {UL} at (4,271) size 761x85 [bgcolor=#808080]
                RenderListItem {LI} at (25,0) size 736x34
                  RenderListMarker at (-16,0) size 6x17: bullet
                  RenderText {#text} at (0,0) size 706x34
                    text run at (0,0) width 706: "The left padding on this unordered list has been set to 25 pixels, which will require some"
                    text run at (0,17) width 206: "extra test in order to test."
                RenderListItem {LI} at (25,34) size 736x51 [bgcolor=#FFFFFF]
                  RenderListMarker at (-16,0) size 6x17: bullet
                  RenderText {#text} at (25,0) size 703x51
                    text run at (25,0) width 686: "Another list item might not be such a bad idea, either, considering that such things do"
                    text run at (25,17) width 228: "need to be double-checked. "
                    text run at (253,17) width 475: "This list item has its left padding also set to 25 pixels, which"
                    text run at (25,34) width 537: "should combine with the list's padding to make 50 pixels of margin."
              RenderBlock {P} at (4,372) size 761x34 [bgcolor=#00FFFF]
                RenderText {#text} at (0,0) size 756x34
                  text run at (0,0) width 719: "This element should have no left padding, since negative padding values are not allowed. "
                  text run at (719,0) width 37: "Both"
                  text run at (0,17) width 611: "the content background and the normal padding should be aqua (light blue)."
