layer at (0,0) size 800x600
  RenderView at (0,0) size 800x600
layer at (0,0) size 800x59
  RenderBlock {HTML} at (0,0) size 800x59
    RenderBody {BODY} at (8,16) size 784x27 [bgcolor=#FFFFFF]
      RenderBlock {P} at (0,0) size 784x27 [color=#008000] [border: (3px solid #008000)]
        RenderInline {SPAN} at (0,0) size 234x19 [color=#000000]
          RenderText {#text} at (3,4) size 234x19
            text run at (3,4) width 234: "This text should have a green border."
