layer at (0,0) size 800x600
  RenderView at (0,0) size 800x600
layer at (0,0) size 800x232
  RenderBlock {HTML} at (0,0) size 800x232
    RenderBody {BODY} at (8,16) size 784x200 [color=#FF0000]
      RenderBlock {P} at (0,0) size 784x21 [color=#008000]
        RenderText {#text} at (0,1) size 194x19
          text run at (0,1) width 194: "This sentence should be green."
      RenderBlock {DIV} at (0,37) size 784x21 [color=#008000]
        RenderBlock {P} at (0,0) size 784x21
          RenderText {#text} at (0,1) size 194x19
            text run at (0,1) width 194: "This sentence should be green."
      RenderBlock {P} at (0,74) size 784x21 [color=#008000]
        RenderText {#text} at (0,1) size 194x19
          text run at (0,1) width 194: "This sentence should be green."
      RenderBlock {P} at (0,111) size 784x21 [color=#008000]
        RenderText {#text} at (0,1) size 194x19
          text run at (0,1) width 194: "This sentence should be green."
      RenderBlock {DIV} at (0,148) size 784x15 [color=#008000]
        RenderBlock {PRE} at (0,0) size 784x15
          RenderText {#text} at (0,0) size 240x15
            text run at (0,0) width 240: "This sentence should be green."
      RenderBlock {DIV} at (0,179) size 784x21 [color=#008000]
        RenderBlock {UL} at (0,0) size 784x21
          RenderListItem {LI} at (40,0) size 744x21
            RenderListMarker at (-18,1) size 7x19: bullet
            RenderText {#text} at (0,1) size 194x19
              text run at (0,1) width 194: "This sentence should be green."
