layer at (0,0) size 800x600
  RenderView at (0,0) size 800x600
layer at (0,0) size 800x121
  RenderBlock {HTML} at (0,0) size 800x121
    RenderBody {BODY} at (8,16) size 784x89 [color=#008000]
      RenderBlock {P} at (0,0) size 784x21 [color=#FF0000]
        RenderInline {SPAN} at (0,0) size 163x19 [color=#008000]
          RenderText {#text} at (0,1) size 163x19
            text run at (0,1) width 163: "This line should be green."
        RenderText {#text} at (0,0) size 0x0
      RenderBlock {PRE} at (0,37) size 784x15
        RenderText {#text} at (0,0) size 224x15
          text run at (0,0) width 224: " This line should be green. "
      RenderBlock {UL} at (0,68) size 784x21
        RenderListItem {LI} at (40,0) size 744x21
          RenderListMarker at (-18,1) size 7x19: bullet
          RenderText {#text} at (0,1) size 163x19
            text run at (0,1) width 163: "This line should be green."
