layer at (0,0) size 800x600
  RenderView at (0,0) size 800x600
layer at (0,0) size 800x281
  RenderBlock {HTML} at (0,0) size 800x281
    RenderBody {BODY} at (8,16) size 784x249 [color=#0000FF]
      RenderBlock {P} at (0,0) size 784x42
        RenderInline (generated) at (0,0) size 10x19 [color=#008000]
          RenderText {#text} at (0,1) size 10x19
            text run at (0,1) width 10: "T"
        RenderText {#text} at (10,1) size 19x19
          text run at (10,1) width 19: "he "
        RenderInline {STRONG} at (0,0) size 66x19
          RenderText {#text} at (29,1) size 66x19
            text run at (29,1) width 66: "first letter"
        RenderText {#text} at (95,1) size 300x19
          text run at (95,1) width 204: " of this paragraph, and only that "
          text run at (299,1) width 96: "one, should be "
        RenderInline {STRONG} at (0,0) size 38x19
          RenderText {#text} at (395,1) size 38x19
            text run at (395,1) width 38: "green"
        RenderText {#text} at (433,1) size 761x40
          text run at (433,1) width 178: ". If this precise combination "
          text run at (611,1) width 150: "does not occur, then the"
          text run at (0,22) width 183: "user agent has failed this test."
      RenderBlock {P} at (0,58) size 784x62
        RenderInline (generated) at (0,0) size 20x36 [color=#008000]
          RenderText {#text} at (0,2) size 20x36
            text run at (0,2) width 20: "T"
        RenderText {#text} at (20,16) size 19x19
          text run at (20,16) width 19: "he "
        RenderInline {STRONG} at (0,0) size 66x19
          RenderText {#text} at (39,16) size 66x19
            text run at (39,16) width 66: "first letter"
        RenderText {#text} at (105,16) size 327x19
          text run at (105,16) width 204: " of this paragraph, and only that "
          text run at (309,16) width 123: "one, should be in a "
        RenderInline {STRONG} at (0,0) size 41x19
          RenderText {#text} at (432,16) size 41x19
            text run at (432,16) width 41: "larger"
        RenderText {#text} at (473,16) size 130x19
          text run at (473,16) width 130: " font size, as well as "
        RenderInline {STRONG} at (0,0) size 38x19
          RenderText {#text} at (603,16) size 38x19
            text run at (603,16) width 38: "green"
        RenderText {#text} at (641,16) size 733x45
          text run at (641,16) width 92: ". If this precise"
          text run at (0,42) width 182: "combination does not occur, "
          text run at (182,42) width 237: "then the user agent has failed this test."
      RenderBlock {P} at (0,136) size 784x113
        RenderInline (generated) at (0,0) size 57x63 [color=#008000]
          RenderText {#text} at (0,4) size 57x63
            text run at (0,4) width 57: "\"T"
        RenderText {#text} at (57,39) size 19x19
          text run at (57,39) width 19: "he "
        RenderInline {STRONG} at (0,0) size 131x19
          RenderText {#text} at (76,39) size 131x19
            text run at (76,39) width 131: "first two characters"
        RenderText {#text} at (207,39) size 452x19
          text run at (207,39) width 129: " in this paragraph (a "
          text run at (336,39) width 323: "double-quote mark and a capital 'T') should be in a "
        RenderInline {STRONG} at (0,0) size 83x19
          RenderText {#text} at (659,39) size 83x19
            text run at (659,39) width 42: "much "
            text run at (701,39) width 41: "larger"
        RenderText {#text} at (742,39) size 771x52
          text run at (742,39) width 29: " font"
          text run at (0,72) width 246: "size than the rest of the paragraph, and "
        RenderInline {STRONG} at (0,0) size 38x19
          RenderText {#text} at (246,72) size 38x19
            text run at (246,72) width 38: "green"
        RenderText {#text} at (284,72) size 770x40
          text run at (284,72) width 278: ". If this precise combination does not occur, "
          text run at (562,72) width 208: "then the user agent has failed this"
          text run at (0,93) width 25: "test."
