layer at (0,0) size 800x600
  RenderView at (0,0) size 800x600
layer at (0,0) size 800x560
  RenderBlock {HTML} at (0,0) size 800x560
    RenderBody {BODY} at (8,16) size 784x528
      RenderBlock {P} at (0,0) size 784x21
        RenderText {#text} at (0,1) size 272x19
          text run at (0,1) width 272: "The borders below should be as described:"
      RenderBlock {P} at (0,37) size 784x31 [border: (5px dotted #000080)]
        RenderText {#text} at (5,6) size 104x19
          text run at (5,6) width 104: "Blue and dotted."
      RenderBlock {P} at (0,84) size 784x31 [border: (5px dashed #000080)]
        RenderText {#text} at (5,6) size 109x19
          text run at (5,6) width 109: "Blue and dashed."
      RenderBlock {P} at (0,131) size 784x31 [border: (5px solid #000080)]
        RenderText {#text} at (5,6) size 95x19
          text run at (5,6) width 95: "Blue and solid."
      RenderBlock {P} at (0,178) size 784x31 [border: (5px double #000080)]
        RenderText {#text} at (5,6) size 108x19
          text run at (5,6) width 108: "Blue and double."
      RenderBlock {P} at (0,225) size 784x31 [border: (5px groove #FFA500)]
        RenderText {#text} at (5,6) size 126x19
          text run at (5,6) width 126: "Orange and groove."
      RenderBlock {P} at (0,272) size 784x31 [border: (5px ridge #FFA500)]
        RenderText {#text} at (5,6) size 114x19
          text run at (5,6) width 114: "Orange and ridge."
      RenderBlock {P} at (0,319) size 784x31 [border: (5px inset #FFA500)]
        RenderText {#text} at (5,6) size 111x19
          text run at (5,6) width 111: "Orange and inset."
      RenderBlock {P} at (0,366) size 784x31 [border: (5px outset #FFA500)]
        RenderText {#text} at (5,6) size 119x19
          text run at (5,6) width 119: "Orange and outset."
      RenderBlock {P} at (0,413) size 784x31 [border: (5px double #0000FF) (5px groove #0000FF) (5px double #0000FF) (5px groove #0000FF)]
        RenderText {#text} at (5,6) size 475x19
          text run at (5,6) width 475: "Blue and double on top and bottom; Blue and grooved on the left and right."
      RenderBlock {P} at (0,460) size 784x31 [border: (5px dotted #0000FF) (5px double #0000FF) (5px dashed #0000FF) (5px solid #0000FF)]
        RenderText {#text} at (5,6) size 521x19
          text run at (5,6) width 521: "Blue borders which are, in clockwise order from top: dotted, double, dashed, solid."
      RenderBlock {P} at (0,507) size 784x21
        RenderText {#text} at (0,1) size 278x19
          text run at (0,1) width 278: "This paragraph should have no border at all."
