layer at (0,0) size 800x600
  RenderView at (0,0) size 800x600
layer at (0,0) size 800x43
  RenderBlock {HTML} at (0,0) size 800x43
    RenderBody {BODY} at (8,8) size 784x27
      RenderBlock {DIV} at (0,0) size 784x27 [color=#000080]
        RenderBlock {DIV} at (0,0) size 784x27 [border: (3px solid #000080) none (3px solid #000080)]
          RenderText {#text} at (3,4) size 273x19
            text run at (3,4) width 273: "This box should be open ended at the right."
