layer at (0,0) size 802x600
  RenderView at (0,0) size 800x600
layer at (0,0) size 802x69
  RenderBlock {HTML} at (0,0) size 800x69
    RenderBody {BODY} at (8,24) size 784x21
      RenderBlock {P} at (0,0) size 794x21 [color=#000080]
        RenderText {#text} at (0,1) size 285x19
          text run at (0,1) width 285: "This page should have a horizontal scroll bar."
