layer at (0,0) size 800x600
  RenderView at (0,0) size 800x600
layer at (0,0) size 800x415
  RenderBlock {HTML} at (0,0) size 800x415
    RenderBody {BODY} at (8,16) size 784x383
      RenderBlock {P} at (0,0) size 784x21 [color=#0000FF]
        RenderText {#text} at (0,1) size 228x19
          text run at (0,1) width 228: "The borders should be as described."
      RenderBlock {P} at (0,37) size 784x27 [color=#0000FF] [border: (3px solid #FFA500)]
        RenderText {#text} at (3,4) size 112x19
          text run at (3,4) width 112: "Orange and solid."
      RenderBlock {P} at (0,80) size 784x31 [color=#0000FF] [border: (5px outset #FFA500)]
        RenderText {#text} at (5,6) size 119x19
          text run at (5,6) width 119: "Orange and outset."
      RenderBlock {P} at (0,127) size 784x31 [color=#0000FF] [border: (5px inset #FFA500)]
        RenderText {#text} at (5,6) size 111x19
          text run at (5,6) width 111: "Orange and inset."
      RenderBlock {P} at (0,174) size 784x41 [color=#0000FF] [border: (10px ridge #FFA500)]
        RenderText {#text} at (10,11) size 122x19
          text run at (10,11) width 122: "Orange and ridged."
      RenderBlock {P} at (0,231) size 784x41 [color=#0000FF] [border: (10px double #FFA500)]
        RenderText {#text} at (10,11) size 125x19
          text run at (10,11) width 125: "Orange and double."
      RenderBlock {P} at (0,288) size 784x21 [color=#0000FF]
        RenderText {#text} at (0,1) size 69x19
          text run at (0,1) width 69: "No border."
      RenderBlock {P} at (0,325) size 784x21 [color=#0000FF]
        RenderText {#text} at (0,1) size 69x19
          text run at (0,1) width 69: "No border."
      RenderBlock {P} at (0,362) size 784x21 [color=#0000FF]
        RenderText {#text} at (0,1) size 69x19
          text run at (0,1) width 69: "No border."
