layer at (0,0) size 800x600
  RenderView at (0,0) size 800x600
layer at (0,0) size 800x321
  RenderBlock {HTML} at (0,0) size 800x321
    RenderBody {BODY} at (8,8) size 784x305
      RenderBlock (floating) {DIV} at (0,0) size 196x305 [color=#FFFFFF] [bgcolor=#000080]
        RenderBlock {P} at (0,0) size 196x305
          RenderText {#text} at (0,3) size 185x298
            text run at (0,3) width 120: "\x{21E6} This"
            text run at (0,64) width 167: "blue box"
            text run at (0,125) width 185: "should be"
            text run at (0,186) width 118: "on the"
            text run at (0,247) width 75: "left."
      RenderBlock (floating) {DIV} at (588,0) size 196x305 [color=#FFFFFF] [bgcolor=#008080]
        RenderBlock {P} at (0,0) size 196x305
          RenderText {#text} at (0,3) size 185x298
            text run at (0,3) width 165: "This teal"
            text run at (0,64) width 73: "box"
            text run at (0,125) width 185: "should be"
            text run at (0,186) width 118: "on the"
            text run at (0,247) width 138: "right. \x{21E8}"
      RenderBlock {P} at (0,0) size 784x305
        RenderText {#text} at (196,3) size 383x298
          text run at (196,3) width 365: "This text should be"
          text run at (196,64) width 335: "in between a blue"
          text run at (196,125) width 383: "box on the \x{21E6}left and"
          text run at (196,186) width 315: "a teal box on the"
          text run at (196,247) width 126: "right\x{21E8}."
