layer at (0,0) size 800x600
  RenderView at (0,0) size 800x600
layer at (0,0) size 800x326
  RenderBlock {HTML} at (0,0) size 800x326
    RenderBody {BODY} at (8,16) size 784x294
      RenderBlock {P} at (0,0) size 784x294 [color=#000080]
        RenderImage {IMG} at (734,0) size 50x50
        RenderText {#text} at (0,1) size 329x19
          text run at (0,1) width 329: "This text should flow around the box on the right. \x{21E8} "
        RenderInline {SPAN} at (0,0) size 759x292 [color=#C0C0C0]
          RenderText {#text} at (329,1) size 759x292
            text run at (329,1) width 391: "dummy text dummy text dummy text dummy text dummy text"
            text run at (0,22) width 52: "dummy "
            text run at (52,22) width 474: "text dummy text dummy text dummy text dummy text dummy text dummy "
            text run at (526,22) width 181: "text dummy text dummy text"
            text run at (0,43) width 289: "dummy text dummy text dummy text dummy "
            text run at (289,43) width 418: "text dummy text dummy text dummy text dummy text dummy text"
            text run at (0,64) width 52: "dummy "
            text run at (52,64) width 474: "text dummy text dummy text dummy text dummy text dummy text dummy "
            text run at (526,64) width 233: "text dummy text dummy text dummy"
            text run at (0,85) width 237: "text dummy text dummy text dummy "
            text run at (237,85) width 474: "text dummy text dummy text dummy text dummy text dummy text dummy "
            text run at (711,85) width 23: "text"
            text run at (0,106) width 447: "dummy text dummy text dummy text dummy text dummy text dummy "
            text run at (447,106) width 312: "text dummy text dummy text dummy text dummy"
            text run at (0,127) width 158: "text dummy text dummy "
            text run at (158,127) width 474: "text dummy text dummy text dummy text dummy text dummy text dummy "
            text run at (632,127) width 102: "text dummy text"
            text run at (0,148) width 368: "dummy text dummy text dummy text dummy text dummy "
            text run at (368,148) width 391: "text dummy text dummy text dummy text dummy text dummy"
            text run at (0,169) width 79: "text dummy "
            text run at (79,169) width 474: "text dummy text dummy text dummy text dummy text dummy text dummy "
            text run at (553,169) width 181: "text dummy text dummy text"
            text run at (0,190) width 289: "dummy text dummy text dummy text dummy "
            text run at (289,190) width 470: "text dummy text dummy text dummy text dummy text dummy text dummy"
            text run at (0,211) width 474: "text dummy text dummy text dummy text dummy text dummy text dummy "
            text run at (474,211) width 260: "text dummy text dummy text dummy text"
            text run at (0,232) width 210: "dummy text dummy text dummy "
            text run at (210,232) width 474: "text dummy text dummy text dummy text dummy text dummy text dummy "
            text run at (684,232) width 75: "text dummy"
            text run at (0,253) width 395: "text dummy text dummy text dummy text dummy text dummy "
            text run at (395,253) width 339: "text dummy text dummy text dummy text dummy text"
            text run at (0,274) width 131: "dummy text dummy "
            text run at (131,274) width 418: "text dummy text dummy text dummy text dummy text dummy text"
        RenderText {#text} at (0,0) size 0x0
