layer at (0,0) size 800x600
  RenderView at (0,0) size 800x600
layer at (0,0) size 800x218
  RenderBlock {HTML} at (0,0) size 800x218
    RenderBody {BODY} at (8,16) size 784x194
      RenderBlock {P} at (0,0) size 784x21
        RenderText {#text} at (0,1) size 402x19
          text run at (0,1) width 402: "The square below should be exactly 50 pixels high on the ruler."
      RenderBlock {DIV} at (0,37) size 784x157
        RenderImage {IMG} at (45,0) size 50x50
