layer at (0,0) size 800x600
  RenderView at (0,0) size 800x600
layer at (0,0) size 800x158
  RenderBlock {HTML} at (0,0) size 800x158
    RenderBody {BODY} at (8,16) size 784x134
      RenderBlock {P} at (0,0) size 784x21
        RenderText {#text} at (0,1) size 405x19
          text run at (0,1) width 405: "The square below should be exactly 50 pixels wide on the ruler."
      RenderBlock {DIV} at (0,37) size 784x97
        RenderImage {IMG} at (0,0) size 50x50
