layer at (0,0) size 800x689
  RenderView at (0,0) size 800x600
layer at (0,0) size 800x689
  RenderBlock {HTML} at (0,0) size 800x689
    RenderBody {BODY} at (8,16) size 784x665
      RenderBlock {P} at (0,0) size 784x21
        RenderText {#text} at (0,1) size 417x19
          text run at (0,1) width 374: "The blue text should not go past the 50% mark on the ruler "
          text run at (374,1) width 43: "below."
      RenderBlock {DIV} at (0,37) size 392x588 [color=#0000FF]
        RenderText {#text} at (0,1) size 388x586
          text run at (0,1) width 388: "a bit of dummy text a bit of dummy text a bit of dummy text a"
          text run at (0,22) width 378: "bit of dummy text a bit of dummy text a bit of dummy text a"
          text run at (0,43) width 38: "bit of "
          text run at (38,43) width 340: "dummy text a bit of dummy text a bit of dummy text a"
          text run at (0,64) width 90: "bit of dummy "
          text run at (90,64) width 288: "text a bit of dummy text a bit of dummy text a"
          text run at (0,85) width 128: "bit of dummy text a "
          text run at (128,85) width 251: "bit of dummy text a bit of dummy text a"
          text run at (0,106) width 165: "bit of dummy text a bit of "
          text run at (165,106) width 213: "dummy text a bit of dummy text a"
          text run at (0,127) width 217: "bit of dummy text a bit of dummy "
          text run at (217,127) width 161: "text a bit of dummy text a"
          text run at (0,148) width 255: "bit of dummy text a bit of dummy text a "
          text run at (255,148) width 124: "bit of dummy text a"
          text run at (0,169) width 292: "bit of dummy text a bit of dummy text a bit of "
          text run at (292,169) width 86: "dummy text a"
          text run at (0,190) width 344: "bit of dummy text a bit of dummy text a bit of dummy "
          text run at (344,190) width 34: "text a"
          text run at (0,211) width 378: "bit of dummy text a bit of dummy text a bit of dummy text a"
          text run at (0,232) width 378: "bit of dummy text a bit of dummy text a bit of dummy text a"
          text run at (0,253) width 38: "bit of "
          text run at (38,253) width 340: "dummy text a bit of dummy text a bit of dummy text a"
          text run at (0,274) width 90: "bit of dummy "
          text run at (90,274) width 288: "text a bit of dummy text a bit of dummy text a"
          text run at (0,295) width 128: "bit of dummy text a "
          text run at (128,295) width 251: "bit of dummy text a bit of dummy text a"
          text run at (0,316) width 165: "bit of dummy text a bit of "
          text run at (165,316) width 213: "dummy text a bit of dummy text a"
          text run at (0,337) width 217: "bit of dummy text a bit of dummy "
          text run at (217,337) width 161: "text a bit of dummy text a"
          text run at (0,358) width 255: "bit of dummy text a bit of dummy text a "
          text run at (255,358) width 124: "bit of dummy text a"
          text run at (0,379) width 292: "bit of dummy text a bit of dummy text a bit of "
          text run at (292,379) width 86: "dummy text a"
          text run at (0,400) width 344: "bit of dummy text a bit of dummy text a bit of dummy "
          text run at (344,400) width 34: "text a"
          text run at (0,421) width 378: "bit of dummy text a bit of dummy text a bit of dummy text a"
          text run at (0,442) width 378: "bit of dummy text a bit of dummy text a bit of dummy text a"
          text run at (0,463) width 38: "bit of "
          text run at (38,463) width 340: "dummy text a bit of dummy text a bit of dummy text a"
          text run at (0,484) width 90: "bit of dummy "
          text run at (90,484) width 288: "text a bit of dummy text a bit of dummy text a"
          text run at (0,505) width 128: "bit of dummy text a "
          text run at (128,505) width 251: "bit of dummy text a bit of dummy text a"
          text run at (0,526) width 165: "bit of dummy text a bit of "
          text run at (165,526) width 213: "dummy text a bit of dummy text a"
          text run at (0,547) width 217: "bit of dummy text a bit of dummy "
          text run at (217,547) width 161: "text a bit of dummy text a"
          text run at (0,568) width 217: "bit of dummy text a bit of dummy "
          text run at (217,568) width 23: "text"
