layer at (0,0) size 800x600
  RenderView at (0,0) size 800x600
layer at (0,0) size 800x103
  RenderBlock {HTML} at (0,0) size 800x103
    RenderBody {BODY} at (8,16) size 784x79
      RenderBlock {P} at (0,0) size 784x21
        RenderText {#text} at (0,1) size 292x19
          text run at (0,1) width 292: "The following two lines should look the same:"
      RenderBlock {DIV} at (0,37) size 784x21
        RenderInline {SPAN} at (0,0) size 20x19
          RenderInline (generated) at (0,0) size 20x19
            RenderCounter at (0,1) size 20x19
              text run at (0,1) width 20: "1.1"
        RenderText {#text} at (20,1) size 4x19
          text run at (20,1) width 4: " "
        RenderInline {SPAN} at (0,0) size 20x19
          RenderInline (generated) at (0,0) size 20x19
            RenderCounter at (24,1) size 20x19
              text run at (24,1) width 20: "1.2"
        RenderText {#text} at (44,1) size 4x19
          text run at (44,1) width 4: " "
        RenderInline {SPAN} at (0,0) size 20x19
          RenderInline (generated) at (0,0) size 20x19
            RenderCounter at (48,1) size 20x19
              text run at (48,1) width 20: "1.3"
        RenderText {#text} at (68,1) size 4x19
          text run at (68,1) width 4: " "
        RenderInline {SPAN} at (0,0) size 20x19
          RenderInline (generated) at (0,0) size 20x19
            RenderCounter at (72,1) size 20x19
              text run at (72,1) width 20: "1.4"
        RenderText {#text} at (92,1) size 4x19
          text run at (92,1) width 4: " "
        RenderInline {SPAN} at (0,0) size 20x19
          RenderInline (generated) at (0,0) size 20x19
            RenderCounter at (96,1) size 20x19
              text run at (96,1) width 20: "1.5"
        RenderText {#text} at (116,1) size 4x19
          text run at (116,1) width 4: " "
        RenderInline {SPAN} at (0,0) size 20x19
          RenderInline (generated) at (0,0) size 20x19
            RenderCounter at (120,1) size 20x19
              text run at (120,1) width 20: "1.6"
        RenderText {#text} at (140,1) size 4x19
          text run at (140,1) width 4: " "
        RenderInline {SPAN} at (0,0) size 20x19
          RenderInline (generated) at (0,0) size 20x19
            RenderCounter at (144,1) size 20x19
              text run at (144,1) width 20: "1.7"
        RenderText {#text} at (164,1) size 4x19
          text run at (164,1) width 4: " "
        RenderInline {SPAN} at (0,0) size 20x19
          RenderInline (generated) at (0,0) size 20x19
            RenderCounter at (168,1) size 20x19
              text run at (168,1) width 20: "1.8"
        RenderText {#text} at (188,1) size 4x19
          text run at (188,1) width 4: " "
        RenderInline {SPAN} at (0,0) size 20x19
          RenderInline (generated) at (0,0) size 20x19
            RenderCounter at (192,1) size 20x19
              text run at (192,1) width 20: "1.9"
        RenderText {#text} at (212,1) size 4x19
          text run at (212,1) width 4: " "
        RenderInline {SPAN} at (0,0) size 28x19
          RenderInline (generated) at (0,0) size 28x19
            RenderCounter at (216,1) size 28x19
              text run at (216,1) width 28: "1.10"
        RenderText {#text} at (244,1) size 4x19
          text run at (244,1) width 4: " "
        RenderInline {SPAN} at (0,0) size 28x19
          RenderInline (generated) at (0,0) size 28x19
            RenderCounter at (248,1) size 28x19
              text run at (248,1) width 28: "1.11"
        RenderText {#text} at (276,1) size 4x19
          text run at (276,1) width 4: " "
        RenderInline {SPAN} at (0,0) size 28x19
          RenderInline (generated) at (0,0) size 28x19
            RenderCounter at (280,1) size 28x19
              text run at (280,1) width 28: "1.12"
        RenderText {#text} at (0,0) size 0x0
      RenderBlock {DIV} at (0,58) size 784x21
        RenderText {#text} at (0,1) size 308x19
          text run at (0,1) width 24: "1.1 "
          text run at (24,1) width 24: "1.2 "
          text run at (48,1) width 24: "1.3 "
          text run at (72,1) width 24: "1.4 "
          text run at (96,1) width 24: "1.5 "
          text run at (120,1) width 24: "1.6 "
          text run at (144,1) width 24: "1.7 "
          text run at (168,1) width 24: "1.8 "
          text run at (192,1) width 24: "1.9 "
          text run at (216,1) width 32: "1.10 "
          text run at (248,1) width 32: "1.11 "
          text run at (280,1) width 28: "1.12"
