layer at (0,0) size 800x600
  RenderView at (0,0) size 800x600
layer at (0,0) size 800x103
  RenderBlock {HTML} at (0,0) size 800x103
    RenderBody {BODY} at (8,16) size 784x79
      RenderBlock {P} at (0,0) size 784x21
        RenderText {#text} at (0,1) size 292x19
          text run at (0,1) width 292: "The following two lines should look the same:"
      RenderBlock {DIV} at (0,37) size 784x21
        RenderInline {SPAN} at (0,0) size 36x19
          RenderInline (generated) at (0,0) size 36x19
            RenderCounter at (0,1) size 36x19
              text run at (0,1) width 36: "01.01"
        RenderText {#text} at (36,1) size 4x19
          text run at (36,1) width 4: " "
        RenderInline {SPAN} at (0,0) size 36x19
          RenderInline (generated) at (0,0) size 36x19
            RenderCounter at (40,1) size 36x19
              text run at (40,1) width 36: "01.02"
        RenderText {#text} at (76,1) size 4x19
          text run at (76,1) width 4: " "
        RenderInline {SPAN} at (0,0) size 36x19
          RenderInline (generated) at (0,0) size 36x19
            RenderCounter at (80,1) size 36x19
              text run at (80,1) width 36: "01.03"
        RenderText {#text} at (116,1) size 4x19
          text run at (116,1) width 4: " "
        RenderInline {SPAN} at (0,0) size 36x19
          RenderInline (generated) at (0,0) size 36x19
            RenderCounter at (120,1) size 36x19
              text run at (120,1) width 36: "01.04"
        RenderText {#text} at (156,1) size 4x19
          text run at (156,1) width 4: " "
        RenderInline {SPAN} at (0,0) size 36x19
          RenderInline (generated) at (0,0) size 36x19
            RenderCounter at (160,1) size 36x19
              text run at (160,1) width 36: "01.05"
        RenderText {#text} at (196,1) size 4x19
          text run at (196,1) width 4: " "
        RenderInline {SPAN} at (0,0) size 36x19
          RenderInline (generated) at (0,0) size 36x19
            RenderCounter at (200,1) size 36x19
              text run at (200,1) width 36: "01.06"
        RenderText {#text} at (236,1) size 4x19
          text run at (236,1) width 4: " "
        RenderInline {SPAN} at (0,0) size 36x19
          RenderInline (generated) at (0,0) size 36x19
            RenderCounter at (240,1) size 36x19
              text run at (240,1) width 36: "01.07"
        RenderText {#text} at (276,1) size 4x19
          text run at (276,1) width 4: " "
        RenderInline {SPAN} at (0,0) size 36x19
          RenderInline (generated) at (0,0) size 36x19
            RenderCounter at (280,1) size 36x19
              text run at (280,1) width 36: "01.08"
        RenderText {#text} at (316,1) size 4x19
          text run at (316,1) width 4: " "
        RenderInline {SPAN} at (0,0) size 36x19
          RenderInline (generated) at (0,0) size 36x19
            RenderCounter at (320,1) size 36x19
              text run at (320,1) width 36: "01.09"
        RenderText {#text} at (356,1) size 4x19
          text run at (356,1) width 4: " "
        RenderInline {SPAN} at (0,0) size 36x19
          RenderInline (generated) at (0,0) size 36x19
            RenderCounter at (360,1) size 36x19
              text run at (360,1) width 36: "01.10"
        RenderText {#text} at (396,1) size 4x19
          text run at (396,1) width 4: " "
        RenderInline {SPAN} at (0,0) size 36x19
          RenderInline (generated) at (0,0) size 36x19
            RenderCounter at (400,1) size 36x19
              text run at (400,1) width 36: "01.11"
        RenderText {#text} at (436,1) size 4x19
          text run at (436,1) width 4: " "
        RenderInline {SPAN} at (0,0) size 36x19
          RenderInline (generated) at (0,0) size 36x19
            RenderCounter at (440,1) size 36x19
              text run at (440,1) width 36: "01.12"
        RenderText {#text} at (476,1) size 4x19
          text run at (476,1) width 4: " "
        RenderInline {SPAN} at (0,0) size 36x19
          RenderInline (generated) at (0,0) size 36x19
            RenderCounter at (480,1) size 36x19
              text run at (480,1) width 36: "01.99"
        RenderText {#text} at (516,1) size 4x19
          text run at (516,1) width 4: " "
        RenderInline {SPAN} at (0,0) size 44x19
          RenderInline (generated) at (0,0) size 44x19
            RenderCounter at (520,1) size 44x19
              text run at (520,1) width 44: "01.100"
        RenderText {#text} at (564,1) size 4x19
          text run at (564,1) width 4: " "
        RenderInline {SPAN} at (0,0) size 44x19
          RenderInline (generated) at (0,0) size 44x19
            RenderCounter at (568,1) size 44x19
              text run at (568,1) width 44: "01.101"
        RenderText {#text} at (0,0) size 0x0
      RenderBlock {DIV} at (0,58) size 784x21
        RenderText {#text} at (0,1) size 612x19
          text run at (0,1) width 40: "01.01 "
          text run at (40,1) width 40: "01.02 "
          text run at (80,1) width 40: "01.03 "
          text run at (120,1) width 40: "01.04 "
          text run at (160,1) width 40: "01.05 "
          text run at (200,1) width 40: "01.06 "
          text run at (240,1) width 40: "01.07 "
          text run at (280,1) width 40: "01.08 "
          text run at (320,1) width 40: "01.09 "
          text run at (360,1) width 40: "01.10 "
          text run at (400,1) width 40: "01.11 "
          text run at (440,1) width 40: "01.12 "
          text run at (480,1) width 40: "01.99 "
          text run at (520,1) width 48: "01.100 "
          text run at (568,1) width 44: "01.101"
