layer at (0,0) size 800x600
  RenderView at (0,0) size 800x600
layer at (0,0) size 800x448
  RenderBlock {HTML} at (0,0) size 800x448
    RenderBody {BODY} at (8,16) size 784x416 [color=#000080]
      RenderBlock {P} at (0,0) size 784x21
        RenderText {#text} at (0,1) size 388x19
          text run at (0,1) width 388: "The two columns should look the same, except for alignment."
      RenderBlock {OL} at (0,37) size 784x63
        RenderListItem {LI} at (40,0) size 744x21
          RenderListMarker at (-17,1) size 12x19: "i"
          RenderText {#text} at (0,1) size 8x19
            text run at (0,1) width 8: "i."
        RenderListItem {LI} at (40,21) size 744x21
          RenderListMarker at (-21,1) size 16x19: "ii"
          RenderText {#text} at (0,1) size 12x19
            text run at (0,1) width 12: "ii."
        RenderListItem {LI} at (40,42) size 744x21
          RenderListMarker at (-25,1) size 20x19: "iii"
          RenderText {#text} at (0,1) size 16x19
            text run at (0,1) width 16: "iii."
      RenderBlock {OL} at (0,116) size 784x63
        RenderListItem {LI} at (40,0) size 744x21
          RenderListMarker at (-18,1) size 13x19: "I"
          RenderText {#text} at (0,1) size 9x19
            text run at (0,1) width 9: "I."
        RenderListItem {LI} at (40,21) size 744x21
          RenderListMarker at (-23,1) size 18x19: "II"
          RenderText {#text} at (0,1) size 14x19
            text run at (0,1) width 14: "II."
        RenderListItem {LI} at (40,42) size 744x21
          RenderListMarker at (-28,1) size 23x19: "III"
          RenderText {#text} at (0,1) size 19x19
            text run at (0,1) width 19: "III."
      RenderBlock {OL} at (0,195) size 784x63
        RenderListItem {LI} at (40,0) size 744x21
          RenderListMarker at (-20,1) size 15x19: "a"
          RenderText {#text} at (0,1) size 11x19
            text run at (0,1) width 11: "a."
        RenderListItem {LI} at (40,21) size 744x21
          RenderListMarker at (-22,1) size 17x19: "b"
          RenderText {#text} at (0,1) size 13x19
            text run at (0,1) width 13: "b."
        RenderListItem {LI} at (40,42) size 744x21
          RenderListMarker at (-20,1) size 15x19: "c"
          RenderText {#text} at (0,1) size 11x19
            text run at (0,1) width 11: "c."
      RenderBlock {OL} at (0,274) size 784x63
        RenderListItem {LI} at (40,0) size 744x21
          RenderListMarker at (-25,1) size 20x19: "A"
          RenderText {#text} at (0,1) size 16x19
            text run at (0,1) width 16: "A."
        RenderListItem {LI} at (40,21) size 744x21
          RenderListMarker at (-24,1) size 19x19: "B"
          RenderText {#text} at (0,1) size 15x19
            text run at (0,1) width 15: "B."
        RenderListItem {LI} at (40,42) size 744x21
          RenderListMarker at (-24,1) size 19x19: "C"
          RenderText {#text} at (0,1) size 15x19
            text run at (0,1) width 15: "C."
      RenderBlock {OL} at (0,353) size 784x63
        RenderListItem {LI} at (40,0) size 744x21
          RenderListMarker at (-25,1) size 20x19: "A"
          RenderText {#text} at (0,1) size 16x19
            text run at (0,1) width 16: "A."
        RenderListItem {LI} at (40,21) size 744x21
          RenderListMarker at (-24,1) size 19x19: "B"
          RenderText {#text} at (0,1) size 15x19
            text run at (0,1) width 15: "B."
        RenderListItem {LI} at (40,42) size 744x21
          RenderListMarker at (-21,1) size 16x19: "3"
          RenderText {#text} at (0,1) size 12x19
            text run at (0,1) width 12: "3."
