layer at (0,0) size 800x600
  RenderView at (0,0) size 800x600
layer at (0,0) size 800x103
  RenderBlock {HTML} at (0,0) size 800x103
    RenderBody {BODY} at (8,16) size 784x79
      RenderBlock {P} at (0,0) size 784x21
        RenderText {#text} at (0,1) size 292x19
          text run at (0,1) width 292: "The following two lines should look the same:"
      RenderBlock {DIV} at (0,37) size 784x21
        RenderInline {SPAN} at (0,0) size 5x19
          RenderInline (generated) at (0,0) size 5x19
            RenderCounter at (0,1) size 5x19
              text run at (0,1) width 5: "I"
        RenderText {#text} at (5,1) size 4x19
          text run at (5,1) width 4: " "
        RenderInline {SPAN} at (0,0) size 10x19
          RenderInline (generated) at (0,0) size 10x19
            RenderCounter at (9,1) size 10x19
              text run at (9,1) width 10: "II"
        RenderText {#text} at (19,1) size 4x19
          text run at (19,1) width 4: " "
        RenderInline {SPAN} at (0,0) size 15x19
          RenderInline (generated) at (0,0) size 15x19
            RenderCounter at (23,1) size 15x19
              text run at (23,1) width 15: "III"
        RenderText {#text} at (38,1) size 4x19
          text run at (38,1) width 4: " "
        RenderInline {SPAN} at (0,0) size 17x19
          RenderInline (generated) at (0,0) size 17x19
            RenderCounter at (42,1) size 17x19
              text run at (42,1) width 17: "IV"
        RenderText {#text} at (59,1) size 4x19
          text run at (59,1) width 4: " "
        RenderInline {SPAN} at (0,0) size 12x19
          RenderInline (generated) at (0,0) size 12x19
            RenderCounter at (63,1) size 12x19
              text run at (63,1) width 12: "V"
        RenderText {#text} at (75,1) size 4x19
          text run at (75,1) width 4: " "
        RenderInline {SPAN} at (0,0) size 17x19
          RenderInline (generated) at (0,0) size 17x19
            RenderCounter at (79,1) size 17x19
              text run at (79,1) width 17: "VI"
        RenderText {#text} at (96,1) size 4x19
          text run at (96,1) width 4: " "
        RenderInline {SPAN} at (0,0) size 22x19
          RenderInline (generated) at (0,0) size 22x19
            RenderCounter at (100,1) size 22x19
              text run at (100,1) width 22: "VII"
        RenderText {#text} at (122,1) size 4x19
          text run at (122,1) width 4: " "
        RenderInline {SPAN} at (0,0) size 27x19
          RenderInline (generated) at (0,0) size 27x19
            RenderCounter at (126,1) size 27x19
              text run at (126,1) width 27: "VIII"
        RenderText {#text} at (153,1) size 4x19
          text run at (153,1) width 4: " "
        RenderInline {SPAN} at (0,0) size 17x19
          RenderInline (generated) at (0,0) size 17x19
            RenderCounter at (157,1) size 17x19
              text run at (157,1) width 17: "IX"
        RenderText {#text} at (174,1) size 4x19
          text run at (174,1) width 4: " "
        RenderInline {SPAN} at (0,0) size 12x19
          RenderInline (generated) at (0,0) size 12x19
            RenderCounter at (178,1) size 12x19
              text run at (178,1) width 12: "X"
        RenderText {#text} at (190,1) size 4x19
          text run at (190,1) width 4: " "
        RenderInline {SPAN} at (0,0) size 17x19
          RenderInline (generated) at (0,0) size 17x19
            RenderCounter at (194,1) size 17x19
              text run at (194,1) width 17: "XI"
        RenderText {#text} at (211,1) size 4x19
          text run at (211,1) width 4: " "
        RenderInline {SPAN} at (0,0) size 22x19
          RenderInline (generated) at (0,0) size 22x19
            RenderCounter at (215,1) size 22x19
              text run at (215,1) width 22: "XII"
        RenderText {#text} at (237,1) size 4x19
          text run at (237,1) width 4: " "
        RenderInline {SPAN} at (0,0) size 39x19
          RenderInline (generated) at (0,0) size 39x19
            RenderCounter at (241,1) size 39x19
              text run at (241,1) width 39: "XLIX"
        RenderText {#text} at (280,1) size 4x19
          text run at (280,1) width 4: " "
        RenderInline {SPAN} at (0,0) size 10x19
          RenderInline (generated) at (0,0) size 10x19
            RenderCounter at (284,1) size 10x19
              text run at (284,1) width 10: "L"
        RenderText {#text} at (294,1) size 4x19
          text run at (294,1) width 4: " "
        RenderInline {SPAN} at (0,0) size 96x19
          RenderInline (generated) at (0,0) size 96x19
            RenderCounter at (298,1) size 96x19
              text run at (298,1) width 96: "CCCLXXXIX"
        RenderText {#text} at (394,1) size 4x19
          text run at (394,1) width 4: " "
        RenderInline {SPAN} at (0,0) size 56x19
          RenderInline (generated) at (0,0) size 56x19
            RenderCounter at (398,1) size 56x19
              text run at (398,1) width 56: "CCCXC"
        RenderText {#text} at (454,1) size 4x19
          text run at (454,1) width 4: " "
        RenderInline {SPAN} at (0,0) size 128x19
          RenderInline (generated) at (0,0) size 128x19
            RenderCounter at (458,1) size 128x19
              text run at (458,1) width 128: "MMMCDLXXXIX"
        RenderText {#text} at (586,1) size 4x19
          text run at (586,1) width 4: " "
        RenderInline {SPAN} at (0,0) size 88x19
          RenderInline (generated) at (0,0) size 88x19
            RenderCounter at (590,1) size 88x19
              text run at (590,1) width 88: "MMMCDXC"
        RenderText {#text} at (678,1) size 4x19
          text run at (678,1) width 4: " "
        RenderInline {SPAN} at (0,0) size 93x19
          RenderInline (generated) at (0,0) size 93x19
            RenderCounter at (682,1) size 93x19
              text run at (682,1) width 93: "MMMCDXCI"
        RenderText {#text} at (0,0) size 0x0
      RenderBlock {DIV} at (0,58) size 784x21
        RenderText {#text} at (0,1) size 775x19
          text run at (0,1) width 9: "I "
          text run at (9,1) width 14: "II "
          text run at (23,1) width 19: "III "
          text run at (42,1) width 21: "IV "
          text run at (63,1) width 16: "V "
          text run at (79,1) width 21: "VI "
          text run at (100,1) width 26: "VII "
          text run at (126,1) width 31: "VIII "
          text run at (157,1) width 21: "IX "
          text run at (178,1) width 16: "X "
          text run at (194,1) width 21: "XI "
          text run at (215,1) width 26: "XII "
          text run at (241,1) width 43: "XLIX "
          text run at (284,1) width 14: "L "
          text run at (298,1) width 100: "CCCLXXXIX "
          text run at (398,1) width 60: "CCCXC "
          text run at (458,1) width 132: "MMMCDLXXXIX "
          text run at (590,1) width 92: "MMMCDXC "
          text run at (682,1) width 93: "MMMCDXCI"
