layer at (0,0) size 800x600
  RenderView at (0,0) size 800x600
layer at (0,0) size 800x103
  RenderBlock {HTML} at (0,0) size 800x103
    RenderBody {BODY} at (8,16) size 784x79
      RenderBlock {P} at (0,0) size 784x21
        RenderText {#text} at (0,1) size 233x19
          text run at (0,1) width 233: "The following two lines should look "
        RenderInline {EM} at (0,0) size 91x19
          RenderText {#text} at (233,1) size 91x19
            text run at (233,1) width 91: "approximately"
        RenderText {#text} at (324,1) size 63x19
          text run at (324,1) width 63: " the same:"
      RenderBlock {DIV} at (0,37) size 784x21
        RenderInline {SPAN} at (0,0) size 11x19
          RenderInline (generated) at (0,0) size 11x19
            RenderCounter at (0,1) size 4x19
              text run at (0,1) width 4: "."
            RenderText at (4,1) size 7x19
              text run at (4,1) width 7: "z"
        RenderText {#text} at (11,1) size 4x19
          text run at (11,1) width 4: " "
        RenderInline {SPAN} at (0,0) size 11x19
          RenderInline (generated) at (0,0) size 11x19
            RenderCounter at (15,1) size 4x19
              text run at (15,1) width 4: "."
            RenderText at (19,1) size 7x19
              text run at (19,1) width 7: "z"
        RenderText {#text} at (26,1) size 4x19
          text run at (26,1) width 4: " "
        RenderInline {SPAN} at (0,0) size 11x19
          RenderInline (generated) at (0,0) size 11x19
            RenderCounter at (30,1) size 4x19
              text run at (30,1) width 4: "."
            RenderText at (34,1) size 7x19
              text run at (34,1) width 7: "z"
        RenderText {#text} at (41,1) size 4x19
          text run at (41,1) width 4: " "
        RenderInline {SPAN} at (0,0) size 11x19
          RenderInline (generated) at (0,0) size 11x19
            RenderCounter at (45,1) size 4x19
              text run at (45,1) width 4: "."
            RenderText at (49,1) size 7x19
              text run at (49,1) width 7: "z"
        RenderText {#text} at (56,1) size 4x19
          text run at (56,1) width 4: " "
        RenderInline {SPAN} at (0,0) size 11x19
          RenderInline (generated) at (0,0) size 11x19
            RenderCounter at (60,1) size 4x19
              text run at (60,1) width 4: "."
            RenderText at (64,1) size 7x19
              text run at (64,1) width 7: "z"
        RenderText {#text} at (71,1) size 4x19
          text run at (71,1) width 4: " "
        RenderInline {SPAN} at (0,0) size 11x19
          RenderInline (generated) at (0,0) size 11x19
            RenderCounter at (75,1) size 4x19
              text run at (75,1) width 4: "."
            RenderText at (79,1) size 7x19
              text run at (79,1) width 7: "z"
        RenderText {#text} at (86,1) size 4x19
          text run at (86,1) width 4: " "
        RenderInline {SPAN} at (0,0) size 11x19
          RenderInline (generated) at (0,0) size 11x19
            RenderCounter at (90,1) size 4x19
              text run at (90,1) width 4: "."
            RenderText at (94,1) size 7x19
              text run at (94,1) width 7: "z"
        RenderText {#text} at (101,1) size 4x19
          text run at (101,1) width 4: " "
        RenderInline {SPAN} at (0,0) size 11x19
          RenderInline (generated) at (0,0) size 11x19
            RenderCounter at (105,1) size 4x19
              text run at (105,1) width 4: "."
            RenderText at (109,1) size 7x19
              text run at (109,1) width 7: "z"
        RenderText {#text} at (116,1) size 4x19
          text run at (116,1) width 4: " "
        RenderInline {SPAN} at (0,0) size 11x19
          RenderInline (generated) at (0,0) size 11x19
            RenderCounter at (120,1) size 4x19
              text run at (120,1) width 4: "."
            RenderText at (124,1) size 7x19
              text run at (124,1) width 7: "z"
        RenderText {#text} at (131,1) size 4x19
          text run at (131,1) width 4: " "
        RenderInline {SPAN} at (0,0) size 11x19
          RenderInline (generated) at (0,0) size 11x19
            RenderCounter at (135,1) size 4x19
              text run at (135,1) width 4: "."
            RenderText at (139,1) size 7x19
              text run at (139,1) width 7: "z"
        RenderText {#text} at (146,1) size 4x19
          text run at (146,1) width 4: " "
        RenderInline {SPAN} at (0,0) size 11x19
          RenderInline (generated) at (0,0) size 11x19
            RenderCounter at (150,1) size 4x19
              text run at (150,1) width 4: "."
            RenderText at (154,1) size 7x19
              text run at (154,1) width 7: "z"
        RenderText {#text} at (161,1) size 4x19
          text run at (161,1) width 4: " "
        RenderInline {SPAN} at (0,0) size 11x19
          RenderInline (generated) at (0,0) size 11x19
            RenderCounter at (165,1) size 4x19
              text run at (165,1) width 4: "."
            RenderText at (169,1) size 7x19
              text run at (169,1) width 7: "z"
        RenderText {#text} at (0,0) size 0x0
      RenderBlock {DIV} at (0,58) size 784x21
        RenderText {#text} at (0,1) size 176x19
          text run at (0,1) width 15: ".z "
          text run at (15,1) width 15: ".z "
          text run at (30,1) width 15: ".z "
          text run at (45,1) width 15: ".z "
          text run at (60,1) width 15: ".z "
          text run at (75,1) width 15: ".z "
          text run at (90,1) width 15: ".z "
          text run at (105,1) width 15: ".z "
          text run at (120,1) width 15: ".z "
          text run at (135,1) width 15: ".z "
          text run at (150,1) width 15: ".z "
          text run at (165,1) width 11: ".z"
