layer at (0,0) size 800x600
  RenderView at (0,0) size 800x600
layer at (0,0) size 800x103
  RenderBlock {HTML} at (0,0) size 800x103
    RenderBody {BODY} at (8,16) size 784x79
      RenderBlock {P} at (0,0) size 784x21
        RenderText {#text} at (0,1) size 217x19
          text run at (0,1) width 217: "The following should be identical:"
      RenderBlock {DIV} at (0,37) size 784x21
        RenderInline {SPAN} at (0,0) size 8x19
          RenderInline {SPAN} at (0,0) size 8x19
            RenderInline (generated) at (0,0) size 8x19
              RenderCounter at (0,1) size 8x19
                text run at (0,1) width 8: "0"
        RenderText {#text} at (8,1) size 4x19
          text run at (8,1) width 4: " "
        RenderInline {SPAN} at (0,0) size 8x19
          RenderInline {SPAN} at (0,0) size 8x19
            RenderInline (generated) at (0,0) size 8x19
              RenderCounter at (12,1) size 8x19
                text run at (12,1) width 8: "1"
        RenderText {#text} at (20,1) size 4x19
          text run at (20,1) width 4: " "
        RenderInline {SPAN} at (0,0) size 8x19
          RenderInline {SPAN} at (0,0) size 8x19
            RenderInline (generated) at (0,0) size 8x19
              RenderCounter at (24,1) size 8x19
                text run at (24,1) width 8: "2"
        RenderText {#text} at (32,1) size 4x19
          text run at (32,1) width 4: " "
        RenderInline {SPAN} at (0,0) size 8x19
          RenderInline {SPAN} at (0,0) size 8x19
            RenderInline (generated) at (0,0) size 8x19
              RenderCounter at (36,1) size 8x19
                text run at (36,1) width 8: "3"
        RenderText {#text} at (44,1) size 4x19
          text run at (44,1) width 4: " "
        RenderInline {SPAN} at (0,0) size 8x19
          RenderInline {SPAN} at (0,0) size 8x19
            RenderInline (generated) at (0,0) size 8x19
              RenderCounter at (48,1) size 8x19
                text run at (48,1) width 8: "4"
        RenderText {#text} at (56,1) size 4x19
          text run at (56,1) width 4: " "
        RenderInline {SPAN} at (0,0) size 8x19
          RenderInline {SPAN} at (0,0) size 8x19
            RenderInline (generated) at (0,0) size 8x19
              RenderCounter at (60,1) size 8x19
                text run at (60,1) width 8: "4"
        RenderText {#text} at (68,1) size 4x19
          text run at (68,1) width 4: " "
        RenderInline {SPAN} at (0,0) size 8x19
          RenderInline {SPAN} at (0,0) size 8x19
            RenderInline (generated) at (0,0) size 8x19
              RenderCounter at (72,1) size 8x19
                text run at (72,1) width 8: "4"
        RenderText {#text} at (80,1) size 4x19
          text run at (80,1) width 4: " "
        RenderInline {SPAN} at (0,0) size 8x19
          RenderInline {SPAN} at (0,0) size 8x19
            RenderInline (generated) at (0,0) size 8x19
              RenderCounter at (84,1) size 8x19
                text run at (84,1) width 8: "4"
        RenderText {#text} at (92,1) size 4x19
          text run at (92,1) width 4: " "
        RenderInline {SPAN} at (0,0) size 8x19
          RenderInline {SPAN} at (0,0) size 8x19
            RenderInline (generated) at (0,0) size 8x19
              RenderCounter at (96,1) size 8x19
                text run at (96,1) width 8: "8"
        RenderText {#text} at (104,1) size 4x19
          text run at (104,1) width 4: " "
        RenderInline {SPAN} at (0,0) size 8x19
          RenderInline {SPAN} at (0,0) size 8x19
            RenderInline (generated) at (0,0) size 8x19
              RenderCounter at (108,1) size 8x19
                text run at (108,1) width 8: "9"
        RenderText {#text} at (116,1) size 4x19
          text run at (116,1) width 4: " "
        RenderInline {SPAN} at (0,0) size 16x19
          RenderInline {SPAN} at (0,0) size 16x19
            RenderInline (generated) at (0,0) size 16x19
              RenderCounter at (120,1) size 16x19
                text run at (120,1) width 16: "10"
        RenderText {#text} at (136,1) size 4x19
          text run at (136,1) width 4: " "
        RenderInline {SPAN} at (0,0) size 16x19
          RenderInline {SPAN} at (0,0) size 16x19
            RenderInline (generated) at (0,0) size 16x19
              RenderCounter at (140,1) size 16x19
                text run at (140,1) width 16: "11"
        RenderText {#text} at (156,1) size 4x19
          text run at (156,1) width 4: " "
        RenderInline {SPAN} at (0,0) size 16x19
          RenderInline {SPAN} at (0,0) size 16x19
            RenderInline (generated) at (0,0) size 16x19
              RenderCounter at (160,1) size 16x19
                text run at (160,1) width 16: "12"
        RenderText {#text} at (176,1) size 4x19
          text run at (176,1) width 4: " "
        RenderInline {SPAN} at (0,0) size 16x19
          RenderInline {SPAN} at (0,0) size 16x19
            RenderInline (generated) at (0,0) size 16x19
              RenderCounter at (180,1) size 16x19
                text run at (180,1) width 16: "12"
        RenderText {#text} at (196,1) size 4x19
          text run at (196,1) width 4: " "
        RenderInline {SPAN} at (0,0) size 16x19
          RenderInline {SPAN} at (0,0) size 16x19
            RenderInline (generated) at (0,0) size 16x19
              RenderCounter at (200,1) size 16x19
                text run at (200,1) width 16: "12"
        RenderText {#text} at (216,1) size 4x19
          text run at (216,1) width 4: " "
        RenderInline {SPAN} at (0,0) size 16x19
          RenderInline {SPAN} at (0,0) size 16x19
            RenderInline (generated) at (0,0) size 16x19
              RenderCounter at (220,1) size 16x19
                text run at (220,1) width 16: "12"
        RenderText {#text} at (0,0) size 0x0
      RenderBlock {DIV} at (0,58) size 784x21
        RenderText {#text} at (0,1) size 236x19
          text run at (0,1) width 12: "0 "
          text run at (12,1) width 12: "1 "
          text run at (24,1) width 12: "2 "
          text run at (36,1) width 12: "3 "
          text run at (48,1) width 12: "4 "
          text run at (60,1) width 12: "4 "
          text run at (72,1) width 12: "4 "
          text run at (84,1) width 12: "4 "
          text run at (96,1) width 12: "8 "
          text run at (108,1) width 12: "9 "
          text run at (120,1) width 20: "10 "
          text run at (140,1) width 20: "11 "
          text run at (160,1) width 20: "12 "
          text run at (180,1) width 20: "12 "
          text run at (200,1) width 20: "12 "
          text run at (220,1) width 16: "12"
