layer at (0,0) size 800x600
  RenderView at (0,0) size 800x600
layer at (0,0) size 800x290
  RenderBlock {HTML} at (0,0) size 800x290
    RenderBody {BODY} at (8,8) size 784x274
      RenderBlock {DIV} at (0,0) size 784x120
        RenderBlock {P} at (0,0) size 784x21 [color=#000080]
          RenderText {#text} at (0,1) size 242x19
            text run at (0,1) width 242: "This sentence should be in a serif font."
        RenderBlock {P} at (0,21) size 784x21 [color=#000080]
          RenderText {#text} at (0,1) size 242x19
            text run at (0,1) width 242: "This sentence should be in a serif font."
        RenderBlock {P} at (0,42) size 784x21 [color=#000080]
          RenderText {#text} at (0,1) size 311x19
            text run at (0,1) width 311: "This sentence should be in a sans-serif font."
        RenderBlock {P} at (0,63) size 784x21 [color=#000080]
          RenderText {#text} at (0,1) size 260x19
            text run at (0,1) width 260: "This sentence should be in a cursive font."
        RenderBlock {P} at (0,84) size 784x21 [color=#000080]
          RenderText {#text} at (0,1) size 260x19
            text run at (0,1) width 260: "This sentence should be in a fantasy font."
        RenderBlock {P} at (0,105) size 784x15 [color=#000080]
          RenderText {#text} at (0,0) size 352x15
            text run at (0,0) width 352: "This sentence should be in a monospace font."
      RenderBlock {P} at (0,120) size 784x21 [color=#000080]
        RenderText {#text} at (0,1) size 311x19
          text run at (0,1) width 311: "This sentence should be in a sans-serif font."
      RenderBlock {P} at (0,141) size 784x19 [color=#000080]
        RenderText {#text} at (0,0) size 440x19
          text run at (0,0) width 440: "This sentence should be in a monospace font."
      RenderBlock {DIV} at (0,160) size 784x114
        RenderBlock {P} at (0,0) size 784x15 [color=#000080]
          RenderText {#text} at (0,0) size 352x15
            text run at (0,0) width 352: "This sentence should be in a monospace font."
        RenderBlock {P} at (0,15) size 784x21 [color=#000080]
          RenderText {#text} at (0,1) size 242x19
            text run at (0,1) width 242: "This sentence should be in a serif font."
        RenderBlock {P} at (0,36) size 784x21 [color=#000080]
          RenderText {#text} at (0,1) size 311x19
            text run at (0,1) width 311: "This sentence should be in a sans-serif font."
        RenderBlock {P} at (0,57) size 784x21 [color=#000080]
          RenderText {#text} at (0,1) size 260x19
            text run at (0,1) width 260: "This sentence should be in a cursive font."
        RenderBlock {P} at (0,78) size 784x21 [color=#000080]
          RenderText {#text} at (0,1) size 260x19
            text run at (0,1) width 260: "This sentence should be in a fantasy font."
        RenderBlock {P} at (0,99) size 784x15 [color=#000080]
          RenderText {#text} at (0,0) size 352x15
            text run at (0,0) width 352: "This sentence should be in a monospace font."
