layer at (0,0) size 800x600
  RenderView at (0,0) size 800x600
layer at (0,0) size 800x266
  RenderBlock {HTML} at (0,0) size 800x266
    RenderBody {BODY} at (8,16) size 784x242
      RenderBlock {P} at (0,0) size 784x42 [bgcolor=#00FFFF]
        RenderText {#text} at (392,1) size 751x40
          text run at (392,1) width 359: "The first line of this sentence should be indented halfway"
          text run at (0,22) width 66: "across the "
          text run at (66,22) width 416: "page, but the rest of it should be flush with the normal left margin "
          text run at (482,22) width 74: "of the page."
      RenderBlock {P} at (0,58) size 784x84 [bgcolor=#00FFFF]
        RenderText {#text} at (80,1) size 211x19
          text run at (80,1) width 211: "Only the first line of this sentence"
        RenderBR {BR} at (291,1) size 0x19
        RenderText {#text} at (0,22) size 123x19
          text run at (0,22) width 123: "should be indented,"
        RenderBR {BR} at (123,22) size 0x19
        RenderText {#text} at (0,43) size 145x19
          text run at (0,43) width 145: "the others should all be"
        RenderBR {BR} at (145,43) size 0x19
        RenderInline {EM} at (0,0) size 113x19
          RenderText {#text} at (0,64) size 113x19
            text run at (0,64) width 113: "aligned on the left"
        RenderText {#text} at (113,64) size 99x19
          text run at (113,64) width 99: " of the window."
      RenderBlock {DIV} at (0,158) size 196x84 [bgcolor=#00FFFF]
        RenderText {#text} at (392,1) size 404x82
          text run at (392,1) width 12: "X"
          text run at (0,22) width 169: "The X on the previous line"
          text run at (0,43) width 184: "should be centered across the"
          text run at (0,64) width 55: "window."
