layer at (0,0) size 800x1672
  RenderView at (0,0) size 800x600
layer at (0,0) size 800x1672
  RenderBlock {HTML} at (0,0) size 800x1672
    RenderBody {BODY} at (8,8) size 784x1656 [bgcolor=#CCCCCC]
      RenderBlock {P} at (0,0) size 784x21
        RenderText {#text} at (0,1) size 356x19
          text run at (0,1) width 356: "The style declarations which apply to the text below are:"
      RenderBlock {PRE} at (0,37) size 784x165
        RenderText {#text} at (0,0) size 624x165
          text run at (0,0) width 184: ".zero {margin-left: 0;}"
          text run at (184,0) width 0: " "
          text run at (0,15) width 192: ".one {margin-left: 3em;}"
          text run at (192,15) width 0: " "
          text run at (0,30) width 192: ".two {margin-left: 3ex;}"
          text run at (192,30) width 0: " "
          text run at (0,45) width 216: ".three {margin-left: 36px;}"
          text run at (216,45) width 0: " "
          text run at (0,60) width 216: ".four {margin-left: 0.5in;}"
          text run at (216,60) width 0: " "
          text run at (0,75) width 224: ".five {margin-left: 1.27cm;}"
          text run at (224,75) width 0: " "
          text run at (0,90) width 216: ".six {margin-left: 12.7mm;}"
          text run at (216,90) width 0: " "
          text run at (0,105) width 216: ".seven {margin-left: 36pt;}"
          text run at (216,105) width 0: " "
          text run at (0,120) width 208: ".eight {margin-left: 3pc;}"
          text run at (208,120) width 0: " "
          text run at (0,135) width 208: ".nine {margin-left: +3pc;}"
          text run at (208,135) width 0: " "
          text run at (0,150) width 624: ".ten {font-size: 40px; border-left: 1ex solid purple; background-color: aqua;}"
          text run at (624,150) width 0: " "
      RenderBlock {HR} at (0,215) size 784x2 [border: (1px inset #000000)]
      RenderBlock {P} at (0,233) size 784x42
        RenderText {#text} at (0,1) size 761x40
          text run at (0,1) width 761: "This paragraph has no left margin. The following paragraphs have all been given a left margin and their left (outer) edges"
          text run at (0,22) width 347: "should therefore be appropriately shifted to the right of "
        RenderInline {EM} at (0,0) size 22x19
          RenderText {#text} at (347,22) size 22x19
            text run at (347,22) width 22: "this"
        RenderText {#text} at (369,22) size 138x19
          text run at (369,22) width 138: " paragraph's left edge."
      RenderBlock {P} at (48,291) size 736x21
        RenderText {#text} at (0,1) size 310x19
          text run at (0,1) width 310: "This paragraph should have a left margin of 3em."
      RenderBlock {P} at (24,328) size 760x21
        RenderText {#text} at (0,1) size 306x19
          text run at (0,1) width 306: "This paragraph should have a left margin of 3ex."
      RenderBlock {P} at (36,365) size 748x21
        RenderText {#text} at (0,1) size 340x19
          text run at (0,1) width 340: "This paragraph should have a left margin of 36 pixels."
      RenderBlock {P} at (48,402) size 736x21
        RenderText {#text} at (0,1) size 357x19
          text run at (0,1) width 357: "This paragraph should have a left margin of half an inch."
      RenderBlock {P} at (48,439) size 736x21
        RenderText {#text} at (0,1) size 330x19
          text run at (0,1) width 330: "This paragraph should have a left margin of 1.27cm."
      RenderBlock {P} at (48,476) size 736x21
        RenderText {#text} at (0,1) size 335x19
          text run at (0,1) width 335: "This paragraph should have a left margin of 12.7mm."
      RenderBlock {P} at (48,513) size 736x21
        RenderText {#text} at (0,1) size 341x19
          text run at (0,1) width 341: "This paragraph should have a left margin of 36 points."
      RenderBlock {P} at (48,550) size 736x21
        RenderText {#text} at (0,1) size 327x19
          text run at (0,1) width 327: "This paragraph should have a left margin of 3 picas."
      RenderBlock {P} at (48,587) size 736x21
        RenderText {#text} at (0,1) size 591x19
          text run at (0,1) width 591: "This paragraph should have a left margin of 3 picas (the plus sign should make no difference)."
      RenderBlock {P} at (0,648) size 784x257 [bgcolor=#00FFFF] [border: (18px solid #800080)]
        RenderText {#text} at (18,3) size 310x45
          text run at (18,3) width 310: "This element has a "
        RenderInline {CODE} at (0,0) size 216x47
          RenderText {#text} at (328,5) size 216x47
            text run at (328,5) width 216: "font-size"
        RenderText {#text} at (544,3) size 53x45
          text run at (544,3) width 53: " of "
        RenderInline {CODE} at (0,0) size 96x47
          RenderText {#text} at (597,5) size 96x47
            text run at (597,5) width 96: "40px"
        RenderText {#text} at (693,3) size 743x97
          text run at (693,3) width 68: " and"
          text run at (18,55) width 28: "a "
        RenderInline {CODE} at (0,0) size 264x47
          RenderText {#text} at (46,57) size 264x47
            text run at (46,57) width 264: "border-left"
        RenderText {#text} at (310,55) size 53x45
          text run at (310,55) width 53: " of "
        RenderInline {CODE} at (0,0) size 384x47
          RenderText {#text} at (363,57) size 384x47
            text run at (363,57) width 384: "1ex solid purple"
        RenderText {#text} at (747,55) size 739x199
          text run at (747,55) width 10: "."
          text run at (18,107) width 673: "This should make the left border the same"
          text run at (18,158) width 710: "number of pixels as the lower-case 'x' in this"
          text run at (18,209) width 611: "element's font, as well as solid purple."
      RenderTable {TABLE} at (0,945) size 784x711 [border: (1px outset #808080)]
        RenderTableSection {TBODY} at (1,1) size 782x709
          RenderTableRow {TR} at (0,0) size 782x29
            RenderTableCell {TD} at (0,0) size 782x29 [bgcolor=#C0C0C0] [border: (1px inset #808080)] [r=0 c=0 rs=1 cs=2]
              RenderInline {STRONG} at (0,0) size 161x19
                RenderText {#text} at (4,5) size 161x19
                  text run at (4,5) width 161: "TABLE Testing Section"
          RenderTableRow {TR} at (0,29) size 782x680
            RenderTableCell {TD} at (0,354) size 12x29 [bgcolor=#C0C0C0] [border: (1px inset #808080)] [r=1 c=0 rs=1 cs=1]
              RenderText {#text} at (4,5) size 4x19
                text run at (4,5) width 4: " "
            RenderTableCell {TD} at (12,29) size 770x680 [border: (1px inset #808080)] [r=1 c=1 rs=1 cs=1]
              RenderBlock {P} at (4,4) size 762x42
                RenderText {#text} at (0,1) size 761x40
                  text run at (0,1) width 761: "This paragraph has no left margin. The following paragraphs have all been given a left margin and their left (outer) edges"
                  text run at (0,22) width 347: "should therefore be appropriately shifted to the right of "
                RenderInline {EM} at (0,0) size 22x19
                  RenderText {#text} at (347,22) size 22x19
                    text run at (347,22) width 22: "this"
                RenderText {#text} at (369,22) size 138x19
                  text run at (369,22) width 138: " paragraph's left edge."
              RenderBlock {P} at (52,62) size 714x21
                RenderText {#text} at (0,1) size 310x19
                  text run at (0,1) width 310: "This paragraph should have a left margin of 3em."
              RenderBlock {P} at (28,99) size 738x21
                RenderText {#text} at (0,1) size 306x19
                  text run at (0,1) width 306: "This paragraph should have a left margin of 3ex."
              RenderBlock {P} at (40,136) size 726x21
                RenderText {#text} at (0,1) size 340x19
                  text run at (0,1) width 340: "This paragraph should have a left margin of 36 pixels."
              RenderBlock {P} at (52,173) size 714x21
                RenderText {#text} at (0,1) size 357x19
                  text run at (0,1) width 357: "This paragraph should have a left margin of half an inch."
              RenderBlock {P} at (52,210) size 714x21
                RenderText {#text} at (0,1) size 330x19
                  text run at (0,1) width 330: "This paragraph should have a left margin of 1.27cm."
              RenderBlock {P} at (52,247) size 714x21
                RenderText {#text} at (0,1) size 335x19
                  text run at (0,1) width 335: "This paragraph should have a left margin of 12.7mm."
              RenderBlock {P} at (52,284) size 714x21
                RenderText {#text} at (0,1) size 341x19
                  text run at (0,1) width 341: "This paragraph should have a left margin of 36 points."
              RenderBlock {P} at (52,321) size 714x21
                RenderText {#text} at (0,1) size 327x19
                  text run at (0,1) width 327: "This paragraph should have a left margin of 3 picas."
              RenderBlock {P} at (52,358) size 714x21
                RenderText {#text} at (0,1) size 591x19
                  text run at (0,1) width 591: "This paragraph should have a left margin of 3 picas (the plus sign should make no difference)."
              RenderBlock {P} at (4,419) size 762x257 [bgcolor=#00FFFF] [border: (18px solid #800080)]
                RenderText {#text} at (18,3) size 310x45
                  text run at (18,3) width 310: "This element has a "
                RenderInline {CODE} at (0,0) size 216x47
                  RenderText {#text} at (328,5) size 216x47
                    text run at (328,5) width 216: "font-size"
                RenderText {#text} at (544,3) size 53x45
                  text run at (544,3) width 53: " of "
                RenderInline {CODE} at (0,0) size 96x47
                  RenderText {#text} at (597,5) size 96x47
                    text run at (597,5) width 96: "40px"
                RenderText {#text} at (693,3) size 743x97
                  text run at (693,3) width 68: " and"
                  text run at (18,55) width 28: "a "
                RenderInline {CODE} at (0,0) size 264x47
                  RenderText {#text} at (46,57) size 264x47
                    text run at (46,57) width 264: "border-left"
                RenderText {#text} at (310,55) size 53x45
                  text run at (310,55) width 53: " of "
                RenderInline {CODE} at (0,0) size 384x47
                  RenderText {#text} at (363,57) size 384x47
                    text run at (363,57) width 384: "1ex solid purple"
                RenderText {#text} at (747,55) size 739x199
                  text run at (747,55) width 10: "."
                  text run at (18,107) width 673: "This should make the left border the same"
                  text run at (18,158) width 710: "number of pixels as the lower-case 'x' in this"
                  text run at (18,209) width 611: "element's font, as well as solid purple."
