layer at (0,0) size 800x600
  RenderView at (0,0) size 800x600
layer at (0,0) size 800x600
  RenderBlock {HTML} at (0,0) size 800x600
    RenderBody {BODY} at (8,8) size 784x584
      RenderBlock {P} at (0,0) size 784x21
        RenderText {#text} at (0,1) size 356x19
          text run at (0,1) width 356: "The style declarations which apply to the text below are:"
      RenderBlock {PRE} at (0,37) size 784x60
        RenderText {#text} at (0,0) size 648x60
          text run at (0,0) width 648: "<LINK rel=\"stylesheet\" type=\"text/css\" media=\"screen\" href=\"../resources/bg.gif\">"
          text run at (648,0) width 0: " "
          text run at (0,15) width 296: "@import url(../resources/sec642.css);"
          text run at (296,15) width 0: " "
          text run at (0,30) width 352: "BODY {background: url(../resources/bg.gif);}"
          text run at (352,30) width 0: " "
          text run at (0,45) width 0: " "
      RenderBlock {HR} at (0,110) size 784x2 [border: (1px inset #000000)]
      RenderBlock {P} at (0,128) size 784x21
        RenderText {#text} at (0,1) size 386x19
          text run at (0,1) width 386: "This page should have a green grid pattern as its background."
      RenderBlock {P} at (0,165) size 784x63 [bgcolor=#FFFFFF]
        RenderText {#text} at (0,1) size 779x61
          text run at (0,1) width 620: "This paragraph should have a white background, but NO image should appear in the background. "
          text run at (620,1) width 159: "If an image, in this case a"
          text run at (0,22) width 756: "red square-- or, indeed, any red at all-- is seen there, then the browser has incorrectly interpreted a URL in relation to the"
          text run at (0,43) width 274: "document's URL, not the stylesheet's URL."
      RenderBlock {P} at (0,244) size 784x63 [bgcolor=#FFFFFF]
        RenderText {#text} at (0,1) size 779x61
          text run at (0,1) width 620: "This paragraph should have a white background, but NO image should appear in the background. "
          text run at (620,1) width 159: "If an image, in this case a"
          text run at (0,22) width 756: "red square-- or, indeed, any red at all-- is seen there, then the browser has incorrectly interpreted a URL in relation to the"
          text run at (0,43) width 274: "document's URL, not the stylesheet's URL."
      RenderTable {TABLE} at (0,323) size 784x218 [border: (1px outset #808080)]
        RenderTableSection {TBODY} at (1,1) size 782x216
          RenderTableRow {TR} at (0,0) size 782x29
            RenderTableCell {TD} at (0,0) size 782x29 [bgcolor=#C0C0C0] [border: (1px inset #808080)] [r=0 c=0 rs=1 cs=2]
              RenderInline {STRONG} at (0,0) size 161x19
                RenderText {#text} at (4,5) size 161x19
                  text run at (4,5) width 161: "TABLE Testing Section"
          RenderTableRow {TR} at (0,29) size 782x187
            RenderTableCell {TD} at (0,108) size 12x29 [bgcolor=#C0C0C0] [border: (1px inset #808080)] [r=1 c=0 rs=1 cs=1]
              RenderText {#text} at (4,5) size 4x19
                text run at (4,5) width 4: " "
            RenderTableCell {TD} at (12,29) size 770x187 [border: (1px inset #808080)] [r=1 c=1 rs=1 cs=1]
              RenderBlock {P} at (4,4) size 762x21
                RenderText {#text} at (0,1) size 386x19
                  text run at (0,1) width 386: "This page should have a green grid pattern as its background."
              RenderBlock {P} at (4,41) size 762x63 [bgcolor=#FFFFFF]
                RenderText {#text} at (0,1) size 759x61
                  text run at (0,1) width 620: "This paragraph should have a white background, but NO image should appear in the background. "
                  text run at (620,1) width 117: "If an image, in this"
                  text run at (0,22) width 759: "case a red square-- or, indeed, any red at all-- is seen there, then the browser has incorrectly interpreted a URL in relation"
                  text run at (0,43) width 313: "to the document's URL, not the stylesheet's URL."
              RenderBlock {P} at (4,120) size 762x63 [bgcolor=#FFFFFF]
                RenderText {#text} at (0,1) size 759x61
                  text run at (0,1) width 620: "This paragraph should have a white background, but NO image should appear in the background. "
                  text run at (620,1) width 117: "If an image, in this"
                  text run at (0,22) width 759: "case a red square-- or, indeed, any red at all-- is seen there, then the browser has incorrectly interpreted a URL in relation"
                  text run at (0,43) width 313: "to the document's URL, not the stylesheet's URL."
