layer at (0,0) size 800x1693
  RenderView at (0,0) size 800x600
layer at (0,0) size 800x1693
  RenderBlock {HTML} at (0,0) size 800x1693
    RenderBody {BODY} at (8,8) size 784x1677 [bgcolor=#CCCCCC]
      RenderBlock {P} at (0,0) size 784x17
        RenderText {#text} at (0,0) size 452x17
          text run at (0,0) width 452: "The style declarations which apply to the text below are:"
      RenderBlock {PRE} at (0,33) size 784x204
        RenderText {#text} at (0,0) size 288x204
          text run at (0,0) width 160: "BODY {color: black;}"
          text run at (160,0) width 0: " "
          text run at (0,17) width 152: ".one {color: #080;}"
          text run at (152,17) width 0: " "
          text run at (0,34) width 176: ".two {color: #008000;}"
          text run at (176,34) width 0: " "
          text run at (0,51) width 232: ".three {color: rgb(0,128,0);}"
          text run at (232,51) width 0: " "
          text run at (0,68) width 240: ".four {color: rgb(0%,50%,0%);}"
          text run at (240,68) width 0: " "
          text run at (0,85) width 288: ".five {color: rgb(0.0%,50.0%,0.0%);}"
          text run at (288,85) width 0: " "
          text run at (0,102) width 160: ".six {color: green;}"
          text run at (160,102) width 0: " "
          text run at (0,119) width 232: ".seven {color: invalidValue;}"
          text run at (232,119) width 0: " "
          text run at (0,136) width 256: ".eight {color: rgb(0,128,1280);}"
          text run at (256,136) width 0: " "
          text run at (0,153) width 240: ".nine {color: rgb(0,128,255);}"
          text run at (240,153) width 0: " "
          text run at (0,170) width 264: ".ten {color: rgb(50%,-500%,60%);}"
          text run at (264,170) width 0: " "
          text run at (0,187) width 264: ".eleven {color: rgb(50%,0%,60%);}"
          text run at (264,187) width 0: " "
      RenderBlock {HR} at (0,250) size 784x2 [border: (1px inset #000000)]
      RenderBlock {P} at (0,268) size 784x17
        RenderText {#text} at (0,0) size 245x17
          text run at (0,0) width 245: "This sentence should be black."
      RenderBlock {P} at (0,301) size 784x17 [color=#008800]
        RenderText {#text} at (0,0) size 645x17
          text run at (0,0) width 645: "This sentence should be green, although slightly different from those that follow."
      RenderBlock {P} at (0,334) size 784x17 [color=#008000]
        RenderText {#text} at (0,0) size 250x17
          text run at (0,0) width 250: "This sentence should be green."
      RenderBlock {P} at (0,367) size 784x17 [color=#008000]
        RenderText {#text} at (0,0) size 250x17
          text run at (0,0) width 250: "This sentence should be green."
      RenderBlock {P} at (0,400) size 784x17 [color=#008000]
        RenderText {#text} at (0,0) size 250x17
          text run at (0,0) width 250: "This sentence should be green."
      RenderBlock {P} at (0,433) size 784x17 [color=#008000]
        RenderText {#text} at (0,0) size 250x17
          text run at (0,0) width 250: "This sentence should be green."
      RenderBlock {P} at (0,466) size 784x17 [color=#008000]
        RenderText {#text} at (0,0) size 250x17
          text run at (0,0) width 250: "This sentence should be green."
      RenderBlock {P} at (0,499) size 784x17
        RenderText {#text} at (0,0) size 521x17
          text run at (0,0) width 521: "This sentence should be black, because the value given for class "
        RenderInline {CODE} at (0,0) size 48x17
          RenderText {#text} at (521,0) size 48x17
            text run at (521,0) width 48: ".seven"
        RenderText {#text} at (569,0) size 78x17
          text run at (569,0) width 78: " is invalid."
      RenderBlock {P} at (0,532) size 784x34 [color=#0080FF]
        RenderText {#text} at (0,0) size 776x34
          text run at (0,0) width 776: "This sentence should be a shade of blue-green which, on a typical RGB computer display, exactly"
          text run at (0,17) width 234: "matches the next paragraph."
      RenderBlock {P} at (0,582) size 784x34 [color=#0080FF]
        RenderText {#text} at (0,0) size 776x34
          text run at (0,0) width 776: "This sentence should be a shade of blue-green which, on a typical RGB computer display, exactly"
          text run at (0,17) width 267: "matches the previous paragraph."
      RenderBlock {P} at (0,632) size 784x34 [color=#800099]
        RenderText {#text} at (0,0) size 740x34
          text run at (0,0) width 740: "This sentence should be a shade of purple which, on a typical RGB computer display, exactly"
          text run at (0,17) width 234: "matches the next paragraph."
      RenderBlock {P} at (0,682) size 784x34 [color=#800099]
        RenderText {#text} at (0,0) size 740x34
          text run at (0,0) width 740: "This sentence should be a shade of purple which, on a typical RGB computer display, exactly"
          text run at (0,17) width 267: "matches the previous paragraph."
      RenderBlock {P} at (0,732) size 784x17
        RenderText {#text} at (0,0) size 245x17
          text run at (0,0) width 245: "This sentence should be black."
      RenderBlock {P} at (0,765) size 784x17 [color=#008800]
        RenderText {#text} at (0,0) size 513x17
          text run at (0,0) width 513: "This sentence should be a slightly different green, and used the "
        RenderInline {TT} at (0,0) size 40x17
          RenderText {#text} at (513,0) size 40x17
            text run at (513,0) width 40: "style"
        RenderText {#text} at (553,0) size 79x17
          text run at (553,0) width 79: " attribute."
      RenderBlock {P} at (0,798) size 784x17 [color=#008000]
        RenderText {#text} at (0,0) size 364x17
          text run at (0,0) width 364: "This sentence should be green, and used the "
        RenderInline {TT} at (0,0) size 40x17
          RenderText {#text} at (364,0) size 40x17
            text run at (364,0) width 40: "style"
        RenderText {#text} at (404,0) size 79x17
          text run at (404,0) width 79: " attribute."
      RenderBlock {P} at (0,831) size 784x17 [color=#008000]
        RenderText {#text} at (0,0) size 364x17
          text run at (0,0) width 364: "This sentence should be green, and used the "
        RenderInline {TT} at (0,0) size 40x17
          RenderText {#text} at (364,0) size 40x17
            text run at (364,0) width 40: "style"
        RenderText {#text} at (404,0) size 79x17
          text run at (404,0) width 79: " attribute."
      RenderBlock {P} at (0,864) size 784x17 [color=#008000]
        RenderText {#text} at (0,0) size 364x17
          text run at (0,0) width 364: "This sentence should be green, and used the "
        RenderInline {TT} at (0,0) size 40x17
          RenderText {#text} at (364,0) size 40x17
            text run at (364,0) width 40: "style"
        RenderText {#text} at (404,0) size 79x17
          text run at (404,0) width 79: " attribute."
      RenderBlock {P} at (0,897) size 784x17 [color=#008000]
        RenderText {#text} at (0,0) size 364x17
          text run at (0,0) width 364: "This sentence should be green, and used the "
        RenderInline {TT} at (0,0) size 40x17
          RenderText {#text} at (364,0) size 40x17
            text run at (364,0) width 40: "style"
        RenderText {#text} at (404,0) size 79x17
          text run at (404,0) width 79: " attribute."
      RenderBlock {P} at (0,930) size 784x17 [color=#008000]
        RenderText {#text} at (0,0) size 364x17
          text run at (0,0) width 364: "This sentence should be green, and used the "
        RenderInline {TT} at (0,0) size 40x17
          RenderText {#text} at (364,0) size 40x17
            text run at (364,0) width 40: "style"
        RenderText {#text} at (404,0) size 79x17
          text run at (404,0) width 79: " attribute."
      RenderTable {TABLE} at (0,963) size 784x714 [border: (1px outset #808080)]
        RenderTableSection {TBODY} at (1,1) size 782x712
          RenderTableRow {TR} at (0,0) size 782x25
            RenderTableCell {TD} at (0,0) size 782x25 [bgcolor=#C0C0C0] [border: (1px inset #808080)] [r=0 c=0 rs=1 cs=2]
              RenderInline {STRONG} at (0,0) size 200x17
                RenderText {#text} at (4,4) size 200x17
                  text run at (4,4) width 200: "TABLE Testing Section"
          RenderTableRow {TR} at (0,25) size 782x687
            RenderTableCell {TD} at (0,356) size 13x25 [bgcolor=#C0C0C0] [border: (1px inset #808080)] [r=1 c=0 rs=1 cs=1]
              RenderText {#text} at (4,4) size 5x17
                text run at (4,4) width 5: " "
            RenderTableCell {TD} at (13,25) size 769x687 [border: (1px inset #808080)] [r=1 c=1 rs=1 cs=1]
              RenderBlock {P} at (4,4) size 761x17
                RenderText {#text} at (0,0) size 245x17
                  text run at (0,0) width 245: "This sentence should be black."
              RenderBlock {P} at (4,37) size 761x17 [color=#008800]
                RenderText {#text} at (0,0) size 645x17
                  text run at (0,0) width 645: "This sentence should be green, although slightly different from those that follow."
              RenderBlock {P} at (4,70) size 761x17 [color=#008000]
                RenderText {#text} at (0,0) size 250x17
                  text run at (0,0) width 250: "This sentence should be green."
              RenderBlock {P} at (4,103) size 761x17 [color=#008000]
                RenderText {#text} at (0,0) size 250x17
                  text run at (0,0) width 250: "This sentence should be green."
              RenderBlock {P} at (4,136) size 761x17 [color=#008000]
                RenderText {#text} at (0,0) size 250x17
                  text run at (0,0) width 250: "This sentence should be green."
              RenderBlock {P} at (4,169) size 761x17 [color=#008000]
                RenderText {#text} at (0,0) size 250x17
                  text run at (0,0) width 250: "This sentence should be green."
              RenderBlock {P} at (4,202) size 761x17 [color=#008000]
                RenderText {#text} at (0,0) size 250x17
                  text run at (0,0) width 250: "This sentence should be green."
              RenderBlock {P} at (4,235) size 761x17
                RenderText {#text} at (0,0) size 521x17
                  text run at (0,0) width 521: "This sentence should be black, because the value given for class "
                RenderInline {CODE} at (0,0) size 48x17
                  RenderText {#text} at (521,0) size 48x17
                    text run at (521,0) width 48: ".seven"
                RenderText {#text} at (569,0) size 78x17
                  text run at (569,0) width 78: " is invalid."
              RenderBlock {P} at (4,268) size 761x34 [color=#0080FF]
                RenderText {#text} at (0,0) size 714x34
                  text run at (0,0) width 714: "This sentence should be a shade of blue-green which, on a typical RGB computer display,"
                  text run at (0,17) width 296: "exactly matches the next paragraph."
              RenderBlock {P} at (4,318) size 761x34 [color=#0080FF]
                RenderText {#text} at (0,0) size 714x34
                  text run at (0,0) width 714: "This sentence should be a shade of blue-green which, on a typical RGB computer display,"
                  text run at (0,17) width 329: "exactly matches the previous paragraph."
              RenderBlock {P} at (4,368) size 761x34 [color=#800099]
                RenderText {#text} at (0,0) size 740x34
                  text run at (0,0) width 740: "This sentence should be a shade of purple which, on a typical RGB computer display, exactly"
                  text run at (0,17) width 234: "matches the next paragraph."
              RenderBlock {P} at (4,418) size 761x34 [color=#800099]
                RenderText {#text} at (0,0) size 740x34
                  text run at (0,0) width 740: "This sentence should be a shade of purple which, on a typical RGB computer display, exactly"
                  text run at (0,17) width 267: "matches the previous paragraph."
              RenderBlock {P} at (4,468) size 761x17
                RenderText {#text} at (0,0) size 245x17
                  text run at (0,0) width 245: "This sentence should be black."
              RenderBlock {P} at (4,501) size 761x17 [color=#008800]
                RenderText {#text} at (0,0) size 513x17
                  text run at (0,0) width 513: "This sentence should be a slightly different green, and used the "
                RenderInline {TT} at (0,0) size 40x17
                  RenderText {#text} at (513,0) size 40x17
                    text run at (513,0) width 40: "style"
                RenderText {#text} at (553,0) size 79x17
                  text run at (553,0) width 79: " attribute."
              RenderBlock {P} at (4,534) size 761x17 [color=#008000]
                RenderText {#text} at (0,0) size 364x17
                  text run at (0,0) width 364: "This sentence should be green, and used the "
                RenderInline {TT} at (0,0) size 40x17
                  RenderText {#text} at (364,0) size 40x17
                    text run at (364,0) width 40: "style"
                RenderText {#text} at (404,0) size 79x17
                  text run at (404,0) width 79: " attribute."
              RenderBlock {P} at (4,567) size 761x17 [color=#008000]
                RenderText {#text} at (0,0) size 364x17
                  text run at (0,0) width 364: "This sentence should be green, and used the "
                RenderInline {TT} at (0,0) size 40x17
                  RenderText {#text} at (364,0) size 40x17
                    text run at (364,0) width 40: "style"
                RenderText {#text} at (404,0) size 79x17
                  text run at (404,0) width 79: " attribute."
              RenderBlock {P} at (4,600) size 761x17 [color=#008000]
                RenderText {#text} at (0,0) size 364x17
                  text run at (0,0) width 364: "This sentence should be green, and used the "
                RenderInline {TT} at (0,0) size 40x17
                  RenderText {#text} at (364,0) size 40x17
                    text run at (364,0) width 40: "style"
                RenderText {#text} at (404,0) size 79x17
                  text run at (404,0) width 79: " attribute."
              RenderBlock {P} at (4,633) size 761x17 [color=#008000]
                RenderText {#text} at (0,0) size 364x17
                  text run at (0,0) width 364: "This sentence should be green, and used the "
                RenderInline {TT} at (0,0) size 40x17
                  RenderText {#text} at (364,0) size 40x17
                    text run at (364,0) width 40: "style"
                RenderText {#text} at (404,0) size 79x17
                  text run at (404,0) width 79: " attribute."
              RenderBlock {P} at (4,666) size 761x17 [color=#008000]
                RenderText {#text} at (0,0) size 364x17
                  text run at (0,0) width 364: "This sentence should be green, and used the "
                RenderInline {TT} at (0,0) size 40x17
                  RenderText {#text} at (364,0) size 40x17
                    text run at (364,0) width 40: "style"
                RenderText {#text} at (404,0) size 79x17
                  text run at (404,0) width 79: " attribute."
