layer at (0,0) size 800x600
  RenderView at (0,0) size 800x600
layer at (0,0) size 800x600
  RenderBlock {HTML} at (0,0) size 800x600
    RenderBody {BODY} at (8,8) size 784x584
      RenderBlock {P} at (0,0) size 784x17
        RenderText {#text} at (0,0) size 452x17
          text run at (0,0) width 452: "The style declarations which apply to the text below are:"
      RenderBlock {PRE} at (0,33) size 784x68
        RenderText {#text} at (0,0) size 648x68
          text run at (0,0) width 648: "<LINK rel=\"stylesheet\" type=\"text/css\" media=\"screen\" href=\"../resources/bg.gif\">"
          text run at (648,0) width 0: " "
          text run at (0,17) width 296: "@import url(../resources/sec642.css);"
          text run at (296,17) width 0: " "
          text run at (0,34) width 352: "BODY {background: url(../resources/bg.gif);}"
          text run at (352,34) width 0: " "
          text run at (0,51) width 0: " "
      RenderBlock {HR} at (0,114) size 784x2 [border: (1px inset #000000)]
      RenderBlock {P} at (0,132) size 784x17
        RenderText {#text} at (0,0) size 497x17
          text run at (0,0) width 497: "This page should have a green grid pattern as its background."
      RenderBlock {P} at (0,165) size 784x51 [bgcolor=#FFFFFF]
        RenderText {#text} at (0,0) size 781x51
          text run at (0,0) width 781: "This paragraph should have a white background, but NO image should appear in the background."
          text run at (0,17) width 777: "If an image, in this case a red square-- or, indeed, any red at all-- is seen there, then the browser"
          text run at (0,34) width 744: "has incorrectly interpreted a URL in relation to the document's URL, not the stylesheet's URL."
      RenderBlock {P} at (0,232) size 784x51 [bgcolor=#FFFFFF]
        RenderText {#text} at (0,0) size 781x51
          text run at (0,0) width 781: "This paragraph should have a white background, but NO image should appear in the background."
          text run at (0,17) width 777: "If an image, in this case a red square-- or, indeed, any red at all-- is seen there, then the browser"
          text run at (0,34) width 744: "has incorrectly interpreted a URL in relation to the document's URL, not the stylesheet's URL."
      RenderTable {TABLE} at (0,299) size 784x220 [border: (1px outset #808080)]
        RenderTableSection {TBODY} at (1,1) size 782x218
          RenderTableRow {TR} at (0,0) size 782x25
            RenderTableCell {TD} at (0,0) size 782x25 [bgcolor=#C0C0C0] [border: (1px inset #808080)] [r=0 c=0 rs=1 cs=2]
              RenderInline {STRONG} at (0,0) size 200x17
                RenderText {#text} at (4,4) size 200x17
                  text run at (4,4) width 200: "TABLE Testing Section"
          RenderTableRow {TR} at (0,25) size 782x193
            RenderTableCell {TD} at (0,109) size 13x25 [bgcolor=#C0C0C0] [border: (1px inset #808080)] [r=1 c=0 rs=1 cs=1]
              RenderText {#text} at (4,4) size 5x17
                text run at (4,4) width 5: " "
            RenderTableCell {TD} at (13,25) size 769x193 [border: (1px inset #808080)] [r=1 c=1 rs=1 cs=1]
              RenderBlock {P} at (4,4) size 761x17
                RenderText {#text} at (0,0) size 497x17
                  text run at (0,0) width 497: "This page should have a green grid pattern as its background."
              RenderBlock {P} at (4,37) size 761x68 [bgcolor=#FFFFFF]
                RenderText {#text} at (0,0) size 746x68
                  text run at (0,0) width 676: "This paragraph should have a white background, but NO image should appear in the"
                  text run at (0,17) width 105: "background. "
                  text run at (105,17) width 635: "If an image, in this case a red square-- or, indeed, any red at all-- is seen there,"
                  text run at (0,34) width 746: "then the browser has incorrectly interpreted a URL in relation to the document's URL, not the"
                  text run at (0,51) width 135: "stylesheet's URL."
              RenderBlock {P} at (4,121) size 761x68 [bgcolor=#FFFFFF]
                RenderText {#text} at (0,0) size 746x68
                  text run at (0,0) width 676: "This paragraph should have a white background, but NO image should appear in the"
                  text run at (0,17) width 105: "background. "
                  text run at (105,17) width 635: "If an image, in this case a red square-- or, indeed, any red at all-- is seen there,"
                  text run at (0,34) width 746: "then the browser has incorrectly interpreted a URL in relation to the document's URL, not the"
                  text run at (0,51) width 135: "stylesheet's URL."
