layer at (0,0) size 800x600
  RenderView at (0,0) size 800x600
layer at (0,0) size 800x600
  RenderBlock {HTML} at (0,0) size 800x600
    RenderBody {BODY} at (8,8) size 784x584 [bgcolor=#CCCCCC]
      RenderBlock {P} at (0,0) size 784x17
        RenderText {#text} at (0,0) size 452x17
          text run at (0,0) width 452: "The style declarations which apply to the text below are:"
      RenderBlock {PRE} at (0,33) size 784x51
        RenderText {#text} at (0,0) size 304x51
          text run at (0,0) width 304: ".one {border-top: purple double 10px;}"
          text run at (304,0) width 0: " "
          text run at (0,17) width 296: ".two {border-top: purple thin solid;}"
          text run at (296,17) width 0: " "
          text run at (0,34) width 0: " "
      RenderBlock {HR} at (0,97) size 784x2 [border: (1px inset #000000)]
      RenderBlock {P} at (0,115) size 784x68 [bgcolor=#C0C0C0]
        RenderText {#text} at (0,0) size 761x34
          text run at (0,0) width 761: "This is an unstyled element, save for the background color, and containing inline elements with"
          text run at (0,17) width 83: "classes of "
        RenderInline {SPAN} at (0,0) size 74x27 [border: (10px double #800080) none]
          RenderText {#text} at (83,17) size 74x17
            text run at (83,17) width 74: "class one"
        RenderText {#text} at (157,17) size 490x17
          text run at (157,17) width 490: ", which should have a 10-pixel purple double top border; and "
        RenderInline {SPAN} at (0,0) size 73x18 [border: (1px solid #800080) none]
          RenderText {#text} at (647,17) size 73x17
            text run at (647,17) width 73: "class two"
        RenderText {#text} at (720,17) size 776x51
          text run at (720,17) width 56: ", which"
          text run at (0,34) width 342: "should have a thin solid purple top border. "
          text run at (342,34) width 389: "The line-height of the parent element should not"
          text run at (0,51) width 156: "change on any line."
      RenderTable {TABLE} at (0,199) size 784x103 [border: (1px outset #808080)]
        RenderTableSection {TBODY} at (1,1) size 782x101
          RenderTableRow {TR} at (0,0) size 782x25
            RenderTableCell {TD} at (0,0) size 782x25 [bgcolor=#C0C0C0] [border: (1px inset #808080)] [r=0 c=0 rs=1 cs=2]
              RenderInline {STRONG} at (0,0) size 200x17
                RenderText {#text} at (4,4) size 200x17
                  text run at (4,4) width 200: "TABLE Testing Section"
          RenderTableRow {TR} at (0,25) size 782x76
            RenderTableCell {TD} at (0,50) size 13x25 [bgcolor=#C0C0C0] [border: (1px inset #808080)] [r=1 c=0 rs=1 cs=1]
              RenderText {#text} at (4,4) size 5x17
                text run at (4,4) width 5: " "
            RenderTableCell {TD} at (13,25) size 769x76 [border: (1px inset #808080)] [r=1 c=1 rs=1 cs=1]
              RenderBlock {P} at (4,4) size 761x68 [bgcolor=#C0C0C0]
                RenderText {#text} at (0,0) size 761x34
                  text run at (0,0) width 761: "This is an unstyled element, save for the background color, and containing inline elements with"
                  text run at (0,17) width 83: "classes of "
                RenderInline {SPAN} at (0,0) size 74x27 [border: (10px double #800080) none]
                  RenderText {#text} at (83,17) size 74x17
                    text run at (83,17) width 74: "class one"
                RenderText {#text} at (157,17) size 490x17
                  text run at (157,17) width 490: ", which should have a 10-pixel purple double top border; and "
                RenderInline {SPAN} at (0,0) size 73x18 [border: (1px solid #800080) none]
                  RenderText {#text} at (647,17) size 73x17
                    text run at (647,17) width 73: "class two"
                RenderText {#text} at (720,17) size 751x51
                  text run at (720,17) width 5: ","
                  text run at (0,34) width 393: "which should have a thin solid purple top border. "
                  text run at (393,34) width 358: "The line-height of the parent element should"
                  text run at (0,51) width 187: "not change on any line."
