layer at (0,0) size 800x600
  RenderView at (0,0) size 800x600
layer at (0,0) size 800x600
  RenderBlock {HTML} at (0,0) size 800x600
    RenderBody {BODY} at (8,8) size 784x584 [bgcolor=#CCCCCC]
      RenderBlock {P} at (0,0) size 784x17
        RenderText {#text} at (0,0) size 452x17
          text run at (0,0) width 452: "The style declarations which apply to the text below are:"
      RenderBlock {PRE} at (0,33) size 784x51
        RenderText {#text} at (0,0) size 728x51
          text run at (0,0) width 392: ".one {border-color: purple; border-style: solid;}"
          text run at (392,0) width 0: " "
          text run at (0,17) width 568: ".two {border-color: purple; border-width: medium; border-style: solid;}"
          text run at (568,17) width 0: " "
          text run at (0,34) width 728: ".three {border-color: purple green blue yellow; border-width: medium; border-style: solid;}"
          text run at (728,34) width 0: " "
      RenderBlock {HR} at (0,97) size 784x2 [border: (1px inset #000000)]
      RenderBlock {P} at (0,115) size 784x85 [bgcolor=#C0C0C0]
        RenderText {#text} at (0,0) size 776x34
          text run at (0,0) width 776: "This is an unstyled element, save for the background color, and containing inline elements with a"
          text run at (0,17) width 83: "classes of "
        RenderInline {SPAN} at (0,0) size 80x23 [border: (3px solid #800080)]
          RenderText {#text} at (86,17) size 74x17
            text run at (86,17) width 74: "class one"
        RenderText {#text} at (163,17) size 10x17
          text run at (163,17) width 10: ", "
        RenderInline {SPAN} at (0,0) size 79x23 [border: (3px solid #800080)]
          RenderText {#text} at (176,17) size 73x17
            text run at (176,17) width 73: "class two"
        RenderText {#text} at (252,17) size 45x17
          text run at (252,17) width 45: ", and "
        RenderInline {SPAN} at (0,0) size 93x23 [border: (3px solid #800080) (3px solid #008000) (3px solid #0000FF) (3px solid #FFFF00)]
          RenderText {#text} at (300,17) size 87x17
            text run at (300,17) width 87: "class three"
        RenderText {#text} at (390,17) size 776x68
          text run at (390,17) width 10: ". "
          text run at (400,17) width 376: "The effect for each inline element should be to"
          text run at (0,34) width 773: "have a purple medium-width solid border in the first and second cases, and a purple-green-blue-"
          text run at (0,51) width 372: "yellow medium-width solid border in the third. "
          text run at (372,51) width 389: "The line-height of the parent element should not"
          text run at (0,68) width 205: "change at all, on any line."
      RenderTable {TABLE} at (0,216) size 784x120 [border: (1px outset #808080)]
        RenderTableSection {TBODY} at (1,1) size 782x118
          RenderTableRow {TR} at (0,0) size 782x25
            RenderTableCell {TD} at (0,0) size 782x25 [bgcolor=#C0C0C0] [border: (1px inset #808080)] [r=0 c=0 rs=1 cs=2]
              RenderInline {STRONG} at (0,0) size 200x17
                RenderText {#text} at (4,4) size 200x17
                  text run at (4,4) width 200: "TABLE Testing Section"
          RenderTableRow {TR} at (0,25) size 782x93
            RenderTableCell {TD} at (0,59) size 13x25 [bgcolor=#C0C0C0] [border: (1px inset #808080)] [r=1 c=0 rs=1 cs=1]
              RenderText {#text} at (4,4) size 5x17
                text run at (4,4) width 5: " "
            RenderTableCell {TD} at (13,25) size 769x93 [border: (1px inset #808080)] [r=1 c=1 rs=1 cs=1]
              RenderBlock {P} at (4,4) size 761x85 [bgcolor=#C0C0C0]
                RenderText {#text} at (0,0) size 761x34
                  text run at (0,0) width 761: "This is an unstyled element, save for the background color, and containing inline elements with"
                  text run at (0,17) width 98: "a classes of "
                RenderInline {SPAN} at (0,0) size 80x23 [border: (3px solid #800080)]
                  RenderText {#text} at (101,17) size 74x17
                    text run at (101,17) width 74: "class one"
                RenderText {#text} at (178,17) size 10x17
                  text run at (178,17) width 10: ", "
                RenderInline {SPAN} at (0,0) size 79x23 [border: (3px solid #800080)]
                  RenderText {#text} at (191,17) size 73x17
                    text run at (191,17) width 73: "class two"
                RenderText {#text} at (267,17) size 45x17
                  text run at (267,17) width 45: ", and "
                RenderInline {SPAN} at (0,0) size 93x23 [border: (3px solid #800080) (3px solid #008000) (3px solid #0000FF) (3px solid #FFFF00)]
                  RenderText {#text} at (315,17) size 87x17
                    text run at (315,17) width 87: "class three"
                RenderText {#text} at (405,17) size 745x68
                  text run at (405,17) width 10: ". "
                  text run at (415,17) width 330: "The effect for each inline element should"
                  text run at (0,34) width 726: "be to have a purple medium-width solid border in the first and second cases, and a purple-"
                  text run at (0,51) width 465: "green-blue-yellow medium-width solid border in the third. "
                  text run at (465,51) width 230: "The line-height of the parent"
                  text run at (0,68) width 364: "element should not change at all, on any line."
