layer at (0,0) size 800x789
  RenderView at (0,0) size 800x600
layer at (0,0) size 800x789
  RenderBlock {HTML} at (0,0) size 800x789
    RenderBody {BODY} at (8,8) size 784x773 [bgcolor=#CCCCCC]
      RenderBlock {P} at (0,0) size 784x17
        RenderText {#text} at (0,0) size 452x17
          text run at (0,0) width 452: "The style declarations which apply to the text below are:"
      RenderBlock {PRE} at (0,33) size 784x102
        RenderText {#text} at (0,0) size 440x102
          text run at (0,0) width 432: ".zero {background-color: silver; border-top-width: 0;}"
          text run at (432,0) width 0: " "
          text run at (0,17) width 408: ".one {border-top-width: 25px; border-style: solid;}"
          text run at (408,17) width 0: " "
          text run at (0,34) width 416: ".two {border-top-width: thick; border-style: solid;}"
          text run at (416,34) width 0: " "
          text run at (0,51) width 440: ".three {border-top-width: medium; border-style: solid;}"
          text run at (440,51) width 0: " "
          text run at (0,68) width 416: ".four {border-top-width: thin; border-style: solid;}"
          text run at (416,68) width 0: " "
          text run at (0,85) width 248: ".five {border-top-width: 25px;}"
          text run at (248,85) width 0: " "
      RenderBlock {HR} at (0,148) size 784x2 [border: (1px inset #000000)]
      RenderBlock {P} at (0,166) size 784x17
        RenderText {#text} at (0,0) size 186x17
          text run at (0,0) width 186: "(These will only work if "
        RenderInline {CODE} at (0,0) size 96x17
          RenderText {#text} at (186,0) size 96x17
            text run at (186,0) width 96: "border-style"
        RenderText {#text} at (282,0) size 114x17
          text run at (282,0) width 114: " is supported.)"
      RenderBlock {P} at (0,199) size 784x17 [bgcolor=#C0C0C0]
        RenderText {#text} at (0,0) size 262x17
          text run at (0,0) width 262: "This element has a class of zero."
      RenderBlock {P} at (0,232) size 784x45 [border: (25px solid #000000) (3px solid #000000)]
        RenderText {#text} at (3,25) size 477x17
          text run at (3,25) width 477: "This paragraph should have a top border width of 25 pixels."
      RenderBlock {P} at (0,293) size 784x25 [border: (5px solid #000000) (3px solid #000000)]
        RenderText {#text} at (3,5) size 424x17
          text run at (3,5) width 424: "This paragraph should have a thick top border width."
      RenderBlock {P} at (0,334) size 784x23 [border: (3px solid #000000)]
        RenderText {#text} at (3,3) size 452x17
          text run at (3,3) width 452: "This paragraph should have a medium top border width."
      RenderBlock {P} at (0,373) size 784x21 [border: (1px solid #000000) (3px solid #000000)]
        RenderText {#text} at (3,1) size 416x17
          text run at (3,1) width 416: "This paragraph should have a thin top border width."
      RenderBlock {P} at (0,410) size 784x34
        RenderText {#text} at (0,0) size 671x17
          text run at (0,0) width 671: "This paragraph should have no border and no extra \"padding\" on its top side, as no "
        RenderInline {CODE} at (0,0) size 96x17
          RenderText {#text} at (671,0) size 96x17
            text run at (671,0) width 96: "border-style"
        RenderText {#text} at (0,17) size 65x17
          text run at (0,17) width 65: "was set."
      RenderTable {TABLE} at (0,460) size 784x313 [border: (1px outset #808080)]
        RenderTableSection {TBODY} at (1,1) size 782x311
          RenderTableRow {TR} at (0,0) size 782x25
            RenderTableCell {TD} at (0,0) size 782x25 [bgcolor=#C0C0C0] [border: (1px inset #808080)] [r=0 c=0 rs=1 cs=2]
              RenderInline {STRONG} at (0,0) size 200x17
                RenderText {#text} at (4,4) size 200x17
                  text run at (4,4) width 200: "TABLE Testing Section"
          RenderTableRow {TR} at (0,25) size 782x286
            RenderTableCell {TD} at (0,155) size 13x25 [bgcolor=#C0C0C0] [border: (1px inset #808080)] [r=1 c=0 rs=1 cs=1]
              RenderText {#text} at (4,4) size 5x17
                text run at (4,4) width 5: " "
            RenderTableCell {TD} at (13,25) size 769x286 [border: (1px inset #808080)] [r=1 c=1 rs=1 cs=1]
              RenderBlock {P} at (4,4) size 761x17
                RenderText {#text} at (0,0) size 186x17
                  text run at (0,0) width 186: "(These will only work if "
                RenderInline {CODE} at (0,0) size 96x17
                  RenderText {#text} at (186,0) size 96x17
                    text run at (186,0) width 96: "border-style"
                RenderText {#text} at (282,0) size 114x17
                  text run at (282,0) width 114: " is supported.)"
              RenderBlock {P} at (4,37) size 761x17 [bgcolor=#C0C0C0]
                RenderText {#text} at (0,0) size 262x17
                  text run at (0,0) width 262: "This element has a class of zero."
              RenderBlock {P} at (4,70) size 761x45 [border: (25px solid #000000) (3px solid #000000)]
                RenderText {#text} at (3,25) size 477x17
                  text run at (3,25) width 477: "This paragraph should have a top border width of 25 pixels."
              RenderBlock {P} at (4,131) size 761x25 [border: (5px solid #000000) (3px solid #000000)]
                RenderText {#text} at (3,5) size 424x17
                  text run at (3,5) width 424: "This paragraph should have a thick top border width."
              RenderBlock {P} at (4,172) size 761x23 [border: (3px solid #000000)]
                RenderText {#text} at (3,3) size 452x17
                  text run at (3,3) width 452: "This paragraph should have a medium top border width."
              RenderBlock {P} at (4,211) size 761x21 [border: (1px solid #000000) (3px solid #000000)]
                RenderText {#text} at (3,1) size 416x17
                  text run at (3,1) width 416: "This paragraph should have a thin top border width."
              RenderBlock {P} at (4,248) size 761x34
                RenderText {#text} at (0,0) size 671x17
                  text run at (0,0) width 671: "This paragraph should have no border and no extra \"padding\" on its top side, as no "
                RenderInline {CODE} at (0,0) size 727x34
                  RenderText {#text} at (671,0) size 727x34
                    text run at (671,0) width 56: "border-"
                    text run at (0,17) width 40: "style"
                RenderText {#text} at (40,17) size 70x17
                  text run at (40,17) width 70: " was set."
