layer at (0,0) size 800x970
  RenderView at (0,0) size 800x600
layer at (0,0) size 800x970
  RenderBlock {HTML} at (0,0) size 800x970
    RenderBody {BODY} at (8,8) size 784x954 [bgcolor=#CCCCCC]
      RenderBlock {P} at (0,0) size 784x17
        RenderText {#text} at (0,0) size 452x17
          text run at (0,0) width 452: "The style declarations which apply to the text below are:"
      RenderBlock {PRE} at (0,33) size 784x51
        RenderText {#text} at (0,0) size 168x51
          text run at (0,0) width 160: ".one {height: 50px;}"
          text run at (160,0) width 0: " "
          text run at (0,17) width 168: ".two {height: 100px;}"
          text run at (168,17) width 0: " "
          text run at (0,34) width 0: " "
      RenderBlock {HR} at (0,97) size 784x2 [border: (1px inset #000000)]
      RenderBlock (anonymous) at (0,107) size 784x50
        RenderImage {IMG} at (0,0) size 50x50
        RenderText {#text} at (0,0) size 0x0
      RenderBlock {P} at (0,173) size 784x17
        RenderText {#text} at (0,0) size 347x17
          text run at (0,0) width 347: "The square above should be fifty pixels tall."
      RenderBlock (anonymous) at (0,206) size 784x100
        RenderImage {IMG} at (0,0) size 100x100
        RenderText {#text} at (0,0) size 0x0
      RenderBlock {P} at (0,322) size 784x17
        RenderText {#text} at (0,0) size 423x17
          text run at (0,0) width 423: "The square above should be 100 pixels tall and wide."
      RenderBlock (anonymous) at (0,355) size 784x100
        RenderImage {IMG} at (0,0) size 30x100
        RenderText {#text} at (0,0) size 0x0
      RenderBlock {P} at (0,471) size 784x34
        RenderText {#text} at (0,0) size 759x34
          text run at (0,0) width 759: "The rectangular image above should be 100 pixels tall and 30 pixels wide (the original image is"
          text run at (0,17) width 385: "50x15, and the size has been doubled using the "
        RenderInline {CODE} at (0,0) size 48x17
          RenderText {#text} at (385,17) size 48x17
            text run at (385,17) width 48: "height"
        RenderText {#text} at (433,17) size 85x17
          text run at (433,17) width 85: " property)."
      RenderTable {TABLE} at (0,521) size 784x433 [border: (1px outset #808080)]
        RenderTableSection {TBODY} at (1,1) size 782x431
          RenderTableRow {TR} at (0,0) size 782x25
            RenderTableCell {TD} at (0,0) size 782x25 [bgcolor=#C0C0C0] [border: (1px inset #808080)] [r=0 c=0 rs=1 cs=2]
              RenderInline {STRONG} at (0,0) size 200x17
                RenderText {#text} at (4,4) size 200x17
                  text run at (4,4) width 200: "TABLE Testing Section"
          RenderTableRow {TR} at (0,25) size 782x406
            RenderTableCell {TD} at (0,215) size 13x25 [bgcolor=#C0C0C0] [border: (1px inset #808080)] [r=1 c=0 rs=1 cs=1]
              RenderText {#text} at (4,4) size 5x17
                text run at (4,4) width 5: " "
            RenderTableCell {TD} at (13,25) size 769x406 [border: (1px inset #808080)] [r=1 c=1 rs=1 cs=1]
              RenderBlock (anonymous) at (4,4) size 761x50
                RenderImage {IMG} at (0,0) size 50x50
                RenderText {#text} at (0,0) size 0x0
              RenderBlock {P} at (4,70) size 761x17
                RenderText {#text} at (0,0) size 347x17
                  text run at (0,0) width 347: "The square above should be fifty pixels tall."
              RenderBlock (anonymous) at (4,103) size 761x100
                RenderImage {IMG} at (0,0) size 100x100
                RenderText {#text} at (0,0) size 0x0
              RenderBlock {P} at (4,219) size 761x17
                RenderText {#text} at (0,0) size 423x17
                  text run at (0,0) width 423: "The square above should be 100 pixels tall and wide."
              RenderBlock (anonymous) at (4,252) size 761x100
                RenderImage {IMG} at (0,0) size 30x100
                RenderText {#text} at (0,0) size 0x0
              RenderBlock {P} at (4,368) size 761x34
                RenderText {#text} at (0,0) size 759x34
                  text run at (0,0) width 759: "The rectangular image above should be 100 pixels tall and 30 pixels wide (the original image is"
                  text run at (0,17) width 385: "50x15, and the size has been doubled using the "
                RenderInline {CODE} at (0,0) size 48x17
                  RenderText {#text} at (385,17) size 48x17
                    text run at (385,17) width 48: "height"
                RenderText {#text} at (433,17) size 85x17
                  text run at (433,17) width 85: " property)."
