layer at (0,0) size 800x1516
  RenderView at (0,0) size 800x600
layer at (0,0) size 800x1516
  RenderBlock {HTML} at (0,0) size 800x1516
    RenderBody {BODY} at (8,8) size 784x1500 [bgcolor=#CCCCCC]
      RenderBlock {P} at (0,0) size 784x21
        RenderText {#text} at (0,1) size 356x19
          text run at (0,1) width 356: "The style declarations which apply to the text below are:"
      RenderBlock {PRE} at (0,37) size 784x165
        RenderText {#text} at (0,0) size 264x165
          text run at (0,0) width 232: ".one {letter-spacing: 0.3in;}"
          text run at (232,0) width 0: " "
          text run at (0,15) width 232: ".two {letter-spacing: 0.5cm;}"
          text run at (232,15) width 0: " "
          text run at (0,30) width 232: ".three {letter-spacing: 5mm;}"
          text run at (232,30) width 0: " "
          text run at (0,45) width 224: ".four {letter-spacing: 3pt;}"
          text run at (224,45) width 0: " "
          text run at (0,60) width 248: ".five {letter-spacing: 0.25pc;}"
          text run at (248,60) width 0: " "
          text run at (0,75) width 216: ".six {letter-spacing: 1em;}"
          text run at (216,75) width 0: " "
          text run at (0,90) width 232: ".seven {letter-spacing: 1ex;}"
          text run at (232,90) width 0: " "
          text run at (0,105) width 232: ".eight {letter-spacing: 5px;}"
          text run at (232,105) width 0: " "
          text run at (0,120) width 248: ".nine {letter-spacing: normal;}"
          text run at (248,120) width 0: " "
          text run at (0,135) width 224: ".ten {letter-spacing: 300%;}"
          text run at (224,135) width 0: " "
          text run at (0,150) width 264: ".eleven {letter-spacing: -0.1em;}"
          text run at (264,150) width 0: " "
      RenderBlock {HR} at (0,215) size 784x2 [border: (1px inset #000000)]
      RenderBlock {P} at (0,233) size 784x84
        RenderText {#text} at (0,1) size 694x82
          text run at (0,1) width 671: "This letters in this"
          text run at (0,22) width 694: "sentence should have"
          text run at (0,43) width 659: "extra space between"
          text run at (0,64) width 175: "them."
      RenderBlock {P} at (0,333) size 784x63
        RenderText {#text} at (0,1) size 765x61
          text run at (0,1) width 691: "This letters in this sentence"
          text run at (0,22) width 765: "should have extra space between"
          text run at (0,43) width 125: "them."
      RenderBlock {P} at (0,412) size 784x63
        RenderText {#text} at (0,1) size 765x61
          text run at (0,1) width 691: "This letters in this sentence"
          text run at (0,22) width 765: "should have extra space between"
          text run at (0,43) width 125: "them."
      RenderBlock {P} at (0,491) size 784x21
        RenderText {#text} at (0,1) size 687x19
          text run at (0,1) width 687: "This letters in this sentence should have extra space between them."
      RenderBlock {P} at (0,528) size 784x21
        RenderText {#text} at (0,1) size 687x19
          text run at (0,1) width 687: "This letters in this sentence should have extra space between them."
      RenderBlock {P} at (0,565) size 784x63
        RenderText {#text} at (0,1) size 703x61
          text run at (0,1) width 633: "This letters in this sentence"
          text run at (0,22) width 703: "should have extra space between"
          text run at (0,43) width 115: "them."
      RenderBlock {P} at (0,644) size 784x42
        RenderText {#text} at (0,1) size 747x40
          text run at (0,1) width 747: "This letters in this sentence should have extra space"
          text run at (0,22) width 197: "between them."
      RenderBlock {P} at (0,702) size 784x42
        RenderText {#text} at (0,1) size 754x40
          text run at (0,1) width 754: "This letters in this sentence should have extra space between them,"
          text run at (0,22) width 436: "but the last few words in the sentence "
        RenderInline {SPAN} at (0,0) size 180x19
          RenderText {#text} at (436,22) size 180x19
            text run at (436,22) width 180: "should show normal spacing"
        RenderText {#text} at (616,22) size 9x19
          text run at (616,22) width 9: "."
      RenderBlock {P} at (0,760) size 784x42
        RenderText {#text} at (0,1) size 731x40
          text run at (0,1) width 731: "This letters in this sentence should have normal space between them, since percentage values are not allowed on this"
          text run at (0,22) width 57: "property."
      RenderBlock {P} at (0,818) size 784x21
        RenderText {#text} at (0,1) size 637x19
          text run at (0,1) width 637: "This letters in this sentence should have reduced space between them, since negative values are allowed on this property."
      RenderTable {TABLE} at (0,855) size 784x645 [border: (1px outset #808080)]
        RenderTableSection {TBODY} at (1,1) size 782x643
          RenderTableRow {TR} at (0,0) size 782x29
            RenderTableCell {TD} at (0,0) size 782x29 [bgcolor=#C0C0C0] [border: (1px inset #808080)] [r=0 c=0 rs=1 cs=2]
              RenderInline {STRONG} at (0,0) size 161x19
                RenderText {#text} at (4,5) size 161x19
                  text run at (4,5) width 161: "TABLE Testing Section"
          RenderTableRow {TR} at (0,29) size 782x614
            RenderTableCell {TD} at (0,321) size 12x29 [bgcolor=#C0C0C0] [border: (1px inset #808080)] [r=1 c=0 rs=1 cs=1]
              RenderText {#text} at (4,5) size 4x19
                text run at (4,5) width 4: " "
            RenderTableCell {TD} at (12,29) size 770x614 [border: (1px inset #808080)] [r=1 c=1 rs=1 cs=1]
              RenderBlock {P} at (4,4) size 762x84
                RenderText {#text} at (0,1) size 694x82
                  text run at (0,1) width 671: "This letters in this"
                  text run at (0,22) width 694: "sentence should have"
                  text run at (0,43) width 659: "extra space between"
                  text run at (0,64) width 175: "them."
              RenderBlock {P} at (4,104) size 762x63
                RenderText {#text} at (0,1) size 691x61
                  text run at (0,1) width 691: "This letters in this sentence"
                  text run at (0,22) width 564: "should have extra space"
                  text run at (0,43) width 327: "between them."
              RenderBlock {P} at (4,183) size 762x63
                RenderText {#text} at (0,1) size 691x61
                  text run at (0,1) width 691: "This letters in this sentence"
                  text run at (0,22) width 564: "should have extra space"
                  text run at (0,43) width 327: "between them."
              RenderBlock {P} at (4,262) size 762x21
                RenderText {#text} at (0,1) size 687x19
                  text run at (0,1) width 687: "This letters in this sentence should have extra space between them."
              RenderBlock {P} at (4,299) size 762x21
                RenderText {#text} at (0,1) size 687x19
                  text run at (0,1) width 687: "This letters in this sentence should have extra space between them."
              RenderBlock {P} at (4,336) size 762x63
                RenderText {#text} at (0,1) size 703x61
                  text run at (0,1) width 633: "This letters in this sentence"
                  text run at (0,22) width 703: "should have extra space between"
                  text run at (0,43) width 115: "them."
              RenderBlock {P} at (4,415) size 762x42
                RenderText {#text} at (0,1) size 747x40
                  text run at (0,1) width 747: "This letters in this sentence should have extra space"
                  text run at (0,22) width 197: "between them."
              RenderBlock {P} at (4,473) size 762x42
                RenderText {#text} at (0,1) size 754x40
                  text run at (0,1) width 754: "This letters in this sentence should have extra space between them,"
                  text run at (0,22) width 436: "but the last few words in the sentence "
                RenderInline {SPAN} at (0,0) size 180x19
                  RenderText {#text} at (436,22) size 180x19
                    text run at (436,22) width 180: "should show normal spacing"
                RenderText {#text} at (616,22) size 9x19
                  text run at (616,22) width 9: "."
              RenderBlock {P} at (4,531) size 762x42
                RenderText {#text} at (0,1) size 731x40
                  text run at (0,1) width 731: "This letters in this sentence should have normal space between them, since percentage values are not allowed on this"
                  text run at (0,22) width 57: "property."
              RenderBlock {P} at (4,589) size 762x21
                RenderText {#text} at (0,1) size 637x19
                  text run at (0,1) width 637: "This letters in this sentence should have reduced space between them, since negative values are allowed on this property."
