layer at (0,0) size 800x600
  RenderView at (0,0) size 800x600
layer at (0,0) size 800x600
  RenderBlock {HTML} at (0,0) size 800x600
    RenderBody {BODY} at (8,8) size 784x584 [bgcolor=#CCCCCC]
      RenderBlock {P} at (0,0) size 784x21
        RenderText {#text} at (0,1) size 356x19
          text run at (0,1) width 356: "The style declarations which apply to the text below are:"
      RenderBlock {PRE} at (0,37) size 784x75
        RenderText {#text} at (0,0) size 224x75
          text run at (0,0) width 192: ".one {text-align: left;}"
          text run at (192,0) width 0: " "
          text run at (0,15) width 200: ".two {text-align: right;}"
          text run at (200,15) width 0: " "
          text run at (0,30) width 224: ".three {text-align: center;}"
          text run at (224,30) width 0: " "
          text run at (0,45) width 224: ".four {text-align: justify;}"
          text run at (224,45) width 0: " "
          text run at (0,60) width 0: " "
      RenderBlock {HR} at (0,125) size 784x2 [border: (1px inset #000000)]
      RenderBlock {P} at (0,143) size 784x21
        RenderText {#text} at (0,1) size 234x19
          text run at (0,1) width 234: "This sentence should be left-justified."
      RenderBlock {P} at (0,180) size 784x21
        RenderText {#text} at (541,1) size 243x19
          text run at (541,1) width 243: "This sentence should be right-justified."
      RenderBlock {P} at (0,217) size 784x21
        RenderText {#text} at (286,1) size 212x19
          text run at (286,1) width 212: "This sentence should be centered."
      RenderBlock {P} at (0,254) size 784x63
        RenderText {#text} at (0,1) size 784x61
          text run at (0,1) width 784: "This sentence should be fully justified, which means that the right and left margins of this paragraph should line up, no"
          text run at (0,22) width 784: "matter how long the paragraph becomes; the exception, of course, is the last line, which should be left-justified in Western"
          text run at (0,43) width 67: "languages."
      RenderTable {TABLE} at (0,333) size 784x213 [border: (1px outset #808080)]
        RenderTableSection {TBODY} at (1,1) size 782x211
          RenderTableRow {TR} at (0,0) size 782x29
            RenderTableCell {TD} at (0,0) size 782x29 [bgcolor=#C0C0C0] [border: (1px inset #808080)] [r=0 c=0 rs=1 cs=2]
              RenderInline {STRONG} at (0,0) size 161x19
                RenderText {#text} at (4,5) size 161x19
                  text run at (4,5) width 161: "TABLE Testing Section"
          RenderTableRow {TR} at (0,29) size 782x182
            RenderTableCell {TD} at (0,105) size 12x29 [bgcolor=#C0C0C0] [border: (1px inset #808080)] [r=1 c=0 rs=1 cs=1]
              RenderText {#text} at (4,5) size 4x19
                text run at (4,5) width 4: " "
            RenderTableCell {TD} at (12,29) size 770x182 [border: (1px inset #808080)] [r=1 c=1 rs=1 cs=1]
              RenderBlock {P} at (4,4) size 762x21
                RenderText {#text} at (0,1) size 234x19
                  text run at (0,1) width 234: "This sentence should be left-justified."
              RenderBlock {P} at (4,41) size 762x21
                RenderText {#text} at (519,1) size 243x19
                  text run at (519,1) width 243: "This sentence should be right-justified."
              RenderBlock {P} at (4,78) size 762x21
                RenderText {#text} at (275,1) size 212x19
                  text run at (275,1) width 212: "This sentence should be centered."
              RenderBlock {P} at (4,115) size 762x63
                RenderText {#text} at (0,1) size 762x61
                  text run at (0,1) width 762: "This sentence should be fully justified, which means that the right and left margins of this paragraph should line up, no"
                  text run at (0,22) width 762: "matter how long the paragraph becomes; the exception, of course, is the last line, which should be left-justified in"
                  text run at (0,43) width 122: "Western languages."
