layer at (0,0) size 1544x1694
  RenderView at (0,0) size 800x600
layer at (0,0) size 1544x1694
  RenderBlock {HTML} at (0,0) size 800x1694
    RenderBody {BODY} at (8,17) size 784x1664 [color=#00FF00] [bgcolor=#333333]
      RenderBlock {H1} at (0,0) size 784x31
        RenderText {#text} at (0,0) size 528x30
          text run at (0,0) width 528: "CSS2 Table Backgrounds Test Suite"
      RenderBlock {H2} at (0,48) size 784x25
        RenderText {#text} at (0,0) size 252x24
          text run at (0,0) width 252: "Part E: Special Tests"
      RenderBlock {H3} at (0,89) size 784x18
        RenderText {#text} at (0,0) size 153x18
          text run at (0,0) width 153: "Fixed Backgrounds"
      RenderBlock {UL} at (0,122) size 784x60
        RenderListItem {LI} at (40,0) size 744x45
          RenderListMarker at (-15,0) size 6x15: bullet
          RenderText {#text} at (0,0) size 736x45
            text run at (0,0) width 704: "If you scroll the table over the top left corner of the viewport, the first, second, and"
            text run at (0,15) width 736: "fourth rows as well as cell L should reveal a purple and aqua band forming a 90-degree angle"
            text run at (0,30) width 184: "in the top left corner."
        RenderListItem {LI} at (40,45) size 744x15
          RenderListMarker at (-15,0) size 6x15: bullet
          RenderText {#text} at (0,0) size 664x15
            text run at (0,0) width 664: "Cells A and P should have a rainbow background that seems attached to the viewport."
      RenderBlock {DL} at (0,195) size 784x60
        RenderBlock {DT} at (0,0) size 784x15
          RenderText {#text} at (0,0) size 64x15
            text run at (0,0) width 64: "previous"
        RenderBlock {DD} at (40,15) size 744x15
          RenderInline {A} at (0,0) size 176x15 [color=#FFFF00]
            RenderText {#text} at (0,0) size 176x15
              text run at (0,0) width 176: "Special Tests: opacity"
          RenderText {#text} at (0,0) size 0x0
        RenderBlock {DT} at (0,30) size 784x15
          RenderText {#text} at (0,0) size 64x15
            text run at (0,0) width 64: "contents"
        RenderBlock {DD} at (40,45) size 744x15
          RenderInline {A} at (0,0) size 136x15 [color=#FFFF00]
            RenderText {#text} at (0,0) size 136x15
              text run at (0,0) width 136: "Table of Contents"
          RenderText {#text} at (0,0) size 0x0
      RenderTable {TABLE} at (0,268) size 618x488 [color=#000000] [bgcolor=#FFFFFF] [border: (1px dotted #000000)]
        RenderBlock {CAPTION} at (0,0) size 616x30 [color=#FFFFFF]
          RenderText {#text} at (142,1) size 331x27
            text run at (142,1) width 331: "With 'border-collapse: separate'"
        RenderTableCol {COLGROUP} at (0,0) size 0x0
          RenderTableCol {COL} at (0,0) size 0x0
          RenderTableCol {COL} at (0,0) size 0x0
          RenderTableCol {COL} at (0,0) size 0x0
        RenderTableCol {COLGROUP} at (0,0) size 0x0
          RenderTableCol {COL} at (0,0) size 0x0
        RenderTableSection {THEAD} at (1,31) size 616x114
          RenderTableRow {TR} at (0,7) size 616x100
            RenderTableCell {TH} at (7,42) size 130x30 [border: (1px dotted #000000)] [r=0 c=0 rs=1 cs=1]
              RenderText {#text} at (42,3) size 45x23
                text run at (42,3) width 45: "TH A"
            RenderTableCell {TH} at (144,30) size 220x54 [border: (13px dotted #000000)] [r=0 c=1 rs=1 cs=1]
              RenderText {#text} at (87,15) size 45x23
                text run at (87,15) width 45: "TH B"
            RenderTableCell {TH} at (371,55) size 118x4 [border: (1px dotted #000000)] [r=0 c=2 rs=1 cs=1]
            RenderTableCell {TH} at (496,42) size 113x30 [border: (1px dotted #000000)] [r=0 c=3 rs=1 cs=1]
              RenderText {#text} at (34,3) size 45x23
                text run at (34,3) width 45: "TH D"
        RenderTableSection {TFOOT} at (1,358) size 616x129
          RenderTableRow {TR} at (0,7) size 616x115
            RenderTableCell {TD} at (7,47) size 357x34 [border: (1px dotted #000000)] [r=0 c=0 rs=1 cs=2]
              RenderText {#text} at (2,3) size 53x27
                text run at (2,3) width 53: "TD M"
            RenderTableCell {TD} at (371,47) size 118x34 [border: (1px dotted #000000)] [r=0 c=2 rs=1 cs=1]
              RenderText {#text} at (2,3) size 51x27
                text run at (2,3) width 51: "TD O"
            RenderTableCell {TD} at (496,47) size 113x34 [border: (1px dotted #000000)] [r=0 c=3 rs=1 cs=1]
              RenderText {#text} at (2,3) size 49x27
                text run at (2,3) width 49: "TD P"
        RenderTableSection {TBODY} at (1,145) size 616x213
          RenderTableRow {TR} at (0,7) size 616x108
            RenderTableCell {TD} at (7,77) size 130x58 [border: (13px dotted #000000)] [r=0 c=0 rs=2 cs=1]
              RenderText {#text} at (14,15) size 49x27
                text run at (14,15) width 49: "TD E"
            RenderTableCell {TD} at (144,44) size 220x34 [border: (1px dotted #000000)] [r=0 c=1 rs=1 cs=1]
              RenderText {#text} at (2,3) size 48x27
                text run at (2,3) width 48: "TD F"
            RenderTableCell {TD} at (371,44) size 118x34 [border: (1px dotted #000000)] [r=0 c=2 rs=1 cs=1]
              RenderText {#text} at (2,3) size 51x27
                text run at (2,3) width 51: "TD G"
            RenderTableCell {TD} at (496,44) size 113x34 [border: (1px dotted #000000)] [r=0 c=3 rs=1 cs=1]
              RenderText {#text} at (2,3) size 51x27
                text run at (2,3) width 51: "TD H"
          RenderTableRow {TR} at (0,122) size 616x84
            RenderTableCell {TD} at (144,147) size 220x34 [border: (1px dotted #000000)] [r=1 c=1 rs=1 cs=1]
              RenderText {#text} at (2,3) size 48x27
                text run at (2,3) width 48: "TD J"
            RenderTableCell {TD} at (371,147) size 118x34 [border: (1px dotted #000000)] [r=1 c=2 rs=1 cs=1]
              RenderText {#text} at (2,3) size 51x27
                text run at (2,3) width 51: "TD K"
            RenderTableCell {TD} at (496,147) size 113x34 [border: (1px dotted #000000)] [r=1 c=3 rs=1 cs=1]
              RenderText {#text} at (2,3) size 48x27
                text run at (2,3) width 48: "TD L"
      RenderTable {TABLE} at (0,756) size 578x440 [color=#000000] [bgcolor=#FFFFFF] [border: (6px dotted #000000)]
        RenderBlock {CAPTION} at (0,0) size 577x30 [color=#FFFFFF]
          RenderText {#text} at (125,1) size 327x27
            text run at (125,1) width 327: "With 'border-collapse: collapse'"
        RenderTableCol {COLGROUP} at (0,0) size 0x0
          RenderTableCol {COL} at (0,0) size 0x0
          RenderTableCol {COL} at (0,0) size 0x0
          RenderTableCol {COL} at (0,0) size 0x0
        RenderTableCol {COLGROUP} at (0,0) size 0x0
          RenderTableCol {COL} at (0,0) size 0x0
        RenderTableSection {THEAD} at (0,36) size 577x99
          RenderTableRow {TR} at (0,0) size 577x99
            RenderTableCell {TH} at (0,32) size 135x35 [border: (1px dotted #000000)] [r=0 c=0 rs=1 cs=1]
              RenderText {#text} at (42,3) size 45x23
                text run at (42,3) width 45: "TH A"
            RenderTableCell {TH} at (135,29) size 207x41 [border: (7px dotted #000000)] [r=0 c=1 rs=1 cs=1]
              RenderText {#text} at (81,9) size 45x23
                text run at (81,9) width 45: "TH B"
            RenderTableCell {TH} at (342,48) size 123x3 [border: (1px dotted #000000)] [r=0 c=2 rs=1 cs=1]
            RenderTableCell {TH} at (465,35) size 112x29 [border: (1px dotted #000000)] [r=0 c=3 rs=1 cs=1]
              RenderText {#text} at (34,3) size 45x23
                text run at (34,3) width 45: "TH D"
        RenderTableSection {TFOOT} at (0,325) size 577x114
          RenderTableRow {TR} at (0,0) size 577x114
            RenderTableCell {TD} at (0,37) size 342x39 [border: (7px dotted #000000)] [r=0 c=0 rs=1 cs=2]
              RenderText {#text} at (2,9) size 53x27
                text run at (2,9) width 53: "TD M"
            RenderTableCell {TD} at (342,40) size 123x33 [border: (1px dotted #000000)] [r=0 c=2 rs=1 cs=1]
              RenderText {#text} at (2,3) size 51x27
                text run at (2,3) width 51: "TD O"
            RenderTableCell {TD} at (465,40) size 112x33 [border: (1px dotted #000000)] [r=0 c=3 rs=1 cs=1]
              RenderText {#text} at (2,3) size 49x27
                text run at (2,3) width 49: "TD P"
        RenderTableSection {TBODY} at (0,135) size 577x190
          RenderTableRow {TR} at (0,0) size 577x107
            RenderTableCell {TD} at (0,72) size 135x45 [border: (7px dotted #000000)] [r=0 c=0 rs=2 cs=1]
              RenderText {#text} at (8,9) size 49x27
                text run at (8,9) width 49: "TD E"
            RenderTableCell {TD} at (135,34) size 207x39 [border: (7px dotted #000000)] [r=0 c=1 rs=1 cs=1]
              RenderText {#text} at (8,9) size 48x27
                text run at (8,9) width 48: "TD F"
            RenderTableCell {TD} at (342,37) size 123x33 [border: (1px dotted #000000)] [r=0 c=2 rs=1 cs=1]
              RenderText {#text} at (2,3) size 51x27
                text run at (2,3) width 51: "TD G"
            RenderTableCell {TD} at (465,37) size 112x33 [border: (1px dotted #000000)] [r=0 c=3 rs=1 cs=1]
              RenderText {#text} at (2,3) size 51x27
                text run at (2,3) width 51: "TD H"
          RenderTableRow {TR} at (0,107) size 577x83
            RenderTableCell {TD} at (135,132) size 207x33 [border: (1px dotted #000000)] [r=1 c=1 rs=1 cs=1]
              RenderText {#text} at (8,3) size 48x27
                text run at (8,3) width 48: "TD J"
            RenderTableCell {TD} at (342,132) size 123x33 [border: (1px dotted #000000)] [r=1 c=2 rs=1 cs=1]
              RenderText {#text} at (2,3) size 51x27
                text run at (2,3) width 51: "TD K"
            RenderTableCell {TD} at (465,132) size 112x33 [border: (1px dotted #000000)] [r=1 c=3 rs=1 cs=1]
              RenderText {#text} at (2,3) size 48x27
                text run at (2,3) width 48: "TD L"
      RenderBlock {DIV} at (0,1196) size 784x35
        RenderInline {A} at (0,0) size 88x15 [color=#FFFF00]
          RenderImage {IMG} at (0,0) size 88x31
        RenderText {#text} at (0,0) size 0x0
      RenderBlock {ADDRESS} at (0,1231) size 784x15
        RenderText {#text} at (0,0) size 704x15
          text run at (0,0) width 704: "CSS2 Table Backgrounds Test Suite designed and written by fantasai <fantasai@escape.com>"
      RenderBlock {PRE} at (0,1259) size 784x405
        RenderText {#text} at (0,0) size 1536x405
          text run at (0,0) width 1536: "................................................................................................................................................................................................"
          text run at (1536,0) width 0: " "
          text run at (0,15) width 8: "."
          text run at (8,15) width 0: " "
          text run at (0,30) width 8: "."
          text run at (8,30) width 0: " "
          text run at (0,45) width 8: "."
          text run at (8,45) width 0: " "
          text run at (0,60) width 8: "."
          text run at (8,60) width 0: " "
          text run at (0,75) width 8: "."
          text run at (8,75) width 0: " "
          text run at (0,90) width 8: "."
          text run at (8,90) width 0: " "
          text run at (0,105) width 8: "."
          text run at (8,105) width 0: " "
          text run at (0,120) width 8: "."
          text run at (8,120) width 0: " "
          text run at (0,135) width 8: "."
          text run at (8,135) width 0: " "
          text run at (0,150) width 8: "."
          text run at (8,150) width 0: " "
          text run at (0,165) width 8: "."
          text run at (8,165) width 0: " "
          text run at (0,180) width 8: "."
          text run at (8,180) width 0: " "
          text run at (0,195) width 8: "."
          text run at (8,195) width 0: " "
          text run at (0,210) width 8: "."
          text run at (8,210) width 0: " "
          text run at (0,225) width 8: "."
          text run at (8,225) width 0: " "
          text run at (0,240) width 8: "."
          text run at (8,240) width 0: " "
          text run at (0,255) width 8: "."
          text run at (8,255) width 0: " "
          text run at (0,270) width 8: "."
          text run at (8,270) width 0: " "
          text run at (0,285) width 8: "."
          text run at (8,285) width 0: " "
          text run at (0,300) width 8: "."
          text run at (8,300) width 0: " "
          text run at (0,315) width 8: "."
          text run at (8,315) width 0: " "
          text run at (0,330) width 8: "."
          text run at (8,330) width 0: " "
          text run at (0,345) width 8: "."
          text run at (8,345) width 0: " "
          text run at (0,360) width 8: "."
          text run at (8,360) width 0: " "
          text run at (0,375) width 8: "."
          text run at (8,375) width 0: " "
          text run at (0,390) width 8: "."
          text run at (8,390) width 0: " "
