layer at (0,0) size 827x1829
  RenderView at (0,0) size 800x600
layer at (0,0) size 827x1829
  RenderBlock {HTML} at (0,0) size 800x1829
    RenderBody {BODY} at (8,17) size 784x1799 [color=#00FF00] [bgcolor=#333333]
      RenderBlock {H1} at (0,0) size 784x32
        RenderText {#text} at (0,0) size 528x32
          text run at (0,0) width 528: "CSS2 Table Backgrounds Test Suite"
      RenderBlock {H2} at (0,49) size 784x24
        RenderText {#text} at (0,0) size 60x24
          text run at (0,0) width 60: "Notes"
      RenderBlock {P} at (0,89) size 784x85
        RenderText {#text} at (0,0) size 728x34
          text run at (0,0) width 728: "This test suite is not endorsed or approved by the W3C or anyone besides fantasai. It tests"
          text run at (0,17) width 208: "conformance to fantasai's "
        RenderInline {A} at (0,0) size 312x17 [color=#FFFF00]
          RenderText {#text} at (208,17) size 312x17
            text run at (208,17) width 312: "table background clarification proposal"
        RenderText {#text} at (520,17) size 776x68
          text run at (520,17) width 184: ", not the official CSS2"
          text run at (0,34) width 704: "specification. The intent is to demonstrate the proposal's effects under various styling"
          text run at (0,51) width 776: "conditions and to clarify any ambiguity in the proposal in preparation for a better-worded errata"
          text run at (0,68) width 584: "suggestion. It's not particularly well-designed, but it is comprehensive."
      RenderBlock {P} at (0,187) size 784x51
        RenderText {#text} at (0,0) size 776x51
          text run at (0,0) width 712: "This test suite (this page and all pages linked from the table of contents below) and its"
          text run at (0,17) width 776: "background images (listed below) are in the public domain by assertion of their author. No rights"
          text run at (0,34) width 72: "reserved."
      RenderBlock {P} at (0,251) size 784x17
        RenderText {#text} at (0,0) size 392x17
          text run at (0,0) width 392: "The images used as backgrounds are the following:"
      RenderBlock {UL} at (0,281) size 784x750
        RenderListItem {LI} at (40,0) size 744x34
          RenderListMarker at (-16,17) size 6x17: bullet
          RenderImage {IMG} at (0,0) size 80x30
          RenderText {#text} at (0,0) size 0x0
        RenderListItem {LI} at (40,34) size 744x84
          RenderListMarker at (-16,67) size 6x17: bullet
          RenderImage {IMG} at (0,0) size 30x80
          RenderText {#text} at (0,0) size 0x0
        RenderListItem {LI} at (40,118) size 744x632
          RenderListMarker at (-16,0) size 6x17: bullet
          RenderImage {IMG} at (0,17) size 779x611
          RenderText {#text} at (0,0) size 0x0
      RenderBlock {P} at (0,1044) size 784x17
        RenderText {#text} at (0,0) size 336x17
          text run at (0,0) width 336: "They are in GIF format, with transparency."
      RenderBlock {P} at (0,1074) size 784x34
        RenderText {#text} at (0,0) size 784x34
          text run at (0,0) width 784: "Each color band in the rainbow backgrounds is 20 pixels wide. Each stripe within the color band is"
          text run at (0,17) width 128: "two pixels wide."
      RenderBlock {P} at (0,1121) size 784x17
        RenderText {#text} at (0,0) size 728x17
          text run at (0,0) width 728: "The aqua and purple band is 10 pixels wide. Each stripe within the band is two pixels wide."
      RenderBlock {P} at (0,1151) size 784x17
        RenderText {#text} at (0,0) size 744x17
          text run at (0,0) width 744: "Many image background rules in this test suite are backed up with a 'black' background color."
      RenderBlock {P} at (0,1181) size 784x51
        RenderText {#text} at (0,0) size 232x17
          text run at (0,0) width 232: "This test suite assumes that "
        RenderInline {STRONG} at (0,0) size 784x34
          RenderText {#text} at (232,0) size 784x34
            text run at (232,0) width 552: "the border edge for a table element in a table with collapsed borders"
            text run at (0,17) width 56: "is the "
          RenderInline {EM} at (0,0) size 54x17
            RenderText {#text} at (56,17) size 54x17
              text run at (56,17) width 54: "middle"
          RenderText {#text} at (110,17) size 504x17
            text run at (110,17) width 504: " of the border around the element, not the outer or inner edge."
        RenderText {#text} at (614,17) size 774x34
          text run at (614,17) width 160: " (This also needs to"
          text run at (0,34) width 672: "be addressed by CSS2.1.) It also assumes support for proper ordering of tables with "
        RenderInline {CODE} at (0,0) size 56x17
          RenderText {#text} at (672,34) size 56x17
            text run at (672,34) width 56: "<tfoot>"
        RenderText {#text} at (728,34) size 8x17
          text run at (728,34) width 8: "."
      RenderBlock {H2} at (0,1248) size 784x24
        RenderText {#text} at (0,0) size 204x24
          text run at (0,0) width 204: "Table of Contents"
      RenderBlock {OL} at (0,1288) size 784x511
        RenderListItem {LI} at (40,0) size 744x119
          RenderBlock (anonymous) at (0,0) size 744x17
            RenderListMarker at (-28,0) size 24x17: "A"
            RenderText {#text} at (0,0) size 120x17
              text run at (0,0) width 120: "Background Area"
          RenderBlock {OL} at (0,17) size 744x102
            RenderListItem {LI} at (40,0) size 704x17
              RenderListMarker at (-28,0) size 24x17: "1"
              RenderInline {A} at (0,0) size 168x17 [color=#FFFF00]
                RenderText {#text} at (0,0) size 168x17
                  text run at (0,0) width 168: "Background on 'table'"
              RenderText {#text} at (0,0) size 0x0
            RenderListItem {LI} at (40,17) size 704x17
              RenderListMarker at (-28,0) size 24x17: "2"
              RenderInline {A} at (0,0) size 248x17 [color=#FFFF00]
                RenderText {#text} at (0,0) size 248x17
                  text run at (0,0) width 248: "Background on 'table-row-group'"
              RenderText {#text} at (0,0) size 0x0
            RenderListItem {LI} at (40,34) size 704x17
              RenderListMarker at (-28,0) size 24x17: "3"
              RenderInline {A} at (0,0) size 272x17 [color=#FFFF00]
                RenderText {#text} at (0,0) size 272x17
                  text run at (0,0) width 272: "Background on 'table-column-group'"
              RenderText {#text} at (0,0) size 0x0
            RenderListItem {LI} at (40,51) size 704x17
              RenderListMarker at (-28,0) size 24x17: "4"
              RenderInline {A} at (0,0) size 200x17 [color=#FFFF00]
                RenderText {#text} at (0,0) size 200x17
                  text run at (0,0) width 200: "Background on 'table-row'"
              RenderText {#text} at (0,0) size 0x0
            RenderListItem {LI} at (40,68) size 704x17
              RenderListMarker at (-28,0) size 24x17: "5"
              RenderInline {A} at (0,0) size 224x17 [color=#FFFF00]
                RenderText {#text} at (0,0) size 224x17
                  text run at (0,0) width 224: "Background on 'table-column'"
              RenderText {#text} at (0,0) size 0x0
            RenderListItem {LI} at (40,85) size 704x17
              RenderListMarker at (-28,0) size 24x17: "6"
              RenderInline {A} at (0,0) size 208x17 [color=#FFFF00]
                RenderText {#text} at (0,0) size 208x17
                  text run at (0,0) width 208: "Background on 'table-cell'"
              RenderText {#text} at (0,0) size 0x0
        RenderListItem {LI} at (40,119) size 744x119
          RenderBlock (anonymous) at (0,0) size 744x17
            RenderListMarker at (-28,0) size 24x17: "B"
            RenderText {#text} at (0,0) size 152x17
              text run at (0,0) width 152: "Background Position"
          RenderBlock {OL} at (0,17) size 744x102
            RenderListItem {LI} at (40,0) size 704x17
              RenderListMarker at (-28,0) size 24x17: "1"
              RenderInline {A} at (0,0) size 168x17 [color=#FFFF00]
                RenderText {#text} at (0,0) size 168x17
                  text run at (0,0) width 168: "Background on 'table'"
              RenderText {#text} at (0,0) size 0x0
            RenderListItem {LI} at (40,17) size 704x17
              RenderListMarker at (-28,0) size 24x17: "2"
              RenderInline {A} at (0,0) size 248x17 [color=#FFFF00]
                RenderText {#text} at (0,0) size 248x17
                  text run at (0,0) width 248: "Background on 'table-row-group'"
              RenderText {#text} at (0,0) size 0x0
            RenderListItem {LI} at (40,34) size 704x17
              RenderListMarker at (-28,0) size 24x17: "3"
              RenderInline {A} at (0,0) size 272x17 [color=#FFFF00]
                RenderText {#text} at (0,0) size 272x17
                  text run at (0,0) width 272: "Background on 'table-column-group'"
              RenderText {#text} at (0,0) size 0x0
            RenderListItem {LI} at (40,51) size 704x17
              RenderListMarker at (-28,0) size 24x17: "4"
              RenderInline {A} at (0,0) size 200x17 [color=#FFFF00]
                RenderText {#text} at (0,0) size 200x17
                  text run at (0,0) width 200: "Background on 'table-row'"
              RenderText {#text} at (0,0) size 0x0
            RenderListItem {LI} at (40,68) size 704x17
              RenderListMarker at (-28,0) size 24x17: "5"
              RenderInline {A} at (0,0) size 224x17 [color=#FFFF00]
                RenderText {#text} at (0,0) size 224x17
                  text run at (0,0) width 224: "Background on 'table-column'"
              RenderText {#text} at (0,0) size 0x0
            RenderListItem {LI} at (40,85) size 704x17
              RenderListMarker at (-28,0) size 24x17: "6"
              RenderInline {A} at (0,0) size 208x17 [color=#FFFF00]
                RenderText {#text} at (0,0) size 208x17
                  text run at (0,0) width 208: "Background on 'table-cell'"
              RenderText {#text} at (0,0) size 0x0
        RenderListItem {LI} at (40,238) size 744x51
          RenderBlock (anonymous) at (0,0) size 744x17
            RenderListMarker at (-28,0) size 24x17: "C"
            RenderText {#text} at (0,0) size 136x17
              text run at (0,0) width 136: "Background Layers"
          RenderBlock {OL} at (0,17) size 744x34
            RenderListItem {LI} at (40,0) size 704x17
              RenderListMarker at (-28,0) size 24x17: "1"
              RenderInline {A} at (0,0) size 136x17 [color=#FFFF00]
                RenderText {#text} at (0,0) size 136x17
                  text run at (0,0) width 136: "empty-cells: show"
              RenderText {#text} at (0,0) size 0x0
            RenderListItem {LI} at (40,17) size 704x17
              RenderListMarker at (-28,0) size 24x17: "2"
              RenderInline {A} at (0,0) size 136x17 [color=#FFFF00]
                RenderText {#text} at (0,0) size 136x17
                  text run at (0,0) width 136: "empty-cells: hide"
              RenderText {#text} at (0,0) size 0x0
        RenderListItem {LI} at (40,289) size 744x222
          RenderBlock (anonymous) at (0,0) size 744x17
            RenderListMarker at (-28,0) size 24x17: "D"
            RenderText {#text} at (0,0) size 184x17
              text run at (0,0) width 184: "Background with Borders"
          RenderBlock {OL} at (0,17) size 744x153
            RenderListItem {LI} at (40,0) size 704x17
              RenderListMarker at (-28,0) size 24x17: "1"
              RenderInline {A} at (0,0) size 168x17 [color=#FFFF00]
                RenderText {#text} at (0,0) size 168x17
                  text run at (0,0) width 168: "Background on 'table'"
              RenderText {#text} at (0,0) size 0x0
            RenderListItem {LI} at (40,17) size 704x17
              RenderListMarker at (-28,0) size 24x17: "2"
              RenderInline {A} at (0,0) size 248x17 [color=#FFFF00]
                RenderText {#text} at (0,0) size 248x17
                  text run at (0,0) width 248: "Background on 'table-row-group'"
              RenderText {#text} at (0,0) size 0x0
            RenderListItem {LI} at (40,34) size 704x17
              RenderListMarker at (-28,0) size 24x17: "3"
              RenderInline {A} at (0,0) size 272x17 [color=#FFFF00]
                RenderText {#text} at (0,0) size 272x17
                  text run at (0,0) width 272: "Background on 'table-column-group'"
              RenderText {#text} at (0,0) size 0x0
            RenderListItem {LI} at (40,51) size 704x17
              RenderListMarker at (-28,0) size 24x17: "4"
              RenderInline {A} at (0,0) size 200x17 [color=#FFFF00]
                RenderText {#text} at (0,0) size 200x17
                  text run at (0,0) width 200: "Background on 'table-row'"
              RenderText {#text} at (0,0) size 0x0
            RenderListItem {LI} at (40,68) size 704x17
              RenderListMarker at (-28,0) size 24x17: "5"
              RenderInline {A} at (0,0) size 224x17 [color=#FFFF00]
                RenderText {#text} at (0,0) size 224x17
                  text run at (0,0) width 224: "Background on 'table-column'"
              RenderText {#text} at (0,0) size 0x0
            RenderListItem {LI} at (40,85) size 704x17
              RenderListMarker at (-28,0) size 24x17: "6"
              RenderInline {A} at (0,0) size 208x17 [color=#FFFF00]
                RenderText {#text} at (0,0) size 208x17
                  text run at (0,0) width 208: "Background on 'table-cell'"
              RenderText {#text} at (0,0) size 0x0
            RenderListItem {LI} at (40,102) size 704x51
              RenderBlock (anonymous) at (0,0) size 704x17
                RenderListMarker at (-28,0) size 24x17: "7"
                RenderText {#text} at (0,0) size 104x17
                  text run at (0,0) width 104: "Special Tests"
              RenderBlock {OL} at (0,17) size 704x34
                RenderListItem {LI} at (40,0) size 664x17
                  RenderListMarker at (-28,0) size 24x17: "1"
                  RenderInline {A} at (0,0) size 56x17 [color=#FFFF00]
                    RenderText {#text} at (0,0) size 56x17
                      text run at (0,0) width 56: "Opacity"
                  RenderText {#text} at (0,0) size 0x0
                RenderListItem {LI} at (40,17) size 664x17
                  RenderListMarker at (-28,0) size 24x17: "2"
                  RenderInline {A} at (0,0) size 136x17 [color=#FFFF00]
                    RenderText {#text} at (0,0) size 136x17
                      text run at (0,0) width 136: "Fixed Backgrounds"
                  RenderText {#text} at (0,0) size 0x0
          RenderBlock {DIV} at (0,170) size 744x35
            RenderInline {A} at (0,0) size 88x17 [color=#FFFF00]
              RenderImage {IMG} at (0,0) size 88x31
            RenderText {#text} at (0,0) size 0x0
          RenderBlock {ADDRESS} at (0,205) size 744x17
            RenderText {#text} at (0,0) size 704x17
              text run at (0,0) width 704: "CSS2 Table Backgrounds Test Suite designed and written by fantasai <fantasai@escape.com>"
