layer at (0,0) size 800x600
  RenderView at (0,0) size 800x600
layer at (0,0) size 800x600
  RenderBlock {HTML} at (0,0) size 800x600
    RenderBody {BODY} at (8,8) size 784x584
      RenderBlock {P} at (0,0) size 784x51
        RenderText {#text} at (0,0) size 772x51
          text run at (0,0) width 759: "Colgroups are used to identify column groups. The table below has two distinct column groups;"
          text run at (0,17) width 772: "'Airport Location' and 'Car Rental Information'. The first column group contains two columns and"
          text run at (0,34) width 401: "the second column group contains three columns."
      RenderBlock {P} at (0,67) size 784x17
        RenderText {#text} at (0,0) size 451x17
          text run at (0,0) width 451: "In this test case, the cell text should be baseline-aligned."
      RenderTable {TABLE} at (0,100) size 599x368 [border: (1px outset #808080)]
        RenderTableCol {COLGROUP} at (0,0) size 0x0
        RenderTableCol {COLGROUP} at (0,0) size 0x0
        RenderTableSection {TBODY} at (1,1) size 597x366
          RenderTableRow {TR} at (0,2) size 597x50
            RenderTableCell {TH} at (2,16) size 201x21 [border: (1px inset #808080)] [r=0 c=0 rs=1 cs=2]
              RenderText {#text} at (28,2) size 145x17
                text run at (28,2) width 145: "Airport Location"
            RenderTableCell {TH} at (205,16) size 390x21 [border: (1px inset #808080)] [r=0 c=2 rs=1 cs=3]
              RenderText {#text} at (92,2) size 206x17
                text run at (92,2) width 206: "Car Rental information"
          RenderTableRow {TR} at (0,54) size 597x50
            RenderTableCell {TH} at (2,68) size 101x21 [border: (1px inset #808080)] [r=1 c=0 rs=1 cs=1]
              RenderText {#text} at (15,2) size 71x17
                text run at (15,2) width 71: "Country"
            RenderTableCell {TH} at (105,68) size 98x21 [border: (1px inset #808080)] [r=1 c=1 rs=1 cs=1]
              RenderText {#text} at (31,2) size 35x17
                text run at (31,2) width 35: "City"
            RenderTableCell {TH} at (205,68) size 129x21 [border: (1px inset #808080)] [r=1 c=2 rs=1 cs=1]
              RenderText {#text} at (2,2) size 125x17
                text run at (2,2) width 125: "ABC Company"
            RenderTableCell {TH} at (336,68) size 128x21 [border: (1px inset #808080)] [r=1 c=3 rs=1 cs=1]
              RenderText {#text} at (2,2) size 124x17
                text run at (2,2) width 124: "EFG Company"
            RenderTableCell {TH} at (466,68) size 129x21 [border: (1px inset #808080)] [r=1 c=4 rs=1 cs=1]
              RenderText {#text} at (2,2) size 125x17
                text run at (2,2) width 125: "XYZ Company"
          RenderTableRow {TR} at (0,106) size 597x50
            RenderTableCell {TD} at (2,120) size 101x21 [border: (1px inset #808080)] [r=2 c=0 rs=1 cs=1]
              RenderText {#text} at (2,2) size 54x17
                text run at (2,2) width 54: "France"
            RenderTableCell {TD} at (105,120) size 98x21 [border: (1px inset #808080)] [r=2 c=1 rs=1 cs=1]
              RenderText {#text} at (2,2) size 39x17
                text run at (2,2) width 39: "Paris"
            RenderTableCell {TD} at (205,120) size 129x21 [border: (1px inset #808080)] [r=2 c=2 rs=1 cs=1]
              RenderText {#text} at (2,2) size 27x17
                text run at (2,2) width 27: "yes"
            RenderTableCell {TD} at (336,120) size 128x21 [border: (1px inset #808080)] [r=2 c=3 rs=1 cs=1]
              RenderText {#text} at (2,2) size 27x17
                text run at (2,2) width 27: "yes"
            RenderTableCell {TD} at (466,120) size 129x21 [border: (1px inset #808080)] [r=2 c=4 rs=1 cs=1]
              RenderText {#text} at (2,2) size 27x17
                text run at (2,2) width 27: "yes"
          RenderTableRow {TR} at (0,158) size 597x50
            RenderTableCell {TD} at (2,172) size 101x21 [border: (1px inset #808080)] [r=3 c=0 rs=1 cs=1]
              RenderText {#text} at (2,2) size 74x17
                text run at (2,2) width 74: "Germany"
            RenderTableCell {TD} at (105,172) size 98x21 [border: (1px inset #808080)] [r=3 c=1 rs=1 cs=1]
              RenderText {#text} at (2,2) size 73x17
                text run at (2,2) width 73: "Frankfurt"
            RenderTableCell {TD} at (205,172) size 129x21 [border: (1px inset #808080)] [r=3 c=2 rs=1 cs=1]
              RenderText {#text} at (2,2) size 27x17
                text run at (2,2) width 27: "yes"
            RenderTableCell {TD} at (336,172) size 128x21 [border: (1px inset #808080)] [r=3 c=3 rs=1 cs=1]
              RenderText {#text} at (2,2) size 27x17
                text run at (2,2) width 27: "yes"
            RenderTableCell {TD} at (466,172) size 129x21 [border: (1px inset #808080)] [r=3 c=4 rs=1 cs=1]
              RenderText {#text} at (2,2) size 27x17
                text run at (2,2) width 27: "yes"
          RenderTableRow {TR} at (0,210) size 597x50
            RenderTableCell {TD} at (2,224) size 101x21 [border: (1px inset #808080)] [r=4 c=0 rs=1 cs=1]
              RenderText {#text} at (2,2) size 64x17
                text run at (2,2) width 64: "England"
            RenderTableCell {TD} at (105,224) size 98x21 [border: (1px inset #808080)] [r=4 c=1 rs=1 cs=1]
              RenderText {#text} at (2,2) size 59x17
                text run at (2,2) width 59: "London"
            RenderTableCell {TD} at (205,224) size 129x21 [border: (1px inset #808080)] [r=4 c=2 rs=1 cs=1]
              RenderText {#text} at (2,2) size 27x17
                text run at (2,2) width 27: "yes"
            RenderTableCell {TD} at (336,224) size 128x21 [border: (1px inset #808080)] [r=4 c=3 rs=1 cs=1]
              RenderText {#text} at (2,2) size 27x17
                text run at (2,2) width 27: "yes"
            RenderTableCell {TD} at (466,224) size 129x21 [border: (1px inset #808080)] [r=4 c=4 rs=1 cs=1]
              RenderText {#text} at (2,2) size 27x17
                text run at (2,2) width 27: "yes"
          RenderTableRow {TR} at (0,262) size 597x50
            RenderTableCell {TD} at (2,276) size 101x21 [border: (1px inset #808080)] [r=5 c=0 rs=1 cs=1]
              RenderText {#text} at (2,2) size 97x17
                text run at (2,2) width 97: "Netherlands"
            RenderTableCell {TD} at (105,276) size 98x21 [border: (1px inset #808080)] [r=5 c=1 rs=1 cs=1]
              RenderText {#text} at (2,2) size 94x17
                text run at (2,2) width 94: "Amsterdam"
            RenderTableCell {TD} at (205,276) size 129x21 [border: (1px inset #808080)] [r=5 c=2 rs=1 cs=1]
              RenderText {#text} at (2,2) size 27x17
                text run at (2,2) width 27: "yes"
            RenderTableCell {TD} at (336,276) size 128x21 [border: (1px inset #808080)] [r=5 c=3 rs=1 cs=1]
              RenderText {#text} at (2,2) size 27x17
                text run at (2,2) width 27: "yes"
            RenderTableCell {TD} at (466,276) size 129x21 [border: (1px inset #808080)] [r=5 c=4 rs=1 cs=1]
              RenderText {#text} at (2,2) size 27x17
                text run at (2,2) width 27: "yes"
          RenderTableRow {TR} at (0,314) size 597x50
            RenderTableCell {TD} at (2,328) size 101x21 [border: (1px inset #808080)] [r=6 c=0 rs=1 cs=1]
              RenderText {#text} at (2,2) size 33x17
                text run at (2,2) width 33: "USA"
            RenderTableCell {TD} at (105,328) size 98x21 [border: (1px inset #808080)] [r=6 c=1 rs=1 cs=1]
              RenderText {#text} at (2,2) size 76x17
                text run at (2,2) width 76: "New York"
            RenderTableCell {TD} at (205,328) size 129x21 [border: (1px inset #808080)] [r=6 c=2 rs=1 cs=1]
              RenderText {#text} at (2,2) size 27x17
                text run at (2,2) width 27: "yes"
            RenderTableCell {TD} at (336,328) size 128x21 [border: (1px inset #808080)] [r=6 c=3 rs=1 cs=1]
              RenderText {#text} at (2,2) size 27x17
                text run at (2,2) width 27: "yes"
            RenderTableCell {TD} at (466,328) size 129x21 [border: (1px inset #808080)] [r=6 c=4 rs=1 cs=1]
              RenderText {#text} at (2,2) size 27x17
                text run at (2,2) width 27: "yes"
