layer at (0,0) size 800x600
  RenderView at (0,0) size 800x600
layer at (0,0) size 800x600
  RenderBlock {HTML} at (0,0) size 800x600
    RenderBody {BODY} at (8,8) size 784x584
      RenderBlock {P} at (0,0) size 784x34
        RenderText {#text} at (0,0) size 777x34
          text run at (0,0) width 777: "CELLPADDING specifies the amount of space between the border of the cell and its contents. The"
          text run at (0,17) width 691: "first table has a cellpadding value of 20%; the second table does not have cellpadding."
      RenderTable {TABLE} at (0,50) size 229x126 [border: (1px outset #808080)]
        RenderTableSection {TBODY} at (1,1) size 227x124
          RenderTableRow {TR} at (0,2) size 227x59
            RenderTableCell {TD} at (2,2) size 73x59 [border: (1px inset #808080)] [r=0 c=0 rs=1 cs=1]
              RenderText {#text} at (21,21) size 31x17
                text run at (21,21) width 31: "text"
            RenderTableCell {TD} at (77,2) size 73x59 [border: (1px inset #808080)] [r=0 c=1 rs=1 cs=1]
              RenderText {#text} at (21,21) size 31x17
                text run at (21,21) width 31: "text"
            RenderTableCell {TD} at (152,2) size 73x59 [border: (1px inset #808080)] [r=0 c=2 rs=1 cs=1]
              RenderText {#text} at (21,21) size 31x17
                text run at (21,21) width 31: "text"
          RenderTableRow {TR} at (0,63) size 227x59
            RenderTableCell {TD} at (2,63) size 73x59 [border: (1px inset #808080)] [r=1 c=0 rs=1 cs=1]
              RenderText {#text} at (21,21) size 31x17
                text run at (21,21) width 31: "text"
            RenderTableCell {TD} at (77,63) size 73x59 [border: (1px inset #808080)] [r=1 c=1 rs=1 cs=1]
              RenderText {#text} at (21,21) size 31x17
                text run at (21,21) width 31: "text"
            RenderTableCell {TD} at (152,63) size 73x59 [border: (1px inset #808080)] [r=1 c=2 rs=1 cs=1]
              RenderText {#text} at (21,21) size 31x17
                text run at (21,21) width 31: "text"
      RenderBlock (anonymous) at (0,176) size 784x34
        RenderBR {BR} at (0,0) size 0x17
        RenderBR {BR} at (0,17) size 0x17
      RenderTable {TABLE} at (0,210) size 115x50 [border: (1px outset #808080)]
        RenderTableSection {TBODY} at (1,1) size 113x48
          RenderTableRow {TR} at (0,2) size 113x21
            RenderTableCell {TD} at (2,2) size 35x21 [border: (1px inset #808080)] [r=0 c=0 rs=1 cs=1]
              RenderText {#text} at (2,2) size 31x17
                text run at (2,2) width 31: "text"
            RenderTableCell {TD} at (39,2) size 35x21 [border: (1px inset #808080)] [r=0 c=1 rs=1 cs=1]
              RenderText {#text} at (2,2) size 31x17
                text run at (2,2) width 31: "text"
            RenderTableCell {TD} at (76,2) size 35x21 [border: (1px inset #808080)] [r=0 c=2 rs=1 cs=1]
              RenderText {#text} at (2,2) size 31x17
                text run at (2,2) width 31: "text"
          RenderTableRow {TR} at (0,25) size 113x21
            RenderTableCell {TD} at (2,25) size 35x21 [border: (1px inset #808080)] [r=1 c=0 rs=1 cs=1]
              RenderText {#text} at (2,2) size 31x17
                text run at (2,2) width 31: "text"
            RenderTableCell {TD} at (39,25) size 35x21 [border: (1px inset #808080)] [r=1 c=1 rs=1 cs=1]
              RenderText {#text} at (2,2) size 31x17
                text run at (2,2) width 31: "text"
            RenderTableCell {TD} at (76,25) size 35x21 [border: (1px inset #808080)] [r=1 c=2 rs=1 cs=1]
              RenderText {#text} at (2,2) size 31x17
                text run at (2,2) width 31: "text"
