layer at (0,0) size 800x600
  RenderView at (0,0) size 800x600
layer at (0,0) size 800x600
  RenderBlock {HTML} at (0,0) size 800x600
    RenderBody {BODY} at (8,8) size 784x584
      RenderText {#text} at (0,0) size 564x17
        text run at (0,0) width 564: "The table displayed is two rows by three columns with right alignment."
      RenderBR {BR} at (564,13) size 0x0
      RenderTable {TABLE} at (523,17) size 261x44
        RenderTableSection {TBODY} at (0,0) size 261x44
          RenderTableRow {TR} at (0,2) size 261x19
            RenderTableCell {TD} at (2,2) size 84x19 [r=0 c=0 rs=1 cs=1]
              RenderText {#text} at (1,1) size 78x17
                text run at (1,1) width 78: "Navigator"
            RenderTableCell {TD} at (88,2) size 89x19 [r=0 c=1 rs=1 cs=1]
              RenderText {#text} at (1,1) size 87x17
                text run at (1,1) width 87: "Messenger"
            RenderTableCell {TD} at (179,2) size 80x19 [r=0 c=2 rs=1 cs=1]
              RenderText {#text} at (1,1) size 66x17
                text run at (1,1) width 66: "Collabra"
          RenderTableRow {TR} at (0,23) size 261x19
            RenderTableCell {TD} at (2,23) size 84x19 [r=1 c=0 rs=1 cs=1]
              RenderText {#text} at (1,1) size 82x17
                text run at (1,1) width 82: "Composer"
            RenderTableCell {TD} at (88,23) size 89x19 [r=1 c=1 rs=1 cs=1]
              RenderText {#text} at (1,1) size 72x17
                text run at (1,1) width 72: "Calendar"
            RenderTableCell {TD} at (179,23) size 80x19 [r=1 c=2 rs=1 cs=1]
              RenderText {#text} at (1,1) size 78x17
                text run at (1,1) width 78: "Netcaster"
      RenderText {#text} at (0,0) size 0x0
      RenderText {#text} at (0,0) size 0x0
      RenderText {#text} at (0,0) size 0x0
