layer at (0,0) size 800x600
  RenderView at (0,0) size 800x600
layer at (0,0) size 800x600
  RenderBlock {HTML} at (0,0) size 800x600
    RenderBody {BODY} at (8,8) size 784x584
      RenderBlock (anonymous) at (0,0) size 784x51
        RenderText {#text} at (0,0) size 752x51
          text run at (0,0) width 745: "This test case shows how WIDTH can set the width of the table to a fixed size using PERCENT."
          text run at (0,17) width 78: "PERCENT "
          text run at (78,17) width 674: "is based on the percentage of the space between the current left and right margins."
          text run at (0,34) width 323: "This first table has a width of 80 percent"
      RenderTable {TABLE} at (0,51) size 627x44
        RenderTableSection {TBODY} at (0,0) size 627x44
          RenderTableRow {TR} at (0,2) size 627x19
            RenderTableCell {TD} at (2,2) size 205x19 [r=0 c=0 rs=1 cs=1]
              RenderText {#text} at (1,1) size 78x17
                text run at (1,1) width 78: "Navigator"
            RenderTableCell {TD} at (209,2) size 218x19 [r=0 c=1 rs=1 cs=1]
              RenderText {#text} at (1,1) size 87x17
                text run at (1,1) width 87: "Messenger"
            RenderTableCell {TD} at (429,2) size 196x19 [r=0 c=2 rs=1 cs=1]
              RenderText {#text} at (1,1) size 66x17
                text run at (1,1) width 66: "Collabra"
          RenderTableRow {TR} at (0,23) size 627x19
            RenderTableCell {TD} at (2,23) size 205x19 [r=1 c=0 rs=1 cs=1]
              RenderText {#text} at (1,1) size 82x17
                text run at (1,1) width 82: "Composer"
            RenderTableCell {TD} at (209,23) size 218x19 [r=1 c=1 rs=1 cs=1]
              RenderText {#text} at (1,1) size 72x17
                text run at (1,1) width 72: "Calendar"
            RenderTableCell {TD} at (429,23) size 196x19 [r=1 c=2 rs=1 cs=1]
              RenderText {#text} at (1,1) size 78x17
                text run at (1,1) width 78: "Netcaster"
      RenderBlock (anonymous) at (0,95) size 784x34
        RenderBR {BR} at (0,0) size 0x17
        RenderText {#text} at (0,17) size 398x17
          text run at (0,17) width 398: "While, this second table has a width of 50 percent"
      RenderTable {TABLE} at (0,129) size 392x44
        RenderTableSection {TBODY} at (0,0) size 392x44
          RenderTableRow {TR} at (0,2) size 392x19
            RenderTableCell {TD} at (2,2) size 127x19 [r=0 c=0 rs=1 cs=1]
              RenderText {#text} at (1,1) size 78x17
                text run at (1,1) width 78: "Navigator"
            RenderTableCell {TD} at (131,2) size 135x19 [r=0 c=1 rs=1 cs=1]
              RenderText {#text} at (1,1) size 87x17
                text run at (1,1) width 87: "Messenger"
            RenderTableCell {TD} at (268,2) size 122x19 [r=0 c=2 rs=1 cs=1]
              RenderText {#text} at (1,1) size 66x17
                text run at (1,1) width 66: "Collabra"
          RenderTableRow {TR} at (0,23) size 392x19
            RenderTableCell {TD} at (2,23) size 127x19 [r=1 c=0 rs=1 cs=1]
              RenderText {#text} at (1,1) size 82x17
                text run at (1,1) width 82: "Composer"
            RenderTableCell {TD} at (131,23) size 135x19 [r=1 c=1 rs=1 cs=1]
              RenderText {#text} at (1,1) size 72x17
                text run at (1,1) width 72: "Calendar"
            RenderTableCell {TD} at (268,23) size 122x19 [r=1 c=2 rs=1 cs=1]
              RenderText {#text} at (1,1) size 78x17
                text run at (1,1) width 78: "Netcaster"
