layer at (0,0) size 800x600
  RenderView at (0,0) size 800x600
layer at (0,0) size 800x124
  RenderBlock {html} at (0,0) size 800x124
    RenderBody {body} at (8,16) size 784x100
      RenderBlock {p} at (0,0) size 784x17
        RenderText {#text} at (0,0) size 368x17
          text run at (0,0) width 368: "The table caption should be aligned at the top"
      RenderTable {table} at (0,33) size 148x67 [border: (1px outset #808080)]
        RenderBlock {caption} at (0,0) size 146x17
          RenderText {#text} at (37,0) size 72x17
            text run at (37,0) width 72: "CAPTION"
        RenderTableSection (anonymous) at (1,18) size 146x48
          RenderTableRow {tr} at (0,2) size 146x21
            RenderTableCell {td} at (2,2) size 46x21 [border: (1px inset #808080)] [r=0 c=0 rs=1 cs=1]
              RenderText {#text} at (2,2) size 42x17
                text run at (2,2) width 42: "cell 1"
            RenderTableCell {td} at (50,2) size 46x21 [border: (1px inset #808080)] [r=0 c=1 rs=1 cs=1]
              RenderText {#text} at (2,2) size 42x17
                text run at (2,2) width 42: "cell 2"
            RenderTableCell {td} at (98,2) size 46x21 [border: (1px inset #808080)] [r=0 c=2 rs=1 cs=1]
              RenderText {#text} at (2,2) size 42x17
                text run at (2,2) width 42: "cell 3"
          RenderTableRow {tr} at (0,25) size 146x21
            RenderTableCell {td} at (2,25) size 46x21 [border: (1px inset #808080)] [r=1 c=0 rs=1 cs=1]
              RenderText {#text} at (2,2) size 42x17
                text run at (2,2) width 42: "cell 4"
            RenderTableCell {td} at (50,25) size 46x21 [border: (1px inset #808080)] [r=1 c=1 rs=1 cs=1]
              RenderText {#text} at (2,2) size 42x17
                text run at (2,2) width 42: "cell 5"
            RenderTableCell {td} at (98,25) size 46x21 [border: (1px inset #808080)] [r=1 c=2 rs=1 cs=1]
              RenderText {#text} at (2,2) size 42x17
                text run at (2,2) width 42: "cell 6"
