layer at (0,0) size 800x600
  RenderView at (0,0) size 800x600
layer at (0,0) size 800x165
  RenderBlock {html} at (0,0) size 800x165
    RenderBody {body} at (8,16) size 784x141
      RenderBlock {p} at (0,0) size 784x17
        RenderText {#text} at (0,0) size 561x17
          text run at (0,0) width 510: "There should be a 5 pixel border around the frame of the table "
          text run at (510,0) width 51: "below."
      RenderTable {table} at (0,33) size 210x108 [border: (5px outset #808080)]
        RenderTableCol {colgroup} at (0,0) size 0x0
          RenderTableCol {col} at (0,0) size 0x0
        RenderTableCol {colgroup} at (0,0) size 0x0
          RenderTableCol {col} at (0,0) size 0x0
        RenderTableCol {colgroup} at (0,0) size 0x0
          RenderTableCol {col} at (0,0) size 0x0
        RenderTableSection {thead} at (5,5) size 200x25
          RenderTableRow {tr} at (0,2) size 200x21
            RenderTableCell {th} at (2,2) size 64x21 [border: (1px inset #808080)] [r=0 c=0 rs=1 cs=1]
              RenderText {#text} at (2,2) size 60x17
                text run at (2,2) width 60: "THEAD"
            RenderTableCell {th} at (68,2) size 64x21 [border: (1px inset #808080)] [r=0 c=1 rs=1 cs=1]
              RenderText {#text} at (2,2) size 60x17
                text run at (2,2) width 60: "THEAD"
            RenderTableCell {th} at (134,2) size 64x21 [border: (1px inset #808080)] [r=0 c=2 rs=1 cs=1]
              RenderText {#text} at (2,2) size 60x17
                text run at (2,2) width 60: "THEAD"
        RenderTableSection {tfoot} at (5,78) size 200x25
          RenderTableRow {tr} at (0,2) size 200x21
            RenderTableCell {td} at (2,2) size 64x21 [border: (1px inset #808080)] [r=0 c=0 rs=1 cs=1]
              RenderText {#text} at (2,2) size 56x17
                text run at (2,2) width 56: "TFOOT"
            RenderTableCell {td} at (68,2) size 64x21 [border: (1px inset #808080)] [r=0 c=1 rs=1 cs=1]
              RenderText {#text} at (2,2) size 56x17
                text run at (2,2) width 56: "TFOOT"
            RenderTableCell {td} at (134,2) size 64x21 [border: (1px inset #808080)] [r=0 c=2 rs=1 cs=1]
              RenderText {#text} at (2,2) size 56x17
                text run at (2,2) width 56: "TFOOT"
        RenderTableSection {tbody} at (5,30) size 200x48
          RenderTableRow {tr} at (0,2) size 200x21
            RenderTableCell {td} at (2,2) size 64x21 [border: (1px inset #808080)] [r=0 c=0 rs=1 cs=1]
              RenderText {#text} at (2,2) size 56x17
                text run at (2,2) width 56: "TBODY"
            RenderTableCell {td} at (68,2) size 64x21 [border: (1px inset #808080)] [r=0 c=1 rs=1 cs=1]
              RenderText {#text} at (2,2) size 56x17
                text run at (2,2) width 56: "TBODY"
            RenderTableCell {td} at (134,2) size 64x21 [border: (1px inset #808080)] [r=0 c=2 rs=1 cs=1]
              RenderText {#text} at (2,2) size 56x17
                text run at (2,2) width 56: "TBODY"
          RenderTableRow {tr} at (0,25) size 200x21
            RenderTableCell {td} at (2,25) size 64x21 [border: (1px inset #808080)] [r=1 c=0 rs=1 cs=1]
              RenderText {#text} at (2,2) size 56x17
                text run at (2,2) width 56: "TBODY"
            RenderTableCell {td} at (68,25) size 64x21 [border: (1px inset #808080)] [r=1 c=1 rs=1 cs=1]
              RenderText {#text} at (2,2) size 56x17
                text run at (2,2) width 56: "TBODY"
            RenderTableCell {td} at (134,25) size 64x21 [border: (1px inset #808080)] [r=1 c=2 rs=1 cs=1]
              RenderText {#text} at (2,2) size 56x17
                text run at (2,2) width 56: "TBODY"
