layer at (0,0) size 800x600
  RenderView at (0,0) size 800x600
layer at (0,0) size 800x313
  RenderBlock {html} at (0,0) size 800x313
    RenderBody {body} at (8,16) size 784x289
      RenderBlock {p} at (0,0) size 784x17
        RenderText {#text} at (0,0) size 178x17
          text run at (0,0) width 178: "TD VALIGN=BASELINE"
      RenderTable {table} at (0,33) size 784x256 [border: (1px outset #808080)]
        RenderTableSection (anonymous) at (1,1) size 782x254
          RenderTableRow {tr} at (0,2) size 782x250
            RenderTableCell {td} at (2,20) size 215x106 [border: (1px inset #808080)] [r=0 c=0 rs=1 cs=1]
              RenderText {#text} at (2,2) size 204x102
                text run at (2,2) width 197: "Compare the baseline of"
                text run at (2,19) width 121: "the first line of "
                text run at (123,19) width 83: "text in this"
                text run at (2,36) width 188: "cell with the baseline of"
                text run at (2,53) width 176: "the first line of text in "
                text run at (178,53) width 26: "the"
                text run at (2,70) width 194: "next cell: they should be"
                text run at (2,87) width 135: "vertically aligned"
            RenderTableCell {td} at (219,2) size 561x250 [border: (1px inset #808080)] [r=0 c=1 rs=1 cs=1]
              RenderText {#text} at (2,2) size 557x246
                text run at (2,2) width 454: "Compare the baseline "
                text run at (456,2) width 38: "of"
                text run at (2,43) width 521: "the first line of text in this"
                text run at (2,84) width 557: "cell with the baseline of the"
                text run at (2,125) width 435: "first line of text in the"
                text run at (2,166) width 512: "previous cell: they should"
                text run at (2,207) width 261: "be vertically "
                text run at (263,207) width 147: "aligned"
