layer at (0,0) size 800x1586
  RenderView at (0,0) size 800x600
layer at (0,0) size 800x1586
  RenderBlock {html} at (0,0) size 800x1586
    RenderBody {body} at (8,16) size 784x1562 [bgcolor=#FFFFFF]
      RenderBlock {p} at (0,0) size 784x17
        RenderText {#text} at (0,0) size 333x17
          text run at (0,0) width 333: "Black table with a white body background"
      RenderTable {table} at (0,33) size 547x50 [border: (1px outset #808080)]
        RenderTableSection (anonymous) at (1,1) size 545x48
          RenderTableRow {tr} at (0,2) size 545x21
            RenderTableCell {td} at (2,2) size 179x21 [bgcolor=#000000] [border: (1px inset #808080)] [r=0 c=0 rs=1 cs=1]
              RenderText {#text} at (2,2) size 175x17
                text run at (2,2) width 175: "table table table table"
            RenderTableCell {td} at (183,2) size 179x21 [bgcolor=#000000] [border: (1px inset #808080)] [r=0 c=1 rs=1 cs=1]
              RenderText {#text} at (2,2) size 175x17
                text run at (2,2) width 175: "table table table table"
            RenderTableCell {td} at (364,2) size 179x21 [bgcolor=#000000] [border: (1px inset #808080)] [r=0 c=2 rs=1 cs=1]
              RenderText {#text} at (2,2) size 175x17
                text run at (2,2) width 175: "table table table table"
          RenderTableRow {tr} at (0,25) size 545x21
            RenderTableCell {td} at (2,25) size 179x21 [bgcolor=#000000] [border: (1px inset #808080)] [r=1 c=0 rs=1 cs=1]
              RenderText {#text} at (2,2) size 175x17
                text run at (2,2) width 175: "table table table table"
            RenderTableCell {td} at (183,25) size 179x21 [bgcolor=#000000] [border: (1px inset #808080)] [r=1 c=1 rs=1 cs=1]
              RenderText {#text} at (2,2) size 175x17
                text run at (2,2) width 175: "table table table table"
            RenderTableCell {td} at (364,25) size 179x21 [bgcolor=#000000] [border: (1px inset #808080)] [r=1 c=2 rs=1 cs=1]
              RenderText {#text} at (2,2) size 175x17
                text run at (2,2) width 175: "table table table table"
      RenderBlock {p} at (0,99) size 784x17
        RenderText {#text} at (0,0) size 334x17
          text run at (0,0) width 334: "Silver table with a white body background"
      RenderTable {table} at (0,132) size 547x50 [border: (1px outset #808080)]
        RenderTableSection (anonymous) at (1,1) size 545x48
          RenderTableRow {tr} at (0,2) size 545x21
            RenderTableCell {td} at (2,2) size 179x21 [bgcolor=#C0C0C0] [border: (1px inset #808080)] [r=0 c=0 rs=1 cs=1]
              RenderText {#text} at (2,2) size 175x17
                text run at (2,2) width 175: "table table table table"
            RenderTableCell {td} at (183,2) size 179x21 [bgcolor=#C0C0C0] [border: (1px inset #808080)] [r=0 c=1 rs=1 cs=1]
              RenderText {#text} at (2,2) size 175x17
                text run at (2,2) width 175: "table table table table"
            RenderTableCell {td} at (364,2) size 179x21 [bgcolor=#C0C0C0] [border: (1px inset #808080)] [r=0 c=2 rs=1 cs=1]
              RenderText {#text} at (2,2) size 175x17
                text run at (2,2) width 175: "table table table table"
          RenderTableRow {tr} at (0,25) size 545x21
            RenderTableCell {td} at (2,25) size 179x21 [bgcolor=#C0C0C0] [border: (1px inset #808080)] [r=1 c=0 rs=1 cs=1]
              RenderText {#text} at (2,2) size 175x17
                text run at (2,2) width 175: "table table table table"
            RenderTableCell {td} at (183,25) size 179x21 [bgcolor=#C0C0C0] [border: (1px inset #808080)] [r=1 c=1 rs=1 cs=1]
              RenderText {#text} at (2,2) size 175x17
                text run at (2,2) width 175: "table table table table"
            RenderTableCell {td} at (364,25) size 179x21 [bgcolor=#C0C0C0] [border: (1px inset #808080)] [r=1 c=2 rs=1 cs=1]
              RenderText {#text} at (2,2) size 175x17
                text run at (2,2) width 175: "table table table table"
      RenderBlock {p} at (0,198) size 784x17
        RenderText {#text} at (0,0) size 328x17
          text run at (0,0) width 328: "Gray table with a white body background"
      RenderTable {table} at (0,231) size 547x50 [border: (1px outset #808080)]
        RenderTableSection (anonymous) at (1,1) size 545x48
          RenderTableRow {tr} at (0,2) size 545x21
            RenderTableCell {td} at (2,2) size 179x21 [bgcolor=#808080] [border: (1px inset #808080)] [r=0 c=0 rs=1 cs=1]
              RenderText {#text} at (2,2) size 175x17
                text run at (2,2) width 175: "table table table table"
            RenderTableCell {td} at (183,2) size 179x21 [bgcolor=#808080] [border: (1px inset #808080)] [r=0 c=1 rs=1 cs=1]
              RenderText {#text} at (2,2) size 175x17
                text run at (2,2) width 175: "table table table table"
            RenderTableCell {td} at (364,2) size 179x21 [bgcolor=#808080] [border: (1px inset #808080)] [r=0 c=2 rs=1 cs=1]
              RenderText {#text} at (2,2) size 175x17
                text run at (2,2) width 175: "table table table table"
          RenderTableRow {tr} at (0,25) size 545x21
            RenderTableCell {td} at (2,25) size 179x21 [bgcolor=#808080] [border: (1px inset #808080)] [r=1 c=0 rs=1 cs=1]
              RenderText {#text} at (2,2) size 175x17
                text run at (2,2) width 175: "table table table table"
            RenderTableCell {td} at (183,25) size 179x21 [bgcolor=#808080] [border: (1px inset #808080)] [r=1 c=1 rs=1 cs=1]
              RenderText {#text} at (2,2) size 175x17
                text run at (2,2) width 175: "table table table table"
            RenderTableCell {td} at (364,25) size 179x21 [bgcolor=#808080] [border: (1px inset #808080)] [r=1 c=2 rs=1 cs=1]
              RenderText {#text} at (2,2) size 175x17
                text run at (2,2) width 175: "table table table table"
      RenderBlock {p} at (0,297) size 784x17
        RenderText {#text} at (0,0) size 336x17
          text run at (0,0) width 336: "White table with a white body background"
      RenderTable {table} at (0,330) size 547x50 [border: (1px outset #808080)]
        RenderTableSection (anonymous) at (1,1) size 545x48
          RenderTableRow {tr} at (0,2) size 545x21
            RenderTableCell {td} at (2,2) size 179x21 [bgcolor=#FFFFFF] [border: (1px inset #808080)] [r=0 c=0 rs=1 cs=1]
              RenderText {#text} at (2,2) size 175x17
                text run at (2,2) width 175: "table table table table"
            RenderTableCell {td} at (183,2) size 179x21 [bgcolor=#FFFFFF] [border: (1px inset #808080)] [r=0 c=1 rs=1 cs=1]
              RenderText {#text} at (2,2) size 175x17
                text run at (2,2) width 175: "table table table table"
            RenderTableCell {td} at (364,2) size 179x21 [bgcolor=#FFFFFF] [border: (1px inset #808080)] [r=0 c=2 rs=1 cs=1]
              RenderText {#text} at (2,2) size 175x17
                text run at (2,2) width 175: "table table table table"
          RenderTableRow {tr} at (0,25) size 545x21
            RenderTableCell {td} at (2,25) size 179x21 [bgcolor=#FFFFFF] [border: (1px inset #808080)] [r=1 c=0 rs=1 cs=1]
              RenderText {#text} at (2,2) size 175x17
                text run at (2,2) width 175: "table table table table"
            RenderTableCell {td} at (183,25) size 179x21 [bgcolor=#FFFFFF] [border: (1px inset #808080)] [r=1 c=1 rs=1 cs=1]
              RenderText {#text} at (2,2) size 175x17
                text run at (2,2) width 175: "table table table table"
            RenderTableCell {td} at (364,25) size 179x21 [bgcolor=#FFFFFF] [border: (1px inset #808080)] [r=1 c=2 rs=1 cs=1]
              RenderText {#text} at (2,2) size 175x17
                text run at (2,2) width 175: "table table table table"
      RenderBlock {p} at (0,396) size 784x17
        RenderText {#text} at (0,0) size 351x17
          text run at (0,0) width 351: "Maroon table with a white body background"
      RenderTable {table} at (0,429) size 547x50 [border: (1px outset #808080)]
        RenderTableSection (anonymous) at (1,1) size 545x48
          RenderTableRow {tr} at (0,2) size 545x21
            RenderTableCell {td} at (2,2) size 179x21 [bgcolor=#800000] [border: (1px inset #808080)] [r=0 c=0 rs=1 cs=1]
              RenderText {#text} at (2,2) size 175x17
                text run at (2,2) width 175: "table table table table"
            RenderTableCell {td} at (183,2) size 179x21 [bgcolor=#800000] [border: (1px inset #808080)] [r=0 c=1 rs=1 cs=1]
              RenderText {#text} at (2,2) size 175x17
                text run at (2,2) width 175: "table table table table"
            RenderTableCell {td} at (364,2) size 179x21 [bgcolor=#800000] [border: (1px inset #808080)] [r=0 c=2 rs=1 cs=1]
              RenderText {#text} at (2,2) size 175x17
                text run at (2,2) width 175: "table table table table"
          RenderTableRow {tr} at (0,25) size 545x21
            RenderTableCell {td} at (2,25) size 179x21 [bgcolor=#800000] [border: (1px inset #808080)] [r=1 c=0 rs=1 cs=1]
              RenderText {#text} at (2,2) size 175x17
                text run at (2,2) width 175: "table table table table"
            RenderTableCell {td} at (183,25) size 179x21 [bgcolor=#800000] [border: (1px inset #808080)] [r=1 c=1 rs=1 cs=1]
              RenderText {#text} at (2,2) size 175x17
                text run at (2,2) width 175: "table table table table"
            RenderTableCell {td} at (364,25) size 179x21 [bgcolor=#800000] [border: (1px inset #808080)] [r=1 c=2 rs=1 cs=1]
              RenderText {#text} at (2,2) size 175x17
                text run at (2,2) width 175: "table table table table"
      RenderBlock {p} at (0,495) size 784x17
        RenderText {#text} at (0,0) size 321x17
          text run at (0,0) width 321: "Red table with a white body background"
      RenderTable {table} at (0,528) size 547x50 [border: (1px outset #808080)]
        RenderTableSection (anonymous) at (1,1) size 545x48
          RenderTableRow {tr} at (0,2) size 545x21
            RenderTableCell {td} at (2,2) size 179x21 [bgcolor=#FF0000] [border: (1px inset #808080)] [r=0 c=0 rs=1 cs=1]
              RenderText {#text} at (2,2) size 175x17
                text run at (2,2) width 175: "table table table table"
            RenderTableCell {td} at (183,2) size 179x21 [bgcolor=#FF0000] [border: (1px inset #808080)] [r=0 c=1 rs=1 cs=1]
              RenderText {#text} at (2,2) size 175x17
                text run at (2,2) width 175: "table table table table"
            RenderTableCell {td} at (364,2) size 179x21 [bgcolor=#FF0000] [border: (1px inset #808080)] [r=0 c=2 rs=1 cs=1]
              RenderText {#text} at (2,2) size 175x17
                text run at (2,2) width 175: "table table table table"
          RenderTableRow {tr} at (0,25) size 545x21
            RenderTableCell {td} at (2,25) size 179x21 [bgcolor=#FF0000] [border: (1px inset #808080)] [r=1 c=0 rs=1 cs=1]
              RenderText {#text} at (2,2) size 175x17
                text run at (2,2) width 175: "table table table table"
            RenderTableCell {td} at (183,25) size 179x21 [bgcolor=#FF0000] [border: (1px inset #808080)] [r=1 c=1 rs=1 cs=1]
              RenderText {#text} at (2,2) size 175x17
                text run at (2,2) width 175: "table table table table"
            RenderTableCell {td} at (364,25) size 179x21 [bgcolor=#FF0000] [border: (1px inset #808080)] [r=1 c=2 rs=1 cs=1]
              RenderText {#text} at (2,2) size 175x17
                text run at (2,2) width 175: "table table table table"
      RenderBlock {p} at (0,594) size 784x17
        RenderText {#text} at (0,0) size 341x17
          text run at (0,0) width 341: "Purple table with a white body background"
      RenderTable {table} at (0,627) size 547x50 [border: (1px outset #808080)]
        RenderTableSection (anonymous) at (1,1) size 545x48
          RenderTableRow {tr} at (0,2) size 545x21
            RenderTableCell {td} at (2,2) size 179x21 [bgcolor=#800080] [border: (1px inset #808080)] [r=0 c=0 rs=1 cs=1]
              RenderText {#text} at (2,2) size 175x17
                text run at (2,2) width 175: "table table table table"
            RenderTableCell {td} at (183,2) size 179x21 [bgcolor=#800080] [border: (1px inset #808080)] [r=0 c=1 rs=1 cs=1]
              RenderText {#text} at (2,2) size 175x17
                text run at (2,2) width 175: "table table table table"
            RenderTableCell {td} at (364,2) size 179x21 [bgcolor=#800080] [border: (1px inset #808080)] [r=0 c=2 rs=1 cs=1]
              RenderText {#text} at (2,2) size 175x17
                text run at (2,2) width 175: "table table table table"
          RenderTableRow {tr} at (0,25) size 545x21
            RenderTableCell {td} at (2,25) size 179x21 [bgcolor=#800080] [border: (1px inset #808080)] [r=1 c=0 rs=1 cs=1]
              RenderText {#text} at (2,2) size 175x17
                text run at (2,2) width 175: "table table table table"
            RenderTableCell {td} at (183,25) size 179x21 [bgcolor=#800080] [border: (1px inset #808080)] [r=1 c=1 rs=1 cs=1]
              RenderText {#text} at (2,2) size 175x17
                text run at (2,2) width 175: "table table table table"
            RenderTableCell {td} at (364,25) size 179x21 [bgcolor=#800080] [border: (1px inset #808080)] [r=1 c=2 rs=1 cs=1]
              RenderText {#text} at (2,2) size 175x17
                text run at (2,2) width 175: "table table table table"
      RenderBlock {p} at (0,693) size 784x17
        RenderText {#text} at (0,0) size 349x17
          text run at (0,0) width 349: "Fuchsia table with a white body background"
      RenderTable {table} at (0,726) size 547x50 [border: (1px outset #808080)]
        RenderTableSection (anonymous) at (1,1) size 545x48
          RenderTableRow {tr} at (0,2) size 545x21
            RenderTableCell {td} at (2,2) size 179x21 [bgcolor=#FF00FF] [border: (1px inset #808080)] [r=0 c=0 rs=1 cs=1]
              RenderText {#text} at (2,2) size 175x17
                text run at (2,2) width 175: "table table table table"
            RenderTableCell {td} at (183,2) size 179x21 [bgcolor=#FF00FF] [border: (1px inset #808080)] [r=0 c=1 rs=1 cs=1]
              RenderText {#text} at (2,2) size 175x17
                text run at (2,2) width 175: "table table table table"
            RenderTableCell {td} at (364,2) size 179x21 [bgcolor=#FF00FF] [border: (1px inset #808080)] [r=0 c=2 rs=1 cs=1]
              RenderText {#text} at (2,2) size 175x17
                text run at (2,2) width 175: "table table table table"
          RenderTableRow {tr} at (0,25) size 545x21
            RenderTableCell {td} at (2,25) size 179x21 [bgcolor=#FF00FF] [border: (1px inset #808080)] [r=1 c=0 rs=1 cs=1]
              RenderText {#text} at (2,2) size 175x17
                text run at (2,2) width 175: "table table table table"
            RenderTableCell {td} at (183,25) size 179x21 [bgcolor=#FF00FF] [border: (1px inset #808080)] [r=1 c=1 rs=1 cs=1]
              RenderText {#text} at (2,2) size 175x17
                text run at (2,2) width 175: "table table table table"
            RenderTableCell {td} at (364,25) size 179x21 [bgcolor=#FF00FF] [border: (1px inset #808080)] [r=1 c=2 rs=1 cs=1]
              RenderText {#text} at (2,2) size 175x17
                text run at (2,2) width 175: "table table table table"
      RenderBlock {p} at (0,792) size 784x17
        RenderText {#text} at (0,0) size 339x17
          text run at (0,0) width 339: "Green table with a white body background"
      RenderTable {table} at (0,825) size 547x50 [border: (1px outset #808080)]
        RenderTableSection (anonymous) at (1,1) size 545x48
          RenderTableRow {tr} at (0,2) size 545x21
            RenderTableCell {td} at (2,2) size 179x21 [bgcolor=#008000] [border: (1px inset #808080)] [r=0 c=0 rs=1 cs=1]
              RenderText {#text} at (2,2) size 175x17
                text run at (2,2) width 175: "table table table table"
            RenderTableCell {td} at (183,2) size 179x21 [bgcolor=#008000] [border: (1px inset #808080)] [r=0 c=1 rs=1 cs=1]
              RenderText {#text} at (2,2) size 175x17
                text run at (2,2) width 175: "table table table table"
            RenderTableCell {td} at (364,2) size 179x21 [bgcolor=#008000] [border: (1px inset #808080)] [r=0 c=2 rs=1 cs=1]
              RenderText {#text} at (2,2) size 175x17
                text run at (2,2) width 175: "table table table table"
          RenderTableRow {tr} at (0,25) size 545x21
            RenderTableCell {td} at (2,25) size 179x21 [bgcolor=#008000] [border: (1px inset #808080)] [r=1 c=0 rs=1 cs=1]
              RenderText {#text} at (2,2) size 175x17
                text run at (2,2) width 175: "table table table table"
            RenderTableCell {td} at (183,25) size 179x21 [bgcolor=#008000] [border: (1px inset #808080)] [r=1 c=1 rs=1 cs=1]
              RenderText {#text} at (2,2) size 175x17
                text run at (2,2) width 175: "table table table table"
            RenderTableCell {td} at (364,25) size 179x21 [bgcolor=#008000] [border: (1px inset #808080)] [r=1 c=2 rs=1 cs=1]
              RenderText {#text} at (2,2) size 175x17
                text run at (2,2) width 175: "table table table table"
      RenderBlock {p} at (0,891) size 784x17
        RenderText {#text} at (0,0) size 329x17
          text run at (0,0) width 329: "Lime table with a white body background"
      RenderTable {table} at (0,924) size 547x50 [border: (1px outset #808080)]
        RenderTableSection (anonymous) at (1,1) size 545x48
          RenderTableRow {tr} at (0,2) size 545x21
            RenderTableCell {td} at (2,2) size 179x21 [bgcolor=#00FF00] [border: (1px inset #808080)] [r=0 c=0 rs=1 cs=1]
              RenderText {#text} at (2,2) size 175x17
                text run at (2,2) width 175: "table table table table"
            RenderTableCell {td} at (183,2) size 179x21 [bgcolor=#00FF00] [border: (1px inset #808080)] [r=0 c=1 rs=1 cs=1]
              RenderText {#text} at (2,2) size 175x17
                text run at (2,2) width 175: "table table table table"
            RenderTableCell {td} at (364,2) size 179x21 [bgcolor=#00FF00] [border: (1px inset #808080)] [r=0 c=2 rs=1 cs=1]
              RenderText {#text} at (2,2) size 175x17
                text run at (2,2) width 175: "table table table table"
          RenderTableRow {tr} at (0,25) size 545x21
            RenderTableCell {td} at (2,25) size 179x21 [bgcolor=#00FF00] [border: (1px inset #808080)] [r=1 c=0 rs=1 cs=1]
              RenderText {#text} at (2,2) size 175x17
                text run at (2,2) width 175: "table table table table"
            RenderTableCell {td} at (183,25) size 179x21 [bgcolor=#00FF00] [border: (1px inset #808080)] [r=1 c=1 rs=1 cs=1]
              RenderText {#text} at (2,2) size 175x17
                text run at (2,2) width 175: "table table table table"
            RenderTableCell {td} at (364,25) size 179x21 [bgcolor=#00FF00] [border: (1px inset #808080)] [r=1 c=2 rs=1 cs=1]
              RenderText {#text} at (2,2) size 175x17
                text run at (2,2) width 175: "table table table table"
      RenderBlock {p} at (0,990) size 784x17
        RenderText {#text} at (0,0) size 330x17
          text run at (0,0) width 330: "Olive table with a white body background"
      RenderTable {table} at (0,1023) size 547x50 [border: (1px outset #808080)]
        RenderTableSection (anonymous) at (1,1) size 545x48
          RenderTableRow {tr} at (0,2) size 545x21
            RenderTableCell {td} at (2,2) size 179x21 [bgcolor=#808000] [border: (1px inset #808080)] [r=0 c=0 rs=1 cs=1]
              RenderText {#text} at (2,2) size 175x17
                text run at (2,2) width 175: "table table table table"
            RenderTableCell {td} at (183,2) size 179x21 [bgcolor=#808000] [border: (1px inset #808080)] [r=0 c=1 rs=1 cs=1]
              RenderText {#text} at (2,2) size 175x17
                text run at (2,2) width 175: "table table table table"
            RenderTableCell {td} at (364,2) size 179x21 [bgcolor=#808000] [border: (1px inset #808080)] [r=0 c=2 rs=1 cs=1]
              RenderText {#text} at (2,2) size 175x17
                text run at (2,2) width 175: "table table table table"
          RenderTableRow {tr} at (0,25) size 545x21
            RenderTableCell {td} at (2,25) size 179x21 [bgcolor=#808000] [border: (1px inset #808080)] [r=1 c=0 rs=1 cs=1]
              RenderText {#text} at (2,2) size 175x17
                text run at (2,2) width 175: "table table table table"
            RenderTableCell {td} at (183,25) size 179x21 [bgcolor=#808000] [border: (1px inset #808080)] [r=1 c=1 rs=1 cs=1]
              RenderText {#text} at (2,2) size 175x17
                text run at (2,2) width 175: "table table table table"
            RenderTableCell {td} at (364,25) size 179x21 [bgcolor=#808000] [border: (1px inset #808080)] [r=1 c=2 rs=1 cs=1]
              RenderText {#text} at (2,2) size 175x17
                text run at (2,2) width 175: "table table table table"
      RenderBlock {p} at (0,1089) size 784x17
        RenderText {#text} at (0,0) size 341x17
          text run at (0,0) width 341: "Yellow table with a white body background"
      RenderTable {table} at (0,1122) size 547x50 [border: (1px outset #808080)]
        RenderTableSection (anonymous) at (1,1) size 545x48
          RenderTableRow {tr} at (0,2) size 545x21
            RenderTableCell {td} at (2,2) size 179x21 [bgcolor=#FFFF00] [border: (1px inset #808080)] [r=0 c=0 rs=1 cs=1]
              RenderText {#text} at (2,2) size 175x17
                text run at (2,2) width 175: "table table table table"
            RenderTableCell {td} at (183,2) size 179x21 [bgcolor=#FFFF00] [border: (1px inset #808080)] [r=0 c=1 rs=1 cs=1]
              RenderText {#text} at (2,2) size 175x17
                text run at (2,2) width 175: "table table table table"
            RenderTableCell {td} at (364,2) size 179x21 [bgcolor=#FFFF00] [border: (1px inset #808080)] [r=0 c=2 rs=1 cs=1]
              RenderText {#text} at (2,2) size 175x17
                text run at (2,2) width 175: "table table table table"
          RenderTableRow {tr} at (0,25) size 545x21
            RenderTableCell {td} at (2,25) size 179x21 [bgcolor=#FFFF00] [border: (1px inset #808080)] [r=1 c=0 rs=1 cs=1]
              RenderText {#text} at (2,2) size 175x17
                text run at (2,2) width 175: "table table table table"
            RenderTableCell {td} at (183,25) size 179x21 [bgcolor=#FFFF00] [border: (1px inset #808080)] [r=1 c=1 rs=1 cs=1]
              RenderText {#text} at (2,2) size 175x17
                text run at (2,2) width 175: "table table table table"
            RenderTableCell {td} at (364,25) size 179x21 [bgcolor=#FFFF00] [border: (1px inset #808080)] [r=1 c=2 rs=1 cs=1]
              RenderText {#text} at (2,2) size 175x17
                text run at (2,2) width 175: "table table table table"
      RenderBlock {p} at (0,1188) size 784x17
        RenderText {#text} at (0,0) size 330x17
          text run at (0,0) width 330: "Navy table with a white body background"
      RenderTable {table} at (0,1221) size 547x50 [border: (1px outset #808080)]
        RenderTableSection (anonymous) at (1,1) size 545x48
          RenderTableRow {tr} at (0,2) size 545x21
            RenderTableCell {td} at (2,2) size 179x21 [bgcolor=#000080] [border: (1px inset #808080)] [r=0 c=0 rs=1 cs=1]
              RenderText {#text} at (2,2) size 175x17
                text run at (2,2) width 175: "table table table table"
            RenderTableCell {td} at (183,2) size 179x21 [bgcolor=#000080] [border: (1px inset #808080)] [r=0 c=1 rs=1 cs=1]
              RenderText {#text} at (2,2) size 175x17
                text run at (2,2) width 175: "table table table table"
            RenderTableCell {td} at (364,2) size 179x21 [bgcolor=#000080] [border: (1px inset #808080)] [r=0 c=2 rs=1 cs=1]
              RenderText {#text} at (2,2) size 175x17
                text run at (2,2) width 175: "table table table table"
          RenderTableRow {tr} at (0,25) size 545x21
            RenderTableCell {td} at (2,25) size 179x21 [bgcolor=#000080] [border: (1px inset #808080)] [r=1 c=0 rs=1 cs=1]
              RenderText {#text} at (2,2) size 175x17
                text run at (2,2) width 175: "table table table table"
            RenderTableCell {td} at (183,25) size 179x21 [bgcolor=#000080] [border: (1px inset #808080)] [r=1 c=1 rs=1 cs=1]
              RenderText {#text} at (2,2) size 175x17
                text run at (2,2) width 175: "table table table table"
            RenderTableCell {td} at (364,25) size 179x21 [bgcolor=#000080] [border: (1px inset #808080)] [r=1 c=2 rs=1 cs=1]
              RenderText {#text} at (2,2) size 175x17
                text run at (2,2) width 175: "table table table table"
      RenderBlock {p} at (0,1287) size 784x17
        RenderText {#text} at (0,0) size 325x17
          text run at (0,0) width 325: "Blue table with a white body background"
      RenderTable {table} at (0,1320) size 547x50 [border: (1px outset #808080)]
        RenderTableSection (anonymous) at (1,1) size 545x48
          RenderTableRow {tr} at (0,2) size 545x21
            RenderTableCell {td} at (2,2) size 179x21 [bgcolor=#0000FF] [border: (1px inset #808080)] [r=0 c=0 rs=1 cs=1]
              RenderText {#text} at (2,2) size 175x17
                text run at (2,2) width 175: "table table table table"
            RenderTableCell {td} at (183,2) size 179x21 [bgcolor=#0000FF] [border: (1px inset #808080)] [r=0 c=1 rs=1 cs=1]
              RenderText {#text} at (2,2) size 175x17
                text run at (2,2) width 175: "table table table table"
            RenderTableCell {td} at (364,2) size 179x21 [bgcolor=#0000FF] [border: (1px inset #808080)] [r=0 c=2 rs=1 cs=1]
              RenderText {#text} at (2,2) size 175x17
                text run at (2,2) width 175: "table table table table"
          RenderTableRow {tr} at (0,25) size 545x21
            RenderTableCell {td} at (2,25) size 179x21 [bgcolor=#0000FF] [border: (1px inset #808080)] [r=1 c=0 rs=1 cs=1]
              RenderText {#text} at (2,2) size 175x17
                text run at (2,2) width 175: "table table table table"
            RenderTableCell {td} at (183,25) size 179x21 [bgcolor=#0000FF] [border: (1px inset #808080)] [r=1 c=1 rs=1 cs=1]
              RenderText {#text} at (2,2) size 175x17
                text run at (2,2) width 175: "table table table table"
            RenderTableCell {td} at (364,25) size 179x21 [bgcolor=#0000FF] [border: (1px inset #808080)] [r=1 c=2 rs=1 cs=1]
              RenderText {#text} at (2,2) size 175x17
                text run at (2,2) width 175: "table table table table"
      RenderBlock {p} at (0,1386) size 784x17
        RenderText {#text} at (0,0) size 323x17
          text run at (0,0) width 323: "Teal table with a white body background"
      RenderTable {table} at (0,1419) size 539x44
        RenderTableSection (anonymous) at (0,0) size 539x44
          RenderTableRow {tr} at (0,2) size 539x19
            RenderTableCell {td} at (2,2) size 177x19 [bgcolor=#008080] [r=0 c=0 rs=1 cs=1]
              RenderText {#text} at (1,1) size 175x17
                text run at (1,1) width 175: "table table table table"
            RenderTableCell {td} at (181,2) size 177x19 [bgcolor=#008080] [r=0 c=1 rs=1 cs=1]
              RenderText {#text} at (1,1) size 175x17
                text run at (1,1) width 175: "table table table table"
            RenderTableCell {td} at (360,2) size 177x19 [bgcolor=#008080] [r=0 c=2 rs=1 cs=1]
              RenderText {#text} at (1,1) size 175x17
                text run at (1,1) width 175: "table table table table"
          RenderTableRow {tr} at (0,23) size 539x19
            RenderTableCell {td} at (2,23) size 177x19 [bgcolor=#008080] [r=1 c=0 rs=1 cs=1]
              RenderText {#text} at (1,1) size 175x17
                text run at (1,1) width 175: "table table table table"
            RenderTableCell {td} at (181,23) size 177x19 [bgcolor=#008080] [r=1 c=1 rs=1 cs=1]
              RenderText {#text} at (1,1) size 175x17
                text run at (1,1) width 175: "table table table table"
            RenderTableCell {td} at (360,23) size 177x19 [bgcolor=#008080] [r=1 c=2 rs=1 cs=1]
              RenderText {#text} at (1,1) size 175x17
                text run at (1,1) width 175: "table table table table"
      RenderBlock {p} at (0,1479) size 784x17
        RenderText {#text} at (0,0) size 331x17
          text run at (0,0) width 331: "Aqua table with a white body background"
      RenderTable {table} at (0,1512) size 547x50 [border: (1px outset #808080)]
        RenderTableSection (anonymous) at (1,1) size 545x48
          RenderTableRow {tr} at (0,2) size 545x21
            RenderTableCell {td} at (2,2) size 179x21 [bgcolor=#00FFFF] [border: (1px inset #808080)] [r=0 c=0 rs=1 cs=1]
              RenderText {#text} at (2,2) size 175x17
                text run at (2,2) width 175: "table table table table"
            RenderTableCell {td} at (183,2) size 179x21 [bgcolor=#00FFFF] [border: (1px inset #808080)] [r=0 c=1 rs=1 cs=1]
              RenderText {#text} at (2,2) size 175x17
                text run at (2,2) width 175: "table table table table"
            RenderTableCell {td} at (364,2) size 179x21 [bgcolor=#00FFFF] [border: (1px inset #808080)] [r=0 c=2 rs=1 cs=1]
              RenderText {#text} at (2,2) size 175x17
                text run at (2,2) width 175: "table table table table"
          RenderTableRow {tr} at (0,25) size 545x21
            RenderTableCell {td} at (2,25) size 179x21 [bgcolor=#00FFFF] [border: (1px inset #808080)] [r=1 c=0 rs=1 cs=1]
              RenderText {#text} at (2,2) size 175x17
                text run at (2,2) width 175: "table table table table"
            RenderTableCell {td} at (183,25) size 179x21 [bgcolor=#00FFFF] [border: (1px inset #808080)] [r=1 c=1 rs=1 cs=1]
              RenderText {#text} at (2,2) size 175x17
                text run at (2,2) width 175: "table table table table"
            RenderTableCell {td} at (364,25) size 179x21 [bgcolor=#00FFFF] [border: (1px inset #808080)] [r=1 c=2 rs=1 cs=1]
              RenderText {#text} at (2,2) size 175x17
                text run at (2,2) width 175: "table table table table"
