layer at (0,0) size 800x600
  RenderView at (0,0) size 800x600
layer at (0,0) size 800x134
  RenderBlock {html} at (0,0) size 800x134
    RenderBody {body} at (8,16) size 784x110
      RenderBlock {p} at (0,0) size 784x17
        RenderText {#text} at (0,0) size 403x17
          text run at (0,0) width 403: "In this test, the TFOOT text should be right aligned"
      RenderTable {table} at (0,33) size 207x77 [border: (1px outset #808080)]
        RenderTableSection {thead} at (1,1) size 205x25
          RenderTableRow {tr} at (0,2) size 205x21
            RenderTableCell {td} at (2,2) size 201x21 [border: (1px inset #808080)] [r=0 c=0 rs=1 cs=1]
              RenderText {#text} at (2,2) size 197x17
                text run at (2,2) width 197: "This text is in the THEAD"
        RenderTableSection {tfoot} at (1,51) size 205x25
          RenderTableRow {tr} at (0,2) size 205x21
            RenderTableCell {td} at (2,2) size 201x21 [border: (1px inset #808080)] [r=0 c=0 rs=1 cs=1]
              RenderText {#text} at (143,2) size 56x17
                text run at (143,2) width 56: "TFOOT"
        RenderTableSection {tbody} at (1,26) size 205x25
          RenderTableRow {tr} at (0,2) size 205x21
            RenderTableCell {td} at (2,2) size 201x21 [border: (1px inset #808080)] [r=0 c=0 rs=1 cs=1]
              RenderText {#text} at (2,2) size 197x17
                text run at (2,2) width 197: "This text is in the TBODY"
