layer at (0,0) size 800x600
  RenderView at (0,0) size 800x600
layer at (0,0) size 800x354
  RenderBlock {html} at (0,0) size 800x354
    RenderBody {body} at (8,16) size 784x330
      RenderBlock {p} at (0,0) size 784x17
        RenderText {#text} at (0,0) size 178x17
          text run at (0,0) width 178: "TH VALIGN=BASELINE"
      RenderTable {table} at (0,33) size 784x297 [border: (1px outset #808080)]
        RenderTableSection (anonymous) at (1,1) size 782x295
          RenderTableRow {tr} at (0,2) size 782x291
            RenderTableCell {th} at (2,20) size 217x123 [border: (1px inset #808080)] [r=0 c=0 rs=1 cs=1]
              RenderText {#text} at (9,2) size 203x119
                text run at (9,2) width 198: "Compare the baseline"
                text run at (7,19) width 166: "of the first line of "
                text run at (173,19) width 37: "text"
                text run at (22,36) width 173: "in this cell with the"
                text run at (19,53) width 179: "baseline of the first"
                text run at (7,70) width 127: "line of text in "
                text run at (134,70) width 76: "the next"
                text run at (21,87) width 175: "cell: they should be"
                text run at (32,104) width 153: "vertically aligned"
            RenderTableCell {th} at (221,2) size 559x291 [border: (1px inset #808080)] [r=0 c=1 rs=1 cs=1]
              RenderText {#text} at (4,2) size 551x287
                text run at (4,2) width 507: "Compare the baseline "
                text run at (511,2) width 44: "of"
                text run at (30,43) width 498: "the first line of text in"
                text run at (90,84) width 378: "this cell with the"
                text run at (9,125) width 350: "baseline of the "
                text run at (359,125) width 191: "first line"
                text run at (28,166) width 502: "of text in the previous"
                text run at (58,207) width 443: "cell: they should be"
                text run at (83,248) width 225: "vertically "
                text run at (308,248) width 168: "aligned"
