layer at (0,0) size 800x600
  RenderView at (0,0) size 800x600
layer at (0,0) size 800x111
  RenderBlock {html} at (0,0) size 800x111
    RenderBody {body} at (8,8) size 784x95
      RenderTable {table} at (0,0) size 784x95 [border: (1px outset #808080)]
        RenderTableSection (anonymous) at (1,1) size 782x93
          RenderTableRow {tr} at (0,2) size 782x89
            RenderTableCell {th} at (2,2) size 388x89 [border: (1px inset #808080)] [r=0 c=0 rs=1 cs=1]
              RenderText {#text} at (2,2) size 384x85
                text run at (2,2) width 333: "This cell text should be justified "
                text run at (335,2) width 51: "which"
                text run at (2,19) width 384: "means that the right and left margins"
                text run at (2,36) width 183: "should line up, no "
                text run at (185,36) width 201: "matter how long the"
                text run at (2,53) width 384: "content becomes (except the last line"
                text run at (2,70) width 57: "which "
                text run at (59,70) width 202: "should be left aligned)"
            RenderTableCell {th} at (392,36) size 388x21 [border: (1px inset #808080)] [r=0 c=1 rs=1 cs=1]
              RenderText {#text} at (2,2) size 326x17
                text run at (2,2) width 252: "This cell text should be left "
                text run at (254,2) width 74: "justified"
