layer at (0,0) size 800x600
  RenderView at (0,0) size 800x600
layer at (0,0) size 800x66
  RenderBlock {html} at (0,0) size 800x66
    RenderBody {body} at (8,8) size 784x50
      RenderTable {table} at (0,0) size 262x50 [border: (1px outset #808080)]
        RenderTableSection (anonymous) at (1,1) size 260x48
          RenderTableRow {tr} at (0,2) size 260x21
            RenderTableCell {th} at (2,2) size 256x21 [border: (1px inset #808080)] [r=0 c=0 rs=1 cs=2]
              RenderText {#text} at (2,2) size 252x17
                text run at (2,2) width 252: "This cell spans two columns"
          RenderTableRow {tr} at (0,25) size 260x21
            RenderTableCell {th} at (2,25) size 127x21 [border: (1px inset #808080)] [r=1 c=0 rs=1 cs=1]
              RenderText {#text} at (30,2) size 66x17
                text run at (30,2) width 66: "xxx xxx"
            RenderTableCell {th} at (131,25) size 127x21 [border: (1px inset #808080)] [r=1 c=1 rs=1 cs=1]
              RenderText {#text} at (30,2) size 66x17
                text run at (30,2) width 66: "xxx xxx"
