layer at (0,0) size 800x1634
  RenderView at (0,0) size 800x600
layer at (0,0) size 800x1634
  RenderBlock {html} at (0,0) size 800x1634
    RenderBody {body} at (8,8) size 784x1618
      RenderTable {table} at (0,0) size 396x110 [border: (1px outset #808080)]
        RenderTableSection (anonymous) at (1,1) size 394x108
          RenderTableRow {tr} at (0,2) size 394x104
            RenderTableCell {th} at (2,43) size 390x21 [border: (1px inset #808080)] [r=0 c=0 rs=1 cs=1]
              RenderText {#text} at (2,2) size 386x17
                text run at (2,2) width 386: "The height of this cell should be 100 pixels"
      RenderBlock (anonymous) at (0,110) size 784x17
        RenderBR {br} at (0,0) size 0x17
      RenderTable {table} at (0,127) size 396x210 [border: (1px outset #808080)]
        RenderTableSection (anonymous) at (1,1) size 394x208
          RenderTableRow {tr} at (0,2) size 394x204
            RenderTableCell {th} at (2,93) size 390x21 [border: (1px inset #808080)] [r=0 c=0 rs=1 cs=1]
              RenderText {#text} at (2,2) size 386x17
                text run at (2,2) width 386: "The height of this cell should be 200 pixels"
      RenderBlock (anonymous) at (0,337) size 784x17
        RenderBR {br} at (0,0) size 0x17
      RenderTable {table} at (0,354) size 396x310 [border: (1px outset #808080)]
        RenderTableSection (anonymous) at (1,1) size 394x308
          RenderTableRow {tr} at (0,2) size 394x304
            RenderTableCell {th} at (2,143) size 390x21 [border: (1px inset #808080)] [r=0 c=0 rs=1 cs=1]
              RenderText {#text} at (2,2) size 386x17
                text run at (2,2) width 386: "The height of this cell should be 300 pixels"
      RenderBlock (anonymous) at (0,664) size 784x17
        RenderBR {br} at (0,0) size 0x17
      RenderTable {table} at (0,681) size 396x410 [border: (1px outset #808080)]
        RenderTableSection (anonymous) at (1,1) size 394x408
          RenderTableRow {tr} at (0,2) size 394x404
            RenderTableCell {th} at (2,193) size 390x21 [border: (1px inset #808080)] [r=0 c=0 rs=1 cs=1]
              RenderText {#text} at (2,2) size 386x17
                text run at (2,2) width 386: "The height of this cell should be 400 pixels"
      RenderBlock (anonymous) at (0,1091) size 784x17
        RenderBR {br} at (0,0) size 0x17
      RenderTable {table} at (0,1108) size 396x510 [border: (1px outset #808080)]
        RenderTableSection (anonymous) at (1,1) size 394x508
          RenderTableRow {tr} at (0,2) size 394x504
            RenderTableCell {th} at (2,243) size 390x21 [border: (1px inset #808080)] [r=0 c=0 rs=1 cs=1]
              RenderText {#text} at (2,2) size 386x17
                text run at (2,2) width 386: "The height of this cell should be 500 pixels"
