layer at (0,0) size 800x600
  RenderView at (0,0) size 800x600
layer at (0,0) size 800x128
  RenderBlock {html} at (0,0) size 800x128
    RenderBody {body} at (8,8) size 784x112
      RenderTable {table} at (0,0) size 600x112 [border: (1px outset #808080)]
        RenderTableSection (anonymous) at (1,1) size 598x110
          RenderTableRow {tr} at (0,2) size 598x106
            RenderTableCell {td} at (2,2) size 296x106 [border: (1px inset #808080)] [r=0 c=0 rs=1 cs=1]
              RenderText {#text} at (2,2) size 292x102
                text run at (2,2) width 292: "Cell text should be justified which"
                text run at (2,19) width 266: "means that the right and "
                text run at (268,19) width 26: "left"
                text run at (2,36) width 292: "margins should line up, no matter"
                text run at (2,53) width 292: "how long the content becomes"
                text run at (2,70) width 292: "(except the last line which should be"
                text run at (2,87) width 100: "left aligned)."
            RenderTableCell {td} at (300,2) size 296x106 [border: (1px inset #808080)] [r=0 c=1 rs=1 cs=1]
              RenderText {#text} at (2,2) size 292x102
                text run at (2,2) width 292: "Cell text should be justified which"
                text run at (2,19) width 266: "means that the right and "
                text run at (268,19) width 26: "left"
                text run at (2,36) width 292: "margins should line up, no matter"
                text run at (2,53) width 292: "how long the content becomes"
                text run at (2,70) width 292: "(except the last line which should be"
                text run at (2,87) width 100: "left aligned)."
