layer at (0,0) size 800x2573
  RenderView at (0,0) size 800x600
layer at (0,0) size 800x2573
  RenderBlock {HTML} at (0,0) size 800x2573
    RenderBody {BODY} at (8,21) size 784x2544
      RenderBlock {H1} at (0,0) size 784x41
        RenderText {#text} at (0,2) size 538x36
          text run at (0,2) width 538: "Problems with COLSPAN and WIDTH"
      RenderBlock {P} at (0,62) size 784x21
        RenderText {#text} at (0,1) size 256x19
          text run at (0,1) width 256: "Each block of tables should be identical."
      RenderBlock {H2} at (0,102) size 784x32
        RenderText {#text} at (0,2) size 127x28
          text run at (0,2) width 127: "Sized Tables"
      RenderBlock {P} at (0,153) size 784x21
        RenderText {#text} at (0,1) size 776x19
          text run at (0,1) width 776: "The following tables have width=400, which should make them the same width as the red lines which are caused by DIVs:"
      RenderBlock {H3} at (0,192) size 784x25
        RenderText {#text} at (0,1) size 65x22
          text run at (0,1) width 65: "260/140"
      RenderBlock {DIV} at (0,235) size 406x6 [border: (3px solid #FF0000)]
      RenderTable {TABLE} at (0,241) size 400x52
        RenderTableSection {TBODY} at (0,0) size 400x52
          RenderTableRow {TR} at (0,2) size 400x23
            RenderTableCell {TD} at (2,2) size 252x23 [bgcolor=#00FF00] [r=0 c=0 rs=1 cs=1]
              RenderText {#text} at (1,2) size 32x19
                text run at (1,2) width 32: "plain"
            RenderTableCell {TD} at (256,2) size 142x23 [bgcolor=#FFFF00] [r=0 c=1 rs=1 cs=1]
              RenderText {#text} at (1,2) size 69x19
                text run at (1,2) width 69: "width=140"
          RenderTableRow {TR} at (0,27) size 400x23
            RenderTableCell {TD} at (2,27) size 396x23 [bgcolor=#FF00FF] [r=1 c=0 rs=1 cs=2]
              RenderText {#text} at (1,2) size 138x19
                text run at (1,2) width 138: "colspan=2 width=400"
      RenderBlock {DIV} at (0,293) size 406x6 [border: (3px solid #FF0000)]
      RenderTable {TABLE} at (0,299) size 400x52
        RenderTableSection {TBODY} at (0,0) size 400x52
          RenderTableRow {TR} at (0,2) size 400x23
            RenderTableCell {TD} at (2,2) size 262x23 [bgcolor=#00FF00] [r=0 c=0 rs=1 cs=1]
              RenderText {#text} at (1,2) size 69x19
                text run at (1,2) width 69: "width=260"
            RenderTableCell {TD} at (266,2) size 132x23 [bgcolor=#FFFF00] [r=0 c=1 rs=1 cs=1]
              RenderText {#text} at (1,2) size 32x19
                text run at (1,2) width 32: "plain"
          RenderTableRow {TR} at (0,27) size 400x23
            RenderTableCell {TD} at (2,27) size 396x23 [bgcolor=#FF00FF] [r=1 c=0 rs=1 cs=2]
              RenderText {#text} at (1,2) size 138x19
                text run at (1,2) width 138: "colspan=2 width=400"
      RenderBlock {DIV} at (0,351) size 406x6 [border: (3px solid #FF0000)]
      RenderTable {TABLE} at (0,357) size 400x52
        RenderTableSection {TBODY} at (0,0) size 400x52
          RenderTableRow {TR} at (0,2) size 400x23
            RenderTableCell {TD} at (2,2) size 254x23 [bgcolor=#00FF00] [r=0 c=0 rs=1 cs=1]
              RenderText {#text} at (1,2) size 69x19
                text run at (1,2) width 69: "width=260"
            RenderTableCell {TD} at (258,2) size 140x23 [bgcolor=#FFFF00] [r=0 c=1 rs=1 cs=1]
              RenderText {#text} at (1,2) size 69x19
                text run at (1,2) width 69: "width=140"
          RenderTableRow {TR} at (0,27) size 400x23
            RenderTableCell {TD} at (2,27) size 396x23 [bgcolor=#FF00FF] [r=1 c=0 rs=1 cs=2]
              RenderText {#text} at (1,2) size 138x19
                text run at (1,2) width 138: "colspan=2 width=400"
      RenderBlock {DIV} at (0,409) size 406x6 [border: (3px solid #FF0000)]
      RenderTable {TABLE} at (0,415) size 400x52
        RenderTableSection {TBODY} at (0,0) size 400x52
          RenderTableRow {TR} at (0,2) size 400x23
            RenderTableCell {TD} at (2,2) size 254x23 [bgcolor=#00FF00] [r=0 c=0 rs=1 cs=1]
              RenderText {#text} at (1,2) size 69x19
                text run at (1,2) width 69: "width=260"
            RenderTableCell {TD} at (258,2) size 140x23 [bgcolor=#FFFF00] [r=0 c=1 rs=1 cs=1]
              RenderText {#text} at (1,2) size 69x19
                text run at (1,2) width 69: "width=140"
          RenderTableRow {TR} at (0,27) size 400x23
            RenderTableCell {TD} at (2,27) size 396x23 [bgcolor=#FF00FF] [r=1 c=0 rs=1 cs=2]
              RenderText {#text} at (1,2) size 65x19
                text run at (1,2) width 65: "colspan=2"
      RenderBlock {DIV} at (0,467) size 406x6 [border: (3px solid #FF0000)]
      RenderTable {TABLE} at (0,473) size 400x52
        RenderTableSection {TBODY} at (0,0) size 400x52
          RenderTableRow {TR} at (0,2) size 400x23
            RenderTableCell {TD} at (2,2) size 256x23 [bgcolor=#00FF00] [r=0 c=0 rs=1 cs=1]
              RenderText {#text} at (1,2) size 74x19
                text run at (1,2) width 74: "width=65%"
            RenderTableCell {TD} at (260,2) size 138x23 [bgcolor=#FFFF00] [r=0 c=1 rs=1 cs=1]
              RenderText {#text} at (1,2) size 32x19
                text run at (1,2) width 32: "plain"
          RenderTableRow {TR} at (0,27) size 400x23
            RenderTableCell {TD} at (2,27) size 396x23 [bgcolor=#FF00FF] [r=1 c=0 rs=1 cs=2]
              RenderText {#text} at (1,2) size 65x19
                text run at (1,2) width 65: "colspan=2"
      RenderBlock {DIV} at (0,525) size 406x6 [border: (3px solid #FF0000)]
      RenderTable {TABLE} at (0,531) size 400x52
        RenderTableSection {TBODY} at (0,0) size 400x52
          RenderTableRow {TR} at (0,2) size 400x23
            RenderTableCell {TD} at (2,2) size 257x23 [bgcolor=#00FF00] [r=0 c=0 rs=1 cs=1]
              RenderText {#text} at (1,2) size 32x19
                text run at (1,2) width 32: "plain"
            RenderTableCell {TD} at (261,2) size 137x23 [bgcolor=#FFFF00] [r=0 c=1 rs=1 cs=1]
              RenderText {#text} at (1,2) size 74x19
                text run at (1,2) width 74: "width=35%"
          RenderTableRow {TR} at (0,27) size 400x23
            RenderTableCell {TD} at (2,27) size 396x23 [bgcolor=#FF00FF] [r=1 c=0 rs=1 cs=2]
              RenderText {#text} at (1,2) size 65x19
                text run at (1,2) width 65: "colspan=2"
      RenderBlock {DIV} at (0,583) size 406x6 [border: (3px solid #FF0000)]
      RenderTable {TABLE} at (0,589) size 400x52
        RenderTableSection {TBODY} at (0,0) size 400x52
          RenderTableRow {TR} at (0,2) size 400x23
            RenderTableCell {TD} at (2,2) size 257x23 [bgcolor=#00FF00] [r=0 c=0 rs=1 cs=1]
              RenderText {#text} at (1,2) size 74x19
                text run at (1,2) width 74: "width=65%"
            RenderTableCell {TD} at (261,2) size 137x23 [bgcolor=#FFFF00] [r=0 c=1 rs=1 cs=1]
              RenderText {#text} at (1,2) size 74x19
                text run at (1,2) width 74: "width=35%"
          RenderTableRow {TR} at (0,27) size 400x23
            RenderTableCell {TD} at (2,27) size 396x23 [bgcolor=#FF00FF] [r=1 c=0 rs=1 cs=2]
              RenderText {#text} at (1,2) size 65x19
                text run at (1,2) width 65: "colspan=2"
      RenderBlock {DIV} at (0,641) size 406x6 [border: (3px solid #FF0000)]
      RenderBlock {H3} at (0,665) size 784x25
        RenderText {#text} at (0,1) size 65x22
          text run at (0,1) width 65: "140/260"
      RenderBlock {DIV} at (0,708) size 406x6 [border: (3px solid #FF0000)]
      RenderTable {TABLE} at (0,714) size 400x52
        RenderTableSection {TBODY} at (0,0) size 400x52
          RenderTableRow {TR} at (0,2) size 400x23
            RenderTableCell {TD} at (2,2) size 142x23 [bgcolor=#00FF00] [r=0 c=0 rs=1 cs=1]
              RenderText {#text} at (1,2) size 69x19
                text run at (1,2) width 69: "width=140"
            RenderTableCell {TD} at (146,2) size 252x23 [bgcolor=#FFFF00] [r=0 c=1 rs=1 cs=1]
              RenderText {#text} at (1,2) size 32x19
                text run at (1,2) width 32: "plain"
          RenderTableRow {TR} at (0,27) size 400x23
            RenderTableCell {TD} at (2,27) size 396x23 [bgcolor=#FF00FF] [r=1 c=0 rs=1 cs=2]
              RenderText {#text} at (1,2) size 138x19
                text run at (1,2) width 138: "colspan=2 width=400"
      RenderBlock {DIV} at (0,766) size 406x6 [border: (3px solid #FF0000)]
      RenderTable {TABLE} at (0,772) size 400x52
        RenderTableSection {TBODY} at (0,0) size 400x52
          RenderTableRow {TR} at (0,2) size 400x23
            RenderTableCell {TD} at (2,2) size 132x23 [bgcolor=#00FF00] [r=0 c=0 rs=1 cs=1]
              RenderText {#text} at (1,2) size 32x19
                text run at (1,2) width 32: "plain"
            RenderTableCell {TD} at (136,2) size 262x23 [bgcolor=#FFFF00] [r=0 c=1 rs=1 cs=1]
              RenderText {#text} at (1,2) size 69x19
                text run at (1,2) width 69: "width=260"
          RenderTableRow {TR} at (0,27) size 400x23
            RenderTableCell {TD} at (2,27) size 396x23 [bgcolor=#FF00FF] [r=1 c=0 rs=1 cs=2]
              RenderText {#text} at (1,2) size 138x19
                text run at (1,2) width 138: "colspan=2 width=400"
      RenderBlock {DIV} at (0,824) size 406x6 [border: (3px solid #FF0000)]
      RenderTable {TABLE} at (0,830) size 400x52
        RenderTableSection {TBODY} at (0,0) size 400x52
          RenderTableRow {TR} at (0,2) size 400x23
            RenderTableCell {TD} at (2,2) size 139x23 [bgcolor=#00FF00] [r=0 c=0 rs=1 cs=1]
              RenderText {#text} at (1,2) size 69x19
                text run at (1,2) width 69: "width=140"
            RenderTableCell {TD} at (143,2) size 255x23 [bgcolor=#FFFF00] [r=0 c=1 rs=1 cs=1]
              RenderText {#text} at (1,2) size 69x19
                text run at (1,2) width 69: "width=260"
          RenderTableRow {TR} at (0,27) size 400x23
            RenderTableCell {TD} at (2,27) size 396x23 [bgcolor=#FF00FF] [r=1 c=0 rs=1 cs=2]
              RenderText {#text} at (1,2) size 138x19
                text run at (1,2) width 138: "colspan=2 width=400"
      RenderBlock {DIV} at (0,882) size 406x6 [border: (3px solid #FF0000)]
      RenderTable {TABLE} at (0,888) size 400x52
        RenderTableSection {TBODY} at (0,0) size 400x52
          RenderTableRow {TR} at (0,2) size 400x23
            RenderTableCell {TD} at (2,2) size 139x23 [bgcolor=#00FF00] [r=0 c=0 rs=1 cs=1]
              RenderText {#text} at (1,2) size 69x19
                text run at (1,2) width 69: "width=140"
            RenderTableCell {TD} at (143,2) size 255x23 [bgcolor=#FFFF00] [r=0 c=1 rs=1 cs=1]
              RenderText {#text} at (1,2) size 69x19
                text run at (1,2) width 69: "width=260"
          RenderTableRow {TR} at (0,27) size 400x23
            RenderTableCell {TD} at (2,27) size 396x23 [bgcolor=#FF00FF] [r=1 c=0 rs=1 cs=2]
              RenderText {#text} at (1,2) size 65x19
                text run at (1,2) width 65: "colspan=2"
      RenderBlock {DIV} at (0,940) size 406x6 [border: (3px solid #FF0000)]
      RenderTable {TABLE} at (0,946) size 400x52
        RenderTableSection {TBODY} at (0,0) size 400x52
          RenderTableRow {TR} at (0,2) size 400x23
            RenderTableCell {TD} at (2,2) size 137x23 [bgcolor=#00FF00] [r=0 c=0 rs=1 cs=1]
              RenderText {#text} at (1,2) size 74x19
                text run at (1,2) width 74: "width=35%"
            RenderTableCell {TD} at (141,2) size 257x23 [bgcolor=#FFFF00] [r=0 c=1 rs=1 cs=1]
              RenderText {#text} at (1,2) size 32x19
                text run at (1,2) width 32: "plain"
          RenderTableRow {TR} at (0,27) size 400x23
            RenderTableCell {TD} at (2,27) size 396x23 [bgcolor=#FF00FF] [r=1 c=0 rs=1 cs=2]
              RenderText {#text} at (1,2) size 65x19
                text run at (1,2) width 65: "colspan=2"
      RenderBlock {DIV} at (0,998) size 406x6 [border: (3px solid #FF0000)]
      RenderTable {TABLE} at (0,1004) size 400x52
        RenderTableSection {TBODY} at (0,0) size 400x52
          RenderTableRow {TR} at (0,2) size 400x23
            RenderTableCell {TD} at (2,2) size 138x23 [bgcolor=#00FF00] [r=0 c=0 rs=1 cs=1]
              RenderText {#text} at (1,2) size 32x19
                text run at (1,2) width 32: "plain"
            RenderTableCell {TD} at (142,2) size 256x23 [bgcolor=#FFFF00] [r=0 c=1 rs=1 cs=1]
              RenderText {#text} at (1,2) size 74x19
                text run at (1,2) width 74: "width=65%"
          RenderTableRow {TR} at (0,27) size 400x23
            RenderTableCell {TD} at (2,27) size 396x23 [bgcolor=#FF00FF] [r=1 c=0 rs=1 cs=2]
              RenderText {#text} at (1,2) size 65x19
                text run at (1,2) width 65: "colspan=2"
      RenderBlock {DIV} at (0,1056) size 406x6 [border: (3px solid #FF0000)]
      RenderTable {TABLE} at (0,1062) size 400x52
        RenderTableSection {TBODY} at (0,0) size 400x52
          RenderTableRow {TR} at (0,2) size 400x23
            RenderTableCell {TD} at (2,2) size 138x23 [bgcolor=#00FF00] [r=0 c=0 rs=1 cs=1]
              RenderText {#text} at (1,2) size 74x19
                text run at (1,2) width 74: "width=35%"
            RenderTableCell {TD} at (142,2) size 256x23 [bgcolor=#FFFF00] [r=0 c=1 rs=1 cs=1]
              RenderText {#text} at (1,2) size 74x19
                text run at (1,2) width 74: "width=65%"
          RenderTableRow {TR} at (0,27) size 400x23
            RenderTableCell {TD} at (2,27) size 396x23 [bgcolor=#FF00FF] [r=1 c=0 rs=1 cs=2]
              RenderText {#text} at (1,2) size 65x19
                text run at (1,2) width 65: "colspan=2"
      RenderBlock {DIV} at (0,1114) size 406x6 [border: (3px solid #FF0000)]
      RenderBlock {H3} at (0,1138) size 784x25
        RenderText {#text} at (0,1) size 39x22
          text run at (0,1) width 39: "50%"
      RenderBlock {DIV} at (0,1181) size 406x6 [border: (3px solid #FF0000)]
      RenderTable {TABLE} at (0,1187) size 400x52
        RenderTableSection {TBODY} at (0,0) size 400x52
          RenderTableRow {TR} at (0,2) size 400x23
            RenderTableCell {TD} at (2,2) size 197x23 [bgcolor=#00FF00] [r=0 c=0 rs=1 cs=1]
              RenderText {#text} at (1,2) size 74x19
                text run at (1,2) width 74: "width=50%"
            RenderTableCell {TD} at (201,2) size 197x23 [bgcolor=#FFFF00] [r=0 c=1 rs=1 cs=1]
              RenderText {#text} at (1,2) size 32x19
                text run at (1,2) width 32: "plain"
          RenderTableRow {TR} at (0,27) size 400x23
            RenderTableCell {TD} at (2,27) size 396x23 [bgcolor=#FF00FF] [r=1 c=0 rs=1 cs=2]
              RenderText {#text} at (1,2) size 138x19
                text run at (1,2) width 138: "colspan=2 width=400"
      RenderBlock {DIV} at (0,1239) size 406x6 [border: (3px solid #FF0000)]
      RenderTable {TABLE} at (0,1245) size 400x52
        RenderTableSection {TBODY} at (0,0) size 400x52
          RenderTableRow {TR} at (0,2) size 400x23
            RenderTableCell {TD} at (2,2) size 197x23 [bgcolor=#00FF00] [r=0 c=0 rs=1 cs=1]
              RenderText {#text} at (1,2) size 32x19
                text run at (1,2) width 32: "plain"
            RenderTableCell {TD} at (201,2) size 197x23 [bgcolor=#FFFF00] [r=0 c=1 rs=1 cs=1]
              RenderText {#text} at (1,2) size 74x19
                text run at (1,2) width 74: "width=50%"
          RenderTableRow {TR} at (0,27) size 400x23
            RenderTableCell {TD} at (2,27) size 396x23 [bgcolor=#FF00FF] [r=1 c=0 rs=1 cs=2]
              RenderText {#text} at (1,2) size 138x19
                text run at (1,2) width 138: "colspan=2 width=400"
      RenderBlock {DIV} at (0,1297) size 406x6 [border: (3px solid #FF0000)]
      RenderTable {TABLE} at (0,1303) size 400x52
        RenderTableSection {TBODY} at (0,0) size 400x52
          RenderTableRow {TR} at (0,2) size 400x23
            RenderTableCell {TD} at (2,2) size 197x23 [bgcolor=#00FF00] [r=0 c=0 rs=1 cs=1]
              RenderText {#text} at (1,2) size 74x19
                text run at (1,2) width 74: "width=50%"
            RenderTableCell {TD} at (201,2) size 197x23 [bgcolor=#FFFF00] [r=0 c=1 rs=1 cs=1]
              RenderText {#text} at (1,2) size 74x19
                text run at (1,2) width 74: "width=50%"
          RenderTableRow {TR} at (0,27) size 400x23
            RenderTableCell {TD} at (2,27) size 396x23 [bgcolor=#FF00FF] [r=1 c=0 rs=1 cs=2]
              RenderText {#text} at (1,2) size 138x19
                text run at (1,2) width 138: "colspan=2 width=400"
      RenderBlock {DIV} at (0,1355) size 406x6 [border: (3px solid #FF0000)]
      RenderTable {TABLE} at (0,1361) size 400x52
        RenderTableSection {TBODY} at (0,0) size 400x52
          RenderTableRow {TR} at (0,2) size 400x23
            RenderTableCell {TD} at (2,2) size 197x23 [bgcolor=#00FF00] [r=0 c=0 rs=1 cs=1]
              RenderText {#text} at (1,2) size 32x19
                text run at (1,2) width 32: "plain"
            RenderTableCell {TD} at (201,2) size 197x23 [bgcolor=#FFFF00] [r=0 c=1 rs=1 cs=1]
              RenderText {#text} at (1,2) size 32x19
                text run at (1,2) width 32: "plain"
          RenderTableRow {TR} at (0,27) size 400x23
            RenderTableCell {TD} at (2,27) size 396x23 [bgcolor=#FF00FF] [r=1 c=0 rs=1 cs=2]
              RenderText {#text} at (1,2) size 138x19
                text run at (1,2) width 138: "colspan=2 width=400"
      RenderBlock {DIV} at (0,1413) size 406x6 [border: (3px solid #FF0000)]
      RenderTable {TABLE} at (0,1419) size 400x52
        RenderTableSection {TBODY} at (0,0) size 400x52
          RenderTableRow {TR} at (0,2) size 400x23
            RenderTableCell {TD} at (2,2) size 197x23 [bgcolor=#00FF00] [r=0 c=0 rs=1 cs=1]
              RenderText {#text} at (1,2) size 69x19
                text run at (1,2) width 69: "width=200"
            RenderTableCell {TD} at (201,2) size 197x23 [bgcolor=#FFFF00] [r=0 c=1 rs=1 cs=1]
              RenderText {#text} at (1,2) size 69x19
                text run at (1,2) width 69: "width=200"
          RenderTableRow {TR} at (0,27) size 400x23
            RenderTableCell {TD} at (2,27) size 396x23 [bgcolor=#FF00FF] [r=1 c=0 rs=1 cs=2]
              RenderText {#text} at (1,2) size 65x19
                text run at (1,2) width 65: "colspan=2"
      RenderBlock {DIV} at (0,1471) size 406x6 [border: (3px solid #FF0000)]
      RenderBlock {H2} at (0,1496) size 784x32
        RenderText {#text} at (0,2) size 228x28
          text run at (0,2) width 228: "Tables Without Width"
      RenderBlock {P} at (0,1547) size 784x42
        RenderText {#text} at (0,1) size 753x40
          text run at (0,1) width 753: "The following tables have no width. They should still be the same size, by virtue of them having a 400 pixel cell and no"
          text run at (0,22) width 155: "padding/margin/borders."
      RenderBlock {H3} at (0,1607) size 784x25
        RenderText {#text} at (0,1) size 65x22
          text run at (0,1) width 65: "260/140"
      RenderBlock {DIV} at (0,1650) size 406x6 [border: (3px solid #FF0000)]
      RenderTable {TABLE} at (0,1656) size 406x52
        RenderTableSection {TBODY} at (0,0) size 406x52
          RenderTableRow {TR} at (0,2) size 406x23
            RenderTableCell {TD} at (2,2) size 258x23 [bgcolor=#00FF00] [r=0 c=0 rs=1 cs=1]
              RenderText {#text} at (1,2) size 32x19
                text run at (1,2) width 32: "plain"
            RenderTableCell {TD} at (262,2) size 142x23 [bgcolor=#FFFF00] [r=0 c=1 rs=1 cs=1]
              RenderText {#text} at (1,2) size 69x19
                text run at (1,2) width 69: "width=140"
          RenderTableRow {TR} at (0,27) size 406x23
            RenderTableCell {TD} at (2,27) size 402x23 [bgcolor=#FF00FF] [r=1 c=0 rs=1 cs=2]
              RenderText {#text} at (1,2) size 138x19
                text run at (1,2) width 138: "colspan=2 width=400"
      RenderBlock {DIV} at (0,1708) size 406x6 [border: (3px solid #FF0000)]
      RenderTable {TABLE} at (0,1714) size 406x52
        RenderTableSection {TBODY} at (0,0) size 406x52
          RenderTableRow {TR} at (0,2) size 406x23
            RenderTableCell {TD} at (2,2) size 262x23 [bgcolor=#00FF00] [r=0 c=0 rs=1 cs=1]
              RenderText {#text} at (1,2) size 69x19
                text run at (1,2) width 69: "width=260"
            RenderTableCell {TD} at (266,2) size 138x23 [bgcolor=#FFFF00] [r=0 c=1 rs=1 cs=1]
              RenderText {#text} at (1,2) size 32x19
                text run at (1,2) width 32: "plain"
          RenderTableRow {TR} at (0,27) size 406x23
            RenderTableCell {TD} at (2,27) size 402x23 [bgcolor=#FF00FF] [r=1 c=0 rs=1 cs=2]
              RenderText {#text} at (1,2) size 138x19
                text run at (1,2) width 138: "colspan=2 width=400"
      RenderBlock {DIV} at (0,1766) size 406x6 [border: (3px solid #FF0000)]
      RenderTable {TABLE} at (0,1772) size 410x52
        RenderTableSection {TBODY} at (0,0) size 410x52
          RenderTableRow {TR} at (0,2) size 410x23
            RenderTableCell {TD} at (2,2) size 262x23 [bgcolor=#00FF00] [r=0 c=0 rs=1 cs=1]
              RenderText {#text} at (1,2) size 69x19
                text run at (1,2) width 69: "width=260"
            RenderTableCell {TD} at (266,2) size 142x23 [bgcolor=#FFFF00] [r=0 c=1 rs=1 cs=1]
              RenderText {#text} at (1,2) size 69x19
                text run at (1,2) width 69: "width=140"
          RenderTableRow {TR} at (0,27) size 410x23
            RenderTableCell {TD} at (2,27) size 406x23 [bgcolor=#FF00FF] [r=1 c=0 rs=1 cs=2]
              RenderText {#text} at (1,2) size 138x19
                text run at (1,2) width 138: "colspan=2 width=400"
      RenderBlock {DIV} at (0,1824) size 406x6 [border: (3px solid #FF0000)]
      RenderTable {TABLE} at (0,1830) size 410x52
        RenderTableSection {TBODY} at (0,0) size 410x52
          RenderTableRow {TR} at (0,2) size 410x23
            RenderTableCell {TD} at (2,2) size 262x23 [bgcolor=#00FF00] [r=0 c=0 rs=1 cs=1]
              RenderText {#text} at (1,2) size 69x19
                text run at (1,2) width 69: "width=260"
            RenderTableCell {TD} at (266,2) size 142x23 [bgcolor=#FFFF00] [r=0 c=1 rs=1 cs=1]
              RenderText {#text} at (1,2) size 69x19
                text run at (1,2) width 69: "width=140"
          RenderTableRow {TR} at (0,27) size 410x23
            RenderTableCell {TD} at (2,27) size 406x23 [bgcolor=#FF00FF] [r=1 c=0 rs=1 cs=2]
              RenderText {#text} at (1,2) size 65x19
                text run at (1,2) width 65: "colspan=2"
      RenderBlock {DIV} at (0,1882) size 406x6 [border: (3px solid #FF0000)]
      RenderBlock {H3} at (0,1906) size 784x25
        RenderText {#text} at (0,1) size 65x22
          text run at (0,1) width 65: "140/260"
      RenderBlock {DIV} at (0,1949) size 406x6 [border: (3px solid #FF0000)]
      RenderTable {TABLE} at (0,1955) size 406x52
        RenderTableSection {TBODY} at (0,0) size 406x52
          RenderTableRow {TR} at (0,2) size 406x23
            RenderTableCell {TD} at (2,2) size 142x23 [bgcolor=#00FF00] [r=0 c=0 rs=1 cs=1]
              RenderText {#text} at (1,2) size 69x19
                text run at (1,2) width 69: "width=140"
            RenderTableCell {TD} at (146,2) size 258x23 [bgcolor=#FFFF00] [r=0 c=1 rs=1 cs=1]
              RenderText {#text} at (1,2) size 32x19
                text run at (1,2) width 32: "plain"
          RenderTableRow {TR} at (0,27) size 406x23
            RenderTableCell {TD} at (2,27) size 402x23 [bgcolor=#FF00FF] [r=1 c=0 rs=1 cs=2]
              RenderText {#text} at (1,2) size 138x19
                text run at (1,2) width 138: "colspan=2 width=400"
      RenderBlock {DIV} at (0,2007) size 406x6 [border: (3px solid #FF0000)]
      RenderTable {TABLE} at (0,2013) size 406x52
        RenderTableSection {TBODY} at (0,0) size 406x52
          RenderTableRow {TR} at (0,2) size 406x23
            RenderTableCell {TD} at (2,2) size 138x23 [bgcolor=#00FF00] [r=0 c=0 rs=1 cs=1]
              RenderText {#text} at (1,2) size 32x19
                text run at (1,2) width 32: "plain"
            RenderTableCell {TD} at (142,2) size 262x23 [bgcolor=#FFFF00] [r=0 c=1 rs=1 cs=1]
              RenderText {#text} at (1,2) size 69x19
                text run at (1,2) width 69: "width=260"
          RenderTableRow {TR} at (0,27) size 406x23
            RenderTableCell {TD} at (2,27) size 402x23 [bgcolor=#FF00FF] [r=1 c=0 rs=1 cs=2]
              RenderText {#text} at (1,2) size 138x19
                text run at (1,2) width 138: "colspan=2 width=400"
      RenderBlock {DIV} at (0,2065) size 406x6 [border: (3px solid #FF0000)]
      RenderTable {TABLE} at (0,2071) size 410x52
        RenderTableSection {TBODY} at (0,0) size 410x52
          RenderTableRow {TR} at (0,2) size 410x23
            RenderTableCell {TD} at (2,2) size 142x23 [bgcolor=#00FF00] [r=0 c=0 rs=1 cs=1]
              RenderText {#text} at (1,2) size 69x19
                text run at (1,2) width 69: "width=140"
            RenderTableCell {TD} at (146,2) size 262x23 [bgcolor=#FFFF00] [r=0 c=1 rs=1 cs=1]
              RenderText {#text} at (1,2) size 69x19
                text run at (1,2) width 69: "width=260"
          RenderTableRow {TR} at (0,27) size 410x23
            RenderTableCell {TD} at (2,27) size 406x23 [bgcolor=#FF00FF] [r=1 c=0 rs=1 cs=2]
              RenderText {#text} at (1,2) size 138x19
                text run at (1,2) width 138: "colspan=2 width=400"
      RenderBlock {DIV} at (0,2123) size 406x6 [border: (3px solid #FF0000)]
      RenderTable {TABLE} at (0,2129) size 410x52
        RenderTableSection {TBODY} at (0,0) size 410x52
          RenderTableRow {TR} at (0,2) size 410x23
            RenderTableCell {TD} at (2,2) size 142x23 [bgcolor=#00FF00] [r=0 c=0 rs=1 cs=1]
              RenderText {#text} at (1,2) size 69x19
                text run at (1,2) width 69: "width=140"
            RenderTableCell {TD} at (146,2) size 262x23 [bgcolor=#FFFF00] [r=0 c=1 rs=1 cs=1]
              RenderText {#text} at (1,2) size 69x19
                text run at (1,2) width 69: "width=260"
          RenderTableRow {TR} at (0,27) size 410x23
            RenderTableCell {TD} at (2,27) size 406x23 [bgcolor=#FF00FF] [r=1 c=0 rs=1 cs=2]
              RenderText {#text} at (1,2) size 65x19
                text run at (1,2) width 65: "colspan=2"
      RenderBlock {DIV} at (0,2181) size 406x6 [border: (3px solid #FF0000)]
      RenderBlock {H3} at (0,2205) size 784x25
        RenderText {#text} at (0,1) size 39x22
          text run at (0,1) width 39: "50%"
      RenderBlock {DIV} at (0,2248) size 406x6 [border: (3px solid #FF0000)]
      RenderTable {TABLE} at (0,2254) size 558x52
        RenderTableSection {TBODY} at (0,0) size 558x52
          RenderTableRow {TR} at (0,2) size 558x23
            RenderTableCell {TD} at (2,2) size 276x23 [bgcolor=#00FF00] [r=0 c=0 rs=1 cs=1]
              RenderText {#text} at (1,2) size 74x19
                text run at (1,2) width 74: "width=50%"
            RenderTableCell {TD} at (280,2) size 276x23 [bgcolor=#FFFF00] [r=0 c=1 rs=1 cs=1]
              RenderText {#text} at (1,2) size 32x19
                text run at (1,2) width 32: "plain"
          RenderTableRow {TR} at (0,27) size 558x23
            RenderTableCell {TD} at (2,27) size 554x23 [bgcolor=#FF00FF] [r=1 c=0 rs=1 cs=2]
              RenderText {#text} at (1,2) size 138x19
                text run at (1,2) width 138: "colspan=2 width=400"
      RenderBlock {DIV} at (0,2306) size 406x6 [border: (3px solid #FF0000)]
      RenderTable {TABLE} at (0,2312) size 560x52
        RenderTableSection {TBODY} at (0,0) size 560x52
          RenderTableRow {TR} at (0,2) size 560x23
            RenderTableCell {TD} at (2,2) size 277x23 [bgcolor=#00FF00] [r=0 c=0 rs=1 cs=1]
              RenderText {#text} at (1,2) size 32x19
                text run at (1,2) width 32: "plain"
            RenderTableCell {TD} at (281,2) size 277x23 [bgcolor=#FFFF00] [r=0 c=1 rs=1 cs=1]
              RenderText {#text} at (1,2) size 74x19
                text run at (1,2) width 74: "width=50%"
          RenderTableRow {TR} at (0,27) size 560x23
            RenderTableCell {TD} at (2,27) size 556x23 [bgcolor=#FF00FF] [r=1 c=0 rs=1 cs=2]
              RenderText {#text} at (1,2) size 138x19
                text run at (1,2) width 138: "colspan=2 width=400"
      RenderBlock {DIV} at (0,2364) size 406x6 [border: (3px solid #FF0000)]
      RenderTable {TABLE} at (0,2370) size 406x52
        RenderTableSection {TBODY} at (0,0) size 406x52
          RenderTableRow {TR} at (0,2) size 406x23
            RenderTableCell {TD} at (2,2) size 200x23 [bgcolor=#00FF00] [r=0 c=0 rs=1 cs=1]
              RenderText {#text} at (1,2) size 74x19
                text run at (1,2) width 74: "width=50%"
            RenderTableCell {TD} at (204,2) size 200x23 [bgcolor=#FFFF00] [r=0 c=1 rs=1 cs=1]
              RenderText {#text} at (1,2) size 74x19
                text run at (1,2) width 74: "width=50%"
          RenderTableRow {TR} at (0,27) size 406x23
            RenderTableCell {TD} at (2,27) size 402x23 [bgcolor=#FF00FF] [r=1 c=0 rs=1 cs=2]
              RenderText {#text} at (1,2) size 138x19
                text run at (1,2) width 138: "colspan=2 width=400"
      RenderBlock {DIV} at (0,2422) size 406x6 [border: (3px solid #FF0000)]
      RenderTable {TABLE} at (0,2428) size 406x52
        RenderTableSection {TBODY} at (0,0) size 406x52
          RenderTableRow {TR} at (0,2) size 406x23
            RenderTableCell {TD} at (2,2) size 200x23 [bgcolor=#00FF00] [r=0 c=0 rs=1 cs=1]
              RenderText {#text} at (1,2) size 32x19
                text run at (1,2) width 32: "plain"
            RenderTableCell {TD} at (204,2) size 200x23 [bgcolor=#FFFF00] [r=0 c=1 rs=1 cs=1]
              RenderText {#text} at (1,2) size 32x19
                text run at (1,2) width 32: "plain"
          RenderTableRow {TR} at (0,27) size 406x23
            RenderTableCell {TD} at (2,27) size 402x23 [bgcolor=#FF00FF] [r=1 c=0 rs=1 cs=2]
              RenderText {#text} at (1,2) size 138x19
                text run at (1,2) width 138: "colspan=2 width=400"
      RenderBlock {DIV} at (0,2480) size 406x6 [border: (3px solid #FF0000)]
      RenderTable {TABLE} at (0,2486) size 410x52
        RenderTableSection {TBODY} at (0,0) size 410x52
          RenderTableRow {TR} at (0,2) size 410x23
            RenderTableCell {TD} at (2,2) size 202x23 [bgcolor=#00FF00] [r=0 c=0 rs=1 cs=1]
              RenderText {#text} at (1,2) size 69x19
                text run at (1,2) width 69: "width=200"
            RenderTableCell {TD} at (206,2) size 202x23 [bgcolor=#FFFF00] [r=0 c=1 rs=1 cs=1]
              RenderText {#text} at (1,2) size 69x19
                text run at (1,2) width 69: "width=200"
          RenderTableRow {TR} at (0,27) size 410x23
            RenderTableCell {TD} at (2,27) size 406x23 [bgcolor=#FF00FF] [r=1 c=0 rs=1 cs=2]
              RenderText {#text} at (1,2) size 65x19
                text run at (1,2) width 65: "colspan=2"
      RenderBlock {DIV} at (0,2538) size 406x6 [border: (3px solid #FF0000)]
