layer at (0,0) size 800x1556
  RenderView at (0,0) size 800x600
layer at (0,0) size 800x1556
  RenderBlock {HTML} at (0,0) size 800x1556
    RenderBody {BODY} at (8,8) size 784x1540
      RenderTable {TABLE} at (0,0) size 784x289
        RenderTableSection {TBODY} at (0,0) size 784x289
          RenderTableRow {TR} at (0,0) size 784x289
            RenderTableCell {TD} at (0,0) size 44x289 [bgcolor=#0000FF] [r=0 c=0 rs=1 cs=1]
              RenderText {#text} at (0,0) size 44x289
                text run at (0,0) width 44: "XXXX"
                text run at (0,17) width 44: "XXXX"
                text run at (0,34) width 44: "XXXX"
                text run at (0,51) width 44: "XXXX"
                text run at (0,68) width 44: "XXXX"
                text run at (0,85) width 44: "XXXX"
                text run at (0,102) width 44: "XXXX"
                text run at (0,119) width 44: "XXXX"
                text run at (0,136) width 44: "XXXX"
                text run at (0,153) width 44: "XXXX"
                text run at (0,170) width 44: "XXXX"
                text run at (0,187) width 44: "XXXX"
                text run at (0,204) width 44: "XXXX"
                text run at (0,221) width 44: "XXXX"
                text run at (0,238) width 44: "XXXX"
                text run at (0,255) width 44: "XXXX"
                text run at (0,272) width 44: "XXXX"
            RenderTableCell {TD} at (44,144) size 740x0 [bgcolor=#008000] [r=0 c=1 rs=1 cs=1]
              RenderTable {TABLE} at (0,0) size 0x0 [bgcolor=#FFFF00]
      RenderBlock (anonymous) at (0,289) size 784x17
        RenderBR {BR} at (0,0) size 0x17
      RenderTable {TABLE} at (0,306) size 784x293 [border: (1px outset #808080)]
        RenderTableSection {TBODY} at (1,1) size 782x291
          RenderTableRow {TR} at (0,0) size 782x291
            RenderTableCell {TD} at (0,0) size 46x291 [bgcolor=#0000FF] [border: (1px inset #808080)] [r=0 c=0 rs=1 cs=1]
              RenderText {#text} at (1,1) size 44x289
                text run at (1,1) width 44: "XXXX"
                text run at (1,18) width 44: "XXXX"
                text run at (1,35) width 44: "XXXX"
                text run at (1,52) width 44: "XXXX"
                text run at (1,69) width 44: "XXXX"
                text run at (1,86) width 44: "XXXX"
                text run at (1,103) width 44: "XXXX"
                text run at (1,120) width 44: "XXXX"
                text run at (1,137) width 44: "XXXX"
                text run at (1,154) width 44: "XXXX"
                text run at (1,171) width 44: "XXXX"
                text run at (1,188) width 44: "XXXX"
                text run at (1,205) width 44: "XXXX"
                text run at (1,222) width 44: "XXXX"
                text run at (1,239) width 44: "XXXX"
                text run at (1,256) width 44: "XXXX"
                text run at (1,273) width 44: "XXXX"
            RenderTableCell {TD} at (46,144) size 736x2 [bgcolor=#008000] [border: (1px inset #808080)] [r=0 c=1 rs=1 cs=1]
              RenderTable {TABLE} at (1,1) size 0x0 [bgcolor=#FFFF00]
      RenderBlock (anonymous) at (0,599) size 784x17
        RenderBR {BR} at (0,0) size 0x17
      RenderTable {TABLE} at (0,616) size 784x295 [border: (1px outset #808080)]
        RenderTableSection {TBODY} at (1,1) size 782x293
          RenderTableRow {TR} at (0,0) size 782x293
            RenderTableCell {TD} at (0,0) size 48x293 [bgcolor=#0000FF] [border: (1px inset #808080)] [r=0 c=0 rs=1 cs=1]
              RenderText {#text} at (2,2) size 44x289
                text run at (2,2) width 44: "XXXX"
                text run at (2,19) width 44: "XXXX"
                text run at (2,36) width 44: "XXXX"
                text run at (2,53) width 44: "XXXX"
                text run at (2,70) width 44: "XXXX"
                text run at (2,87) width 44: "XXXX"
                text run at (2,104) width 44: "XXXX"
                text run at (2,121) width 44: "XXXX"
                text run at (2,138) width 44: "XXXX"
                text run at (2,155) width 44: "XXXX"
                text run at (2,172) width 44: "XXXX"
                text run at (2,189) width 44: "XXXX"
                text run at (2,206) width 44: "XXXX"
                text run at (2,223) width 44: "XXXX"
                text run at (2,240) width 44: "XXXX"
                text run at (2,257) width 44: "XXXX"
                text run at (2,274) width 44: "XXXX"
            RenderTableCell {TD} at (48,144) size 734x4 [bgcolor=#008000] [border: (1px inset #808080)] [r=0 c=1 rs=1 cs=1]
              RenderTable {TABLE} at (2,2) size 0x0 [bgcolor=#FFFF00]
      RenderBlock (anonymous) at (0,911) size 784x17
        RenderBR {BR} at (0,0) size 0x17
      RenderTable {TABLE} at (0,928) size 784x289
        RenderTableSection {TBODY} at (0,0) size 784x289
          RenderTableRow {TR} at (0,0) size 784x289
            RenderTableCell {TD} at (0,0) size 44x289 [bgcolor=#0000FF] [r=0 c=0 rs=1 cs=1]
              RenderText {#text} at (0,0) size 44x289
                text run at (0,0) width 44: "XXXX"
                text run at (0,17) width 44: "XXXX"
                text run at (0,34) width 44: "XXXX"
                text run at (0,51) width 44: "XXXX"
                text run at (0,68) width 44: "XXXX"
                text run at (0,85) width 44: "XXXX"
                text run at (0,102) width 44: "XXXX"
                text run at (0,119) width 44: "XXXX"
                text run at (0,136) width 44: "XXXX"
                text run at (0,153) width 44: "XXXX"
                text run at (0,170) width 44: "XXXX"
                text run at (0,187) width 44: "XXXX"
                text run at (0,204) width 44: "XXXX"
                text run at (0,221) width 44: "XXXX"
                text run at (0,238) width 44: "XXXX"
                text run at (0,255) width 44: "XXXX"
                text run at (0,272) width 44: "XXXX"
            RenderTableCell {TD} at (44,0) size 44x289 [bgcolor=#FFA500] [r=0 c=1 rs=1 cs=1]
              RenderText {#text} at (0,0) size 44x289
                text run at (0,0) width 44: "XXXX"
                text run at (0,17) width 44: "XXXX"
                text run at (0,34) width 44: "XXXX"
                text run at (0,51) width 44: "XXXX"
                text run at (0,68) width 44: "XXXX"
                text run at (0,85) width 44: "XXXX"
                text run at (0,102) width 44: "XXXX"
                text run at (0,119) width 44: "XXXX"
                text run at (0,136) width 44: "XXXX"
                text run at (0,153) width 44: "XXXX"
                text run at (0,170) width 44: "XXXX"
                text run at (0,187) width 44: "XXXX"
                text run at (0,204) width 44: "XXXX"
                text run at (0,221) width 44: "XXXX"
                text run at (0,238) width 44: "XXXX"
                text run at (0,255) width 44: "XXXX"
                text run at (0,272) width 44: "XXXX"
            RenderTableCell {TD} at (88,144) size 696x0 [bgcolor=#008000] [r=0 c=2 rs=1 cs=1]
              RenderTable {TABLE} at (0,0) size 0x0 [bgcolor=#FFFF00]
      RenderBlock (anonymous) at (0,1217) size 784x17
        RenderBR {BR} at (0,0) size 0x17
      RenderTable {TABLE} at (0,1234) size 784x289
        RenderTableSection {TBODY} at (0,0) size 784x289
          RenderTableRow {TR} at (0,0) size 784x289
            RenderTableCell {TD} at (0,0) size 44x289 [bgcolor=#0000FF] [r=0 c=0 rs=1 cs=1]
              RenderText {#text} at (0,0) size 44x289
                text run at (0,0) width 44: "XXXX"
                text run at (0,17) width 44: "XXXX"
                text run at (0,34) width 44: "XXXX"
                text run at (0,51) width 44: "XXXX"
                text run at (0,68) width 44: "XXXX"
                text run at (0,85) width 44: "XXXX"
                text run at (0,102) width 44: "XXXX"
                text run at (0,119) width 44: "XXXX"
                text run at (0,136) width 44: "XXXX"
                text run at (0,153) width 44: "XXXX"
                text run at (0,170) width 44: "XXXX"
                text run at (0,187) width 44: "XXXX"
                text run at (0,204) width 44: "XXXX"
                text run at (0,221) width 44: "XXXX"
                text run at (0,238) width 44: "XXXX"
                text run at (0,255) width 44: "XXXX"
                text run at (0,272) width 44: "XXXX"
            RenderTableCell {TD} at (44,136) size 740x17 [bgcolor=#008000] [r=0 c=1 rs=1 cs=1]
              RenderText {#text} at (0,0) size 9x17
                text run at (0,0) width 9: "x"
      RenderBlock (anonymous) at (0,1523) size 784x17
        RenderText {#text} at (0,0) size 25x17
          text run at (0,0) width 25: "-->"
