layer at (0,0) size 800x600
  RenderView at (0,0) size 800x600
layer at (0,0) size 800x600
  RenderBlock {HTML} at (0,0) size 800x600
    RenderBody {BODY} at (8,8) size 784x584 [bgcolor=#C0C0C0]
      RenderTable {TABLE} at (0,0) size 784x164 [border: (3px outset #808080)]
        RenderTableSection {TBODY} at (3,3) size 778x158
          RenderTableRow {TR} at (0,2) size 778x154
            RenderTableCell {TD} at (2,2) size 774x154 [border: (1px inset #808080)] [r=0 c=0 rs=1 cs=1]
              RenderTable {TABLE} at (2,2) size 385x150 [border: (3px outset #808080)]
                RenderTableSection {TBODY} at (3,3) size 379x144
                  RenderTableRow {TR} at (0,2) size 379x140
                    RenderTableCell {TD} at (2,2) size 375x140 [border: (1px inset #808080)] [r=0 c=0 rs=1 cs=1]
                      RenderText {#text} at (2,2) size 346x136
                        text run at (2,2) width 346: "blah blah blah blah blah blah blah blah blah"
                        text run at (2,19) width 156: "blah blah blah blah "
                        text run at (158,19) width 190: "blah blah blah blah blah"
                        text run at (2,36) width 312: "blah blah blah blah blah blah blah blah "
                        text run at (314,36) width 34: "blah"
                        text run at (2,53) width 346: "blah blah blah blah blah blah blah blah blah"
                        text run at (2,70) width 117: "blah blah blah "
                        text run at (119,70) width 229: "blah blah blah blah blah blah"
                        text run at (2,87) width 273: "blah blah blah blah blah blah blah "
                        text run at (275,87) width 73: "blah blah"
                        text run at (2,104) width 346: "blah blah blah blah blah blah blah blah blah"
                        text run at (2,121) width 73: "blah blah"
      RenderBlock (anonymous) at (0,164) size 784x17
        RenderBR {BR} at (0,0) size 0x17
      RenderTable {TABLE} at (0,181) size 784x164 [border: (3px outset #808080)]
        RenderTableSection {TBODY} at (3,3) size 778x158
          RenderTableRow {TR} at (0,2) size 778x154
            RenderTableCell {TD} at (2,2) size 774x154 [border: (1px inset #808080)] [r=0 c=0 rs=1 cs=1]
              RenderText {#text} at (387,2) size 73x17
                text run at (387,2) width 73: "blah blah"
              RenderTable {TABLE} at (2,2) size 385x150 [border: (3px outset #808080)]
                RenderTableSection {TBODY} at (3,3) size 379x144
                  RenderTableRow {TR} at (0,2) size 379x140
                    RenderTableCell {TD} at (2,2) size 375x140 [border: (1px inset #808080)] [r=0 c=0 rs=1 cs=1]
                      RenderText {#text} at (2,2) size 346x136
                        text run at (2,2) width 346: "blah blah blah blah blah blah blah blah blah"
                        text run at (2,19) width 156: "blah blah blah blah "
                        text run at (158,19) width 190: "blah blah blah blah blah"
                        text run at (2,36) width 312: "blah blah blah blah blah blah blah blah "
                        text run at (314,36) width 34: "blah"
                        text run at (2,53) width 346: "blah blah blah blah blah blah blah blah blah"
                        text run at (2,70) width 117: "blah blah blah "
                        text run at (119,70) width 229: "blah blah blah blah blah blah"
                        text run at (2,87) width 273: "blah blah blah blah blah blah blah "
                        text run at (275,87) width 73: "blah blah"
                        text run at (2,104) width 346: "blah blah blah blah blah blah blah blah blah"
                        text run at (2,121) width 73: "blah blah"
              RenderText {#text} at (0,0) size 0x0
      RenderBlock (anonymous) at (0,345) size 784x17
        RenderBR {BR} at (0,0) size 0x17
      RenderTable {TABLE} at (0,362) size 784x197 [border: (3px outset #808080)]
        RenderTableSection {TBODY} at (3,3) size 778x191
          RenderTableRow {TR} at (0,2) size 778x187
            RenderTableCell {TD} at (2,2) size 774x187 [border: (1px inset #808080)] [r=0 c=0 rs=1 cs=1]
              RenderBlock (anonymous) at (2,2) size 770x17
                RenderText {#text} at (0,0) size 73x17
                  text run at (0,0) width 73: "blah blah"
              RenderBlock {P} at (2,35) size 770x0
                RenderTable {TABLE} at (0,0) size 385x150 [border: (3px outset #808080)]
                  RenderTableSection {TBODY} at (3,3) size 379x144
                    RenderTableRow {TR} at (0,2) size 379x140
                      RenderTableCell {TD} at (2,2) size 375x140 [border: (1px inset #808080)] [r=0 c=0 rs=1 cs=1]
                        RenderText {#text} at (2,2) size 346x136
                          text run at (2,2) width 346: "blah blah blah blah blah blah blah blah blah"
                          text run at (2,19) width 156: "blah blah blah blah "
                          text run at (158,19) width 190: "blah blah blah blah blah"
                          text run at (2,36) width 312: "blah blah blah blah blah blah blah blah "
                          text run at (314,36) width 34: "blah"
                          text run at (2,53) width 346: "blah blah blah blah blah blah blah blah blah"
                          text run at (2,70) width 117: "blah blah blah "
                          text run at (119,70) width 229: "blah blah blah blah blah blah"
                          text run at (2,87) width 273: "blah blah blah blah blah blah blah "
                          text run at (275,87) width 73: "blah blah"
                          text run at (2,104) width 346: "blah blah blah blah blah blah blah blah blah"
                          text run at (2,121) width 73: "blah blah"
