layer at (0,0) size 800x600
  RenderView at (0,0) size 800x600
layer at (0,0) size 800x600
  RenderBlock {HTML} at (0,0) size 800x600
    RenderBody {BODY} at (8,8) size 784x584
      RenderTable {TABLE} at (0,0) size 752x29
        RenderTableSection {TBODY} at (0,0) size 752x29
          RenderTableRow {TR} at (0,2) size 752x25
            RenderTableCell {TD} at (2,2) size 748x25 [r=0 c=0 rs=1 cs=1]
              RenderTable {TABLE} at (1,1) size 746x23
                RenderTableSection {TBODY} at (0,0) size 746x23
                  RenderTableRow {TR} at (0,2) size 746x19
                    RenderTableCell {TD} at (2,2) size 43x19 [r=0 c=0 rs=1 cs=1]
                      RenderText {#text} at (1,1) size 41x17
                        text run at (1,1) width 41: "news"
                    RenderTableCell {TD} at (47,2) size 69x19 [r=0 c=1 rs=1 cs=1]
                      RenderText {#text} at (1,1) size 67x17
                        text run at (1,1) width 67: "archives"
                    RenderTableCell {TD} at (118,2) size 79x19 [r=0 c=2 rs=1 cs=1]
                      RenderText {#text} at (1,1) size 77x17
                        text run at (1,1) width 77: "hardware"
                    RenderTableCell {TD} at (199,2) size 44x19 [r=0 c=3 rs=1 cs=1]
                      RenderText {#text} at (1,1) size 42x17
                        text run at (1,1) width 42: "shots"
                    RenderTableCell {TD} at (245,2) size 56x19 [r=0 c=4 rs=1 cs=1]
                      RenderText {#text} at (1,1) size 54x17
                        text run at (1,1) width 54: "games"
                    RenderTableCell {TD} at (303,2) size 34x19 [r=0 c=5 rs=1 cs=1]
                      RenderText {#text} at (1,1) size 32x17
                        text run at (1,1) width 32: "files"
                    RenderTableCell {TD} at (339,2) size 92x19 [r=0 c=6 rs=1 cs=1]
                      RenderText {#text} at (1,1) size 90x17
                        text run at (1,1) width 90: "reviewseek"
                    RenderTableCell {TD} at (433,2) size 59x19 [r=0 c=7 rs=1 cs=1]
                      RenderText {#text} at (1,1) size 57x17
                        text run at (1,1) width 57: "forums"
                    RenderTableCell {TD} at (494,2) size 83x19 [r=0 c=8 rs=1 cs=1]
                      RenderText {#text} at (1,1) size 81x17
                        text run at (1,1) width 81: "interviews"
                    RenderTableCell {TD} at (579,2) size 48x19 [r=0 c=9 rs=1 cs=1]
                      RenderText {#text} at (1,1) size 46x17
                        text run at (1,1) width 46: "about"
                    RenderTableCell {TD} at (629,2) size 37x19 [r=0 c=10 rs=1 cs=1]
                      RenderText {#text} at (1,1) size 35x17
                        text run at (1,1) width 35: "links"
                    RenderTableCell {TD} at (668,2) size 76x19 [r=0 c=11 rs=1 cs=1]
                      RenderText {#text} at (1,1) size 74x17
                        text run at (1,1) width 74: "advertise"
