layer at (0,0) size 800x600
  RenderView at (0,0) size 800x600
layer at (0,0) size 800x600
  RenderBlock {HTML} at (0,0) size 800x600
    RenderBody {BODY} at (8,8) size 784x584
      RenderBlock {P} at (0,0) size 784x51
        RenderText {#text} at (0,0) size 747x51
          text run at (0,0) width 747: "(1) Table with 2 columns. Relative width value for first column is \"1*\" and for column 2 is \"3*\"."
          text run at (0,17) width 721: "Table width is 100%. The first column should span 1/4 of the window width and the second"
          text run at (0,34) width 364: "column should span 3/4 of the window width. "
        RenderInline {B} at (0,0) size 234x17
          RenderText {#text} at (364,34) size 234x17
            text run at (364,34) width 234: "5.0 renders this correctly."
      RenderTable {TABLE} at (0,67) size 784x27 [border: (1px outset #808080)]
        RenderTableCol {COLGROUP} at (0,0) size 0x0
          RenderTableCol {COL} at (0,0) size 0x0
          RenderTableCol {COL} at (0,0) size 0x0
        RenderTableSection {TBODY} at (1,1) size 782x25
          RenderTableRow {TR} at (0,2) size 782x21
            RenderTableCell {TD} at (2,2) size 388x21 [border: (1px inset #808080)] [r=0 c=0 rs=1 cs=1]
              RenderText {#text} at (2,2) size 33x17
                text run at (2,2) width 33: "Test"
            RenderTableCell {TD} at (392,2) size 388x21 [border: (1px inset #808080)] [r=0 c=1 rs=1 cs=1]
              RenderText {#text} at (2,2) size 33x17
                text run at (2,2) width 33: "Test"
      RenderBlock (anonymous) at (0,94) size 784x34
        RenderBR {BR} at (0,0) size 0x17
        RenderBR {BR} at (0,17) size 0x17
      RenderBlock {P} at (0,144) size 784x34
        RenderText {#text} at (0,0) size 744x34
          text run at (0,0) width 744: "(2) Table with 1 column. Relative width value for column is \"0*\" with table width of 100%. The"
          text run at (0,17) width 656: "column should span the minimum width necessary to hold the column's contents. "
        RenderInline {B} at (0,0) size 81x17
          RenderText {#text} at (656,17) size 81x17
            text run at (656,17) width 81: "Problem."
      RenderTable {TABLE} at (0,194) size 784x27 [border: (1px outset #808080)]
        RenderTableCol {COLGROUP} at (0,0) size 0x0
          RenderTableCol {COL} at (0,0) size 0x0
        RenderTableSection {TBODY} at (1,1) size 782x25
          RenderTableRow {TR} at (0,2) size 782x21
            RenderTableCell {TD} at (2,2) size 778x21 [border: (1px inset #808080)] [r=0 c=0 rs=1 cs=1]
              RenderText {#text} at (2,2) size 33x17
                text run at (2,2) width 33: "Test"
      RenderBlock (anonymous) at (0,221) size 784x34
        RenderBR {BR} at (0,0) size 0x17
        RenderBR {BR} at (0,17) size 0x17
      RenderBlock {P} at (0,271) size 784x68
        RenderText {#text} at (0,0) size 747x51
          text run at (0,0) width 747: "(3) Table with 2 columns. Relative width value for first column is \"0*\" and for column 2 is \"3*\"."
          text run at (0,17) width 735: "Table width is 100%. The first column should span the minimum width necessary to hold the"
          text run at (0,34) width 409: "column's contents. The second column should ????"
        RenderInline {B} at (0,0) size 751x34
          RenderText {#text} at (409,34) size 751x34
            text run at (409,34) width 342: "The first column is rendered properly,"
            text run at (0,51) width 642: "but there seems to be a problem with the width of the second column."
      RenderTable {TABLE} at (0,355) size 784x27 [border: (1px outset #808080)]
        RenderTableCol {COLGROUP} at (0,0) size 0x0
          RenderTableCol {COL} at (0,0) size 0x0
          RenderTableCol {COL} at (0,0) size 0x0
        RenderTableSection {TBODY} at (1,1) size 782x25
          RenderTableRow {TR} at (0,2) size 782x21
            RenderTableCell {TD} at (2,2) size 388x21 [border: (1px inset #808080)] [r=0 c=0 rs=1 cs=1]
              RenderText {#text} at (2,2) size 33x17
                text run at (2,2) width 33: "Test"
            RenderTableCell {TD} at (392,2) size 388x21 [border: (1px inset #808080)] [r=0 c=1 rs=1 cs=1]
              RenderText {#text} at (2,2) size 33x17
                text run at (2,2) width 33: "Test"
