layer at (0,0) size 955x600
  RenderView at (0,0) size 800x600
layer at (0,0) size 955x600
  RenderBlock {HTML} at (0,0) size 800x600
    RenderBody {BODY} at (8,8) size 784x584
      RenderBlock {P} at (0,0) size 784x68
        RenderText {#text} at (0,0) size 779x68
          text run at (0,0) width 779: "This table contains an <applet> that will not load -- you can see the space get allocated and then"
          text run at (0,17) width 773: "reflow. Notice that the final table is clipped on the right hand side -- try shrinking the window and"
          text run at (0,34) width 189: "notice how the clipping "
          text run at (189,34) width 590: "increases. (I couldn't really simplify this further without losing some of the"
          text run at (0,51) width 139: "original 'flavour'.)"
      RenderBlock (anonymous) at (0,84) size 784x17
        RenderBR {BR} at (0,0) size 0x17
      RenderTable {TABLE} at (0,101) size 947x136 [border: (1px outset #808080)]
        RenderTableSection {TBODY} at (1,1) size 945x134
          RenderTableRow {TR} at (0,2) size 945x130
            RenderTableCell {TD} at (2,2) size 941x130 [border: (1px inset #808080)] [r=0 c=0 rs=1 cs=1]
              RenderTable {TABLE} at (2,2) size 937x126 [border: (1px outset #808080)]
                RenderTableSection {TBODY} at (1,1) size 935x124
                  RenderTableRow {TR} at (0,2) size 935x66
                    RenderTableCell {TD} at (2,2) size 931x66 [border: (1px inset #808080)] [r=0 c=0 rs=1 cs=1]
                      RenderTable {TABLE} at (459,2) size 12x12 [border: (2px outset #808080)]
                        RenderTableSection {TBODY} at (2,2) size 8x8
                          RenderTableRow {TR} at (0,2) size 8x4
                            RenderTableCell {TD} at (2,2) size 4x4 [border: (1px inset #808080)] [r=0 c=0 rs=1 cs=1]
                              RenderInline {APPLET} at (0,0) size 0x0
                                RenderText {#text} at (0,0) size 0x0
                                RenderText {#text} at (0,0) size 0x0
                              RenderText {#text} at (0,0) size 0x0
                      RenderBlock {P} at (2,30) size 927x34
                        RenderText {#text} at (0,0) size 918x34
                          text run at (0,0) width 534: "The Porto Elounda Mare is built on the sea front, on a 110,000 m2 "
                          text run at (534,0) width 384: "plot of land with a 150 meter long private sandy"
                          text run at (0,17) width 179: "beach. The view from "
                          text run at (179,17) width 494: "decorated with antique and contemporary furniture and rugs."
                  RenderTableRow {TR} at (0,70) size 935x52
                    RenderTableCell {TD} at (2,70) size 931x52 [border: (1px inset #808080)] [r=1 c=0 rs=1 cs=1]
                      RenderTable {TABLE} at (2,2) size 927x48 [border: (1px outset #808080)]
                        RenderTableSection {TBODY} at (1,1) size 925x46
                          RenderTableRow {TR} at (0,0) size 925x46
                            RenderTableCell {TD} at (0,8) size 375x29 [border: (1px inset #808080)] [r=0 c=0 rs=1 cs=1]
                              RenderText {#text} at (6,6) size 363x17
                                text run at (6,6) width 172: "99 Rates in Drahmas "
                                text run at (178,6) width 150: "Per Person on H/B "
                                text run at (328,6) width 41: "Basis"
                            RenderTableCell {TD} at (375,0) size 123x46 [border: (1px inset #808080)] [r=0 c=1 rs=1 cs=1]
                              RenderText {#text} at (6,6) size 111x17
                                text run at (6,6) width 111: "27/03 - 30/04 "
                              RenderBR {BR} at (117,19) size 0x0
                              RenderText {#text} at (6,23) size 106x17
                                text run at (6,23) width 106: "16/10 - 31/10"
                            RenderTableCell {TD} at (498,8) size 211x29 [border: (1px inset #808080)] [r=0 c=2 rs=1 cs=1]
                              RenderText {#text} at (6,6) size 199x17
                                text run at (6,6) width 199: "01/5- 21/5 & 2/10 - 15/10"
                            RenderTableCell {TD} at (709,0) size 108x46 [border: (1px inset #808080)] [r=0 c=3 rs=1 cs=1]
                              RenderText {#text} at (6,6) size 96x17
                                text run at (6,6) width 96: "22/5 - 16/07"
                              RenderBR {BR} at (102,19) size 0x0
                              RenderText {#text} at (6,23) size 96x17
                                text run at (6,23) width 96: "28/8 - 01/10"
                            RenderTableCell {TD} at (817,8) size 108x29 [border: (1px inset #808080)] [r=0 c=4 rs=1 cs=1]
                              RenderText {#text} at (6,6) size 96x17
                                text run at (6,6) width 96: "17/07 - 27/8"
      RenderBlock (anonymous) at (0,237) size 784x17
        RenderBR {BR} at (0,0) size 0x17
      RenderBlock {P} at (0,270) size 784x17
        RenderText {#text} at (0,0) size 687x17
          text run at (0,0) width 543: "This table repeats the previous table, but removes the 'bad applet'. "
          text run at (543,0) width 144: "Table lays out OK."
      RenderBlock (anonymous) at (0,303) size 784x17
        RenderBR {BR} at (0,0) size 0x17
      RenderTable {TABLE} at (0,320) size 947x153 [border: (1px outset #808080)]
        RenderTableSection {TBODY} at (1,1) size 945x151
          RenderTableRow {TR} at (0,2) size 945x147
            RenderTableCell {TD} at (2,2) size 941x147 [border: (1px inset #808080)] [r=0 c=0 rs=1 cs=1]
              RenderTable {TABLE} at (2,2) size 937x143 [border: (1px outset #808080)]
                RenderTableSection {TBODY} at (1,1) size 935x141
                  RenderTableRow {TR} at (0,2) size 935x83
                    RenderTableCell {TD} at (2,2) size 931x83 [border: (1px inset #808080)] [r=0 c=0 rs=1 cs=1]
                      RenderTable {TABLE} at (395,2) size 140x29 [border: (2px outset #808080)]
                        RenderTableSection {TBODY} at (2,2) size 136x25
                          RenderTableRow {TR} at (0,2) size 136x21
                            RenderTableCell {TD} at (2,2) size 132x21 [border: (1px inset #808080)] [r=0 c=0 rs=1 cs=1]
                              RenderText {#text} at (2,2) size 128x17
                                text run at (2,2) width 128: "applet was here"
                      RenderBlock {P} at (2,47) size 927x34
                        RenderText {#text} at (0,0) size 918x34
                          text run at (0,0) width 534: "The Porto Elounda Mare is built on the sea front, on a 110,000 m2 "
                          text run at (534,0) width 384: "plot of land with a 150 meter long private sandy"
                          text run at (0,17) width 179: "beach. The view from "
                          text run at (179,17) width 494: "decorated with antique and contemporary furniture and rugs."
                  RenderTableRow {TR} at (0,87) size 935x52
                    RenderTableCell {TD} at (2,87) size 931x52 [border: (1px inset #808080)] [r=1 c=0 rs=1 cs=1]
                      RenderTable {TABLE} at (2,2) size 927x48 [border: (1px outset #808080)]
                        RenderTableSection {TBODY} at (1,1) size 925x46
                          RenderTableRow {TR} at (0,0) size 925x46
                            RenderTableCell {TD} at (0,8) size 375x29 [border: (1px inset #808080)] [r=0 c=0 rs=1 cs=1]
                              RenderText {#text} at (6,6) size 363x17
                                text run at (6,6) width 172: "99 Rates in Drahmas "
                                text run at (178,6) width 150: "Per Person on H/B "
                                text run at (328,6) width 41: "Basis"
                            RenderTableCell {TD} at (375,0) size 123x46 [border: (1px inset #808080)] [r=0 c=1 rs=1 cs=1]
                              RenderText {#text} at (6,6) size 111x17
                                text run at (6,6) width 111: "27/03 - 30/04 "
                              RenderBR {BR} at (117,19) size 0x0
                              RenderText {#text} at (6,23) size 106x17
                                text run at (6,23) width 106: "16/10 - 31/10"
                            RenderTableCell {TD} at (498,8) size 211x29 [border: (1px inset #808080)] [r=0 c=2 rs=1 cs=1]
                              RenderText {#text} at (6,6) size 199x17
                                text run at (6,6) width 199: "01/5- 21/5 & 2/10 - 15/10"
                            RenderTableCell {TD} at (709,0) size 108x46 [border: (1px inset #808080)] [r=0 c=3 rs=1 cs=1]
                              RenderText {#text} at (6,6) size 96x17
                                text run at (6,6) width 96: "22/5 - 16/07"
                              RenderBR {BR} at (102,19) size 0x0
                              RenderText {#text} at (6,23) size 96x17
                                text run at (6,23) width 96: "28/8 - 01/10"
                            RenderTableCell {TD} at (817,8) size 108x29 [border: (1px inset #808080)] [r=0 c=4 rs=1 cs=1]
                              RenderText {#text} at (6,6) size 96x17
                                text run at (6,6) width 96: "17/07 - 27/8"
