layer at (0,0) size 800x2424
  RenderView at (0,0) size 800x600
layer at (0,0) size 800x2424
  RenderBlock {HTML} at (0,0) size 800x2424
    RenderBody {BODY} at (8,8) size 784x2400
      RenderBlock {H1} at (0,0) size 784x33
        RenderText {#text} at (0,0) size 576x33
          text run at (0,0) width 576: "Example 4: Some simple tables."
      RenderTable {TABLE} at (0,54) size 590x96 [border: (1px outset #808080)]
        RenderTableSection {TBODY} at (1,1) size 588x94
          RenderTableRow {TR} at (0,2) size 588x21
            RenderTableCell {TH} at (2,2) size 85x21 [border: (1px inset #808080)] [r=0 c=0 rs=1 cs=1]
              RenderText {#text} at (16,2) size 53x17
                text run at (16,2) width 53: "Color "
            RenderTableCell {TH} at (89,2) size 497x21 [border: (1px inset #808080)] [r=0 c=1 rs=1 cs=1]
              RenderText {#text} at (207,2) size 82x17
                text run at (207,2) width 82: "Meaning "
          RenderTableRow {TR} at (0,25) size 588x21
            RenderTableCell {TD} at (2,25) size 85x21 [bgcolor=#90EE90] [border: (1px inset #808080)] [r=1 c=0 rs=1 cs=1]
              RenderText {#text} at (2,2) size 81x17
                text run at (2,2) width 81: "lightgreen"
            RenderTableCell {TD} at (89,25) size 497x21 [border: (1px inset #808080)] [r=1 c=1 rs=1 cs=1]
              RenderText {#text} at (2,2) size 378x17
                text run at (2,2) width 378: "Light green is used on cells that have a colspan"
          RenderTableRow {TR} at (0,48) size 588x21
            RenderTableCell {TD} at (2,48) size 85x21 [bgcolor=#F0E68C] [border: (1px inset #808080)] [r=2 c=0 rs=1 cs=1]
              RenderText {#text} at (2,2) size 42x17
                text run at (2,2) width 42: "khaki"
            RenderTableCell {TD} at (89,48) size 497x21 [border: (1px inset #808080)] [r=2 c=1 rs=1 cs=1]
              RenderText {#text} at (2,2) size 338x17
                text run at (2,2) width 338: "Khaki is used on cells that have a rowspan"
          RenderTableRow {TR} at (0,71) size 588x21
            RenderTableCell {TD} at (2,71) size 85x21 [bgcolor=#D3D3D3] [border: (1px inset #808080)] [r=3 c=0 rs=1 cs=1]
              RenderText {#text} at (2,2) size 70x17
                text run at (2,2) width 70: "lightgrey"
            RenderTableCell {TD} at (89,71) size 497x21 [border: (1px inset #808080)] [r=3 c=1 rs=1 cs=1]
              RenderText {#text} at (2,2) size 379x17
                text run at (2,2) width 379: "Light grey is used on cells that have a rowspan "
              RenderInline {B} at (0,0) size 33x17
                RenderText {#text} at (381,2) size 33x17
                  text run at (381,2) width 33: "and"
              RenderText {#text} at (414,2) size 81x17
                text run at (414,2) width 81: " a colspan"
      RenderBlock (anonymous) at (0,150) size 784x34
        RenderBR {BR} at (0,0) size 0x17
        RenderText {#text} at (0,17) size 5x17
          text run at (0,17) width 5: " "
      RenderTable {TABLE} at (0,184) size 784x124 [border: (1px outset #808080)]
        RenderBlock {CAPTION} at (0,0) size 782x17
          RenderText {#text} at (68,0) size 646x17
            text run at (68,0) width 646: "Table 1 has this caption at the top.  It is defined to be 100% of it's parent's width."
        RenderTableSection {TBODY} at (1,18) size 782x105
          RenderTableRow {TR} at (0,2) size 782x38
            RenderTableCell {TD} at (2,10) size 405x21 [bgcolor=#90EE90] [border: (1px inset #808080)] [r=0 c=0 rs=1 cs=2]
              RenderText {#text} at (2,2) size 29x17
                text run at (2,2) width 29: "Cell"
            RenderTableCell {TD} at (409,2) size 371x38 [border: (1px inset #808080)] [r=0 c=2 rs=1 cs=1]
              RenderText {#text} at (2,2) size 355x34
                text run at (2,2) width 355: "Stuff to test out table cell layout. This should"
                text run at (2,19) width 129: "be long enough."
          RenderTableRow {TR} at (0,42) size 782x21
            RenderTableCell {TD} at (2,42) size 33x21 [border: (1px inset #808080)] [r=1 c=0 rs=1 cs=1]
              RenderText {#text} at (2,2) size 29x17
                text run at (2,2) width 29: "Cell"
            RenderTableCell {TD} at (37,42) size 743x21 [bgcolor=#90EE90] [border: (1px inset #808080)] [r=1 c=1 rs=1 cs=2]
              RenderText {#text} at (2,2) size 490x17
                text run at (2,2) width 490: "Stuff to test out table cell layout. This should be long enough."
          RenderTableRow {TR} at (0,65) size 782x38
            RenderTableCell {TD} at (2,73) size 33x21 [border: (1px inset #808080)] [r=2 c=0 rs=1 cs=1]
              RenderText {#text} at (2,2) size 29x17
                text run at (2,2) width 29: "Cell"
            RenderTableCell {TD} at (37,65) size 370x38 [border: (1px inset #808080)] [r=2 c=1 rs=1 cs=1]
              RenderText {#text} at (2,2) size 355x34
                text run at (2,2) width 355: "Stuff to test out table cell layout. This should"
                text run at (2,19) width 129: "be long enough."
            RenderTableCell {TD} at (409,73) size 371x21 [border: (1px inset #808080)] [r=2 c=2 rs=1 cs=1]
              RenderText {#text} at (2,2) size 29x17
                text run at (2,2) width 29: "Cell"
      RenderBlock (anonymous) at (0,308) size 784x34
        RenderBR {BR} at (0,0) size 0x17
        RenderText {#text} at (0,17) size 5x17
          text run at (0,17) width 5: " "
      RenderTable {TABLE} at (0,342) size 620x90 [border: (1px outset #808080)]
        RenderBlock {CAPTION} at (0,0) size 618x17
          RenderText {#text} at (106,0) size 405x17
            text run at (106,0) width 405: "Table 2 has auto-width (no width param specified.)"
        RenderTableSection {TBODY} at (1,18) size 618x71
          RenderTableRow {TR} at (0,2) size 618x21
            RenderTableCell {TD} at (2,2) size 33x21 [border: (1px inset #808080)] [r=0 c=0 rs=1 cs=1]
              RenderText {#text} at (2,2) size 29x17
                text run at (2,2) width 29: "Cell"
            RenderTableCell {TD} at (37,13) size 579x21 [bgcolor=#D3D3D3] [border: (1px inset #808080)] [r=0 c=1 rs=2 cs=2]
              RenderText {#text} at (2,2) size 490x17
                text run at (2,2) width 490: "Stuff to test out table cell layout. This should be long enough."
          RenderTableRow {TR} at (0,25) size 618x21
            RenderTableCell {TD} at (2,25) size 33x21 [border: (1px inset #808080)] [r=1 c=0 rs=1 cs=1]
              RenderText {#text} at (2,2) size 29x17
                text run at (2,2) width 29: "Cell"
          RenderTableRow {TR} at (0,48) size 618x21
            RenderTableCell {TD} at (2,48) size 33x21 [border: (1px inset #808080)] [r=2 c=0 rs=1 cs=1]
              RenderText {#text} at (2,2) size 29x17
                text run at (2,2) width 29: "Cell"
            RenderTableCell {TD} at (37,48) size 494x21 [border: (1px inset #808080)] [r=2 c=1 rs=1 cs=1]
              RenderText {#text} at (2,2) size 490x17
                text run at (2,2) width 490: "Stuff to test out table cell layout. This should be long enough."
            RenderTableCell {TD} at (533,48) size 83x21 [border: (1px inset #808080)] [r=2 c=2 rs=1 cs=1]
              RenderText {#text} at (2,2) size 79x17
                text run at (2,2) width 79: "more text"
      RenderBlock (anonymous) at (0,432) size 784x17
        RenderText {#text} at (0,0) size 5x17
          text run at (0,0) width 5: " "
      RenderTable {TABLE} at (0,449) size 620x90 [border: (1px outset #808080)]
        RenderBlock {CAPTION} at (0,0) size 618x17
          RenderText {#text} at (62,0) size 494x17
            text run at (62,0) width 494: "Table 3 is the same as Table 2, but with equal column widths. "
        RenderTableSection {TBODY} at (1,18) size 618x71
          RenderTableRow {TR} at (0,2) size 618x21
            RenderTableCell {TD} at (2,2) size 33x21 [border: (1px inset #808080)] [r=0 c=0 rs=1 cs=1]
              RenderText {#text} at (2,2) size 29x17
                text run at (2,2) width 29: "Cell"
            RenderTableCell {TD} at (37,13) size 579x21 [bgcolor=#D3D3D3] [border: (1px inset #808080)] [r=0 c=1 rs=2 cs=2]
              RenderText {#text} at (2,2) size 490x17
                text run at (2,2) width 490: "Stuff to test out table cell layout. This should be long enough."
          RenderTableRow {TR} at (0,25) size 618x21
            RenderTableCell {TD} at (2,25) size 33x21 [border: (1px inset #808080)] [r=1 c=0 rs=1 cs=1]
              RenderText {#text} at (2,2) size 29x17
                text run at (2,2) width 29: "Cell"
          RenderTableRow {TR} at (0,48) size 618x21
            RenderTableCell {TD} at (2,48) size 33x21 [border: (1px inset #808080)] [r=2 c=0 rs=1 cs=1]
              RenderText {#text} at (2,2) size 29x17
                text run at (2,2) width 29: "Cell"
            RenderTableCell {TD} at (37,48) size 494x21 [border: (1px inset #808080)] [r=2 c=1 rs=1 cs=1]
              RenderText {#text} at (2,2) size 490x17
                text run at (2,2) width 490: "Stuff to test out table cell layout. This should be long enough."
            RenderTableCell {TD} at (533,48) size 83x21 [border: (1px inset #808080)] [r=2 c=2 rs=1 cs=1]
              RenderText {#text} at (2,2) size 79x17
                text run at (2,2) width 79: "more text"
      RenderBlock (anonymous) at (0,539) size 784x34
        RenderBR {BR} at (0,0) size 0x17
        RenderText {#text} at (0,17) size 5x17
          text run at (0,17) width 5: " "
      RenderTable {TABLE} at (0,573) size 252x200 [border: (1px none #808080)]
        RenderBlock {CAPTION} at (0,132) size 250x68
          RenderText {#text} at (31,0) size 226x68
            text run at (31,0) width 187: "Table 4 has this bottom"
            text run at (36,17) width 177: "caption. The table has"
            text run at (12,34) width 226: "specified column widths and"
            text run at (49,51) width 151: "collapsing borders."
        RenderTableCol {COLGROUP} at (0,0) size 0x0
          RenderTableCol {COL} at (0,0) size 0x0 [border: (2px dashed #0000FF) none (2px solid #000000)]
          RenderTableCol {COL} at (0,0) size 0x0 [border: (1px solid #FF0000) none]
          RenderTableCol {COL} at (0,0) size 0x0 [border: (2px solid #000000) none]
        RenderTableSection {THEAD} at (1,1) size 250x25 [border: none (6px solid #000000) none]
          RenderTableRow {TR} at (0,0) size 250x25 [border: (2px solid #000000)]
            RenderTableCell {TH} at (0,0) size 90x25 [border: (1px none #000000) none (3px none #000000)] [r=0 c=0 rs=1 cs=1]
              RenderText {#text} at (17,3) size 57x17
                text run at (17,3) width 57: "Player"
            RenderTableCell {TH} at (90,0) size 80x25 [border: (1px none #000000) none (3px none #000000)] [r=0 c=1 rs=1 cs=1]
              RenderText {#text} at (4,3) size 72x17
                text run at (4,3) width 72: "Ranking"
            RenderTableCell {TH} at (170,0) size 80x25 [border: (1px none #000000)] [r=0 c=2 rs=1 cs=1]
              RenderText {#text} at (8,3) size 62x17
                text run at (8,3) width 62: "Record"
        RenderTableSection {TBODY} at (1,26) size 250x105
          RenderTableRow {TR} at (0,0) size 250x42 [border: (2px solid #000000)]
            RenderTableCell {TD} at (0,0) size 90x42 [border: (3px none #000000)] [r=0 c=0 rs=1 cs=1]
              RenderText {#text} at (3,5) size 45x34
                text run at (3,5) width 45: "Steve"
                text run at (3,22) width 41: "Clark"
            RenderTableCell {TD} at (90,8) size 80x25 [border: (3px none #000000)] [r=0 c=1 rs=1 cs=1]
              RenderText {#text} at (35,5) size 10x17
                text run at (35,5) width 10: "1"
            RenderTableCell {TD} at (170,8) size 80x25 [border: (3px none #000000)] [r=0 c=2 rs=1 cs=1]
              RenderText {#text} at (22,5) size 36x17
                text run at (22,5) width 36: "77-0"
          RenderTableRow {TR} at (0,42) size 250x23 [border: (2px solid #000000)]
            RenderTableCell {TD} at (0,42) size 90x23 [border: (1px none #000000)] [r=1 c=0 rs=1 cs=1]
              RenderText {#text} at (3,3) size 83x17
                text run at (3,3) width 83: "Cliff Swain"
            RenderTableCell {TD} at (90,42) size 80x23 [border: (1px none #000000)] [r=1 c=1 rs=1 cs=1]
              RenderText {#text} at (35,3) size 10x17
                text run at (35,3) width 10: "2"
            RenderTableCell {TD} at (170,42) size 80x23 [border: (1px none #000000)] [r=1 c=2 rs=1 cs=1]
              RenderText {#text} at (17,3) size 46x17
                text run at (17,3) width 46: "67-10"
          RenderTableRow {TR} at (0,65) size 250x40 [border: (2px solid #000000)]
            RenderTableCell {TD} at (0,65) size 90x40 [border: (1px none #000000)] [r=2 c=0 rs=1 cs=1]
              RenderText {#text} at (3,3) size 52x34
                text run at (3,3) width 46: "Marty"
                text run at (3,20) width 52: "Hogan"
            RenderTableCell {TD} at (90,73) size 80x23 [border: (1px none #000000)] [r=2 c=1 rs=1 cs=1]
              RenderText {#text} at (35,3) size 10x17
                text run at (35,3) width 10: "3"
            RenderTableCell {TD} at (170,73) size 80x23 [border: (1px none #000000)] [r=2 c=2 rs=1 cs=1]
              RenderText {#text} at (17,3) size 46x17
                text run at (17,3) width 46: "57-15"
      RenderBlock (anonymous) at (0,773) size 784x17
        RenderBR {BR} at (0,0) size 0x17
      RenderTable {TABLE} at (0,790) size 230x408
        RenderBlock {CAPTION} at (0,374) size 230x34
          RenderText {#text} at (26,0) size 177x34
            text run at (26,0) width 177: "Table 5 has a scrolling"
            text run at (90,17) width 49: "tbody."
        RenderTableSection {THEAD} at (0,0) size 230x18
          RenderTableRow {TR} at (0,2) size 230x14
            RenderTableCell {TD} at (2,2) size 112x14 [r=0 c=0 rs=1 cs=2]
              RenderText {#text} at (1,1) size 51x12
                text run at (1,1) width 51: "HEADER"
        RenderTableSection {TBODY} at (0,18) size 230x338 [border: (1px solid #000000)]
          RenderTableRow {TR} at (0,2) size 230x19
            RenderTableCell {TD} at (2,2) size 55x19 [r=0 c=0 rs=1 cs=1]
              RenderText {#text} at (1,1) size 53x17
                text run at (1,1) width 53: "cell-00"
            RenderTableCell {TD} at (59,2) size 55x19 [r=0 c=1 rs=1 cs=1]
              RenderText {#text} at (1,1) size 53x17
                text run at (1,1) width 53: "cell-01"
            RenderTableCell {TD} at (116,2) size 55x19 [r=0 c=2 rs=1 cs=1]
              RenderText {#text} at (1,1) size 53x17
                text run at (1,1) width 53: "cell-02"
            RenderTableCell {TD} at (173,2) size 55x19 [r=0 c=3 rs=1 cs=1]
              RenderText {#text} at (1,1) size 53x17
                text run at (1,1) width 53: "cell-03"
          RenderTableRow {TR} at (0,23) size 230x19
            RenderTableCell {TD} at (2,23) size 55x19 [r=1 c=0 rs=1 cs=1]
              RenderText {#text} at (1,1) size 53x17
                text run at (1,1) width 53: "cell-10"
            RenderTableCell {TD} at (59,23) size 55x19 [r=1 c=1 rs=1 cs=1]
              RenderText {#text} at (1,1) size 53x17
                text run at (1,1) width 53: "cell-11"
            RenderTableCell {TD} at (116,23) size 55x19 [r=1 c=2 rs=1 cs=1]
              RenderText {#text} at (1,1) size 53x17
                text run at (1,1) width 53: "cell-12"
            RenderTableCell {TD} at (173,23) size 55x19 [r=1 c=3 rs=1 cs=1]
              RenderText {#text} at (1,1) size 53x17
                text run at (1,1) width 53: "cell-13"
          RenderTableRow {TR} at (0,44) size 230x19
            RenderTableCell {TD} at (2,44) size 55x19 [r=2 c=0 rs=1 cs=1]
              RenderText {#text} at (1,1) size 53x17
                text run at (1,1) width 53: "cell-20"
            RenderTableCell {TD} at (59,44) size 55x19 [r=2 c=1 rs=1 cs=1]
              RenderText {#text} at (1,1) size 53x17
                text run at (1,1) width 53: "cell-21"
            RenderTableCell {TD} at (116,44) size 55x19 [r=2 c=2 rs=1 cs=1]
              RenderText {#text} at (1,1) size 53x17
                text run at (1,1) width 53: "cell-22"
            RenderTableCell {TD} at (173,44) size 55x19 [r=2 c=3 rs=1 cs=1]
              RenderText {#text} at (1,1) size 53x17
                text run at (1,1) width 53: "cell-23"
          RenderTableRow {TR} at (0,65) size 230x19
            RenderTableCell {TD} at (2,65) size 55x19 [r=3 c=0 rs=1 cs=1]
              RenderText {#text} at (1,1) size 53x17
                text run at (1,1) width 53: "cell-30"
            RenderTableCell {TD} at (59,65) size 55x19 [r=3 c=1 rs=1 cs=1]
              RenderText {#text} at (1,1) size 53x17
                text run at (1,1) width 53: "cell-31"
            RenderTableCell {TD} at (116,65) size 55x19 [r=3 c=2 rs=1 cs=1]
              RenderText {#text} at (1,1) size 53x17
                text run at (1,1) width 53: "cell-32"
            RenderTableCell {TD} at (173,65) size 55x19 [r=3 c=3 rs=1 cs=1]
              RenderText {#text} at (1,1) size 53x17
                text run at (1,1) width 53: "cell-33"
          RenderTableRow {TR} at (0,86) size 230x19
            RenderTableCell {TD} at (2,86) size 55x19 [r=4 c=0 rs=1 cs=1]
              RenderText {#text} at (1,1) size 53x17
                text run at (1,1) width 53: "cell-40"
            RenderTableCell {TD} at (59,86) size 55x19 [r=4 c=1 rs=1 cs=1]
              RenderText {#text} at (1,1) size 53x17
                text run at (1,1) width 53: "cell-41"
            RenderTableCell {TD} at (116,86) size 55x19 [r=4 c=2 rs=1 cs=1]
              RenderText {#text} at (1,1) size 53x17
                text run at (1,1) width 53: "cell-42"
            RenderTableCell {TD} at (173,86) size 55x19 [r=4 c=3 rs=1 cs=1]
              RenderText {#text} at (1,1) size 53x17
                text run at (1,1) width 53: "cell-43"
          RenderTableRow {TR} at (0,107) size 230x19
            RenderTableCell {TD} at (2,107) size 55x19 [r=5 c=0 rs=1 cs=1]
              RenderText {#text} at (1,1) size 53x17
                text run at (1,1) width 53: "cell-50"
            RenderTableCell {TD} at (59,107) size 55x19 [r=5 c=1 rs=1 cs=1]
              RenderText {#text} at (1,1) size 53x17
                text run at (1,1) width 53: "cell-51"
            RenderTableCell {TD} at (116,107) size 55x19 [r=5 c=2 rs=1 cs=1]
              RenderText {#text} at (1,1) size 53x17
                text run at (1,1) width 53: "cell-52"
            RenderTableCell {TD} at (173,107) size 55x19 [r=5 c=3 rs=1 cs=1]
              RenderText {#text} at (1,1) size 53x17
                text run at (1,1) width 53: "cell-53"
          RenderTableRow {TR} at (0,128) size 230x19
            RenderTableCell {TD} at (2,128) size 55x19 [r=6 c=0 rs=1 cs=1]
              RenderText {#text} at (1,1) size 53x17
                text run at (1,1) width 53: "cell-60"
            RenderTableCell {TD} at (59,128) size 55x19 [r=6 c=1 rs=1 cs=1]
              RenderText {#text} at (1,1) size 53x17
                text run at (1,1) width 53: "cell-61"
            RenderTableCell {TD} at (116,128) size 55x19 [r=6 c=2 rs=1 cs=1]
              RenderText {#text} at (1,1) size 53x17
                text run at (1,1) width 53: "cell-62"
            RenderTableCell {TD} at (173,128) size 55x19 [r=6 c=3 rs=1 cs=1]
              RenderText {#text} at (1,1) size 53x17
                text run at (1,1) width 53: "cell-63"
          RenderTableRow {TR} at (0,149) size 230x19
            RenderTableCell {TD} at (2,149) size 55x19 [r=7 c=0 rs=1 cs=1]
              RenderText {#text} at (1,1) size 53x17
                text run at (1,1) width 53: "cell-70"
            RenderTableCell {TD} at (59,149) size 55x19 [r=7 c=1 rs=1 cs=1]
              RenderText {#text} at (1,1) size 53x17
                text run at (1,1) width 53: "cell-71"
            RenderTableCell {TD} at (116,149) size 55x19 [r=7 c=2 rs=1 cs=1]
              RenderText {#text} at (1,1) size 53x17
                text run at (1,1) width 53: "cell-72"
            RenderTableCell {TD} at (173,149) size 55x19 [r=7 c=3 rs=1 cs=1]
              RenderText {#text} at (1,1) size 53x17
                text run at (1,1) width 53: "cell-73"
          RenderTableRow {TR} at (0,170) size 230x19
            RenderTableCell {TD} at (2,170) size 55x19 [r=8 c=0 rs=1 cs=1]
              RenderText {#text} at (1,1) size 53x17
                text run at (1,1) width 53: "cell-80"
            RenderTableCell {TD} at (59,170) size 55x19 [r=8 c=1 rs=1 cs=1]
              RenderText {#text} at (1,1) size 53x17
                text run at (1,1) width 53: "cell-81"
            RenderTableCell {TD} at (116,170) size 55x19 [r=8 c=2 rs=1 cs=1]
              RenderText {#text} at (1,1) size 53x17
                text run at (1,1) width 53: "cell-82"
            RenderTableCell {TD} at (173,170) size 55x19 [r=8 c=3 rs=1 cs=1]
              RenderText {#text} at (1,1) size 53x17
                text run at (1,1) width 53: "cell-83"
          RenderTableRow {TR} at (0,191) size 230x19
            RenderTableCell {TD} at (2,191) size 55x19 [r=9 c=0 rs=1 cs=1]
              RenderText {#text} at (1,1) size 53x17
                text run at (1,1) width 53: "cell-90"
            RenderTableCell {TD} at (59,191) size 55x19 [r=9 c=1 rs=1 cs=1]
              RenderText {#text} at (1,1) size 53x17
                text run at (1,1) width 53: "cell-91"
            RenderTableCell {TD} at (116,191) size 55x19 [r=9 c=2 rs=1 cs=1]
              RenderText {#text} at (1,1) size 53x17
                text run at (1,1) width 53: "cell-92"
            RenderTableCell {TD} at (173,191) size 55x19 [r=9 c=3 rs=1 cs=1]
              RenderText {#text} at (1,1) size 53x17
                text run at (1,1) width 53: "cell-93"
          RenderTableRow {TR} at (0,212) size 230x19
            RenderTableCell {TD} at (2,212) size 55x19 [r=10 c=0 rs=1 cs=1]
              RenderText {#text} at (1,1) size 53x17
                text run at (1,1) width 53: "cell-a0"
            RenderTableCell {TD} at (59,212) size 55x19 [r=10 c=1 rs=1 cs=1]
              RenderText {#text} at (1,1) size 53x17
                text run at (1,1) width 53: "cell-a1"
            RenderTableCell {TD} at (116,212) size 55x19 [r=10 c=2 rs=1 cs=1]
              RenderText {#text} at (1,1) size 53x17
                text run at (1,1) width 53: "cell-a2"
            RenderTableCell {TD} at (173,212) size 55x19 [r=10 c=3 rs=1 cs=1]
              RenderText {#text} at (1,1) size 53x17
                text run at (1,1) width 53: "cell-a3"
          RenderTableRow {TR} at (0,233) size 230x19
            RenderTableCell {TD} at (2,233) size 55x19 [r=11 c=0 rs=1 cs=1]
              RenderText {#text} at (1,1) size 53x17
                text run at (1,1) width 53: "cell-b0"
            RenderTableCell {TD} at (59,233) size 55x19 [r=11 c=1 rs=1 cs=1]
              RenderText {#text} at (1,1) size 53x17
                text run at (1,1) width 53: "cell-b1"
            RenderTableCell {TD} at (116,233) size 55x19 [r=11 c=2 rs=1 cs=1]
              RenderText {#text} at (1,1) size 53x17
                text run at (1,1) width 53: "cell-b2"
            RenderTableCell {TD} at (173,233) size 55x19 [r=11 c=3 rs=1 cs=1]
              RenderText {#text} at (1,1) size 53x17
                text run at (1,1) width 53: "cell-b3"
          RenderTableRow {TR} at (0,254) size 230x19
            RenderTableCell {TD} at (2,254) size 55x19 [r=12 c=0 rs=1 cs=1]
              RenderText {#text} at (1,1) size 52x17
                text run at (1,1) width 52: "cell-c0"
            RenderTableCell {TD} at (59,254) size 55x19 [r=12 c=1 rs=1 cs=1]
              RenderText {#text} at (1,1) size 52x17
                text run at (1,1) width 52: "cell-c1"
            RenderTableCell {TD} at (116,254) size 55x19 [r=12 c=2 rs=1 cs=1]
              RenderText {#text} at (1,1) size 52x17
                text run at (1,1) width 52: "cell-c2"
            RenderTableCell {TD} at (173,254) size 55x19 [r=12 c=3 rs=1 cs=1]
              RenderText {#text} at (1,1) size 52x17
                text run at (1,1) width 52: "cell-c3"
          RenderTableRow {TR} at (0,275) size 230x19
            RenderTableCell {TD} at (2,275) size 55x19 [r=13 c=0 rs=1 cs=1]
              RenderText {#text} at (1,1) size 53x17
                text run at (1,1) width 53: "cell-d0"
            RenderTableCell {TD} at (59,275) size 55x19 [r=13 c=1 rs=1 cs=1]
              RenderText {#text} at (1,1) size 53x17
                text run at (1,1) width 53: "cell-d1"
            RenderTableCell {TD} at (116,275) size 55x19 [r=13 c=2 rs=1 cs=1]
              RenderText {#text} at (1,1) size 53x17
                text run at (1,1) width 53: "cell-d2"
            RenderTableCell {TD} at (173,275) size 55x19 [r=13 c=3 rs=1 cs=1]
              RenderText {#text} at (1,1) size 53x17
                text run at (1,1) width 53: "cell-d3"
          RenderTableRow {TR} at (0,296) size 230x19
            RenderTableCell {TD} at (2,296) size 55x19 [r=14 c=0 rs=1 cs=1]
              RenderText {#text} at (1,1) size 53x17
                text run at (1,1) width 53: "cell-e0"
            RenderTableCell {TD} at (59,296) size 55x19 [r=14 c=1 rs=1 cs=1]
              RenderText {#text} at (1,1) size 53x17
                text run at (1,1) width 53: "cell-e1"
            RenderTableCell {TD} at (116,296) size 55x19 [r=14 c=2 rs=1 cs=1]
              RenderText {#text} at (1,1) size 53x17
                text run at (1,1) width 53: "cell-e2"
            RenderTableCell {TD} at (173,296) size 55x19 [r=14 c=3 rs=1 cs=1]
              RenderText {#text} at (1,1) size 53x17
                text run at (1,1) width 53: "cell-e3"
          RenderTableRow {TR} at (0,317) size 230x19
            RenderTableCell {TD} at (2,317) size 55x19 [r=15 c=0 rs=1 cs=1]
              RenderText {#text} at (1,1) size 49x17
                text run at (1,1) width 49: "cell-f0"
            RenderTableCell {TD} at (59,317) size 55x19 [r=15 c=1 rs=1 cs=1]
              RenderText {#text} at (1,1) size 49x17
                text run at (1,1) width 49: "cell-f1"
            RenderTableCell {TD} at (116,317) size 55x19 [r=15 c=2 rs=1 cs=1]
              RenderText {#text} at (1,1) size 49x17
                text run at (1,1) width 49: "cell-f2"
            RenderTableCell {TD} at (173,317) size 55x19 [r=15 c=3 rs=1 cs=1]
              RenderText {#text} at (1,1) size 49x17
                text run at (1,1) width 49: "cell-f3"
        RenderTableSection {TFOOT} at (0,356) size 230x18
          RenderTableRow {TR} at (0,2) size 230x14
            RenderTableCell {TD} at (2,2) size 112x14 [r=0 c=0 rs=1 cs=2]
              RenderText {#text} at (1,1) size 50x12
                text run at (1,1) width 50: "FOOTER"
        RenderBlock {CAPTION} at (0,0) size 0x0
          RenderText {#text} at (0,0) size 0x0
      RenderBlock (anonymous) at (0,1198) size 784x34
        RenderBR {BR} at (0,0) size 0x17
        RenderText {#text} at (0,17) size 773x17
          text run at (0,17) width 773: "This is a table formed from a list with display of table-row and list items with display of table-cell."
      RenderTable at (0,1232) size 209x17
        RenderTableSection (anonymous) at (0,0) size 209x17
          RenderTableRow {UL} at (0,0) size 209x17 [bgcolor=#FFA500]
            RenderTableCell {LI} at (0,0) size 35x17 [r=0 c=0 rs=1 cs=1]
              RenderText {#text} at (0,0) size 35x17
                text run at (0,0) width 35: "ONE"
            RenderTableCell {LI} at (35,0) size 40x17 [r=0 c=1 rs=1 cs=1]
              RenderText {#text} at (0,0) size 40x17
                text run at (0,0) width 40: "TWO"
            RenderTableCell {LI} at (75,0) size 54x17 [r=0 c=2 rs=1 cs=1]
              RenderText {#text} at (0,0) size 54x17
                text run at (0,0) width 54: "THREE"
            RenderTableCell {LI} at (129,0) size 45x17 [r=0 c=3 rs=1 cs=1]
              RenderText {#text} at (0,0) size 45x17
                text run at (0,0) width 45: "FOUR"
            RenderTableCell {LI} at (174,0) size 35x17 [r=0 c=4 rs=1 cs=1]
              RenderText {#text} at (0,0) size 35x17
                text run at (0,0) width 35: "FIVE"
      RenderBlock (anonymous) at (0,1249) size 784x51
        RenderBR {BR} at (0,0) size 0x17
        RenderText {#text} at (0,17) size 743x34
          text run at (0,17) width 743: "This is a table formed from a list with display of table-row-group and list items with display of"
          text run at (0,34) width 83: "table-cell. "
        RenderBR {BR} at (0,0) size 0x0
      RenderTable at (0,1300) size 235x17
        RenderTableSection {UL} at (0,0) size 235x17
          RenderTableRow (anonymous) at (0,0) size 235x17
            RenderTableCell {LI} at (0,0) size 35x17 [bgcolor=#FFA500] [r=0 c=0 rs=1 cs=1]
              RenderText {#text} at (0,0) size 35x17
                text run at (0,0) width 35: "ONE"
            RenderTableCell {LI} at (35,0) size 40x17 [bgcolor=#FFA500] [r=0 c=1 rs=1 cs=1]
              RenderText {#text} at (0,0) size 40x17
                text run at (0,0) width 40: "TWO"
            RenderTableCell {LI} at (75,0) size 54x17 [bgcolor=#FFA500] [r=0 c=2 rs=1 cs=1]
              RenderText {#text} at (0,0) size 54x17
                text run at (0,0) width 54: "THREE"
            RenderTableCell {LI} at (129,0) size 45x17 [bgcolor=#FFA500] [r=0 c=3 rs=1 cs=1]
              RenderText {#text} at (0,0) size 45x17
                text run at (0,0) width 45: "FOUR"
            RenderTableCell {LI} at (174,0) size 35x17 [bgcolor=#FFA500] [r=0 c=4 rs=1 cs=1]
              RenderText {#text} at (0,0) size 35x17
                text run at (0,0) width 35: "FIVE"
            RenderTableCell {LI} at (209,0) size 26x17 [bgcolor=#FFA500] [r=0 c=5 rs=1 cs=1]
              RenderText {#text} at (0,0) size 26x17
                text run at (0,0) width 26: "SIX"
      RenderBlock (anonymous) at (0,1317) size 784x34
        RenderBR {BR} at (0,0) size 0x17
        RenderText {#text} at (0,17) size 515x17
          text run at (0,17) width 515: "This is like the previous table plus the list's overflow property set"
      RenderTable at (0,1351) size 235x17
        RenderTableSection {UL} at (0,0) size 235x17
          RenderTableRow (anonymous) at (0,0) size 235x17
            RenderTableCell {LI} at (0,0) size 35x17 [bgcolor=#FFA500] [r=0 c=0 rs=1 cs=1]
              RenderText {#text} at (0,0) size 35x17
                text run at (0,0) width 35: "ONE"
            RenderTableCell {LI} at (35,0) size 40x17 [bgcolor=#FFA500] [r=0 c=1 rs=1 cs=1]
              RenderText {#text} at (0,0) size 40x17
                text run at (0,0) width 40: "TWO"
            RenderTableCell {LI} at (75,0) size 54x17 [bgcolor=#FFA500] [r=0 c=2 rs=1 cs=1]
              RenderText {#text} at (0,0) size 54x17
                text run at (0,0) width 54: "THREE"
            RenderTableCell {LI} at (129,0) size 45x17 [bgcolor=#FFA500] [r=0 c=3 rs=1 cs=1]
              RenderText {#text} at (0,0) size 45x17
                text run at (0,0) width 45: "FOUR"
            RenderTableCell {LI} at (174,0) size 35x17 [bgcolor=#FFA500] [r=0 c=4 rs=1 cs=1]
              RenderText {#text} at (0,0) size 35x17
                text run at (0,0) width 35: "FIVE"
            RenderTableCell {LI} at (209,0) size 26x17 [bgcolor=#FFA500] [r=0 c=5 rs=1 cs=1]
              RenderText {#text} at (0,0) size 26x17
                text run at (0,0) width 26: "SIX"
      RenderBlock (anonymous) at (0,1368) size 784x17
        RenderBR {BR} at (0,0) size 0x17
      RenderBlock {P} at (0,1401) size 784x214
        RenderBlock (anonymous) at (0,0) size 784x17
          RenderText {#text} at (0,0) size 535x17
            text run at (0,0) width 535: "The following table will have its rows and columns in red collapsed "
          RenderBR {BR} at (0,0) size 0x0
        RenderTable {TABLE} at (0,17) size 161x90 [bgcolor=#FFA500] [border: (1px outset #808080)]
          RenderBlock {CAPTION} at (0,0) size 159x17
            RenderInline {B} at (0,0) size 59x17
              RenderText {#text} at (50,0) size 59x17
                text run at (50,0) width 59: "before"
          RenderTableCol {COLGROUP} at (0,0) size 0x0
            RenderTableCol {COL} at (0,0) size 0x0
            RenderTableCol {COL} at (0,0) size 0x0
            RenderTableCol {COL} at (0,0) size 0x0
          RenderTableSection {TBODY} at (1,18) size 159x71
            RenderTableRow {TR} at (0,2) size 159x21
              RenderTableCell {TD} at (2,2) size 35x21 [border: (1px inset #808080)] [r=0 c=0 rs=1 cs=1]
                RenderText {#text} at (2,2) size 31x17
                  text run at (2,2) width 31: "C11"
              RenderTableCell {TD} at (39,2) size 35x21 [bgcolor=#FF0000] [border: (1px inset #808080)] [r=0 c=1 rs=1 cs=1]
                RenderText {#text} at (2,2) size 31x17
                  text run at (2,2) width 31: "C12"
              RenderTableCell {TD} at (76,2) size 81x21 [border: (1px inset #808080)] [r=0 c=2 rs=1 cs=1]
                RenderText {#text} at (2,2) size 77x17
                  text run at (2,2) width 77: "C13 large"
            RenderTableRow {TR} at (0,25) size 159x21 [bgcolor=#FF0000]
              RenderTableCell {TD} at (2,25) size 35x21 [border: (1px inset #808080)] [r=1 c=0 rs=1 cs=1]
                RenderText {#text} at (2,2) size 31x17
                  text run at (2,2) width 31: "C21"
              RenderTableCell {TD} at (39,25) size 35x21 [border: (1px inset #808080)] [r=1 c=1 rs=1 cs=1]
                RenderText {#text} at (2,2) size 31x17
                  text run at (2,2) width 31: "C22"
              RenderTableCell {TD} at (76,25) size 81x21 [border: (1px inset #808080)] [r=1 c=2 rs=1 cs=1]
                RenderText {#text} at (2,2) size 31x17
                  text run at (2,2) width 31: "C23"
            RenderTableRow {TR} at (0,48) size 159x21
              RenderTableCell {TD} at (2,48) size 35x21 [border: (1px inset #808080)] [r=2 c=0 rs=1 cs=1]
                RenderText {#text} at (2,2) size 31x17
                  text run at (2,2) width 31: "C31"
              RenderTableCell {TD} at (39,48) size 35x21 [bgcolor=#FF0000] [border: (1px inset #808080)] [r=2 c=1 rs=1 cs=1]
                RenderText {#text} at (2,2) size 31x17
                  text run at (2,2) width 31: "C32"
              RenderTableCell {TD} at (76,48) size 81x21 [border: (1px inset #808080)] [r=2 c=2 rs=1 cs=1]
                RenderText {#text} at (2,2) size 31x17
                  text run at (2,2) width 31: "C33"
        RenderBlock (anonymous) at (0,107) size 784x17
          RenderBR {BR} at (0,0) size 0x17
        RenderTable {TABLE} at (0,124) size 161x90 [bgcolor=#FFA500] [border: (1px outset #808080)]
          RenderBlock {CAPTION} at (0,0) size 159x17
            RenderInline {B} at (0,0) size 45x17
              RenderText {#text} at (57,0) size 45x17
                text run at (57,0) width 45: "after"
          RenderTableCol {COLGROUP} at (0,0) size 0x0
            RenderTableCol {COL} at (0,0) size 0x0
            RenderTableCol {COL} at (0,0) size 0x0
            RenderTableCol {COL} at (0,0) size 0x0
          RenderTableSection {TBODY} at (1,18) size 159x71
            RenderTableRow {TR} at (0,2) size 159x21
              RenderTableCell {TD} at (2,2) size 35x21 [border: (1px inset #808080)] [r=0 c=0 rs=1 cs=1]
                RenderText {#text} at (2,2) size 31x17
                  text run at (2,2) width 31: "C11"
              RenderTableCell {TD} at (39,2) size 35x21 [border: (1px inset #808080)] [r=0 c=1 rs=1 cs=1]
                RenderText {#text} at (2,2) size 31x17
                  text run at (2,2) width 31: "C12"
              RenderTableCell {TD} at (76,2) size 81x21 [border: (1px inset #808080)] [r=0 c=2 rs=1 cs=1]
                RenderText {#text} at (2,2) size 77x17
                  text run at (2,2) width 77: "C13 large"
            RenderTableRow {TR} at (0,25) size 159x21
              RenderTableCell {TD} at (2,25) size 35x21 [border: (1px inset #808080)] [r=1 c=0 rs=1 cs=1]
                RenderText {#text} at (2,2) size 31x17
                  text run at (2,2) width 31: "C21"
              RenderTableCell {TD} at (39,25) size 35x21 [border: (1px inset #808080)] [r=1 c=1 rs=1 cs=1]
                RenderText {#text} at (2,2) size 31x17
                  text run at (2,2) width 31: "C22"
              RenderTableCell {TD} at (76,25) size 81x21 [border: (1px inset #808080)] [r=1 c=2 rs=1 cs=1]
                RenderText {#text} at (2,2) size 31x17
                  text run at (2,2) width 31: "C23"
            RenderTableRow {TR} at (0,48) size 159x21
              RenderTableCell {TD} at (2,48) size 35x21 [border: (1px inset #808080)] [r=2 c=0 rs=1 cs=1]
                RenderText {#text} at (2,2) size 31x17
                  text run at (2,2) width 31: "C31"
              RenderTableCell {TD} at (39,48) size 35x21 [border: (1px inset #808080)] [r=2 c=1 rs=1 cs=1]
                RenderText {#text} at (2,2) size 31x17
                  text run at (2,2) width 31: "C32"
              RenderTableCell {TD} at (76,48) size 81x21 [border: (1px inset #808080)] [r=2 c=2 rs=1 cs=1]
                RenderText {#text} at (2,2) size 31x17
                  text run at (2,2) width 31: "C33"
      RenderBlock {P} at (0,1631) size 784x240
        RenderBlock (anonymous) at (0,0) size 784x34
          RenderText {#text} at (0,0) size 700x34
            text run at (0,0) width 700: "The following table will have its 2nd row and 2nd col collapsed. A window resize may be"
            text run at (0,17) width 231: "necessary to see it properly. "
          RenderBR {BR} at (231,30) size 0x0
        RenderTable {TABLE} at (0,34) size 215x103 [bgcolor=#FFA500] [border: (1px outset #808080)]
          RenderBlock {CAPTION} at (0,0) size 213x17
            RenderInline {B} at (0,0) size 59x17
              RenderText {#text} at (77,0) size 59x17
                text run at (77,0) width 59: "before"
          RenderTableCol {COLGROUP} at (0,0) size 0x0
            RenderTableCol {COL} at (0,0) size 0x0
            RenderTableCol {COL} at (0,0) size 0x0
            RenderTableCol {COL} at (0,0) size 0x0
            RenderTableCol {COL} at (0,0) size 0x0
          RenderTableSection {TBODY} at (1,18) size 213x84
            RenderTableRow {TR} at (0,0) size 213x21
              RenderTableCell {TD} at (0,0) size 35x21 [border: (1px inset #808080)] [r=0 c=0 rs=1 cs=1]
                RenderText {#text} at (2,2) size 31x17
                  text run at (2,2) width 31: "C11"
              RenderTableCell {TD} at (35,0) size 71x21 [border: (1px inset #808080)] [r=0 c=1 rs=1 cs=1]
                RenderText {#text} at (2,2) size 31x17
                  text run at (2,2) width 31: "C12"
              RenderTableCell {TD} at (106,0) size 72x21 [border: (1px inset #808080)] [r=0 c=2 rs=1 cs=1]
                RenderText {#text} at (2,2) size 31x17
                  text run at (2,2) width 31: "C13"
              RenderTableCell {TD} at (178,0) size 35x21 [border: (1px inset #808080)] [r=0 c=3 rs=1 cs=1]
                RenderText {#text} at (2,2) size 31x17
                  text run at (2,2) width 31: "C14"
            RenderTableRow {TR} at (0,21) size 213x21
              RenderTableCell {TD} at (0,21) size 35x21 [border: (1px inset #808080)] [r=1 c=0 rs=1 cs=1]
                RenderText {#text} at (2,2) size 31x17
                  text run at (2,2) width 31: "C21"
              RenderTableCell {TD} at (35,31) size 143x21 [border: (1px inset #808080)] [r=1 c=1 rs=2 cs=2]
                RenderText {#text} at (2,2) size 139x17
                  text run at (2,2) width 139: "C12 C13 C22 C23"
              RenderTableCell {TD} at (178,21) size 35x21 [border: (1px inset #808080)] [r=1 c=3 rs=1 cs=1]
                RenderText {#text} at (2,2) size 31x17
                  text run at (2,2) width 31: "C14"
            RenderTableRow {TR} at (0,42) size 213x21
              RenderTableCell {TD} at (0,42) size 35x21 [border: (1px inset #808080)] [r=2 c=0 rs=1 cs=1]
                RenderText {#text} at (2,2) size 31x17
                  text run at (2,2) width 31: "C31"
              RenderTableCell {TD} at (178,42) size 35x21 [border: (1px inset #808080)] [r=2 c=3 rs=1 cs=1]
                RenderText {#text} at (2,2) size 31x17
                  text run at (2,2) width 31: "C34"
            RenderTableRow {TR} at (0,63) size 213x21
              RenderTableCell {TD} at (0,63) size 35x21 [border: (1px inset #808080)] [r=3 c=0 rs=1 cs=1]
                RenderText {#text} at (2,2) size 31x17
                  text run at (2,2) width 31: "C41"
              RenderTableCell {TD} at (35,63) size 71x21 [border: (1px inset #808080)] [r=3 c=1 rs=1 cs=1]
                RenderText {#text} at (2,2) size 31x17
                  text run at (2,2) width 31: "C42"
              RenderTableCell {TD} at (106,63) size 72x21 [border: (1px inset #808080)] [r=3 c=2 rs=1 cs=1]
                RenderText {#text} at (2,2) size 31x17
                  text run at (2,2) width 31: "C43"
              RenderTableCell {TD} at (178,63) size 35x21 [border: (1px inset #808080)] [r=3 c=3 rs=1 cs=1]
                RenderText {#text} at (2,2) size 31x17
                  text run at (2,2) width 31: "C44"
        RenderTable {TABLE} at (0,137) size 215x103 [bgcolor=#FFA500] [border: (1px outset #808080)]
          RenderBlock {CAPTION} at (0,0) size 213x17
            RenderInline {B} at (0,0) size 45x17
              RenderText {#text} at (84,0) size 45x17
                text run at (84,0) width 45: "after"
          RenderTableCol {COLGROUP} at (0,0) size 0x0
            RenderTableCol {COL} at (0,0) size 0x0
            RenderTableCol {COL} at (0,0) size 0x0
            RenderTableCol {COL} at (0,0) size 0x0
            RenderTableCol {COL} at (0,0) size 0x0
          RenderTableSection {TBODY} at (1,18) size 213x84
            RenderTableRow {TR} at (0,0) size 213x21
              RenderTableCell {TD} at (0,0) size 35x21 [border: (1px inset #808080)] [r=0 c=0 rs=1 cs=1]
                RenderText {#text} at (2,2) size 31x17
                  text run at (2,2) width 31: "C11"
              RenderTableCell {TD} at (35,0) size 71x21 [border: (1px inset #808080)] [r=0 c=1 rs=1 cs=1]
                RenderText {#text} at (2,2) size 31x17
                  text run at (2,2) width 31: "C12"
              RenderTableCell {TD} at (106,0) size 72x21 [border: (1px inset #808080)] [r=0 c=2 rs=1 cs=1]
                RenderText {#text} at (2,2) size 31x17
                  text run at (2,2) width 31: "C13"
              RenderTableCell {TD} at (178,0) size 35x21 [border: (1px inset #808080)] [r=0 c=3 rs=1 cs=1]
                RenderText {#text} at (2,2) size 31x17
                  text run at (2,2) width 31: "C14"
            RenderTableRow {TR} at (0,21) size 213x21
              RenderTableCell {TD} at (0,21) size 35x21 [border: (1px inset #808080)] [r=1 c=0 rs=1 cs=1]
                RenderText {#text} at (2,2) size 31x17
                  text run at (2,2) width 31: "C21"
              RenderTableCell {TD} at (35,31) size 143x21 [border: (1px inset #808080)] [r=1 c=1 rs=2 cs=2]
                RenderText {#text} at (2,2) size 139x17
                  text run at (2,2) width 139: "C12 C13 C22 C23"
              RenderTableCell {TD} at (178,21) size 35x21 [border: (1px inset #808080)] [r=1 c=3 rs=1 cs=1]
                RenderText {#text} at (2,2) size 31x17
                  text run at (2,2) width 31: "C14"
            RenderTableRow {TR} at (0,42) size 213x21
              RenderTableCell {TD} at (0,42) size 35x21 [border: (1px inset #808080)] [r=2 c=0 rs=1 cs=1]
                RenderText {#text} at (2,2) size 31x17
                  text run at (2,2) width 31: "C31"
              RenderTableCell {TD} at (178,42) size 35x21 [border: (1px inset #808080)] [r=2 c=3 rs=1 cs=1]
                RenderText {#text} at (2,2) size 31x17
                  text run at (2,2) width 31: "C34"
            RenderTableRow {TR} at (0,63) size 213x21
              RenderTableCell {TD} at (0,63) size 35x21 [border: (1px inset #808080)] [r=3 c=0 rs=1 cs=1]
                RenderText {#text} at (2,2) size 31x17
                  text run at (2,2) width 31: "C41"
              RenderTableCell {TD} at (35,63) size 71x21 [border: (1px inset #808080)] [r=3 c=1 rs=1 cs=1]
                RenderText {#text} at (2,2) size 31x17
                  text run at (2,2) width 31: "C42"
              RenderTableCell {TD} at (106,63) size 72x21 [border: (1px inset #808080)] [r=3 c=2 rs=1 cs=1]
                RenderText {#text} at (2,2) size 31x17
                  text run at (2,2) width 31: "C43"
              RenderTableCell {TD} at (178,63) size 35x21 [border: (1px inset #808080)] [r=3 c=3 rs=1 cs=1]
                RenderText {#text} at (2,2) size 31x17
                  text run at (2,2) width 31: "C44"
      RenderBlock {P} at (0,1887) size 784x257
        RenderBlock (anonymous) at (0,0) size 784x17
          RenderText {#text} at (0,0) size 570x17
            text run at (0,0) width 570: "The following table will have its 1st row group collapsed (rows 1 and 2) "
          RenderBR {BR} at (570,13) size 0x0
        RenderTable {TABLE} at (0,17) size 142x103 [bgcolor=#FFA500] [border: (1px outset #808080)]
          RenderBlock {CAPTION} at (0,0) size 140x17
            RenderInline {B} at (0,0) size 59x17
              RenderText {#text} at (40,0) size 59x17
                text run at (40,0) width 59: "before"
          RenderTableSection {TBODY} at (1,18) size 140x42 [bgcolor=#FF0000]
            RenderTableRow {TR} at (0,0) size 140x21
              RenderTableCell {TD} at (0,0) size 35x21 [border: (1px inset #808080)] [r=0 c=0 rs=1 cs=1]
                RenderText {#text} at (2,2) size 31x17
                  text run at (2,2) width 31: "C11"
              RenderTableCell {TD} at (35,0) size 35x21 [border: (1px inset #808080)] [r=0 c=1 rs=1 cs=1]
                RenderText {#text} at (2,2) size 31x17
                  text run at (2,2) width 31: "C12"
              RenderTableCell {TD} at (70,0) size 35x21 [border: (1px inset #808080)] [r=0 c=2 rs=1 cs=1]
                RenderText {#text} at (2,2) size 31x17
                  text run at (2,2) width 31: "C13"
              RenderTableCell {TD} at (105,0) size 35x21 [border: (1px inset #808080)] [r=0 c=3 rs=1 cs=1]
                RenderText {#text} at (2,2) size 31x17
                  text run at (2,2) width 31: "C14"
            RenderTableRow {TR} at (0,21) size 140x21
              RenderTableCell {TD} at (0,21) size 35x21 [border: (1px inset #808080)] [r=1 c=0 rs=1 cs=1]
                RenderText {#text} at (2,2) size 31x17
                  text run at (2,2) width 31: "C21"
              RenderTableCell {TD} at (35,21) size 35x21 [border: (1px inset #808080)] [r=1 c=1 rs=1 cs=1]
                RenderText {#text} at (2,2) size 31x17
                  text run at (2,2) width 31: "C22"
              RenderTableCell {TD} at (70,21) size 35x21 [border: (1px inset #808080)] [r=1 c=2 rs=1 cs=1]
                RenderText {#text} at (2,2) size 31x17
                  text run at (2,2) width 31: "C23"
              RenderTableCell {TD} at (105,21) size 35x21 [border: (1px inset #808080)] [r=1 c=3 rs=1 cs=1]
                RenderText {#text} at (2,2) size 31x17
                  text run at (2,2) width 31: "C24"
          RenderTableSection {TBODY} at (1,60) size 140x42
            RenderTableRow {TR} at (0,0) size 140x21
              RenderTableCell {TD} at (0,0) size 35x21 [border: (1px inset #808080)] [r=0 c=0 rs=1 cs=1]
                RenderText {#text} at (2,2) size 31x17
                  text run at (2,2) width 31: "C31"
              RenderTableCell {TD} at (35,0) size 35x21 [border: (1px inset #808080)] [r=0 c=1 rs=1 cs=1]
                RenderText {#text} at (2,2) size 31x17
                  text run at (2,2) width 31: "C32"
              RenderTableCell {TD} at (70,0) size 35x21 [border: (1px inset #808080)] [r=0 c=2 rs=1 cs=1]
                RenderText {#text} at (2,2) size 31x17
                  text run at (2,2) width 31: "C33"
              RenderTableCell {TD} at (105,0) size 35x21 [border: (1px inset #808080)] [r=0 c=3 rs=1 cs=1]
                RenderText {#text} at (2,2) size 31x17
                  text run at (2,2) width 31: "C34"
            RenderTableRow {TR} at (0,21) size 140x21
              RenderTableCell {TD} at (0,21) size 35x21 [border: (1px inset #808080)] [r=1 c=0 rs=1 cs=1]
                RenderText {#text} at (2,2) size 31x17
                  text run at (2,2) width 31: "C41"
              RenderTableCell {TD} at (35,21) size 35x21 [border: (1px inset #808080)] [r=1 c=1 rs=1 cs=1]
                RenderText {#text} at (2,2) size 31x17
                  text run at (2,2) width 31: "C42"
              RenderTableCell {TD} at (70,21) size 35x21 [border: (1px inset #808080)] [r=1 c=2 rs=1 cs=1]
                RenderText {#text} at (2,2) size 31x17
                  text run at (2,2) width 31: "C43"
              RenderTableCell {TD} at (105,21) size 35x21 [border: (1px inset #808080)] [r=1 c=3 rs=1 cs=1]
                RenderText {#text} at (2,2) size 31x17
                  text run at (2,2) width 31: "C44"
        RenderBlock (anonymous) at (0,120) size 784x17
          RenderBR {BR} at (0,0) size 0x17
        RenderTable {TABLE} at (0,137) size 142x103 [bgcolor=#FFA500] [border: (1px outset #808080)]
          RenderBlock {CAPTION} at (0,0) size 140x17
            RenderInline {B} at (0,0) size 45x17
              RenderText {#text} at (47,0) size 45x17
                text run at (47,0) width 45: "after"
          RenderTableSection {TBODY} at (1,18) size 140x42
            RenderTableRow {TR} at (0,0) size 140x21
              RenderTableCell {TD} at (0,0) size 35x21 [border: (1px inset #808080)] [r=0 c=0 rs=1 cs=1]
                RenderText {#text} at (2,2) size 31x17
                  text run at (2,2) width 31: "C11"
              RenderTableCell {TD} at (35,0) size 35x21 [border: (1px inset #808080)] [r=0 c=1 rs=1 cs=1]
                RenderText {#text} at (2,2) size 31x17
                  text run at (2,2) width 31: "C12"
              RenderTableCell {TD} at (70,0) size 35x21 [border: (1px inset #808080)] [r=0 c=2 rs=1 cs=1]
                RenderText {#text} at (2,2) size 31x17
                  text run at (2,2) width 31: "C13"
              RenderTableCell {TD} at (105,0) size 35x21 [border: (1px inset #808080)] [r=0 c=3 rs=1 cs=1]
                RenderText {#text} at (2,2) size 31x17
                  text run at (2,2) width 31: "C14"
            RenderTableRow {TR} at (0,21) size 140x21
              RenderTableCell {TD} at (0,21) size 35x21 [border: (1px inset #808080)] [r=1 c=0 rs=1 cs=1]
                RenderText {#text} at (2,2) size 31x17
                  text run at (2,2) width 31: "C21"
              RenderTableCell {TD} at (35,21) size 35x21 [border: (1px inset #808080)] [r=1 c=1 rs=1 cs=1]
                RenderText {#text} at (2,2) size 31x17
                  text run at (2,2) width 31: "C22"
              RenderTableCell {TD} at (70,21) size 35x21 [border: (1px inset #808080)] [r=1 c=2 rs=1 cs=1]
                RenderText {#text} at (2,2) size 31x17
                  text run at (2,2) width 31: "C23"
              RenderTableCell {TD} at (105,21) size 35x21 [border: (1px inset #808080)] [r=1 c=3 rs=1 cs=1]
                RenderText {#text} at (2,2) size 31x17
                  text run at (2,2) width 31: "C24"
          RenderTableSection {TBODY} at (1,60) size 140x42
            RenderTableRow {TR} at (0,0) size 140x21
              RenderTableCell {TD} at (0,0) size 35x21 [border: (1px inset #808080)] [r=0 c=0 rs=1 cs=1]
                RenderText {#text} at (2,2) size 31x17
                  text run at (2,2) width 31: "C31"
              RenderTableCell {TD} at (35,0) size 35x21 [border: (1px inset #808080)] [r=0 c=1 rs=1 cs=1]
                RenderText {#text} at (2,2) size 31x17
                  text run at (2,2) width 31: "C32"
              RenderTableCell {TD} at (70,0) size 35x21 [border: (1px inset #808080)] [r=0 c=2 rs=1 cs=1]
                RenderText {#text} at (2,2) size 31x17
                  text run at (2,2) width 31: "C33"
              RenderTableCell {TD} at (105,0) size 35x21 [border: (1px inset #808080)] [r=0 c=3 rs=1 cs=1]
                RenderText {#text} at (2,2) size 31x17
                  text run at (2,2) width 31: "C34"
            RenderTableRow {TR} at (0,21) size 140x21
              RenderTableCell {TD} at (0,21) size 35x21 [border: (1px inset #808080)] [r=1 c=0 rs=1 cs=1]
                RenderText {#text} at (2,2) size 31x17
                  text run at (2,2) width 31: "C41"
              RenderTableCell {TD} at (35,21) size 35x21 [border: (1px inset #808080)] [r=1 c=1 rs=1 cs=1]
                RenderText {#text} at (2,2) size 31x17
                  text run at (2,2) width 31: "C42"
              RenderTableCell {TD} at (70,21) size 35x21 [border: (1px inset #808080)] [r=1 c=2 rs=1 cs=1]
                RenderText {#text} at (2,2) size 31x17
                  text run at (2,2) width 31: "C43"
              RenderTableCell {TD} at (105,21) size 35x21 [border: (1px inset #808080)] [r=1 c=3 rs=1 cs=1]
                RenderText {#text} at (2,2) size 31x17
                  text run at (2,2) width 31: "C44"
        RenderBlock (anonymous) at (0,240) size 784x17
          RenderBR {BR} at (0,0) size 0x17
      RenderBlock {P} at (0,2160) size 784x240
        RenderBlock (anonymous) at (0,0) size 784x34
          RenderText {#text} at (0,0) size 749x34
            text run at (0,0) width 706: "The following table is similar to a previous table except that the direction is right-to-left. "
            text run at (706,0) width 41: "It will"
            text run at (0,17) width 749: "have its 2nd row and 2nd col collapsed. A window resize may be necessary to see it properly. "
          RenderBR {BR} at (749,30) size 0x0
        RenderTable {TABLE} at (0,34) size 215x103 [bgcolor=#FFA500] [border: (1px outset #808080)]
          RenderBlock {CAPTION} at (0,0) size 213x17
            RenderInline {B} at (0,0) size 59x17
              RenderText {#text} at (77,0) size 59x17
                text run at (77,0) width 59: "before"
          RenderTableCol {COLGROUP} at (0,0) size 0x0
            RenderTableCol {COL} at (0,0) size 0x0
            RenderTableCol {COL} at (0,0) size 0x0
            RenderTableCol {COL} at (0,0) size 0x0
            RenderTableCol {COL} at (0,0) size 0x0
          RenderTableSection {TBODY} at (1,18) size 213x84
            RenderTableRow {TR} at (0,0) size 213x21
              RenderTableCell {TD} at (178,0) size 35x21 [border: (1px inset #808080)] [r=0 c=0 rs=1 cs=1]
                RenderText {#text} at (2,2) size 31x17
                  text run at (2,2) width 31: "C11"
              RenderTableCell {TD} at (107,0) size 71x21 [border: (1px inset #808080)] [r=0 c=1 rs=1 cs=1]
                RenderText {#text} at (38,2) size 31x17
                  text run at (38,2) width 31: "C12"
              RenderTableCell {TD} at (35,0) size 72x21 [border: (1px inset #808080)] [r=0 c=2 rs=1 cs=1]
                RenderText {#text} at (39,2) size 31x17
                  text run at (39,2) width 31: "C13"
              RenderTableCell {TD} at (0,0) size 35x21 [border: (1px inset #808080)] [r=0 c=3 rs=1 cs=1]
                RenderText {#text} at (2,2) size 31x17
                  text run at (2,2) width 31: "C14"
            RenderTableRow {TR} at (0,21) size 213x21
              RenderTableCell {TD} at (178,21) size 35x21 [border: (1px inset #808080)] [r=1 c=0 rs=1 cs=1]
                RenderText {#text} at (2,2) size 31x17
                  text run at (2,2) width 31: "C21"
              RenderTableCell {TD} at (35,31) size 143x21 [border: (1px inset #808080)] [r=1 c=1 rs=2 cs=2]
                RenderText {#text} at (2,2) size 139x17
                  text run at (2,2) width 139: "C12 C13 C22 C23"
              RenderTableCell {TD} at (0,21) size 35x21 [border: (1px inset #808080)] [r=1 c=3 rs=1 cs=1]
                RenderText {#text} at (2,2) size 31x17
                  text run at (2,2) width 31: "C14"
            RenderTableRow {TR} at (0,42) size 213x21
              RenderTableCell {TD} at (178,42) size 35x21 [border: (1px inset #808080)] [r=2 c=0 rs=1 cs=1]
                RenderText {#text} at (2,2) size 31x17
                  text run at (2,2) width 31: "C31"
              RenderTableCell {TD} at (0,42) size 35x21 [border: (1px inset #808080)] [r=2 c=3 rs=1 cs=1]
                RenderText {#text} at (2,2) size 31x17
                  text run at (2,2) width 31: "C34"
            RenderTableRow {TR} at (0,63) size 213x21
              RenderTableCell {TD} at (178,63) size 35x21 [border: (1px inset #808080)] [r=3 c=0 rs=1 cs=1]
                RenderText {#text} at (2,2) size 31x17
                  text run at (2,2) width 31: "C41"
              RenderTableCell {TD} at (107,63) size 71x21 [border: (1px inset #808080)] [r=3 c=1 rs=1 cs=1]
                RenderText {#text} at (38,2) size 31x17
                  text run at (38,2) width 31: "C42"
              RenderTableCell {TD} at (35,63) size 72x21 [border: (1px inset #808080)] [r=3 c=2 rs=1 cs=1]
                RenderText {#text} at (39,2) size 31x17
                  text run at (39,2) width 31: "C43"
              RenderTableCell {TD} at (0,63) size 35x21 [border: (1px inset #808080)] [r=3 c=3 rs=1 cs=1]
                RenderText {#text} at (2,2) size 31x17
                  text run at (2,2) width 31: "C44"
        RenderTable {TABLE} at (0,137) size 215x103 [bgcolor=#FFA500] [border: (1px outset #808080)]
          RenderBlock {CAPTION} at (0,0) size 213x17
            RenderInline {B} at (0,0) size 45x17
              RenderText {#text} at (84,0) size 45x17
                text run at (84,0) width 45: "after"
          RenderTableCol {COLGROUP} at (0,0) size 0x0
            RenderTableCol {COL} at (0,0) size 0x0
            RenderTableCol {COL} at (0,0) size 0x0
            RenderTableCol {COL} at (0,0) size 0x0
            RenderTableCol {COL} at (0,0) size 0x0
          RenderTableSection {TBODY} at (1,18) size 213x84
            RenderTableRow {TR} at (0,0) size 213x21
              RenderTableCell {TD} at (178,0) size 35x21 [border: (1px inset #808080)] [r=0 c=0 rs=1 cs=1]
                RenderText {#text} at (2,2) size 31x17
                  text run at (2,2) width 31: "C11"
              RenderTableCell {TD} at (107,0) size 71x21 [border: (1px inset #808080)] [r=0 c=1 rs=1 cs=1]
                RenderText {#text} at (38,2) size 31x17
                  text run at (38,2) width 31: "C12"
              RenderTableCell {TD} at (35,0) size 72x21 [border: (1px inset #808080)] [r=0 c=2 rs=1 cs=1]
                RenderText {#text} at (39,2) size 31x17
                  text run at (39,2) width 31: "C13"
              RenderTableCell {TD} at (0,0) size 35x21 [border: (1px inset #808080)] [r=0 c=3 rs=1 cs=1]
                RenderText {#text} at (2,2) size 31x17
                  text run at (2,2) width 31: "C14"
            RenderTableRow {TR} at (0,21) size 213x21
              RenderTableCell {TD} at (178,21) size 35x21 [border: (1px inset #808080)] [r=1 c=0 rs=1 cs=1]
                RenderText {#text} at (2,2) size 31x17
                  text run at (2,2) width 31: "C21"
              RenderTableCell {TD} at (35,31) size 143x21 [border: (1px inset #808080)] [r=1 c=1 rs=2 cs=2]
                RenderText {#text} at (2,2) size 139x17
                  text run at (2,2) width 139: "C12 C13 C22 C23"
              RenderTableCell {TD} at (0,21) size 35x21 [border: (1px inset #808080)] [r=1 c=3 rs=1 cs=1]
                RenderText {#text} at (2,2) size 31x17
                  text run at (2,2) width 31: "C14"
            RenderTableRow {TR} at (0,42) size 213x21
              RenderTableCell {TD} at (178,42) size 35x21 [border: (1px inset #808080)] [r=2 c=0 rs=1 cs=1]
                RenderText {#text} at (2,2) size 31x17
                  text run at (2,2) width 31: "C31"
              RenderTableCell {TD} at (0,42) size 35x21 [border: (1px inset #808080)] [r=2 c=3 rs=1 cs=1]
                RenderText {#text} at (2,2) size 31x17
                  text run at (2,2) width 31: "C34"
            RenderTableRow {TR} at (0,63) size 213x21
              RenderTableCell {TD} at (178,63) size 35x21 [border: (1px inset #808080)] [r=3 c=0 rs=1 cs=1]
                RenderText {#text} at (2,2) size 31x17
                  text run at (2,2) width 31: "C41"
              RenderTableCell {TD} at (107,63) size 71x21 [border: (1px inset #808080)] [r=3 c=1 rs=1 cs=1]
                RenderText {#text} at (38,2) size 31x17
                  text run at (38,2) width 31: "C42"
              RenderTableCell {TD} at (35,63) size 72x21 [border: (1px inset #808080)] [r=3 c=2 rs=1 cs=1]
                RenderText {#text} at (39,2) size 31x17
                  text run at (39,2) width 31: "C43"
              RenderTableCell {TD} at (0,63) size 35x21 [border: (1px inset #808080)] [r=3 c=3 rs=1 cs=1]
                RenderText {#text} at (2,2) size 31x17
                  text run at (2,2) width 31: "C44"
