layer at (0,0) size 800x2392
  RenderView at (0,0) size 800x600
layer at (0,0) size 800x2392
  RenderBlock {HTML} at (0,0) size 800x2392
    RenderBody {BODY} at (8,8) size 784x2368
      RenderBlock (anonymous) at (0,0) size 784x36
        RenderText {#text} at (0,1) size 759x34
          text run at (0,1) width 759: "In this test, all of the spanning elements have their spans turned off dynamically, and so they should just be in the column"
          text run at (0,19) width 32: "flow."
        RenderText {#text} at (0,0) size 0x0
layer at (8,60) size 760x352
  RenderBlock {DIV} at (0,52) size 760x352 [border: (5px solid #800000)]
    RenderBlock {H2} at (5,24) size 367x28 [bgcolor=#EEEEEE]
      RenderText {#text} at (0,2) size 276x24
        text run at (0,2) width 276: "This is a spanning element."
    RenderBlock (anonymous) at (5,71) size 367x612
      RenderText {#text} at (0,1) size 363x610
        text run at (0,1) width 354: "Lorem ipsum dolor sit amet, consectetuer adipiscing elit."
        text run at (0,19) width 352: "Nulla varius enim ac mi. Curabitur sollicitudin felis quis"
        text run at (0,37) width 325: "lectus. Quisque adipiscing rhoncus sem. Proin nulla"
        text run at (0,55) width 359: "purus, vulputate vel, varius ut, euismod et, nisi. Sed vitae"
        text run at (0,73) width 343: "felis vel orci sagittis aliquam. Cras convallis adipiscing"
        text run at (0,91) width 340: "sem. Nam nonummy enim. Nullam bibendum lobortis"
        text run at (0,109) width 343: "neque. Vestibulum velit orci, tempus euismod, pretium"
        text run at (0,127) width 343: "quis, interdum vitae, nulla. Phasellus eget ante et tortor"
        text run at (0,145) width 343: "condimentum vestibulum. Suspendisse hendrerit quam"
        text run at (0,163) width 362: "nec felis. Sed varius turpis vitae pede. Lorem ipsum dolor"
        text run at (0,181) width 233: "sit amet, consectetuer adipiscing elit. "
        text run at (233,181) width 121: "Lorem ipsum dolor"
        text run at (0,199) width 363: "sit amet, consectetuer adipiscing elit. Nulla varius enim ac"
        text run at (0,217) width 318: "mi. Curabitur sollicitudin felis quis lectus. Quisque"
        text run at (0,235) width 356: "adipiscing rhoncus sem. Proin nulla purus, vulputate vel,"
        text run at (0,253) width 354: "varius ut, euismod et, nisi. Sed vitae felis vel orci sagittis"
        text run at (0,271) width 351: "aliquam. Cras convallis adipiscing sem. Nam nonummy"
        text run at (0,289) width 357: "enim. Nullam bibendum lobortis neque. Vestibulum velit"
        text run at (0,307) width 361: "orci, tempus euismod, pretium quis, interdum vitae, nulla."
        text run at (0,325) width 339: "Phasellus eget ante et tortor condimentum vestibulum."
        text run at (0,343) width 345: "Suspendisse hendrerit quam nec felis. Sed varius turpis"
        text run at (0,361) width 331: "vitae pede. Lorem ipsum dolor sit amet, consectetuer"
        text run at (0,379) width 95: "adipiscing elit. "
        text run at (95,379) width 259: "Lorem ipsum dolor sit amet, consectetuer"
        text run at (0,397) width 313: "adipiscing elit. Nulla varius enim ac mi. Curabitur"
        text run at (0,415) width 352: "sollicitudin felis quis lectus. Quisque adipiscing rhoncus"
        text run at (0,433) width 353: "sem. Proin nulla purus, vulputate vel, varius ut, euismod"
        text run at (0,451) width 326: "et, nisi. Sed vitae felis vel orci sagittis aliquam. Cras"
        text run at (0,469) width 350: "convallis adipiscing sem. Nam nonummy enim. Nullam"
        text run at (0,487) width 349: "bibendum lobortis neque. Vestibulum velit orci, tempus"
        text run at (0,505) width 343: "euismod, pretium quis, interdum vitae, nulla. Phasellus"
        text run at (0,523) width 357: "eget ante et tortor condimentum vestibulum. Suspendisse"
        text run at (0,541) width 336: "hendrerit quam nec felis. Sed varius turpis vitae pede."
        text run at (0,559) width 354: "Lorem ipsum dolor sit amet, consectetuer adipiscing elit."
        text run at (0,577) width 354: "Lorem ipsum dolor sit amet, consectetuer adipiscing elit."
        text run at (0,595) width 155: "Nulla varius enim ac mi."
layer at (8,428) size 760x352
  RenderBlock {DIV} at (0,420) size 760x352 [border: (5px solid #800000)]
    RenderBlock (anonymous) at (5,5) size 367x612
      RenderText {#text} at (0,1) size 363x610
        text run at (0,1) width 354: "Lorem ipsum dolor sit amet, consectetuer adipiscing elit."
        text run at (0,19) width 352: "Nulla varius enim ac mi. Curabitur sollicitudin felis quis"
        text run at (0,37) width 325: "lectus. Quisque adipiscing rhoncus sem. Proin nulla"
        text run at (0,55) width 359: "purus, vulputate vel, varius ut, euismod et, nisi. Sed vitae"
        text run at (0,73) width 343: "felis vel orci sagittis aliquam. Cras convallis adipiscing"
        text run at (0,91) width 340: "sem. Nam nonummy enim. Nullam bibendum lobortis"
        text run at (0,109) width 343: "neque. Vestibulum velit orci, tempus euismod, pretium"
        text run at (0,127) width 343: "quis, interdum vitae, nulla. Phasellus eget ante et tortor"
        text run at (0,145) width 343: "condimentum vestibulum. Suspendisse hendrerit quam"
        text run at (0,163) width 362: "nec felis. Sed varius turpis vitae pede. Lorem ipsum dolor"
        text run at (0,181) width 233: "sit amet, consectetuer adipiscing elit. "
        text run at (233,181) width 121: "Lorem ipsum dolor"
        text run at (0,199) width 363: "sit amet, consectetuer adipiscing elit. Nulla varius enim ac"
        text run at (0,217) width 318: "mi. Curabitur sollicitudin felis quis lectus. Quisque"
        text run at (0,235) width 356: "adipiscing rhoncus sem. Proin nulla purus, vulputate vel,"
        text run at (0,253) width 354: "varius ut, euismod et, nisi. Sed vitae felis vel orci sagittis"
        text run at (0,271) width 351: "aliquam. Cras convallis adipiscing sem. Nam nonummy"
        text run at (0,289) width 357: "enim. Nullam bibendum lobortis neque. Vestibulum velit"
        text run at (0,307) width 361: "orci, tempus euismod, pretium quis, interdum vitae, nulla."
        text run at (0,325) width 339: "Phasellus eget ante et tortor condimentum vestibulum."
        text run at (0,343) width 345: "Suspendisse hendrerit quam nec felis. Sed varius turpis"
        text run at (0,361) width 331: "vitae pede. Lorem ipsum dolor sit amet, consectetuer"
        text run at (0,379) width 95: "adipiscing elit. "
        text run at (95,379) width 259: "Lorem ipsum dolor sit amet, consectetuer"
        text run at (0,397) width 313: "adipiscing elit. Nulla varius enim ac mi. Curabitur"
        text run at (0,415) width 352: "sollicitudin felis quis lectus. Quisque adipiscing rhoncus"
        text run at (0,433) width 353: "sem. Proin nulla purus, vulputate vel, varius ut, euismod"
        text run at (0,451) width 326: "et, nisi. Sed vitae felis vel orci sagittis aliquam. Cras"
        text run at (0,469) width 350: "convallis adipiscing sem. Nam nonummy enim. Nullam"
        text run at (0,487) width 349: "bibendum lobortis neque. Vestibulum velit orci, tempus"
        text run at (0,505) width 343: "euismod, pretium quis, interdum vitae, nulla. Phasellus"
        text run at (0,523) width 357: "eget ante et tortor condimentum vestibulum. Suspendisse"
        text run at (0,541) width 336: "hendrerit quam nec felis. Sed varius turpis vitae pede."
        text run at (0,559) width 354: "Lorem ipsum dolor sit amet, consectetuer adipiscing elit."
        text run at (0,577) width 354: "Lorem ipsum dolor sit amet, consectetuer adipiscing elit."
        text run at (0,595) width 155: "Nulla varius enim ac mi."
    RenderBlock {H2} at (5,636) size 367x28 [bgcolor=#EEEEEE]
      RenderText {#text} at (0,2) size 276x24
        text run at (0,2) width 276: "This is a spanning element."
layer at (8,796) size 760x380
  RenderBlock {DIV} at (0,788) size 760x380 [border: (5px solid #800000)]
    RenderBlock {P} at (5,21) size 367x234
      RenderText {#text} at (0,1) size 363x232
        text run at (0,1) width 354: "Lorem ipsum dolor sit amet, consectetuer adipiscing elit."
        text run at (0,19) width 352: "Nulla varius enim ac mi. Curabitur sollicitudin felis quis"
        text run at (0,37) width 325: "lectus. Quisque adipiscing rhoncus sem. Proin nulla"
        text run at (0,55) width 359: "purus, vulputate vel, varius ut, euismod et, nisi. Sed vitae"
        text run at (0,73) width 343: "felis vel orci sagittis aliquam. Cras convallis adipiscing"
        text run at (0,91) width 340: "sem. Nam nonummy enim. Nullam bibendum lobortis"
        text run at (0,109) width 343: "neque. Vestibulum velit orci, tempus euismod, pretium"
        text run at (0,127) width 343: "quis, interdum vitae, nulla. Phasellus eget ante et tortor"
        text run at (0,145) width 343: "condimentum vestibulum. Suspendisse hendrerit quam"
        text run at (0,163) width 362: "nec felis. Sed varius turpis vitae pede. Lorem ipsum dolor"
        text run at (0,181) width 233: "sit amet, consectetuer adipiscing elit. "
        text run at (233,181) width 121: "Lorem ipsum dolor"
        text run at (0,199) width 363: "sit amet, consectetuer adipiscing elit. Nulla varius enim ac"
        text run at (0,217) width 20: "mi."
    RenderBlock {H2} at (5,274) size 367x28 [bgcolor=#EEEEEE]
      RenderText {#text} at (0,2) size 276x24
        text run at (0,2) width 276: "This is a spanning element."
    RenderBlock {P} at (5,321) size 367x396
      RenderText {#text} at (0,1) size 363x394
        text run at (0,1) width 354: "Lorem ipsum dolor sit amet, consectetuer adipiscing elit."
        text run at (0,19) width 352: "Nulla varius enim ac mi. Curabitur sollicitudin felis quis"
        text run at (0,37) width 325: "lectus. Quisque adipiscing rhoncus sem. Proin nulla"
        text run at (0,55) width 359: "purus, vulputate vel, varius ut, euismod et, nisi. Sed vitae"
        text run at (0,73) width 343: "felis vel orci sagittis aliquam. Cras convallis adipiscing"
        text run at (0,91) width 340: "sem. Nam nonummy enim. Nullam bibendum lobortis"
        text run at (0,109) width 343: "neque. Vestibulum velit orci, tempus euismod, pretium"
        text run at (0,127) width 343: "quis, interdum vitae, nulla. Phasellus eget ante et tortor"
        text run at (0,145) width 343: "condimentum vestibulum. Suspendisse hendrerit quam"
        text run at (0,163) width 362: "nec felis. Sed varius turpis vitae pede. Lorem ipsum dolor"
        text run at (0,181) width 233: "sit amet, consectetuer adipiscing elit. "
        text run at (233,181) width 121: "Lorem ipsum dolor"
        text run at (0,199) width 363: "sit amet, consectetuer adipiscing elit. Nulla varius enim ac"
        text run at (0,217) width 318: "mi. Curabitur sollicitudin felis quis lectus. Quisque"
        text run at (0,235) width 356: "adipiscing rhoncus sem. Proin nulla purus, vulputate vel,"
        text run at (0,253) width 354: "varius ut, euismod et, nisi. Sed vitae felis vel orci sagittis"
        text run at (0,271) width 351: "aliquam. Cras convallis adipiscing sem. Nam nonummy"
        text run at (0,289) width 357: "enim. Nullam bibendum lobortis neque. Vestibulum velit"
        text run at (0,307) width 361: "orci, tempus euismod, pretium quis, interdum vitae, nulla."
        text run at (0,325) width 339: "Phasellus eget ante et tortor condimentum vestibulum."
        text run at (0,343) width 345: "Suspendisse hendrerit quam nec felis. Sed varius turpis"
        text run at (0,361) width 331: "vitae pede. Lorem ipsum dolor sit amet, consectetuer"
        text run at (0,379) width 91: "adipiscing elit."
layer at (8,1192) size 760x382
  RenderBlock {DIV} at (0,1184) size 760x382 [border: (5px solid #800000)]
    RenderBlock (anonymous) at (5,5) size 367x234
      RenderText {#text} at (0,1) size 363x232
        text run at (0,1) width 354: "Lorem ipsum dolor sit amet, consectetuer adipiscing elit."
        text run at (0,19) width 352: "Nulla varius enim ac mi. Curabitur sollicitudin felis quis"
        text run at (0,37) width 325: "lectus. Quisque adipiscing rhoncus sem. Proin nulla"
        text run at (0,55) width 359: "purus, vulputate vel, varius ut, euismod et, nisi. Sed vitae"
        text run at (0,73) width 343: "felis vel orci sagittis aliquam. Cras convallis adipiscing"
        text run at (0,91) width 340: "sem. Nam nonummy enim. Nullam bibendum lobortis"
        text run at (0,109) width 343: "neque. Vestibulum velit orci, tempus euismod, pretium"
        text run at (0,127) width 343: "quis, interdum vitae, nulla. Phasellus eget ante et tortor"
        text run at (0,145) width 343: "condimentum vestibulum. Suspendisse hendrerit quam"
        text run at (0,163) width 362: "nec felis. Sed varius turpis vitae pede. Lorem ipsum dolor"
        text run at (0,181) width 233: "sit amet, consectetuer adipiscing elit. "
        text run at (233,181) width 121: "Lorem ipsum dolor"
        text run at (0,199) width 363: "sit amet, consectetuer adipiscing elit. Nulla varius enim ac"
        text run at (0,217) width 20: "mi."
    RenderBlock {H2} at (5,258) size 367x28 [bgcolor=#EEEEEE]
      RenderText {#text} at (0,2) size 276x24
        text run at (0,2) width 276: "This is a spanning element."
    RenderBlock (anonymous) at (5,305) size 367x198
      RenderInline {SPAN} at (0,0) size 42x16
        RenderText {#text} at (0,1) size 42x16
          text run at (0,1) width 42: "Lorem"
      RenderText {#text} at (42,1) size 362x196
        text run at (42,1) width 312: " ipsum dolor sit amet, consectetuer adipiscing elit."
        text run at (0,19) width 352: "Nulla varius enim ac mi. Curabitur sollicitudin felis quis"
        text run at (0,37) width 325: "lectus. Quisque adipiscing rhoncus sem. Proin nulla"
        text run at (0,55) width 359: "purus, vulputate vel, varius ut, euismod et, nisi. Sed vitae"
        text run at (0,73) width 343: "felis vel orci sagittis aliquam. Cras convallis adipiscing"
        text run at (0,91) width 340: "sem. Nam nonummy enim. Nullam bibendum lobortis"
        text run at (0,109) width 343: "neque. Vestibulum velit orci, tempus euismod, pretium"
        text run at (0,127) width 343: "quis, interdum vitae, nulla. Phasellus eget ante et tortor"
        text run at (0,145) width 343: "condimentum vestibulum. Suspendisse hendrerit quam"
        text run at (0,163) width 362: "nec felis. Sed varius turpis vitae pede. Lorem ipsum dolor"
        text run at (0,181) width 229: "sit amet, consectetuer adipiscing elit."
    RenderBlock {P} at (5,519) size 367x198
      RenderText {#text} at (0,1) size 362x196
        text run at (0,1) width 354: "Lorem ipsum dolor sit amet, consectetuer adipiscing elit."
        text run at (0,19) width 352: "Nulla varius enim ac mi. Curabitur sollicitudin felis quis"
        text run at (0,37) width 325: "lectus. Quisque adipiscing rhoncus sem. Proin nulla"
        text run at (0,55) width 359: "purus, vulputate vel, varius ut, euismod et, nisi. Sed vitae"
        text run at (0,73) width 343: "felis vel orci sagittis aliquam. Cras convallis adipiscing"
        text run at (0,91) width 340: "sem. Nam nonummy enim. Nullam bibendum lobortis"
        text run at (0,109) width 343: "neque. Vestibulum velit orci, tempus euismod, pretium"
        text run at (0,127) width 343: "quis, interdum vitae, nulla. Phasellus eget ante et tortor"
        text run at (0,145) width 343: "condimentum vestibulum. Suspendisse hendrerit quam"
        text run at (0,163) width 362: "nec felis. Sed varius turpis vitae pede. Lorem ipsum dolor"
        text run at (0,181) width 229: "sit amet, consectetuer adipiscing elit."
layer at (8,1590) size 760x370
  RenderBlock {DIV} at (0,1582) size 760x370 [border: (5px solid #800000)]
    RenderBlock (anonymous) at (5,5) size 367x198
      RenderInline {SPAN} at (0,0) size 362x196
        RenderText {#text} at (0,1) size 362x196
          text run at (0,1) width 354: "Lorem ipsum dolor sit amet, consectetuer adipiscing elit."
          text run at (0,19) width 352: "Nulla varius enim ac mi. Curabitur sollicitudin felis quis"
          text run at (0,37) width 325: "lectus. Quisque adipiscing rhoncus sem. Proin nulla"
          text run at (0,55) width 359: "purus, vulputate vel, varius ut, euismod et, nisi. Sed vitae"
          text run at (0,73) width 343: "felis vel orci sagittis aliquam. Cras convallis adipiscing"
          text run at (0,91) width 340: "sem. Nam nonummy enim. Nullam bibendum lobortis"
          text run at (0,109) width 343: "neque. Vestibulum velit orci, tempus euismod, pretium"
          text run at (0,127) width 343: "quis, interdum vitae, nulla. Phasellus eget ante et tortor"
          text run at (0,145) width 343: "condimentum vestibulum. Suspendisse hendrerit quam"
          text run at (0,163) width 362: "nec felis. Sed varius turpis vitae pede. Lorem ipsum dolor"
          text run at (0,181) width 229: "sit amet, consectetuer adipiscing elit."
    RenderBlock (anonymous) at (5,203) size 367x36
      RenderBlock {SPAN} at (0,0) size 367x36
        RenderText {#text} at (0,1) size 354x34
          text run at (0,1) width 354: "Lorem ipsum dolor sit amet, consectetuer adipiscing elit."
          text run at (0,19) width 155: "Nulla varius enim ac mi."
    RenderBlock (anonymous) at (5,239) size 367x198
      RenderInline {SPAN} at (0,0) size 42x16
        RenderText {#text} at (0,1) size 42x16
          text run at (0,1) width 42: "Lorem"
      RenderText {#text} at (42,1) size 362x196
        text run at (42,1) width 312: " ipsum dolor sit amet, consectetuer adipiscing elit."
        text run at (0,19) width 352: "Nulla varius enim ac mi. Curabitur sollicitudin felis quis"
        text run at (0,37) width 325: "lectus. Quisque adipiscing rhoncus sem. Proin nulla"
        text run at (0,55) width 359: "purus, vulputate vel, varius ut, euismod et, nisi. Sed vitae"
        text run at (0,73) width 343: "felis vel orci sagittis aliquam. Cras convallis adipiscing"
        text run at (0,91) width 340: "sem. Nam nonummy enim. Nullam bibendum lobortis"
        text run at (0,109) width 343: "neque. Vestibulum velit orci, tempus euismod, pretium"
        text run at (0,127) width 343: "quis, interdum vitae, nulla. Phasellus eget ante et tortor"
        text run at (0,145) width 343: "condimentum vestibulum. Suspendisse hendrerit quam"
        text run at (0,163) width 362: "nec felis. Sed varius turpis vitae pede. Lorem ipsum dolor"
        text run at (0,181) width 229: "sit amet, consectetuer adipiscing elit."
    RenderBlock {H2} at (5,456) size 367x28 [bgcolor=#EEEEEE]
      RenderText {#text} at (0,2) size 276x24
        text run at (0,2) width 276: "This is a spanning element."
    RenderBlock {P} at (5,503) size 367x198
      RenderText {#text} at (0,1) size 362x196
        text run at (0,1) width 354: "Lorem ipsum dolor sit amet, consectetuer adipiscing elit."
        text run at (0,19) width 352: "Nulla varius enim ac mi. Curabitur sollicitudin felis quis"
        text run at (0,37) width 325: "lectus. Quisque adipiscing rhoncus sem. Proin nulla"
        text run at (0,55) width 359: "purus, vulputate vel, varius ut, euismod et, nisi. Sed vitae"
        text run at (0,73) width 343: "felis vel orci sagittis aliquam. Cras convallis adipiscing"
        text run at (0,91) width 340: "sem. Nam nonummy enim. Nullam bibendum lobortis"
        text run at (0,109) width 343: "neque. Vestibulum velit orci, tempus euismod, pretium"
        text run at (0,127) width 343: "quis, interdum vitae, nulla. Phasellus eget ante et tortor"
        text run at (0,145) width 343: "condimentum vestibulum. Suspendisse hendrerit quam"
        text run at (0,163) width 362: "nec felis. Sed varius turpis vitae pede. Lorem ipsum dolor"
        text run at (0,181) width 229: "sit amet, consectetuer adipiscing elit."
layer at (8,1976) size 760x400
  RenderBlock {DIV} at (0,1968) size 760x400 [border: (5px solid #800000)]
    RenderBlock {P} at (5,21) size 367x198
      RenderText {#text} at (0,1) size 362x196
        text run at (0,1) width 354: "Lorem ipsum dolor sit amet, consectetuer adipiscing elit."
        text run at (0,19) width 352: "Nulla varius enim ac mi. Curabitur sollicitudin felis quis"
        text run at (0,37) width 325: "lectus. Quisque adipiscing rhoncus sem. Proin nulla"
        text run at (0,55) width 359: "purus, vulputate vel, varius ut, euismod et, nisi. Sed vitae"
        text run at (0,73) width 343: "felis vel orci sagittis aliquam. Cras convallis adipiscing"
        text run at (0,91) width 340: "sem. Nam nonummy enim. Nullam bibendum lobortis"
        text run at (0,109) width 343: "neque. Vestibulum velit orci, tempus euismod, pretium"
        text run at (0,127) width 343: "quis, interdum vitae, nulla. Phasellus eget ante et tortor"
        text run at (0,145) width 343: "condimentum vestibulum. Suspendisse hendrerit quam"
        text run at (0,163) width 362: "nec felis. Sed varius turpis vitae pede. Lorem ipsum dolor"
        text run at (0,181) width 229: "sit amet, consectetuer adipiscing elit."
    RenderBlock {P} at (5,235) size 367x36
      RenderText {#text} at (0,1) size 354x34
        text run at (0,1) width 354: "Lorem ipsum dolor sit amet, consectetuer adipiscing elit."
        text run at (0,19) width 155: "Nulla varius enim ac mi."
    RenderBlock {P} at (5,287) size 367x198
      RenderText {#text} at (0,1) size 362x196
        text run at (0,1) width 354: "Lorem ipsum dolor sit amet, consectetuer adipiscing elit."
        text run at (0,19) width 352: "Nulla varius enim ac mi. Curabitur sollicitudin felis quis"
        text run at (0,37) width 325: "lectus. Quisque adipiscing rhoncus sem. Proin nulla"
        text run at (0,55) width 359: "purus, vulputate vel, varius ut, euismod et, nisi. Sed vitae"
        text run at (0,73) width 343: "felis vel orci sagittis aliquam. Cras convallis adipiscing"
        text run at (0,91) width 340: "sem. Nam nonummy enim. Nullam bibendum lobortis"
        text run at (0,109) width 343: "neque. Vestibulum velit orci, tempus euismod, pretium"
        text run at (0,127) width 343: "quis, interdum vitae, nulla. Phasellus eget ante et tortor"
        text run at (0,145) width 343: "condimentum vestibulum. Suspendisse hendrerit quam"
        text run at (0,163) width 362: "nec felis. Sed varius turpis vitae pede. Lorem ipsum dolor"
        text run at (0,181) width 229: "sit amet, consectetuer adipiscing elit."
    RenderBlock {H2} at (5,504) size 367x28 [bgcolor=#EEEEEE]
      RenderText {#text} at (0,2) size 276x24
        text run at (0,2) width 276: "This is a spanning element."
    RenderBlock (anonymous) at (5,551) size 367x18
      RenderInline {SPAN} at (0,0) size 354x16
        RenderText {#text} at (0,1) size 354x16
          text run at (0,1) width 354: "Lorem ipsum dolor sit amet, consectetuer adipiscing elit."
    RenderBlock (anonymous) at (5,569) size 367x18
      RenderBlock {SPAN} at (0,0) size 367x18
        RenderText {#text} at (0,1) size 155x16
          text run at (0,1) width 155: "Nulla varius enim ac mi."
    RenderBlock (anonymous) at (5,587) size 367x180
      RenderInline {SPAN} at (0,0) size 362x178
        RenderText {#text} at (0,1) size 362x178
          text run at (0,1) width 362: "Curabitur sollicitudin felis quis lectus. Quisque adipiscing"
          text run at (0,19) width 350: "rhoncus sem. Proin nulla purus, vulputate vel, varius ut,"
          text run at (0,37) width 350: "euismod et, nisi. Sed vitae felis vel orci sagittis aliquam."
          text run at (0,55) width 332: "Cras convallis adipiscing sem. Nam nonummy enim."
          text run at (0,73) width 351: "Nullam bibendum lobortis neque. Vestibulum velit orci,"
          text run at (0,91) width 329: "tempus euismod, pretium quis, interdum vitae, nulla."
          text run at (0,109) width 339: "Phasellus eget ante et tortor condimentum vestibulum."
          text run at (0,127) width 345: "Suspendisse hendrerit quam nec felis. Sed varius turpis"
          text run at (0,145) width 331: "vitae pede. Lorem ipsum dolor sit amet, consectetuer"
          text run at (0,163) width 91: "adipiscing elit."
      RenderText {#text} at (0,0) size 0x0
