layer at (0,0) size 800x2927
  RenderView at (0,0) size 800x600
layer at (0,0) size 800x2927
  RenderBlock {HTML} at (0,0) size 800x2927
    RenderBody {BODY} at (8,16) size 784x2895
layer at (8,16) size 760x437
  RenderBlock {DIV} at (0,0) size 760x437 [border: (5px solid #800000)]
    RenderBlock (anonymous multi-column span) at (5,24) size 750x32
      RenderBlock {H2} at (0,0) size 750x32 [bgcolor=#EEEEEE]
        RenderText {#text} at (0,2) size 276x28
          text run at (0,2) width 276: "This is a spanning element."
layer at (13,91) size 750x357
  RenderBlock (anonymous multi-column) at (5,75) size 750x357
    RenderText {#text} at (0,1) size 363x712
      text run at (0,1) width 354: "Lorem ipsum dolor sit amet, consectetuer adipiscing elit."
      text run at (0,22) width 352: "Nulla varius enim ac mi. Curabitur sollicitudin felis quis"
      text run at (0,43) width 325: "lectus. Quisque adipiscing rhoncus sem. Proin nulla"
      text run at (0,64) width 359: "purus, vulputate vel, varius ut, euismod et, nisi. Sed vitae"
      text run at (0,85) width 343: "felis vel orci sagittis aliquam. Cras convallis adipiscing"
      text run at (0,106) width 340: "sem. Nam nonummy enim. Nullam bibendum lobortis"
      text run at (0,127) width 343: "neque. Vestibulum velit orci, tempus euismod, pretium"
      text run at (0,148) width 343: "quis, interdum vitae, nulla. Phasellus eget ante et tortor"
      text run at (0,169) width 343: "condimentum vestibulum. Suspendisse hendrerit quam"
      text run at (0,190) width 362: "nec felis. Sed varius turpis vitae pede. Lorem ipsum dolor"
      text run at (0,211) width 233: "sit amet, consectetuer adipiscing elit. "
      text run at (233,211) width 121: "Lorem ipsum dolor"
      text run at (0,232) width 363: "sit amet, consectetuer adipiscing elit. Nulla varius enim ac"
      text run at (0,253) width 318: "mi. Curabitur sollicitudin felis quis lectus. Quisque"
      text run at (0,274) width 356: "adipiscing rhoncus sem. Proin nulla purus, vulputate vel,"
      text run at (0,295) width 354: "varius ut, euismod et, nisi. Sed vitae felis vel orci sagittis"
      text run at (0,316) width 351: "aliquam. Cras convallis adipiscing sem. Nam nonummy"
      text run at (0,337) width 357: "enim. Nullam bibendum lobortis neque. Vestibulum velit"
      text run at (0,358) width 361: "orci, tempus euismod, pretium quis, interdum vitae, nulla."
      text run at (0,379) width 339: "Phasellus eget ante et tortor condimentum vestibulum."
      text run at (0,400) width 345: "Suspendisse hendrerit quam nec felis. Sed varius turpis"
      text run at (0,421) width 331: "vitae pede. Lorem ipsum dolor sit amet, consectetuer"
      text run at (0,442) width 95: "adipiscing elit. "
      text run at (95,442) width 259: "Lorem ipsum dolor sit amet, consectetuer"
      text run at (0,463) width 313: "adipiscing elit. Nulla varius enim ac mi. Curabitur"
      text run at (0,484) width 352: "sollicitudin felis quis lectus. Quisque adipiscing rhoncus"
      text run at (0,505) width 353: "sem. Proin nulla purus, vulputate vel, varius ut, euismod"
      text run at (0,526) width 326: "et, nisi. Sed vitae felis vel orci sagittis aliquam. Cras"
      text run at (0,547) width 350: "convallis adipiscing sem. Nam nonummy enim. Nullam"
      text run at (0,568) width 349: "bibendum lobortis neque. Vestibulum velit orci, tempus"
      text run at (0,589) width 343: "euismod, pretium quis, interdum vitae, nulla. Phasellus"
      text run at (0,610) width 357: "eget ante et tortor condimentum vestibulum. Suspendisse"
      text run at (0,631) width 336: "hendrerit quam nec felis. Sed varius turpis vitae pede."
      text run at (0,652) width 354: "Lorem ipsum dolor sit amet, consectetuer adipiscing elit."
      text run at (0,673) width 354: "Lorem ipsum dolor sit amet, consectetuer adipiscing elit."
      text run at (0,694) width 155: "Nulla varius enim ac mi."
layer at (8,469) size 760x437
  RenderBlock {DIV} at (0,453) size 760x437 [border: (5px solid #800000)]
    RenderBlock (anonymous multi-column span) at (5,381) size 750x32
      RenderBlock {H2} at (0,0) size 750x32 [bgcolor=#EEEEEE]
        RenderText {#text} at (0,2) size 276x28
          text run at (0,2) width 276: "This is a spanning element."
layer at (13,474) size 750x357
  RenderBlock (anonymous multi-column) at (5,5) size 750x357
    RenderText {#text} at (0,1) size 363x712
      text run at (0,1) width 354: "Lorem ipsum dolor sit amet, consectetuer adipiscing elit."
      text run at (0,22) width 352: "Nulla varius enim ac mi. Curabitur sollicitudin felis quis"
      text run at (0,43) width 325: "lectus. Quisque adipiscing rhoncus sem. Proin nulla"
      text run at (0,64) width 359: "purus, vulputate vel, varius ut, euismod et, nisi. Sed vitae"
      text run at (0,85) width 343: "felis vel orci sagittis aliquam. Cras convallis adipiscing"
      text run at (0,106) width 340: "sem. Nam nonummy enim. Nullam bibendum lobortis"
      text run at (0,127) width 343: "neque. Vestibulum velit orci, tempus euismod, pretium"
      text run at (0,148) width 343: "quis, interdum vitae, nulla. Phasellus eget ante et tortor"
      text run at (0,169) width 343: "condimentum vestibulum. Suspendisse hendrerit quam"
      text run at (0,190) width 362: "nec felis. Sed varius turpis vitae pede. Lorem ipsum dolor"
      text run at (0,211) width 233: "sit amet, consectetuer adipiscing elit. "
      text run at (233,211) width 121: "Lorem ipsum dolor"
      text run at (0,232) width 363: "sit amet, consectetuer adipiscing elit. Nulla varius enim ac"
      text run at (0,253) width 318: "mi. Curabitur sollicitudin felis quis lectus. Quisque"
      text run at (0,274) width 356: "adipiscing rhoncus sem. Proin nulla purus, vulputate vel,"
      text run at (0,295) width 354: "varius ut, euismod et, nisi. Sed vitae felis vel orci sagittis"
      text run at (0,316) width 351: "aliquam. Cras convallis adipiscing sem. Nam nonummy"
      text run at (0,337) width 357: "enim. Nullam bibendum lobortis neque. Vestibulum velit"
      text run at (0,358) width 361: "orci, tempus euismod, pretium quis, interdum vitae, nulla."
      text run at (0,379) width 339: "Phasellus eget ante et tortor condimentum vestibulum."
      text run at (0,400) width 345: "Suspendisse hendrerit quam nec felis. Sed varius turpis"
      text run at (0,421) width 331: "vitae pede. Lorem ipsum dolor sit amet, consectetuer"
      text run at (0,442) width 95: "adipiscing elit. "
      text run at (95,442) width 259: "Lorem ipsum dolor sit amet, consectetuer"
      text run at (0,463) width 313: "adipiscing elit. Nulla varius enim ac mi. Curabitur"
      text run at (0,484) width 352: "sollicitudin felis quis lectus. Quisque adipiscing rhoncus"
      text run at (0,505) width 353: "sem. Proin nulla purus, vulputate vel, varius ut, euismod"
      text run at (0,526) width 326: "et, nisi. Sed vitae felis vel orci sagittis aliquam. Cras"
      text run at (0,547) width 350: "convallis adipiscing sem. Nam nonummy enim. Nullam"
      text run at (0,568) width 349: "bibendum lobortis neque. Vestibulum velit orci, tempus"
      text run at (0,589) width 343: "euismod, pretium quis, interdum vitae, nulla. Phasellus"
      text run at (0,610) width 357: "eget ante et tortor condimentum vestibulum. Suspendisse"
      text run at (0,631) width 336: "hendrerit quam nec felis. Sed varius turpis vitae pede."
      text run at (0,652) width 354: "Lorem ipsum dolor sit amet, consectetuer adipiscing elit."
      text run at (0,673) width 354: "Lorem ipsum dolor sit amet, consectetuer adipiscing elit."
      text run at (0,694) width 155: "Nulla varius enim ac mi."
layer at (8,922) size 760x489
  RenderBlock {DIV} at (0,906) size 760x489 [border: (5px solid #800000)]
    RenderBlock (anonymous multi-column span) at (5,186) size 750x32
      RenderBlock {H2} at (0,0) size 750x32 [bgcolor=#EEEEEE]
        RenderText {#text} at (0,2) size 276x28
          text run at (0,2) width 276: "This is a spanning element."
layer at (13,943) size 750x146
  RenderBlock (anonymous multi-column) at (5,21) size 750x146
    RenderBlock {P} at (0,0) size 367x273
      RenderText {#text} at (0,1) size 363x271
        text run at (0,1) width 354: "Lorem ipsum dolor sit amet, consectetuer adipiscing elit."
        text run at (0,22) width 352: "Nulla varius enim ac mi. Curabitur sollicitudin felis quis"
        text run at (0,43) width 325: "lectus. Quisque adipiscing rhoncus sem. Proin nulla"
        text run at (0,64) width 359: "purus, vulputate vel, varius ut, euismod et, nisi. Sed vitae"
        text run at (0,85) width 343: "felis vel orci sagittis aliquam. Cras convallis adipiscing"
        text run at (0,106) width 340: "sem. Nam nonummy enim. Nullam bibendum lobortis"
        text run at (0,127) width 343: "neque. Vestibulum velit orci, tempus euismod, pretium"
        text run at (0,148) width 343: "quis, interdum vitae, nulla. Phasellus eget ante et tortor"
        text run at (0,169) width 343: "condimentum vestibulum. Suspendisse hendrerit quam"
        text run at (0,190) width 362: "nec felis. Sed varius turpis vitae pede. Lorem ipsum dolor"
        text run at (0,211) width 233: "sit amet, consectetuer adipiscing elit. "
        text run at (233,211) width 121: "Lorem ipsum dolor"
        text run at (0,232) width 363: "sit amet, consectetuer adipiscing elit. Nulla varius enim ac"
        text run at (0,253) width 20: "mi."
layer at (13,1159) size 750x231
  RenderBlock (anonymous multi-column) at (5,237) size 750x231
    RenderBlock {P} at (0,0) size 367x462
      RenderText {#text} at (0,1) size 363x460
        text run at (0,1) width 354: "Lorem ipsum dolor sit amet, consectetuer adipiscing elit."
        text run at (0,22) width 352: "Nulla varius enim ac mi. Curabitur sollicitudin felis quis"
        text run at (0,43) width 325: "lectus. Quisque adipiscing rhoncus sem. Proin nulla"
        text run at (0,64) width 359: "purus, vulputate vel, varius ut, euismod et, nisi. Sed vitae"
        text run at (0,85) width 343: "felis vel orci sagittis aliquam. Cras convallis adipiscing"
        text run at (0,106) width 340: "sem. Nam nonummy enim. Nullam bibendum lobortis"
        text run at (0,127) width 343: "neque. Vestibulum velit orci, tempus euismod, pretium"
        text run at (0,148) width 343: "quis, interdum vitae, nulla. Phasellus eget ante et tortor"
        text run at (0,169) width 343: "condimentum vestibulum. Suspendisse hendrerit quam"
        text run at (0,190) width 362: "nec felis. Sed varius turpis vitae pede. Lorem ipsum dolor"
        text run at (0,211) width 233: "sit amet, consectetuer adipiscing elit. "
        text run at (233,211) width 121: "Lorem ipsum dolor"
        text run at (0,232) width 363: "sit amet, consectetuer adipiscing elit. Nulla varius enim ac"
        text run at (0,253) width 318: "mi. Curabitur sollicitudin felis quis lectus. Quisque"
        text run at (0,274) width 356: "adipiscing rhoncus sem. Proin nulla purus, vulputate vel,"
        text run at (0,295) width 354: "varius ut, euismod et, nisi. Sed vitae felis vel orci sagittis"
        text run at (0,316) width 351: "aliquam. Cras convallis adipiscing sem. Nam nonummy"
        text run at (0,337) width 357: "enim. Nullam bibendum lobortis neque. Vestibulum velit"
        text run at (0,358) width 361: "orci, tempus euismod, pretium quis, interdum vitae, nulla."
        text run at (0,379) width 339: "Phasellus eget ante et tortor condimentum vestibulum."
        text run at (0,400) width 345: "Suspendisse hendrerit quam nec felis. Sed varius turpis"
        text run at (0,421) width 331: "vitae pede. Lorem ipsum dolor sit amet, consectetuer"
        text run at (0,442) width 91: "adipiscing elit."
layer at (8,1427) size 760x489
  RenderBlock {DIV} at (0,1411) size 760x489 [border: (5px solid #800000)]
    RenderBlock (anonymous multi-column span) at (5,170) size 750x32
      RenderBlock {H2} at (0,0) size 750x32 [bgcolor=#EEEEEE]
        RenderText {#text} at (0,2) size 276x28
          text run at (0,2) width 276: "This is a spanning element."
layer at (13,1432) size 750x146
  RenderBlock (anonymous multi-column) at (5,5) size 750x146
    RenderBlock (anonymous) at (0,0) size 367x273
      RenderText {#text} at (0,1) size 363x271
        text run at (0,1) width 354: "Lorem ipsum dolor sit amet, consectetuer adipiscing elit."
        text run at (0,22) width 352: "Nulla varius enim ac mi. Curabitur sollicitudin felis quis"
        text run at (0,43) width 325: "lectus. Quisque adipiscing rhoncus sem. Proin nulla"
        text run at (0,64) width 359: "purus, vulputate vel, varius ut, euismod et, nisi. Sed vitae"
        text run at (0,85) width 343: "felis vel orci sagittis aliquam. Cras convallis adipiscing"
        text run at (0,106) width 340: "sem. Nam nonummy enim. Nullam bibendum lobortis"
        text run at (0,127) width 343: "neque. Vestibulum velit orci, tempus euismod, pretium"
        text run at (0,148) width 343: "quis, interdum vitae, nulla. Phasellus eget ante et tortor"
        text run at (0,169) width 343: "condimentum vestibulum. Suspendisse hendrerit quam"
        text run at (0,190) width 362: "nec felis. Sed varius turpis vitae pede. Lorem ipsum dolor"
        text run at (0,211) width 233: "sit amet, consectetuer adipiscing elit. "
        text run at (233,211) width 121: "Lorem ipsum dolor"
        text run at (0,232) width 363: "sit amet, consectetuer adipiscing elit. Nulla varius enim ac"
        text run at (0,253) width 20: "mi."
layer at (13,1648) size 750x247
  RenderBlock (anonymous multi-column) at (5,221) size 750x247
    RenderBlock (anonymous) at (0,0) size 367x231
      RenderInline {SPAN} at (0,0) size 42x19
        RenderText {#text} at (0,1) size 42x19
          text run at (0,1) width 42: "Lorem"
      RenderText {#text} at (42,1) size 362x229
        text run at (42,1) width 312: " ipsum dolor sit amet, consectetuer adipiscing elit."
        text run at (0,22) width 352: "Nulla varius enim ac mi. Curabitur sollicitudin felis quis"
        text run at (0,43) width 325: "lectus. Quisque adipiscing rhoncus sem. Proin nulla"
        text run at (0,64) width 359: "purus, vulputate vel, varius ut, euismod et, nisi. Sed vitae"
        text run at (0,85) width 343: "felis vel orci sagittis aliquam. Cras convallis adipiscing"
        text run at (0,106) width 340: "sem. Nam nonummy enim. Nullam bibendum lobortis"
        text run at (0,127) width 343: "neque. Vestibulum velit orci, tempus euismod, pretium"
        text run at (0,148) width 343: "quis, interdum vitae, nulla. Phasellus eget ante et tortor"
        text run at (0,169) width 343: "condimentum vestibulum. Suspendisse hendrerit quam"
        text run at (0,190) width 362: "nec felis. Sed varius turpis vitae pede. Lorem ipsum dolor"
        text run at (0,211) width 229: "sit amet, consectetuer adipiscing elit."
    RenderBlock {P} at (0,247) size 367x231
      RenderText {#text} at (0,1) size 362x229
        text run at (0,1) width 354: "Lorem ipsum dolor sit amet, consectetuer adipiscing elit."
        text run at (0,22) width 352: "Nulla varius enim ac mi. Curabitur sollicitudin felis quis"
        text run at (0,43) width 325: "lectus. Quisque adipiscing rhoncus sem. Proin nulla"
        text run at (0,64) width 359: "purus, vulputate vel, varius ut, euismod et, nisi. Sed vitae"
        text run at (0,85) width 343: "felis vel orci sagittis aliquam. Cras convallis adipiscing"
        text run at (0,106) width 340: "sem. Nam nonummy enim. Nullam bibendum lobortis"
        text run at (0,127) width 343: "neque. Vestibulum velit orci, tempus euismod, pretium"
        text run at (0,148) width 343: "quis, interdum vitae, nulla. Phasellus eget ante et tortor"
        text run at (0,169) width 343: "condimentum vestibulum. Suspendisse hendrerit quam"
        text run at (0,190) width 362: "nec felis. Sed varius turpis vitae pede. Lorem ipsum dolor"
        text run at (0,211) width 229: "sit amet, consectetuer adipiscing elit."
layer at (8,1932) size 760x473
  RenderBlock {DIV} at (0,1916) size 760x473 [border: (5px solid #800000)]
    RenderBlock (anonymous multi-column span) at (5,276) size 750x32
      RenderBlock {H2} at (0,0) size 750x32 [bgcolor=#EEEEEE]
        RenderText {#text} at (0,2) size 276x28
          text run at (0,2) width 276: "This is a spanning element."
layer at (13,1937) size 750x252
  RenderBlock (anonymous multi-column) at (5,5) size 750x252
    RenderBlock (anonymous) at (0,0) size 367x231
      RenderInline {SPAN} at (0,0) size 362x229
        RenderText {#text} at (0,1) size 362x229
          text run at (0,1) width 354: "Lorem ipsum dolor sit amet, consectetuer adipiscing elit."
          text run at (0,22) width 352: "Nulla varius enim ac mi. Curabitur sollicitudin felis quis"
          text run at (0,43) width 325: "lectus. Quisque adipiscing rhoncus sem. Proin nulla"
          text run at (0,64) width 359: "purus, vulputate vel, varius ut, euismod et, nisi. Sed vitae"
          text run at (0,85) width 343: "felis vel orci sagittis aliquam. Cras convallis adipiscing"
          text run at (0,106) width 340: "sem. Nam nonummy enim. Nullam bibendum lobortis"
          text run at (0,127) width 343: "neque. Vestibulum velit orci, tempus euismod, pretium"
          text run at (0,148) width 343: "quis, interdum vitae, nulla. Phasellus eget ante et tortor"
          text run at (0,169) width 343: "condimentum vestibulum. Suspendisse hendrerit quam"
          text run at (0,190) width 362: "nec felis. Sed varius turpis vitae pede. Lorem ipsum dolor"
          text run at (0,211) width 229: "sit amet, consectetuer adipiscing elit."
    RenderBlock (anonymous) at (0,231) size 367x42
      RenderBlock {SPAN} at (0,0) size 367x42
        RenderText {#text} at (0,1) size 354x40
          text run at (0,1) width 354: "Lorem ipsum dolor sit amet, consectetuer adipiscing elit."
          text run at (0,22) width 155: "Nulla varius enim ac mi."
    RenderBlock (anonymous) at (0,273) size 367x231
      RenderInline {SPAN} at (0,0) size 42x19
        RenderText {#text} at (0,1) size 42x19
          text run at (0,1) width 42: "Lorem"
      RenderText {#text} at (42,1) size 362x229
        text run at (42,1) width 312: " ipsum dolor sit amet, consectetuer adipiscing elit."
        text run at (0,22) width 352: "Nulla varius enim ac mi. Curabitur sollicitudin felis quis"
        text run at (0,43) width 325: "lectus. Quisque adipiscing rhoncus sem. Proin nulla"
        text run at (0,64) width 359: "purus, vulputate vel, varius ut, euismod et, nisi. Sed vitae"
        text run at (0,85) width 343: "felis vel orci sagittis aliquam. Cras convallis adipiscing"
        text run at (0,106) width 340: "sem. Nam nonummy enim. Nullam bibendum lobortis"
        text run at (0,127) width 343: "neque. Vestibulum velit orci, tempus euismod, pretium"
        text run at (0,148) width 343: "quis, interdum vitae, nulla. Phasellus eget ante et tortor"
        text run at (0,169) width 343: "condimentum vestibulum. Suspendisse hendrerit quam"
        text run at (0,190) width 362: "nec felis. Sed varius turpis vitae pede. Lorem ipsum dolor"
        text run at (0,211) width 229: "sit amet, consectetuer adipiscing elit."
layer at (13,2259) size 750x125
  RenderBlock (anonymous multi-column) at (5,327) size 750x125
    RenderBlock {P} at (0,0) size 367x231
      RenderText {#text} at (0,1) size 362x229
        text run at (0,1) width 354: "Lorem ipsum dolor sit amet, consectetuer adipiscing elit."
        text run at (0,22) width 352: "Nulla varius enim ac mi. Curabitur sollicitudin felis quis"
        text run at (0,43) width 325: "lectus. Quisque adipiscing rhoncus sem. Proin nulla"
        text run at (0,64) width 359: "purus, vulputate vel, varius ut, euismod et, nisi. Sed vitae"
        text run at (0,85) width 343: "felis vel orci sagittis aliquam. Cras convallis adipiscing"
        text run at (0,106) width 340: "sem. Nam nonummy enim. Nullam bibendum lobortis"
        text run at (0,127) width 343: "neque. Vestibulum velit orci, tempus euismod, pretium"
        text run at (0,148) width 343: "quis, interdum vitae, nulla. Phasellus eget ante et tortor"
        text run at (0,169) width 343: "condimentum vestibulum. Suspendisse hendrerit quam"
        text run at (0,190) width 362: "nec felis. Sed varius turpis vitae pede. Lorem ipsum dolor"
        text run at (0,211) width 229: "sit amet, consectetuer adipiscing elit."
layer at (8,2421) size 760x490
  RenderBlock {DIV} at (0,2405) size 760x490 [border: (5px solid #800000)]
    RenderBlock (anonymous multi-column span) at (5,308) size 750x32
      RenderBlock {H2} at (0,0) size 750x32 [bgcolor=#EEEEEE]
        RenderText {#text} at (0,2) size 276x28
          text run at (0,2) width 276: "This is a spanning element."
layer at (13,2442) size 750x268
  RenderBlock (anonymous multi-column) at (5,21) size 750x268
    RenderBlock {P} at (0,0) size 367x231
      RenderText {#text} at (0,1) size 362x229
        text run at (0,1) width 354: "Lorem ipsum dolor sit amet, consectetuer adipiscing elit."
        text run at (0,22) width 352: "Nulla varius enim ac mi. Curabitur sollicitudin felis quis"
        text run at (0,43) width 325: "lectus. Quisque adipiscing rhoncus sem. Proin nulla"
        text run at (0,64) width 359: "purus, vulputate vel, varius ut, euismod et, nisi. Sed vitae"
        text run at (0,85) width 343: "felis vel orci sagittis aliquam. Cras convallis adipiscing"
        text run at (0,106) width 340: "sem. Nam nonummy enim. Nullam bibendum lobortis"
        text run at (0,127) width 343: "neque. Vestibulum velit orci, tempus euismod, pretium"
        text run at (0,148) width 343: "quis, interdum vitae, nulla. Phasellus eget ante et tortor"
        text run at (0,169) width 343: "condimentum vestibulum. Suspendisse hendrerit quam"
        text run at (0,190) width 362: "nec felis. Sed varius turpis vitae pede. Lorem ipsum dolor"
        text run at (0,211) width 229: "sit amet, consectetuer adipiscing elit."
    RenderBlock {P} at (0,247) size 367x42
      RenderText {#text} at (0,1) size 354x40
        text run at (0,1) width 354: "Lorem ipsum dolor sit amet, consectetuer adipiscing elit."
        text run at (0,22) width 155: "Nulla varius enim ac mi."
    RenderBlock {P} at (0,305) size 367x231
      RenderText {#text} at (0,1) size 362x229
        text run at (0,1) width 354: "Lorem ipsum dolor sit amet, consectetuer adipiscing elit."
        text run at (0,22) width 352: "Nulla varius enim ac mi. Curabitur sollicitudin felis quis"
        text run at (0,43) width 325: "lectus. Quisque adipiscing rhoncus sem. Proin nulla"
        text run at (0,64) width 359: "purus, vulputate vel, varius ut, euismod et, nisi. Sed vitae"
        text run at (0,85) width 343: "felis vel orci sagittis aliquam. Cras convallis adipiscing"
        text run at (0,106) width 340: "sem. Nam nonummy enim. Nullam bibendum lobortis"
        text run at (0,127) width 343: "neque. Vestibulum velit orci, tempus euismod, pretium"
        text run at (0,148) width 343: "quis, interdum vitae, nulla. Phasellus eget ante et tortor"
        text run at (0,169) width 343: "condimentum vestibulum. Suspendisse hendrerit quam"
        text run at (0,190) width 362: "nec felis. Sed varius turpis vitae pede. Lorem ipsum dolor"
        text run at (0,211) width 229: "sit amet, consectetuer adipiscing elit."
layer at (13,2780) size 750x126
  RenderBlock (anonymous multi-column) at (5,359) size 750x126
    RenderBlock (anonymous) at (0,0) size 367x21
      RenderInline {SPAN} at (0,0) size 354x19
        RenderText {#text} at (0,1) size 354x19
          text run at (0,1) width 354: "Lorem ipsum dolor sit amet, consectetuer adipiscing elit."
    RenderBlock (anonymous) at (0,21) size 367x21
      RenderBlock {SPAN} at (0,0) size 367x21
        RenderText {#text} at (0,1) size 155x19
          text run at (0,1) width 155: "Nulla varius enim ac mi."
    RenderBlock (anonymous) at (0,42) size 367x210
      RenderInline {SPAN} at (0,0) size 362x208
        RenderText {#text} at (0,1) size 362x208
          text run at (0,1) width 362: "Curabitur sollicitudin felis quis lectus. Quisque adipiscing"
          text run at (0,22) width 350: "rhoncus sem. Proin nulla purus, vulputate vel, varius ut,"
          text run at (0,43) width 350: "euismod et, nisi. Sed vitae felis vel orci sagittis aliquam."
          text run at (0,64) width 332: "Cras convallis adipiscing sem. Nam nonummy enim."
          text run at (0,85) width 351: "Nullam bibendum lobortis neque. Vestibulum velit orci,"
          text run at (0,106) width 329: "tempus euismod, pretium quis, interdum vitae, nulla."
          text run at (0,127) width 339: "Phasellus eget ante et tortor condimentum vestibulum."
          text run at (0,148) width 345: "Suspendisse hendrerit quam nec felis. Sed varius turpis"
          text run at (0,169) width 331: "vitae pede. Lorem ipsum dolor sit amet, consectetuer"
          text run at (0,190) width 91: "adipiscing elit."
      RenderText {#text} at (0,0) size 0x0
