layer at (0,0) size 800x2053
  RenderView at (0,0) size 800x600
layer at (0,0) size 800x2053
  RenderBlock {HTML} at (0,0) size 800x2053
    RenderBody {BODY} at (8,19) size 784x2018
layer at (8,19) size 750x440
  RenderBlock {DIV} at (0,0) size 750x440 [bgcolor=#EEEEEE]
    RenderBlock (anonymous multi-column span) at (0,0) size 750x64
      RenderBlock {H2} at (0,0) size 750x64 [bgcolor=#CCCCCC]
        RenderText {#text} at (0,2) size 687x60
          text run at (0,2) width 670: "This is a spanning element at the beginning of the columns block. "
          text run at (670,2) width 17: "It"
          text run at (0,34) width 527: "should collapse its margins with the top of the page."
layer at (8,102) size 750x357
  RenderBlock (anonymous multi-column) at (0,83) size 750x357
    RenderText {#text} at (0,1) size 363x712
      text run at (0,1) width 354: "Lorem ipsum dolor sit amet, consectetuer adipiscing elit."
      text run at (0,22) width 352: "Nulla varius enim ac mi. Curabitur sollicitudin felis quis"
      text run at (0,43) width 325: "lectus. Quisque adipiscing rhoncus sem. Proin nulla"
      text run at (0,64) width 359: "purus, vulputate vel, varius ut, euismod et, nisi. Sed vitae"
      text run at (0,85) width 343: "felis vel orci sagittis aliquam. Cras convallis adipiscing"
      text run at (0,106) width 340: "sem. Nam nonummy enim. Nullam bibendum lobortis"
      text run at (0,127) width 343: "neque. Vestibulum velit orci, tempus euismod, pretium"
      text run at (0,148) width 343: "quis, interdum vitae, nulla. Phasellus eget ante et tortor"
      text run at (0,169) width 343: "condimentum vestibulum. Suspendisse hendrerit quam"
      text run at (0,190) width 362: "nec felis. Sed varius turpis vitae pede. Lorem ipsum dolor"
      text run at (0,211) width 233: "sit amet, consectetuer adipiscing elit. "
      text run at (233,211) width 121: "Lorem ipsum dolor"
      text run at (0,232) width 363: "sit amet, consectetuer adipiscing elit. Nulla varius enim ac"
      text run at (0,253) width 318: "mi. Curabitur sollicitudin felis quis lectus. Quisque"
      text run at (0,274) width 356: "adipiscing rhoncus sem. Proin nulla purus, vulputate vel,"
      text run at (0,295) width 354: "varius ut, euismod et, nisi. Sed vitae felis vel orci sagittis"
      text run at (0,316) width 351: "aliquam. Cras convallis adipiscing sem. Nam nonummy"
      text run at (0,337) width 357: "enim. Nullam bibendum lobortis neque. Vestibulum velit"
      text run at (0,358) width 361: "orci, tempus euismod, pretium quis, interdum vitae, nulla."
      text run at (0,379) width 339: "Phasellus eget ante et tortor condimentum vestibulum."
      text run at (0,400) width 345: "Suspendisse hendrerit quam nec felis. Sed varius turpis"
      text run at (0,421) width 331: "vitae pede. Lorem ipsum dolor sit amet, consectetuer"
      text run at (0,442) width 95: "adipiscing elit. "
      text run at (95,442) width 259: "Lorem ipsum dolor sit amet, consectetuer"
      text run at (0,463) width 313: "adipiscing elit. Nulla varius enim ac mi. Curabitur"
      text run at (0,484) width 352: "sollicitudin felis quis lectus. Quisque adipiscing rhoncus"
      text run at (0,505) width 353: "sem. Proin nulla purus, vulputate vel, varius ut, euismod"
      text run at (0,526) width 326: "et, nisi. Sed vitae felis vel orci sagittis aliquam. Cras"
      text run at (0,547) width 350: "convallis adipiscing sem. Nam nonummy enim. Nullam"
      text run at (0,568) width 349: "bibendum lobortis neque. Vestibulum velit orci, tempus"
      text run at (0,589) width 343: "euismod, pretium quis, interdum vitae, nulla. Phasellus"
      text run at (0,610) width 357: "eget ante et tortor condimentum vestibulum. Suspendisse"
      text run at (0,631) width 336: "hendrerit quam nec felis. Sed varius turpis vitae pede."
      text run at (0,652) width 354: "Lorem ipsum dolor sit amet, consectetuer adipiscing elit."
      text run at (0,673) width 354: "Lorem ipsum dolor sit amet, consectetuer adipiscing elit."
      text run at (0,694) width 155: "Nulla varius enim ac mi."
layer at (8,475) size 750x440
  RenderBlock {DIV} at (0,456) size 750x440 [bgcolor=#EEEEEE]
    RenderBlock (anonymous multi-column span) at (0,376) size 750x64
      RenderBlock {H2} at (0,0) size 750x64 [bgcolor=#CCCCCC]
        RenderText {#text} at (0,2) size 696x60
          text run at (0,2) width 606: "This is a spanning element at the end of the columns block. "
          text run at (606,2) width 90: "It should"
          text run at (0,34) width 504: "collapse its margins with the h2 in the next block."
layer at (8,475) size 750x357
  RenderBlock (anonymous multi-column) at (0,0) size 750x357
    RenderText {#text} at (0,1) size 363x712
      text run at (0,1) width 354: "Lorem ipsum dolor sit amet, consectetuer adipiscing elit."
      text run at (0,22) width 352: "Nulla varius enim ac mi. Curabitur sollicitudin felis quis"
      text run at (0,43) width 325: "lectus. Quisque adipiscing rhoncus sem. Proin nulla"
      text run at (0,64) width 359: "purus, vulputate vel, varius ut, euismod et, nisi. Sed vitae"
      text run at (0,85) width 343: "felis vel orci sagittis aliquam. Cras convallis adipiscing"
      text run at (0,106) width 340: "sem. Nam nonummy enim. Nullam bibendum lobortis"
      text run at (0,127) width 343: "neque. Vestibulum velit orci, tempus euismod, pretium"
      text run at (0,148) width 343: "quis, interdum vitae, nulla. Phasellus eget ante et tortor"
      text run at (0,169) width 343: "condimentum vestibulum. Suspendisse hendrerit quam"
      text run at (0,190) width 362: "nec felis. Sed varius turpis vitae pede. Lorem ipsum dolor"
      text run at (0,211) width 233: "sit amet, consectetuer adipiscing elit. "
      text run at (233,211) width 121: "Lorem ipsum dolor"
      text run at (0,232) width 363: "sit amet, consectetuer adipiscing elit. Nulla varius enim ac"
      text run at (0,253) width 318: "mi. Curabitur sollicitudin felis quis lectus. Quisque"
      text run at (0,274) width 356: "adipiscing rhoncus sem. Proin nulla purus, vulputate vel,"
      text run at (0,295) width 354: "varius ut, euismod et, nisi. Sed vitae felis vel orci sagittis"
      text run at (0,316) width 351: "aliquam. Cras convallis adipiscing sem. Nam nonummy"
      text run at (0,337) width 357: "enim. Nullam bibendum lobortis neque. Vestibulum velit"
      text run at (0,358) width 361: "orci, tempus euismod, pretium quis, interdum vitae, nulla."
      text run at (0,379) width 339: "Phasellus eget ante et tortor condimentum vestibulum."
      text run at (0,400) width 345: "Suspendisse hendrerit quam nec felis. Sed varius turpis"
      text run at (0,421) width 331: "vitae pede. Lorem ipsum dolor sit amet, consectetuer"
      text run at (0,442) width 95: "adipiscing elit. "
      text run at (95,442) width 259: "Lorem ipsum dolor sit amet, consectetuer"
      text run at (0,463) width 313: "adipiscing elit. Nulla varius enim ac mi. Curabitur"
      text run at (0,484) width 352: "sollicitudin felis quis lectus. Quisque adipiscing rhoncus"
      text run at (0,505) width 353: "sem. Proin nulla purus, vulputate vel, varius ut, euismod"
      text run at (0,526) width 326: "et, nisi. Sed vitae felis vel orci sagittis aliquam. Cras"
      text run at (0,547) width 350: "convallis adipiscing sem. Nam nonummy enim. Nullam"
      text run at (0,568) width 349: "bibendum lobortis neque. Vestibulum velit orci, tempus"
      text run at (0,589) width 343: "euismod, pretium quis, interdum vitae, nulla. Phasellus"
      text run at (0,610) width 357: "eget ante et tortor condimentum vestibulum. Suspendisse"
      text run at (0,631) width 336: "hendrerit quam nec felis. Sed varius turpis vitae pede."
      text run at (0,652) width 354: "Lorem ipsum dolor sit amet, consectetuer adipiscing elit."
      text run at (0,673) width 354: "Lorem ipsum dolor sit amet, consectetuer adipiscing elit."
      text run at (0,694) width 155: "Nulla varius enim ac mi."
layer at (8,934) size 750x440
  RenderBlock {DIV} at (0,915) size 750x440 [bgcolor=#EEEEEE]
    RenderBlock (anonymous multi-column span) at (0,0) size 750x64
      RenderBlock {H2} at (0,0) size 750x64 [bgcolor=#CCCCCC]
        RenderText {#text} at (0,2) size 687x60
          text run at (0,2) width 670: "This is a spanning element at the beginning of the columns block. "
          text run at (670,2) width 17: "It"
          text run at (0,34) width 621: "should collapse its margins with the h2 in the previous block."
layer at (8,1017) size 750x357
  RenderBlock (anonymous multi-column) at (0,83) size 750x357
    RenderText {#text} at (0,1) size 363x712
      text run at (0,1) width 354: "Lorem ipsum dolor sit amet, consectetuer adipiscing elit."
      text run at (0,22) width 352: "Nulla varius enim ac mi. Curabitur sollicitudin felis quis"
      text run at (0,43) width 325: "lectus. Quisque adipiscing rhoncus sem. Proin nulla"
      text run at (0,64) width 359: "purus, vulputate vel, varius ut, euismod et, nisi. Sed vitae"
      text run at (0,85) width 343: "felis vel orci sagittis aliquam. Cras convallis adipiscing"
      text run at (0,106) width 340: "sem. Nam nonummy enim. Nullam bibendum lobortis"
      text run at (0,127) width 343: "neque. Vestibulum velit orci, tempus euismod, pretium"
      text run at (0,148) width 343: "quis, interdum vitae, nulla. Phasellus eget ante et tortor"
      text run at (0,169) width 343: "condimentum vestibulum. Suspendisse hendrerit quam"
      text run at (0,190) width 362: "nec felis. Sed varius turpis vitae pede. Lorem ipsum dolor"
      text run at (0,211) width 233: "sit amet, consectetuer adipiscing elit. "
      text run at (233,211) width 121: "Lorem ipsum dolor"
      text run at (0,232) width 363: "sit amet, consectetuer adipiscing elit. Nulla varius enim ac"
      text run at (0,253) width 318: "mi. Curabitur sollicitudin felis quis lectus. Quisque"
      text run at (0,274) width 356: "adipiscing rhoncus sem. Proin nulla purus, vulputate vel,"
      text run at (0,295) width 354: "varius ut, euismod et, nisi. Sed vitae felis vel orci sagittis"
      text run at (0,316) width 351: "aliquam. Cras convallis adipiscing sem. Nam nonummy"
      text run at (0,337) width 357: "enim. Nullam bibendum lobortis neque. Vestibulum velit"
      text run at (0,358) width 361: "orci, tempus euismod, pretium quis, interdum vitae, nulla."
      text run at (0,379) width 339: "Phasellus eget ante et tortor condimentum vestibulum."
      text run at (0,400) width 345: "Suspendisse hendrerit quam nec felis. Sed varius turpis"
      text run at (0,421) width 331: "vitae pede. Lorem ipsum dolor sit amet, consectetuer"
      text run at (0,442) width 95: "adipiscing elit. "
      text run at (95,442) width 259: "Lorem ipsum dolor sit amet, consectetuer"
      text run at (0,463) width 313: "adipiscing elit. Nulla varius enim ac mi. Curabitur"
      text run at (0,484) width 352: "sollicitudin felis quis lectus. Quisque adipiscing rhoncus"
      text run at (0,505) width 353: "sem. Proin nulla purus, vulputate vel, varius ut, euismod"
      text run at (0,526) width 326: "et, nisi. Sed vitae felis vel orci sagittis aliquam. Cras"
      text run at (0,547) width 350: "convallis adipiscing sem. Nam nonummy enim. Nullam"
      text run at (0,568) width 349: "bibendum lobortis neque. Vestibulum velit orci, tempus"
      text run at (0,589) width 343: "euismod, pretium quis, interdum vitae, nulla. Phasellus"
      text run at (0,610) width 357: "eget ante et tortor condimentum vestibulum. Suspendisse"
      text run at (0,631) width 336: "hendrerit quam nec felis. Sed varius turpis vitae pede."
      text run at (0,652) width 354: "Lorem ipsum dolor sit amet, consectetuer adipiscing elit."
      text run at (0,673) width 354: "Lorem ipsum dolor sit amet, consectetuer adipiscing elit."
      text run at (0,694) width 155: "Nulla varius enim ac mi."
layer at (8,1390) size 750x647
  RenderBlock {DIV} at (0,1371) size 750x647 [bgcolor=#EEEEEE]
    RenderBlock (anonymous multi-column span) at (0,250) size 750x147
      RenderBlock {H2} at (0,0) size 750x64 [bgcolor=#CCCCCC]
        RenderText {#text} at (0,2) size 730x60
          text run at (0,2) width 640: "This is a spanning element in the middle of the columns block. "
          text run at (640,2) width 90: "It should"
          text run at (0,34) width 569: "collapse its margins with the spanning element below it."
      RenderBlock {H2} at (0,83) size 750x64 [bgcolor=#CCCCCC]
        RenderText {#text} at (0,2) size 730x60
          text run at (0,2) width 640: "This is a spanning element in the middle of the columns block. "
          text run at (640,2) width 90: "It should"
          text run at (0,34) width 569: "collapse its margins with the spanning element above it."
layer at (8,1390) size 750x231
  RenderBlock (anonymous multi-column) at (0,0) size 750x231
    RenderText {#text} at (0,1) size 363x460
      text run at (0,1) width 354: "Lorem ipsum dolor sit amet, consectetuer adipiscing elit."
      text run at (0,22) width 352: "Nulla varius enim ac mi. Curabitur sollicitudin felis quis"
      text run at (0,43) width 325: "lectus. Quisque adipiscing rhoncus sem. Proin nulla"
      text run at (0,64) width 359: "purus, vulputate vel, varius ut, euismod et, nisi. Sed vitae"
      text run at (0,85) width 343: "felis vel orci sagittis aliquam. Cras convallis adipiscing"
      text run at (0,106) width 340: "sem. Nam nonummy enim. Nullam bibendum lobortis"
      text run at (0,127) width 343: "neque. Vestibulum velit orci, tempus euismod, pretium"
      text run at (0,148) width 343: "quis, interdum vitae, nulla. Phasellus eget ante et tortor"
      text run at (0,169) width 343: "condimentum vestibulum. Suspendisse hendrerit quam"
      text run at (0,190) width 362: "nec felis. Sed varius turpis vitae pede. Lorem ipsum dolor"
      text run at (0,211) width 233: "sit amet, consectetuer adipiscing elit. "
      text run at (233,211) width 121: "Lorem ipsum dolor"
      text run at (0,232) width 363: "sit amet, consectetuer adipiscing elit. Nulla varius enim ac"
      text run at (0,253) width 318: "mi. Curabitur sollicitudin felis quis lectus. Quisque"
      text run at (0,274) width 356: "adipiscing rhoncus sem. Proin nulla purus, vulputate vel,"
      text run at (0,295) width 354: "varius ut, euismod et, nisi. Sed vitae felis vel orci sagittis"
      text run at (0,316) width 351: "aliquam. Cras convallis adipiscing sem. Nam nonummy"
      text run at (0,337) width 357: "enim. Nullam bibendum lobortis neque. Vestibulum velit"
      text run at (0,358) width 361: "orci, tempus euismod, pretium quis, interdum vitae, nulla."
      text run at (0,379) width 339: "Phasellus eget ante et tortor condimentum vestibulum."
      text run at (0,400) width 345: "Suspendisse hendrerit quam nec felis. Sed varius turpis"
      text run at (0,421) width 331: "vitae pede. Lorem ipsum dolor sit amet, consectetuer"
      text run at (0,442) width 91: "adipiscing elit."
layer at (8,1806) size 750x231
  RenderBlock (anonymous multi-column) at (0,416) size 750x231
    RenderText {#text} at (0,1) size 363x460
      text run at (0,1) width 354: "Lorem ipsum dolor sit amet, consectetuer adipiscing elit."
      text run at (0,22) width 352: "Nulla varius enim ac mi. Curabitur sollicitudin felis quis"
      text run at (0,43) width 325: "lectus. Quisque adipiscing rhoncus sem. Proin nulla"
      text run at (0,64) width 359: "purus, vulputate vel, varius ut, euismod et, nisi. Sed vitae"
      text run at (0,85) width 343: "felis vel orci sagittis aliquam. Cras convallis adipiscing"
      text run at (0,106) width 340: "sem. Nam nonummy enim. Nullam bibendum lobortis"
      text run at (0,127) width 343: "neque. Vestibulum velit orci, tempus euismod, pretium"
      text run at (0,148) width 343: "quis, interdum vitae, nulla. Phasellus eget ante et tortor"
      text run at (0,169) width 343: "condimentum vestibulum. Suspendisse hendrerit quam"
      text run at (0,190) width 362: "nec felis. Sed varius turpis vitae pede. Lorem ipsum dolor"
      text run at (0,211) width 233: "sit amet, consectetuer adipiscing elit. "
      text run at (233,211) width 121: "Lorem ipsum dolor"
      text run at (0,232) width 363: "sit amet, consectetuer adipiscing elit. Nulla varius enim ac"
      text run at (0,253) width 318: "mi. Curabitur sollicitudin felis quis lectus. Quisque"
      text run at (0,274) width 356: "adipiscing rhoncus sem. Proin nulla purus, vulputate vel,"
      text run at (0,295) width 354: "varius ut, euismod et, nisi. Sed vitae felis vel orci sagittis"
      text run at (0,316) width 351: "aliquam. Cras convallis adipiscing sem. Nam nonummy"
      text run at (0,337) width 357: "enim. Nullam bibendum lobortis neque. Vestibulum velit"
      text run at (0,358) width 361: "orci, tempus euismod, pretium quis, interdum vitae, nulla."
      text run at (0,379) width 339: "Phasellus eget ante et tortor condimentum vestibulum."
      text run at (0,400) width 345: "Suspendisse hendrerit quam nec felis. Sed varius turpis"
      text run at (0,421) width 331: "vitae pede. Lorem ipsum dolor sit amet, consectetuer"
      text run at (0,442) width 91: "adipiscing elit."
