layer at (0,0) size 800x3063
  RenderView at (0,0) size 800x600
layer at (0,0) size 800x3063
  RenderBlock {HTML} at (0,0) size 800x3063
    RenderBody {BODY} at (8,16) size 784x3031
layer at (8,16) size 760x477
  RenderBlock {DIV} at (0,0) size 760x477 [border: (5px solid #800000)]
    RenderBlock (anonymous multi-column span) at (5,44) size 750x32
      RenderBlock {H2} at (0,0) size 750x32 [bgcolor=#EEEEEE]
        RenderText {#text} at (0,2) size 276x28
          text run at (0,2) width 276: "This is a spanning element."
layer at (13,21) size 750x20
  RenderBlock (anonymous multi-column) at (5,5) size 750x20
    RenderBlock (generated) at (0,0) size 367x21 [bgcolor=#FFFF00]
      RenderText at (0,1) size 166x19
        text run at (0,1) width 166: "Before Generated Content"
layer at (13,111) size 750x377
  RenderBlock (anonymous multi-column) at (5,95) size 750x377
    RenderBlock (anonymous) at (0,0) size 367x714
      RenderText {#text} at (0,1) size 363x712
        text run at (0,1) width 354: "Lorem ipsum dolor sit amet, consectetuer adipiscing elit."
        text run at (0,22) width 352: "Nulla varius enim ac mi. Curabitur sollicitudin felis quis"
        text run at (0,43) width 325: "lectus. Quisque adipiscing rhoncus sem. Proin nulla"
        text run at (0,64) width 359: "purus, vulputate vel, varius ut, euismod et, nisi. Sed vitae"
        text run at (0,85) width 343: "felis vel orci sagittis aliquam. Cras convallis adipiscing"
        text run at (0,106) width 340: "sem. Nam nonummy enim. Nullam bibendum lobortis"
        text run at (0,127) width 343: "neque. Vestibulum velit orci, tempus euismod, pretium"
        text run at (0,148) width 343: "quis, interdum vitae, nulla. Phasellus eget ante et tortor"
        text run at (0,169) width 343: "condimentum vestibulum. Suspendisse hendrerit quam"
        text run at (0,190) width 362: "nec felis. Sed varius turpis vitae pede. Lorem ipsum dolor"
        text run at (0,211) width 233: "sit amet, consectetuer adipiscing elit. "
        text run at (233,211) width 121: "Lorem ipsum dolor"
        text run at (0,232) width 363: "sit amet, consectetuer adipiscing elit. Nulla varius enim ac"
        text run at (0,253) width 318: "mi. Curabitur sollicitudin felis quis lectus. Quisque"
        text run at (0,274) width 356: "adipiscing rhoncus sem. Proin nulla purus, vulputate vel,"
        text run at (0,295) width 354: "varius ut, euismod et, nisi. Sed vitae felis vel orci sagittis"
        text run at (0,316) width 351: "aliquam. Cras convallis adipiscing sem. Nam nonummy"
        text run at (0,337) width 357: "enim. Nullam bibendum lobortis neque. Vestibulum velit"
        text run at (0,358) width 361: "orci, tempus euismod, pretium quis, interdum vitae, nulla."
        text run at (0,379) width 339: "Phasellus eget ante et tortor condimentum vestibulum."
        text run at (0,400) width 345: "Suspendisse hendrerit quam nec felis. Sed varius turpis"
        text run at (0,421) width 331: "vitae pede. Lorem ipsum dolor sit amet, consectetuer"
        text run at (0,442) width 95: "adipiscing elit. "
        text run at (95,442) width 259: "Lorem ipsum dolor sit amet, consectetuer"
        text run at (0,463) width 313: "adipiscing elit. Nulla varius enim ac mi. Curabitur"
        text run at (0,484) width 352: "sollicitudin felis quis lectus. Quisque adipiscing rhoncus"
        text run at (0,505) width 353: "sem. Proin nulla purus, vulputate vel, varius ut, euismod"
        text run at (0,526) width 326: "et, nisi. Sed vitae felis vel orci sagittis aliquam. Cras"
        text run at (0,547) width 350: "convallis adipiscing sem. Nam nonummy enim. Nullam"
        text run at (0,568) width 349: "bibendum lobortis neque. Vestibulum velit orci, tempus"
        text run at (0,589) width 343: "euismod, pretium quis, interdum vitae, nulla. Phasellus"
        text run at (0,610) width 357: "eget ante et tortor condimentum vestibulum. Suspendisse"
        text run at (0,631) width 336: "hendrerit quam nec felis. Sed varius turpis vitae pede."
        text run at (0,652) width 354: "Lorem ipsum dolor sit amet, consectetuer adipiscing elit."
        text run at (0,673) width 354: "Lorem ipsum dolor sit amet, consectetuer adipiscing elit."
        text run at (0,694) width 155: "Nulla varius enim ac mi."
    RenderBlock (generated) at (0,714) size 367x20 [bgcolor=#FFFF00]
      RenderText at (0,1) size 156x19
        text run at (0,1) width 156: "After Generated Content"
layer at (8,509) size 760x477
  RenderBlock {DIV} at (0,493) size 760x477 [border: (5px solid #800000)]
    RenderBlock (anonymous multi-column span) at (5,401) size 750x32
      RenderBlock {H2} at (0,0) size 750x32 [bgcolor=#EEEEEE]
        RenderText {#text} at (0,2) size 276x28
          text run at (0,2) width 276: "This is a spanning element."
layer at (13,514) size 750x377
  RenderBlock (anonymous multi-column) at (5,5) size 750x377
    RenderBlock (generated) at (0,0) size 367x21 [bgcolor=#FFFF00]
      RenderText at (0,1) size 166x19
        text run at (0,1) width 166: "Before Generated Content"
    RenderBlock (anonymous) at (0,21) size 367x714
      RenderText {#text} at (0,1) size 363x712
        text run at (0,1) width 354: "Lorem ipsum dolor sit amet, consectetuer adipiscing elit."
        text run at (0,22) width 352: "Nulla varius enim ac mi. Curabitur sollicitudin felis quis"
        text run at (0,43) width 325: "lectus. Quisque adipiscing rhoncus sem. Proin nulla"
        text run at (0,64) width 359: "purus, vulputate vel, varius ut, euismod et, nisi. Sed vitae"
        text run at (0,85) width 343: "felis vel orci sagittis aliquam. Cras convallis adipiscing"
        text run at (0,106) width 340: "sem. Nam nonummy enim. Nullam bibendum lobortis"
        text run at (0,127) width 343: "neque. Vestibulum velit orci, tempus euismod, pretium"
        text run at (0,148) width 343: "quis, interdum vitae, nulla. Phasellus eget ante et tortor"
        text run at (0,169) width 343: "condimentum vestibulum. Suspendisse hendrerit quam"
        text run at (0,190) width 362: "nec felis. Sed varius turpis vitae pede. Lorem ipsum dolor"
        text run at (0,211) width 233: "sit amet, consectetuer adipiscing elit. "
        text run at (233,211) width 121: "Lorem ipsum dolor"
        text run at (0,232) width 363: "sit amet, consectetuer adipiscing elit. Nulla varius enim ac"
        text run at (0,253) width 318: "mi. Curabitur sollicitudin felis quis lectus. Quisque"
        text run at (0,274) width 356: "adipiscing rhoncus sem. Proin nulla purus, vulputate vel,"
        text run at (0,295) width 354: "varius ut, euismod et, nisi. Sed vitae felis vel orci sagittis"
        text run at (0,316) width 351: "aliquam. Cras convallis adipiscing sem. Nam nonummy"
        text run at (0,337) width 357: "enim. Nullam bibendum lobortis neque. Vestibulum velit"
        text run at (0,358) width 361: "orci, tempus euismod, pretium quis, interdum vitae, nulla."
        text run at (0,379) width 339: "Phasellus eget ante et tortor condimentum vestibulum."
        text run at (0,400) width 345: "Suspendisse hendrerit quam nec felis. Sed varius turpis"
        text run at (0,421) width 331: "vitae pede. Lorem ipsum dolor sit amet, consectetuer"
        text run at (0,442) width 95: "adipiscing elit. "
        text run at (95,442) width 259: "Lorem ipsum dolor sit amet, consectetuer"
        text run at (0,463) width 313: "adipiscing elit. Nulla varius enim ac mi. Curabitur"
        text run at (0,484) width 352: "sollicitudin felis quis lectus. Quisque adipiscing rhoncus"
        text run at (0,505) width 353: "sem. Proin nulla purus, vulputate vel, varius ut, euismod"
        text run at (0,526) width 326: "et, nisi. Sed vitae felis vel orci sagittis aliquam. Cras"
        text run at (0,547) width 350: "convallis adipiscing sem. Nam nonummy enim. Nullam"
        text run at (0,568) width 349: "bibendum lobortis neque. Vestibulum velit orci, tempus"
        text run at (0,589) width 343: "euismod, pretium quis, interdum vitae, nulla. Phasellus"
        text run at (0,610) width 357: "eget ante et tortor condimentum vestibulum. Suspendisse"
        text run at (0,631) width 336: "hendrerit quam nec felis. Sed varius turpis vitae pede."
        text run at (0,652) width 354: "Lorem ipsum dolor sit amet, consectetuer adipiscing elit."
        text run at (0,673) width 354: "Lorem ipsum dolor sit amet, consectetuer adipiscing elit."
        text run at (0,694) width 155: "Nulla varius enim ac mi."
layer at (13,961) size 750x20
  RenderBlock (anonymous multi-column) at (5,452) size 750x20
    RenderBlock (generated) at (0,0) size 367x20 [bgcolor=#FFFF00]
      RenderText at (0,1) size 156x19
        text run at (0,1) width 156: "After Generated Content"
layer at (8,1002) size 760x495
  RenderBlock {DIV} at (0,986) size 760x495 [border: (5px solid #800000)]
    RenderBlock (anonymous multi-column span) at (5,187) size 750x32
      RenderBlock {H2} at (0,0) size 750x32 [bgcolor=#EEEEEE]
        RenderText {#text} at (0,2) size 276x28
          text run at (0,2) width 276: "This is a spanning element."
layer at (13,1007) size 750x163
  RenderBlock (anonymous multi-column) at (5,5) size 750x163
    RenderBlock (generated) at (0,0) size 367x21 [bgcolor=#FFFF00]
      RenderText at (0,1) size 166x19
        text run at (0,1) width 166: "Before Generated Content"
    RenderBlock {P} at (0,37) size 367x273
      RenderText {#text} at (0,1) size 363x271
        text run at (0,1) width 354: "Lorem ipsum dolor sit amet, consectetuer adipiscing elit."
        text run at (0,22) width 352: "Nulla varius enim ac mi. Curabitur sollicitudin felis quis"
        text run at (0,43) width 325: "lectus. Quisque adipiscing rhoncus sem. Proin nulla"
        text run at (0,64) width 359: "purus, vulputate vel, varius ut, euismod et, nisi. Sed vitae"
        text run at (0,85) width 343: "felis vel orci sagittis aliquam. Cras convallis adipiscing"
        text run at (0,106) width 340: "sem. Nam nonummy enim. Nullam bibendum lobortis"
        text run at (0,127) width 343: "neque. Vestibulum velit orci, tempus euismod, pretium"
        text run at (0,148) width 343: "quis, interdum vitae, nulla. Phasellus eget ante et tortor"
        text run at (0,169) width 343: "condimentum vestibulum. Suspendisse hendrerit quam"
        text run at (0,190) width 362: "nec felis. Sed varius turpis vitae pede. Lorem ipsum dolor"
        text run at (0,211) width 233: "sit amet, consectetuer adipiscing elit. "
        text run at (233,211) width 121: "Lorem ipsum dolor"
        text run at (0,232) width 363: "sit amet, consectetuer adipiscing elit. Nulla varius enim ac"
        text run at (0,253) width 20: "mi."
layer at (13,1240) size 750x252
  RenderBlock (anonymous multi-column) at (5,238) size 750x252
    RenderBlock {P} at (0,0) size 367x462
      RenderText {#text} at (0,1) size 363x460
        text run at (0,1) width 354: "Lorem ipsum dolor sit amet, consectetuer adipiscing elit."
        text run at (0,22) width 352: "Nulla varius enim ac mi. Curabitur sollicitudin felis quis"
        text run at (0,43) width 325: "lectus. Quisque adipiscing rhoncus sem. Proin nulla"
        text run at (0,64) width 359: "purus, vulputate vel, varius ut, euismod et, nisi. Sed vitae"
        text run at (0,85) width 343: "felis vel orci sagittis aliquam. Cras convallis adipiscing"
        text run at (0,106) width 340: "sem. Nam nonummy enim. Nullam bibendum lobortis"
        text run at (0,127) width 343: "neque. Vestibulum velit orci, tempus euismod, pretium"
        text run at (0,148) width 343: "quis, interdum vitae, nulla. Phasellus eget ante et tortor"
        text run at (0,169) width 343: "condimentum vestibulum. Suspendisse hendrerit quam"
        text run at (0,190) width 362: "nec felis. Sed varius turpis vitae pede. Lorem ipsum dolor"
        text run at (0,211) width 233: "sit amet, consectetuer adipiscing elit. "
        text run at (233,211) width 121: "Lorem ipsum dolor"
        text run at (0,232) width 363: "sit amet, consectetuer adipiscing elit. Nulla varius enim ac"
        text run at (0,253) width 318: "mi. Curabitur sollicitudin felis quis lectus. Quisque"
        text run at (0,274) width 356: "adipiscing rhoncus sem. Proin nulla purus, vulputate vel,"
        text run at (0,295) width 354: "varius ut, euismod et, nisi. Sed vitae felis vel orci sagittis"
        text run at (0,316) width 351: "aliquam. Cras convallis adipiscing sem. Nam nonummy"
        text run at (0,337) width 357: "enim. Nullam bibendum lobortis neque. Vestibulum velit"
        text run at (0,358) width 361: "orci, tempus euismod, pretium quis, interdum vitae, nulla."
        text run at (0,379) width 339: "Phasellus eget ante et tortor condimentum vestibulum."
        text run at (0,400) width 345: "Suspendisse hendrerit quam nec felis. Sed varius turpis"
        text run at (0,421) width 331: "vitae pede. Lorem ipsum dolor sit amet, consectetuer"
        text run at (0,442) width 91: "adipiscing elit."
    RenderBlock (generated) at (0,478) size 367x20 [bgcolor=#FFFF00]
      RenderText at (0,1) size 156x19
        text run at (0,1) width 156: "After Generated Content"
layer at (8,1513) size 760x494
  RenderBlock {DIV} at (0,1497) size 760x494 [border: (5px solid #800000)]
    RenderBlock (anonymous multi-column span) at (5,171) size 750x32
      RenderBlock {H2} at (0,0) size 750x32 [bgcolor=#EEEEEE]
        RenderText {#text} at (0,2) size 276x28
          text run at (0,2) width 276: "This is a spanning element."
layer at (13,1518) size 750x147
  RenderBlock (anonymous multi-column) at (5,5) size 750x147
    RenderBlock (generated) at (0,0) size 367x21 [bgcolor=#FFFF00]
      RenderText at (0,1) size 166x19
        text run at (0,1) width 166: "Before Generated Content"
    RenderBlock (anonymous) at (0,21) size 367x273
      RenderText {#text} at (0,1) size 363x271
        text run at (0,1) width 354: "Lorem ipsum dolor sit amet, consectetuer adipiscing elit."
        text run at (0,22) width 352: "Nulla varius enim ac mi. Curabitur sollicitudin felis quis"
        text run at (0,43) width 325: "lectus. Quisque adipiscing rhoncus sem. Proin nulla"
        text run at (0,64) width 359: "purus, vulputate vel, varius ut, euismod et, nisi. Sed vitae"
        text run at (0,85) width 343: "felis vel orci sagittis aliquam. Cras convallis adipiscing"
        text run at (0,106) width 340: "sem. Nam nonummy enim. Nullam bibendum lobortis"
        text run at (0,127) width 343: "neque. Vestibulum velit orci, tempus euismod, pretium"
        text run at (0,148) width 343: "quis, interdum vitae, nulla. Phasellus eget ante et tortor"
        text run at (0,169) width 343: "condimentum vestibulum. Suspendisse hendrerit quam"
        text run at (0,190) width 362: "nec felis. Sed varius turpis vitae pede. Lorem ipsum dolor"
        text run at (0,211) width 233: "sit amet, consectetuer adipiscing elit. "
        text run at (233,211) width 121: "Lorem ipsum dolor"
        text run at (0,232) width 363: "sit amet, consectetuer adipiscing elit. Nulla varius enim ac"
        text run at (0,253) width 20: "mi."
layer at (13,1735) size 750x267
  RenderBlock (anonymous multi-column) at (5,222) size 750x267
    RenderBlock (anonymous) at (0,0) size 367x231
      RenderInline {SPAN} at (0,0) size 42x19
        RenderText {#text} at (0,1) size 42x19
          text run at (0,1) width 42: "Lorem"
      RenderText {#text} at (42,1) size 362x229
        text run at (42,1) width 312: " ipsum dolor sit amet, consectetuer adipiscing elit."
        text run at (0,22) width 352: "Nulla varius enim ac mi. Curabitur sollicitudin felis quis"
        text run at (0,43) width 325: "lectus. Quisque adipiscing rhoncus sem. Proin nulla"
        text run at (0,64) width 359: "purus, vulputate vel, varius ut, euismod et, nisi. Sed vitae"
        text run at (0,85) width 343: "felis vel orci sagittis aliquam. Cras convallis adipiscing"
        text run at (0,106) width 340: "sem. Nam nonummy enim. Nullam bibendum lobortis"
        text run at (0,127) width 343: "neque. Vestibulum velit orci, tempus euismod, pretium"
        text run at (0,148) width 343: "quis, interdum vitae, nulla. Phasellus eget ante et tortor"
        text run at (0,169) width 343: "condimentum vestibulum. Suspendisse hendrerit quam"
        text run at (0,190) width 362: "nec felis. Sed varius turpis vitae pede. Lorem ipsum dolor"
        text run at (0,211) width 229: "sit amet, consectetuer adipiscing elit."
    RenderBlock {P} at (0,247) size 367x231
      RenderText {#text} at (0,1) size 362x229
        text run at (0,1) width 354: "Lorem ipsum dolor sit amet, consectetuer adipiscing elit."
        text run at (0,22) width 352: "Nulla varius enim ac mi. Curabitur sollicitudin felis quis"
        text run at (0,43) width 325: "lectus. Quisque adipiscing rhoncus sem. Proin nulla"
        text run at (0,64) width 359: "purus, vulputate vel, varius ut, euismod et, nisi. Sed vitae"
        text run at (0,85) width 343: "felis vel orci sagittis aliquam. Cras convallis adipiscing"
        text run at (0,106) width 340: "sem. Nam nonummy enim. Nullam bibendum lobortis"
        text run at (0,127) width 343: "neque. Vestibulum velit orci, tempus euismod, pretium"
        text run at (0,148) width 343: "quis, interdum vitae, nulla. Phasellus eget ante et tortor"
        text run at (0,169) width 343: "condimentum vestibulum. Suspendisse hendrerit quam"
        text run at (0,190) width 362: "nec felis. Sed varius turpis vitae pede. Lorem ipsum dolor"
        text run at (0,211) width 229: "sit amet, consectetuer adipiscing elit."
    RenderBlock (generated) at (0,494) size 367x20 [bgcolor=#FFFF00]
      RenderText at (0,1) size 156x19
        text run at (0,1) width 156: "After Generated Content"
layer at (8,2023) size 760x493
  RenderBlock {DIV} at (0,2007) size 760x493 [border: (5px solid #800000)]
    RenderBlock (anonymous multi-column span) at (5,296) size 750x32
      RenderBlock {H2} at (0,0) size 750x32 [bgcolor=#EEEEEE]
        RenderText {#text} at (0,2) size 276x28
          text run at (0,2) width 276: "This is a spanning element."
layer at (13,2028) size 750x272
  RenderBlock (anonymous multi-column) at (5,5) size 750x272
    RenderBlock (generated) at (0,0) size 367x21 [bgcolor=#FFFF00]
      RenderText at (0,1) size 166x19
        text run at (0,1) width 166: "Before Generated Content"
    RenderBlock (anonymous) at (0,21) size 367x231
      RenderInline {SPAN} at (0,0) size 362x229
        RenderText {#text} at (0,1) size 362x229
          text run at (0,1) width 354: "Lorem ipsum dolor sit amet, consectetuer adipiscing elit."
          text run at (0,22) width 352: "Nulla varius enim ac mi. Curabitur sollicitudin felis quis"
          text run at (0,43) width 325: "lectus. Quisque adipiscing rhoncus sem. Proin nulla"
          text run at (0,64) width 359: "purus, vulputate vel, varius ut, euismod et, nisi. Sed vitae"
          text run at (0,85) width 343: "felis vel orci sagittis aliquam. Cras convallis adipiscing"
          text run at (0,106) width 340: "sem. Nam nonummy enim. Nullam bibendum lobortis"
          text run at (0,127) width 343: "neque. Vestibulum velit orci, tempus euismod, pretium"
          text run at (0,148) width 343: "quis, interdum vitae, nulla. Phasellus eget ante et tortor"
          text run at (0,169) width 343: "condimentum vestibulum. Suspendisse hendrerit quam"
          text run at (0,190) width 362: "nec felis. Sed varius turpis vitae pede. Lorem ipsum dolor"
          text run at (0,211) width 229: "sit amet, consectetuer adipiscing elit."
    RenderBlock (anonymous) at (0,252) size 367x42
      RenderBlock {SPAN} at (0,0) size 367x42
        RenderText {#text} at (0,1) size 354x40
          text run at (0,1) width 354: "Lorem ipsum dolor sit amet, consectetuer adipiscing elit."
          text run at (0,22) width 155: "Nulla varius enim ac mi."
    RenderBlock (anonymous) at (0,294) size 367x231
      RenderInline {SPAN} at (0,0) size 42x19
        RenderText {#text} at (0,1) size 42x19
          text run at (0,1) width 42: "Lorem"
      RenderText {#text} at (42,1) size 362x229
        text run at (42,1) width 312: " ipsum dolor sit amet, consectetuer adipiscing elit."
        text run at (0,22) width 352: "Nulla varius enim ac mi. Curabitur sollicitudin felis quis"
        text run at (0,43) width 325: "lectus. Quisque adipiscing rhoncus sem. Proin nulla"
        text run at (0,64) width 359: "purus, vulputate vel, varius ut, euismod et, nisi. Sed vitae"
        text run at (0,85) width 343: "felis vel orci sagittis aliquam. Cras convallis adipiscing"
        text run at (0,106) width 340: "sem. Nam nonummy enim. Nullam bibendum lobortis"
        text run at (0,127) width 343: "neque. Vestibulum velit orci, tempus euismod, pretium"
        text run at (0,148) width 343: "quis, interdum vitae, nulla. Phasellus eget ante et tortor"
        text run at (0,169) width 343: "condimentum vestibulum. Suspendisse hendrerit quam"
        text run at (0,190) width 362: "nec felis. Sed varius turpis vitae pede. Lorem ipsum dolor"
        text run at (0,211) width 229: "sit amet, consectetuer adipiscing elit."
layer at (13,2370) size 750x141
  RenderBlock (anonymous multi-column) at (5,347) size 750x141
    RenderBlock {P} at (0,0) size 367x231
      RenderText {#text} at (0,1) size 362x229
        text run at (0,1) width 354: "Lorem ipsum dolor sit amet, consectetuer adipiscing elit."
        text run at (0,22) width 352: "Nulla varius enim ac mi. Curabitur sollicitudin felis quis"
        text run at (0,43) width 325: "lectus. Quisque adipiscing rhoncus sem. Proin nulla"
        text run at (0,64) width 359: "purus, vulputate vel, varius ut, euismod et, nisi. Sed vitae"
        text run at (0,85) width 343: "felis vel orci sagittis aliquam. Cras convallis adipiscing"
        text run at (0,106) width 340: "sem. Nam nonummy enim. Nullam bibendum lobortis"
        text run at (0,127) width 343: "neque. Vestibulum velit orci, tempus euismod, pretium"
        text run at (0,148) width 343: "quis, interdum vitae, nulla. Phasellus eget ante et tortor"
        text run at (0,169) width 343: "condimentum vestibulum. Suspendisse hendrerit quam"
        text run at (0,190) width 362: "nec felis. Sed varius turpis vitae pede. Lorem ipsum dolor"
        text run at (0,211) width 229: "sit amet, consectetuer adipiscing elit."
    RenderBlock (generated) at (0,247) size 367x20 [bgcolor=#FFFF00]
      RenderText at (0,1) size 156x19
        text run at (0,1) width 156: "After Generated Content"
layer at (8,2532) size 760x515
  RenderBlock {DIV} at (0,2516) size 760x515 [border: (5px solid #800000)]
    RenderBlock (anonymous multi-column span) at (5,313) size 750x32
      RenderBlock {H2} at (0,0) size 750x32 [bgcolor=#EEEEEE]
        RenderText {#text} at (0,2) size 276x28
          text run at (0,2) width 276: "This is a spanning element."
layer at (13,2537) size 750x289
  RenderBlock (anonymous multi-column) at (5,5) size 750x289
    RenderBlock (generated) at (0,0) size 367x21 [bgcolor=#FFFF00]
      RenderText at (0,1) size 166x19
        text run at (0,1) width 166: "Before Generated Content"
    RenderBlock {P} at (0,37) size 367x231
      RenderText {#text} at (0,1) size 362x229
        text run at (0,1) width 354: "Lorem ipsum dolor sit amet, consectetuer adipiscing elit."
        text run at (0,22) width 352: "Nulla varius enim ac mi. Curabitur sollicitudin felis quis"
        text run at (0,43) width 325: "lectus. Quisque adipiscing rhoncus sem. Proin nulla"
        text run at (0,64) width 359: "purus, vulputate vel, varius ut, euismod et, nisi. Sed vitae"
        text run at (0,85) width 343: "felis vel orci sagittis aliquam. Cras convallis adipiscing"
        text run at (0,106) width 340: "sem. Nam nonummy enim. Nullam bibendum lobortis"
        text run at (0,127) width 343: "neque. Vestibulum velit orci, tempus euismod, pretium"
        text run at (0,148) width 343: "quis, interdum vitae, nulla. Phasellus eget ante et tortor"
        text run at (0,169) width 343: "condimentum vestibulum. Suspendisse hendrerit quam"
        text run at (0,190) width 362: "nec felis. Sed varius turpis vitae pede. Lorem ipsum dolor"
        text run at (0,211) width 229: "sit amet, consectetuer adipiscing elit."
    RenderBlock {P} at (0,284) size 367x42
      RenderText {#text} at (0,1) size 354x40
        text run at (0,1) width 354: "Lorem ipsum dolor sit amet, consectetuer adipiscing elit."
        text run at (0,22) width 155: "Nulla varius enim ac mi."
    RenderBlock {P} at (0,342) size 367x231
      RenderText {#text} at (0,1) size 362x229
        text run at (0,1) width 354: "Lorem ipsum dolor sit amet, consectetuer adipiscing elit."
        text run at (0,22) width 352: "Nulla varius enim ac mi. Curabitur sollicitudin felis quis"
        text run at (0,43) width 325: "lectus. Quisque adipiscing rhoncus sem. Proin nulla"
        text run at (0,64) width 359: "purus, vulputate vel, varius ut, euismod et, nisi. Sed vitae"
        text run at (0,85) width 343: "felis vel orci sagittis aliquam. Cras convallis adipiscing"
        text run at (0,106) width 340: "sem. Nam nonummy enim. Nullam bibendum lobortis"
        text run at (0,127) width 343: "neque. Vestibulum velit orci, tempus euismod, pretium"
        text run at (0,148) width 343: "quis, interdum vitae, nulla. Phasellus eget ante et tortor"
        text run at (0,169) width 343: "condimentum vestibulum. Suspendisse hendrerit quam"
        text run at (0,190) width 362: "nec felis. Sed varius turpis vitae pede. Lorem ipsum dolor"
        text run at (0,211) width 229: "sit amet, consectetuer adipiscing elit."
layer at (13,2896) size 750x146
  RenderBlock (anonymous multi-column) at (5,364) size 750x146
    RenderBlock (anonymous) at (0,0) size 367x21
      RenderInline {SPAN} at (0,0) size 354x19
        RenderText {#text} at (0,1) size 354x19
          text run at (0,1) width 354: "Lorem ipsum dolor sit amet, consectetuer adipiscing elit."
    RenderBlock (anonymous) at (0,21) size 367x21
      RenderBlock {SPAN} at (0,0) size 367x21
        RenderText {#text} at (0,1) size 155x19
          text run at (0,1) width 155: "Nulla varius enim ac mi."
    RenderBlock (anonymous) at (0,42) size 367x210
      RenderInline {SPAN} at (0,0) size 362x208
        RenderText {#text} at (0,1) size 362x208
          text run at (0,1) width 362: "Curabitur sollicitudin felis quis lectus. Quisque adipiscing"
          text run at (0,22) width 350: "rhoncus sem. Proin nulla purus, vulputate vel, varius ut,"
          text run at (0,43) width 350: "euismod et, nisi. Sed vitae felis vel orci sagittis aliquam."
          text run at (0,64) width 332: "Cras convallis adipiscing sem. Nam nonummy enim."
          text run at (0,85) width 351: "Nullam bibendum lobortis neque. Vestibulum velit orci,"
          text run at (0,106) width 329: "tempus euismod, pretium quis, interdum vitae, nulla."
          text run at (0,127) width 339: "Phasellus eget ante et tortor condimentum vestibulum."
          text run at (0,148) width 345: "Suspendisse hendrerit quam nec felis. Sed varius turpis"
          text run at (0,169) width 331: "vitae pede. Lorem ipsum dolor sit amet, consectetuer"
          text run at (0,190) width 91: "adipiscing elit."
      RenderText {#text} at (0,0) size 0x0
    RenderBlock (generated) at (0,252) size 367x20 [bgcolor=#FFFF00]
      RenderText at (0,1) size 156x19
        text run at (0,1) width 156: "After Generated Content"
