layer at (0,0) size 800x2158
  RenderView at (0,0) size 800x600
layer at (0,0) size 800x2158
  RenderBlock {HTML} at (0,0) size 800x2158
    RenderBody {BODY} at (8,16) size 784x2126
layer at (8,16) size 760x316
  RenderBlock {DIV} at (0,0) size 760x316 [border: (5px solid #800000)]
    RenderText {#text} at (5,6) size 363x610
      text run at (5,6) width 354: "Lorem ipsum dolor sit amet, consectetuer adipiscing elit."
      text run at (5,24) width 352: "Nulla varius enim ac mi. Curabitur sollicitudin felis quis"
      text run at (5,42) width 325: "lectus. Quisque adipiscing rhoncus sem. Proin nulla"
      text run at (5,60) width 359: "purus, vulputate vel, varius ut, euismod et, nisi. Sed vitae"
      text run at (5,78) width 343: "felis vel orci sagittis aliquam. Cras convallis adipiscing"
      text run at (5,96) width 340: "sem. Nam nonummy enim. Nullam bibendum lobortis"
      text run at (5,114) width 343: "neque. Vestibulum velit orci, tempus euismod, pretium"
      text run at (5,132) width 343: "quis, interdum vitae, nulla. Phasellus eget ante et tortor"
      text run at (5,150) width 343: "condimentum vestibulum. Suspendisse hendrerit quam"
      text run at (5,168) width 362: "nec felis. Sed varius turpis vitae pede. Lorem ipsum dolor"
      text run at (5,186) width 233: "sit amet, consectetuer adipiscing elit. "
      text run at (238,186) width 121: "Lorem ipsum dolor"
      text run at (5,204) width 363: "sit amet, consectetuer adipiscing elit. Nulla varius enim ac"
      text run at (5,222) width 318: "mi. Curabitur sollicitudin felis quis lectus. Quisque"
      text run at (5,240) width 356: "adipiscing rhoncus sem. Proin nulla purus, vulputate vel,"
      text run at (5,258) width 354: "varius ut, euismod et, nisi. Sed vitae felis vel orci sagittis"
      text run at (5,276) width 351: "aliquam. Cras convallis adipiscing sem. Nam nonummy"
      text run at (5,294) width 357: "enim. Nullam bibendum lobortis neque. Vestibulum velit"
      text run at (5,312) width 361: "orci, tempus euismod, pretium quis, interdum vitae, nulla."
      text run at (5,330) width 339: "Phasellus eget ante et tortor condimentum vestibulum."
      text run at (5,348) width 345: "Suspendisse hendrerit quam nec felis. Sed varius turpis"
      text run at (5,366) width 331: "vitae pede. Lorem ipsum dolor sit amet, consectetuer"
      text run at (5,384) width 95: "adipiscing elit. "
      text run at (100,384) width 259: "Lorem ipsum dolor sit amet, consectetuer"
      text run at (5,402) width 313: "adipiscing elit. Nulla varius enim ac mi. Curabitur"
      text run at (5,420) width 352: "sollicitudin felis quis lectus. Quisque adipiscing rhoncus"
      text run at (5,438) width 353: "sem. Proin nulla purus, vulputate vel, varius ut, euismod"
      text run at (5,456) width 326: "et, nisi. Sed vitae felis vel orci sagittis aliquam. Cras"
      text run at (5,474) width 350: "convallis adipiscing sem. Nam nonummy enim. Nullam"
      text run at (5,492) width 349: "bibendum lobortis neque. Vestibulum velit orci, tempus"
      text run at (5,510) width 343: "euismod, pretium quis, interdum vitae, nulla. Phasellus"
      text run at (5,528) width 357: "eget ante et tortor condimentum vestibulum. Suspendisse"
      text run at (5,546) width 336: "hendrerit quam nec felis. Sed varius turpis vitae pede."
      text run at (5,564) width 354: "Lorem ipsum dolor sit amet, consectetuer adipiscing elit."
      text run at (5,582) width 354: "Lorem ipsum dolor sit amet, consectetuer adipiscing elit."
      text run at (5,600) width 155: "Nulla varius enim ac mi."
layer at (8,348) size 760x316
  RenderBlock {DIV} at (0,332) size 760x316 [border: (5px solid #800000)]
    RenderText {#text} at (5,6) size 363x610
      text run at (5,6) width 354: "Lorem ipsum dolor sit amet, consectetuer adipiscing elit."
      text run at (5,24) width 352: "Nulla varius enim ac mi. Curabitur sollicitudin felis quis"
      text run at (5,42) width 325: "lectus. Quisque adipiscing rhoncus sem. Proin nulla"
      text run at (5,60) width 359: "purus, vulputate vel, varius ut, euismod et, nisi. Sed vitae"
      text run at (5,78) width 343: "felis vel orci sagittis aliquam. Cras convallis adipiscing"
      text run at (5,96) width 340: "sem. Nam nonummy enim. Nullam bibendum lobortis"
      text run at (5,114) width 343: "neque. Vestibulum velit orci, tempus euismod, pretium"
      text run at (5,132) width 343: "quis, interdum vitae, nulla. Phasellus eget ante et tortor"
      text run at (5,150) width 343: "condimentum vestibulum. Suspendisse hendrerit quam"
      text run at (5,168) width 362: "nec felis. Sed varius turpis vitae pede. Lorem ipsum dolor"
      text run at (5,186) width 233: "sit amet, consectetuer adipiscing elit. "
      text run at (238,186) width 121: "Lorem ipsum dolor"
      text run at (5,204) width 363: "sit amet, consectetuer adipiscing elit. Nulla varius enim ac"
      text run at (5,222) width 318: "mi. Curabitur sollicitudin felis quis lectus. Quisque"
      text run at (5,240) width 356: "adipiscing rhoncus sem. Proin nulla purus, vulputate vel,"
      text run at (5,258) width 354: "varius ut, euismod et, nisi. Sed vitae felis vel orci sagittis"
      text run at (5,276) width 351: "aliquam. Cras convallis adipiscing sem. Nam nonummy"
      text run at (5,294) width 357: "enim. Nullam bibendum lobortis neque. Vestibulum velit"
      text run at (5,312) width 361: "orci, tempus euismod, pretium quis, interdum vitae, nulla."
      text run at (5,330) width 339: "Phasellus eget ante et tortor condimentum vestibulum."
      text run at (5,348) width 345: "Suspendisse hendrerit quam nec felis. Sed varius turpis"
      text run at (5,366) width 331: "vitae pede. Lorem ipsum dolor sit amet, consectetuer"
      text run at (5,384) width 95: "adipiscing elit. "
      text run at (100,384) width 259: "Lorem ipsum dolor sit amet, consectetuer"
      text run at (5,402) width 313: "adipiscing elit. Nulla varius enim ac mi. Curabitur"
      text run at (5,420) width 352: "sollicitudin felis quis lectus. Quisque adipiscing rhoncus"
      text run at (5,438) width 353: "sem. Proin nulla purus, vulputate vel, varius ut, euismod"
      text run at (5,456) width 326: "et, nisi. Sed vitae felis vel orci sagittis aliquam. Cras"
      text run at (5,474) width 350: "convallis adipiscing sem. Nam nonummy enim. Nullam"
      text run at (5,492) width 349: "bibendum lobortis neque. Vestibulum velit orci, tempus"
      text run at (5,510) width 343: "euismod, pretium quis, interdum vitae, nulla. Phasellus"
      text run at (5,528) width 357: "eget ante et tortor condimentum vestibulum. Suspendisse"
      text run at (5,546) width 336: "hendrerit quam nec felis. Sed varius turpis vitae pede."
      text run at (5,564) width 354: "Lorem ipsum dolor sit amet, consectetuer adipiscing elit."
      text run at (5,582) width 354: "Lorem ipsum dolor sit amet, consectetuer adipiscing elit."
      text run at (5,600) width 155: "Nulla varius enim ac mi."
layer at (8,680) size 760x350
  RenderBlock {DIV} at (0,664) size 760x350 [border: (5px solid #800000)]
    RenderBlock {P} at (5,21) size 367x234
      RenderText {#text} at (0,1) size 363x232
        text run at (0,1) width 354: "Lorem ipsum dolor sit amet, consectetuer adipiscing elit."
        text run at (0,19) width 352: "Nulla varius enim ac mi. Curabitur sollicitudin felis quis"
        text run at (0,37) width 325: "lectus. Quisque adipiscing rhoncus sem. Proin nulla"
        text run at (0,55) width 359: "purus, vulputate vel, varius ut, euismod et, nisi. Sed vitae"
        text run at (0,73) width 343: "felis vel orci sagittis aliquam. Cras convallis adipiscing"
        text run at (0,91) width 340: "sem. Nam nonummy enim. Nullam bibendum lobortis"
        text run at (0,109) width 343: "neque. Vestibulum velit orci, tempus euismod, pretium"
        text run at (0,127) width 343: "quis, interdum vitae, nulla. Phasellus eget ante et tortor"
        text run at (0,145) width 343: "condimentum vestibulum. Suspendisse hendrerit quam"
        text run at (0,163) width 362: "nec felis. Sed varius turpis vitae pede. Lorem ipsum dolor"
        text run at (0,181) width 233: "sit amet, consectetuer adipiscing elit. "
        text run at (233,181) width 121: "Lorem ipsum dolor"
        text run at (0,199) width 363: "sit amet, consectetuer adipiscing elit. Nulla varius enim ac"
        text run at (0,217) width 20: "mi."
    RenderBlock {P} at (5,271) size 367x396
      RenderText {#text} at (0,1) size 363x394
        text run at (0,1) width 354: "Lorem ipsum dolor sit amet, consectetuer adipiscing elit."
        text run at (0,19) width 352: "Nulla varius enim ac mi. Curabitur sollicitudin felis quis"
        text run at (0,37) width 325: "lectus. Quisque adipiscing rhoncus sem. Proin nulla"
        text run at (0,55) width 359: "purus, vulputate vel, varius ut, euismod et, nisi. Sed vitae"
        text run at (0,73) width 343: "felis vel orci sagittis aliquam. Cras convallis adipiscing"
        text run at (0,91) width 340: "sem. Nam nonummy enim. Nullam bibendum lobortis"
        text run at (0,109) width 343: "neque. Vestibulum velit orci, tempus euismod, pretium"
        text run at (0,127) width 343: "quis, interdum vitae, nulla. Phasellus eget ante et tortor"
        text run at (0,145) width 343: "condimentum vestibulum. Suspendisse hendrerit quam"
        text run at (0,163) width 362: "nec felis. Sed varius turpis vitae pede. Lorem ipsum dolor"
        text run at (0,181) width 233: "sit amet, consectetuer adipiscing elit. "
        text run at (233,181) width 121: "Lorem ipsum dolor"
        text run at (0,199) width 363: "sit amet, consectetuer adipiscing elit. Nulla varius enim ac"
        text run at (0,217) width 318: "mi. Curabitur sollicitudin felis quis lectus. Quisque"
        text run at (0,235) width 356: "adipiscing rhoncus sem. Proin nulla purus, vulputate vel,"
        text run at (0,253) width 354: "varius ut, euismod et, nisi. Sed vitae felis vel orci sagittis"
        text run at (0,271) width 351: "aliquam. Cras convallis adipiscing sem. Nam nonummy"
        text run at (0,289) width 357: "enim. Nullam bibendum lobortis neque. Vestibulum velit"
        text run at (0,307) width 361: "orci, tempus euismod, pretium quis, interdum vitae, nulla."
        text run at (0,325) width 339: "Phasellus eget ante et tortor condimentum vestibulum."
        text run at (0,343) width 345: "Suspendisse hendrerit quam nec felis. Sed varius turpis"
        text run at (0,361) width 331: "vitae pede. Lorem ipsum dolor sit amet, consectetuer"
        text run at (0,379) width 91: "adipiscing elit."
layer at (8,1046) size 760x348
  RenderBlock {DIV} at (0,1030) size 760x348 [border: (5px solid #800000)]
    RenderBlock (anonymous) at (5,5) size 367x234
      RenderText {#text} at (0,1) size 363x232
        text run at (0,1) width 354: "Lorem ipsum dolor sit amet, consectetuer adipiscing elit."
        text run at (0,19) width 352: "Nulla varius enim ac mi. Curabitur sollicitudin felis quis"
        text run at (0,37) width 325: "lectus. Quisque adipiscing rhoncus sem. Proin nulla"
        text run at (0,55) width 359: "purus, vulputate vel, varius ut, euismod et, nisi. Sed vitae"
        text run at (0,73) width 343: "felis vel orci sagittis aliquam. Cras convallis adipiscing"
        text run at (0,91) width 340: "sem. Nam nonummy enim. Nullam bibendum lobortis"
        text run at (0,109) width 343: "neque. Vestibulum velit orci, tempus euismod, pretium"
        text run at (0,127) width 343: "quis, interdum vitae, nulla. Phasellus eget ante et tortor"
        text run at (0,145) width 343: "condimentum vestibulum. Suspendisse hendrerit quam"
        text run at (0,163) width 362: "nec felis. Sed varius turpis vitae pede. Lorem ipsum dolor"
        text run at (0,181) width 233: "sit amet, consectetuer adipiscing elit. "
        text run at (233,181) width 121: "Lorem ipsum dolor"
        text run at (0,199) width 363: "sit amet, consectetuer adipiscing elit. Nulla varius enim ac"
        text run at (0,217) width 20: "mi."
    RenderBlock (anonymous) at (5,239) size 367x198
      RenderInline {SPAN} at (0,0) size 42x16
        RenderText {#text} at (0,1) size 42x16
          text run at (0,1) width 42: "Lorem"
      RenderText {#text} at (42,1) size 362x196
        text run at (42,1) width 312: " ipsum dolor sit amet, consectetuer adipiscing elit."
        text run at (0,19) width 352: "Nulla varius enim ac mi. Curabitur sollicitudin felis quis"
        text run at (0,37) width 325: "lectus. Quisque adipiscing rhoncus sem. Proin nulla"
        text run at (0,55) width 359: "purus, vulputate vel, varius ut, euismod et, nisi. Sed vitae"
        text run at (0,73) width 343: "felis vel orci sagittis aliquam. Cras convallis adipiscing"
        text run at (0,91) width 340: "sem. Nam nonummy enim. Nullam bibendum lobortis"
        text run at (0,109) width 343: "neque. Vestibulum velit orci, tempus euismod, pretium"
        text run at (0,127) width 343: "quis, interdum vitae, nulla. Phasellus eget ante et tortor"
        text run at (0,145) width 343: "condimentum vestibulum. Suspendisse hendrerit quam"
        text run at (0,163) width 362: "nec felis. Sed varius turpis vitae pede. Lorem ipsum dolor"
        text run at (0,181) width 229: "sit amet, consectetuer adipiscing elit."
    RenderBlock {P} at (5,453) size 367x198
      RenderText {#text} at (0,1) size 362x196
        text run at (0,1) width 354: "Lorem ipsum dolor sit amet, consectetuer adipiscing elit."
        text run at (0,19) width 352: "Nulla varius enim ac mi. Curabitur sollicitudin felis quis"
        text run at (0,37) width 325: "lectus. Quisque adipiscing rhoncus sem. Proin nulla"
        text run at (0,55) width 359: "purus, vulputate vel, varius ut, euismod et, nisi. Sed vitae"
        text run at (0,73) width 343: "felis vel orci sagittis aliquam. Cras convallis adipiscing"
        text run at (0,91) width 340: "sem. Nam nonummy enim. Nullam bibendum lobortis"
        text run at (0,109) width 343: "neque. Vestibulum velit orci, tempus euismod, pretium"
        text run at (0,127) width 343: "quis, interdum vitae, nulla. Phasellus eget ante et tortor"
        text run at (0,145) width 343: "condimentum vestibulum. Suspendisse hendrerit quam"
        text run at (0,163) width 362: "nec felis. Sed varius turpis vitae pede. Lorem ipsum dolor"
        text run at (0,181) width 229: "sit amet, consectetuer adipiscing elit."
layer at (8,1410) size 760x348
  RenderBlock {DIV} at (0,1394) size 760x348 [border: (5px solid #800000)]
    RenderBlock (anonymous) at (5,5) size 367x198
      RenderInline {SPAN} at (0,0) size 362x196
        RenderText {#text} at (0,1) size 362x196
          text run at (0,1) width 354: "Lorem ipsum dolor sit amet, consectetuer adipiscing elit."
          text run at (0,19) width 352: "Nulla varius enim ac mi. Curabitur sollicitudin felis quis"
          text run at (0,37) width 325: "lectus. Quisque adipiscing rhoncus sem. Proin nulla"
          text run at (0,55) width 359: "purus, vulputate vel, varius ut, euismod et, nisi. Sed vitae"
          text run at (0,73) width 343: "felis vel orci sagittis aliquam. Cras convallis adipiscing"
          text run at (0,91) width 340: "sem. Nam nonummy enim. Nullam bibendum lobortis"
          text run at (0,109) width 343: "neque. Vestibulum velit orci, tempus euismod, pretium"
          text run at (0,127) width 343: "quis, interdum vitae, nulla. Phasellus eget ante et tortor"
          text run at (0,145) width 343: "condimentum vestibulum. Suspendisse hendrerit quam"
          text run at (0,163) width 362: "nec felis. Sed varius turpis vitae pede. Lorem ipsum dolor"
          text run at (0,181) width 229: "sit amet, consectetuer adipiscing elit."
    RenderBlock (anonymous) at (5,203) size 367x36
      RenderBlock {SPAN} at (0,0) size 367x36
        RenderText {#text} at (0,1) size 354x34
          text run at (0,1) width 354: "Lorem ipsum dolor sit amet, consectetuer adipiscing elit."
          text run at (0,19) width 155: "Nulla varius enim ac mi."
    RenderBlock (anonymous) at (5,239) size 367x198
      RenderInline {SPAN} at (0,0) size 42x16
        RenderText {#text} at (0,1) size 42x16
          text run at (0,1) width 42: "Lorem"
      RenderText {#text} at (42,1) size 362x196
        text run at (42,1) width 312: " ipsum dolor sit amet, consectetuer adipiscing elit."
        text run at (0,19) width 352: "Nulla varius enim ac mi. Curabitur sollicitudin felis quis"
        text run at (0,37) width 325: "lectus. Quisque adipiscing rhoncus sem. Proin nulla"
        text run at (0,55) width 359: "purus, vulputate vel, varius ut, euismod et, nisi. Sed vitae"
        text run at (0,73) width 343: "felis vel orci sagittis aliquam. Cras convallis adipiscing"
        text run at (0,91) width 340: "sem. Nam nonummy enim. Nullam bibendum lobortis"
        text run at (0,109) width 343: "neque. Vestibulum velit orci, tempus euismod, pretium"
        text run at (0,127) width 343: "quis, interdum vitae, nulla. Phasellus eget ante et tortor"
        text run at (0,145) width 343: "condimentum vestibulum. Suspendisse hendrerit quam"
        text run at (0,163) width 362: "nec felis. Sed varius turpis vitae pede. Lorem ipsum dolor"
        text run at (0,181) width 229: "sit amet, consectetuer adipiscing elit."
    RenderBlock {P} at (5,453) size 367x198
      RenderText {#text} at (0,1) size 362x196
        text run at (0,1) width 354: "Lorem ipsum dolor sit amet, consectetuer adipiscing elit."
        text run at (0,19) width 352: "Nulla varius enim ac mi. Curabitur sollicitudin felis quis"
        text run at (0,37) width 325: "lectus. Quisque adipiscing rhoncus sem. Proin nulla"
        text run at (0,55) width 359: "purus, vulputate vel, varius ut, euismod et, nisi. Sed vitae"
        text run at (0,73) width 343: "felis vel orci sagittis aliquam. Cras convallis adipiscing"
        text run at (0,91) width 340: "sem. Nam nonummy enim. Nullam bibendum lobortis"
        text run at (0,109) width 343: "neque. Vestibulum velit orci, tempus euismod, pretium"
        text run at (0,127) width 343: "quis, interdum vitae, nulla. Phasellus eget ante et tortor"
        text run at (0,145) width 343: "condimentum vestibulum. Suspendisse hendrerit quam"
        text run at (0,163) width 362: "nec felis. Sed varius turpis vitae pede. Lorem ipsum dolor"
        text run at (0,181) width 229: "sit amet, consectetuer adipiscing elit."
layer at (8,1774) size 760x368
  RenderBlock {DIV} at (0,1758) size 760x368 [border: (5px solid #800000)]
    RenderBlock {P} at (5,21) size 367x198
      RenderText {#text} at (0,1) size 362x196
        text run at (0,1) width 354: "Lorem ipsum dolor sit amet, consectetuer adipiscing elit."
        text run at (0,19) width 352: "Nulla varius enim ac mi. Curabitur sollicitudin felis quis"
        text run at (0,37) width 325: "lectus. Quisque adipiscing rhoncus sem. Proin nulla"
        text run at (0,55) width 359: "purus, vulputate vel, varius ut, euismod et, nisi. Sed vitae"
        text run at (0,73) width 343: "felis vel orci sagittis aliquam. Cras convallis adipiscing"
        text run at (0,91) width 340: "sem. Nam nonummy enim. Nullam bibendum lobortis"
        text run at (0,109) width 343: "neque. Vestibulum velit orci, tempus euismod, pretium"
        text run at (0,127) width 343: "quis, interdum vitae, nulla. Phasellus eget ante et tortor"
        text run at (0,145) width 343: "condimentum vestibulum. Suspendisse hendrerit quam"
        text run at (0,163) width 362: "nec felis. Sed varius turpis vitae pede. Lorem ipsum dolor"
        text run at (0,181) width 229: "sit amet, consectetuer adipiscing elit."
    RenderBlock {P} at (5,235) size 367x36
      RenderText {#text} at (0,1) size 354x34
        text run at (0,1) width 354: "Lorem ipsum dolor sit amet, consectetuer adipiscing elit."
        text run at (0,19) width 155: "Nulla varius enim ac mi."
    RenderBlock {P} at (5,287) size 367x198
      RenderText {#text} at (0,1) size 362x196
        text run at (0,1) width 354: "Lorem ipsum dolor sit amet, consectetuer adipiscing elit."
        text run at (0,19) width 352: "Nulla varius enim ac mi. Curabitur sollicitudin felis quis"
        text run at (0,37) width 325: "lectus. Quisque adipiscing rhoncus sem. Proin nulla"
        text run at (0,55) width 359: "purus, vulputate vel, varius ut, euismod et, nisi. Sed vitae"
        text run at (0,73) width 343: "felis vel orci sagittis aliquam. Cras convallis adipiscing"
        text run at (0,91) width 340: "sem. Nam nonummy enim. Nullam bibendum lobortis"
        text run at (0,109) width 343: "neque. Vestibulum velit orci, tempus euismod, pretium"
        text run at (0,127) width 343: "quis, interdum vitae, nulla. Phasellus eget ante et tortor"
        text run at (0,145) width 343: "condimentum vestibulum. Suspendisse hendrerit quam"
        text run at (0,163) width 362: "nec felis. Sed varius turpis vitae pede. Lorem ipsum dolor"
        text run at (0,181) width 229: "sit amet, consectetuer adipiscing elit."
    RenderBlock (anonymous) at (5,501) size 367x18
      RenderInline {SPAN} at (0,0) size 354x16
        RenderText {#text} at (0,1) size 354x16
          text run at (0,1) width 354: "Lorem ipsum dolor sit amet, consectetuer adipiscing elit."
    RenderBlock (anonymous) at (5,519) size 367x18
      RenderBlock {SPAN} at (0,0) size 367x18
        RenderText {#text} at (0,1) size 155x16
          text run at (0,1) width 155: "Nulla varius enim ac mi."
    RenderBlock (anonymous) at (5,537) size 367x180
      RenderInline {SPAN} at (0,0) size 362x178
        RenderText {#text} at (0,1) size 362x178
          text run at (0,1) width 362: "Curabitur sollicitudin felis quis lectus. Quisque adipiscing"
          text run at (0,19) width 350: "rhoncus sem. Proin nulla purus, vulputate vel, varius ut,"
          text run at (0,37) width 350: "euismod et, nisi. Sed vitae felis vel orci sagittis aliquam."
          text run at (0,55) width 332: "Cras convallis adipiscing sem. Nam nonummy enim."
          text run at (0,73) width 351: "Nullam bibendum lobortis neque. Vestibulum velit orci,"
          text run at (0,91) width 329: "tempus euismod, pretium quis, interdum vitae, nulla."
          text run at (0,109) width 339: "Phasellus eget ante et tortor condimentum vestibulum."
          text run at (0,127) width 345: "Suspendisse hendrerit quam nec felis. Sed varius turpis"
          text run at (0,145) width 331: "vitae pede. Lorem ipsum dolor sit amet, consectetuer"
          text run at (0,163) width 91: "adipiscing elit."
      RenderText {#text} at (0,0) size 0x0
