layer at (0,0) size 800x691
  RenderView at (0,0) size 800x600
layer at (0,0) size 800x691
  RenderBlock {HTML} at (0,0) size 800x691
    RenderBody {BODY} at (8,8) size 784x675
      RenderTable {TABLE} at (0,0) size 150x27 [bgcolor=#00FF00] [border: (1px outset #808080)]
        RenderTableSection {TBODY} at (1,1) size 148x25
          RenderTableRow {TR} at (0,2) size 148x21
            RenderTableCell {TD} at (2,2) size 57x21 [border: (1px inset #808080)] [r=0 c=0 rs=1 cs=1]
              RenderText {#text} at (2,2) size 30x17
                text run at (2,2) width 30: "200"
            RenderTableCell {TD} at (61,2) size 85x21 [border: (1px inset #808080)] [r=0 c=1 rs=1 cs=1]
              RenderText {#text} at (2,2) size 78x17
                text run at (2,2) width 78: "one_hund"
      RenderBlock (anonymous) at (0,27) size 784x17
        RenderBR {BR} at (0,0) size 0x17
      RenderTable {TABLE} at (0,44) size 500x27 [border: (1px outset #808080)]
        RenderTableSection {TBODY} at (1,1) size 498x25
          RenderTableRow {TR} at (0,2) size 498x21
            RenderTableCell {TD} at (2,2) size 177x21 [bgcolor=#FF0000] [border: (1px inset #808080)] [r=0 c=0 rs=1 cs=1]
              RenderText {#text} at (2,2) size 96x17
                text run at (2,2) width 96: "fooooooooo"
            RenderTableCell {TD} at (181,2) size 178x21 [bgcolor=#008000] [border: (1px inset #808080)] [r=0 c=1 rs=1 cs=1]
              RenderText {#text} at (2,2) size 96x17
                text run at (2,2) width 96: "fooooooooo"
            RenderTableCell {TD} at (361,2) size 135x21 [bgcolor=#FFA500] [border: (1px inset #808080)] [r=0 c=2 rs=1 cs=1]
              RenderText {#text} at (2,2) size 119x17
                text run at (2,2) width 119: "foo foo foo foo"
      RenderBlock (anonymous) at (0,71) size 784x34
        RenderBR {BR} at (0,0) size 0x17
        RenderText {#text} at (0,17) size 464x17
          text run at (0,17) width 464: "fixed table - fixed cells are increased based on fixed width"
      RenderTable {TABLE} at (0,105) size 400x44 [border: (1px outset #808080)]
        RenderTableSection {TBODY} at (1,1) size 398x42
          RenderTableRow {TR} at (0,2) size 398x38
            RenderTableCell {TD} at (2,10) size 259x21 [border: (1px inset #808080)] [r=0 c=0 rs=1 cs=1]
              RenderText {#text} at (2,2) size 26x17
                text run at (2,2) width 26: "foo"
            RenderTableCell {TD} at (263,2) size 133x38 [border: (1px inset #808080)] [r=0 c=1 rs=1 cs=1]
              RenderText {#text} at (2,2) size 119x34
                text run at (2,2) width 119: "foo foo foo foo"
                text run at (2,19) width 119: "foo foo foo foo"
      RenderBlock (anonymous) at (0,149) size 784x51
        RenderBR {BR} at (0,0) size 0x17
        RenderBR {BR} at (0,17) size 0x17
        RenderText {#text} at (0,34) size 477x17
          text run at (0,34) width 477: "excess above min allocated based on fixed widths (not min)"
      RenderTable {TABLE} at (0,200) size 100x44 [border: (1px outset #808080)]
        RenderTableSection {TBODY} at (1,1) size 98x42
          RenderTableRow {TR} at (0,2) size 98x38
            RenderTableCell {TD} at (2,2) size 36x38 [border: (1px inset #808080)] [r=0 c=0 rs=1 cs=1]
              RenderText {#text} at (2,2) size 26x34
                text run at (2,2) width 26: "foo"
                text run at (2,19) width 26: "foo"
            RenderTableCell {TD} at (40,10) size 56x21 [border: (1px inset #808080)] [r=0 c=1 rs=1 cs=1]
              RenderText {#text} at (2,2) size 26x17
                text run at (2,2) width 26: "foo"
      RenderBlock (anonymous) at (0,244) size 784x34
        RenderBR {BR} at (0,0) size 0x17
        RenderText {#text} at (0,17) size 477x17
          text run at (0,17) width 477: "excess above min allocated based on fixed widths (not min)"
      RenderTable {TABLE} at (0,278) size 100x44 [border: (1px outset #808080)]
        RenderTableSection {TBODY} at (1,1) size 98x42
          RenderTableRow {TR} at (0,2) size 98x38
            RenderTableCell {TD} at (2,2) size 30x38 [border: (1px inset #808080)] [r=0 c=0 rs=1 cs=1]
              RenderText {#text} at (2,2) size 26x34
                text run at (2,2) width 26: "foo"
                text run at (2,19) width 26: "foo"
            RenderTableCell {TD} at (34,10) size 62x21 [border: (1px inset #808080)] [r=0 c=1 rs=1 cs=1]
              RenderText {#text} at (2,2) size 26x17
                text run at (2,2) width 26: "foo"
      RenderBlock (anonymous) at (0,322) size 784x17
        RenderBR {BR} at (0,0) size 0x17
      RenderTable {TABLE} at (0,339) size 600x27 [border: (1px outset #808080)]
        RenderTableSection {TBODY} at (1,1) size 598x25
          RenderTableRow {TR} at (0,2) size 598x21
            RenderTableCell {TD} at (2,2) size 30x21 [border: (1px inset #808080)] [r=0 c=0 rs=1 cs=1]
              RenderText {#text} at (2,2) size 26x17
                text run at (2,2) width 26: "foo"
            RenderTableCell {TD} at (34,2) size 562x21 [border: (1px inset #808080)] [r=0 c=1 rs=1 cs=1]
              RenderText {#text} at (2,2) size 26x17
                text run at (2,2) width 26: "foo"
      RenderBlock (anonymous) at (0,366) size 784x17
        RenderBR {BR} at (0,0) size 0x17
      RenderTable {TABLE} at (0,383) size 40x27 [border: (1px outset #808080)]
        RenderTableSection {TBODY} at (1,1) size 38x25
          RenderTableRow {TR} at (0,2) size 38x21
            RenderTableCell {TD} at (2,2) size 34x21 [border: (1px inset #808080)] [r=0 c=0 rs=1 cs=1]
              RenderText {#text} at (2,2) size 26x17
                text run at (2,2) width 26: "foo"
      RenderBlock (anonymous) at (0,410) size 784x34
        RenderBR {BR} at (0,0) size 0x17
        RenderText {#text} at (0,17) size 427x17
          text run at (0,17) width 427: "auto table - fixed width cell does not exceed viewport"
      RenderTable {TABLE} at (0,444) size 784x27 [border: (1px outset #808080)]
        RenderTableSection {TBODY} at (1,1) size 782x25
          RenderTableRow {TR} at (0,2) size 782x21
            RenderTableCell {TD} at (2,2) size 778x21 [border: (1px inset #808080)] [r=0 c=0 rs=1 cs=1]
              RenderText {#text} at (2,2) size 26x17
                text run at (2,2) width 26: "foo"
      RenderBlock (anonymous) at (0,471) size 784x34
        RenderBR {BR} at (0,0) size 0x17
        RenderText {#text} at (0,17) size 373x17
          text run at (0,17) width 373: "auto table - fixed cells cannot exceed viewport"
      RenderTable {TABLE} at (0,505) size 784x27 [border: (1px outset #808080)]
        RenderTableSection {TBODY} at (1,1) size 782x25
          RenderTableRow {TR} at (0,2) size 782x21
            RenderTableCell {TD} at (2,2) size 154x21 [border: (1px inset #808080)] [r=0 c=0 rs=1 cs=1]
              RenderText {#text} at (2,2) size 49x17
                text run at (2,2) width 49: "200px"
            RenderTableCell {TD} at (158,2) size 154x21 [border: (1px inset #808080)] [r=0 c=1 rs=1 cs=1]
              RenderText {#text} at (2,2) size 49x17
                text run at (2,2) width 49: "200px"
            RenderTableCell {TD} at (314,2) size 154x21 [border: (1px inset #808080)] [r=0 c=2 rs=1 cs=1]
              RenderText {#text} at (2,2) size 49x17
                text run at (2,2) width 49: "200px"
            RenderTableCell {TD} at (470,2) size 154x21 [border: (1px inset #808080)] [r=0 c=3 rs=1 cs=1]
              RenderText {#text} at (2,2) size 49x17
                text run at (2,2) width 49: "200px"
            RenderTableCell {TD} at (626,2) size 154x21 [border: (1px inset #808080)] [r=0 c=4 rs=1 cs=1]
              RenderText {#text} at (2,2) size 49x17
                text run at (2,2) width 49: "200px"
      RenderBlock (anonymous) at (0,532) size 784x34
        RenderBR {BR} at (0,0) size 0x17
        RenderText {#text} at (0,17) size 377x17
          text run at (0,17) width 377: "auto table - cell width does not include padding"
      RenderTable {TABLE} at (0,566) size 148x65 [border: (1px outset #808080)]
        RenderTableSection {TBODY} at (1,1) size 146x63
          RenderTableRow {TR} at (0,2) size 146x59
            RenderTableCell {TD} at (2,2) size 142x59 [border: (1px inset #808080)] [r=0 c=0 rs=1 cs=1]
              RenderText {#text} at (21,21) size 89x17
                text run at (21,21) width 89: "cell=100px"
      RenderBlock (anonymous) at (0,631) size 784x17
        RenderBR {BR} at (0,0) size 0x17
      RenderTable {TABLE} at (0,648) size 110x27 [border: (1px outset #808080)]
        RenderTableSection {TBODY} at (1,1) size 108x25
          RenderTableRow {TR} at (0,2) size 108x21
            RenderTableCell {TD} at (2,2) size 104x21 [border: (1px inset #808080)] [r=0 c=0 rs=1 cs=1]
              RenderText {#text} at (2,2) size 89x17
                text run at (2,2) width 89: "cell=100px"
