layer at (0,0) size 800x600
  RenderView at (0,0) size 800x600
layer at (0,0) size 800x600
  RenderBlock {HTML} at (0,0) size 800x600
    RenderBody {BODY} at (8,8) size 784x584
      RenderBlock (anonymous) at (0,0) size 784x17
        RenderText {#text} at (0,0) size 81x17
          text run at (0,0) width 81: "auto table"
      RenderTable {TABLE} at (0,17) size 107x27 [border: (1px outset #808080)]
        RenderTableSection {TBODY} at (1,1) size 105x25
          RenderTableRow {TR} at (0,2) size 105x21
            RenderTableCell {TD} at (2,2) size 59x21 [border: (1px inset #808080)] [r=0 c=0 rs=1 cs=1]
              RenderText {#text} at (2,2) size 55x17
                text run at (2,2) width 55: "0 0 0 0"
            RenderTableCell {TD} at (63,2) size 40x21 [border: (1px inset #808080)] [r=0 c=1 rs=1 cs=1]
              RenderText {#text} at (2,2) size 36x17
                text run at (2,2) width 36: "auto"
      RenderBlock (anonymous) at (0,44) size 784x34
        RenderBR {BR} at (0,0) size 0x17
        RenderText {#text} at (0,17) size 248x17
          text run at (0,17) width 248: "auto table - fixed cells honored"
      RenderTable {TABLE} at (0,78) size 152x44 [border: (1px outset #808080)]
        RenderTableSection {TBODY} at (1,1) size 150x42
          RenderTableRow {TR} at (0,2) size 150x38
            RenderTableCell {TD} at (2,2) size 104x38 [border: (1px inset #808080)] [r=0 c=0 rs=1 cs=1]
              RenderText {#text} at (2,2) size 49x34
                text run at (2,2) width 49: "100px"
                text run at (2,19) width 49: "100px"
            RenderTableCell {TD} at (108,10) size 40x21 [border: (1px inset #808080)] [r=0 c=1 rs=1 cs=1]
              RenderText {#text} at (2,2) size 36x17
                text run at (2,2) width 36: "auto"
      RenderBlock (anonymous) at (0,122) size 784x34
        RenderBR {BR} at (0,0) size 0x17
        RenderText {#text} at (0,17) size 90x17
          text run at (0,17) width 90: "COLSPANS "
        RenderBR {BR} at (90,30) size 0x0
      RenderTable {TABLE} at (0,156) size 643x133 [border: (1px outset #808080)]
        RenderTableSection {TBODY} at (1,1) size 641x131
          RenderTableRow {TR} at (0,2) size 641x104
            RenderTableCell {TD} at (2,2) size 604x104 [border: (1px inset #808080)] [r=0 c=0 rs=1 cs=3]
              RenderImage {IMG} at (2,2) size 600x100
            RenderTableCell {TD} at (608,43) size 31x21 [border: (1px inset #808080)] [r=0 c=3 rs=1 cs=1]
              RenderText {#text} at (2,2) size 26x17
                text run at (2,2) width 26: "foo"
          RenderTableRow {TR} at (0,108) size 641x21
            RenderTableCell {TD} at (2,108) size 30x21 [border: (1px inset #808080)] [r=1 c=0 rs=1 cs=1]
              RenderText {#text} at (2,2) size 26x17
                text run at (2,2) width 26: "foo"
            RenderTableCell {TD} at (34,108) size 31x21 [border: (1px inset #808080)] [r=1 c=1 rs=1 cs=1]
              RenderText {#text} at (2,2) size 27x17
                text run at (2,2) width 27: "bar"
            RenderTableCell {TD} at (67,108) size 539x21 [border: (1px inset #808080)] [r=1 c=2 rs=1 cs=1]
              RenderText {#text} at (2,2) size 26x17
                text run at (2,2) width 26: "foo"
            RenderTableCell {TD} at (608,108) size 31x21 [border: (1px inset #808080)] [r=1 c=3 rs=1 cs=1]
              RenderText {#text} at (2,2) size 27x17
                text run at (2,2) width 27: "bar"
      RenderBlock (anonymous) at (0,289) size 784x17
        RenderBR {BR} at (0,0) size 0x17
      RenderTable {TABLE} at (0,306) size 534x59 [border: (1px outset #808080)]
        RenderTableSection {TBODY} at (1,1) size 532x57
          RenderTableRow {TR} at (0,5) size 532x21
            RenderTableCell {TD} at (5,5) size 413x21 [border: (1px inset #808080)] [r=0 c=0 rs=1 cs=2]
              RenderText {#text} at (2,2) size 36x17
                text run at (2,2) width 36: "auto"
            RenderTableCell {TD} at (423,5) size 104x21 [border: (1px inset #808080)] [r=0 c=2 rs=1 cs=1]
              RenderText {#text} at (2,2) size 30x17
                text run at (2,2) width 30: "100"
          RenderTableRow {TR} at (0,31) size 532x21
            RenderTableCell {TD} at (5,31) size 104x21 [border: (1px inset #808080)] [r=1 c=0 rs=1 cs=1]
              RenderText {#text} at (2,2) size 30x17
                text run at (2,2) width 30: "100"
            RenderTableCell {TD} at (114,31) size 304x21 [border: (1px inset #808080)] [r=1 c=1 rs=1 cs=1]
              RenderText {#text} at (2,2) size 30x17
                text run at (2,2) width 30: "300"
            RenderTableCell {TD} at (423,31) size 104x21 [border: (1px inset #808080)] [r=1 c=2 rs=1 cs=1]
              RenderText {#text} at (2,2) size 36x17
                text run at (2,2) width 36: "auto"
