layer at (0,0) size 800x600
  RenderView at (0,0) size 800x600
layer at (0,0) size 800x600
  RenderBlock {HTML} at (0,0) size 800x600
    RenderBody {BODY} at (8,8) size 784x584
      RenderTable {TABLE} at (0,0) size 298x27 [border: (1px outset #808080)]
        RenderTableSection {TBODY} at (1,1) size 296x25
          RenderTableRow {TR} at (0,2) size 296x21
            RenderTableCell {TD} at (2,2) size 203x21 [border: (1px inset #808080)] [r=0 c=0 rs=1 cs=1]
              RenderText {#text} at (2,2) size 30x17
                text run at (2,2) width 30: "100"
            RenderTableCell {TD} at (207,2) size 87x21 [border: (1px inset #808080)] [r=0 c=1 rs=1 cs=1]
              RenderText {#text} at (2,2) size 83x17
                text run at (2,2) width 83: "30% width"
      RenderBlock (anonymous) at (0,27) size 784x17
        RenderBR {BR} at (0,0) size 0x17
      RenderTable {TABLE} at (0,44) size 216x44 [border: (1px outset #808080)]
        RenderTableSection {TBODY} at (1,1) size 214x42
          RenderTableRow {TR} at (0,2) size 214x38
            RenderTableCell {TD} at (2,2) size 104x38 [border: (1px inset #808080)] [r=0 c=0 rs=1 cs=1]
              RenderText {#text} at (2,2) size 100x34
                text run at (2,2) width 100: "100 100 100"
                text run at (2,19) width 100: "100 100 100"
            RenderTableCell {TD} at (108,10) size 104x21 [border: (1px inset #808080)] [r=0 c=1 rs=1 cs=1]
              RenderText {#text} at (2,2) size 83x17
                text run at (2,2) width 83: "50% width"
      RenderBlock (anonymous) at (0,88) size 784x17
        RenderBR {BR} at (0,0) size 0x17
      RenderTable {TABLE} at (0,105) size 524x50 [border: (1px outset #808080)]
        RenderTableSection {TBODY} at (1,1) size 522x48
          RenderTableRow {TR} at (0,2) size 522x21
            RenderTableCell {TD} at (2,2) size 104x21 [border: (1px inset #808080)] [r=0 c=0 rs=1 cs=1]
              RenderText {#text} at (2,2) size 30x17
                text run at (2,2) width 30: "100"
            RenderTableCell {TD} at (108,2) size 256x21 [border: (1px inset #808080)] [r=0 c=1 rs=1 cs=1]
              RenderText {#text} at (2,2) size 116x17
                text run at (2,2) width 116: "no width given"
            RenderTableCell {TD} at (366,2) size 154x21 [border: (1px inset #808080)] [r=0 c=2 rs=1 cs=1]
              RenderText {#text} at (2,2) size 83x17
                text run at (2,2) width 83: "30% width"
          RenderTableRow {TR} at (0,25) size 522x21
            RenderTableCell {TD} at (2,25) size 518x21 [border: (1px inset #808080)] [r=1 c=0 rs=1 cs=3]
              RenderText {#text} at (2,2) size 119x17
                text run at (2,2) width 119: "500 colspan=3"
      RenderBlock (anonymous) at (0,155) size 784x17
        RenderBR {BR} at (0,0) size 0x17
      RenderTable {TABLE} at (0,172) size 433x73 [border: (1px outset #808080)]
        RenderTableSection {TBODY} at (1,1) size 431x71
          RenderTableRow {TR} at (0,2) size 431x21
            RenderTableCell {TD} at (2,2) size 104x21 [border: (1px inset #808080)] [r=0 c=0 rs=1 cs=1]
              RenderText {#text} at (2,2) size 26x17
                text run at (2,2) width 26: "foo"
            RenderTableCell {TD} at (108,2) size 193x21 [border: (1px inset #808080)] [r=0 c=1 rs=1 cs=1]
              RenderText {#text} at (2,2) size 116x17
                text run at (2,2) width 116: "no width given"
            RenderTableCell {TD} at (303,2) size 126x21 [border: (1px inset #808080)] [r=0 c=2 rs=1 cs=1]
              RenderText {#text} at (2,2) size 83x17
                text run at (2,2) width 83: "30% width"
          RenderTableRow {TR} at (0,25) size 431x21
            RenderTableCell {TD} at (2,25) size 299x21 [border: (1px inset #808080)] [r=1 c=0 rs=1 cs=2]
              RenderText {#text} at (2,2) size 140x17
                text run at (2,2) width 140: "200 spans col 1-2"
            RenderTableCell {TD} at (303,25) size 126x21 [border: (1px inset #808080)] [r=1 c=2 rs=1 cs=1]
              RenderText {#text} at (2,2) size 60x17
                text run at (2,2) width 60: "last cell"
          RenderTableRow {TR} at (0,48) size 431x21
            RenderTableCell {TD} at (2,48) size 104x21 [border: (1px inset #808080)] [r=2 c=0 rs=1 cs=1]
              RenderText {#text} at (2,2) size 63x17
                text run at (2,2) width 63: "first cell"
            RenderTableCell {TD} at (108,48) size 321x21 [border: (1px inset #808080)] [r=2 c=1 rs=1 cs=2]
              RenderText {#text} at (2,2) size 140x17
                text run at (2,2) width 140: "300 spans col 2-3"
      RenderBlock (anonymous) at (0,245) size 784x17
        RenderBR {BR} at (0,0) size 0x17
      RenderTable {TABLE} at (0,262) size 700x95 [border: (1px outset #808080)]
        RenderTableSection {TBODY} at (1,1) size 698x93
          RenderTableRow {TR} at (0,2) size 698x89
            RenderTableCell {TD} at (2,2) size 104x89 [border: (1px inset #808080)] [r=0 c=0 rs=1 cs=1]
              RenderText {#text} at (2,2) size 60x85
                text run at (2,2) width 56: "fooooo"
                text run at (2,19) width 60: "oooooo"
                text run at (2,36) width 60: "oooooo"
                text run at (2,53) width 60: "oooooo"
                text run at (2,70) width 60: "oooooo"
            RenderTableCell {TD} at (108,36) size 588x21 [border: (1px inset #808080)] [r=0 c=1 rs=1 cs=1]
              RenderText {#text} at (2,2) size 27x17
                text run at (2,2) width 27: "bar"
      RenderBlock (anonymous) at (0,357) size 784x17
        RenderBR {BR} at (0,0) size 0x17
      RenderTable {TABLE} at (0,374) size 400x86 [border: (1px outset #808080)]
        RenderTableSection {TBODY} at (1,1) size 398x84
          RenderTableRow {TR} at (0,0) size 398x42
            RenderTableCell {TD} at (0,0) size 123x42 [border: (1px inset #808080)] [r=0 c=0 rs=1 cs=2]
              RenderBlock {P} at (4,4) size 115x34
                RenderInline {B} at (0,0) size 92x34
                  RenderText {#text} at (0,0) size 92x34
                    text run at (0,0) width 58: "This is"
                    text run at (0,17) width 92: "colspan=2"
            RenderTableCell {TD} at (123,0) size 275x42 [border: (1px inset #808080)] [r=0 c=2 rs=1 cs=1]
              RenderText {#text} at (4,4) size 235x34
                text run at (4,4) width 235: "Blah Blah Blah Blah Blah Blah"
                text run at (4,21) width 115: "Blah Blah Blah"
          RenderTableRow {TR} at (0,42) size 398x42
            RenderTableCell {TD} at (0,42) size 398x42 [border: (1px inset #808080)] [r=1 c=0 rs=1 cs=3]
              RenderBlock {P} at (4,4) size 390x34
                RenderInline {B} at (0,0) size 156x17
                  RenderText {#text} at (0,0) size 156x17
                    text run at (0,0) width 156: "This is colspan=3"
                RenderText {#text} at (156,0) size 390x34
                  text run at (156,0) width 200: " blah blah blah blah blah "
                  text run at (356,0) width 34: "blah"
                  text run at (0,17) width 346: "blah blah blah blah blah blah blah blah blah"
      RenderBlock (anonymous) at (0,460) size 784x34
        RenderBR {BR} at (0,0) size 0x17
        RenderBR {BR} at (0,17) size 0x17
      RenderTable {TABLE} at (0,494) size 400x86 [border: (1px outset #808080)]
        RenderTableSection {TBODY} at (1,1) size 398x84
          RenderTableRow {TR} at (0,0) size 398x42
            RenderTableCell {TD} at (0,0) size 172x42 [border: (1px inset #808080)] [r=0 c=0 rs=1 cs=1]
              RenderBlock {P} at (4,4) size 164x34
                RenderInline {B} at (0,0) size 96x34
                  RenderText {#text} at (0,0) size 96x34
                    text run at (0,0) width 96: "no colspan"
                    text run at (0,17) width 77: "declared"
            RenderTableCell {TD} at (172,0) size 226x42 [border: (1px inset #808080)] [r=0 c=1 rs=1 cs=1]
              RenderText {#text} at (4,4) size 195x34
                text run at (4,4) width 195: "Blah Blah Blah Blah Blah"
                text run at (4,21) width 35: "Blah"
          RenderTableRow {TR} at (0,42) size 398x42
            RenderTableCell {TD} at (0,42) size 398x42 [border: (1px inset #808080)] [r=1 c=0 rs=1 cs=2]
              RenderBlock {P} at (4,4) size 390x34
                RenderInline {B} at (0,0) size 156x17
                  RenderText {#text} at (0,0) size 156x17
                    text run at (0,0) width 156: "This is colspan=2"
                RenderText {#text} at (156,0) size 390x34
                  text run at (156,0) width 200: " blah blah blah blah blah "
                  text run at (356,0) width 34: "blah"
                  text run at (0,17) width 346: "blah blah blah blah blah blah blah blah blah"
