layer at (0,0) size 800x600
  RenderView at (0,0) size 800x600
layer at (0,0) size 800x600
  RenderBlock {HTML} at (0,0) size 800x600
    RenderBody {BODY} at (8,8) size 784x584
      RenderTable {TABLE} at (0,0) size 150x27 [bgcolor=#00FF00] [border: (1px outset #808080)]
        RenderTableSection {TBODY} at (1,1) size 148x25
          RenderTableRow {TR} at (0,2) size 148x21
            RenderTableCell {TD} at (2,2) size 57x21 [border: (1px inset #808080)] [r=0 c=0 rs=1 cs=1]
              RenderText {#text} at (2,2) size 30x17
                text run at (2,2) width 30: "200"
            RenderTableCell {TD} at (61,2) size 85x21 [border: (1px inset #808080)] [r=0 c=1 rs=1 cs=1]
              RenderText {#text} at (2,2) size 78x17
                text run at (2,2) width 78: "one_hund"
      RenderBlock (anonymous) at (0,27) size 784x17
        RenderBR {BR} at (0,0) size 0x17
      RenderTable {TABLE} at (0,44) size 500x27 [border: (1px outset #808080)]
        RenderTableSection {TBODY} at (1,1) size 498x25
          RenderTableRow {TR} at (0,2) size 498x21
            RenderTableCell {TD} at (2,2) size 177x21 [bgcolor=#FF0000] [border: (1px inset #808080)] [r=0 c=0 rs=1 cs=1]
              RenderText {#text} at (2,2) size 96x17
                text run at (2,2) width 96: "fooooooooo"
            RenderTableCell {TD} at (181,2) size 178x21 [bgcolor=#008000] [border: (1px inset #808080)] [r=0 c=1 rs=1 cs=1]
              RenderText {#text} at (2,2) size 96x17
                text run at (2,2) width 96: "fooooooooo"
            RenderTableCell {TD} at (361,2) size 135x21 [bgcolor=#FFA500] [border: (1px inset #808080)] [r=0 c=2 rs=1 cs=1]
              RenderText {#text} at (2,2) size 119x17
                text run at (2,2) width 119: "foo foo foo foo"
      RenderBlock (anonymous) at (0,71) size 784x17
        RenderBR {BR} at (0,0) size 0x17
      RenderBlock {HR} at (0,96) size 402x2 [border: (1px inset #000000)]
      RenderBlock (anonymous) at (0,106) size 784x17
        RenderText {#text} at (0,0) size 464x17
          text run at (0,0) width 464: "fixed table - fixed cells are increased based on fixed width"
      RenderTable {TABLE} at (0,123) size 400x44 [border: (1px outset #808080)]
        RenderTableSection {TBODY} at (1,1) size 398x42
          RenderTableRow {TR} at (0,2) size 398x38
            RenderTableCell {TD} at (2,10) size 259x21 [border: (1px inset #808080)] [r=0 c=0 rs=1 cs=1]
              RenderText {#text} at (2,2) size 26x17
                text run at (2,2) width 26: "foo"
            RenderTableCell {TD} at (263,2) size 133x38 [border: (1px inset #808080)] [r=0 c=1 rs=1 cs=1]
              RenderText {#text} at (2,2) size 119x34
                text run at (2,2) width 119: "foo foo foo foo"
                text run at (2,19) width 119: "foo foo foo foo"
      RenderBlock (anonymous) at (0,167) size 784x51
        RenderBR {BR} at (0,0) size 0x17
        RenderBR {BR} at (0,17) size 0x17
        RenderText {#text} at (0,34) size 477x17
          text run at (0,34) width 477: "excess above min allocated based on fixed widths (not min)"
      RenderTable {TABLE} at (0,218) size 100x44 [border: (1px outset #808080)]
        RenderTableSection {TBODY} at (1,1) size 98x42
          RenderTableRow {TR} at (0,2) size 98x38
            RenderTableCell {TD} at (2,2) size 36x38 [border: (1px inset #808080)] [r=0 c=0 rs=1 cs=1]
              RenderText {#text} at (2,2) size 26x34
                text run at (2,2) width 26: "foo"
                text run at (2,19) width 26: "foo"
            RenderTableCell {TD} at (40,10) size 56x21 [border: (1px inset #808080)] [r=0 c=1 rs=1 cs=1]
              RenderText {#text} at (2,2) size 26x17
                text run at (2,2) width 26: "foo"
      RenderBlock (anonymous) at (0,262) size 784x34
        RenderBR {BR} at (0,0) size 0x17
        RenderText {#text} at (0,17) size 477x17
          text run at (0,17) width 477: "excess above min allocated based on fixed widths (not min)"
      RenderTable {TABLE} at (0,296) size 100x44 [border: (1px outset #808080)]
        RenderTableSection {TBODY} at (1,1) size 98x42
          RenderTableRow {TR} at (0,2) size 98x38
            RenderTableCell {TD} at (2,2) size 30x38 [border: (1px inset #808080)] [r=0 c=0 rs=1 cs=1]
              RenderText {#text} at (2,2) size 26x34
                text run at (2,2) width 26: "foo"
                text run at (2,19) width 26: "foo"
            RenderTableCell {TD} at (34,10) size 62x21 [border: (1px inset #808080)] [r=0 c=1 rs=1 cs=1]
              RenderText {#text} at (2,2) size 26x17
                text run at (2,2) width 26: "foo"
      RenderBlock (anonymous) at (0,340) size 784x17
        RenderBR {BR} at (0,0) size 0x17
      RenderTable {TABLE} at (0,357) size 600x27 [border: (1px outset #808080)]
        RenderTableSection {TBODY} at (1,1) size 598x25
          RenderTableRow {TR} at (0,2) size 598x21
            RenderTableCell {TD} at (2,2) size 30x21 [border: (1px inset #808080)] [r=0 c=0 rs=1 cs=1]
              RenderText {#text} at (2,2) size 26x17
                text run at (2,2) width 26: "foo"
            RenderTableCell {TD} at (34,2) size 562x21 [border: (1px inset #808080)] [r=0 c=1 rs=1 cs=1]
              RenderText {#text} at (2,2) size 26x17
                text run at (2,2) width 26: "foo"
      RenderBlock (anonymous) at (0,384) size 784x17
        RenderBR {BR} at (0,0) size 0x17
      RenderTable {TABLE} at (0,401) size 40x27 [border: (1px outset #808080)]
        RenderTableSection {TBODY} at (1,1) size 38x25
          RenderTableRow {TR} at (0,2) size 38x21
            RenderTableCell {TD} at (2,2) size 34x21 [border: (1px inset #808080)] [r=0 c=0 rs=1 cs=1]
              RenderText {#text} at (2,2) size 26x17
                text run at (2,2) width 26: "foo"
