layer at (0,0) size 800x600
  RenderView at (0,0) size 800x600
layer at (0,0) size 800x600
  RenderBlock {HTML} at (0,0) size 800x600
    RenderBody {BODY} at (8,8) size 784x584
      RenderBlock (anonymous) at (0,0) size 784x17
        RenderText {#text} at (0,0) size 417x17
          text run at (0,0) width 417: "fixed table - percentage width cell is honored to min"
      RenderTable {TABLE} at (0,17) size 300x27 [border: (1px outset #808080)]
        RenderTableSection {TBODY} at (1,1) size 298x25
          RenderTableRow {TR} at (0,2) size 298x21
            RenderTableCell {TD} at (2,2) size 146x21 [border: (1px inset #808080)] [r=0 c=0 rs=1 cs=1]
              RenderText {#text} at (2,2) size 26x17
                text run at (2,2) width 26: "foo"
            RenderTableCell {TD} at (150,2) size 146x21 [border: (1px inset #808080)] [r=0 c=1 rs=1 cs=1]
              RenderText {#text} at (2,2) size 26x17
                text run at (2,2) width 26: "foo"
      RenderBlock (anonymous) at (0,44) size 784x17
        RenderBR {BR} at (0,0) size 0x17
      RenderTable {TABLE} at (0,61) size 500x27 [border: (1px outset #808080)]
        RenderTableSection {TBODY} at (1,1) size 498x25
          RenderTableRow {TR} at (0,2) size 498x21
            RenderTableCell {TD} at (2,2) size 180x21 [bgcolor=#FF0000] [border: (1px inset #808080)] [r=0 c=0 rs=1 cs=1]
              RenderText {#text} at (2,2) size 96x17
                text run at (2,2) width 96: "fooooooooo"
            RenderTableCell {TD} at (184,2) size 180x21 [bgcolor=#008000] [border: (1px inset #808080)] [r=0 c=1 rs=1 cs=1]
              RenderText {#text} at (2,2) size 96x17
                text run at (2,2) width 96: "fooooooooo"
            RenderTableCell {TD} at (366,2) size 130x21 [bgcolor=#FFA500] [border: (1px inset #808080)] [r=0 c=2 rs=1 cs=1]
              RenderText {#text} at (2,2) size 119x17
                text run at (2,2) width 119: "foo foo foo foo"
      RenderBlock (anonymous) at (0,88) size 784x17
        RenderBR {BR} at (0,0) size 0x17
      RenderTable {TABLE} at (0,105) size 500x78 [border: (1px outset #808080)]
        RenderTableSection {TBODY} at (1,1) size 498x76
          RenderTableRow {TR} at (0,2) size 498x72
            RenderTableCell {TD} at (2,27) size 230x21 [bgcolor=#FF0000] [border: (1px inset #808080)] [r=0 c=0 rs=1 cs=1]
              RenderText {#text} at (2,2) size 96x17
                text run at (2,2) width 96: "fooooooooo"
            RenderTableCell {TD} at (234,27) size 230x21 [bgcolor=#008000] [border: (1px inset #808080)] [r=0 c=1 rs=1 cs=1]
              RenderText {#text} at (2,2) size 96x17
                text run at (2,2) width 96: "fooooooooo"
            RenderTableCell {TD} at (466,2) size 30x72 [bgcolor=#FFA500] [border: (1px inset #808080)] [r=0 c=2 rs=1 cs=1]
              RenderText {#text} at (2,2) size 26x68
                text run at (2,2) width 26: "foo"
                text run at (2,19) width 26: "foo"
                text run at (2,36) width 26: "foo"
                text run at (2,53) width 26: "foo"
      RenderBlock (anonymous) at (0,183) size 784x17
        RenderBR {BR} at (0,0) size 0x17
      RenderTable {TABLE} at (0,200) size 784x27 [border: (1px outset #808080)]
        RenderTableSection {TBODY} at (1,1) size 782x25
          RenderTableRow {TR} at (0,2) size 782x21
            RenderTableCell {TD} at (2,2) size 155x21 [bgcolor=#FFA500] [border: (1px inset #808080)] [r=0 c=0 rs=1 cs=1]
              RenderText {#text} at (2,2) size 119x17
                text run at (2,2) width 119: "foo foo foo foo"
            RenderTableCell {TD} at (159,2) size 154x21 [bgcolor=#0000FF] [border: (1px inset #808080)] [r=0 c=1 rs=1 cs=1]
              RenderText {#text} at (2,2) size 119x17
                text run at (2,2) width 119: "foo foo foo foo"
            RenderTableCell {TD} at (315,2) size 465x21 [bgcolor=#008000] [border: (1px inset #808080)] [r=0 c=2 rs=1 cs=1]
              RenderText {#text} at (344,2) size 119x17
                text run at (344,2) width 119: "foo foo foo foo"
      RenderBlock (anonymous) at (0,227) size 784x17
        RenderBR {BR} at (0,0) size 0x17
