layer at (0,0) size 800x738
  RenderView at (0,0) size 800x600
layer at (0,0) size 800x738
  RenderBlock {HTML} at (0,0) size 800x738
    RenderBody {BODY} at (8,8) size 784x722
      RenderBlock (anonymous) at (0,0) size 784x17
        RenderText {#text} at (0,0) size 198x17
          text run at (0,0) width 198: "Table auto, no cells fixed"
      RenderTable {TABLE} at (0,17) size 429x27 [border: (1px outset #808080)]
        RenderTableSection {TBODY} at (1,1) size 427x25
          RenderTableRow {TR} at (0,2) size 427x21
            RenderTableCell {TD} at (2,2) size 300x21 [border: (1px inset #808080)] [r=0 c=0 rs=1 cs=1]
              RenderText {#text} at (2,2) size 296x17
                text run at (2,2) width 296: "fooooooooooooooooooooooooooooo"
            RenderTableCell {TD} at (304,2) size 87x21 [border: (1px inset #808080)] [r=0 c=1 rs=1 cs=1]
              RenderText {#text} at (2,2) size 83x17
                text run at (2,2) width 83: "barrrrrrrrr"
            RenderTableCell {TD} at (393,2) size 32x21 [border: (1px inset #808080)] [r=0 c=2 rs=1 cs=1]
              RenderText {#text} at (2,2) size 28x17
                text run at (2,2) width 28: "zap"
      RenderBlock (anonymous) at (0,44) size 784x34
        RenderBR {BR} at (0,0) size 0x17
        RenderText {#text} at (0,17) size 201x17
          text run at (0,17) width 201: "Table fixed, no cells fixed"
      RenderTable {TABLE} at (0,78) size 500x27 [border: (1px outset #808080)]
        RenderTableSection {TBODY} at (1,1) size 498x25
          RenderTableRow {TR} at (0,2) size 498x21
            RenderTableCell {TD} at (2,2) size 350x21 [border: (1px inset #808080)] [r=0 c=0 rs=1 cs=1]
              RenderText {#text} at (2,2) size 296x17
                text run at (2,2) width 296: "fooooooooooooooooooooooooooooo"
            RenderTableCell {TD} at (354,2) size 102x21 [border: (1px inset #808080)] [r=0 c=1 rs=1 cs=1]
              RenderText {#text} at (2,2) size 83x17
                text run at (2,2) width 83: "barrrrrrrrr"
            RenderTableCell {TD} at (458,2) size 38x21 [border: (1px inset #808080)] [r=0 c=2 rs=1 cs=1]
              RenderText {#text} at (2,2) size 28x17
                text run at (2,2) width 28: "zap"
      RenderBlock (anonymous) at (0,105) size 784x34
        RenderBR {BR} at (0,0) size 0x17
        RenderText {#text} at (0,17) size 201x17
          text run at (0,17) width 201: "Table fixed, no cells fixed"
      RenderTable {TABLE} at (0,139) size 200x78 [border: (1px outset #808080)]
        RenderTableSection {TBODY} at (1,1) size 198x76
          RenderTableRow {TR} at (0,2) size 198x72
            RenderTableCell {TD} at (2,2) size 119x72 [border: (1px inset #808080)] [r=0 c=0 rs=1 cs=1]
              RenderText {#text} at (2,2) size 95x68
                text run at (2,2) width 91: "fo oo oo oo"
                text run at (2,19) width 95: "oo oo oo oo"
                text run at (2,36) width 95: "oo oo oo oo"
                text run at (2,53) width 70: "oo oo oo"
            RenderTableCell {TD} at (123,10) size 39x55 [border: (1px inset #808080)] [r=0 c=1 rs=1 cs=1]
              RenderText {#text} at (2,2) size 34x51
                text run at (2,2) width 34: "barr"
                text run at (2,19) width 28: "rrrr"
                text run at (2,36) width 28: "rrrr"
            RenderTableCell {TD} at (164,27) size 32x21 [border: (1px inset #808080)] [r=0 c=2 rs=1 cs=1]
              RenderText {#text} at (2,2) size 28x17
                text run at (2,2) width 28: "zap"
      RenderBlock (anonymous) at (0,217) size 784x34
        RenderBR {BR} at (0,0) size 0x17
        RenderText {#text} at (0,17) size 194x17
          text run at (0,17) width 194: "Table auto, 1st cell fixed"
      RenderTable {TABLE} at (0,251) size 143x27 [border: (1px outset #808080)]
        RenderTableSection {TBODY} at (1,1) size 141x25
          RenderTableRow {TR} at (0,2) size 141x21
            RenderTableCell {TD} at (2,2) size 104x21 [border: (1px inset #808080)] [r=0 c=0 rs=1 cs=1]
              RenderText {#text} at (2,2) size 56x17
                text run at (2,2) width 56: "fooooo"
            RenderTableCell {TD} at (108,2) size 31x21 [border: (1px inset #808080)] [r=0 c=1 rs=1 cs=1]
              RenderText {#text} at (2,2) size 27x17
                text run at (2,2) width 27: "bar"
      RenderBlock (anonymous) at (0,278) size 784x34
        RenderBR {BR} at (0,0) size 0x17
        RenderText {#text} at (0,17) size 197x17
          text run at (0,17) width 197: "Table fixed, 1st cell fixed"
      RenderTable {TABLE} at (0,312) size 500x27 [border: (1px outset #808080)]
        RenderTableSection {TBODY} at (1,1) size 498x25
          RenderTableRow {TR} at (0,2) size 498x21
            RenderTableCell {TD} at (2,2) size 104x21 [border: (1px inset #808080)] [r=0 c=0 rs=1 cs=1]
              RenderText {#text} at (2,2) size 56x17
                text run at (2,2) width 56: "fooooo"
            RenderTableCell {TD} at (108,2) size 388x21 [border: (1px inset #808080)] [r=0 c=1 rs=1 cs=1]
              RenderText {#text} at (2,2) size 27x17
                text run at (2,2) width 27: "bar"
      RenderBlock (anonymous) at (0,339) size 784x34
        RenderBR {BR} at (0,0) size 0x17
        RenderText {#text} at (0,17) size 272x17
          text run at (0,17) width 272: "Table auto, 1st cell fixed too small"
      RenderTable {TABLE} at (0,373) size 339x27 [border: (1px outset #808080)]
        RenderTableSection {TBODY} at (1,1) size 337x25
          RenderTableRow {TR} at (0,2) size 337x21
            RenderTableCell {TD} at (2,2) size 300x21 [border: (1px inset #808080)] [r=0 c=0 rs=1 cs=1]
              RenderText {#text} at (2,2) size 296x17
                text run at (2,2) width 296: "fooooooooooooooooooooooooooooo"
            RenderTableCell {TD} at (304,2) size 31x21 [border: (1px inset #808080)] [r=0 c=1 rs=1 cs=1]
              RenderText {#text} at (2,2) size 27x17
                text run at (2,2) width 27: "bar"
      RenderBlock (anonymous) at (0,400) size 784x34
        RenderBR {BR} at (0,0) size 0x17
        RenderText {#text} at (0,17) size 275x17
          text run at (0,17) width 275: "Table fixed, 1st cell fixed too small"
      RenderTable {TABLE} at (0,434) size 500x27 [border: (1px outset #808080)]
        RenderTableSection {TBODY} at (1,1) size 498x25
          RenderTableRow {TR} at (0,2) size 498x21
            RenderTableCell {TD} at (2,2) size 300x21 [border: (1px inset #808080)] [r=0 c=0 rs=1 cs=1]
              RenderText {#text} at (2,2) size 296x17
                text run at (2,2) width 296: "fooooooooooooooooooooooooooooo"
            RenderTableCell {TD} at (304,2) size 192x21 [border: (1px inset #808080)] [r=0 c=1 rs=1 cs=1]
              RenderText {#text} at (2,2) size 27x17
                text run at (2,2) width 27: "bar"
      RenderBlock (anonymous) at (0,461) size 784x34
        RenderBR {BR} at (0,0) size 0x17
        RenderText {#text} at (0,17) size 214x17
          text run at (0,17) width 214: "Table auto, both cells fixed"
      RenderTable {TABLE} at (0,495) size 216x27 [border: (1px outset #808080)]
        RenderTableSection {TBODY} at (1,1) size 214x25
          RenderTableRow {TR} at (0,2) size 214x21
            RenderTableCell {TD} at (2,2) size 104x21 [border: (1px inset #808080)] [r=0 c=0 rs=1 cs=1]
              RenderText {#text} at (2,2) size 46x17
                text run at (2,2) width 46: "foooo"
            RenderTableCell {TD} at (108,2) size 104x21 [border: (1px inset #808080)] [r=0 c=1 rs=1 cs=1]
              RenderText {#text} at (2,2) size 27x17
                text run at (2,2) width 27: "bar"
      RenderBlock (anonymous) at (0,522) size 784x34
        RenderBR {BR} at (0,0) size 0x17
        RenderText {#text} at (0,17) size 217x17
          text run at (0,17) width 217: "Table fixed, both cells fixed"
      RenderTable {TABLE} at (0,556) size 500x27 [border: (1px outset #808080)]
        RenderTableSection {TBODY} at (1,1) size 498x25
          RenderTableRow {TR} at (0,2) size 498x21
            RenderTableCell {TD} at (2,2) size 246x21 [border: (1px inset #808080)] [r=0 c=0 rs=1 cs=1]
              RenderText {#text} at (2,2) size 46x17
                text run at (2,2) width 46: "foooo"
            RenderTableCell {TD} at (250,2) size 246x21 [border: (1px inset #808080)] [r=0 c=1 rs=1 cs=1]
              RenderText {#text} at (2,2) size 27x17
                text run at (2,2) width 27: "bar"
      RenderBlock (anonymous) at (0,583) size 784x34
        RenderBR {BR} at (0,0) size 0x17
        RenderText {#text} at (0,17) size 361x17
          text run at (0,17) width 361: "Table auto, both cells fixed, 1st one too small"
      RenderTable {TABLE} at (0,617) size 412x27 [border: (1px outset #808080)]
        RenderTableSection {TBODY} at (1,1) size 410x25
          RenderTableRow {TR} at (0,2) size 410x21
            RenderTableCell {TD} at (2,2) size 300x21 [border: (1px inset #808080)] [r=0 c=0 rs=1 cs=1]
              RenderText {#text} at (2,2) size 296x17
                text run at (2,2) width 296: "fooooooooooooooooooooooooooooo"
            RenderTableCell {TD} at (304,2) size 104x21 [border: (1px inset #808080)] [r=0 c=1 rs=1 cs=1]
              RenderText {#text} at (2,2) size 27x17
                text run at (2,2) width 27: "bar"
      RenderBlock (anonymous) at (0,644) size 784x34
        RenderBR {BR} at (0,0) size 0x17
        RenderText {#text} at (0,17) size 405x17
          text run at (0,17) width 405: "Table fixed, both cells fixed, 1st cell fixed too small"
      RenderTable {TABLE} at (0,678) size 500x27 [border: (1px outset #808080)]
        RenderTableSection {TBODY} at (1,1) size 498x25
          RenderTableRow {TR} at (0,2) size 498x21
            RenderTableCell {TD} at (2,2) size 365x21 [border: (1px inset #808080)] [r=0 c=0 rs=1 cs=1]
              RenderText {#text} at (2,2) size 296x17
                text run at (2,2) width 296: "fooooooooooooooooooooooooooooo"
            RenderTableCell {TD} at (369,2) size 127x21 [border: (1px inset #808080)] [r=0 c=1 rs=1 cs=1]
              RenderText {#text} at (2,2) size 27x17
                text run at (2,2) width 27: "bar"
      RenderBlock (anonymous) at (0,705) size 784x17
        RenderBR {BR} at (0,0) size 0x17
