layer at (0,0) size 800x600
  RenderView at (0,0) size 800x600
layer at (0,0) size 800x600
  RenderBlock {HTML} at (0,0) size 800x600
    RenderBody {BODY} at (8,8) size 784x584
      RenderTable {TABLE} at (0,0) size 96x25
        RenderTableSection {TBODY} at (0,0) size 96x25
          RenderTableRow {TR} at (0,2) size 96x21
            RenderTableCell {TD} at (2,2) size 53x21 [border: (1px inset #808080)] [r=0 c=0 rs=1 cs=1]
              RenderText {#text} at (2,2) size 49x17
                text run at (2,2) width 49: "frame"
            RenderTableCell {TD} at (57,2) size 37x21 [border: (1px inset #808080)] [r=0 c=1 rs=1 cs=1]
              RenderText {#text} at (2,2) size 33x17
                text run at (2,2) width 33: "void"
      RenderBlock (anonymous) at (0,25) size 784x17
        RenderBR {BR} at (0,0) size 0x17
      RenderTable {TABLE} at (0,42) size 112x26 [border: (1px solid #808080) none]
        RenderTableSection {TBODY} at (0,1) size 112x25
          RenderTableRow {TR} at (0,2) size 112x21
            RenderTableCell {TD} at (2,2) size 53x21 [border: (1px inset #808080)] [r=0 c=0 rs=1 cs=1]
              RenderText {#text} at (2,2) size 49x17
                text run at (2,2) width 49: "frame"
            RenderTableCell {TD} at (57,2) size 53x21 [border: (1px inset #808080)] [r=0 c=1 rs=1 cs=1]
              RenderText {#text} at (2,2) size 49x17
                text run at (2,2) width 49: "above"
      RenderBlock (anonymous) at (0,68) size 784x17
        RenderBR {BR} at (0,0) size 0x17
      RenderTable {TABLE} at (0,85) size 110x26 [border: none (1px solid #808080) none]
        RenderTableSection {TBODY} at (0,0) size 110x25
          RenderTableRow {TR} at (0,2) size 110x21
            RenderTableCell {TD} at (2,2) size 53x21 [border: (1px inset #808080)] [r=0 c=0 rs=1 cs=1]
              RenderText {#text} at (2,2) size 49x17
                text run at (2,2) width 49: "frame"
            RenderTableCell {TD} at (57,2) size 51x21 [border: (1px inset #808080)] [r=0 c=1 rs=1 cs=1]
              RenderText {#text} at (2,2) size 47x17
                text run at (2,2) width 47: "below"
      RenderBlock (anonymous) at (0,111) size 784x17
        RenderBR {BR} at (0,0) size 0x17
      RenderTable {TABLE} at (0,128) size 113x27 [border: (1px solid #808080) none (1px solid #808080) none]
        RenderTableSection {TBODY} at (0,1) size 113x25
          RenderTableRow {TR} at (0,2) size 113x21
            RenderTableCell {TD} at (2,2) size 53x21 [border: (1px inset #808080)] [r=0 c=0 rs=1 cs=1]
              RenderText {#text} at (2,2) size 49x17
                text run at (2,2) width 49: "frame"
            RenderTableCell {TD} at (57,2) size 54x21 [border: (1px inset #808080)] [r=0 c=1 rs=1 cs=1]
              RenderText {#text} at (2,2) size 50x17
                text run at (2,2) width 50: "hsides"
      RenderBlock (anonymous) at (0,155) size 784x17
        RenderBR {BR} at (0,0) size 0x17
      RenderTable {TABLE} at (0,172) size 114x25 [border: none (1px solid #808080) none (1px solid #808080)]
        RenderTableSection {TBODY} at (1,0) size 112x25
          RenderTableRow {TR} at (0,2) size 112x21
            RenderTableCell {TD} at (2,2) size 53x21 [border: (1px inset #808080)] [r=0 c=0 rs=1 cs=1]
              RenderText {#text} at (2,2) size 49x17
                text run at (2,2) width 49: "frame"
            RenderTableCell {TD} at (57,2) size 53x21 [border: (1px inset #808080)] [r=0 c=1 rs=1 cs=1]
              RenderText {#text} at (2,2) size 49x17
                text run at (2,2) width 49: "vsides"
      RenderBlock (anonymous) at (0,197) size 784x17
        RenderBR {BR} at (0,0) size 0x17
      RenderTable {TABLE} at (0,214) size 89x25 [border: none (1px solid #808080) none]
        RenderTableSection {TBODY} at (0,0) size 88x25
          RenderTableRow {TR} at (0,2) size 88x21
            RenderTableCell {TD} at (2,2) size 53x21 [border: (1px inset #808080)] [r=0 c=0 rs=1 cs=1]
              RenderText {#text} at (2,2) size 49x17
                text run at (2,2) width 49: "frame"
            RenderTableCell {TD} at (57,2) size 29x21 [border: (1px inset #808080)] [r=0 c=1 rs=1 cs=1]
              RenderText {#text} at (2,2) size 25x17
                text run at (2,2) width 25: "rhs"
      RenderBlock (anonymous) at (0,239) size 784x17
        RenderBR {BR} at (0,0) size 0x17
      RenderTable {TABLE} at (0,256) size 86x25 [border: none (1px solid #808080)]
        RenderTableSection {TBODY} at (1,0) size 85x25
          RenderTableRow {TR} at (0,2) size 85x21
            RenderTableCell {TD} at (2,2) size 53x21 [border: (1px inset #808080)] [r=0 c=0 rs=1 cs=1]
              RenderText {#text} at (2,2) size 49x17
                text run at (2,2) width 49: "frame"
            RenderTableCell {TD} at (57,2) size 26x21 [border: (1px inset #808080)] [r=0 c=1 rs=1 cs=1]
              RenderText {#text} at (2,2) size 22x17
                text run at (2,2) width 22: "lhs"
      RenderBlock (anonymous) at (0,281) size 784x17
        RenderBR {BR} at (0,0) size 0x17
      RenderTable {TABLE} at (0,298) size 94x27 [border: (1px solid #808080)]
        RenderTableSection {TBODY} at (1,1) size 92x25
          RenderTableRow {TR} at (0,2) size 92x21
            RenderTableCell {TD} at (2,2) size 53x21 [border: (1px inset #808080)] [r=0 c=0 rs=1 cs=1]
              RenderText {#text} at (2,2) size 49x17
                text run at (2,2) width 49: "frame"
            RenderTableCell {TD} at (57,2) size 33x21 [border: (1px inset #808080)] [r=0 c=1 rs=1 cs=1]
              RenderText {#text} at (2,2) size 29x17
                text run at (2,2) width 29: "box"
      RenderBlock (anonymous) at (0,325) size 784x17
        RenderBR {BR} at (0,0) size 0x17
      RenderTable {TABLE} at (0,342) size 119x27 [border: (1px solid #808080)]
        RenderTableSection {TBODY} at (1,1) size 117x25
          RenderTableRow {TR} at (0,2) size 117x21
            RenderTableCell {TD} at (2,2) size 53x21 [border: (1px inset #808080)] [r=0 c=0 rs=1 cs=1]
              RenderText {#text} at (2,2) size 49x17
                text run at (2,2) width 49: "frame"
            RenderTableCell {TD} at (57,2) size 58x21 [border: (1px inset #808080)] [r=0 c=1 rs=1 cs=1]
              RenderText {#text} at (2,2) size 54x17
                text run at (2,2) width 54: "border"
      RenderBlock (anonymous) at (0,369) size 784x17
        RenderBR {BR} at (0,0) size 0x17
