layer at (0,0) size 888x2070
  RenderView at (0,0) size 800x600
layer at (0,0) size 888x2070
  RenderBlock {HTML} at (0,0) size 800x2070
    RenderBody {BODY} at (8,8) size 784x2054 [bgcolor=#CCCCCC]
      RenderBlock {P} at (0,0) size 784x17
        RenderText {#text} at (0,0) size 452x17
          text run at (0,0) width 452: "The style declarations which apply to the text below are:"
      RenderBlock {PRE} at (0,33) size 784x255
        RenderText {#text} at (0,0) size 880x255
          text run at (0,0) width 672: ".one {background-image: url(../resources/oransqr.gif); background-repeat: repeat-y;}"
          text run at (672,0) width 0: " "
          text run at (0,17) width 672: ".two {background-image: url(../resources/oransqr.gif); background-repeat: repeat-x;}"
          text run at (672,17) width 0: " "
          text run at (0,34) width 696: ".three {background-image: url(../resources/oransqr.gif); background-repeat: no-repeat;}"
          text run at (696,34) width 0: " "
          text run at (0,51) width 880: ".four {background-image: url(../resources/bg.gif); background-position: 50% 50%; background-repeat: repeat-y;}"
          text run at (880,51) width 0: " "
          text run at (0,68) width 704: ".five {background-image: url(../resources/crosshair2.gif); background-position: 50% 50%;"
          text run at (704,68) width 0: " "
          text run at (0,85) width 240: "       background-color: red;}"
          text run at (240,85) width 0: " "
          text run at (0,102) width 720: ".six {background-image: url(../resources/crosshair2.gif); background-position: center top;"
          text run at (720,102) width 0: " "
          text run at (0,119) width 232: "      background-color: red;}"
          text run at (232,119) width 0: " "
          text run at (0,136) width 720: ".seven {background-image: url(../resources/crosshair2.gif); background-position: top left;"
          text run at (720,136) width 0: " "
          text run at (0,153) width 248: "        background-color: red;}"
          text run at (248,153) width 0: " "
          text run at (0,170) width 752: ".eight {background-image: url(../resources/crosshair2.gif); background-position: bottom right;"
          text run at (752,170) width 0: " "
          text run at (0,187) width 248: "        background-color: red;}"
          text run at (248,187) width 0: " "
          text run at (0,204) width 704: ".nine {background-image: url(../resources/crosshair2.gif); background-position: 50% 50%;"
          text run at (704,204) width 0: " "
          text run at (0,221) width 240: "       background-color: red;}"
          text run at (240,221) width 0: " "
          text run at (0,238) width 0: " "
      RenderBlock {HR} at (0,301) size 784x2 [border: (1px inset #000000)]
      RenderBlock {P} at (0,319) size 784x68
        RenderText {#text} at (0,0) size 755x34
          text run at (0,0) width 755: "This sentence should have an orange stripe repeated in the \"y\" direction, starting at the upper"
          text run at (0,17) width 261: "left corner (since the default for "
        RenderInline {CODE} at (0,0) size 152x17
          RenderText {#text} at (261,17) size 152x17
            text run at (261,17) width 152: "background-position"
        RenderText {#text} at (413,17) size 778x51
          text run at (413,17) width 354: " is '0% 0%' and that property is not declared"
          text run at (0,34) width 53: "here). "
          text run at (53,34) width 641: "This is extra text included for the sole purpose of making the paragraph longer. "
          text run at (694,34) width 84: "Thank you"
          text run at (0,51) width 189: "for your understanding."
      RenderBlock {P} at (0,403) size 784x68
        RenderText {#text} at (0,0) size 755x34
          text run at (0,0) width 755: "This sentence should have an orange stripe repeated in the \"x\" direction, starting at the upper"
          text run at (0,17) width 261: "left corner (since the default for "
        RenderInline {CODE} at (0,0) size 152x17
          RenderText {#text} at (261,17) size 152x17
            text run at (261,17) width 152: "background-position"
        RenderText {#text} at (413,17) size 778x51
          text run at (413,17) width 354: " is '0% 0%' and that property is not declared"
          text run at (0,34) width 53: "here). "
          text run at (53,34) width 641: "This is extra text included for the sole purpose of making the paragraph longer. "
          text run at (694,34) width 84: "Thank you"
          text run at (0,51) width 189: "for your understanding."
      RenderBlock {P} at (0,487) size 784x68
        RenderText {#text} at (0,0) size 782x34
          text run at (0,0) width 782: "This sentence should have a single orange square behind it, placed at the upper left corner (since"
          text run at (0,17) width 120: "the default for "
        RenderInline {CODE} at (0,0) size 152x17
          RenderText {#text} at (120,17) size 152x17
            text run at (120,17) width 152: "background-position"
        RenderText {#text} at (272,17) size 781x51
          text run at (272,17) width 412: " is '0% 0%' and that property is not declared here). "
          text run at (684,17) width 97: "This is extra"
          text run at (0,34) width 539: "text included for the sole purpose of making the paragraph longer. "
          text run at (539,34) width 153: "Thank you for your"
          text run at (0,51) width 120: "understanding."
      RenderBlock {P} at (0,571) size 784x85
        RenderText {#text} at (0,0) size 711x34
          text run at (0,0) width 711: "This sentence should have a green-hatch stripe running vertically down the center of the"
          text run at (0,17) width 551: "paragraph, with the origin image exactly centered in the paragraph. "
          text run at (551,17) width 127: "This is because "
        RenderInline {CODE} at (0,0) size 64x17
          RenderText {#text} at (678,17) size 64x17
            text run at (678,17) width 64: "repeat-y"
        RenderText {#text} at (0,34) size 136x17
          text run at (0,34) width 136: "specifies tiling in "
        RenderInline {EM} at (0,0) size 36x17
          RenderText {#text} at (136,34) size 36x17
            text run at (136,34) width 36: "both"
        RenderText {#text} at (172,34) size 749x34
          text run at (172,34) width 200: " directions on the y-axis. "
          text run at (372,34) width 377: "Note that this test is only valid if the user agent"
          text run at (0,51) width 74: "supports "
        RenderInline {CODE} at (0,0) size 152x17
          RenderText {#text} at (74,51) size 152x17
            text run at (74,51) width 152: "background-position"
        RenderText {#text} at (226,51) size 44x17
          text run at (226,51) width 44: " (see "
        RenderInline {A} at (0,0) size 75x17 [color=#0000FF]
          RenderText {#text} at (270,51) size 75x17
            text run at (270,51) width 75: "test 5.3.6"
        RenderText {#text} at (345,51) size 744x34
          text run at (345,51) width 16: "). "
          text run at (361,51) width 383: "I'll fill the paragraph with extra text to make the"
          text run at (0,68) width 361: "conformance (or lack thereof) more obvious."
      RenderBlock {P} at (0,672) size 784x102 [bgcolor=#FF0000]
        RenderText {#text} at (0,0) size 745x34
          text run at (0,0) width 745: "This paragraph should have a tiled background, with the origin image exactly centered in the"
          text run at (0,17) width 94: "paragraph. "
          text run at (94,17) width 127: "This is because "
        RenderInline {CODE} at (0,0) size 136x17
          RenderText {#text} at (221,17) size 136x17
            text run at (221,17) width 136: "background-repeat"
        RenderText {#text} at (357,17) size 141x17
          text run at (357,17) width 141: " specifies tiling in "
        RenderInline {EM} at (0,0) size 18x17
          RenderText {#text} at (498,17) size 18x17
            text run at (498,17) width 18: "all"
        RenderText {#text} at (516,17) size 745x34
          text run at (516,17) width 229: " directions, regardless of the"
          text run at (0,34) width 229: "position of the origin image. "
          text run at (229,34) width 456: "Note that this test is only valid if the user agent supports "
        RenderInline {CODE} at (0,0) size 773x34
          RenderText {#text} at (685,34) size 773x34
            text run at (685,34) width 88: "background-"
            text run at (0,51) width 64: "position"
        RenderText {#text} at (64,51) size 44x17
          text run at (64,51) width 44: " (see "
        RenderInline {A} at (0,0) size 75x17 [color=#0000FF]
          RenderText {#text} at (108,51) size 75x17
            text run at (108,51) width 75: "test 5.3.6"
        RenderText {#text} at (183,51) size 769x51
          text run at (183,51) width 16: "). "
          text run at (199,51) width 560: "I'll fill the paragraph with extra text to make the conformance (or lack"
          text run at (0,68) width 189: "thereof) more obvious. "
          text run at (189,68) width 580: "A background color is present, although if it is visible then the image has"
          text run at (0,85) width 181: "not bee correctly tiled."
      RenderBlock {P} at (0,790) size 784x68 [bgcolor=#FF0000]
        RenderText {#text} at (0,0) size 750x68
          text run at (0,0) width 732: "This sentence should have a fully tiled background which starts at its center top; that is, the"
          text run at (0,17) width 610: "background's origin should be the exact center of the top of the paragraph. "
          text run at (610,17) width 140: "I'll fill it with extra"
          text run at (0,34) width 504: "text to make the conformance (or lack thereof) more obvious. "
          text run at (504,34) width 244: "A background color is present,"
          text run at (0,51) width 582: "although if it is visible, then the image may not have been tiled correctly."
      RenderBlock {P} at (0,874) size 784x51 [bgcolor=#FF0000]
        RenderText {#text} at (0,0) size 761x51
          text run at (0,0) width 621: "This sentence should have a fully tiled background which starts at its top left. "
          text run at (621,0) width 140: "I'll fill it with extra"
          text run at (0,17) width 504: "text to make the conformance (or lack thereof) more obvious. "
          text run at (504,17) width 244: "A background color is present,"
          text run at (0,34) width 582: "although if it is visible, then the image may not have been tiled correctly."
      RenderBlock {P} at (0,941) size 784x85 [bgcolor=#FF0000]
        RenderText {#text} at (0,0) size 784x85
          text run at (0,0) width 784: "This sentence should have a fully tiled background which starts at its bottom right; in other words,"
          text run at (0,17) width 758: "a complete instance of the image should be anchored in the bottom right corner, with the tiled"
          text run at (0,34) width 312: "background extending out from there. "
          text run at (312,34) width 455: "I'll fill it with extra text to make the conformance (or lack"
          text run at (0,51) width 189: "thereof) more obvious. "
          text run at (189,51) width 592: "A background color is present, although if it is visible, then the image may"
          text run at (0,68) width 234: "not have been tiled correctly."
      RenderBlock {P} at (0,1042) size 784x119 [bgcolor=#FF0000]
        RenderText {#text} at (0,0) size 775x119
          text run at (0,0) width 739: "This sentence should have a fully tiled background which starts at its center and is tiled in all"
          text run at (0,17) width 705: "directions; that is, the background's origin should be the exact center of the paragraph. "
          text run at (705,17) width 55: "I'll fill it"
          text run at (0,34) width 589: "with extra text to make the conformance (or lack thereof) more obvious. "
          text run at (589,34) width 164: "In fact, a lot of extra"
          text run at (0,51) width 396: "text will be necessary to make this at all obvious. "
          text run at (396,51) width 365: "This is true because I am not able to increase"
          text run at (0,68) width 774: "the text size without resorting to either headings or other CSS properties, neither of which I want"
          text run at (0,85) width 224: "to use in this circumstance. "
          text run at (224,85) width 307: "This ought to be enough text, though. "
          text run at (531,85) width 244: "A background color is present,"
          text run at (0,102) width 582: "although if it is visible, then the image may not have been tiled correctly."
      RenderTable {TABLE} at (0,1177) size 784x877 [border: (1px outset #808080)]
        RenderTableSection {TBODY} at (1,1) size 782x875
          RenderTableRow {TR} at (0,0) size 782x25
            RenderTableCell {TD} at (0,0) size 782x25 [bgcolor=#C0C0C0] [border: (1px inset #808080)] [r=0 c=0 rs=1 cs=2]
              RenderInline {STRONG} at (0,0) size 200x17
                RenderText {#text} at (4,4) size 200x17
                  text run at (4,4) width 200: "TABLE Testing Section"
          RenderTableRow {TR} at (0,25) size 782x850
            RenderTableCell {TD} at (0,437) size 13x25 [bgcolor=#C0C0C0] [border: (1px inset #808080)] [r=1 c=0 rs=1 cs=1]
              RenderText {#text} at (4,4) size 5x17
                text run at (4,4) width 5: " "
            RenderTableCell {TD} at (13,25) size 769x850 [border: (1px inset #808080)] [r=1 c=1 rs=1 cs=1]
              RenderBlock {P} at (4,4) size 761x68
                RenderText {#text} at (0,0) size 755x34
                  text run at (0,0) width 755: "This sentence should have an orange stripe repeated in the \"y\" direction, starting at the upper"
                  text run at (0,17) width 261: "left corner (since the default for "
                RenderInline {CODE} at (0,0) size 152x17
                  RenderText {#text} at (261,17) size 152x17
                    text run at (261,17) width 152: "background-position"
                RenderText {#text} at (413,17) size 704x51
                  text run at (413,17) width 279: " is '0% 0%' and that property is not"
                  text run at (0,34) width 128: "declared here). "
                  text run at (128,34) width 576: "This is extra text included for the sole purpose of making the paragraph"
                  text run at (0,51) width 60: "longer. "
                  text run at (60,51) width 278: "Thank you for your understanding."
              RenderBlock {P} at (4,88) size 761x68
                RenderText {#text} at (0,0) size 755x34
                  text run at (0,0) width 755: "This sentence should have an orange stripe repeated in the \"x\" direction, starting at the upper"
                  text run at (0,17) width 261: "left corner (since the default for "
                RenderInline {CODE} at (0,0) size 152x17
                  RenderText {#text} at (261,17) size 152x17
                    text run at (261,17) width 152: "background-position"
                RenderText {#text} at (413,17) size 704x51
                  text run at (413,17) width 279: " is '0% 0%' and that property is not"
                  text run at (0,34) width 128: "declared here). "
                  text run at (128,34) width 576: "This is extra text included for the sole purpose of making the paragraph"
                  text run at (0,51) width 60: "longer. "
                  text run at (60,51) width 278: "Thank you for your understanding."
              RenderBlock {P} at (4,172) size 761x68
                RenderText {#text} at (0,0) size 730x34
                  text run at (0,0) width 730: "This sentence should have a single orange square behind it, placed at the upper left corner"
                  text run at (0,17) width 172: "(since the default for "
                RenderInline {CODE} at (0,0) size 152x17
                  RenderText {#text} at (172,17) size 152x17
                    text run at (172,17) width 152: "background-position"
                RenderText {#text} at (324,17) size 753x51
                  text run at (324,17) width 407: " is '0% 0%' and that property is not declared here)."
                  text run at (0,34) width 641: "This is extra text included for the sole purpose of making the paragraph longer. "
                  text run at (641,34) width 112: "Thank you for"
                  text run at (0,51) width 161: "your understanding."
              RenderBlock {P} at (4,256) size 761x85
                RenderText {#text} at (0,0) size 711x34
                  text run at (0,0) width 711: "This sentence should have a green-hatch stripe running vertically down the center of the"
                  text run at (0,17) width 551: "paragraph, with the origin image exactly centered in the paragraph. "
                  text run at (551,17) width 127: "This is because "
                RenderInline {CODE} at (0,0) size 64x17
                  RenderText {#text} at (678,17) size 64x17
                    text run at (678,17) width 64: "repeat-y"
                RenderText {#text} at (0,34) size 136x17
                  text run at (0,34) width 136: "specifies tiling in "
                RenderInline {EM} at (0,0) size 36x17
                  RenderText {#text} at (136,34) size 36x17
                    text run at (136,34) width 36: "both"
                RenderText {#text} at (172,34) size 749x34
                  text run at (172,34) width 200: " directions on the y-axis. "
                  text run at (372,34) width 377: "Note that this test is only valid if the user agent"
                  text run at (0,51) width 74: "supports "
                RenderInline {CODE} at (0,0) size 152x17
                  RenderText {#text} at (74,51) size 152x17
                    text run at (74,51) width 152: "background-position"
                RenderText {#text} at (226,51) size 44x17
                  text run at (226,51) width 44: " (see "
                RenderInline {A} at (0,0) size 75x17 [color=#0000FF]
                  RenderText {#text} at (270,51) size 75x17
                    text run at (270,51) width 75: "test 5.3.6"
                RenderText {#text} at (345,51) size 744x34
                  text run at (345,51) width 16: "). "
                  text run at (361,51) width 383: "I'll fill the paragraph with extra text to make the"
                  text run at (0,68) width 361: "conformance (or lack thereof) more obvious."
              RenderBlock {P} at (4,357) size 761x102 [bgcolor=#FF0000]
                RenderText {#text} at (0,0) size 745x34
                  text run at (0,0) width 745: "This paragraph should have a tiled background, with the origin image exactly centered in the"
                  text run at (0,17) width 94: "paragraph. "
                  text run at (94,17) width 127: "This is because "
                RenderInline {CODE} at (0,0) size 136x17
                  RenderText {#text} at (221,17) size 136x17
                    text run at (221,17) width 136: "background-repeat"
                RenderText {#text} at (357,17) size 141x17
                  text run at (357,17) width 141: " specifies tiling in "
                RenderInline {EM} at (0,0) size 18x17
                  RenderText {#text} at (498,17) size 18x17
                    text run at (498,17) width 18: "all"
                RenderText {#text} at (516,17) size 745x34
                  text run at (516,17) width 229: " directions, regardless of the"
                  text run at (0,34) width 229: "position of the origin image. "
                  text run at (229,34) width 451: "Note that this test is only valid if the user agent supports"
                RenderInline {CODE} at (0,0) size 152x17
                  RenderText {#text} at (0,51) size 152x17
                    text run at (0,51) width 152: "background-position"
                RenderText {#text} at (152,51) size 44x17
                  text run at (152,51) width 44: " (see "
                RenderInline {A} at (0,0) size 75x17 [color=#0000FF]
                  RenderText {#text} at (196,51) size 75x17
                    text run at (196,51) width 75: "test 5.3.6"
                RenderText {#text} at (271,51) size 732x51
                  text run at (271,51) width 16: "). "
                  text run at (287,51) width 383: "I'll fill the paragraph with extra text to make the"
                  text run at (0,68) width 366: "conformance (or lack thereof) more obvious. "
                  text run at (366,68) width 366: "A background color is present, although if it is"
                  text run at (0,85) width 395: "visible then the image has not bee correctly tiled."
              RenderBlock {P} at (4,475) size 761x68 [bgcolor=#FF0000]
                RenderText {#text} at (0,0) size 750x68
                  text run at (0,0) width 732: "This sentence should have a fully tiled background which starts at its center top; that is, the"
                  text run at (0,17) width 610: "background's origin should be the exact center of the top of the paragraph. "
                  text run at (610,17) width 140: "I'll fill it with extra"
                  text run at (0,34) width 504: "text to make the conformance (or lack thereof) more obvious. "
                  text run at (504,34) width 244: "A background color is present,"
                  text run at (0,51) width 582: "although if it is visible, then the image may not have been tiled correctly."
              RenderBlock {P} at (4,559) size 761x51 [bgcolor=#FF0000]
                RenderText {#text} at (0,0) size 761x51
                  text run at (0,0) width 621: "This sentence should have a fully tiled background which starts at its top left. "
                  text run at (621,0) width 140: "I'll fill it with extra"
                  text run at (0,17) width 504: "text to make the conformance (or lack thereof) more obvious. "
                  text run at (504,17) width 244: "A background color is present,"
                  text run at (0,34) width 582: "although if it is visible, then the image may not have been tiled correctly."
              RenderBlock {P} at (4,626) size 761x85 [bgcolor=#FF0000]
                RenderText {#text} at (0,0) size 746x85
                  text run at (0,0) width 726: "This sentence should have a fully tiled background which starts at its bottom right; in other"
                  text run at (0,17) width 746: "words, a complete instance of the image should be anchored in the bottom right corner, with"
                  text run at (0,34) width 382: "the tiled background extending out from there. "
                  text run at (382,34) width 278: "I'll fill it with extra text to make the"
                  text run at (0,51) width 366: "conformance (or lack thereof) more obvious. "
                  text run at (366,51) width 366: "A background color is present, although if it is"
                  text run at (0,68) width 460: "visible, then the image may not have been tiled correctly."
              RenderBlock {P} at (4,727) size 761x119 [bgcolor=#FF0000]
                RenderText {#text} at (0,0) size 761x119
                  text run at (0,0) width 739: "This sentence should have a fully tiled background which starts at its center and is tiled in all"
                  text run at (0,17) width 705: "directions; that is, the background's origin should be the exact center of the paragraph. "
                  text run at (705,17) width 55: "I'll fill it"
                  text run at (0,34) width 589: "with extra text to make the conformance (or lack thereof) more obvious. "
                  text run at (589,34) width 164: "In fact, a lot of extra"
                  text run at (0,51) width 396: "text will be necessary to make this at all obvious. "
                  text run at (396,51) width 365: "This is true because I am not able to increase"
                  text run at (0,68) width 730: "the text size without resorting to either headings or other CSS properties, neither of which I"
                  text run at (0,85) width 268: "want to use in this circumstance. "
                  text run at (268,85) width 307: "This ought to be enough text, though. "
                  text run at (575,85) width 173: "A background color is"
                  text run at (0,102) width 653: "present, although if it is visible, then the image may not have been tiled correctly."
