layer at (0,0) size 800x600
  RenderView at (0,0) size 800x600
layer at (0,0) size 800x600
  RenderBlock {HTML} at (0,0) size 800x600
    RenderBody {BODY} at (8,8) size 784x584 [bgcolor=#CCCCCC]
      RenderBlock {P} at (0,0) size 784x17
        RenderText {#text} at (0,0) size 452x17
          text run at (0,0) width 452: "The style declarations which apply to the text below are:"
      RenderBlock {PRE} at (0,33) size 784x34
        RenderText {#text} at (0,0) size 160x34
          text run at (0,0) width 160: ".one {color: green;}"
          text run at (160,0) width 0: " "
          text run at (0,17) width 0: " "
      RenderBlock {HR} at (0,80) size 784x2 [border: (1px inset #000000)]
      RenderBlock {P} at (0,98) size 784x17 [color=#008000]
        RenderText {#text} at (0,0) size 250x17
          text run at (0,0) width 250: "This sentence should be green."
      RenderBlock {P} at (0,131) size 784x17 [color=#008000]
        RenderText {#text} at (0,0) size 250x17
          text run at (0,0) width 250: "This sentence should be green."
      RenderTable {TABLE} at (0,164) size 273x85 [border: (1px outset #808080)]
        RenderTableSection {TBODY} at (1,1) size 271x83
          RenderTableRow {TR} at (0,0) size 271x25
            RenderTableCell {TD} at (0,0) size 271x25 [bgcolor=#C0C0C0] [border: (1px inset #808080)] [r=0 c=0 rs=1 cs=2]
              RenderInline {STRONG} at (0,0) size 200x17
                RenderText {#text} at (4,4) size 200x17
                  text run at (4,4) width 200: "TABLE Testing Section"
          RenderTableRow {TR} at (0,25) size 271x58
            RenderTableCell {TD} at (0,41) size 13x25 [bgcolor=#C0C0C0] [border: (1px inset #808080)] [r=1 c=0 rs=1 cs=1]
              RenderText {#text} at (4,4) size 5x17
                text run at (4,4) width 5: " "
            RenderTableCell {TD} at (13,25) size 258x58 [border: (1px inset #808080)] [r=1 c=1 rs=1 cs=1]
              RenderBlock {P} at (4,4) size 250x17 [color=#008000]
                RenderText {#text} at (0,0) size 250x17
                  text run at (0,0) width 250: "This sentence should be green."
              RenderBlock {P} at (4,37) size 250x17 [color=#008000]
                RenderText {#text} at (0,0) size 250x17
                  text run at (0,0) width 250: "This sentence should be green."
