layer at (0,0) size 800x600
  RenderView at (0,0) size 800x600
layer at (0,0) size 800x600
  RenderBlock {HTML} at (0,0) size 800x600
    RenderBody {BODY} at (8,8) size 784x584 [bgcolor=#CCCCCC]
      RenderBlock {P} at (0,0) size 784x17
        RenderText {#text} at (0,0) size 452x17
          text run at (0,0) width 452: "The style declarations which apply to the text below are:"
      RenderBlock {PRE} at (0,33) size 784x51
        RenderText {#text} at (0,0) size 256x51
          text run at (0,0) width 256: ".one {font-variant: small-caps;}"
          text run at (256,0) width 0: " "
          text run at (0,17) width 224: ".two {font-variant: normal;}"
          text run at (224,17) width 0: " "
          text run at (0,34) width 0: " "
      RenderBlock {HR} at (0,97) size 784x2 [border: (1px inset #000000)]
      RenderBlock {P} at (0,115) size 784x17
        RenderText {#text} at (0,0) size 321x17
          text run at (0,0) width 321: "This Paragraph should be in Small Caps."
      RenderBlock {P} at (0,148) size 784x17
        RenderText {#text} at (0,0) size 685x17
          text run at (0,0) width 685: "This Paragraph should be in Small Caps, but the Last Word in the Sentence should be "
        RenderInline {SPAN} at (0,0) size 59x17
          RenderText {#text} at (685,0) size 59x17
            text run at (685,0) width 59: "Normal"
        RenderText {#text} at (744,0) size 5x17
          text run at (744,0) width 5: "."
      RenderTable {TABLE} at (0,181) size 772x85 [border: (1px outset #808080)]
        RenderTableSection {TBODY} at (1,1) size 770x83
          RenderTableRow {TR} at (0,0) size 770x25
            RenderTableCell {TD} at (0,0) size 770x25 [bgcolor=#C0C0C0] [border: (1px inset #808080)] [r=0 c=0 rs=1 cs=2]
              RenderInline {STRONG} at (0,0) size 200x17
                RenderText {#text} at (4,4) size 200x17
                  text run at (4,4) width 200: "TABLE Testing Section"
          RenderTableRow {TR} at (0,25) size 770x58
            RenderTableCell {TD} at (0,41) size 13x25 [bgcolor=#C0C0C0] [border: (1px inset #808080)] [r=1 c=0 rs=1 cs=1]
              RenderText {#text} at (4,4) size 5x17
                text run at (4,4) width 5: " "
            RenderTableCell {TD} at (13,25) size 757x58 [border: (1px inset #808080)] [r=1 c=1 rs=1 cs=1]
              RenderBlock {P} at (4,4) size 749x17
                RenderText {#text} at (0,0) size 321x17
                  text run at (0,0) width 321: "This Paragraph should be in Small Caps."
              RenderBlock {P} at (4,37) size 749x17
                RenderText {#text} at (0,0) size 685x17
                  text run at (0,0) width 685: "This Paragraph should be in Small Caps, but the Last Word in the Sentence should be "
                RenderInline {SPAN} at (0,0) size 59x17
                  RenderText {#text} at (685,0) size 59x17
                    text run at (685,0) width 59: "Normal"
                RenderText {#text} at (744,0) size 5x17
                  text run at (744,0) width 5: "."
